
============ PROCESS INFORMATION =============
# Servalcat ver. 0.4.128 (Python 3.9.18)
# Library vers. gemmi 0.7.4, scipy 1.7.3, numpy 1.19.5, pandas 1.3.5
# Started on 2026-06-14 11:42:39.013632
# Host: Mac.lan User: hilgersmt
# Command-line:
# servalcat --logfile cys-epx_link_TMP/LIG_for_link_TMP/servalcat.log refine_geom --update_dictionary cys-epx_link_TMP/LIG_for_link_TMP/mol_1_conf_15_init.cif -o cys-epx_link_TMP/LIG_for_link_TMP/mol_1_conf_15 --randomize 0.01
Config loaded
--
refine:
  atom_selection:
    xyz:
      include:
      - '*'
      exclude: []
      exclude_restraint: []
    adp:
      include: []
      exclude: []
      exclude_restraint: []
    occ:
      include: []
      exclude: []
      exclude_restraint: []
    dfrac:
      include: []
      exclude: []
      exclude_restraint: []
  occ_groups: []
  occ_group_constraints: []
  occ_group_const_mu: 10.0
  occ_group_const_mu_update_factor: 1.1
  occ_group_const_mu_update_tol_rel: 0.25
  occ_group_const_mu_update_tol_abs: 0.01
  initialisation:
    adp: {}
    occ: {}
    dfrac: {}
  write_trajectory: false
--
Reading monomers from /Applications/ccp4-9/lib/data/monomers/
Monomer not in the library: LIG.
Reading monomer: cys-epx_link_TMP/LIG_for_link_TMP/mol_1_conf_15_init.cif
Monomer library loaded: 1 monomers, 109 links, 133 modifications
       loaded monomers: LIG

Checking if unknown atoms exist..
Creating restraints..

Chain info:
 chain 
  ligands: LIG (1 residues)

Number of refinement parameters:
       n_params  n_atoms  n_atoms_geom_only  n_atoms_data_only
xyz          11       11                  0                  0
adp           0        0                  0                  0
occ           0        0                  0                  0
dfrac         0        0                  0                  0

Randomizing structure with rmsd of 0.01
Torsion angle rules:
 include:
  {'group': 'peptide', 'tors_name': 'chi*'}
  {'link': '*', 'tors_name': 'omega'}
  {'residue': '*', 'tors_name': 'sp2_sp2*'}
  {'link': '*', 'tors_name': 'sp2_sp2*'}
 exclude:
  none
External restraints from Refmac instructions
 Number of distances          : 0
 Number of angles             : 0
 Number of torsions           : 0
 Number of chirals            : 0
 Number of planes             : 0
 Number of intervals          : 0
 Number of stackings          : 0
 Number of harmonics          : 0
 Number of special positions  : 0

Running 10 cycles with wchir=4 wvdw=2 without hydrogen
Geometry weights
vdws = 14
atoms = 11
pairs = 37
 *** Bond distances outliers (Z >= 5) ***

    atom1     atom2  value  ideal  sigma     z
/LIG 1/C3 /LIG 1/O7  1.376  1.251  0.018 6.817

                       N restraints  r.m.s.d.  r.m.s.Z  Mn(sigma)
Bond distances, non H            11     0.048    2.835      0.016
Bond angles, non H               15     5.365    2.261      2.300
Chiral centres                    3     0.109    1.222      0.120
Planar groups                     4     0.003    0.141      0.020
VDW nonbonded                     1     0.094    0.471      0.200
VDW torsion                       6     0.211    1.055      0.200


====== CYCLE  1 ======

 weight = 1.0000e+00
 geom_x = 132.17694698845304
 geom_a = 0
 geom_q = 0
 geom_c = 0.0
f0= 1.3218e+02
using cgsolve in c++, ic=False
diag(geom) min= 528.605522 max= 30042.697162
diag(all) min= 528.605522 max= 30042.697162
Trying gamma equal 0.000000
Not converging with gamma equal 0.000000
Trying gamma equal 0.052500
Gamma decreased to 0.042000
min(dx) = -0.06901669148235948
max(dx) = 0.11377072819228133
mean(dx)= 0.00950408017277229
vdws = 13
atoms = 11
pairs = 36
 geom_x = 21.555855021188254
 geom_a = 0
 geom_q = 0
 geom_c = 0.0
f1, 0= 2.1556e+01
                       N restraints  r.m.s.d.  r.m.s.Z  Mn(sigma)
Bond distances, non H            11     0.011    0.588      0.016
Bond angles, non H               15     3.001    1.009      2.300
Chiral centres                    3     0.015    0.160      0.120
Planar groups                     4     0.001    0.044      0.020
VDW nonbonded                     1     0.002    0.008      0.200
VDW torsion                       5     0.214    1.068      0.200



====== CYCLE  2 ======

 weight = 1.0000e+00
 geom_x = 21.555855021188254
 geom_a = 0
 geom_q = 0
 geom_c = 0.0
f0= 2.1556e+01
using cgsolve in c++, ic=False
diag(geom) min= 601.692057 max= 30940.095492
diag(all) min= 601.692057 max= 30940.095492
Trying gamma equal 0.042000
Convergence reached after 26 iterations with no gamma cycles
min(dx) = -0.03333415423913455
max(dx) = 0.06564004604739355
mean(dx)= 0.007099123917200143
vdws = 13
atoms = 11
pairs = 36
 geom_x = 16.814219943848705
 geom_a = 0
 geom_q = 0
 geom_c = 0.0
f1, 0= 1.6814e+01
                       N restraints  r.m.s.d.  r.m.s.Z  Mn(sigma)
Bond distances, non H            11     0.010    0.539      0.016
Bond angles, non H               15     2.252    0.756      2.300
Chiral centres                    3     0.004    0.042      0.120
Planar groups                     4     0.000    0.016      0.020
VDW torsion                       5     0.209    1.043      0.200



====== CYCLE  3 ======

 weight = 1.0000e+00
 geom_x = 16.814219943848705
 geom_a = 0
 geom_q = 0
 geom_c = 0.0
f0= 1.6814e+01
using cgsolve in c++, ic=False
diag(geom) min= 470.148324 max= 30679.974569
diag(all) min= 470.148324 max= 30679.974569
Trying gamma equal 0.042000
Convergence reached after 25 iterations with no gamma cycles
min(dx) = -0.023226229898326508
max(dx) = 0.04701918726268035
mean(dx)= 0.004482087679587336
vdws = 13
atoms = 11
pairs = 36
 geom_x = 14.86307188579986
 geom_a = 0
 geom_q = 0
 geom_c = 0.0
f1, 0= 1.4863e+01
                       N restraints  r.m.s.d.  r.m.s.Z  Mn(sigma)
Bond distances, non H            11     0.010    0.535      0.016
Bond angles, non H               15     2.029    0.683      2.300
Chiral centres                    3     0.005    0.056      0.120
Planar groups                     4     0.000    0.019      0.020
VDW torsion                       5     0.197    0.986      0.200



====== CYCLE  4 ======

 weight = 1.0000e+00
 geom_x = 14.86307188579986
 geom_a = 0
 geom_q = 0
 geom_c = 0.0
f0= 1.4863e+01
using cgsolve in c++, ic=False
diag(geom) min= 465.591665 max= 30325.817551
diag(all) min= 465.591665 max= 30325.817551
Trying gamma equal 0.042000
Convergence reached after 25 iterations with no gamma cycles
min(dx) = -0.01663037845022254
max(dx) = 0.03308638848314458
mean(dx)= 0.0032662848610928866
vdws = 13
atoms = 11
pairs = 36
 geom_x = 13.891198607579508
 geom_a = 0
 geom_q = 0
 geom_c = 0.0
f1, 0= 1.3891e+01
                       N restraints  r.m.s.d.  r.m.s.Z  Mn(sigma)
Bond distances, non H            11     0.010    0.539      0.016
Bond angles, non H               15     1.966    0.662      2.300
Chiral centres                    3     0.006    0.063      0.120
Planar groups                     4     0.000    0.017      0.020
VDW torsion                       5     0.189    0.944      0.200



====== CYCLE  5 ======

 weight = 1.0000e+00
 geom_x = 13.891198607579508
 geom_a = 0
 geom_q = 0
 geom_c = 0.0
f0= 1.3891e+01
using cgsolve in c++, ic=False
diag(geom) min= 462.692340 max= 30064.965001
diag(all) min= 462.692340 max= 30064.965001
Trying gamma equal 0.042000
Convergence reached after 26 iterations with no gamma cycles
min(dx) = -0.011594149754939094
max(dx) = 0.02299547981141466
mean(dx)= 0.0023897849918759853
vdws = 13
atoms = 11
pairs = 36
 geom_x = 13.38338200971591
 geom_a = 0
 geom_q = 0
 geom_c = 0.0
f1, 0= 1.3383e+01
                       N restraints  r.m.s.d.  r.m.s.Z  Mn(sigma)
Bond distances, non H            11     0.010    0.544      0.016
Bond angles, non H               15     1.959    0.660      2.300
Chiral centres                    3     0.007    0.066      0.120
Planar groups                     4     0.000    0.014      0.020
VDW torsion                       5     0.183    0.915      0.200



====== CYCLE  6 ======

 weight = 1.0000e+00
 geom_x = 13.38338200971591
 geom_a = 0
 geom_q = 0
 geom_c = 0.0
f0= 1.3383e+01
using cgsolve in c++, ic=False
diag(geom) min= 461.653527 max= 29883.271596
diag(all) min= 461.653527 max= 29883.271596
Trying gamma equal 0.042000
Convergence reached after 27 iterations with no gamma cycles
min(dx) = -0.007821522796228263
max(dx) = 0.01578471414147645
mean(dx)= 0.0017728352045731585
vdws = 13
atoms = 11
pairs = 36
 geom_x = 13.110769785559201
 geom_a = 0
 geom_q = 0
 geom_c = 0.0
f1, 0= 1.3111e+01
                       N restraints  r.m.s.d.  r.m.s.Z  Mn(sigma)
Bond distances, non H            11     0.010    0.550      0.016
Bond angles, non H               15     1.970    0.664      2.300
Chiral centres                    3     0.007    0.068      0.120
Planar groups                     4     0.000    0.012      0.020
VDW torsion                       4     0.200    1.002      0.200



====== CYCLE  7 ======

 weight = 1.0000e+00
 geom_x = 13.110769785559201
 geom_a = 0
 geom_q = 0
 geom_c = 0.0
f0= 1.3111e+01
using cgsolve in c++, ic=False
diag(geom) min= 461.555561 max= 29760.044834
diag(all) min= 461.555561 max= 29760.044834
Trying gamma equal 0.042000
Not converging with gamma equal 0.042000
Trying gamma equal 0.094500
Not converging with gamma equal 0.094500
Trying gamma equal 0.149625
Not converging with gamma equal 0.149625
Trying gamma equal 0.207506
Gamma decreased to 0.195930
min(dx) = -0.0014962600974064225
max(dx) = 0.0029688431169187187
mean(dx)= 0.00034427716660760714
vdws = 13
atoms = 11
pairs = 36
 geom_x = 13.067952482967858
 geom_a = 0
 geom_q = 0
 geom_c = 0.0
f1, 0= 1.3068e+01
                       N restraints  r.m.s.d.  r.m.s.Z  Mn(sigma)
Bond distances, non H            11     0.010    0.550      0.016
Bond angles, non H               15     1.972    0.664      2.300
Chiral centres                    3     0.007    0.070      0.120
Planar groups                     4     0.000    0.012      0.020
VDW torsion                       4     0.200    0.999      0.200



====== CYCLE  8 ======

 weight = 1.0000e+00
 geom_x = 13.067952482967858
 geom_a = 0
 geom_q = 0
 geom_c = 0.0
f0= 1.3068e+01
using cgsolve in c++, ic=False
diag(geom) min= 461.490368 max= 29736.733945
diag(all) min= 461.490368 max= 29736.733945
Trying gamma equal 0.195930
Convergence reached after 15 iterations with no gamma cycles
min(dx) = -0.0013938657646617525
max(dx) = 0.002914735102307418
mean(dx)= 0.0003343471982645338
vdws = 13
atoms = 11
pairs = 36
 geom_x = 13.028691084058206
 geom_a = 0
 geom_q = 0
 geom_c = 0.0
f1, 0= 1.3029e+01
                       N restraints  r.m.s.d.  r.m.s.Z  Mn(sigma)
Bond distances, non H            11     0.010    0.551      0.016
Bond angles, non H               15     1.974    0.665      2.300
Chiral centres                    3     0.007    0.070      0.120
Planar groups                     4     0.000    0.011      0.020
VDW torsion                       4     0.199    0.995      0.200



====== CYCLE  9 ======

 weight = 1.0000e+00
 geom_x = 13.028691084058206
 geom_a = 0
 geom_q = 0
 geom_c = 0.0
f0= 1.3029e+01
using cgsolve in c++, ic=False
diag(geom) min= 461.499900 max= 29715.746298
diag(all) min= 461.499900 max= 29715.746298
Trying gamma equal 0.195930
Convergence reached after 15 iterations with no gamma cycles
min(dx) = -0.001249900601118786
max(dx) = 0.0026722148651345807
mean(dx)= 0.00030984734631955726
vdws = 13
atoms = 11
pairs = 36
 geom_x = 12.994579107247576
 geom_a = 0
 geom_q = 0
 geom_c = 0.0
f1, 0= 1.2995e+01
                       N restraints  r.m.s.d.  r.m.s.Z  Mn(sigma)
Bond distances, non H            11     0.010    0.552      0.016
Bond angles, non H               15     1.977    0.666      2.300
Chiral centres                    3     0.007    0.070      0.120
Planar groups                     4     0.000    0.010      0.020
VDW torsion                       4     0.198    0.992      0.200



====== CYCLE 10 ======

 weight = 1.0000e+00
 geom_x = 12.994579107247576
 geom_a = 0
 geom_q = 0
 geom_c = 0.0
f0= 1.2995e+01
using cgsolve in c++, ic=False
diag(geom) min= 461.562530 max= 29696.681607
diag(all) min= 461.562530 max= 29696.681607
Trying gamma equal 0.195930
Convergence reached after 15 iterations with no gamma cycles
min(dx) = -0.0011190308328062563
max(dx) = 0.002483124963999974
mean(dx)= 0.00028842676848479695
vdws = 13
atoms = 11
pairs = 36
 geom_x = 12.964896680496402
 geom_a = 0
 geom_q = 0
 geom_c = 0.0
f1, 0= 1.2965e+01
                       N restraints  r.m.s.d.  r.m.s.Z  Mn(sigma)
Bond distances, non H            11     0.010    0.553      0.016
Bond angles, non H               15     1.981    0.667      2.300
Chiral centres                    3     0.007    0.070      0.120
Planar groups                     4     0.000    0.010      0.020
VDW torsion                       4     0.198    0.989      0.200


$TABLE: stats vs cycle :
$GRAPHS
: Geometry :A:1,2,4:
: Geometry Z :A:1,5,3:
$$
 Ncyc  rmsBOND  zBOND  rmsANGL  zANGL
$$
$$
    0   0.0476 2.8349   5.3652 2.2607
    1   0.0111 0.5882   3.0014 1.0092
    2   0.0100 0.5394   2.2523 0.7563
    3   0.0100 0.5350   2.0291 0.6826
    4   0.0101 0.5386   1.9657 0.6618
    5   0.0102 0.5445   1.9593 0.6599
    6   0.0103 0.5502   1.9702 0.6636
    7   0.0103 0.5498   1.9717 0.6642
    8   0.0103 0.5508   1.9743 0.6651
    9   0.0103 0.5519   1.9774 0.6661
   10   0.0104 0.5530   1.9806 0.6672
$$

Running 30 cycles with wchir=1 wvdw=2 without hydrogen
Geometry weights
vdws = 13
atoms = 11
pairs = 36
                       N restraints  r.m.s.d.  r.m.s.Z  Mn(sigma)
Bond distances, non H            11     0.010    0.553      0.016
Bond angles, non H               15     1.981    0.667      2.300
Chiral centres                    3     0.007    0.070      0.120
Planar groups                     4     0.000    0.010      0.020
VDW torsion                       4     0.198    0.989      0.200


====== CYCLE  1 ======

 weight = 1.0000e+00
 geom_x = 12.853179580198216
 geom_a = 0
 geom_q = 0
 geom_c = 0.0
f0= 1.2853e+01
using cgsolve in c++, ic=False
diag(geom) min= 285.092282 max= 12547.456860
diag(all) min= 285.092282 max= 12547.456860
Trying gamma equal 0.195930
Convergence reached after 17 iterations with no gamma cycles
min(dx) = -0.010421933146190793
max(dx) = 0.016312546575387377
mean(dx)= -0.0001408509557097369
vdws = 13
atoms = 11
pairs = 36
 geom_x = 12.089075227457243
 geom_a = 0
 geom_q = 0
 geom_c = 0.0
f1, 0= 1.2089e+01
                       N restraints  r.m.s.d.  r.m.s.Z  Mn(sigma)
Bond distances, non H            11     0.007    0.388      0.016
Bond angles, non H               15     2.162    0.725      2.300
Chiral centres                    3     0.046    0.472      0.120
Planar groups                     4     0.000    0.003      0.020
VDW torsion                       4     0.187    0.934      0.200



====== CYCLE  2 ======

 weight = 1.0000e+00
 geom_x = 12.089075227457243
 geom_a = 0
 geom_q = 0
 geom_c = 0.0
f0= 1.2089e+01
using cgsolve in c++, ic=False
diag(geom) min= 270.343857 max= 12567.284853
diag(all) min= 270.343857 max= 12567.284853
Trying gamma equal 0.195930
Convergence reached after 18 iterations with no gamma cycles
min(dx) = -0.0027463947464167067
max(dx) = 0.003647667998513396
mean(dx)= 2.6650450255309552e-05
vdws = 13
atoms = 11
pairs = 36
 geom_x = 12.0306635455525
 geom_a = 0
 geom_q = 0
 geom_c = 0.0
f1, 0= 1.2031e+01
                       N restraints  r.m.s.d.  r.m.s.Z  Mn(sigma)
Bond distances, non H            11     0.007    0.375      0.016
Bond angles, non H               15     2.212    0.742      2.300
Chiral centres                    3     0.052    0.525      0.120
Planar groups                     4     0.000    0.002      0.020
VDW torsion                       4     0.183    0.916      0.200



====== CYCLE  3 ======

 weight = 1.0000e+00
 geom_x = 12.0306635455525
 geom_a = 0
 geom_q = 0
 geom_c = 0.0
f0= 1.2031e+01
using cgsolve in c++, ic=False
diag(geom) min= 270.578196 max= 12569.759000
diag(all) min= 270.578196 max= 12569.759000
Trying gamma equal 0.195930
Convergence reached after 17 iterations with no gamma cycles
min(dx) = -0.0019265201078726398
max(dx) = 0.004189871177911196
mean(dx)= 9.719969103648565e-05
vdws = 13
atoms = 11
pairs = 36
 geom_x = 11.997108573331294
 geom_a = 0
 geom_q = 0
 geom_c = 0.0
f1, 0= 1.1997e+01
                       N restraints  r.m.s.d.  r.m.s.Z  Mn(sigma)
Bond distances, non H            11     0.007    0.375      0.016
Bond angles, non H               15     2.231    0.748      2.300
Chiral centres                    3     0.053    0.535      0.120
Planar groups                     4     0.000    0.003      0.020
VDW torsion                       4     0.182    0.908      0.200



====== CYCLE  4 ======

 weight = 1.0000e+00
 geom_x = 11.997108573331294
 geom_a = 0
 geom_q = 0
 geom_c = 0.0
f0= 1.1997e+01
using cgsolve in c++, ic=False
diag(geom) min= 273.883149 max= 12568.448932
diag(all) min= 273.883149 max= 12568.448932
Trying gamma equal 0.195930
Convergence reached after 15 iterations with no gamma cycles
min(dx) = -0.00172653443748961
max(dx) = 0.004159007560109064
mean(dx)= 0.0001109227423280643
vdws = 13
atoms = 11
pairs = 36
 geom_x = 11.971651026473062
 geom_a = 0
 geom_q = 0
 geom_c = 0.0
f1, 0= 1.1972e+01
                       N restraints  r.m.s.d.  r.m.s.Z  Mn(sigma)
Bond distances, non H            11     0.007    0.377      0.016
Bond angles, non H               15     2.241    0.752      2.300
Chiral centres                    3     0.053    0.538      0.120
Planar groups                     4     0.000    0.003      0.020
VDW torsion                       4     0.181    0.903      0.200



====== CYCLE  5 ======

 weight = 1.0000e+00
 geom_x = 11.971651026473062
 geom_a = 0
 geom_q = 0
 geom_c = 0.0
f0= 1.1972e+01
using cgsolve in c++, ic=False
diag(geom) min= 277.661318 max= 12566.237582
diag(all) min= 277.661318 max= 12566.237582
Trying gamma equal 0.195930
Convergence reached after 15 iterations with no gamma cycles
min(dx) = -0.0015544355878497548
max(dx) = 0.003784930497400606
mean(dx)= 0.00010622143594851643
vdws = 13
atoms = 11
pairs = 36
 geom_x = 11.951585975278226
 geom_a = 0
 geom_q = 0
 geom_c = 0.0
f1, 0= 1.1952e+01
                       N restraints  r.m.s.d.  r.m.s.Z  Mn(sigma)
Bond distances, non H            11     0.007    0.378      0.016
Bond angles, non H               15     2.248    0.754      2.300
Chiral centres                    3     0.054    0.539      0.120
Planar groups                     4     0.000    0.003      0.020
VDW torsion                       4     0.180    0.899      0.200



====== CYCLE  6 ======

 weight = 1.0000e+00
 geom_x = 11.951585975278226
 geom_a = 0
 geom_q = 0
 geom_c = 0.0
f0= 1.1952e+01
using cgsolve in c++, ic=False
diag(geom) min= 281.301001 max= 12563.874347
diag(all) min= 281.301001 max= 12563.874347
Trying gamma equal 0.195930
Convergence reached after 14 iterations with no gamma cycles
min(dx) = -0.0014013859392248325
max(dx) = 0.003376796658235594
mean(dx)= 9.652596725792762e-05
vdws = 13
atoms = 11
pairs = 36
 geom_x = 11.93557323974072
 geom_a = 0
 geom_q = 0
 geom_c = 0.0
f1, 0= 1.1936e+01
                       N restraints  r.m.s.d.  r.m.s.Z  Mn(sigma)
Bond distances, non H            11     0.007    0.378      0.016
Bond angles, non H               15     2.253    0.756      2.300
Chiral centres                    3     0.054    0.540      0.120
Planar groups                     4     0.000    0.002      0.020
VDW torsion                       4     0.179    0.896      0.200



====== CYCLE  7 ======

 weight = 1.0000e+00
 geom_x = 11.93557323974072
 geom_a = 0
 geom_q = 0
 geom_c = 0.0
f0= 1.1936e+01
using cgsolve in c++, ic=False
diag(geom) min= 284.669771 max= 12561.587078
diag(all) min= 284.669771 max= 12561.587078
Trying gamma equal 0.195930
Convergence reached after 14 iterations with no gamma cycles
min(dx) = -0.0013374712458236189
max(dx) = 0.0030038360388758016
mean(dx)= 8.626026550753186e-05
vdws = 13
atoms = 11
pairs = 36
 geom_x = 11.922685910421222
 geom_a = 0
 geom_q = 0
 geom_c = 0.0
f1, 0= 1.1923e+01
                       N restraints  r.m.s.d.  r.m.s.Z  Mn(sigma)
Bond distances, non H            11     0.007    0.379      0.016
Bond angles, non H               15     2.257    0.757      2.300
Chiral centres                    3     0.054    0.541      0.120
Planar groups                     4     0.000    0.002      0.020
VDW torsion                       4     0.179    0.894      0.200



====== CYCLE  8 ======

 weight = 1.0000e+00
 geom_x = 11.922685910421222
 geom_a = 0
 geom_q = 0
 geom_c = 0.0
f0= 1.1923e+01
using cgsolve in c++, ic=False
diag(geom) min= 287.758916 max= 12559.443135
diag(all) min= 287.758916 max= 12559.443135
Trying gamma equal 0.195930
Convergence reached after 14 iterations with no gamma cycles
min(dx) = -0.0012859388117820601
max(dx) = 0.0026763227626781655
mean(dx)= 7.672555489065919e-05
vdws = 13
atoms = 11
pairs = 36
 geom_x = 11.912227139217219
 geom_a = 0
 geom_q = 0
 geom_c = 0.0
f1, 0= 1.1912e+01
                       N restraints  r.m.s.d.  r.m.s.Z  Mn(sigma)
Bond distances, non H            11     0.007    0.380      0.016
Bond angles, non H               15     2.261    0.758      2.300
Chiral centres                    3     0.054    0.542      0.120
Planar groups                     4     0.000    0.002      0.020
VDW torsion                       4     0.178    0.892      0.200



====== CYCLE  9 ======

 weight = 1.0000e+00
 geom_x = 11.912227139217219
 geom_a = 0
 geom_q = 0
 geom_c = 0.0
f0= 1.1912e+01
using cgsolve in c++, ic=False
diag(geom) min= 290.589875 max= 12557.456784
diag(all) min= 290.589875 max= 12557.456784
Trying gamma equal 0.195930
Convergence reached after 14 iterations with no gamma cycles
min(dx) = -0.0012381843862170026
max(dx) = 0.0023907477672007525
mean(dx)= 6.82366746808271e-05
vdws = 13
atoms = 11
pairs = 36
 geom_x = 11.903662049725774
 geom_a = 0
 geom_q = 0
 geom_c = 0.0
f1, 0= 1.1904e+01
                       N restraints  r.m.s.d.  r.m.s.Z  Mn(sigma)
Bond distances, non H            11     0.007    0.380      0.016
Bond angles, non H               15     2.264    0.759      2.300
Chiral centres                    3     0.054    0.542      0.120
Planar groups                     4     0.000    0.002      0.020
VDW torsion                       4     0.178    0.890      0.200



====== CYCLE 10 ======

 weight = 1.0000e+00
 geom_x = 11.903662049725774
 geom_a = 0
 geom_q = 0
 geom_c = 0.0
f0= 1.1904e+01
using cgsolve in c++, ic=False
diag(geom) min= 293.188923 max= 12555.623392
diag(all) min= 293.188923 max= 12555.623392
Trying gamma equal 0.195930
Convergence reached after 13 iterations with no gamma cycles
min(dx) = -0.001193746126123108
max(dx) = 0.0021413574885837568
mean(dx)= 6.077631644222795e-05
vdws = 13
atoms = 11
pairs = 36
 geom_x = 11.89657762765447
 geom_a = 0
 geom_q = 0
 geom_c = 0.0
f1, 0= 1.1897e+01
                       N restraints  r.m.s.d.  r.m.s.Z  Mn(sigma)
Bond distances, non H            11     0.007    0.381      0.016
Bond angles, non H               15     2.267    0.760      2.300
Chiral centres                    3     0.054    0.542      0.120
Planar groups                     4     0.000    0.002      0.020
VDW torsion                       4     0.178    0.889      0.200



====== CYCLE 11 ======

 weight = 1.0000e+00
 geom_x = 11.89657762765447
 geom_a = 0
 geom_q = 0
 geom_c = 0.0
f0= 1.1897e+01
using cgsolve in c++, ic=False
diag(geom) min= 295.580772 max= 12553.932062
diag(all) min= 295.580772 max= 12553.932062
Trying gamma equal 0.195930
Convergence reached after 13 iterations with no gamma cycles
min(dx) = -0.0011523999577497603
max(dx) = 0.0019229073049272984
mean(dx)= 5.425251820647181e-05
vdws = 13
atoms = 11
pairs = 36
 geom_x = 11.890654255027655
 geom_a = 0
 geom_q = 0
 geom_c = 0.0
f1, 0= 1.1891e+01
                       N restraints  r.m.s.d.  r.m.s.Z  Mn(sigma)
Bond distances, non H            11     0.007    0.381      0.016
Bond angles, non H               15     2.269    0.761      2.300
Chiral centres                    3     0.054    0.543      0.120
Planar groups                     4     0.000    0.002      0.020
VDW torsion                       4     0.178    0.888      0.200



====== CYCLE 12 ======

 weight = 1.0000e+00
 geom_x = 11.890654255027655
 geom_a = 0
 geom_q = 0
 geom_c = 0.0
f0= 1.1891e+01
using cgsolve in c++, ic=False
diag(geom) min= 297.787464 max= 12552.370287
diag(all) min= 297.787464 max= 12552.370287
Trying gamma equal 0.195930
Convergence reached after 13 iterations with no gamma cycles
min(dx) = -0.0011139383189173618
max(dx) = 0.0017309434716025391
mean(dx)= 4.854155959931677e-05
vdws = 13
atoms = 11
pairs = 36
 geom_x = 11.88564430966289
 geom_a = 0
 geom_q = 0
 geom_c = 0.0
f1, 0= 1.1886e+01
                       N restraints  r.m.s.d.  r.m.s.Z  Mn(sigma)
Bond distances, non H            11     0.007    0.382      0.016
Bond angles, non H               15     2.271    0.762      2.300
Chiral centres                    3     0.054    0.543      0.120
Planar groups                     4     0.000    0.001      0.020
VDW torsion                       4     0.177    0.887      0.200



====== CYCLE 13 ======

 weight = 1.0000e+00
 geom_x = 11.88564430966289
 geom_a = 0
 geom_q = 0
 geom_c = 0.0
f0= 1.1886e+01
using cgsolve in c++, ic=False
diag(geom) min= 299.828342 max= 12550.925797
diag(all) min= 299.828342 max= 12550.925797
Trying gamma equal 0.195930
Convergence reached after 13 iterations with no gamma cycles
min(dx) = -0.0010781365904973964
max(dx) = 0.0015618516464474524
mean(dx)= 4.353775919489876e-05
vdws = 13
atoms = 11
pairs = 36
 geom_x = 11.881355786079006
 geom_a = 0
 geom_q = 0
 geom_c = 0.0
f1, 0= 1.1881e+01
                       N restraints  r.m.s.d.  r.m.s.Z  Mn(sigma)
Bond distances, non H            11     0.007    0.382      0.016
Bond angles, non H               15     2.272    0.762      2.300
Chiral centres                    3     0.054    0.543      0.120
Planar groups                     4     0.000    0.001      0.020
VDW torsion                       4     0.177    0.886      0.200



====== CYCLE 14 ======

 weight = 1.0000e+00
 geom_x = 11.881355786079006
 geom_a = 0
 geom_q = 0
 geom_c = 0.0
f0= 1.1881e+01
using cgsolve in c++, ic=False
diag(geom) min= 301.720501 max= 12549.587093
diag(all) min= 301.720501 max= 12549.587093
Trying gamma equal 0.195930
Convergence reached after 13 iterations with no gamma cycles
min(dx) = -0.00104476260644869
max(dx) = 0.0014126262936307685
mean(dx)= 3.914827658081741e-05
vdws = 13
atoms = 11
pairs = 36
 geom_x = 11.877639680190885
 geom_a = 0
 geom_q = 0
 geom_c = 0.0
f1, 0= 1.1878e+01
                       N restraints  r.m.s.d.  r.m.s.Z  Mn(sigma)
Bond distances, non H            11     0.007    0.382      0.016
Bond angles, non H               15     2.274    0.763      2.300
Chiral centres                    3     0.054    0.543      0.120
Planar groups                     4     0.000    0.001      0.020
VDW torsion                       4     0.177    0.885      0.200



====== CYCLE 15 ======

 weight = 1.0000e+00
 geom_x = 11.877639680190885
 geom_a = 0
 geom_q = 0
 geom_c = 0.0
f0= 1.1878e+01
using cgsolve in c++, ic=False
diag(geom) min= 303.479108 max= 12548.343622
diag(all) min= 303.479108 max= 12548.343622
Trying gamma equal 0.195930
Convergence reached after 13 iterations with no gamma cycles
min(dx) = -0.0010135874066515842
max(dx) = 0.0012807374913871117
mean(dx)= 3.5293406780482605e-05
vdws = 13
atoms = 11
pairs = 36
 geom_x = 11.874380250400748
 geom_a = 0
 geom_q = 0
 geom_c = 0.0
f1, 0= 1.1874e+01
                       N restraints  r.m.s.d.  r.m.s.Z  Mn(sigma)
Bond distances, non H            11     0.007    0.383      0.016
Bond angles, non H               15     2.275    0.763      2.300
Chiral centres                    3     0.054    0.543      0.120
Planar groups                     4     0.000    0.001      0.020
VDW torsion                       4     0.177    0.885      0.200



====== CYCLE 16 ======

 weight = 1.0000e+00
 geom_x = 11.874380250400748
 geom_a = 0
 geom_q = 0
 geom_c = 0.0
f0= 1.1874e+01
using cgsolve in c++, ic=False
diag(geom) min= 305.117669 max= 12547.185805
diag(all) min= 305.117669 max= 12547.185805
Trying gamma equal 0.195930
Convergence reached after 13 iterations with no gamma cycles
min(dx) = -0.0009843942244629166
max(dx) = 0.0011640276161580699
mean(dx)= 3.1904809385380826e-05
vdws = 13
atoms = 11
pairs = 36
 geom_x = 11.871487492002462
 geom_a = 0
 geom_q = 0
 geom_c = 0.0
f1, 0= 1.1871e+01
                       N restraints  r.m.s.d.  r.m.s.Z  Mn(sigma)
Bond distances, non H            11     0.007    0.383      0.016
Bond angles, non H               15     2.276    0.763      2.300
Chiral centres                    3     0.055    0.544      0.120
Planar groups                     4     0.000    0.001      0.020
VDW torsion                       4     0.177    0.884      0.200



====== CYCLE 17 ======

 weight = 1.0000e+00
 geom_x = 11.871487492002462
 geom_a = 0
 geom_q = 0
 geom_c = 0.0
f0= 1.1871e+01
using cgsolve in c++, ic=False
diag(geom) min= 306.648241 max= 12546.104996
diag(all) min= 306.648241 max= 12546.104996
Trying gamma equal 0.195930
Convergence reached after 13 iterations with no gamma cycles
min(dx) = -0.0009569835332642382
max(dx) = 0.0010606380370851952
mean(dx)= 2.8923651405704846e-05
vdws = 13
atoms = 11
pairs = 36
 geom_x = 11.868891319459372
 geom_a = 0
 geom_q = 0
 geom_c = 0.0
f1, 0= 1.1869e+01
                       N restraints  r.m.s.d.  r.m.s.Z  Mn(sigma)
Bond distances, non H            11     0.007    0.383      0.016
Bond angles, non H               15     2.277    0.764      2.300
Chiral centres                    3     0.055    0.544      0.120
Planar groups                     4     0.000    0.001      0.020
VDW torsion                       4     0.177    0.884      0.200



====== CYCLE 18 ======

 weight = 1.0000e+00
 geom_x = 11.868891319459372
 geom_a = 0
 geom_q = 0
 geom_c = 0.0
f0= 1.1869e+01
using cgsolve in c++, ic=False
diag(geom) min= 308.081595 max= 12545.093415
diag(all) min= 308.081595 max= 12545.093415
Trying gamma equal 0.195930
Convergence reached after 13 iterations with no gamma cycles
min(dx) = -0.0009311750190761507
max(dx) = 0.0009689561649588372
mean(dx)= 2.629904337132099e-05
vdws = 13
atoms = 11
pairs = 36
 geom_x = 11.866537068018507
 geom_a = 0
 geom_q = 0
 geom_c = 0.0
f1, 0= 1.1867e+01
                       N restraints  r.m.s.d.  r.m.s.Z  Mn(sigma)
Bond distances, non H            11     0.007    0.383      0.016
Bond angles, non H               15     2.278    0.764      2.300
Chiral centres                    3     0.055    0.544      0.120
Planar groups                     4     0.000    0.001      0.020
VDW torsion                       4     0.177    0.883      0.200



====== CYCLE 19 ======

 weight = 1.0000e+00
 geom_x = 11.866537068018507
 geom_a = 0
 geom_q = 0
 geom_c = 0.0
f0= 1.1867e+01
using cgsolve in c++, ic=False
diag(geom) min= 309.427363 max= 12544.144081
diag(all) min= 309.427363 max= 12544.144081
Trying gamma equal 0.195930
Convergence reached after 13 iterations with no gamma cycles
min(dx) = -0.0009068076026399238
max(dx) = 0.0008875759272429493
mean(dx)= 2.3986785989961678e-05
vdws = 13
atoms = 11
pairs = 36
 geom_x = 11.864382014999611
 geom_a = 0
 geom_q = 0
 geom_c = 0.0
f1, 0= 1.1864e+01
                       N restraints  r.m.s.d.  r.m.s.Z  Mn(sigma)
Bond distances, non H            11     0.007    0.383      0.016
Bond angles, non H               15     2.278    0.764      2.300
Chiral centres                    3     0.055    0.544      0.120
Planar groups                     4     0.000    0.001      0.020
VDW torsion                       4     0.177    0.883      0.200



====== CYCLE 20 ======

 weight = 1.0000e+00
 geom_x = 11.864382014999611
 geom_a = 0
 geom_q = 0
 geom_c = 0.0
f0= 1.1864e+01
using cgsolve in c++, ic=False
diag(geom) min= 310.694151 max= 12543.250742
diag(all) min= 310.694151 max= 12543.250742
Trying gamma equal 0.195930
Convergence reached after 12 iterations with no gamma cycles
min(dx) = -0.0008837396919534247
max(dx) = 0.0008152731875847908
mean(dx)= 2.194800845800429e-05
vdws = 13
atoms = 11
pairs = 36
 geom_x = 11.862392689319204
 geom_a = 0
 geom_q = 0
 geom_c = 0.0
f1, 0= 1.1862e+01
                       N restraints  r.m.s.d.  r.m.s.Z  Mn(sigma)
Bond distances, non H            11     0.007    0.383      0.016
Bond angles, non H               15     2.279    0.764      2.300
Chiral centres                    3     0.055    0.544      0.120
Planar groups                     4     0.000    0.000      0.020
VDW torsion                       4     0.176    0.882      0.200



====== CYCLE 21 ======

 weight = 1.0000e+00
 geom_x = 11.862392689319204
 geom_a = 0
 geom_q = 0
 geom_c = 0.0
f0= 1.1862e+01
using cgsolve in c++, ic=False
diag(geom) min= 311.889652 max= 12542.407788
diag(all) min= 311.889652 max= 12542.407788
Trying gamma equal 0.195930
Convergence reached after 12 iterations with no gamma cycles
min(dx) = -0.0008618451187969988
max(dx) = 0.0007509565639872378
mean(dx)= 2.0149181333647577e-05
vdws = 13
atoms = 11
pairs = 36
 geom_x = 11.860542790504693
 geom_a = 0
 geom_q = 0
 geom_c = 0.0
f1, 0= 1.1861e+01
                       N restraints  r.m.s.d.  r.m.s.Z  Mn(sigma)
Bond distances, non H            11     0.007    0.383      0.016
Bond angles, non H               15     2.279    0.764      2.300
Chiral centres                    3     0.055    0.544      0.120
Planar groups                     4     0.000    0.000      0.020
VDW torsion                       4     0.176    0.882      0.200



====== CYCLE 22 ======

 weight = 1.0000e+00
 geom_x = 11.860542790504693
 geom_a = 0
 geom_q = 0
 geom_c = 0.0
f0= 1.1861e+01
using cgsolve in c++, ic=False
diag(geom) min= 313.020734 max= 12541.610271
diag(all) min= 313.020734 max= 12541.610271
Trying gamma equal 0.195930
Convergence reached after 12 iterations with no gamma cycles
min(dx) = -0.0008410093986080981
max(dx) = 0.0006936865905447261
mean(dx)= 1.8561803622016433e-05
vdws = 13
atoms = 11
pairs = 36
 geom_x = 11.858811578800454
 geom_a = 0
 geom_q = 0
 geom_c = 0.0
f1, 0= 1.1859e+01
                       N restraints  r.m.s.d.  r.m.s.Z  Mn(sigma)
Bond distances, non H            11     0.007    0.383      0.016
Bond angles, non H               15     2.279    0.765      2.300
Chiral centres                    3     0.055    0.544      0.120
Planar groups                     4     0.000    0.000      0.020
VDW torsion                       4     0.176    0.882      0.200



====== CYCLE 23 ======

 weight = 1.0000e+00
 geom_x = 11.858811578800454
 geom_a = 0
 geom_q = 0
 geom_c = 0.0
f0= 1.1859e+01
using cgsolve in c++, ic=False
diag(geom) min= 314.093521 max= 12540.853728
diag(all) min= 314.093521 max= 12540.853728
Trying gamma equal 0.195930
Convergence reached after 12 iterations with no gamma cycles
min(dx) = -0.0008211357820680398
max(dx) = 0.0006426307850491499
mean(dx)= 1.7159478317095878e-05
vdws = 13
atoms = 11
pairs = 36
 geom_x = 11.857182629672966
 geom_a = 0
 geom_q = 0
 geom_c = 0.0
f1, 0= 1.1857e+01
                       N restraints  r.m.s.d.  r.m.s.Z  Mn(sigma)
Bond distances, non H            11     0.007    0.383      0.016
Bond angles, non H               15     2.280    0.765      2.300
Chiral centres                    3     0.055    0.544      0.120
Planar groups                     4     0.000    0.000      0.020
VDW torsion                       4     0.176    0.882      0.200



====== CYCLE 24 ======

 weight = 1.0000e+00
 geom_x = 11.857182629672966
 geom_a = 0
 geom_q = 0
 geom_c = 0.0
f0= 1.1857e+01
using cgsolve in c++, ic=False
diag(geom) min= 315.113481 max= 12540.134189
diag(all) min= 315.113481 max= 12540.134189
Trying gamma equal 0.195930
Convergence reached after 12 iterations with no gamma cycles
min(dx) = -0.0008021382767354972
max(dx) = 0.0005970560218074769
mean(dx)= 1.5919522117436445e-05
vdws = 13
atoms = 11
pairs = 36
 geom_x = 11.855642870064925
 geom_a = 0
 geom_q = 0
 geom_c = 0.0
f1, 0= 1.1856e+01
                       N restraints  r.m.s.d.  r.m.s.Z  Mn(sigma)
Bond distances, non H            11     0.007    0.383      0.016
Bond angles, non H               15     2.280    0.765      2.300
Chiral centres                    3     0.055    0.544      0.120
Planar groups                     4     0.000    0.000      0.020
VDW torsion                       4     0.176    0.882      0.200



====== CYCLE 25 ======

 weight = 1.0000e+00
 geom_x = 11.855642870064925
 geom_a = 0
 geom_q = 0
 geom_c = 0.0
f0= 1.1856e+01
using cgsolve in c++, ic=False
diag(geom) min= 316.085487 max= 12539.448136
diag(all) min= 316.085487 max= 12539.448136
Trying gamma equal 0.195930
Convergence reached after 12 iterations with no gamma cycles
min(dx) = -0.0007839396961046139
max(dx) = 0.0005563174335417527
mean(dx)= 1.4822060183514478e-05
vdws = 13
atoms = 11
pairs = 36
 geom_x = 11.854181832536476
 geom_a = 0
 geom_q = 0
 geom_c = 0.0
f1, 0= 1.1854e+01
                       N restraints  r.m.s.d.  r.m.s.Z  Mn(sigma)
Bond distances, non H            11     0.007    0.383      0.016
Bond angles, non H               15     2.280    0.765      2.300
Chiral centres                    3     0.055    0.544      0.120
Planar groups                     4     0.000    0.000      0.020
VDW torsion                       4     0.176    0.882      0.200



====== CYCLE 26 ======

 weight = 1.0000e+00
 geom_x = 11.854181832536476
 geom_a = 0
 geom_q = 0
 geom_c = 0.0
f0= 1.1854e+01
using cgsolve in c++, ic=False
diag(geom) min= 317.013886 max= 12538.792438
diag(all) min= 317.013886 max= 12538.792438
Trying gamma equal 0.195930
Convergence reached after 11 iterations with no gamma cycles
min(dx) = -0.0007664755315531904
max(dx) = 0.0005198562857166702
mean(dx)= 1.3848983740628732e-05
vdws = 13
atoms = 11
pairs = 36
 geom_x = 11.852791077912503
 geom_a = 0
 geom_q = 0
 geom_c = 0.0
f1, 0= 1.1853e+01
                       N restraints  r.m.s.d.  r.m.s.Z  Mn(sigma)
Bond distances, non H            11     0.007    0.383      0.016
Bond angles, non H               15     2.280    0.765      2.300
Chiral centres                    3     0.055    0.544      0.120
Planar groups                     4     0.000    0.000      0.020
VDW torsion                       4     0.176    0.881      0.200



====== CYCLE 27 ======

 weight = 1.0000e+00
 geom_x = 11.852791077912503
 geom_a = 0
 geom_q = 0
 geom_c = 0.0
f0= 1.1853e+01
using cgsolve in c++, ic=False
diag(geom) min= 317.902556 max= 12538.164282
diag(all) min= 317.902556 max= 12538.164282
Trying gamma equal 0.195930
Convergence reached after 11 iterations with no gamma cycles
min(dx) = -0.0007496826332201315
max(dx) = 0.0004998166146674989
mean(dx)= 1.2986417351670295e-05
vdws = 13
atoms = 11
pairs = 36
 geom_x = 11.851463748275812
 geom_a = 0
 geom_q = 0
 geom_c = 0.0
f1, 0= 1.1851e+01
                       N restraints  r.m.s.d.  r.m.s.Z  Mn(sigma)
Bond distances, non H            11     0.007    0.383      0.016
Bond angles, non H               15     2.280    0.765      2.300
Chiral centres                    3     0.055    0.544      0.120
Planar groups                     4     0.000    0.000      0.020
VDW torsion                       4     0.176    0.881      0.200



====== CYCLE 28 ======

 weight = 1.0000e+00
 geom_x = 11.851463748275812
 geom_a = 0
 geom_q = 0
 geom_c = 0.0
f0= 1.1851e+01
using cgsolve in c++, ic=False
diag(geom) min= 318.754943 max= 12537.561245
diag(all) min= 318.754943 max= 12537.561245
Trying gamma equal 0.195930
Convergence reached after 11 iterations with no gamma cycles
min(dx) = -0.0007335063979919899
max(dx) = 0.0004940710081458321
mean(dx)= 1.2220464618831413e-05
vdws = 13
atoms = 11
pairs = 36
 geom_x = 11.850195011328593
 geom_a = 0
 geom_q = 0
 geom_c = 0.0
f1, 0= 1.1850e+01
                       N restraints  r.m.s.d.  r.m.s.Z  Mn(sigma)
Bond distances, non H            11     0.007    0.383      0.016
Bond angles, non H               15     2.280    0.765      2.300
Chiral centres                    3     0.054    0.544      0.120
Planar groups                     4     0.000    0.000      0.020
VDW torsion                       5     0.158    0.788      0.200



====== CYCLE 29 ======

 weight = 1.0000e+00
 geom_x = 11.850195011328593
 geom_a = 0
 geom_q = 0
 geom_c = 0.0
f0= 1.1850e+01
using cgsolve in c++, ic=False
diag(geom) min= 319.574125 max= 12536.981116
diag(all) min= 319.574125 max= 12536.981116
Trying gamma equal 0.195930
Convergence reached after 14 iterations with no gamma cycles
min(dx) = -0.0006920289328254936
max(dx) = 0.00047090491490370826
mean(dx)= 1.0983519976977176e-05
vdws = 13
atoms = 11
pairs = 36
 geom_x = 11.84901027658924
 geom_a = 0
 geom_q = 0
 geom_c = 0.0
f1, 0= 1.1849e+01
                       N restraints  r.m.s.d.  r.m.s.Z  Mn(sigma)
Bond distances, non H            11     0.007    0.383      0.016
Bond angles, non H               15     2.280    0.765      2.300
Chiral centres                    3     0.054    0.544      0.120
Planar groups                     4     0.000    0.000      0.020
VDW torsion                       5     0.158    0.788      0.200



====== CYCLE 30 ======

 weight = 1.0000e+00
 geom_x = 11.84901027658924
 geom_a = 0
 geom_q = 0
 geom_c = 0.0
f0= 1.1849e+01
using cgsolve in c++, ic=False
diag(geom) min= 320.362259 max= 12536.408000
diag(all) min= 320.362259 max= 12536.408000
Trying gamma equal 0.195930
Convergence reached after 13 iterations with no gamma cycles
min(dx) = -0.0006654992921469959
max(dx) = 0.00044800793999630627
mean(dx)= 1.0279868425206796e-05
vdws = 13
atoms = 11
pairs = 36
 geom_x = 11.847899105966057
 geom_a = 0
 geom_q = 0
 geom_c = 0.0
f1, 0= 1.1848e+01
                       N restraints  r.m.s.d.  r.m.s.Z  Mn(sigma)
Bond distances, non H            11     0.007    0.383      0.016
Bond angles, non H               15     2.279    0.764      2.300
Chiral centres                    3     0.054    0.543      0.120
Planar groups                     4     0.000    0.000      0.020
VDW torsion                       5     0.158    0.788      0.200


$TABLE: stats vs cycle :
$GRAPHS
: Geometry :A:1,2,4:
: Geometry Z :A:1,5,3:
$$
 Ncyc  rmsBOND  zBOND  rmsANGL  zANGL
$$
$$
    0   0.0104 0.5530   1.9806 0.6672
    1   0.0074 0.3884   2.1623 0.7254
    2   0.0072 0.3747   2.2116 0.7418
    3   0.0072 0.3753   2.2311 0.7484
    4   0.0072 0.3765   2.2415 0.7518
    5   0.0072 0.3776   2.2482 0.7541
    6   0.0072 0.3785   2.2533 0.7558
    7   0.0072 0.3792   2.2574 0.7571
    8   0.0072 0.3798   2.2609 0.7583
    9   0.0073 0.3804   2.2639 0.7593
   10   0.0073 0.3809   2.2665 0.7602
   11   0.0073 0.3813   2.2688 0.7610
   12   0.0073 0.3817   2.2708 0.7616
   13   0.0073 0.3820   2.2725 0.7622
   14   0.0073 0.3823   2.2739 0.7627
   15   0.0073 0.3825   2.2752 0.7631
   16   0.0073 0.3827   2.2762 0.7634
   17   0.0073 0.3829   2.2771 0.7637
   18   0.0073 0.3830   2.2778 0.7640
   19   0.0073 0.3831   2.2784 0.7642
   20   0.0073 0.3832   2.2788 0.7643
   21   0.0073 0.3833   2.2792 0.7644
   22   0.0073 0.3833   2.2795 0.7645
   23   0.0073 0.3834   2.2797 0.7646
   24   0.0073 0.3834   2.2798 0.7646
   25   0.0073 0.3834   2.2799 0.7647
   26   0.0073 0.3834   2.2800 0.7647
   27   0.0073 0.3834   2.2799 0.7647
   28   0.0073 0.3834   2.2799 0.7647
   29   0.0073 0.3834   2.2796 0.7646
   30   0.0073 0.3833   2.2793 0.7645
$$

Creating restraints..

Chain info:
 chain 
  ligands: LIG (1 residues)

Number of refinement parameters:
       n_params  n_atoms  n_atoms_geom_only  n_atoms_data_only
xyz          22       22                 11                  0
adp           0        0                  0                  0
occ           0        0                  0                  0
dfrac         0        0                  0                  0

Randomizing structure with rmsd of 0.01
Torsion angle rules:
 include:
  {'group': 'peptide', 'tors_name': 'chi*'}
  {'link': '*', 'tors_name': 'omega'}
  {'residue': '*', 'tors_name': 'sp2_sp2*'}
  {'link': '*', 'tors_name': 'sp2_sp2*'}
 exclude:
  none
External restraints from Refmac instructions
 Number of distances          : 0
 Number of angles             : 0
 Number of torsions           : 0
 Number of chirals            : 0
 Number of planes             : 0
 Number of intervals          : 0
 Number of stackings          : 0
 Number of harmonics          : 0
 Number of special positions  : 0

Running 10 cycles with wchir=4 wvdw=2 with hydrogen
Geometry weights
vdws = 66
atoms = 22
pairs = 126
                          N restraints  r.m.s.d.  r.m.s.Z  Mn(sigma)
Bond distances, non H               11     0.015    0.869      0.016
Bond distances, H                   11     0.006    0.443      0.016
Bond angles, non H                  15     2.229    0.782      2.300
Bond angles, H                      26     1.520    0.723      2.006
Torsion angles, period 3             2     0.108    0.011     10.000
Chiral centres                       3     0.051    0.290      0.120
Planar groups                        4     0.001    0.053      0.020
VDW nonbonded                        3     0.037    0.184      0.200
VDW torsion                         10     0.127    0.637      0.200


====== CYCLE  1 ======

 weight = 1.0000e+00
 geom_x = 26.958346585892045
 geom_a = 0
 geom_q = 0
 geom_c = 0.0
f0= 2.6958e+01
using cgsolve in c++, ic=False
diag(geom) min= 507.893546 max= 32209.892902
diag(all) min= 507.893546 max= 32209.892902
Trying gamma equal 0.000000
Not converging with gamma equal 0.000000
Trying gamma equal 0.052500
Gamma decreased to 0.042000
min(dx) = -0.029565529005943905
max(dx) = 0.01918035095550445
mean(dx)= -0.0010749147836335228
vdws = 66
atoms = 22
pairs = 126
 geom_x = 17.872317570691294
 geom_a = 0
 geom_q = 0
 geom_c = 0.0
f1, 0= 1.7872e+01
                          N restraints  r.m.s.d.  r.m.s.Z  Mn(sigma)
Bond distances, non H               11     0.013    0.709      0.016
Bond distances, H                   11     0.000    0.030      0.016
Bond angles, non H                  15     2.249    0.756      2.300
Bond angles, H                      26     1.200    0.463      2.006
Torsion angles, period 3             2     0.352    0.035     10.000
Chiral centres                       3     0.010    0.106      0.120
Planar groups                        4     0.000    0.021      0.020
VDW nonbonded                        2     0.045    0.225      0.200
VDW torsion                         10     0.123    0.614      0.200



====== CYCLE  2 ======

 weight = 1.0000e+00
 geom_x = 17.872317570691294
 geom_a = 0
 geom_q = 0
 geom_c = 0.0
f0= 1.7872e+01
using cgsolve in c++, ic=False
diag(geom) min= 499.031324 max= 32429.495859
diag(all) min= 499.031324 max= 32429.495859
Trying gamma equal 0.042000
Convergence reached after 37 iterations with no gamma cycles
min(dx) = -0.011642281843811124
max(dx) = 0.008661230190795888
mean(dx)= -0.0002470259277269115
vdws = 66
atoms = 22
pairs = 126
 geom_x = 17.635424756732355
 geom_a = 0
 geom_q = 0
 geom_c = 0.0
f1, 0= 1.7635e+01
                          N restraints  r.m.s.d.  r.m.s.Z  Mn(sigma)
Bond distances, non H               11     0.013    0.716      0.016
Bond distances, H                   11     0.000    0.020      0.016
Bond angles, non H                  15     2.259    0.759      2.300
Bond angles, H                      26     1.181    0.455      2.006
Torsion angles, period 3             2     0.548    0.055     10.000
Chiral centres                       3     0.010    0.106      0.120
Planar groups                        4     0.000    0.009      0.020
VDW nonbonded                        2     0.040    0.201      0.200
VDW torsion                         11     0.116    0.579      0.200



====== CYCLE  3 ======

 weight = 1.0000e+00
 geom_x = 17.635424756732355
 geom_a = 0
 geom_q = 0
 geom_c = 0.0
f0= 1.7635e+01
using cgsolve in c++, ic=False
diag(geom) min= 497.531484 max= 32504.232483
diag(all) min= 497.531484 max= 32504.232483
Trying gamma equal 0.042000
Not converging with gamma equal 0.042000
Trying gamma equal 0.094500
Gamma decreased to 0.084000
min(dx) = -0.003249520147463203
max(dx) = 0.003025023222177866
mean(dx)= -4.8536312682070656e-05
vdws = 66
atoms = 22
pairs = 126
 geom_x = 17.58932389022146
 geom_a = 0
 geom_q = 0
 geom_c = 0.0
f1, 0= 1.7589e+01
                          N restraints  r.m.s.d.  r.m.s.Z  Mn(sigma)
Bond distances, non H               11     0.013    0.717      0.016
Bond distances, H                   11     0.000    0.018      0.016
Bond angles, non H                  15     2.264    0.761      2.300
Bond angles, H                      26     1.177    0.453      2.006
Torsion angles, period 3             2     0.615    0.062     10.000
Chiral centres                       3     0.010    0.106      0.120
Planar groups                        4     0.000    0.005      0.020
VDW nonbonded                        2     0.038    0.191      0.200
VDW torsion                         11     0.115    0.577      0.200



====== CYCLE  4 ======

 weight = 1.0000e+00
 geom_x = 17.58932389022146
 geom_a = 0
 geom_q = 0
 geom_c = 0.0
f0= 1.7589e+01
using cgsolve in c++, ic=False
diag(geom) min= 496.918256 max= 32523.318974
diag(all) min= 496.918256 max= 32523.318974
Trying gamma equal 0.084000
Convergence reached after 26 iterations with no gamma cycles
min(dx) = -0.003187427839474391
max(dx) = 0.0028844789512719746
mean(dx)= -1.2663146140060421e-05
vdws = 66
atoms = 22
pairs = 126
 geom_x = 17.55646993454058
 geom_a = 0
 geom_q = 0
 geom_c = 0.0
f1, 0= 1.7556e+01
                          N restraints  r.m.s.d.  r.m.s.Z  Mn(sigma)
Bond distances, non H               11     0.013    0.717      0.016
Bond distances, H                   11     0.000    0.018      0.016
Bond angles, non H                  15     2.268    0.762      2.300
Bond angles, H                      26     1.174    0.453      2.006
Torsion angles, period 3             2     0.681    0.068     10.000
Chiral centres                       3     0.010    0.106      0.120
Planar groups                        4     0.000    0.003      0.020
VDW nonbonded                        2     0.036    0.181      0.200
VDW torsion                         11     0.115    0.576      0.200



====== CYCLE  5 ======

 weight = 1.0000e+00
 geom_x = 17.55646993454058
 geom_a = 0
 geom_q = 0
 geom_c = 0.0
f0= 1.7556e+01
using cgsolve in c++, ic=False
diag(geom) min= 496.228803 max= 32541.234343
diag(all) min= 496.228803 max= 32541.234343
Trying gamma equal 0.084000
Convergence reached after 25 iterations with no gamma cycles
min(dx) = -0.0028321660876297287
max(dx) = 0.0025515050657723888
mean(dx)= 7.666991935156534e-06
vdws = 66
atoms = 22
pairs = 126
 geom_x = 17.534128060054215
 geom_a = 0
 geom_q = 0
 geom_c = 0.0
f1, 0= 1.7534e+01
                          N restraints  r.m.s.d.  r.m.s.Z  Mn(sigma)
Bond distances, non H               11     0.013    0.717      0.016
Bond distances, H                   11     0.000    0.018      0.016
Bond angles, non H                  15     2.270    0.763      2.300
Bond angles, H                      26     1.172    0.452      2.006
Torsion angles, period 3             2     0.741    0.074     10.000
Chiral centres                       3     0.010    0.106      0.120
Planar groups                        4     0.000    0.001      0.020
VDW nonbonded                        2     0.035    0.173      0.200
VDW torsion                         11     0.115    0.575      0.200



====== CYCLE  6 ======

 weight = 1.0000e+00
 geom_x = 17.534128060054215
 geom_a = 0
 geom_q = 0
 geom_c = 0.0
f0= 1.7534e+01
using cgsolve in c++, ic=False
diag(geom) min= 495.618781 max= 32555.804513
diag(all) min= 495.618781 max= 32555.804513
Trying gamma equal 0.084000
Convergence reached after 26 iterations with no gamma cycles
min(dx) = -0.0025348541266317307
max(dx) = 0.00230699760496451
mean(dx)= 1.7617027374107475e-05
vdws = 66
atoms = 22
pairs = 126
 geom_x = 17.517987275252487
 geom_a = 0
 geom_q = 0
 geom_c = 0.0
f1, 0= 1.7518e+01
                          N restraints  r.m.s.d.  r.m.s.Z  Mn(sigma)
Bond distances, non H               11     0.013    0.717      0.016
Bond distances, H                   11     0.000    0.018      0.016
Bond angles, non H                  15     2.272    0.763      2.300
Bond angles, H                      26     1.171    0.452      2.006
Torsion angles, period 3             2     0.798    0.080     10.000
Chiral centres                       3     0.010    0.106      0.120
Planar groups                        4     0.000    0.000      0.020
VDW nonbonded                        2     0.033    0.166      0.200
VDW torsion                         11     0.115    0.575      0.200



====== CYCLE  7 ======

 weight = 1.0000e+00
 geom_x = 17.517987275252487
 geom_a = 0
 geom_q = 0
 geom_c = 0.0
f0= 1.7518e+01
using cgsolve in c++, ic=False
diag(geom) min= 495.099953 max= 32567.557660
diag(all) min= 495.099953 max= 32567.557660
Trying gamma equal 0.084000
Convergence reached after 26 iterations with no gamma cycles
min(dx) = -0.0022772321942448716
max(dx) = 0.0021169006782503657
mean(dx)= 2.2509528547567178e-05
vdws = 66
atoms = 22
pairs = 126
 geom_x = 17.505749535589388
 geom_a = 0
 geom_q = 0
 geom_c = 0.0
f1, 0= 1.7506e+01
                          N restraints  r.m.s.d.  r.m.s.Z  Mn(sigma)
Bond distances, non H               11     0.013    0.717      0.016
Bond distances, H                   11     0.000    0.017      0.016
Bond angles, non H                  15     2.272    0.763      2.300
Bond angles, H                      26     1.170    0.452      2.006
Torsion angles, period 3             2     0.851    0.085     10.000
Chiral centres                       3     0.010    0.106      0.120
Planar groups                        4     0.000    0.001      0.020
VDW nonbonded                        2     0.032    0.159      0.200
VDW torsion                         11     0.115    0.575      0.200



====== CYCLE  8 ======

 weight = 1.0000e+00
 geom_x = 17.505749535589388
 geom_a = 0
 geom_q = 0
 geom_c = 0.0
f0= 1.7506e+01
using cgsolve in c++, ic=False
diag(geom) min= 494.672079 max= 32577.008939
diag(all) min= 494.672079 max= 32577.008939
Trying gamma equal 0.084000
Convergence reached after 25 iterations with no gamma cycles
min(dx) = -0.0020505829307854435
max(dx) = 0.001962991190369652
mean(dx)= 2.4727588010318614e-05
vdws = 66
atoms = 22
pairs = 126
 geom_x = 17.496095712518365
 geom_a = 0
 geom_q = 0
 geom_c = 0.0
f1, 0= 1.7496e+01
                          N restraints  r.m.s.d.  r.m.s.Z  Mn(sigma)
Bond distances, non H               11     0.013    0.716      0.016
Bond distances, H                   11     0.000    0.017      0.016
Bond angles, non H                  15     2.272    0.763      2.300
Bond angles, H                      26     1.169    0.451      2.006
Torsion angles, period 3             2     0.900    0.090     10.000
Chiral centres                       3     0.010    0.105      0.120
Planar groups                        4     0.000    0.001      0.020
VDW nonbonded                        2     0.031    0.154      0.200
VDW torsion                         11     0.115    0.575      0.200



====== CYCLE  9 ======

 weight = 1.0000e+00
 geom_x = 17.496095712518365
 geom_a = 0
 geom_q = 0
 geom_c = 0.0
f0= 1.7496e+01
using cgsolve in c++, ic=False
diag(geom) min= 494.327975 max= 32584.650351
diag(all) min= 494.327975 max= 32584.650351
Trying gamma equal 0.084000
Convergence reached after 25 iterations with no gamma cycles
min(dx) = -0.001850076585033442
max(dx) = 0.0018342978726327837
mean(dx)= 2.5462202922521195e-05
vdws = 66
atoms = 22
pairs = 126
 geom_x = 17.4882258846379
 geom_a = 0
 geom_q = 0
 geom_c = 0.0
f1, 0= 1.7488e+01
                          N restraints  r.m.s.d.  r.m.s.Z  Mn(sigma)
Bond distances, non H               11     0.013    0.716      0.016
Bond distances, H                   11     0.000    0.017      0.016
Bond angles, non H                  15     2.271    0.763      2.300
Bond angles, H                      26     1.169    0.451      2.006
Torsion angles, period 3             2     0.946    0.095     10.000
Chiral centres                       3     0.010    0.105      0.120
Planar groups                        4     0.000    0.002      0.020
VDW nonbonded                        2     0.030    0.149      0.200
VDW torsion                         11     0.115    0.576      0.200



====== CYCLE 10 ======

 weight = 1.0000e+00
 geom_x = 17.4882258846379
 geom_a = 0
 geom_q = 0
 geom_c = 0.0
f0= 1.7488e+01
using cgsolve in c++, ic=False
diag(geom) min= 494.057497 max= 32590.905166
diag(all) min= 494.057497 max= 32590.905166
Trying gamma equal 0.084000
Convergence reached after 24 iterations with no gamma cycles
min(dx) = -0.0016724767217775355
max(dx) = 0.0017239688234954378
mean(dx)= 2.536571112770829e-05
vdws = 66
atoms = 22
pairs = 126
 geom_x = 17.481632774154644
 geom_a = 0
 geom_q = 0
 geom_c = 0.0
f1, 0= 1.7482e+01
                          N restraints  r.m.s.d.  r.m.s.Z  Mn(sigma)
Bond distances, non H               11     0.013    0.715      0.016
Bond distances, H                   11     0.000    0.017      0.016
Bond angles, non H                  15     2.270    0.763      2.300
Bond angles, H                      26     1.169    0.451      2.006
Torsion angles, period 3             2     0.989    0.099     10.000
Chiral centres                       3     0.010    0.105      0.120
Planar groups                        4     0.000    0.003      0.020
VDW nonbonded                        2     0.029    0.145      0.200
VDW torsion                         11     0.115    0.576      0.200


$TABLE: stats vs cycle :
$GRAPHS
: Geometry :A:1,2,4:
: Geometry Z :A:1,5,3:
$$
 Ncyc  rmsBOND  zBOND  rmsANGL  zANGL
$$
$$
    0   0.0150 0.8687   2.2286 0.7819
    1   0.0129 0.7090   2.2489 0.7565
    2   0.0131 0.7160   2.2588 0.7591
    3   0.0131 0.7169   2.2640 0.7608
    4   0.0131 0.7173   2.2679 0.7621
    5   0.0131 0.7174   2.2703 0.7629
    6   0.0131 0.7172   2.2715 0.7633
    7   0.0131 0.7169   2.2719 0.7634
    8   0.0131 0.7164   2.2717 0.7633
    9   0.0131 0.7159   2.2711 0.7631
   10   0.0131 0.7154   2.2702 0.7628
$$

Running 30 cycles with wchir=1 wvdw=2 with hydrogen
Geometry weights
vdws = 66
atoms = 22
pairs = 126
                          N restraints  r.m.s.d.  r.m.s.Z  Mn(sigma)
Bond distances, non H               11     0.013    0.715      0.016
Bond distances, H                   11     0.000    0.017      0.016
Bond angles, non H                  15     2.270    0.763      2.300
Bond angles, H                      26     1.169    0.451      2.006
Torsion angles, period 3             2     0.989    0.099     10.000
Chiral centres                       3     0.010    0.105      0.120
Planar groups                        4     0.000    0.003      0.020
VDW nonbonded                        2     0.029    0.145      0.200
VDW torsion                         11     0.115    0.576      0.200


====== CYCLE  1 ======

 weight = 1.0000e+00
 geom_x = 17.233132068275157
 geom_a = 0
 geom_q = 0
 geom_c = 0.0
f0= 1.7233e+01
using cgsolve in c++, ic=False
diag(geom) min= 493.849947 max= 16771.443902
diag(all) min= 493.849947 max= 16771.443902
Trying gamma equal 0.084000
Convergence reached after 22 iterations with no gamma cycles
min(dx) = -0.01344342143970824
max(dx) = 0.010920519105787119
mean(dx)= 0.00017008056242786217
vdws = 66
atoms = 22
pairs = 126
 geom_x = 15.890400739429214
 geom_a = 0
 geom_q = 0
 geom_c = 0.0
f1, 0= 1.5890e+01
                          N restraints  r.m.s.d.  r.m.s.Z  Mn(sigma)
Bond distances, non H               11     0.008    0.443      0.016
Bond distances, H                   11     0.000    0.022      0.016
Bond angles, non H                  15     2.490    0.833      2.300
Bond angles, H                      26     0.986    0.385      2.006
Torsion angles, period 3             2     0.965    0.097     10.000
Chiral centres                       3     0.057    0.623      0.120
Planar groups                        4     0.000    0.005      0.020
VDW nonbonded                        2     0.023    0.115      0.200
VDW torsion                         11     0.113    0.565      0.200



====== CYCLE  2 ======

 weight = 1.0000e+00
 geom_x = 15.890400739429214
 geom_a = 0
 geom_q = 0
 geom_c = 0.0
f0= 1.5890e+01
using cgsolve in c++, ic=False
diag(geom) min= 497.634626 max= 16770.702196
diag(all) min= 497.634626 max= 16770.702196
Trying gamma equal 0.084000
Convergence reached after 27 iterations with no gamma cycles
min(dx) = -0.0024368274360056295
max(dx) = 0.0030939687199391893
mean(dx)= 6.800884255443897e-05
vdws = 66
atoms = 22
pairs = 126
 geom_x = 15.856779810092721
 geom_a = 0
 geom_q = 0
 geom_c = 0.0
f1, 0= 1.5857e+01
                          N restraints  r.m.s.d.  r.m.s.Z  Mn(sigma)
Bond distances, non H               11     0.008    0.424      0.016
Bond distances, H                   11     0.000    0.017      0.016
Bond angles, non H                  15     2.529    0.846      2.300
Bond angles, H                      26     0.960    0.377      2.006
Torsion angles, period 3             2     0.947    0.095     10.000
Chiral centres                       3     0.061    0.673      0.120
Planar groups                        4     0.000    0.006      0.020
VDW nonbonded                        2     0.021    0.107      0.200
VDW torsion                         11     0.112    0.561      0.200



====== CYCLE  3 ======

 weight = 1.0000e+00
 geom_x = 15.856779810092721
 geom_a = 0
 geom_q = 0
 geom_c = 0.0
f0= 1.5857e+01
using cgsolve in c++, ic=False
diag(geom) min= 500.223119 max= 16770.893712
diag(all) min= 500.223119 max= 16770.893712
Trying gamma equal 0.084000
Convergence reached after 27 iterations with no gamma cycles
min(dx) = -0.002018233318491089
max(dx) = 0.001354307278747393
mean(dx)= 2.346737284569673e-05
vdws = 66
atoms = 22
pairs = 126
 geom_x = 15.846358196067388
 geom_a = 0
 geom_q = 0
 geom_c = 0.0
f1, 0= 1.5846e+01
                          N restraints  r.m.s.d.  r.m.s.Z  Mn(sigma)
Bond distances, non H               11     0.008    0.423      0.016
Bond distances, H                   11     0.000    0.017      0.016
Bond angles, non H                  15     2.543    0.851      2.300
Bond angles, H                      26     0.954    0.375      2.006
Torsion angles, period 3             2     0.926    0.093     10.000
Chiral centres                       3     0.062    0.683      0.120
Planar groups                        4     0.000    0.007      0.020
VDW nonbonded                        2     0.020    0.102      0.200
VDW torsion                         11     0.112    0.558      0.200



====== CYCLE  4 ======

 weight = 1.0000e+00
 geom_x = 15.846358196067388
 geom_a = 0
 geom_q = 0
 geom_c = 0.0
f0= 1.5846e+01
using cgsolve in c++, ic=False
diag(geom) min= 501.290512 max= 16771.359255
diag(all) min= 501.290512 max= 16771.359255
Trying gamma equal 0.084000
Convergence reached after 27 iterations with no gamma cycles
min(dx) = -0.0016645785402967402
max(dx) = 0.0011999768115397626
mean(dx)= 9.017734214234487e-06
vdws = 66
atoms = 22
pairs = 126
 geom_x = 15.840082334129905
 geom_a = 0
 geom_q = 0
 geom_c = 0.0
f1, 0= 1.5840e+01
                          N restraints  r.m.s.d.  r.m.s.Z  Mn(sigma)
Bond distances, non H               11     0.008    0.424      0.016
Bond distances, H                   11     0.000    0.017      0.016
Bond angles, non H                  15     2.550    0.853      2.300
Bond angles, H                      26     0.953    0.374      2.006
Torsion angles, period 3             2     0.910    0.091     10.000
Chiral centres                       3     0.063    0.687      0.120
Planar groups                        4     0.000    0.007      0.020
VDW nonbonded                        2     0.020    0.098      0.200
VDW torsion                         11     0.111    0.557      0.200



====== CYCLE  5 ======

 weight = 1.0000e+00
 geom_x = 15.840082334129905
 geom_a = 0
 geom_q = 0
 geom_c = 0.0
f0= 1.5840e+01
using cgsolve in c++, ic=False
diag(geom) min= 501.860508 max= 16771.810408
diag(all) min= 501.860508 max= 16771.810408
Trying gamma equal 0.084000
Convergence reached after 25 iterations with no gamma cycles
min(dx) = -0.0014128172673115893
max(dx) = 0.001087810900934063
mean(dx)= 3.949487815054558e-06
vdws = 66
atoms = 22
pairs = 126
 geom_x = 15.835614018906616
 geom_a = 0
 geom_q = 0
 geom_c = 0.0
f1, 0= 1.5836e+01
                          N restraints  r.m.s.d.  r.m.s.Z  Mn(sigma)
Bond distances, non H               11     0.008    0.424      0.016
Bond distances, H                   11     0.000    0.017      0.016
Bond angles, non H                  15     2.555    0.855      2.300
Bond angles, H                      26     0.952    0.374      2.006
Torsion angles, period 3             2     0.900    0.090     10.000
Chiral centres                       3     0.063    0.689      0.120
Planar groups                        4     0.000    0.008      0.020
VDW nonbonded                        2     0.019    0.094      0.200
VDW torsion                         11     0.111    0.556      0.200



====== CYCLE  6 ======

 weight = 1.0000e+00
 geom_x = 15.835614018906616
 geom_a = 0
 geom_q = 0
 geom_c = 0.0
f0= 1.5836e+01
using cgsolve in c++, ic=False
diag(geom) min= 502.243489 max= 16772.170982
diag(all) min= 502.243489 max= 16772.170982
Trying gamma equal 0.084000
Convergence reached after 25 iterations with no gamma cycles
min(dx) = -0.001230315730480213
max(dx) = 0.0010054271449066005
mean(dx)= 2.169507127070563e-06
vdws = 66
atoms = 22
pairs = 126
 geom_x = 15.832137976765113
 geom_a = 0
 geom_q = 0
 geom_c = 0.0
f1, 0= 1.5832e+01
                          N restraints  r.m.s.d.  r.m.s.Z  Mn(sigma)
Bond distances, non H               11     0.008    0.424      0.016
Bond distances, H                   11     0.000    0.017      0.016
Bond angles, non H                  15     2.559    0.856      2.300
Bond angles, H                      26     0.951    0.374      2.006
Torsion angles, period 3             2     0.894    0.089     10.000
Chiral centres                       3     0.063    0.690      0.120
Planar groups                        4     0.000    0.008      0.020
VDW nonbonded                        1     0.026    0.129      0.200
VDW torsion                         11     0.111    0.555      0.200



====== CYCLE  7 ======

 weight = 1.0000e+00
 geom_x = 15.832137976765113
 geom_a = 0
 geom_q = 0
 geom_c = 0.0
f0= 1.5832e+01
using cgsolve in c++, ic=False
diag(geom) min= 502.543931 max= 16772.444848
diag(all) min= 502.543931 max= 16772.444848
Trying gamma equal 0.084000
Convergence reached after 24 iterations with no gamma cycles
min(dx) = -0.0011000167257991338
max(dx) = 0.0009432813712338119
mean(dx)= 1.450180754774835e-06
vdws = 66
atoms = 22
pairs = 126
 geom_x = 15.829271329057926
 geom_a = 0
 geom_q = 0
 geom_c = 0.0
f1, 0= 1.5829e+01
                          N restraints  r.m.s.d.  r.m.s.Z  Mn(sigma)
Bond distances, non H               11     0.008    0.425      0.016
Bond distances, H                   11     0.000    0.017      0.016
Bond angles, non H                  15     2.562    0.857      2.300
Bond angles, H                      26     0.951    0.374      2.006
Torsion angles, period 3             2     0.893    0.089     10.000
Chiral centres                       3     0.063    0.691      0.120
Planar groups                        4     0.000    0.008      0.020
VDW nonbonded                        1     0.025    0.125      0.200
VDW torsion                         11     0.111    0.554      0.200



====== CYCLE  8 ======

 weight = 1.0000e+00
 geom_x = 15.829271329057926
 geom_a = 0
 geom_q = 0
 geom_c = 0.0
f0= 1.5829e+01
using cgsolve in c++, ic=False
diag(geom) min= 502.812945 max= 16772.650645
diag(all) min= 502.812945 max= 16772.650645
Trying gamma equal 0.084000
Convergence reached after 24 iterations with no gamma cycles
min(dx) = -0.0009922221327049747
max(dx) = 0.0008947999729685354
mean(dx)= 1.6448402634991459e-06
vdws = 66
atoms = 22
pairs = 126
 geom_x = 15.826828282250858
 geom_a = 0
 geom_q = 0
 geom_c = 0.0
f1, 0= 1.5827e+01
                          N restraints  r.m.s.d.  r.m.s.Z  Mn(sigma)
Bond distances, non H               11     0.008    0.425      0.016
Bond distances, H                   11     0.000    0.017      0.016
Bond angles, non H                  15     2.564    0.858      2.300
Bond angles, H                      26     0.951    0.373      2.006
Torsion angles, period 3             2     0.895    0.089     10.000
Chiral centres                       3     0.063    0.692      0.120
Planar groups                        4     0.000    0.008      0.020
VDW nonbonded                        1     0.024    0.122      0.200
VDW torsion                         11     0.111    0.554      0.200



====== CYCLE  9 ======

 weight = 1.0000e+00
 geom_x = 15.826828282250858
 geom_a = 0
 geom_q = 0
 geom_c = 0.0
f0= 1.5827e+01
using cgsolve in c++, ic=False
diag(geom) min= 503.056737 max= 16772.810186
diag(all) min= 503.056737 max= 16772.810186
Trying gamma equal 0.084000
Convergence reached after 23 iterations with no gamma cycles
min(dx) = -0.0009059872954518599
max(dx) = 0.0008555887847403954
mean(dx)= 2.1081683482500754e-06
vdws = 66
atoms = 22
pairs = 126
 geom_x = 15.824685862645515
 geom_a = 0
 geom_q = 0
 geom_c = 0.0
f1, 0= 1.5825e+01
                          N restraints  r.m.s.d.  r.m.s.Z  Mn(sigma)
Bond distances, non H               11     0.008    0.425      0.016
Bond distances, H                   11     0.000    0.017      0.016
Bond angles, non H                  15     2.566    0.858      2.300
Bond angles, H                      26     0.950    0.373      2.006
Torsion angles, period 3             2     0.898    0.090     10.000
Chiral centres                       3     0.063    0.693      0.120
Planar groups                        4     0.000    0.009      0.020
VDW nonbonded                        1     0.024    0.119      0.200
VDW torsion                         10     0.116    0.580      0.200



====== CYCLE 10 ======

 weight = 1.0000e+00
 geom_x = 15.824685862645515
 geom_a = 0
 geom_q = 0
 geom_c = 0.0
f0= 1.5825e+01
using cgsolve in c++, ic=False
diag(geom) min= 503.286420 max= 16772.938143
diag(all) min= 503.286420 max= 16772.938143
Trying gamma equal 0.084000
Convergence reached after 23 iterations with no gamma cycles
min(dx) = -0.00083816783039873
max(dx) = 0.0008276224219552409
mean(dx)= 2.186314888909459e-06
vdws = 66
atoms = 22
pairs = 126
 geom_x = 15.822736541662602
 geom_a = 0
 geom_q = 0
 geom_c = 0.0
f1, 0= 1.5823e+01
                          N restraints  r.m.s.d.  r.m.s.Z  Mn(sigma)
Bond distances, non H               11     0.008    0.425      0.016
Bond distances, H                   11     0.000    0.017      0.016
Bond angles, non H                  15     2.567    0.859      2.300
Bond angles, H                      26     0.950    0.373      2.006
Torsion angles, period 3             2     0.902    0.090     10.000
Chiral centres                       3     0.063    0.693      0.120
Planar groups                        4     0.000    0.009      0.020
VDW nonbonded                        1     0.023    0.116      0.200
VDW torsion                         10     0.116    0.580      0.200



====== CYCLE 11 ======

 weight = 1.0000e+00
 geom_x = 15.822736541662602
 geom_a = 0
 geom_q = 0
 geom_c = 0.0
f0= 1.5823e+01
using cgsolve in c++, ic=False
diag(geom) min= 503.497393 max= 16773.039987
diag(all) min= 503.497393 max= 16773.039987
Trying gamma equal 0.084000
Convergence reached after 22 iterations with no gamma cycles
min(dx) = -0.000782543061975555
max(dx) = 0.0008031360698116571
mean(dx)= 2.656767749376364e-06
vdws = 66
atoms = 22
pairs = 126
 geom_x = 15.82094576663156
 geom_a = 0
 geom_q = 0
 geom_c = 0.0
f1, 0= 1.5821e+01
                          N restraints  r.m.s.d.  r.m.s.Z  Mn(sigma)
Bond distances, non H               11     0.008    0.425      0.016
Bond distances, H                   11     0.000    0.017      0.016
Bond angles, non H                  15     2.568    0.859      2.300
Bond angles, H                      26     0.950    0.373      2.006
Torsion angles, period 3             2     0.906    0.091     10.000
Chiral centres                       3     0.063    0.694      0.120
Planar groups                        4     0.000    0.009      0.020
VDW nonbonded                        1     0.023    0.113      0.200
VDW torsion                         10     0.116    0.580      0.200



====== CYCLE 12 ======

 weight = 1.0000e+00
 geom_x = 15.82094576663156
 geom_a = 0
 geom_q = 0
 geom_c = 0.0
f0= 1.5821e+01
using cgsolve in c++, ic=False
diag(geom) min= 503.699888 max= 16773.125304
diag(all) min= 503.699888 max= 16773.125304
Trying gamma equal 0.084000
Convergence reached after 22 iterations with no gamma cycles
min(dx) = -0.0007371794358371036
max(dx) = 0.0007814750181590043
mean(dx)= 3.096318961399584e-06
vdws = 66
atoms = 22
pairs = 126
 geom_x = 15.81928208859424
 geom_a = 0
 geom_q = 0
 geom_c = 0.0
f1, 0= 1.5819e+01
                          N restraints  r.m.s.d.  r.m.s.Z  Mn(sigma)
Bond distances, non H               11     0.008    0.425      0.016
Bond distances, H                   11     0.000    0.017      0.016
Bond angles, non H                  15     2.569    0.859      2.300
Bond angles, H                      26     0.950    0.373      2.006
Torsion angles, period 3             2     0.910    0.091     10.000
Chiral centres                       3     0.063    0.694      0.120
Planar groups                        4     0.000    0.009      0.020
VDW nonbonded                        1     0.022    0.110      0.200
VDW torsion                         10     0.116    0.580      0.200



====== CYCLE 13 ======

 weight = 1.0000e+00
 geom_x = 15.81928208859424
 geom_a = 0
 geom_q = 0
 geom_c = 0.0
f0= 1.5819e+01
using cgsolve in c++, ic=False
diag(geom) min= 503.897246 max= 16773.202414
diag(all) min= 503.897246 max= 16773.202414
Trying gamma equal 0.084000
Convergence reached after 22 iterations with no gamma cycles
min(dx) = -0.000699752819886089
max(dx) = 0.0007620524485723876
mean(dx)= 3.5164302769170644e-06
vdws = 66
atoms = 22
pairs = 126
 geom_x = 15.817723336162892
 geom_a = 0
 geom_q = 0
 geom_c = 0.0
f1, 0= 1.5818e+01
                          N restraints  r.m.s.d.  r.m.s.Z  Mn(sigma)
Bond distances, non H               11     0.008    0.425      0.016
Bond distances, H                   11     0.000    0.017      0.016
Bond angles, non H                  15     2.569    0.859      2.300
Bond angles, H                      26     0.950    0.373      2.006
Torsion angles, period 3             2     0.914    0.091     10.000
Chiral centres                       3     0.063    0.694      0.120
Planar groups                        4     0.000    0.009      0.020
VDW nonbonded                        1     0.022    0.108      0.200
VDW torsion                         10     0.116    0.580      0.200



====== CYCLE 14 ======

 weight = 1.0000e+00
 geom_x = 15.817723336162892
 geom_a = 0
 geom_q = 0
 geom_c = 0.0
f0= 1.5818e+01
using cgsolve in c++, ic=False
diag(geom) min= 504.091215 max= 16773.273434
diag(all) min= 504.091215 max= 16773.273434
Trying gamma equal 0.084000
Convergence reached after 22 iterations with no gamma cycles
min(dx) = -0.0006684393467725572
max(dx) = 0.0007444090151234455
mean(dx)= 3.9141023076940846e-06
vdws = 66
atoms = 22
pairs = 126
 geom_x = 15.816254759132597
 geom_a = 0
 geom_q = 0
 geom_c = 0.0
f1, 0= 1.5816e+01
                          N restraints  r.m.s.d.  r.m.s.Z  Mn(sigma)
Bond distances, non H               11     0.008    0.425      0.016
Bond distances, H                   11     0.000    0.017      0.016
Bond angles, non H                  15     2.570    0.860      2.300
Bond angles, H                      26     0.950    0.373      2.006
Torsion angles, period 3             2     0.918    0.092     10.000
Chiral centres                       3     0.063    0.694      0.120
Planar groups                        4     0.000    0.009      0.020
VDW nonbonded                        2     0.015    0.074      0.200
VDW torsion                         10     0.116    0.579      0.200



====== CYCLE 15 ======

 weight = 1.0000e+00
 geom_x = 15.816254759132597
 geom_a = 0
 geom_q = 0
 geom_c = 0.0
f0= 1.5816e+01
using cgsolve in c++, ic=False
diag(geom) min= 504.282824 max= 16773.340128
diag(all) min= 504.282824 max= 16773.340128
Trying gamma equal 0.084000
Convergence reached after 22 iterations with no gamma cycles
min(dx) = -0.0006475527808396335
max(dx) = 0.0007281606516202688
mean(dx)= 3.796763832395763e-06
vdws = 66
atoms = 22
pairs = 126
 geom_x = 15.814871454993447
 geom_a = 0
 geom_q = 0
 geom_c = 0.0
f1, 0= 1.5815e+01
                          N restraints  r.m.s.d.  r.m.s.Z  Mn(sigma)
Bond distances, non H               11     0.008    0.426      0.016
Bond distances, H                   11     0.000    0.017      0.016
Bond angles, non H                  15     2.570    0.860      2.300
Bond angles, H                      26     0.950    0.373      2.006
Torsion angles, period 3             2     0.922    0.092     10.000
Chiral centres                       3     0.063    0.694      0.120
Planar groups                        4     0.000    0.009      0.020
VDW nonbonded                        2     0.015    0.073      0.200
VDW torsion                         10     0.116    0.579      0.200



====== CYCLE 16 ======

 weight = 1.0000e+00
 geom_x = 15.814871454993447
 geom_a = 0
 geom_q = 0
 geom_c = 0.0
f0= 1.5815e+01
using cgsolve in c++, ic=False
diag(geom) min= 504.479329 max= 16773.403023
diag(all) min= 504.479329 max= 16773.403023
Trying gamma equal 0.084000
Convergence reached after 21 iterations with no gamma cycles
min(dx) = -0.0006252251833350095
max(dx) = 0.000713075266960726
mean(dx)= 4.1202429090537905e-06
vdws = 66
atoms = 22
pairs = 126
 geom_x = 15.813559417288522
 geom_a = 0
 geom_q = 0
 geom_c = 0.0
f1, 0= 1.5814e+01
                          N restraints  r.m.s.d.  r.m.s.Z  Mn(sigma)
Bond distances, non H               11     0.008    0.426      0.016
Bond distances, H                   11     0.000    0.017      0.016
Bond angles, non H                  15     2.570    0.860      2.300
Bond angles, H                      26     0.950    0.373      2.006
Torsion angles, period 3             2     0.926    0.093     10.000
Chiral centres                       3     0.063    0.695      0.120
Planar groups                        4     0.000    0.009      0.020
VDW nonbonded                        2     0.014    0.071      0.200
VDW torsion                         10     0.116    0.579      0.200



====== CYCLE 17 ======

 weight = 1.0000e+00
 geom_x = 15.813559417288522
 geom_a = 0
 geom_q = 0
 geom_c = 0.0
f0= 1.5814e+01
using cgsolve in c++, ic=False
diag(geom) min= 504.672621 max= 16773.464558
diag(all) min= 504.672621 max= 16773.464558
Trying gamma equal 0.084000
Convergence reached after 22 iterations with no gamma cycles
min(dx) = -0.0006054602601078485
max(dx) = 0.0006989773217293484
mean(dx)= 4.430105264405874e-06
vdws = 66
atoms = 22
pairs = 126
 geom_x = 15.812310564652503
 geom_a = 0
 geom_q = 0
 geom_c = 0.0
f1, 0= 1.5812e+01
                          N restraints  r.m.s.d.  r.m.s.Z  Mn(sigma)
Bond distances, non H               11     0.008    0.426      0.016
Bond distances, H                   11     0.000    0.017      0.016
Bond angles, non H                  15     2.571    0.860      2.300
Bond angles, H                      26     0.950    0.373      2.006
Torsion angles, period 3             2     0.930    0.093     10.000
Chiral centres                       3     0.063    0.695      0.120
Planar groups                        4     0.000    0.009      0.020
VDW nonbonded                        2     0.014    0.070      0.200
VDW torsion                         10     0.116    0.579      0.200



====== CYCLE 18 ======

 weight = 1.0000e+00
 geom_x = 15.812310564652503
 geom_a = 0
 geom_q = 0
 geom_c = 0.0
f0= 1.5812e+01
using cgsolve in c++, ic=False
diag(geom) min= 504.863735 max= 16773.525852
diag(all) min= 504.863735 max= 16773.525852
Trying gamma equal 0.084000
Convergence reached after 21 iterations with no gamma cycles
min(dx) = -0.0005877792234822368
max(dx) = 0.0006857428471518704
mean(dx)= 4.7230401207552554e-06
vdws = 66
atoms = 22
pairs = 126
 geom_x = 15.811118252840178
 geom_a = 0
 geom_q = 0
 geom_c = 0.0
f1, 0= 1.5811e+01
                          N restraints  r.m.s.d.  r.m.s.Z  Mn(sigma)
Bond distances, non H               11     0.008    0.426      0.016
Bond distances, H                   11     0.000    0.017      0.016
Bond angles, non H                  15     2.571    0.860      2.300
Bond angles, H                      26     0.950    0.373      2.006
Torsion angles, period 3             2     0.934    0.093     10.000
Chiral centres                       3     0.063    0.695      0.120
Planar groups                        4     0.000    0.009      0.020
VDW nonbonded                        2     0.014    0.068      0.200
VDW torsion                         10     0.116    0.579      0.200



====== CYCLE 19 ======

 weight = 1.0000e+00
 geom_x = 15.811118252840178
 geom_a = 0
 geom_q = 0
 geom_c = 0.0
f0= 1.5811e+01
using cgsolve in c++, ic=False
diag(geom) min= 505.052954 max= 16773.587401
diag(all) min= 505.052954 max= 16773.587401
Trying gamma equal 0.084000
Convergence reached after 21 iterations with no gamma cycles
min(dx) = -0.0005716981309346128
max(dx) = 0.0006733117053565212
mean(dx)= 4.99808174014346e-06
vdws = 66
atoms = 22
pairs = 126
 geom_x = 15.809976889254834
 geom_a = 0
 geom_q = 0
 geom_c = 0.0
f1, 0= 1.5810e+01
                          N restraints  r.m.s.d.  r.m.s.Z  Mn(sigma)
Bond distances, non H               11     0.008    0.426      0.016
Bond distances, H                   11     0.000    0.017      0.016
Bond angles, non H                  15     2.571    0.860      2.300
Bond angles, H                      26     0.950    0.373      2.006
Torsion angles, period 3             2     0.937    0.094     10.000
Chiral centres                       3     0.063    0.695      0.120
Planar groups                        4     0.000    0.009      0.020
VDW nonbonded                        2     0.013    0.067      0.200
VDW torsion                         10     0.116    0.579      0.200



====== CYCLE 20 ======

 weight = 1.0000e+00
 geom_x = 15.809976889254834
 geom_a = 0
 geom_q = 0
 geom_c = 0.0
f0= 1.5810e+01
using cgsolve in c++, ic=False
diag(geom) min= 505.240351 max= 16773.649376
diag(all) min= 505.240351 max= 16773.649376
Trying gamma equal 0.084000
Convergence reached after 21 iterations with no gamma cycles
min(dx) = -0.0005568882848774615
max(dx) = 0.0006616200001272033
mean(dx)= 5.2546747402855095e-06
vdws = 66
atoms = 22
pairs = 126
 geom_x = 15.808881713149935
 geom_a = 0
 geom_q = 0
 geom_c = 0.0
f1, 0= 1.5809e+01
                          N restraints  r.m.s.d.  r.m.s.Z  Mn(sigma)
Bond distances, non H               11     0.008    0.426      0.016
Bond distances, H                   11     0.000    0.017      0.016
Bond angles, non H                  15     2.571    0.860      2.300
Bond angles, H                      26     0.950    0.373      2.006
Torsion angles, period 3             2     0.940    0.094     10.000
Chiral centres                       3     0.063    0.695      0.120
Planar groups                        4     0.000    0.009      0.020
VDW nonbonded                        2     0.013    0.066      0.200
VDW torsion                         10     0.116    0.579      0.200



====== CYCLE 21 ======

 weight = 1.0000e+00
 geom_x = 15.808881713149935
 geom_a = 0
 geom_q = 0
 geom_c = 0.0
f0= 1.5809e+01
using cgsolve in c++, ic=False
diag(geom) min= 505.425974 max= 16773.711871
diag(all) min= 505.425974 max= 16773.711871
Trying gamma equal 0.084000
Convergence reached after 21 iterations with no gamma cycles
min(dx) = -0.0005431030586049463
max(dx) = 0.0006506139592887672
mean(dx)= 5.4934651464611734e-06
vdws = 66
atoms = 22
pairs = 126
 geom_x = 15.807828635312449
 geom_a = 0
 geom_q = 0
 geom_c = 0.0
f1, 0= 1.5808e+01
                          N restraints  r.m.s.d.  r.m.s.Z  Mn(sigma)
Bond distances, non H               11     0.008    0.426      0.016
Bond distances, H                   11     0.000    0.017      0.016
Bond angles, non H                  15     2.572    0.860      2.300
Bond angles, H                      26     0.950    0.373      2.006
Torsion angles, period 3             2     0.943    0.094     10.000
Chiral centres                       3     0.063    0.695      0.120
Planar groups                        4     0.000    0.010      0.020
VDW nonbonded                        2     0.013    0.064      0.200
VDW torsion                         10     0.116    0.579      0.200



====== CYCLE 22 ======

 weight = 1.0000e+00
 geom_x = 15.807828635312449
 geom_a = 0
 geom_q = 0
 geom_c = 0.0
f0= 1.5808e+01
using cgsolve in c++, ic=False
diag(geom) min= 505.609866 max= 16773.774955
diag(all) min= 505.609866 max= 16773.774955
Trying gamma equal 0.084000
Convergence reached after 21 iterations with no gamma cycles
min(dx) = -0.0005301568640322552
max(dx) = 0.0006402432311436735
mean(dx)= 5.715376451034156e-06
vdws = 66
atoms = 22
pairs = 126
 geom_x = 15.806814116813802
 geom_a = 0
 geom_q = 0
 geom_c = 0.0
f1, 0= 1.5807e+01
                          N restraints  r.m.s.d.  r.m.s.Z  Mn(sigma)
Bond distances, non H               11     0.008    0.426      0.016
Bond distances, H                   11     0.000    0.017      0.016
Bond angles, non H                  15     2.572    0.860      2.300
Bond angles, H                      26     0.950    0.373      2.006
Torsion angles, period 3             2     0.946    0.095     10.000
Chiral centres                       3     0.063    0.695      0.120
Planar groups                        4     0.000    0.010      0.020
VDW nonbonded                        2     0.013    0.063      0.200
VDW torsion                         10     0.116    0.579      0.200



====== CYCLE 23 ======

 weight = 1.0000e+00
 geom_x = 15.806814116813802
 geom_a = 0
 geom_q = 0
 geom_c = 0.0
f0= 1.5807e+01
using cgsolve in c++, ic=False
diag(geom) min= 505.792071 max= 16773.838662
diag(all) min= 505.792071 max= 16773.838662
Trying gamma equal 0.084000
Convergence reached after 20 iterations with no gamma cycles
min(dx) = -0.0005179137918491061
max(dx) = 0.0006304568132576147
mean(dx)= 5.920994844918339e-06
vdws = 66
atoms = 22
pairs = 126
 geom_x = 15.8058350750809
 geom_a = 0
 geom_q = 0
 geom_c = 0.0
f1, 0= 1.5806e+01
                          N restraints  r.m.s.d.  r.m.s.Z  Mn(sigma)
Bond distances, non H               11     0.008    0.426      0.016
Bond distances, H                   11     0.000    0.017      0.016
Bond angles, non H                  15     2.572    0.860      2.300
Bond angles, H                      26     0.950    0.373      2.006
Torsion angles, period 3             2     0.948    0.095     10.000
Chiral centres                       3     0.063    0.695      0.120
Planar groups                        4     0.000    0.010      0.020
VDW nonbonded                        2     0.012    0.062      0.200
VDW torsion                         10     0.116    0.579      0.200



====== CYCLE 24 ======

 weight = 1.0000e+00
 geom_x = 15.8058350750809
 geom_a = 0
 geom_q = 0
 geom_c = 0.0
f0= 1.5806e+01
using cgsolve in c++, ic=False
diag(geom) min= 505.972635 max= 16773.903058
diag(all) min= 505.972635 max= 16773.903058
Trying gamma equal 0.084000
Convergence reached after 20 iterations with no gamma cycles
min(dx) = -0.0005062509603046815
max(dx) = 0.0006212187907883898
mean(dx)= 6.112382232274005e-06
vdws = 66
atoms = 22
pairs = 126
 geom_x = 15.804888809719333
 geom_a = 0
 geom_q = 0
 geom_c = 0.0
f1, 0= 1.5805e+01
                          N restraints  r.m.s.d.  r.m.s.Z  Mn(sigma)
Bond distances, non H               11     0.008    0.426      0.016
Bond distances, H                   11     0.000    0.017      0.016
Bond angles, non H                  15     2.572    0.860      2.300
Bond angles, H                      26     0.951    0.373      2.006
Torsion angles, period 3             2     0.950    0.095     10.000
Chiral centres                       3     0.063    0.695      0.120
Planar groups                        4     0.000    0.010      0.020
VDW nonbonded                        2     0.012    0.061      0.200
VDW torsion                         10     0.116    0.579      0.200



====== CYCLE 25 ======

 weight = 1.0000e+00
 geom_x = 15.804888809719333
 geom_a = 0
 geom_q = 0
 geom_c = 0.0
f0= 1.5805e+01
using cgsolve in c++, ic=False
diag(geom) min= 506.151615 max= 16773.968034
diag(all) min= 506.151615 max= 16773.968034
Trying gamma equal 0.084000
Convergence reached after 20 iterations with no gamma cycles
min(dx) = -0.0004950951369732208
max(dx) = 0.0006124844331398276
mean(dx)= 6.289693627141538e-06
vdws = 66
atoms = 22
pairs = 126
 geom_x = 15.803972942945679
 geom_a = 0
 geom_q = 0
 geom_c = 0.0
f1, 0= 1.5804e+01
                          N restraints  r.m.s.d.  r.m.s.Z  Mn(sigma)
Bond distances, non H               11     0.008    0.426      0.016
Bond distances, H                   11     0.000    0.017      0.016
Bond angles, non H                  15     2.572    0.860      2.300
Bond angles, H                      26     0.951    0.373      2.006
Torsion angles, period 3             2     0.953    0.095     10.000
Chiral centres                       3     0.063    0.695      0.120
Planar groups                        4     0.000    0.010      0.020
VDW nonbonded                        2     0.012    0.060      0.200
VDW torsion                         10     0.116    0.579      0.200



====== CYCLE 26 ======

 weight = 1.0000e+00
 geom_x = 15.803972942945679
 geom_a = 0
 geom_q = 0
 geom_c = 0.0
f0= 1.5804e+01
using cgsolve in c++, ic=False
diag(geom) min= 506.329059 max= 16774.033617
diag(all) min= 506.329059 max= 16774.033617
Trying gamma equal 0.084000
Convergence reached after 20 iterations with no gamma cycles
min(dx) = -0.00048437907948252056
max(dx) = 0.0006042149857995305
mean(dx)= 6.453993125065048e-06
vdws = 66
atoms = 22
pairs = 126
 geom_x = 15.803085371176973
 geom_a = 0
 geom_q = 0
 geom_c = 0.0
f1, 0= 1.5803e+01
                          N restraints  r.m.s.d.  r.m.s.Z  Mn(sigma)
Bond distances, non H               11     0.008    0.426      0.016
Bond distances, H                   11     0.000    0.017      0.016
Bond angles, non H                  15     2.572    0.860      2.300
Bond angles, H                      26     0.951    0.373      2.006
Torsion angles, period 3             2     0.955    0.095     10.000
Chiral centres                       3     0.063    0.695      0.120
Planar groups                        4     0.000    0.010      0.020
VDW nonbonded                        2     0.012    0.058      0.200
VDW torsion                         10     0.116    0.579      0.200



====== CYCLE 27 ======

 weight = 1.0000e+00
 geom_x = 15.803085371176973
 geom_a = 0
 geom_q = 0
 geom_c = 0.0
f0= 1.5803e+01
using cgsolve in c++, ic=False
diag(geom) min= 506.505019 max= 16774.099789
diag(all) min= 506.505019 max= 16774.099789
Trying gamma equal 0.084000
Convergence reached after 20 iterations with no gamma cycles
min(dx) = -0.00047405190487722476
max(dx) = 0.0005963744921033762
mean(dx)= 6.606205846381436e-06
vdws = 66
atoms = 22
pairs = 126
 geom_x = 15.802224225231681
 geom_a = 0
 geom_q = 0
 geom_c = 0.0
f1, 0= 1.5802e+01
                          N restraints  r.m.s.d.  r.m.s.Z  Mn(sigma)
Bond distances, non H               11     0.008    0.426      0.016
Bond distances, H                   11     0.000    0.017      0.016
Bond angles, non H                  15     2.572    0.860      2.300
Bond angles, H                      26     0.951    0.373      2.006
Torsion angles, period 3             2     0.957    0.096     10.000
Chiral centres                       3     0.063    0.695      0.120
Planar groups                        4     0.000    0.010      0.020
VDW nonbonded                        2     0.011    0.057      0.200
VDW torsion                         10     0.116    0.579      0.200



====== CYCLE 28 ======

 weight = 1.0000e+00
 geom_x = 15.802224225231681
 geom_a = 0
 geom_q = 0
 geom_c = 0.0
f0= 1.5802e+01
using cgsolve in c++, ic=False
diag(geom) min= 506.679542 max= 16774.166521
diag(all) min= 506.679542 max= 16774.166521
Trying gamma equal 0.084000
Convergence reached after 20 iterations with no gamma cycles
min(dx) = -0.0004640737941515418
max(dx) = 0.0005911535257454463
mean(dx)= 6.7471909205603255e-06
vdws = 66
atoms = 22
pairs = 126
 geom_x = 15.801387837322272
 geom_a = 0
 geom_q = 0
 geom_c = 0.0
f1, 0= 1.5801e+01
                          N restraints  r.m.s.d.  r.m.s.Z  Mn(sigma)
Bond distances, non H               11     0.008    0.426      0.016
Bond distances, H                   11     0.000    0.017      0.016
Bond angles, non H                  15     2.572    0.860      2.300
Bond angles, H                      26     0.951    0.373      2.006
Torsion angles, period 3             2     0.958    0.096     10.000
Chiral centres                       3     0.063    0.695      0.120
Planar groups                        4     0.000    0.010      0.020
VDW nonbonded                        2     0.011    0.056      0.200
VDW torsion                         10     0.116    0.579      0.200



====== CYCLE 29 ======

 weight = 1.0000e+00
 geom_x = 15.801387837322272
 geom_a = 0
 geom_q = 0
 geom_c = 0.0
f0= 1.5801e+01
using cgsolve in c++, ic=False
diag(geom) min= 506.852678 max= 16774.233785
diag(all) min= 506.852678 max= 16774.233785
Trying gamma equal 0.084000
Convergence reached after 20 iterations with no gamma cycles
min(dx) = -0.0004544132394816839
max(dx) = 0.0005876137299327622
mean(dx)= 6.877747799302821e-06
vdws = 66
atoms = 22
pairs = 126
 geom_x = 15.800574713477127
 geom_a = 0
 geom_q = 0
 geom_c = 0.0
f1, 0= 1.5801e+01
                          N restraints  r.m.s.d.  r.m.s.Z  Mn(sigma)
Bond distances, non H               11     0.008    0.426      0.016
Bond distances, H                   11     0.000    0.017      0.016
Bond angles, non H                  15     2.572    0.860      2.300
Bond angles, H                      26     0.951    0.373      2.006
Torsion angles, period 3             2     0.960    0.096     10.000
Chiral centres                       3     0.063    0.695      0.120
Planar groups                        4     0.000    0.010      0.020
VDW nonbonded                        2     0.011    0.055      0.200
VDW torsion                         10     0.116    0.579      0.200



====== CYCLE 30 ======

 weight = 1.0000e+00
 geom_x = 15.800574713477127
 geom_a = 0
 geom_q = 0
 geom_c = 0.0
f0= 1.5801e+01
using cgsolve in c++, ic=False
diag(geom) min= 507.024471 max= 16774.301550
diag(all) min= 507.024471 max= 16774.301550
Trying gamma equal 0.084000
Convergence reached after 19 iterations with no gamma cycles
min(dx) = -0.00044556983158194343
max(dx) = 0.0005838189840250584
mean(dx)= 6.998444652097207e-06
vdws = 66
atoms = 22
pairs = 126
 geom_x = 15.799783510359433
 geom_a = 0
 geom_q = 0
 geom_c = 0.0
f1, 0= 1.5800e+01
                          N restraints  r.m.s.d.  r.m.s.Z  Mn(sigma)
Bond distances, non H               11     0.008    0.426      0.016
Bond distances, H                   11     0.000    0.017      0.016
Bond angles, non H                  15     2.572    0.860      2.300
Bond angles, H                      26     0.951    0.373      2.006
Torsion angles, period 3             2     0.962    0.096     10.000
Chiral centres                       3     0.063    0.695      0.120
Planar groups                        4     0.000    0.010      0.020
VDW nonbonded                        2     0.011    0.055      0.200
VDW torsion                         10     0.116    0.579      0.200


$TABLE: stats vs cycle :
$GRAPHS
: Geometry :A:1,2,4:
: Geometry Z :A:1,5,3:
$$
 Ncyc  rmsBOND  zBOND  rmsANGL  zANGL
$$
$$
    0   0.0131 0.7154   2.2702 0.7628
    1   0.0082 0.4434   2.4897 0.8331
    2   0.0078 0.4244   2.5288 0.8460
    3   0.0078 0.4232   2.5425 0.8505
    4   0.0078 0.4236   2.5500 0.8530
    5   0.0078 0.4240   2.5551 0.8547
    6   0.0078 0.4244   2.5587 0.8559
    7   0.0078 0.4247   2.5618 0.8569
    8   0.0078 0.4249   2.5640 0.8577
    9   0.0078 0.4251   2.5657 0.8582
   10   0.0078 0.4252   2.5669 0.8587
   11   0.0078 0.4253   2.5679 0.8590
   12   0.0078 0.4254   2.5686 0.8592
   13   0.0078 0.4254   2.5691 0.8594
   14   0.0078 0.4255   2.5695 0.8595
   15   0.0078 0.4256   2.5701 0.8597
   16   0.0078 0.4256   2.5705 0.8598
   17   0.0078 0.4257   2.5708 0.8600
   18   0.0078 0.4257   2.5711 0.8600
   19   0.0078 0.4257   2.5713 0.8601
   20   0.0078 0.4257   2.5715 0.8602
   21   0.0078 0.4257   2.5716 0.8602
   22   0.0078 0.4258   2.5717 0.8603
   23   0.0078 0.4258   2.5718 0.8603
   24   0.0078 0.4258   2.5719 0.8603
   25   0.0078 0.4258   2.5719 0.8603
   26   0.0078 0.4257   2.5719 0.8603
   27   0.0078 0.4257   2.5719 0.8603
   28   0.0078 0.4257   2.5719 0.8603
   29   0.0078 0.4257   2.5718 0.8603
   30   0.0078 0.4257   2.5718 0.8603
$$

Updated dictionary saved: cys-epx_link_TMP/LIG_for_link_TMP/mol_1_conf_15_updated.cif
Refinement statistics saved: cys-epx_link_TMP/LIG_for_link_TMP/mol_1_conf_15_stats.json

# Finished on 2026-06-14 11:42:39.160562

=========END OF PROCESS INFORMATION ==========
