
============ PROCESS INFORMATION =============
# Servalcat ver. 0.4.128 (Python 3.9.18)
# Library vers. gemmi 0.7.4, scipy 1.7.3, numpy 1.19.5, pandas 1.3.5
# Started on 2026-06-14 11:42:22.417426
# Host: Mac.lan User: hilgersmt
# Command-line:
# servalcat --logfile cys-epx_link_TMP/LIG_for_link_TMP/servalcat.log refine_geom --update_dictionary cys-epx_link_TMP/LIG_for_link_TMP/mol_1_conf_6_init.cif -o cys-epx_link_TMP/LIG_for_link_TMP/mol_1_conf_6 --randomize 0.01
Config loaded
--
refine:
  atom_selection:
    xyz:
      include:
      - '*'
      exclude: []
      exclude_restraint: []
    adp:
      include: []
      exclude: []
      exclude_restraint: []
    occ:
      include: []
      exclude: []
      exclude_restraint: []
    dfrac:
      include: []
      exclude: []
      exclude_restraint: []
  occ_groups: []
  occ_group_constraints: []
  occ_group_const_mu: 10.0
  occ_group_const_mu_update_factor: 1.1
  occ_group_const_mu_update_tol_rel: 0.25
  occ_group_const_mu_update_tol_abs: 0.01
  initialisation:
    adp: {}
    occ: {}
    dfrac: {}
  write_trajectory: false
--
Reading monomers from /Applications/ccp4-9/lib/data/monomers/
Monomer not in the library: LIG.
Reading monomer: cys-epx_link_TMP/LIG_for_link_TMP/mol_1_conf_6_init.cif
Monomer library loaded: 1 monomers, 109 links, 133 modifications
       loaded monomers: LIG

Checking if unknown atoms exist..
Creating restraints..

Chain info:
 chain 
  ligands: LIG (1 residues)

Number of refinement parameters:
       n_params  n_atoms  n_atoms_geom_only  n_atoms_data_only
xyz          11       11                  0                  0
adp           0        0                  0                  0
occ           0        0                  0                  0
dfrac         0        0                  0                  0

Randomizing structure with rmsd of 0.01
Torsion angle rules:
 include:
  {'group': 'peptide', 'tors_name': 'chi*'}
  {'link': '*', 'tors_name': 'omega'}
  {'residue': '*', 'tors_name': 'sp2_sp2*'}
  {'link': '*', 'tors_name': 'sp2_sp2*'}
 exclude:
  none
External restraints from Refmac instructions
 Number of distances          : 0
 Number of angles             : 0
 Number of torsions           : 0
 Number of chirals            : 0
 Number of planes             : 0
 Number of intervals          : 0
 Number of stackings          : 0
 Number of harmonics          : 0
 Number of special positions  : 0

Running 10 cycles with wchir=4 wvdw=2 without hydrogen
Geometry weights
vdws = 10
atoms = 11
pairs = 33
 *** Bond distances outliers (Z >= 5) ***

    atom1     atom2  value  ideal  sigma     z
/LIG 1/C3 /LIG 1/O7  1.391  1.251  0.018 7.633

                       N restraints  r.m.s.d.  r.m.s.Z  Mn(sigma)
Bond distances, non H            11     0.052    3.118      0.016
Bond angles, non H               15     5.339    2.189      2.300
Chiral centres                    3     0.139    1.517      0.120
Planar groups                     4     0.002    0.095      0.020
VDW torsion                       4     0.247    1.234      0.200


====== CYCLE  1 ======

 weight = 1.0000e+00
 geom_x = 156.82188484094206
 geom_a = 0
 geom_q = 0
 geom_c = 0.0
f0= 1.5682e+02
using cgsolve in c++, ic=False
diag(geom) min= 118.509303 max= 30215.174842
diag(all) min= 118.509303 max= 30215.174842
Trying gamma equal 0.000000
Not converging with gamma equal 0.000000
Trying gamma equal 0.052500
Not converging with gamma equal 0.052500
Trying gamma equal 0.107625
Gamma decreased to 0.096600
min(dx) = -0.10563124387151819
max(dx) = 0.09519142583662205
mean(dx)= -0.0006368792154356137
vdws = 10
atoms = 11
pairs = 33
 geom_x = 22.12855341389253
 geom_a = 0
 geom_q = 0
 geom_c = 0.0
f1, 0= 2.2129e+01
                       N restraints  r.m.s.d.  r.m.s.Z  Mn(sigma)
Bond distances, non H            11     0.013    0.662      0.016
Bond angles, non H               15     3.393    1.138      2.300
Chiral centres                    3     0.014    0.119      0.120
Planar groups                     4     0.002    0.113      0.020
VDW torsion                       4     0.220    1.098      0.200



====== CYCLE  2 ======

 weight = 1.0000e+00
 geom_x = 22.12855341389253
 geom_a = 0
 geom_q = 0
 geom_c = 0.0
f0= 2.2129e+01
using cgsolve in c++, ic=False
diag(geom) min= 137.665676 max= 29157.422104
diag(all) min= 137.665676 max= 29157.422104
Trying gamma equal 0.096600
Convergence reached after 21 iterations with no gamma cycles
min(dx) = -0.035743505064714735
max(dx) = 0.031846492011937795
mean(dx)= 0.0015403329901463186
vdws = 10
atoms = 11
pairs = 33
 geom_x = 17.950538779360883
 geom_a = 0
 geom_q = 0
 geom_c = 0.0
f1, 0= 1.7951e+01
                       N restraints  r.m.s.d.  r.m.s.Z  Mn(sigma)
Bond distances, non H            11     0.010    0.556      0.016
Bond angles, non H               15     2.804    0.937      2.300
Chiral centres                    3     0.008    0.079      0.120
Planar groups                     4     0.001    0.054      0.020
VDW torsion                       4     0.218    1.091      0.200



====== CYCLE  3 ======

 weight = 1.0000e+00
 geom_x = 17.950538779360883
 geom_a = 0
 geom_q = 0
 geom_c = 0.0
f0= 1.7951e+01
using cgsolve in c++, ic=False
diag(geom) min= 150.764529 max= 28984.776056
diag(all) min= 150.764529 max= 28984.776056
Trying gamma equal 0.096600
Convergence reached after 22 iterations with no gamma cycles
min(dx) = -0.02903059209522093
max(dx) = 0.026493348464091564
mean(dx)= 0.0005718851466049049
vdws = 10
atoms = 11
pairs = 33
 geom_x = 16.204131309082978
 geom_a = 0
 geom_q = 0
 geom_c = 0.0
f1, 0= 1.6204e+01
                       N restraints  r.m.s.d.  r.m.s.Z  Mn(sigma)
Bond distances, non H            11     0.010    0.554      0.016
Bond angles, non H               15     2.507    0.838      2.300
Chiral centres                    3     0.007    0.078      0.120
Planar groups                     4     0.001    0.053      0.020
VDW torsion                       4     0.213    1.067      0.200



====== CYCLE  4 ======

 weight = 1.0000e+00
 geom_x = 16.204131309082978
 geom_a = 0
 geom_q = 0
 geom_c = 0.0
f0= 1.6204e+01
using cgsolve in c++, ic=False
diag(geom) min= 162.970070 max= 28949.321928
diag(all) min= 162.970070 max= 28949.321928
Trying gamma equal 0.096600
Convergence reached after 23 iterations with no gamma cycles
min(dx) = -0.027307689367707045
max(dx) = 0.02234130315404496
mean(dx)= 0.0002474380324371909
vdws = 10
atoms = 11
pairs = 33
 geom_x = 15.18436636720795
 geom_a = 0
 geom_q = 0
 geom_c = 0.0
f1, 0= 1.5184e+01
                       N restraints  r.m.s.d.  r.m.s.Z  Mn(sigma)
Bond distances, non H            11     0.010    0.556      0.016
Bond angles, non H               15     2.335    0.781      2.300
Chiral centres                    3     0.007    0.077      0.120
Planar groups                     4     0.001    0.055      0.020
VDW torsion                       4     0.209    1.047      0.200



====== CYCLE  5 ======

 weight = 1.0000e+00
 geom_x = 15.18436636720795
 geom_a = 0
 geom_q = 0
 geom_c = 0.0
f0= 1.5184e+01
using cgsolve in c++, ic=False
diag(geom) min= 177.960604 max= 28932.921913
diag(all) min= 177.960604 max= 28932.921913
Trying gamma equal 0.096600
Not converging with gamma equal 0.096600
Trying gamma equal 0.149100
Not converging with gamma equal 0.149100
Trying gamma equal 0.204225
Gamma decreased to 0.193200
min(dx) = -0.012038462154466616
max(dx) = 0.009230870553393047
mean(dx)= 5.630441740886359e-05
vdws = 10
atoms = 11
pairs = 33
 geom_x = 14.83267365920896
 geom_a = 0
 geom_q = 0
 geom_c = 0.0
f1, 0= 1.4833e+01
                       N restraints  r.m.s.d.  r.m.s.Z  Mn(sigma)
Bond distances, non H            11     0.010    0.554      0.016
Bond angles, non H               15     2.278    0.762      2.300
Chiral centres                    3     0.008    0.081      0.120
Planar groups                     4     0.001    0.055      0.020
VDW torsion                       4     0.208    1.038      0.200



====== CYCLE  6 ======

 weight = 1.0000e+00
 geom_x = 14.83267365920896
 geom_a = 0
 geom_q = 0
 geom_c = 0.0
f0= 1.4833e+01
using cgsolve in c++, ic=False
diag(geom) min= 185.540141 max= 28921.386604
diag(all) min= 185.540141 max= 28921.386604
Trying gamma equal 0.193200
Convergence reached after 17 iterations with no gamma cycles
min(dx) = -0.011233319436909313
max(dx) = 0.0088278183523746
mean(dx)= 4.119962994835535e-05
vdws = 10
atoms = 11
pairs = 33
 geom_x = 14.543257916440053
 geom_a = 0
 geom_q = 0
 geom_c = 0.0
f1, 0= 1.4543e+01
                       N restraints  r.m.s.d.  r.m.s.Z  Mn(sigma)
Bond distances, non H            11     0.010    0.556      0.016
Bond angles, non H               15     2.232    0.747      2.300
Chiral centres                    3     0.008    0.080      0.120
Planar groups                     4     0.001    0.055      0.020
VDW torsion                       4     0.206    1.031      0.200



====== CYCLE  7 ======

 weight = 1.0000e+00
 geom_x = 14.543257916440053
 geom_a = 0
 geom_q = 0
 geom_c = 0.0
f0= 1.4543e+01
using cgsolve in c++, ic=False
diag(geom) min= 193.589608 max= 28913.081374
diag(all) min= 193.589608 max= 28913.081374
Trying gamma equal 0.193200
Convergence reached after 17 iterations with no gamma cycles
min(dx) = -0.009950709830232598
max(dx) = 0.007748561905707332
mean(dx)= 1.7426614680157735e-05
vdws = 9
atoms = 11
pairs = 32
 geom_x = 14.314298889511594
 geom_a = 0
 geom_q = 0
 geom_c = 0.0
f1, 0= 1.4314e+01
                       N restraints  r.m.s.d.  r.m.s.Z  Mn(sigma)
Bond distances, non H            11     0.010    0.557      0.016
Bond angles, non H               15     2.197    0.736      2.300
Chiral centres                    3     0.008    0.080      0.120
Planar groups                     4     0.001    0.054      0.020
VDW torsion                       4     0.205    1.024      0.200



====== CYCLE  8 ======

 weight = 1.0000e+00
 geom_x = 14.314298889511594
 geom_a = 0
 geom_q = 0
 geom_c = 0.0
f0= 1.4314e+01
using cgsolve in c++, ic=False
diag(geom) min= 201.282230 max= 28904.700700
diag(all) min= 201.282230 max= 28904.700700
Trying gamma equal 0.193200
Convergence reached after 17 iterations with no gamma cycles
min(dx) = -0.008779423096477229
max(dx) = 0.006763150681688259
mean(dx)= 9.751559180531197e-07
vdws = 9
atoms = 11
pairs = 32
 geom_x = 14.130316725866177
 geom_a = 0
 geom_q = 0
 geom_c = 0.0
f1, 0= 1.4130e+01
                       N restraints  r.m.s.d.  r.m.s.Z  Mn(sigma)
Bond distances, non H            11     0.010    0.559      0.016
Bond angles, non H               15     2.170    0.727      2.300
Chiral centres                    3     0.008    0.079      0.120
Planar groups                     4     0.001    0.053      0.020
VDW torsion                       4     0.204    1.018      0.200



====== CYCLE  9 ======

 weight = 1.0000e+00
 geom_x = 14.130316725866177
 geom_a = 0
 geom_q = 0
 geom_c = 0.0
f0= 1.4130e+01
using cgsolve in c++, ic=False
diag(geom) min= 208.466951 max= 28896.272396
diag(all) min= 208.466951 max= 28896.272396
Trying gamma equal 0.193200
Convergence reached after 17 iterations with no gamma cycles
min(dx) = -0.007724199443682315
max(dx) = 0.005921959056913914
mean(dx)= -9.782386100003837e-06
vdws = 9
atoms = 11
pairs = 32
 geom_x = 13.980213721020029
 geom_a = 0
 geom_q = 0
 geom_c = 0.0
f1, 0= 1.3980e+01
                       N restraints  r.m.s.d.  r.m.s.Z  Mn(sigma)
Bond distances, non H            11     0.010    0.561      0.016
Bond angles, non H               15     2.149    0.720      2.300
Chiral centres                    3     0.008    0.079      0.120
Planar groups                     4     0.001    0.051      0.020
VDW torsion                       4     0.203    1.013      0.200



====== CYCLE 10 ======

 weight = 1.0000e+00
 geom_x = 13.980213721020029
 geom_a = 0
 geom_q = 0
 geom_c = 0.0
f0= 1.3980e+01
using cgsolve in c++, ic=False
diag(geom) min= 215.059455 max= 28887.943982
diag(all) min= 215.059455 max= 28887.943982
Trying gamma equal 0.193200
Convergence reached after 16 iterations with no gamma cycles
min(dx) = -0.0067835956166505
max(dx) = 0.005529713810271546
mean(dx)= -1.6269299291443313e-05
vdws = 9
atoms = 11
pairs = 32
 geom_x = 13.855975497159548
 geom_a = 0
 geom_q = 0
 geom_c = 0.0
f1, 0= 1.3856e+01
                       N restraints  r.m.s.d.  r.m.s.Z  Mn(sigma)
Bond distances, non H            11     0.010    0.562      0.016
Bond angles, non H               15     2.133    0.715      2.300
Chiral centres                    3     0.008    0.078      0.120
Planar groups                     4     0.001    0.049      0.020
VDW torsion                       4     0.202    1.008      0.200


$TABLE: stats vs cycle :
$GRAPHS
: Geometry :A:1,2,4:
: Geometry Z :A:1,3,5:
$$
 Ncyc  rmsBOND  zBOND  rmsANGL  zANGL
$$
$$
    0   0.0519 3.1177   5.3386 2.1895
    1   0.0127 0.6616   3.3927 1.1381
    2   0.0102 0.5559   2.8039 0.9367
    3   0.0101 0.5536   2.5069 0.8380
    4   0.0102 0.5556   2.3349 0.7811
    5   0.0102 0.5536   2.2782 0.7624
    6   0.0102 0.5555   2.2321 0.7473
    7   0.0103 0.5574   2.1970 0.7358
    8   0.0103 0.5592   2.1702 0.7271
    9   0.0104 0.5608   2.1494 0.7203
   10   0.0104 0.5623   2.1333 0.7151
$$

Running 30 cycles with wchir=1 wvdw=2 without hydrogen
Geometry weights
vdws = 9
atoms = 11
pairs = 32
                       N restraints  r.m.s.d.  r.m.s.Z  Mn(sigma)
Bond distances, non H            11     0.010    0.562      0.016
Bond angles, non H               15     2.133    0.715      2.300
Chiral centres                    3     0.008    0.078      0.120
Planar groups                     4     0.001    0.049      0.020
VDW torsion                       4     0.202    1.008      0.200


====== CYCLE  1 ======

 weight = 1.0000e+00
 geom_x = 13.71770182135073
 geom_a = 0
 geom_q = 0
 geom_c = 0.0
f0= 1.3718e+01
using cgsolve in c++, ic=False
diag(geom) min= 130.339581 max= 12079.305006
diag(all) min= 130.339581 max= 12079.305006
Trying gamma equal 0.193200
Convergence reached after 16 iterations with no gamma cycles
min(dx) = -0.013634033475158744
max(dx) = 0.011217850477006753
mean(dx)= 0.00011617858120732632
vdws = 9
atoms = 11
pairs = 32
 geom_x = 12.74683263289023
 geom_a = 0
 geom_q = 0
 geom_c = 0.0
f1, 0= 1.2747e+01
                       N restraints  r.m.s.d.  r.m.s.Z  Mn(sigma)
Bond distances, non H            11     0.007    0.375      0.016
Bond angles, non H               15     2.252    0.753      2.300
Chiral centres                    3     0.047    0.494      0.120
Planar groups                     4     0.001    0.043      0.020
VDW torsion                       4     0.192    0.959      0.200



====== CYCLE  2 ======

 weight = 1.0000e+00
 geom_x = 12.74683263289023
 geom_a = 0
 geom_q = 0
 geom_c = 0.0
f0= 1.2747e+01
using cgsolve in c++, ic=False
diag(geom) min= 133.110856 max= 12030.443119
diag(all) min= 133.110856 max= 12030.443119
Trying gamma equal 0.193200
Convergence reached after 18 iterations with no gamma cycles
min(dx) = -0.007305566432992971
max(dx) = 0.004937641865532345
mean(dx)= -2.7131191381993195e-05
vdws = 9
atoms = 11
pairs = 32
 geom_x = 12.60041912476239
 geom_a = 0
 geom_q = 0
 geom_c = 0.0
f1, 0= 1.2600e+01
                       N restraints  r.m.s.d.  r.m.s.Z  Mn(sigma)
Bond distances, non H            11     0.007    0.362      0.016
Bond angles, non H               15     2.288    0.765      2.300
Chiral centres                    3     0.054    0.548      0.120
Planar groups                     4     0.001    0.040      0.020
VDW torsion                       4     0.188    0.938      0.200



====== CYCLE  3 ======

 weight = 1.0000e+00
 geom_x = 12.60041912476239
 geom_a = 0
 geom_q = 0
 geom_c = 0.0
f0= 1.2600e+01
using cgsolve in c++, ic=False
diag(geom) min= 133.639862 max= 12012.692204
diag(all) min= 133.639862 max= 12012.692204
Trying gamma equal 0.193200
Convergence reached after 17 iterations with no gamma cycles
min(dx) = -0.004839924149382163
max(dx) = 0.004404248427993266
mean(dx)= 2.0506436948110526e-05
vdws = 9
atoms = 11
pairs = 32
 geom_x = 12.500761794925946
 geom_a = 0
 geom_q = 0
 geom_c = 0.0
f1, 0= 1.2501e+01
                       N restraints  r.m.s.d.  r.m.s.Z  Mn(sigma)
Bond distances, non H            11     0.007    0.365      0.016
Bond angles, non H               15     2.299    0.769      2.300
Chiral centres                    3     0.056    0.559      0.120
Planar groups                     4     0.001    0.037      0.020
VDW torsion                       4     0.185    0.926      0.200



====== CYCLE  4 ======

 weight = 1.0000e+00
 geom_x = 12.500761794925946
 geom_a = 0
 geom_q = 0
 geom_c = 0.0
f0= 1.2501e+01
using cgsolve in c++, ic=False
diag(geom) min= 133.794342 max= 12000.187146
diag(all) min= 133.794342 max= 12000.187146
Trying gamma equal 0.193200
Convergence reached after 16 iterations with no gamma cycles
min(dx) = -0.004767254855662298
max(dx) = 0.0039002952480475697
mean(dx)= 2.9094017928147742e-05
vdws = 9
atoms = 11
pairs = 32
 geom_x = 12.422400705077521
 geom_a = 0
 geom_q = 0
 geom_c = 0.0
f1, 0= 1.2422e+01
                       N restraints  r.m.s.d.  r.m.s.Z  Mn(sigma)
Bond distances, non H            11     0.007    0.368      0.016
Bond angles, non H               15     2.304    0.771      2.300
Chiral centres                    3     0.057    0.563      0.120
Planar groups                     4     0.001    0.035      0.020
VDW torsion                       4     0.184    0.918      0.200



====== CYCLE  5 ======

 weight = 1.0000e+00
 geom_x = 12.422400705077521
 geom_a = 0
 geom_q = 0
 geom_c = 0.0
f0= 1.2422e+01
using cgsolve in c++, ic=False
diag(geom) min= 133.861963 max= 11989.860723
diag(all) min= 133.861963 max= 11989.860723
Trying gamma equal 0.193200
Convergence reached after 16 iterations with no gamma cycles
min(dx) = -0.004597375670600628
max(dx) = 0.0034613437924404405
mean(dx)= 2.5686263061605506e-05
vdws = 9
atoms = 11
pairs = 32
 geom_x = 12.358261804575907
 geom_a = 0
 geom_q = 0
 geom_c = 0.0
f1, 0= 1.2358e+01
                       N restraints  r.m.s.d.  r.m.s.Z  Mn(sigma)
Bond distances, non H            11     0.007    0.371      0.016
Bond angles, non H               15     2.306    0.771      2.300
Chiral centres                    3     0.058    0.565      0.120
Planar groups                     4     0.001    0.033      0.020
VDW torsion                       4     0.182    0.912      0.200



====== CYCLE  6 ======

 weight = 1.0000e+00
 geom_x = 12.358261804575907
 geom_a = 0
 geom_q = 0
 geom_c = 0.0
f0= 1.2358e+01
using cgsolve in c++, ic=False
diag(geom) min= 133.900044 max= 11981.086299
diag(all) min= 133.900044 max= 11981.086299
Trying gamma equal 0.193200
Convergence reached after 16 iterations with no gamma cycles
min(dx) = -0.004372352892597591
max(dx) = 0.0032219870905817174
mean(dx)= 2.201762607794113e-05
vdws = 9
atoms = 11
pairs = 32
 geom_x = 12.30450061796072
 geom_a = 0
 geom_q = 0
 geom_c = 0.0
f1, 0= 1.2305e+01
                       N restraints  r.m.s.d.  r.m.s.Z  Mn(sigma)
Bond distances, non H            11     0.007    0.374      0.016
Bond angles, non H               15     2.306    0.772      2.300
Chiral centres                    3     0.059    0.566      0.120
Planar groups                     4     0.001    0.031      0.020
VDW torsion                       4     0.181    0.907      0.200



====== CYCLE  7 ======

 weight = 1.0000e+00
 geom_x = 12.30450061796072
 geom_a = 0
 geom_q = 0
 geom_c = 0.0
f0= 1.2305e+01
using cgsolve in c++, ic=False
diag(geom) min= 133.919073 max= 11973.596030
diag(all) min= 133.919073 max= 11973.596030
Trying gamma equal 0.193200
Convergence reached after 15 iterations with no gamma cycles
min(dx) = -0.004118216024118059
max(dx) = 0.0030113336048365165
mean(dx)= 2.0411281078329728e-05
vdws = 9
atoms = 11
pairs = 32
 geom_x = 12.258670746550836
 geom_a = 0
 geom_q = 0
 geom_c = 0.0
f1, 0= 1.2259e+01
                       N restraints  r.m.s.d.  r.m.s.Z  Mn(sigma)
Bond distances, non H            11     0.007    0.375      0.016
Bond angles, non H               15     2.306    0.772      2.300
Chiral centres                    3     0.059    0.566      0.120
Planar groups                     4     0.001    0.029      0.020
VDW torsion                       4     0.181    0.904      0.200



====== CYCLE  8 ======

 weight = 1.0000e+00
 geom_x = 12.258670746550836
 geom_a = 0
 geom_q = 0
 geom_c = 0.0
f0= 1.2259e+01
using cgsolve in c++, ic=False
diag(geom) min= 133.919472 max= 11967.209131
diag(all) min= 133.919472 max= 11967.209131
Trying gamma equal 0.193200
Convergence reached after 15 iterations with no gamma cycles
min(dx) = -0.0038513850898066874
max(dx) = 0.002815682277987741
mean(dx)= 2.0707107491595408e-05
vdws = 9
atoms = 11
pairs = 32
 geom_x = 12.219098473750044
 geom_a = 0
 geom_q = 0
 geom_c = 0.0
f1, 0= 1.2219e+01
                       N restraints  r.m.s.d.  r.m.s.Z  Mn(sigma)
Bond distances, non H            11     0.007    0.377      0.016
Bond angles, non H               15     2.306    0.772      2.300
Chiral centres                    3     0.059    0.566      0.120
Planar groups                     4     0.001    0.027      0.020
VDW torsion                       4     0.180    0.900      0.200



====== CYCLE  9 ======

 weight = 1.0000e+00
 geom_x = 12.219098473750044
 geom_a = 0
 geom_q = 0
 geom_c = 0.0
f0= 1.2219e+01
using cgsolve in c++, ic=False
diag(geom) min= 133.900462 max= 11961.777963
diag(all) min= 133.900462 max= 11961.777963
Trying gamma equal 0.193200
Convergence reached after 15 iterations with no gamma cycles
min(dx) = -0.0035825130821241
max(dx) = 0.002635072041797863
mean(dx)= 2.2314252780565577e-05
vdws = 9
atoms = 11
pairs = 32
 geom_x = 12.184583231178612
 geom_a = 0
 geom_q = 0
 geom_c = 0.0
f1, 0= 1.2185e+01
                       N restraints  r.m.s.d.  r.m.s.Z  Mn(sigma)
Bond distances, non H            11     0.007    0.378      0.016
Bond angles, non H               15     2.305    0.772      2.300
Chiral centres                    3     0.059    0.565      0.120
Planar groups                     4     0.001    0.025      0.020
VDW torsion                       4     0.180    0.898      0.200



====== CYCLE 10 ======

 weight = 1.0000e+00
 geom_x = 12.184583231178612
 geom_a = 0
 geom_q = 0
 geom_c = 0.0
f0= 1.2185e+01
using cgsolve in c++, ic=False
diag(geom) min= 133.861840 max= 11957.175941
diag(all) min= 133.861840 max= 11957.175941
Trying gamma equal 0.193200
Convergence reached after 15 iterations with no gamma cycles
min(dx) = -0.003318324905113382
max(dx) = 0.0024689612783275346
mean(dx)= 2.4710964469126097e-05
vdws = 9
atoms = 11
pairs = 32
 geom_x = 12.154232345002441
 geom_a = 0
 geom_q = 0
 geom_c = 0.0
f1, 0= 1.2154e+01
                       N restraints  r.m.s.d.  r.m.s.Z  Mn(sigma)
Bond distances, non H            11     0.007    0.379      0.016
Bond angles, non H               15     2.305    0.772      2.300
Chiral centres                    3     0.059    0.564      0.120
Planar groups                     4     0.000    0.023      0.020
VDW torsion                       4     0.179    0.896      0.200



====== CYCLE 11 ======

 weight = 1.0000e+00
 geom_x = 12.154232345002441
 geom_a = 0
 geom_q = 0
 geom_c = 0.0
f0= 1.2154e+01
using cgsolve in c++, ic=False
diag(geom) min= 133.804359 max= 11953.291763
diag(all) min= 133.804359 max= 11953.291763
Trying gamma equal 0.193200
Convergence reached after 15 iterations with no gamma cycles
min(dx) = -0.0030630087376885442
max(dx) = 0.0023165450576469937
mean(dx)= 2.749272687605054e-05
vdws = 9
atoms = 11
pairs = 32
 geom_x = 12.127362543919041
 geom_a = 0
 geom_q = 0
 geom_c = 0.0
f1, 0= 1.2127e+01
                       N restraints  r.m.s.d.  r.m.s.Z  Mn(sigma)
Bond distances, non H            11     0.007    0.380      0.016
Bond angles, non H               15     2.304    0.771      2.300
Chiral centres                    3     0.059    0.564      0.120
Planar groups                     4     0.000    0.022      0.020
VDW torsion                       4     0.179    0.894      0.200



====== CYCLE 12 ======

 weight = 1.0000e+00
 geom_x = 12.127362543919041
 geom_a = 0
 geom_q = 0
 geom_c = 0.0
f0= 1.2127e+01
using cgsolve in c++, ic=False
diag(geom) min= 133.729477 max= 11950.027644
diag(all) min= 133.729477 max= 11950.027644
Trying gamma equal 0.193200
Convergence reached after 14 iterations with no gamma cycles
min(dx) = -0.002819067444318597
max(dx) = 0.002176869841807905
mean(dx)= 3.0390999587540848e-05
vdws = 9
atoms = 11
pairs = 32
 geom_x = 12.103438165675986
 geom_a = 0
 geom_q = 0
 geom_c = 0.0
f1, 0= 1.2103e+01
                       N restraints  r.m.s.d.  r.m.s.Z  Mn(sigma)
Bond distances, non H            11     0.007    0.381      0.016
Bond angles, non H               15     2.303    0.771      2.300
Chiral centres                    3     0.059    0.563      0.120
Planar groups                     4     0.000    0.020      0.020
VDW torsion                       4     0.178    0.892      0.200



====== CYCLE 13 ======

 weight = 1.0000e+00
 geom_x = 12.103438165675986
 geom_a = 0
 geom_q = 0
 geom_c = 0.0
f0= 1.2103e+01
using cgsolve in c++, ic=False
diag(geom) min= 133.639055 max= 11947.298072
diag(all) min= 133.639055 max= 11947.298072
Trying gamma equal 0.193200
Convergence reached after 14 iterations with no gamma cycles
min(dx) = -0.002587866516388188
max(dx) = 0.0020489873751516866
mean(dx)= 3.318482314647394e-05
vdws = 9
atoms = 11
pairs = 32
 geom_x = 12.082030840702615
 geom_a = 0
 geom_q = 0
 geom_c = 0.0
f1, 0= 1.2082e+01
                       N restraints  r.m.s.d.  r.m.s.Z  Mn(sigma)
Bond distances, non H            11     0.007    0.381      0.016
Bond angles, non H               15     2.301    0.771      2.300
Chiral centres                    3     0.058    0.562      0.120
Planar groups                     4     0.000    0.018      0.020
VDW torsion                       4     0.178    0.891      0.200



====== CYCLE 14 ======

 weight = 1.0000e+00
 geom_x = 12.082030840702615
 geom_a = 0
 geom_q = 0
 geom_c = 0.0
f0= 1.2082e+01
using cgsolve in c++, ic=False
diag(geom) min= 133.535209 max= 11945.028748
diag(all) min= 133.535209 max= 11945.028748
Trying gamma equal 0.193200
Convergence reached after 14 iterations with no gamma cycles
min(dx) = -0.002370022777144477
max(dx) = 0.0019318719653202568
mean(dx)= 3.579282094036349e-05
vdws = 9
atoms = 11
pairs = 32
 geom_x = 12.062792301524501
 geom_a = 0
 geom_q = 0
 geom_c = 0.0
f1, 0= 1.2063e+01
                       N restraints  r.m.s.d.  r.m.s.Z  Mn(sigma)
Bond distances, non H            11     0.007    0.382      0.016
Bond angles, non H               15     2.300    0.771      2.300
Chiral centres                    3     0.058    0.561      0.120
Planar groups                     4     0.000    0.017      0.020
VDW torsion                       4     0.178    0.890      0.200



====== CYCLE 15 ======

 weight = 1.0000e+00
 geom_x = 12.062792301524501
 geom_a = 0
 geom_q = 0
 geom_c = 0.0
f0= 1.2063e+01
using cgsolve in c++, ic=False
diag(geom) min= 133.420054 max= 11943.154929
diag(all) min= 133.420054 max= 11943.154929
Trying gamma equal 0.193200
Convergence reached after 14 iterations with no gamma cycles
min(dx) = -0.0021656702867377136
max(dx) = 0.0018267095362042008
mean(dx)= 3.814353710491212e-05
vdws = 9
atoms = 11
pairs = 32
 geom_x = 12.045435492066241
 geom_a = 0
 geom_q = 0
 geom_c = 0.0
f1, 0= 1.2045e+01
                       N restraints  r.m.s.d.  r.m.s.Z  Mn(sigma)
Bond distances, non H            11     0.007    0.382      0.016
Bond angles, non H               15     2.299    0.770      2.300
Chiral centres                    3     0.058    0.560      0.120
Planar groups                     4     0.000    0.015      0.020
VDW torsion                       4     0.178    0.889      0.200



====== CYCLE 16 ======

 weight = 1.0000e+00
 geom_x = 12.045435492066241
 geom_a = 0
 geom_q = 0
 geom_c = 0.0
f0= 1.2045e+01
using cgsolve in c++, ic=False
diag(geom) min= 133.295635 max= 11941.620711
diag(all) min= 133.295635 max= 11941.620711
Trying gamma equal 0.193200
Convergence reached after 14 iterations with no gamma cycles
min(dx) = -0.001974604160245152
max(dx) = 0.0018166881349246026
mean(dx)= 4.020448276202848e-05
vdws = 9
atoms = 11
pairs = 32
 geom_x = 12.029721085521183
 geom_a = 0
 geom_q = 0
 geom_c = 0.0
f1, 0= 1.2030e+01
                       N restraints  r.m.s.d.  r.m.s.Z  Mn(sigma)
Bond distances, non H            11     0.007    0.382      0.016
Bond angles, non H               15     2.298    0.770      2.300
Chiral centres                    3     0.058    0.559      0.120
Planar groups                     4     0.000    0.014      0.020
VDW torsion                       4     0.178    0.888      0.200



====== CYCLE 17 ======

 weight = 1.0000e+00
 geom_x = 12.029721085521183
 geom_a = 0
 geom_q = 0
 geom_c = 0.0
f0= 1.2030e+01
using cgsolve in c++, ic=False
diag(geom) min= 133.163862 max= 11940.377850
diag(all) min= 133.163862 max= 11940.377850
Trying gamma equal 0.193200
Convergence reached after 14 iterations with no gamma cycles
min(dx) = -0.0017964060564080347
max(dx) = 0.0018022292569776328
mean(dx)= 4.196703646022626e-05
vdws = 9
atoms = 11
pairs = 32
 geom_x = 12.015447622892268
 geom_a = 0
 geom_q = 0
 geom_c = 0.0
f1, 0= 1.2015e+01
                       N restraints  r.m.s.d.  r.m.s.Z  Mn(sigma)
Bond distances, non H            11     0.007    0.383      0.016
Bond angles, non H               15     2.297    0.770      2.300
Chiral centres                    3     0.058    0.559      0.120
Planar groups                     4     0.000    0.012      0.020
VDW torsion                       4     0.177    0.887      0.200



====== CYCLE 18 ======

 weight = 1.0000e+00
 geom_x = 12.015447622892268
 geom_a = 0
 geom_q = 0
 geom_c = 0.0
f0= 1.2015e+01
using cgsolve in c++, ic=False
diag(geom) min= 133.026474 max= 11939.384788
diag(all) min= 133.026474 max= 11939.384788
Trying gamma equal 0.193200
Convergence reached after 14 iterations with no gamma cycles
min(dx) = -0.0016305290200052953
max(dx) = 0.0017838951341946217
mean(dx)= 4.3438416263469054e-05
vdws = 9
atoms = 11
pairs = 32
 geom_x = 12.002444138424401
 geom_a = 0
 geom_q = 0
 geom_c = 0.0
f1, 0= 1.2002e+01
                       N restraints  r.m.s.d.  r.m.s.Z  Mn(sigma)
Bond distances, non H            11     0.007    0.383      0.016
Bond angles, non H               15     2.296    0.769      2.300
Chiral centres                    3     0.058    0.558      0.120
Planar groups                     4     0.000    0.011      0.020
VDW torsion                       4     0.177    0.887      0.200



====== CYCLE 19 ======

 weight = 1.0000e+00
 geom_x = 12.002444138424401
 geom_a = 0
 geom_q = 0
 geom_c = 0.0
f0= 1.2002e+01
using cgsolve in c++, ic=False
diag(geom) min= 132.885017 max= 11938.605754
diag(all) min= 132.885017 max= 11938.605754
Trying gamma equal 0.193200
Convergence reached after 14 iterations with no gamma cycles
min(dx) = -0.001476354065840321
max(dx) = 0.0017622409805647418
mean(dx)= 4.463483181588759e-05
vdws = 9
atoms = 11
pairs = 32
 geom_x = 11.990564534983015
 geom_a = 0
 geom_q = 0
 geom_c = 0.0
f1, 0= 1.1991e+01
                       N restraints  r.m.s.d.  r.m.s.Z  Mn(sigma)
Bond distances, non H            11     0.007    0.383      0.016
Bond angles, non H               15     2.294    0.769      2.300
Chiral centres                    3     0.057    0.557      0.120
Planar groups                     4     0.000    0.010      0.020
VDW torsion                       4     0.177    0.886      0.200



====== CYCLE 20 ======

 weight = 1.0000e+00
 geom_x = 11.990564534983015
 geom_a = 0
 geom_q = 0
 geom_c = 0.0
f0= 1.1991e+01
using cgsolve in c++, ic=False
diag(geom) min= 132.740850 max= 11938.009978
diag(all) min= 132.740850 max= 11938.009978
Trying gamma equal 0.193200
Convergence reached after 13 iterations with no gamma cycles
min(dx) = -0.0013332392749970607
max(dx) = 0.001737799277273233
mean(dx)= 4.558238204582646e-05
vdws = 9
atoms = 11
pairs = 32
 geom_x = 11.979683218372152
 geom_a = 0
 geom_q = 0
 geom_c = 0.0
f1, 0= 1.1980e+01
                       N restraints  r.m.s.d.  r.m.s.Z  Mn(sigma)
Bond distances, non H            11     0.007    0.383      0.016
Bond angles, non H               15     2.293    0.769      2.300
Chiral centres                    3     0.057    0.557      0.120
Planar groups                     4     0.000    0.009      0.020
VDW torsion                       4     0.177    0.886      0.200



====== CYCLE 21 ======

 weight = 1.0000e+00
 geom_x = 11.979683218372152
 geom_a = 0
 geom_q = 0
 geom_c = 0.0
f0= 1.1980e+01
using cgsolve in c++, ic=False
diag(geom) min= 132.595139 max= 11937.571076
diag(all) min= 132.595139 max= 11937.571076
Trying gamma equal 0.193200
Convergence reached after 13 iterations with no gamma cycles
min(dx) = -0.0012051436728832974
max(dx) = 0.0017110675370382393
mean(dx)= 4.629057900721115e-05
vdws = 9
atoms = 11
pairs = 32
 geom_x = 11.969691657638148
 geom_a = 0
 geom_q = 0
 geom_c = 0.0
f1, 0= 1.1970e+01
                       N restraints  r.m.s.d.  r.m.s.Z  Mn(sigma)
Bond distances, non H            11     0.007    0.383      0.016
Bond angles, non H               15     2.292    0.768      2.300
Chiral centres                    3     0.057    0.556      0.120
Planar groups                     4     0.000    0.008      0.020
VDW torsion                       4     0.177    0.885      0.200



====== CYCLE 22 ======

 weight = 1.0000e+00
 geom_x = 11.969691657638148
 geom_a = 0
 geom_q = 0
 geom_c = 0.0
f0= 1.1970e+01
using cgsolve in c++, ic=False
diag(geom) min= 132.448900 max= 11937.266276
diag(all) min= 132.448900 max= 11937.266276
Trying gamma equal 0.193200
Convergence reached after 13 iterations with no gamma cycles
min(dx) = -0.0011619168496198537
max(dx) = 0.0016824682794479892
mean(dx)= 4.679519155896817e-05
vdws = 9
atoms = 11
pairs = 32
 geom_x = 11.960495636119871
 geom_a = 0
 geom_q = 0
 geom_c = 0.0
f1, 0= 1.1960e+01
                       N restraints  r.m.s.d.  r.m.s.Z  Mn(sigma)
Bond distances, non H            11     0.007    0.383      0.016
Bond angles, non H               15     2.291    0.768      2.300
Chiral centres                    3     0.057    0.555      0.120
Planar groups                     4     0.000    0.007      0.020
VDW torsion                       4     0.177    0.885      0.200



====== CYCLE 23 ======

 weight = 1.0000e+00
 geom_x = 11.960495636119871
 geom_a = 0
 geom_q = 0
 geom_c = 0.0
f0= 1.1960e+01
using cgsolve in c++, ic=False
diag(geom) min= 132.302981 max= 11937.076023
diag(all) min= 132.302981 max= 11937.076023
Trying gamma equal 0.193200
Convergence reached after 13 iterations with no gamma cycles
min(dx) = -0.0011198976474382553
max(dx) = 0.0016524092328563914
mean(dx)= 4.71168480714327e-05
vdws = 9
atoms = 11
pairs = 32
 geom_x = 11.952013029845379
 geom_a = 0
 geom_q = 0
 geom_c = 0.0
f1, 0= 1.1952e+01
                       N restraints  r.m.s.d.  r.m.s.Z  Mn(sigma)
Bond distances, non H            11     0.007    0.383      0.016
Bond angles, non H               15     2.290    0.768      2.300
Chiral centres                    3     0.057    0.555      0.120
Planar groups                     4     0.000    0.006      0.020
VDW torsion                       4     0.177    0.885      0.200



====== CYCLE 24 ======

 weight = 1.0000e+00
 geom_x = 11.952013029845379
 geom_a = 0
 geom_q = 0
 geom_c = 0.0
f0= 1.1952e+01
using cgsolve in c++, ic=False
diag(geom) min= 132.158089 max= 11936.983534
diag(all) min= 132.158089 max= 11936.983534
Trying gamma equal 0.193200
Convergence reached after 13 iterations with no gamma cycles
min(dx) = -0.001079180137793335
max(dx) = 0.0016212382447034952
mean(dx)= 4.7277483122578904e-05
vdws = 9
atoms = 11
pairs = 32
 geom_x = 11.944171992966888
 geom_a = 0
 geom_q = 0
 geom_c = 0.0
f1, 0= 1.1944e+01
                       N restraints  r.m.s.d.  r.m.s.Z  Mn(sigma)
Bond distances, non H            11     0.007    0.383      0.016
Bond angles, non H               15     2.290    0.768      2.300
Chiral centres                    3     0.057    0.554      0.120
Planar groups                     4     0.000    0.005      0.020
VDW torsion                       4     0.177    0.884      0.200



====== CYCLE 25 ======

 weight = 1.0000e+00
 geom_x = 11.944171992966888
 geom_a = 0
 geom_q = 0
 geom_c = 0.0
f0= 1.1944e+01
using cgsolve in c++, ic=False
diag(geom) min= 132.014808 max= 11936.974416
diag(all) min= 132.014808 max= 11936.974416
Trying gamma equal 0.193200
Convergence reached after 13 iterations with no gamma cycles
min(dx) = -0.0010398246601465127
max(dx) = 0.001589267447533279
mean(dx)= 4.729770437731475e-05
vdws = 9
atoms = 11
pairs = 32
 geom_x = 11.936909462249258
 geom_a = 0
 geom_q = 0
 geom_c = 0.0
f1, 0= 1.1937e+01
                       N restraints  r.m.s.d.  r.m.s.Z  Mn(sigma)
Bond distances, non H            11     0.007    0.383      0.016
Bond angles, non H               15     2.289    0.767      2.300
Chiral centres                    3     0.057    0.553      0.120
Planar groups                     4     0.000    0.005      0.020
VDW torsion                       4     0.177    0.884      0.200



====== CYCLE 26 ======

 weight = 1.0000e+00
 geom_x = 11.936909462249258
 geom_a = 0
 geom_q = 0
 geom_c = 0.0
f0= 1.1937e+01
using cgsolve in c++, ic=False
diag(geom) min= 131.873616 max= 11937.036272
diag(all) min= 131.873616 max= 11937.036272
Trying gamma equal 0.193200
Convergence reached after 13 iterations with no gamma cycles
min(dx) = -0.0010018619854667943
max(dx) = 0.0015567523830969567
mean(dx)= 4.719594290835642e-05
vdws = 9
atoms = 11
pairs = 32
 geom_x = 11.930169914303642
 geom_a = 0
 geom_q = 0
 geom_c = 0.0
f1, 0= 1.1930e+01
                       N restraints  r.m.s.d.  r.m.s.Z  Mn(sigma)
Bond distances, non H            11     0.007    0.383      0.016
Bond angles, non H               15     2.288    0.767      2.300
Chiral centres                    3     0.057    0.553      0.120
Planar groups                     4     0.000    0.004      0.020
VDW torsion                       4     0.177    0.884      0.200



====== CYCLE 27 ======

 weight = 1.0000e+00
 geom_x = 11.930169914303642
 geom_a = 0
 geom_q = 0
 geom_c = 0.0
f0= 1.1930e+01
using cgsolve in c++, ic=False
diag(geom) min= 131.734895 max= 11937.158451
diag(all) min= 131.734895 max= 11937.158451
Trying gamma equal 0.193200
Convergence reached after 13 iterations with no gamma cycles
min(dx) = -0.0009653047800793374
max(dx) = 0.0015239187762692737
mean(dx)= 4.698918830902549e-05
vdws = 9
atoms = 11
pairs = 32
 geom_x = 11.923904325569568
 geom_a = 0
 geom_q = 0
 geom_c = 0.0
f1, 0= 1.1924e+01
                       N restraints  r.m.s.d.  r.m.s.Z  Mn(sigma)
Bond distances, non H            11     0.007    0.383      0.016
Bond angles, non H               15     2.287    0.767      2.300
Chiral centres                    3     0.056    0.552      0.120
Planar groups                     4     0.000    0.003      0.020
VDW torsion                       4     0.177    0.884      0.200



====== CYCLE 28 ======

 weight = 1.0000e+00
 geom_x = 11.923904325569568
 geom_a = 0
 geom_q = 0
 geom_c = 0.0
f0= 1.1924e+01
using cgsolve in c++, ic=False
diag(geom) min= 131.598950 max= 11937.331788
diag(all) min= 131.598950 max= 11937.331788
Trying gamma equal 0.193200
Convergence reached after 13 iterations with no gamma cycles
min(dx) = -0.0009301489677862512
max(dx) = 0.0014909561482566308
mean(dx)= 4.6692525690725074e-05
vdws = 9
atoms = 11
pairs = 32
 geom_x = 11.91806929644259
 geom_a = 0
 geom_q = 0
 geom_c = 0.0
f1, 0= 1.1918e+01
                       N restraints  r.m.s.d.  r.m.s.Z  Mn(sigma)
Bond distances, non H            11     0.007    0.383      0.016
Bond angles, non H               15     2.286    0.767      2.300
Chiral centres                    3     0.056    0.552      0.120
Planar groups                     4     0.000    0.003      0.020
VDW torsion                       4     0.177    0.884      0.200



====== CYCLE 29 ======

 weight = 1.0000e+00
 geom_x = 11.91806929644259
 geom_a = 0
 geom_q = 0
 geom_c = 0.0
f0= 1.1918e+01
using cgsolve in c++, ic=False
diag(geom) min= 131.466012 max= 11937.548390
diag(all) min= 131.466012 max= 11937.548390
Trying gamma equal 0.193200
Convergence reached after 13 iterations with no gamma cycles
min(dx) = -0.0008963779539375507
max(dx) = 0.0014580234842013033
mean(dx)= 4.631930619076621e-05
vdws = 9
atoms = 11
pairs = 32
 geom_x = 11.91262630953837
 geom_a = 0
 geom_q = 0
 geom_c = 0.0
f1, 0= 1.1913e+01
                       N restraints  r.m.s.d.  r.m.s.Z  Mn(sigma)
Bond distances, non H            11     0.007    0.383      0.016
Bond angles, non H               15     2.285    0.766      2.300
Chiral centres                    3     0.056    0.552      0.120
Planar groups                     4     0.000    0.002      0.020
VDW torsion                       4     0.177    0.883      0.200



====== CYCLE 30 ======

 weight = 1.0000e+00
 geom_x = 11.91262630953837
 geom_a = 0
 geom_q = 0
 geom_c = 0.0
f0= 1.1913e+01
using cgsolve in c++, ic=False
diag(geom) min= 131.336259 max= 11937.801460
diag(all) min= 131.336259 max= 11937.801460
Trying gamma equal 0.193200
Convergence reached after 12 iterations with no gamma cycles
min(dx) = -0.000863983139334689
max(dx) = 0.001425256393506219
mean(dx)= 4.588079299496459e-05
vdws = 9
atoms = 11
pairs = 32
 geom_x = 11.907541098481456
 geom_a = 0
 geom_q = 0
 geom_c = 0.0
f1, 0= 1.1908e+01
                       N restraints  r.m.s.d.  r.m.s.Z  Mn(sigma)
Bond distances, non H            11     0.007    0.383      0.016
Bond angles, non H               15     2.285    0.766      2.300
Chiral centres                    3     0.056    0.551      0.120
Planar groups                     4     0.000    0.002      0.020
VDW torsion                       4     0.177    0.883      0.200


$TABLE: stats vs cycle :
$GRAPHS
: Geometry :A:1,2,4:
: Geometry Z :A:1,3,5:
$$
 Ncyc  rmsBOND  zBOND  rmsANGL  zANGL
$$
$$
    0   0.0104 0.5623   2.1333 0.7151
    1   0.0071 0.3746   2.2516 0.7528
    2   0.0069 0.3623   2.2878 0.7650
    3   0.0070 0.3651   2.2992 0.7690
    4   0.0070 0.3685   2.3036 0.7707
    5   0.0071 0.3712   2.3055 0.7714
    6   0.0071 0.3735   2.3063 0.7718
    7   0.0071 0.3754   2.3064 0.7720
    8   0.0072 0.3769   2.3061 0.7720
    9   0.0072 0.3781   2.3054 0.7719
   10   0.0072 0.3791   2.3046 0.7717
   11   0.0072 0.3800   2.3036 0.7715
   12   0.0072 0.3807   2.3025 0.7712
   13   0.0073 0.3812   2.3014 0.7709
   14   0.0073 0.3817   2.3002 0.7706
   15   0.0073 0.3820   2.2990 0.7703
   16   0.0073 0.3823   2.2978 0.7700
   17   0.0073 0.3826   2.2967 0.7696
   18   0.0073 0.3828   2.2956 0.7693
   19   0.0073 0.3829   2.2945 0.7690
   20   0.0073 0.3830   2.2934 0.7687
   21   0.0073 0.3831   2.2924 0.7684
   22   0.0073 0.3832   2.2914 0.7681
   23   0.0073 0.3833   2.2904 0.7679
   24   0.0073 0.3833   2.2895 0.7676
   25   0.0073 0.3833   2.2886 0.7674
   26   0.0073 0.3833   2.2878 0.7671
   27   0.0073 0.3833   2.2870 0.7669
   28   0.0073 0.3833   2.2862 0.7666
   29   0.0073 0.3833   2.2855 0.7664
   30   0.0073 0.3832   2.2848 0.7662
$$

Creating restraints..

Chain info:
 chain 
  ligands: LIG (1 residues)

Number of refinement parameters:
       n_params  n_atoms  n_atoms_geom_only  n_atoms_data_only
xyz          22       22                 11                  0
adp           0        0                  0                  0
occ           0        0                  0                  0
dfrac         0        0                  0                  0

Randomizing structure with rmsd of 0.01
Torsion angle rules:
 include:
  {'group': 'peptide', 'tors_name': 'chi*'}
  {'link': '*', 'tors_name': 'omega'}
  {'residue': '*', 'tors_name': 'sp2_sp2*'}
  {'link': '*', 'tors_name': 'sp2_sp2*'}
 exclude:
  none
External restraints from Refmac instructions
 Number of distances          : 0
 Number of angles             : 0
 Number of torsions           : 0
 Number of chirals            : 0
 Number of planes             : 0
 Number of intervals          : 0
 Number of stackings          : 0
 Number of harmonics          : 0
 Number of special positions  : 0

Running 10 cycles with wchir=4 wvdw=2 with hydrogen
Geometry weights
vdws = 60
atoms = 22
pairs = 120
                          N restraints  r.m.s.d.  r.m.s.Z  Mn(sigma)
Bond distances, non H               11     0.012    0.786      0.016
Bond distances, H                   11     0.011    0.821      0.016
Bond angles, non H                  15     2.286    0.782      2.300
Bond angles, H                      26     1.188    0.601      2.006
Torsion angles, period 3             2     0.373    0.037     10.000
Chiral centres                       3     0.059    0.562      0.120
Planar groups                        4     0.001    0.051      0.020
VDW nonbonded                        2     0.072    0.358      0.200
VDW torsion                         11     0.124    0.621      0.200


====== CYCLE  1 ======

 weight = 1.0000e+00
 geom_x = 32.95725100581514
 geom_a = 0
 geom_q = 0
 geom_c = 0.0
f0= 3.2957e+01
using cgsolve in c++, ic=False
diag(geom) min= 787.533065 max= 28499.172740
diag(all) min= 787.533065 max= 28499.172740
Trying gamma equal 0.000000
Convergence reached after 69 iterations with no gamma cycles
min(dx) = -0.28604090384174324
max(dx) = 0.3298776424984694
mean(dx)= -0.0029972290157730445
vdws = 60
atoms = 22
pairs = 120
 geom_x = 22.451049361618082
 geom_a = 0
 geom_q = 0
 geom_c = 0.0
f1, 0= 2.2451e+01
                          N restraints  r.m.s.d.  r.m.s.Z  Mn(sigma)
Bond distances, non H               11     0.017    1.085      0.016
Bond distances, H                   11     0.006    0.519      0.016
Bond angles, non H                  15     2.193    0.737      2.300
Bond angles, H                      26     1.184    0.463      2.006
Torsion angles, period 3             2     1.395    0.140     10.000
Chiral centres                       3     0.031    0.175      0.120
Planar groups                        4     0.000    0.009      0.020
VDW nonbonded                        2     0.008    0.041      0.200
VDW torsion                          8     0.131    0.656      0.200



====== CYCLE  2 ======

 weight = 1.0000e+00
 geom_x = 22.451049361618082
 geom_a = 0
 geom_q = 0
 geom_c = 0.0
f0= 2.2451e+01
using cgsolve in c++, ic=False
diag(geom) min= 774.102489 max= 29260.804700
diag(all) min= 774.102489 max= 29260.804700
Trying gamma equal 0.000000
Not converging with gamma equal 0.000000
Trying gamma equal 0.052500
Gamma decreased to 0.042000
min(dx) = -0.020555773795467764
max(dx) = 0.016210562275322127
mean(dx)= 0.00011505482154609428
vdws = 62
atoms = 22
pairs = 122
 geom_x = 17.386199556351354
 geom_a = 0
 geom_q = 0
 geom_c = 0.0
f1, 0= 1.7386e+01
                          N restraints  r.m.s.d.  r.m.s.Z  Mn(sigma)
Bond distances, non H               11     0.013    0.705      0.016
Bond distances, H                   11     0.000    0.035      0.016
Bond angles, non H                  15     2.206    0.742      2.300
Bond angles, H                      26     1.186    0.457      2.006
Torsion angles, period 3             2     1.480    0.148     10.000
Chiral centres                       3     0.009    0.098      0.120
Planar groups                        4     0.000    0.004      0.020
VDW nonbonded                        1     0.013    0.065      0.200
VDW torsion                          9     0.129    0.647      0.200



====== CYCLE  3 ======

 weight = 1.0000e+00
 geom_x = 17.386199556351354
 geom_a = 0
 geom_q = 0
 geom_c = 0.0
f0= 1.7386e+01
using cgsolve in c++, ic=False
diag(geom) min= 782.256230 max= 29155.608807
diag(all) min= 782.256230 max= 29155.608807
Trying gamma equal 0.042000
Convergence reached after 36 iterations with no gamma cycles
min(dx) = -0.0036853741772726943
max(dx) = 0.002854432933654757
mean(dx)= -7.681074345266205e-05
vdws = 62
atoms = 22
pairs = 122
 geom_x = 17.34956390271722
 geom_a = 0
 geom_q = 0
 geom_c = 0.0
f1, 0= 1.7350e+01
                          N restraints  r.m.s.d.  r.m.s.Z  Mn(sigma)
Bond distances, non H               11     0.013    0.694      0.016
Bond distances, H                   11     0.000    0.019      0.016
Bond angles, non H                  15     2.210    0.743      2.300
Bond angles, H                      26     1.180    0.453      2.006
Torsion angles, period 3             2     1.453    0.145     10.000
Chiral centres                       3     0.009    0.101      0.120
Planar groups                        4     0.000    0.004      0.020
VDW nonbonded                        1     0.014    0.070      0.200
VDW torsion                          9     0.130    0.651      0.200



====== CYCLE  4 ======

 weight = 1.0000e+00
 geom_x = 17.34956390271722
 geom_a = 0
 geom_q = 0
 geom_c = 0.0
f0= 1.7350e+01
using cgsolve in c++, ic=False
diag(geom) min= 785.902159 max= 29134.405030
diag(all) min= 785.902159 max= 29134.405030
Trying gamma equal 0.042000
Convergence reached after 37 iterations with no gamma cycles
min(dx) = -0.0021529021525129536
max(dx) = 0.002182730995597864
mean(dx)= -4.915640618090909e-05
vdws = 62
atoms = 22
pairs = 122
 geom_x = 17.341131830250607
 geom_a = 0
 geom_q = 0
 geom_c = 0.0
f1, 0= 1.7341e+01
                          N restraints  r.m.s.d.  r.m.s.Z  Mn(sigma)
Bond distances, non H               11     0.013    0.693      0.016
Bond distances, H                   11     0.000    0.018      0.016
Bond angles, non H                  15     2.214    0.744      2.300
Bond angles, H                      26     1.178    0.452      2.006
Torsion angles, period 3             2     1.455    0.146     10.000
Chiral centres                       3     0.009    0.101      0.120
Planar groups                        4     0.000    0.007      0.020
VDW nonbonded                        1     0.014    0.070      0.200
VDW torsion                          9     0.130    0.650      0.200



====== CYCLE  5 ======

 weight = 1.0000e+00
 geom_x = 17.341131830250607
 geom_a = 0
 geom_q = 0
 geom_c = 0.0
f0= 1.7341e+01
using cgsolve in c++, ic=False
diag(geom) min= 787.536533 max= 29122.771671
diag(all) min= 787.536533 max= 29122.771671
Trying gamma equal 0.042000
Convergence reached after 37 iterations with no gamma cycles
min(dx) = -0.0016269941301488664
max(dx) = 0.001691185132954435
mean(dx)= -3.164403211614397e-05
vdws = 62
atoms = 22
pairs = 122
 geom_x = 17.336689467697514
 geom_a = 0
 geom_q = 0
 geom_c = 0.0
f1, 0= 1.7337e+01
                          N restraints  r.m.s.d.  r.m.s.Z  Mn(sigma)
Bond distances, non H               11     0.013    0.694      0.016
Bond distances, H                   11     0.000    0.018      0.016
Bond angles, non H                  15     2.217    0.745      2.300
Bond angles, H                      26     1.177    0.451      2.006
Torsion angles, period 3             2     1.464    0.146     10.000
Chiral centres                       3     0.009    0.101      0.120
Planar groups                        4     0.000    0.008      0.020
VDW nonbonded                        1     0.014    0.069      0.200
VDW torsion                          9     0.130    0.650      0.200



====== CYCLE  6 ======

 weight = 1.0000e+00
 geom_x = 17.336689467697514
 geom_a = 0
 geom_q = 0
 geom_c = 0.0
f0= 1.7337e+01
using cgsolve in c++, ic=False
diag(geom) min= 788.394539 max= 29115.409517
diag(all) min= 788.394539 max= 29115.409517
Trying gamma equal 0.042000
Convergence reached after 37 iterations with no gamma cycles
min(dx) = -0.0012960146751847623
max(dx) = 0.0013390373977054343
mean(dx)= -2.2995530631192675e-05
vdws = 62
atoms = 22
pairs = 122
 geom_x = 17.33395520700458
 geom_a = 0
 geom_q = 0
 geom_c = 0.0
f1, 0= 1.7334e+01
                          N restraints  r.m.s.d.  r.m.s.Z  Mn(sigma)
Bond distances, non H               11     0.013    0.694      0.016
Bond distances, H                   11     0.000    0.018      0.016
Bond angles, non H                  15     2.221    0.746      2.300
Bond angles, H                      26     1.176    0.451      2.006
Torsion angles, period 3             2     1.473    0.147     10.000
Chiral centres                       3     0.009    0.102      0.120
Planar groups                        4     0.000    0.009      0.020
VDW nonbonded                        1     0.013    0.067      0.200
VDW torsion                          9     0.130    0.649      0.200



====== CYCLE  7 ======

 weight = 1.0000e+00
 geom_x = 17.33395520700458
 geom_a = 0
 geom_q = 0
 geom_c = 0.0
f0= 1.7334e+01
using cgsolve in c++, ic=False
diag(geom) min= 788.888279 max= 29110.615841
diag(all) min= 788.888279 max= 29110.615841
Trying gamma equal 0.042000
Convergence reached after 37 iterations with no gamma cycles
min(dx) = -0.0010649488390944218
max(dx) = 0.0010892059219642673
mean(dx)= -1.786959069962516e-05
vdws = 61
atoms = 22
pairs = 121
 geom_x = 17.332125638543914
 geom_a = 0
 geom_q = 0
 geom_c = 0.0
f1, 0= 1.7332e+01
                          N restraints  r.m.s.d.  r.m.s.Z  Mn(sigma)
Bond distances, non H               11     0.013    0.695      0.016
Bond distances, H                   11     0.000    0.018      0.016
Bond angles, non H                  15     2.224    0.747      2.300
Bond angles, H                      26     1.176    0.451      2.006
Torsion angles, period 3             2     1.479    0.148     10.000
Chiral centres                       3     0.009    0.102      0.120
Planar groups                        4     0.000    0.010      0.020
VDW nonbonded                        1     0.013    0.065      0.200
VDW torsion                          9     0.130    0.648      0.200



====== CYCLE  8 ======

 weight = 1.0000e+00
 geom_x = 17.332125638543914
 geom_a = 0
 geom_q = 0
 geom_c = 0.0
f0= 1.7332e+01
using cgsolve in c++, ic=False
diag(geom) min= 789.183977 max= 29107.513481
diag(all) min= 789.183977 max= 29107.513481
Trying gamma equal 0.042000
Convergence reached after 35 iterations with no gamma cycles
min(dx) = -0.0008898774671581838
max(dx) = 0.0009100561591469924
mean(dx)= -1.4400280188506583e-05
vdws = 61
atoms = 22
pairs = 121
 geom_x = 17.330812932795766
 geom_a = 0
 geom_q = 0
 geom_c = 0.0
f1, 0= 1.7331e+01
                          N restraints  r.m.s.d.  r.m.s.Z  Mn(sigma)
Bond distances, non H               11     0.013    0.695      0.016
Bond distances, H                   11     0.000    0.018      0.016
Bond angles, non H                  15     2.226    0.748      2.300
Bond angles, H                      26     1.175    0.451      2.006
Torsion angles, period 3             2     1.483    0.148     10.000
Chiral centres                       3     0.009    0.102      0.120
Planar groups                        4     0.000    0.010      0.020
VDW nonbonded                        1     0.013    0.064      0.200
VDW torsion                          9     0.130    0.648      0.200



====== CYCLE  9 ======

 weight = 1.0000e+00
 geom_x = 17.330812932795766
 geom_a = 0
 geom_q = 0
 geom_c = 0.0
f0= 1.7331e+01
using cgsolve in c++, ic=False
diag(geom) min= 789.359141 max= 29105.566140
diag(all) min= 789.359141 max= 29105.566140
Trying gamma equal 0.042000
Convergence reached after 35 iterations with no gamma cycles
min(dx) = -0.0007526732762527437
max(dx) = 0.0007792363251974397
mean(dx)= -1.1901106756911791e-05
vdws = 61
atoms = 22
pairs = 121
 geom_x = 17.329807872070973
 geom_a = 0
 geom_q = 0
 geom_c = 0.0
f1, 0= 1.7330e+01
                          N restraints  r.m.s.d.  r.m.s.Z  Mn(sigma)
Bond distances, non H               11     0.013    0.696      0.016
Bond distances, H                   11     0.000    0.018      0.016
Bond angles, non H                  15     2.229    0.749      2.300
Bond angles, H                      26     1.175    0.451      2.006
Torsion angles, period 3             2     1.485    0.149     10.000
Chiral centres                       3     0.009    0.102      0.120
Planar groups                        4     0.000    0.010      0.020
VDW nonbonded                        1     0.013    0.063      0.200
VDW torsion                          9     0.129    0.647      0.200



====== CYCLE 10 ======

 weight = 1.0000e+00
 geom_x = 17.329807872070973
 geom_a = 0
 geom_q = 0
 geom_c = 0.0
f0= 1.7330e+01
using cgsolve in c++, ic=False
diag(geom) min= 789.455172 max= 29104.419281
diag(all) min= 789.455172 max= 29104.419281
Trying gamma equal 0.042000
Convergence reached after 35 iterations with no gamma cycles
min(dx) = -0.0006489231710642634
max(dx) = 0.0006819242193425245
mean(dx)= -1.0059257522485378e-05
vdws = 61
atoms = 22
pairs = 121
 geom_x = 17.328991479370522
 geom_a = 0
 geom_q = 0
 geom_c = 0.0
f1, 0= 1.7329e+01
                          N restraints  r.m.s.d.  r.m.s.Z  Mn(sigma)
Bond distances, non H               11     0.013    0.696      0.016
Bond distances, H                   11     0.000    0.018      0.016
Bond angles, non H                  15     2.230    0.749      2.300
Bond angles, H                      26     1.175    0.451      2.006
Torsion angles, period 3             2     1.487    0.149     10.000
Chiral centres                       3     0.009    0.102      0.120
Planar groups                        4     0.000    0.010      0.020
VDW nonbonded                        1     0.013    0.063      0.200
VDW torsion                          9     0.129    0.647      0.200


$TABLE: stats vs cycle :
$GRAPHS
: Geometry :A:1,2,4:
: Geometry Z :A:1,3,5:
$$
 Ncyc  rmsBOND  zBOND  rmsANGL  zANGL
$$
$$
    0   0.0123 0.7863   2.2858 0.7817
    1   0.0171 1.0849   2.1932 0.7372
    2   0.0129 0.7053   2.2061 0.7418
    3   0.0127 0.6939   2.2097 0.7426
    4   0.0127 0.6932   2.2135 0.7438
    5   0.0127 0.6936   2.2174 0.7451
    6   0.0127 0.6942   2.2209 0.7462
    7   0.0127 0.6948   2.2239 0.7473
    8   0.0127 0.6953   2.2265 0.7481
    9   0.0128 0.6958   2.2286 0.7488
   10   0.0128 0.6961   2.2303 0.7494
$$

Running 30 cycles with wchir=1 wvdw=2 with hydrogen
Geometry weights
vdws = 61
atoms = 22
pairs = 121
                          N restraints  r.m.s.d.  r.m.s.Z  Mn(sigma)
Bond distances, non H               11     0.013    0.696      0.016
Bond distances, H                   11     0.000    0.018      0.016
Bond angles, non H                  15     2.230    0.749      2.300
Bond angles, H                      26     1.175    0.451      2.006
Torsion angles, period 3             2     1.487    0.149     10.000
Chiral centres                       3     0.009    0.102      0.120
Planar groups                        4     0.000    0.010      0.020
VDW nonbonded                        1     0.013    0.063      0.200
VDW torsion                          9     0.129    0.647      0.200


====== CYCLE  1 ======

 weight = 1.0000e+00
 geom_x = 17.093997242181835
 geom_a = 0
 geom_q = 0
 geom_c = 0.0
f0= 1.7094e+01
using cgsolve in c++, ic=False
diag(geom) min= 789.496913 max= 16741.939279
diag(all) min= 789.496913 max= 16741.939279
Trying gamma equal 0.042000
Convergence reached after 29 iterations with no gamma cycles
min(dx) = -0.013864730100447812
max(dx) = 0.008258529825341749
mean(dx)= -3.994300757542868e-05
vdws = 62
atoms = 22
pairs = 122
 geom_x = 15.812974917853012
 geom_a = 0
 geom_q = 0
 geom_c = 0.0
f1, 0= 1.5813e+01
                          N restraints  r.m.s.d.  r.m.s.Z  Mn(sigma)
Bond distances, non H               11     0.008    0.423      0.016
Bond distances, H                   11     0.000    0.020      0.016
Bond angles, non H                  15     2.452    0.820      2.300
Bond angles, H                      26     0.979    0.380      2.006
Torsion angles, period 3             2     1.372    0.137     10.000
Chiral centres                       3     0.057    0.627      0.120
Planar groups                        4     0.000    0.011      0.020
VDW nonbonded                        1     0.002    0.011      0.200
VDW torsion                          9     0.127    0.636      0.200



====== CYCLE  2 ======

 weight = 1.0000e+00
 geom_x = 15.812974917853012
 geom_a = 0
 geom_q = 0
 geom_c = 0.0
f0= 1.5813e+01
using cgsolve in c++, ic=False
diag(geom) min= 790.244356 max= 16741.617275
diag(all) min= 790.244356 max= 16741.617275
Trying gamma equal 0.042000
Convergence reached after 36 iterations with no gamma cycles
min(dx) = -0.006416876226708234
max(dx) = 0.0031510031273853305
mean(dx)= -0.0001262439742631196
vdws = 62
atoms = 22
pairs = 122
 geom_x = 15.781566258374
 geom_a = 0
 geom_q = 0
 geom_c = 0.0
f1, 0= 1.5782e+01
                          N restraints  r.m.s.d.  r.m.s.Z  Mn(sigma)
Bond distances, non H               11     0.008    0.412      0.016
Bond distances, H                   11     0.000    0.018      0.016
Bond angles, non H                  15     2.481    0.830      2.300
Bond angles, H                      26     0.963    0.375      2.006
Torsion angles, period 3             2     1.296    0.130     10.000
Chiral centres                       3     0.060    0.659      0.120
Planar groups                        4     0.000    0.011      0.020
VDW nonbonded                        1     0.000    0.001      0.200
VDW torsion                          9     0.126    0.632      0.200



====== CYCLE  3 ======

 weight = 1.0000e+00
 geom_x = 15.781566258374
 geom_a = 0
 geom_q = 0
 geom_c = 0.0
f0= 1.5782e+01
using cgsolve in c++, ic=False
diag(geom) min= 790.561118 max= 16741.736344
diag(all) min= 790.561118 max= 16741.736344
Trying gamma equal 0.042000
Convergence reached after 36 iterations with no gamma cycles
min(dx) = -0.005401863807977672
max(dx) = 0.00185038422075022
mean(dx)= -0.00010993429744888621
vdws = 62
atoms = 22
pairs = 122
 geom_x = 15.765584586460063
 geom_a = 0
 geom_q = 0
 geom_c = 0.0
f1, 0= 1.5766e+01
                          N restraints  r.m.s.d.  r.m.s.Z  Mn(sigma)
Bond distances, non H               11     0.008    0.413      0.016
Bond distances, H                   11     0.000    0.018      0.016
Bond angles, non H                  15     2.498    0.836      2.300
Bond angles, H                      26     0.958    0.373      2.006
Torsion angles, period 3             2     1.234    0.123     10.000
Chiral centres                       3     0.061    0.667      0.120
Planar groups                        4     0.000    0.011      0.020
VDW torsion                          9     0.126    0.628      0.200



====== CYCLE  4 ======

 weight = 1.0000e+00
 geom_x = 15.765584586460063
 geom_a = 0
 geom_q = 0
 geom_c = 0.0
f0= 1.5766e+01
using cgsolve in c++, ic=False
diag(geom) min= 790.711703 max= 16741.844549
diag(all) min= 790.711703 max= 16741.844549
Trying gamma equal 0.042000
Not converging with gamma equal 0.042000
Trying gamma equal 0.094500
Gamma decreased to 0.084000
min(dx) = -0.002179634595499374
max(dx) = 0.0007210797008399152
mean(dx)= -4.5127547036676926e-05
vdws = 62
atoms = 22
pairs = 122
 geom_x = 15.76015651479312
 geom_a = 0
 geom_q = 0
 geom_c = 0.0
f1, 0= 1.5760e+01
                          N restraints  r.m.s.d.  r.m.s.Z  Mn(sigma)
Bond distances, non H               11     0.008    0.414      0.016
Bond distances, H                   11     0.000    0.018      0.016
Bond angles, non H                  15     2.504    0.838      2.300
Bond angles, H                      26     0.957    0.373      2.006
Torsion angles, period 3             2     1.213    0.121     10.000
Chiral centres                       3     0.061    0.669      0.120
Planar groups                        4     0.000    0.011      0.020
VDW torsion                          9     0.125    0.626      0.200



====== CYCLE  5 ======

 weight = 1.0000e+00
 geom_x = 15.76015651479312
 geom_a = 0
 geom_q = 0
 geom_c = 0.0
f0= 1.5760e+01
using cgsolve in c++, ic=False
diag(geom) min= 790.758854 max= 16741.890828
diag(all) min= 790.758854 max= 16741.890828
Trying gamma equal 0.084000
Convergence reached after 24 iterations with no gamma cycles
min(dx) = -0.002227437756007374
max(dx) = 0.000749384252761588
mean(dx)= -4.567620454058271e-05
vdws = 62
atoms = 22
pairs = 122
 geom_x = 15.755190555391282
 geom_a = 0
 geom_q = 0
 geom_c = 0.0
f1, 0= 1.5755e+01
                          N restraints  r.m.s.d.  r.m.s.Z  Mn(sigma)
Bond distances, non H               11     0.008    0.414      0.016
Bond distances, H                   11     0.000    0.018      0.016
Bond angles, non H                  15     2.511    0.840      2.300
Bond angles, H                      26     0.956    0.372      2.006
Torsion angles, period 3             2     1.191    0.119     10.000
Chiral centres                       3     0.061    0.672      0.120
Planar groups                        4     0.000    0.011      0.020
VDW torsion                          9     0.125    0.625      0.200



====== CYCLE  6 ======

 weight = 1.0000e+00
 geom_x = 15.755190555391282
 geom_a = 0
 geom_q = 0
 geom_c = 0.0
f0= 1.5755e+01
using cgsolve in c++, ic=False
diag(geom) min= 790.791724 max= 16741.941682
diag(all) min= 790.791724 max= 16741.941682
Trying gamma equal 0.084000
Convergence reached after 24 iterations with no gamma cycles
min(dx) = -0.002028963512271808
max(dx) = 0.000689228131623272
mean(dx)= -4.034408330761149e-05
vdws = 62
atoms = 22
pairs = 122
 geom_x = 15.751139165042774
 geom_a = 0
 geom_q = 0
 geom_c = 0.0
f1, 0= 1.5751e+01
                          N restraints  r.m.s.d.  r.m.s.Z  Mn(sigma)
Bond distances, non H               11     0.008    0.415      0.016
Bond distances, H                   11     0.000    0.018      0.016
Bond angles, non H                  15     2.517    0.842      2.300
Bond angles, H                      26     0.955    0.372      2.006
Torsion angles, period 3             2     1.171    0.117     10.000
Chiral centres                       3     0.061    0.674      0.120
Planar groups                        4     0.000    0.011      0.020
VDW torsion                          9     0.125    0.623      0.200



====== CYCLE  7 ======

 weight = 1.0000e+00
 geom_x = 15.751139165042774
 geom_a = 0
 geom_q = 0
 geom_c = 0.0
f0= 1.5751e+01
using cgsolve in c++, ic=False
diag(geom) min= 790.806777 max= 16741.992960
diag(all) min= 790.806777 max= 16741.992960
Trying gamma equal 0.084000
Convergence reached after 24 iterations with no gamma cycles
min(dx) = -0.0018519052991191397
max(dx) = 0.0006406113904751487
mean(dx)= -3.5348182115570204e-05
vdws = 62
atoms = 22
pairs = 122
 geom_x = 15.747809815621665
 geom_a = 0
 geom_q = 0
 geom_c = 0.0
f1, 0= 1.5748e+01
                          N restraints  r.m.s.d.  r.m.s.Z  Mn(sigma)
Bond distances, non H               11     0.008    0.416      0.016
Bond distances, H                   11     0.000    0.018      0.016
Bond angles, non H                  15     2.523    0.844      2.300
Bond angles, H                      26     0.954    0.372      2.006
Torsion angles, period 3             2     1.153    0.115     10.000
Chiral centres                       3     0.062    0.676      0.120
Planar groups                        4     0.000    0.011      0.020
VDW torsion                          9     0.124    0.622      0.200



====== CYCLE  8 ======

 weight = 1.0000e+00
 geom_x = 15.747809815621665
 geom_a = 0
 geom_q = 0
 geom_c = 0.0
f0= 1.5748e+01
using cgsolve in c++, ic=False
diag(geom) min= 790.806828 max= 16742.044424
diag(all) min= 790.806828 max= 16742.044424
Trying gamma equal 0.084000
Convergence reached after 24 iterations with no gamma cycles
min(dx) = -0.0016930442225872356
max(dx) = 0.0006180078519723889
mean(dx)= -3.084071876257022e-05
vdws = 62
atoms = 22
pairs = 122
 geom_x = 15.74505492308713
 geom_a = 0
 geom_q = 0
 geom_c = 0.0
f1, 0= 1.5745e+01
                          N restraints  r.m.s.d.  r.m.s.Z  Mn(sigma)
Bond distances, non H               11     0.008    0.416      0.016
Bond distances, H                   11     0.000    0.018      0.016
Bond angles, non H                  15     2.527    0.845      2.300
Bond angles, H                      26     0.953    0.371      2.006
Torsion angles, period 3             2     1.136    0.114     10.000
Chiral centres                       3     0.062    0.677      0.120
Planar groups                        4     0.000    0.011      0.020
VDW torsion                          9     0.124    0.621      0.200



====== CYCLE  9 ======

 weight = 1.0000e+00
 geom_x = 15.74505492308713
 geom_a = 0
 geom_q = 0
 geom_c = 0.0
f0= 1.5745e+01
using cgsolve in c++, ic=False
diag(geom) min= 790.794385 max= 16742.095527
diag(all) min= 790.794385 max= 16742.095527
Trying gamma equal 0.084000
Convergence reached after 24 iterations with no gamma cycles
min(dx) = -0.0015499393427311034
max(dx) = 0.0005950545352468096
mean(dx)= -2.683403050456687e-05
vdws = 62
atoms = 22
pairs = 122
 geom_x = 15.742759289904415
 geom_a = 0
 geom_q = 0
 geom_c = 0.0
f1, 0= 1.5743e+01
                          N restraints  r.m.s.d.  r.m.s.Z  Mn(sigma)
Bond distances, non H               11     0.008    0.417      0.016
Bond distances, H                   11     0.000    0.018      0.016
Bond angles, non H                  15     2.531    0.847      2.300
Bond angles, H                      26     0.953    0.371      2.006
Torsion angles, period 3             2     1.120    0.112     10.000
Chiral centres                       3     0.062    0.679      0.120
Planar groups                        4     0.000    0.011      0.020
VDW torsion                          9     0.124    0.620      0.200



====== CYCLE 10 ======

 weight = 1.0000e+00
 geom_x = 15.742759289904415
 geom_a = 0
 geom_q = 0
 geom_c = 0.0
f0= 1.5743e+01
using cgsolve in c++, ic=False
diag(geom) min= 790.771610 max= 16742.145910
diag(all) min= 790.771610 max= 16742.145910
Trying gamma equal 0.084000
Convergence reached after 24 iterations with no gamma cycles
min(dx) = -0.0014206004214310218
max(dx) = 0.0005719259803815658
mean(dx)= -2.3298029365113873e-05
vdws = 62
atoms = 22
pairs = 122
 geom_x = 15.74083229636075
 geom_a = 0
 geom_q = 0
 geom_c = 0.0
f1, 0= 1.5741e+01
                          N restraints  r.m.s.d.  r.m.s.Z  Mn(sigma)
Bond distances, non H               11     0.008    0.417      0.016
Bond distances, H                   11     0.000    0.018      0.016
Bond angles, non H                  15     2.535    0.848      2.300
Bond angles, H                      26     0.952    0.371      2.006
Torsion angles, period 3             2     1.105    0.111     10.000
Chiral centres                       3     0.062    0.680      0.120
Planar groups                        4     0.000    0.011      0.020
VDW torsion                          9     0.124    0.619      0.200



====== CYCLE 11 ======

 weight = 1.0000e+00
 geom_x = 15.74083229636075
 geom_a = 0
 geom_q = 0
 geom_c = 0.0
f0= 1.5741e+01
using cgsolve in c++, ic=False
diag(geom) min= 790.740340 max= 16742.195459
diag(all) min= 790.740340 max= 16742.195459
Trying gamma equal 0.084000
Convergence reached after 24 iterations with no gamma cycles
min(dx) = -0.0013033839742395558
max(dx) = 0.0005488041163417556
mean(dx)= -2.0188568931344883e-05
vdws = 62
atoms = 22
pairs = 122
 geom_x = 15.739202345874464
 geom_a = 0
 geom_q = 0
 geom_c = 0.0
f1, 0= 1.5739e+01
                          N restraints  r.m.s.d.  r.m.s.Z  Mn(sigma)
Bond distances, non H               11     0.008    0.417      0.016
Bond distances, H                   11     0.000    0.018      0.016
Bond angles, non H                  15     2.538    0.849      2.300
Bond angles, H                      26     0.952    0.371      2.006
Torsion angles, period 3             2     1.092    0.109     10.000
Chiral centres                       3     0.062    0.681      0.120
Planar groups                        4     0.000    0.011      0.020
VDW torsion                          9     0.124    0.618      0.200



====== CYCLE 12 ======

 weight = 1.0000e+00
 geom_x = 15.739202345874464
 geom_a = 0
 geom_q = 0
 geom_c = 0.0
f0= 1.5739e+01
using cgsolve in c++, ic=False
diag(geom) min= 790.702134 max= 16742.244190
diag(all) min= 790.702134 max= 16742.244190
Trying gamma equal 0.084000
Convergence reached after 24 iterations with no gamma cycles
min(dx) = -0.001196917675335977
max(dx) = 0.0005258551165011769
mean(dx)= -1.7458789215491802e-05
vdws = 62
atoms = 22
pairs = 122
 geom_x = 15.73781269132182
 geom_a = 0
 geom_q = 0
 geom_c = 0.0
f1, 0= 1.5738e+01
                          N restraints  r.m.s.d.  r.m.s.Z  Mn(sigma)
Bond distances, non H               11     0.008    0.418      0.016
Bond distances, H                   11     0.000    0.018      0.016
Bond angles, non H                  15     2.541    0.850      2.300
Bond angles, H                      26     0.952    0.371      2.006
Torsion angles, period 3             2     1.079    0.108     10.000
Chiral centres                       3     0.062    0.682      0.120
Planar groups                        4     0.000    0.011      0.020
VDW torsion                          9     0.123    0.617      0.200



====== CYCLE 13 ======

 weight = 1.0000e+00
 geom_x = 15.73781269132182
 geom_a = 0
 geom_q = 0
 geom_c = 0.0
f0= 1.5738e+01
using cgsolve in c++, ic=False
diag(geom) min= 790.658311 max= 16742.292176
diag(all) min= 790.658311 max= 16742.292176
Trying gamma equal 0.084000
Convergence reached after 24 iterations with no gamma cycles
min(dx) = -0.0011000327570279548
max(dx) = 0.0005032159260816254
mean(dx)= -1.5064254440756432e-05
vdws = 62
atoms = 22
pairs = 122
 geom_x = 15.736618228452755
 geom_a = 0
 geom_q = 0
 geom_c = 0.0
f1, 0= 1.5737e+01
                          N restraints  r.m.s.d.  r.m.s.Z  Mn(sigma)
Bond distances, non H               11     0.008    0.418      0.016
Bond distances, H                   11     0.000    0.018      0.016
Bond angles, non H                  15     2.544    0.851      2.300
Bond angles, H                      26     0.951    0.371      2.006
Torsion angles, period 3             2     1.067    0.107     10.000
Chiral centres                       3     0.062    0.683      0.120
Planar groups                        4     0.000    0.011      0.020
VDW torsion                          9     0.123    0.617      0.200



====== CYCLE 14 ======

 weight = 1.0000e+00
 geom_x = 15.736618228452755
 geom_a = 0
 geom_q = 0
 geom_c = 0.0
f0= 1.5737e+01
using cgsolve in c++, ic=False
diag(geom) min= 790.609975 max= 16742.339515
diag(all) min= 790.609975 max= 16742.339515
Trying gamma equal 0.084000
Convergence reached after 24 iterations with no gamma cycles
min(dx) = -0.0010117210870715832
max(dx) = 0.00048099435634906863
mean(dx)= -1.2964655107589762e-05
vdws = 62
atoms = 22
pairs = 122
 geom_x = 15.735583007783108
 geom_a = 0
 geom_q = 0
 geom_c = 0.0
f1, 0= 1.5736e+01
                          N restraints  r.m.s.d.  r.m.s.Z  Mn(sigma)
Bond distances, non H               11     0.008    0.418      0.016
Bond distances, H                   11     0.000    0.018      0.016
Bond angles, non H                  15     2.546    0.852      2.300
Bond angles, H                      26     0.951    0.371      2.006
Torsion angles, period 3             2     1.057    0.106     10.000
Chiral centres                       3     0.062    0.683      0.120
Planar groups                        4     0.000    0.011      0.020
VDW torsion                          9     0.123    0.616      0.200



====== CYCLE 15 ======

 weight = 1.0000e+00
 geom_x = 15.735583007783108
 geom_a = 0
 geom_q = 0
 geom_c = 0.0
f0= 1.5736e+01
using cgsolve in c++, ic=False
diag(geom) min= 790.558056 max= 16742.386309
diag(all) min= 790.558056 max= 16742.386309
Trying gamma equal 0.084000
Convergence reached after 24 iterations with no gamma cycles
min(dx) = -0.0009311050524344097
max(dx) = 0.0004592730071680401
mean(dx)= -1.112413870785785e-05
vdws = 62
atoms = 22
pairs = 122
 geom_x = 15.734678294271717
 geom_a = 0
 geom_q = 0
 geom_c = 0.0
f1, 0= 1.5735e+01
                          N restraints  r.m.s.d.  r.m.s.Z  Mn(sigma)
Bond distances, non H               11     0.008    0.419      0.016
Bond distances, H                   11     0.000    0.018      0.016
Bond angles, non H                  15     2.548    0.853      2.300
Bond angles, H                      26     0.951    0.370      2.006
Torsion angles, period 3             2     1.047    0.105     10.000
Chiral centres                       3     0.062    0.684      0.120
Planar groups                        4     0.000    0.011      0.020
VDW torsion                          9     0.123    0.616      0.200



====== CYCLE 16 ======

 weight = 1.0000e+00
 geom_x = 15.734678294271717
 geom_a = 0
 geom_q = 0
 geom_c = 0.0
f0= 1.5735e+01
using cgsolve in c++, ic=False
diag(geom) min= 790.503331 max= 16742.432659
diag(all) min= 790.503331 max= 16742.432659
Trying gamma equal 0.084000
Convergence reached after 24 iterations with no gamma cycles
min(dx) = -0.0008574150336537525
max(dx) = 0.00043811369412678574
mean(dx)= -9.511090022740477e-06
vdws = 62
atoms = 22
pairs = 122
 geom_x = 15.73388104970066
 geom_a = 0
 geom_q = 0
 geom_c = 0.0
f1, 0= 1.5734e+01
                          N restraints  r.m.s.d.  r.m.s.Z  Mn(sigma)
Bond distances, non H               11     0.008    0.419      0.016
Bond distances, H                   11     0.000    0.018      0.016
Bond angles, non H                  15     2.550    0.853      2.300
Bond angles, H                      26     0.951    0.370      2.006
Torsion angles, period 3             2     1.037    0.104     10.000
Chiral centres                       3     0.062    0.685      0.120
Planar groups                        4     0.000    0.011      0.020
VDW torsion                          9     0.123    0.615      0.200



====== CYCLE 17 ======

 weight = 1.0000e+00
 geom_x = 15.73388104970066
 geom_a = 0
 geom_q = 0
 geom_c = 0.0
f0= 1.5734e+01
using cgsolve in c++, ic=False
diag(geom) min= 790.446448 max= 16742.478658
diag(all) min= 790.446448 max= 16742.478658
Trying gamma equal 0.084000
Convergence reached after 24 iterations with no gamma cycles
min(dx) = -0.0007899720809010432
max(dx) = 0.0004175614244389171
mean(dx)= -8.097759622981466e-06
vdws = 62
atoms = 22
pairs = 122
 geom_x = 15.733172743252423
 geom_a = 0
 geom_q = 0
 geom_c = 0.0
f1, 0= 1.5733e+01
                          N restraints  r.m.s.d.  r.m.s.Z  Mn(sigma)
Bond distances, non H               11     0.008    0.419      0.016
Bond distances, H                   11     0.000    0.018      0.016
Bond angles, non H                  15     2.552    0.854      2.300
Bond angles, H                      26     0.951    0.370      2.006
Torsion angles, period 3             2     1.029    0.103     10.000
Chiral centres                       3     0.062    0.685      0.120
Planar groups                        4     0.000    0.011      0.020
VDW torsion                          9     0.123    0.615      0.200



====== CYCLE 18 ======

 weight = 1.0000e+00
 geom_x = 15.733172743252423
 geom_a = 0
 geom_q = 0
 geom_c = 0.0
f0= 1.5733e+01
using cgsolve in c++, ic=False
diag(geom) min= 790.387952 max= 16742.524391
diag(all) min= 790.387952 max= 16742.524391
Trying gamma equal 0.084000
Convergence reached after 24 iterations with no gamma cycles
min(dx) = -0.0007281743258748696
max(dx) = 0.0003976477220061771
mean(dx)= -6.859806209286116e-06
vdws = 62
atoms = 22
pairs = 122
 geom_x = 15.732538417796777
 geom_a = 0
 geom_q = 0
 geom_c = 0.0
f1, 0= 1.5733e+01
                          N restraints  r.m.s.d.  r.m.s.Z  Mn(sigma)
Bond distances, non H               11     0.008    0.419      0.016
Bond distances, H                   11     0.000    0.018      0.016
Bond angles, non H                  15     2.553    0.854      2.300
Bond angles, H                      26     0.950    0.370      2.006
Torsion angles, period 3             2     1.021    0.102     10.000
Chiral centres                       3     0.062    0.686      0.120
Planar groups                        4     0.000    0.011      0.020
VDW torsion                          9     0.123    0.614      0.200



====== CYCLE 19 ======

 weight = 1.0000e+00
 geom_x = 15.732538417796777
 geom_a = 0
 geom_q = 0
 geom_c = 0.0
f0= 1.5733e+01
using cgsolve in c++, ic=False
diag(geom) min= 790.328293 max= 16742.569932
diag(all) min= 790.328293 max= 16742.569932
Trying gamma equal 0.084000
Convergence reached after 24 iterations with no gamma cycles
min(dx) = -0.0006714861263929769
max(dx) = 0.000378393307763219
mean(dx)= -5.775893841334911e-06
vdws = 62
atoms = 22
pairs = 122
 geom_x = 15.731968924374563
 geom_a = 0
 geom_q = 0
 geom_c = 0.0
f1, 0= 1.5732e+01
                          N restraints  r.m.s.d.  r.m.s.Z  Mn(sigma)
Bond distances, non H               11     0.008    0.419      0.016
Bond distances, H                   11     0.000    0.018      0.016
Bond angles, non H                  15     2.554    0.855      2.300
Bond angles, H                      26     0.950    0.370      2.006
Torsion angles, period 3             2     1.014    0.101     10.000
Chiral centres                       3     0.063    0.686      0.120
Planar groups                        4     0.000    0.011      0.020
VDW nonbonded                        1     0.000    0.001      0.200
VDW torsion                          9     0.123    0.614      0.200



====== CYCLE 20 ======

 weight = 1.0000e+00
 geom_x = 15.731968924374563
 geom_a = 0
 geom_q = 0
 geom_c = 0.0
f0= 1.5732e+01
using cgsolve in c++, ic=False
diag(geom) min= 790.267850 max= 16742.615345
diag(all) min= 790.267850 max= 16742.615345
Trying gamma equal 0.084000
Convergence reached after 24 iterations with no gamma cycles
min(dx) = -0.0006026845029335395
max(dx) = 0.0003438968720189572
mean(dx)= -5.320226451295793e-06
vdws = 62
atoms = 22
pairs = 122
 geom_x = 15.731463470447038
 geom_a = 0
 geom_q = 0
 geom_c = 0.0
f1, 0= 1.5731e+01
                          N restraints  r.m.s.d.  r.m.s.Z  Mn(sigma)
Bond distances, non H               11     0.008    0.419      0.016
Bond distances, H                   11     0.000    0.018      0.016
Bond angles, non H                  15     2.556    0.855      2.300
Bond angles, H                      26     0.950    0.370      2.006
Torsion angles, period 3             2     1.008    0.101     10.000
Chiral centres                       3     0.063    0.687      0.120
Planar groups                        4     0.000    0.011      0.020
VDW nonbonded                        1     0.000    0.002      0.200
VDW torsion                          9     0.123    0.614      0.200



====== CYCLE 21 ======

 weight = 1.0000e+00
 geom_x = 15.731463470447038
 geom_a = 0
 geom_q = 0
 geom_c = 0.0
f0= 1.5731e+01
using cgsolve in c++, ic=False
diag(geom) min= 790.208660 max= 16742.661462
diag(all) min= 790.208660 max= 16742.661462
Trying gamma equal 0.084000
Convergence reached after 24 iterations with no gamma cycles
min(dx) = -0.0005451074809260055
max(dx) = 0.00034075893890385167
mean(dx)= -4.796863363513897e-06
vdws = 62
atoms = 22
pairs = 122
 geom_x = 15.731007774896161
 geom_a = 0
 geom_q = 0
 geom_c = 0.0
f1, 0= 1.5731e+01
                          N restraints  r.m.s.d.  r.m.s.Z  Mn(sigma)
Bond distances, non H               11     0.008    0.420      0.016
Bond distances, H                   11     0.000    0.018      0.016
Bond angles, non H                  15     2.557    0.855      2.300
Bond angles, H                      26     0.950    0.370      2.006
Torsion angles, period 3             2     1.003    0.100     10.000
Chiral centres                       3     0.063    0.687      0.120
Planar groups                        4     0.000    0.011      0.020
VDW nonbonded                        1     0.001    0.003      0.200
VDW torsion                          9     0.123    0.613      0.200



====== CYCLE 22 ======

 weight = 1.0000e+00
 geom_x = 15.731007774896161
 geom_a = 0
 geom_q = 0
 geom_c = 0.0
f0= 1.5731e+01
using cgsolve in c++, ic=False
diag(geom) min= 790.150037 max= 16742.707360
diag(all) min= 790.150037 max= 16742.707360
Trying gamma equal 0.084000
Convergence reached after 24 iterations with no gamma cycles
min(dx) = -0.0004928329719803702
max(dx) = 0.0003375194617249701
mean(dx)= -4.2492102118514254e-06
vdws = 62
atoms = 22
pairs = 122
 geom_x = 15.730593930692873
 geom_a = 0
 geom_q = 0
 geom_c = 0.0
f1, 0= 1.5731e+01
                          N restraints  r.m.s.d.  r.m.s.Z  Mn(sigma)
Bond distances, non H               11     0.008    0.420      0.016
Bond distances, H                   11     0.000    0.018      0.016
Bond angles, non H                  15     2.558    0.856      2.300
Bond angles, H                      26     0.950    0.370      2.006
Torsion angles, period 3             2     0.999    0.100     10.000
Chiral centres                       3     0.063    0.687      0.120
Planar groups                        4     0.000    0.011      0.020
VDW nonbonded                        1     0.001    0.003      0.200
VDW torsion                          9     0.123    0.613      0.200



====== CYCLE 23 ======

 weight = 1.0000e+00
 geom_x = 15.730593930692873
 geom_a = 0
 geom_q = 0
 geom_c = 0.0
f0= 1.5731e+01
using cgsolve in c++, ic=False
diag(geom) min= 790.092138 max= 16742.753289
diag(all) min= 790.092138 max= 16742.753289
Trying gamma equal 0.084000
Convergence reached after 24 iterations with no gamma cycles
min(dx) = -0.00044516603230466284
max(dx) = 0.0003343023160467515
mean(dx)= -3.744439174701194e-06
vdws = 62
atoms = 22
pairs = 122
 geom_x = 15.730215455653553
 geom_a = 0
 geom_q = 0
 geom_c = 0.0
f1, 0= 1.5730e+01
                          N restraints  r.m.s.d.  r.m.s.Z  Mn(sigma)
Bond distances, non H               11     0.008    0.420      0.016
Bond distances, H                   11     0.000    0.018      0.016
Bond angles, non H                  15     2.559    0.856      2.300
Bond angles, H                      26     0.950    0.370      2.006
Torsion angles, period 3             2     0.995    0.099     10.000
Chiral centres                       3     0.063    0.688      0.120
Planar groups                        4     0.000    0.011      0.020
VDW nonbonded                        1     0.001    0.004      0.200
VDW torsion                          9     0.123    0.613      0.200



====== CYCLE 24 ======

 weight = 1.0000e+00
 geom_x = 15.730215455653553
 geom_a = 0
 geom_q = 0
 geom_c = 0.0
f0= 1.5730e+01
using cgsolve in c++, ic=False
diag(geom) min= 790.035192 max= 16742.799452
diag(all) min= 790.035192 max= 16742.799452
Trying gamma equal 0.084000
Convergence reached after 24 iterations with no gamma cycles
min(dx) = -0.0004016429069875024
max(dx) = 0.00033118903967515744
mean(dx)= -3.2896067543734733e-06
vdws = 62
atoms = 22
pairs = 122
 geom_x = 15.729866920677951
 geom_a = 0
 geom_q = 0
 geom_c = 0.0
f1, 0= 1.5730e+01
                          N restraints  r.m.s.d.  r.m.s.Z  Mn(sigma)
Bond distances, non H               11     0.008    0.420      0.016
Bond distances, H                   11     0.000    0.018      0.016
Bond angles, non H                  15     2.560    0.856      2.300
Bond angles, H                      26     0.950    0.370      2.006
Torsion angles, period 3             2     0.991    0.099     10.000
Chiral centres                       3     0.063    0.688      0.120
Planar groups                        4     0.000    0.011      0.020
VDW nonbonded                        1     0.001    0.004      0.200
VDW torsion                          9     0.123    0.613      0.200



====== CYCLE 25 ======

 weight = 1.0000e+00
 geom_x = 15.729866920677951
 geom_a = 0
 geom_q = 0
 geom_c = 0.0
f0= 1.5730e+01
using cgsolve in c++, ic=False
diag(geom) min= 789.979341 max= 16742.845937
diag(all) min= 789.979341 max= 16742.845937
Trying gamma equal 0.084000
Convergence reached after 24 iterations with no gamma cycles
min(dx) = -0.00036187316445326526
max(dx) = 0.00032821957028683174
mean(dx)= -2.8812691836227856e-06
vdws = 62
atoms = 22
pairs = 122
 geom_x = 15.729543768645978
 geom_a = 0
 geom_q = 0
 geom_c = 0.0
f1, 0= 1.5730e+01
                          N restraints  r.m.s.d.  r.m.s.Z  Mn(sigma)
Bond distances, non H               11     0.008    0.420      0.016
Bond distances, H                   11     0.000    0.017      0.016
Bond angles, non H                  15     2.561    0.857      2.300
Bond angles, H                      26     0.950    0.370      2.006
Torsion angles, period 3             2     0.988    0.099     10.000
Chiral centres                       3     0.063    0.688      0.120
Planar groups                        4     0.000    0.011      0.020
VDW nonbonded                        1     0.001    0.005      0.200
VDW torsion                          9     0.123    0.613      0.200



====== CYCLE 26 ======

 weight = 1.0000e+00
 geom_x = 15.729543768645978
 geom_a = 0
 geom_q = 0
 geom_c = 0.0
f0= 1.5730e+01
using cgsolve in c++, ic=False
diag(geom) min= 789.924655 max= 16742.892775
diag(all) min= 789.924655 max= 16742.892775
Trying gamma equal 0.084000
Convergence reached after 23 iterations with no gamma cycles
min(dx) = -0.00032551643675249884
max(dx) = 0.0003254096748900718
mean(dx)= -2.5147613563172385e-06
vdws = 62
atoms = 22
pairs = 122
 geom_x = 15.72924216968822
 geom_a = 0
 geom_q = 0
 geom_c = 0.0
f1, 0= 1.5729e+01
                          N restraints  r.m.s.d.  r.m.s.Z  Mn(sigma)
Bond distances, non H               11     0.008    0.420      0.016
Bond distances, H                   11     0.000    0.017      0.016
Bond angles, non H                  15     2.562    0.857      2.300
Bond angles, H                      26     0.949    0.370      2.006
Torsion angles, period 3             2     0.985    0.099     10.000
Chiral centres                       3     0.063    0.689      0.120
Planar groups                        4     0.000    0.011      0.020
VDW nonbonded                        1     0.001    0.005      0.200
VDW torsion                          9     0.122    0.612      0.200



====== CYCLE 27 ======

 weight = 1.0000e+00
 geom_x = 15.72924216968822
 geom_a = 0
 geom_q = 0
 geom_c = 0.0
f0= 1.5729e+01
using cgsolve in c++, ic=False
diag(geom) min= 789.871154 max= 16742.939973
diag(all) min= 789.871154 max= 16742.939973
Trying gamma equal 0.084000
Convergence reached after 22 iterations with no gamma cycles
min(dx) = -0.0002922714933849924
max(dx) = 0.0003227637200879938
mean(dx)= -2.185399399868241e-06
vdws = 62
atoms = 22
pairs = 122
 geom_x = 15.728958902084834
 geom_a = 0
 geom_q = 0
 geom_c = 0.0
f1, 0= 1.5729e+01
                          N restraints  r.m.s.d.  r.m.s.Z  Mn(sigma)
Bond distances, non H               11     0.008    0.420      0.016
Bond distances, H                   11     0.000    0.017      0.016
Bond angles, non H                  15     2.563    0.857      2.300
Bond angles, H                      26     0.949    0.370      2.006
Torsion angles, period 3             2     0.983    0.098     10.000
Chiral centres                       3     0.063    0.689      0.120
Planar groups                        4     0.000    0.011      0.020
VDW nonbonded                        1     0.001    0.006      0.200
VDW torsion                          9     0.122    0.612      0.200



====== CYCLE 28 ======

 weight = 1.0000e+00
 geom_x = 15.728958902084834
 geom_a = 0
 geom_q = 0
 geom_c = 0.0
f0= 1.5729e+01
using cgsolve in c++, ic=False
diag(geom) min= 789.818817 max= 16742.987533
diag(all) min= 789.818817 max= 16742.987533
Trying gamma equal 0.084000
Convergence reached after 22 iterations with no gamma cycles
min(dx) = -0.000261857190213995
max(dx) = 0.00032026996720790137
mean(dx)= -1.889130681549508e-06
vdws = 62
atoms = 22
pairs = 122
 geom_x = 15.728691253504785
 geom_a = 0
 geom_q = 0
 geom_c = 0.0
f1, 0= 1.5729e+01
                          N restraints  r.m.s.d.  r.m.s.Z  Mn(sigma)
Bond distances, non H               11     0.008    0.420      0.016
Bond distances, H                   11     0.000    0.017      0.016
Bond angles, non H                  15     2.563    0.857      2.300
Bond angles, H                      26     0.949    0.370      2.006
Torsion angles, period 3             2     0.981    0.098     10.000
Chiral centres                       3     0.063    0.689      0.120
Planar groups                        4     0.000    0.011      0.020
VDW nonbonded                        1     0.001    0.006      0.200
VDW torsion                          9     0.122    0.612      0.200



====== CYCLE 29 ======

 weight = 1.0000e+00
 geom_x = 15.728691253504785
 geom_a = 0
 geom_q = 0
 geom_c = 0.0
f0= 1.5729e+01
using cgsolve in c++, ic=False
diag(geom) min= 789.767622 max= 16743.035437
diag(all) min= 789.767622 max= 16743.035437
Trying gamma equal 0.084000
Convergence reached after 22 iterations with no gamma cycles
min(dx) = -0.0002586679958244015
max(dx) = 0.0003179277903496876
mean(dx)= -1.6225960890231768e-06
vdws = 62
atoms = 22
pairs = 122
 geom_x = 15.728436938807192
 geom_a = 0
 geom_q = 0
 geom_c = 0.0
f1, 0= 1.5728e+01
                          N restraints  r.m.s.d.  r.m.s.Z  Mn(sigma)
Bond distances, non H               11     0.008    0.420      0.016
Bond distances, H                   11     0.000    0.017      0.016
Bond angles, non H                  15     2.564    0.858      2.300
Bond angles, H                      26     0.949    0.370      2.006
Torsion angles, period 3             2     0.979    0.098     10.000
Chiral centres                       3     0.063    0.689      0.120
Planar groups                        4     0.000    0.011      0.020
VDW nonbonded                        1     0.001    0.006      0.200
VDW torsion                          9     0.122    0.612      0.200



====== CYCLE 30 ======

 weight = 1.0000e+00
 geom_x = 15.728436938807192
 geom_a = 0
 geom_q = 0
 geom_c = 0.0
f0= 1.5728e+01
using cgsolve in c++, ic=False
diag(geom) min= 789.717522 max= 16743.083669
diag(all) min= 789.717522 max= 16743.083669
Trying gamma equal 0.084000
Convergence reached after 22 iterations with no gamma cycles
min(dx) = -0.000258790714877786
max(dx) = 0.0003157258898028945
mean(dx)= -1.3825885377584256e-06
vdws = 62
atoms = 22
pairs = 122
 geom_x = 15.728194031474185
 geom_a = 0
 geom_q = 0
 geom_c = 0.0
f1, 0= 1.5728e+01
                          N restraints  r.m.s.d.  r.m.s.Z  Mn(sigma)
Bond distances, non H               11     0.008    0.420      0.016
Bond distances, H                   11     0.000    0.017      0.016
Bond angles, non H                  15     2.564    0.858      2.300
Bond angles, H                      26     0.949    0.370      2.006
Torsion angles, period 3             2     0.977    0.098     10.000
Chiral centres                       3     0.063    0.689      0.120
Planar groups                        4     0.000    0.011      0.020
VDW nonbonded                        1     0.001    0.007      0.200
VDW torsion                          9     0.122    0.612      0.200


$TABLE: stats vs cycle :
$GRAPHS
: Geometry :A:1,2,4:
: Geometry Z :A:1,3,5:
$$
 Ncyc  rmsBOND  zBOND  rmsANGL  zANGL
$$
$$
    0   0.0128 0.6961   2.2303 0.7494
    1   0.0078 0.4234   2.4517 0.8204
    2   0.0076 0.4121   2.4812 0.8302
    3   0.0076 0.4127   2.4976 0.8356
    4   0.0076 0.4135   2.5044 0.8379
    5   0.0076 0.4142   2.5112 0.8401
    6   0.0076 0.4149   2.5172 0.8421
    7   0.0076 0.4155   2.5225 0.8439
    8   0.0076 0.4161   2.5273 0.8455
    9   0.0077 0.4166   2.5315 0.8469
   10   0.0077 0.4170   2.5352 0.8481
   11   0.0077 0.4174   2.5385 0.8492
   12   0.0077 0.4177   2.5414 0.8502
   13   0.0077 0.4180   2.5440 0.8511
   14   0.0077 0.4183   2.5463 0.8518
   15   0.0077 0.4185   2.5484 0.8525
   16   0.0077 0.4187   2.5502 0.8531
   17   0.0077 0.4189   2.5518 0.8537
   18   0.0077 0.4191   2.5532 0.8541
   19   0.0077 0.4192   2.5544 0.8545
   20   0.0077 0.4194   2.5559 0.8550
   21   0.0077 0.4196   2.5571 0.8554
   22   0.0077 0.4197   2.5582 0.8558
   23   0.0077 0.4198   2.5593 0.8562
   24   0.0077 0.4200   2.5602 0.8565
   25   0.0077 0.4201   2.5611 0.8568
   26   0.0077 0.4201   2.5618 0.8570
   27   0.0077 0.4202   2.5626 0.8573
   28   0.0077 0.4203   2.5632 0.8575
   29   0.0077 0.4204   2.5638 0.8577
   30   0.0077 0.4204   2.5644 0.8579
$$

Updated dictionary saved: cys-epx_link_TMP/LIG_for_link_TMP/mol_1_conf_6_updated.cif
Refinement statistics saved: cys-epx_link_TMP/LIG_for_link_TMP/mol_1_conf_6_stats.json

# Finished on 2026-06-14 11:42:22.564036

=========END OF PROCESS INFORMATION ==========
