
============ PROCESS INFORMATION =============
# Servalcat ver. 0.4.128 (Python 3.9.18)
# Library vers. gemmi 0.7.4, scipy 1.7.3, numpy 1.19.5, pandas 1.3.5
# Started on 2026-06-14 11:42:40.862875
# Host: Mac.lan User: hilgersmt
# Command-line:
# servalcat --logfile cys-epx_link_TMP/LIG_for_link_TMP/servalcat.log refine_geom --update_dictionary cys-epx_link_TMP/LIG_for_link_TMP/mol_1_conf_16_init.cif -o cys-epx_link_TMP/LIG_for_link_TMP/mol_1_conf_16 --randomize 0.01
Config loaded
--
refine:
  atom_selection:
    xyz:
      include:
      - '*'
      exclude: []
      exclude_restraint: []
    adp:
      include: []
      exclude: []
      exclude_restraint: []
    occ:
      include: []
      exclude: []
      exclude_restraint: []
    dfrac:
      include: []
      exclude: []
      exclude_restraint: []
  occ_groups: []
  occ_group_constraints: []
  occ_group_const_mu: 10.0
  occ_group_const_mu_update_factor: 1.1
  occ_group_const_mu_update_tol_rel: 0.25
  occ_group_const_mu_update_tol_abs: 0.01
  initialisation:
    adp: {}
    occ: {}
    dfrac: {}
  write_trajectory: false
--
Reading monomers from /Applications/ccp4-9/lib/data/monomers/
Monomer not in the library: LIG.
Reading monomer: cys-epx_link_TMP/LIG_for_link_TMP/mol_1_conf_16_init.cif
Monomer library loaded: 1 monomers, 109 links, 133 modifications
       loaded monomers: LIG

Checking if unknown atoms exist..
Creating restraints..

Chain info:
 chain 
  ligands: LIG (1 residues)

Number of refinement parameters:
       n_params  n_atoms  n_atoms_geom_only  n_atoms_data_only
xyz          11       11                  0                  0
adp           0        0                  0                  0
occ           0        0                  0                  0
dfrac         0        0                  0                  0

Randomizing structure with rmsd of 0.01
Torsion angle rules:
 include:
  {'group': 'peptide', 'tors_name': 'chi*'}
  {'link': '*', 'tors_name': 'omega'}
  {'residue': '*', 'tors_name': 'sp2_sp2*'}
  {'link': '*', 'tors_name': 'sp2_sp2*'}
 exclude:
  none
External restraints from Refmac instructions
 Number of distances          : 0
 Number of angles             : 0
 Number of torsions           : 0
 Number of chirals            : 0
 Number of planes             : 0
 Number of intervals          : 0
 Number of stackings          : 0
 Number of harmonics          : 0
 Number of special positions  : 0

Running 10 cycles with wchir=4 wvdw=2 without hydrogen
Geometry weights
vdws = 10
atoms = 11
pairs = 33
 *** Bond distances outliers (Z >= 5) ***

    atom1     atom2  value  ideal  sigma     z
/LIG 1/C3 /LIG 1/O7  1.380  1.251  0.018 7.050

                       N restraints  r.m.s.d.  r.m.s.Z  Mn(sigma)
Bond distances, non H            11     0.048    2.968      0.016
Bond angles, non H               15     5.392    2.264      2.300
Chiral centres                    3     0.148    1.544      0.120
Planar groups                     4     0.001    0.062      0.020
VDW torsion                       3     0.276    1.378      0.200


====== CYCLE  1 ======

 weight = 1.0000e+00
 geom_x = 155.47700644775333
 geom_a = 0
 geom_q = 0
 geom_c = 0.0
f0= 1.5548e+02
using cgsolve in c++, ic=False
diag(geom) min= 845.676264 max= 24956.518052
diag(all) min= 845.676264 max= 24956.518052
Trying gamma equal 0.000000
Not converging with gamma equal 0.000000
Trying gamma equal 0.052500
Gamma decreased to 0.042000
min(dx) = -0.11680013590634078
max(dx) = 0.11997381700081514
mean(dx)= 0.0020345212601626493
vdws = 10
atoms = 11
pairs = 33
 geom_x = 19.285724773201704
 geom_a = 0
 geom_q = 0
 geom_c = 0.0
f1, 0= 1.9286e+01
                       N restraints  r.m.s.d.  r.m.s.Z  Mn(sigma)
Bond distances, non H            11     0.012    0.633      0.016
Bond angles, non H               15     2.940    0.983      2.300
Chiral centres                    3     0.020    0.173      0.120
Planar groups                     4     0.002    0.092      0.020
VDW torsion                       4     0.213    1.066      0.200



====== CYCLE  2 ======

 weight = 1.0000e+00
 geom_x = 19.285724773201704
 geom_a = 0
 geom_q = 0
 geom_c = 0.0
f0= 1.9286e+01
using cgsolve in c++, ic=False
diag(geom) min= 1016.304466 max= 23320.714255
diag(all) min= 1016.304466 max= 23320.714255
Trying gamma equal 0.042000
Not converging with gamma equal 0.042000
Trying gamma equal 0.094500
Gamma decreased to 0.084000
min(dx) = -0.038771798836756285
max(dx) = 0.02131768116712928
mean(dx)= 0.0007443329804756525
vdws = 10
atoms = 11
pairs = 33
 geom_x = 16.25926740396475
 geom_a = 0
 geom_q = 0
 geom_c = 0.0
f1, 0= 1.6259e+01
                       N restraints  r.m.s.d.  r.m.s.Z  Mn(sigma)
Bond distances, non H            11     0.010    0.563      0.016
Bond angles, non H               15     2.552    0.854      2.300
Chiral centres                    3     0.008    0.084      0.120
Planar groups                     4     0.001    0.068      0.020
VDW torsion                       4     0.211    1.053      0.200



====== CYCLE  3 ======

 weight = 1.0000e+00
 geom_x = 16.25926740396475
 geom_a = 0
 geom_q = 0
 geom_c = 0.0
f0= 1.6259e+01
using cgsolve in c++, ic=False
diag(geom) min= 993.441339 max= 23177.787793
diag(all) min= 993.441339 max= 23177.787793
Trying gamma equal 0.084000
Convergence reached after 22 iterations with no gamma cycles
min(dx) = -0.024046597926418806
max(dx) = 0.017988474604610026
mean(dx)= 0.0005399468098159895
vdws = 10
atoms = 11
pairs = 33
 geom_x = 15.096531527708517
 geom_a = 0
 geom_q = 0
 geom_c = 0.0
f1, 0= 1.5097e+01
                       N restraints  r.m.s.d.  r.m.s.Z  Mn(sigma)
Bond distances, non H            11     0.010    0.556      0.016
Bond angles, non H               15     2.359    0.790      2.300
Chiral centres                    3     0.007    0.080      0.120
Planar groups                     4     0.001    0.072      0.020
VDW torsion                       4     0.207    1.034      0.200



====== CYCLE  4 ======

 weight = 1.0000e+00
 geom_x = 15.096531527708517
 geom_a = 0
 geom_q = 0
 geom_c = 0.0
f0= 1.5097e+01
using cgsolve in c++, ic=False
diag(geom) min= 983.648449 max= 23110.412472
diag(all) min= 983.648449 max= 23110.412472
Trying gamma equal 0.084000
Not converging with gamma equal 0.084000
Trying gamma equal 0.136500
Not converging with gamma equal 0.136500
Trying gamma equal 0.191625
Gamma decreased to 0.180600
min(dx) = -0.00784303484397765
max(dx) = 0.007028754003731327
mean(dx)= 0.00017629753163062826
vdws = 10
atoms = 11
pairs = 33
 geom_x = 14.759764248638799
 geom_a = 0
 geom_q = 0
 geom_c = 0.0
f1, 0= 1.4760e+01
                       N restraints  r.m.s.d.  r.m.s.Z  Mn(sigma)
Bond distances, non H            11     0.010    0.555      0.016
Bond angles, non H               15     2.307    0.773      2.300
Chiral centres                    3     0.008    0.081      0.120
Planar groups                     4     0.001    0.073      0.020
VDW torsion                       4     0.205    1.026      0.200



====== CYCLE  5 ======

 weight = 1.0000e+00
 geom_x = 14.759764248638799
 geom_a = 0
 geom_q = 0
 geom_c = 0.0
f0= 1.4760e+01
using cgsolve in c++, ic=False
diag(geom) min= 980.145238 max= 23086.792130
diag(all) min= 980.145238 max= 23086.792130
Trying gamma equal 0.180600
Convergence reached after 16 iterations with no gamma cycles
min(dx) = -0.007377981857299891
max(dx) = 0.0067839939101604066
mean(dx)= 0.0001334924954782527
vdws = 10
atoms = 11
pairs = 33
 geom_x = 14.48951315440554
 geom_a = 0
 geom_q = 0
 geom_c = 0.0
f1, 0= 1.4490e+01
                       N restraints  r.m.s.d.  r.m.s.Z  Mn(sigma)
Bond distances, non H            11     0.010    0.555      0.016
Bond angles, non H               15     2.266    0.759      2.300
Chiral centres                    3     0.008    0.080      0.120
Planar groups                     4     0.001    0.073      0.020
VDW torsion                       4     0.204    1.019      0.200



====== CYCLE  6 ======

 weight = 1.0000e+00
 geom_x = 14.48951315440554
 geom_a = 0
 geom_q = 0
 geom_c = 0.0
f0= 1.4490e+01
using cgsolve in c++, ic=False
diag(geom) min= 976.910684 max= 23067.707329
diag(all) min= 976.910684 max= 23067.707329
Trying gamma equal 0.180600
Convergence reached after 16 iterations with no gamma cycles
min(dx) = -0.0076181965722116815
max(dx) = 0.006193836499517631
mean(dx)= 9.014716071778296e-05
vdws = 9
atoms = 11
pairs = 32
 geom_x = 14.276342182906754
 geom_a = 0
 geom_q = 0
 geom_c = 0.0
f1, 0= 1.4276e+01
                       N restraints  r.m.s.d.  r.m.s.Z  Mn(sigma)
Bond distances, non H            11     0.010    0.556      0.016
Bond angles, non H               15     2.235    0.749      2.300
Chiral centres                    3     0.008    0.079      0.120
Planar groups                     4     0.001    0.072      0.020
VDW torsion                       4     0.203    1.013      0.200



====== CYCLE  7 ======

 weight = 1.0000e+00
 geom_x = 14.276342182906754
 geom_a = 0
 geom_q = 0
 geom_c = 0.0
f0= 1.4276e+01
using cgsolve in c++, ic=False
diag(geom) min= 974.104312 max= 23051.488354
diag(all) min= 974.104312 max= 23051.488354
Trying gamma equal 0.180600
Convergence reached after 16 iterations with no gamma cycles
min(dx) = -0.007696173554915244
max(dx) = 0.005703282177592437
mean(dx)= 5.648265424725014e-05
vdws = 9
atoms = 11
pairs = 32
 geom_x = 14.101936255389187
 geom_a = 0
 geom_q = 0
 geom_c = 0.0
f1, 0= 1.4102e+01
                       N restraints  r.m.s.d.  r.m.s.Z  Mn(sigma)
Bond distances, non H            11     0.010    0.558      0.016
Bond angles, non H               15     2.210    0.741      2.300
Chiral centres                    3     0.008    0.079      0.120
Planar groups                     4     0.001    0.070      0.020
VDW torsion                       4     0.201    1.007      0.200



====== CYCLE  8 ======

 weight = 1.0000e+00
 geom_x = 14.101936255389187
 geom_a = 0
 geom_q = 0
 geom_c = 0.0
f0= 1.4102e+01
using cgsolve in c++, ic=False
diag(geom) min= 971.659838 max= 23037.347561
diag(all) min= 971.659838 max= 23037.347561
Trying gamma equal 0.180600
Convergence reached after 16 iterations with no gamma cycles
min(dx) = -0.007649184399462614
max(dx) = 0.005287993687325954
mean(dx)= 3.139190556412484e-05
vdws = 9
atoms = 11
pairs = 32
 geom_x = 13.955188267750296
 geom_a = 0
 geom_q = 0
 geom_c = 0.0
f1, 0= 1.3955e+01
                       N restraints  r.m.s.d.  r.m.s.Z  Mn(sigma)
Bond distances, non H            11     0.010    0.559      0.016
Bond angles, non H               15     2.190    0.734      2.300
Chiral centres                    3     0.008    0.079      0.120
Planar groups                     4     0.001    0.068      0.020
VDW torsion                       4     0.200    1.002      0.200



====== CYCLE  9 ======

 weight = 1.0000e+00
 geom_x = 13.955188267750296
 geom_a = 0
 geom_q = 0
 geom_c = 0.0
f0= 1.3955e+01
using cgsolve in c++, ic=False
diag(geom) min= 969.519795 max= 23024.921909
diag(all) min= 969.519795 max= 23024.921909
Trying gamma equal 0.180600
Convergence reached after 16 iterations with no gamma cycles
min(dx) = -0.007510775412695935
max(dx) = 0.004929226488844389
mean(dx)= 1.336620964134647e-05
vdws = 9
atoms = 11
pairs = 32
 geom_x = 13.829173455583751
 geom_a = 0
 geom_q = 0
 geom_c = 0.0
f1, 0= 1.3829e+01
                       N restraints  r.m.s.d.  r.m.s.Z  Mn(sigma)
Bond distances, non H            11     0.010    0.560      0.016
Bond angles, non H               15     2.173    0.729      2.300
Chiral centres                    3     0.008    0.078      0.120
Planar groups                     4     0.001    0.065      0.020
VDW torsion                       4     0.200    0.998      0.200



====== CYCLE 10 ======

 weight = 1.0000e+00
 geom_x = 13.829173455583751
 geom_a = 0
 geom_q = 0
 geom_c = 0.0
f0= 1.3829e+01
using cgsolve in c++, ic=False
diag(geom) min= 967.635563 max= 23013.989628
diag(all) min= 967.635563 max= 23013.989628
Trying gamma equal 0.180600
Convergence reached after 16 iterations with no gamma cycles
min(dx) = -0.007307337315692147
max(dx) = 0.004613384981693654
mean(dx)= 9.038837967528567e-07
vdws = 9
atoms = 11
pairs = 32
 geom_x = 13.719414545125435
 geom_a = 0
 geom_q = 0
 geom_c = 0.0
f1, 0= 1.3719e+01
                       N restraints  r.m.s.d.  r.m.s.Z  Mn(sigma)
Bond distances, non H            11     0.010    0.560      0.016
Bond angles, non H               15     2.158    0.724      2.300
Chiral centres                    3     0.008    0.078      0.120
Planar groups                     4     0.001    0.062      0.020
VDW torsion                       4     0.199    0.994      0.200


$TABLE: stats vs cycle :
$GRAPHS
: Geometry :A:1,4,2:
: Geometry Z :A:1,5,3:
$$
 Ncyc  rmsBOND  zBOND  rmsANGL  zANGL
$$
$$
    0   0.0484 2.9680   5.3924 2.2639
    1   0.0116 0.6331   2.9398 0.9835
    2   0.0103 0.5628   2.5521 0.8537
    3   0.0102 0.5557   2.3595 0.7898
    4   0.0102 0.5548   2.3067 0.7725
    5   0.0103 0.5554   2.2657 0.7591
    6   0.0103 0.5564   2.2346 0.7489
    7   0.0103 0.5576   2.2099 0.7409
    8   0.0104 0.5586   2.1898 0.7343
    9   0.0104 0.5596   2.1727 0.7287
   10   0.0104 0.5604   2.1581 0.7240
$$

Running 30 cycles with wchir=1 wvdw=2 without hydrogen
Geometry weights
vdws = 9
atoms = 11
pairs = 32
                       N restraints  r.m.s.d.  r.m.s.Z  Mn(sigma)
Bond distances, non H            11     0.010    0.560      0.016
Bond angles, non H               15     2.158    0.724      2.300
Chiral centres                    3     0.008    0.078      0.120
Planar groups                     4     0.001    0.062      0.020
VDW torsion                       4     0.199    0.994      0.200


====== CYCLE  1 ======

 weight = 1.0000e+00
 geom_x = 13.583003408565855
 geom_a = 0
 geom_q = 0
 geom_c = 0.0
f0= 1.3583e+01
using cgsolve in c++, ic=False
diag(geom) min= 587.205177 max= 11230.894694
diag(all) min= 587.205177 max= 11230.894694
Trying gamma equal 0.180600
Convergence reached after 17 iterations with no gamma cycles
min(dx) = -0.012379349273963555
max(dx) = 0.012218270228214092
mean(dx)= 0.0006760342391483467
vdws = 9
atoms = 11
pairs = 32
 geom_x = 12.638214780029735
 geom_a = 0
 geom_q = 0
 geom_c = 0.0
f1, 0= 1.2638e+01
                       N restraints  r.m.s.d.  r.m.s.Z  Mn(sigma)
Bond distances, non H            11     0.007    0.368      0.016
Bond angles, non H               15     2.271    0.760      2.300
Chiral centres                    3     0.048    0.497      0.120
Planar groups                     4     0.001    0.051      0.020
VDW torsion                       4     0.190    0.948      0.200



====== CYCLE  2 ======

 weight = 1.0000e+00
 geom_x = 12.638214780029735
 geom_a = 0
 geom_q = 0
 geom_c = 0.0
f0= 1.2638e+01
using cgsolve in c++, ic=False
diag(geom) min= 576.821447 max= 11215.028633
diag(all) min= 576.821447 max= 11215.028633
Trying gamma equal 0.180600
Convergence reached after 19 iterations with no gamma cycles
min(dx) = -0.005253634902215337
max(dx) = 0.005337423718481035
mean(dx)= 0.00011737016807724905
vdws = 9
atoms = 11
pairs = 32
 geom_x = 12.50437058898246
 geom_a = 0
 geom_q = 0
 geom_c = 0.0
f1, 0= 1.2504e+01
                       N restraints  r.m.s.d.  r.m.s.Z  Mn(sigma)
Bond distances, non H            11     0.007    0.359      0.016
Bond angles, non H               15     2.298    0.769      2.300
Chiral centres                    3     0.055    0.547      0.120
Planar groups                     4     0.001    0.047      0.020
VDW torsion                       4     0.186    0.929      0.200



====== CYCLE  3 ======

 weight = 1.0000e+00
 geom_x = 12.50437058898246
 geom_a = 0
 geom_q = 0
 geom_c = 0.0
f0= 1.2504e+01
using cgsolve in c++, ic=False
diag(geom) min= 579.159772 max= 11208.681520
diag(all) min= 579.159772 max= 11208.681520
Trying gamma equal 0.180600
Convergence reached after 19 iterations with no gamma cycles
min(dx) = -0.005324430192902129
max(dx) = 0.004685101551234058
mean(dx)= 1.9252858494302104e-05
vdws = 9
atoms = 11
pairs = 32
 geom_x = 12.409969146458895
 geom_a = 0
 geom_q = 0
 geom_c = 0.0
f1, 0= 1.2410e+01
                       N restraints  r.m.s.d.  r.m.s.Z  Mn(sigma)
Bond distances, non H            11     0.007    0.363      0.016
Bond angles, non H               15     2.306    0.771      2.300
Chiral centres                    3     0.057    0.557      0.120
Planar groups                     4     0.001    0.044      0.020
VDW torsion                       4     0.184    0.919      0.200



====== CYCLE  4 ======

 weight = 1.0000e+00
 geom_x = 12.409969146458895
 geom_a = 0
 geom_q = 0
 geom_c = 0.0
f0= 1.2410e+01
using cgsolve in c++, ic=False
diag(geom) min= 582.442758 max= 11208.818607
diag(all) min= 582.442758 max= 11208.818607
Trying gamma equal 0.180600
Convergence reached after 18 iterations with no gamma cycles
min(dx) = -0.0052533356940882405
max(dx) = 0.004113775665250701
mean(dx)= -1.0229164373974538e-05
vdws = 9
atoms = 11
pairs = 32
 geom_x = 12.33380322437695
 geom_a = 0
 geom_q = 0
 geom_c = 0.0
f1, 0= 1.2334e+01
                       N restraints  r.m.s.d.  r.m.s.Z  Mn(sigma)
Bond distances, non H            11     0.007    0.366      0.016
Bond angles, non H               15     2.309    0.772      2.300
Chiral centres                    3     0.058    0.561      0.120
Planar groups                     4     0.001    0.042      0.020
VDW torsion                       4     0.182    0.912      0.200



====== CYCLE  5 ======

 weight = 1.0000e+00
 geom_x = 12.33380322437695
 geom_a = 0
 geom_q = 0
 geom_c = 0.0
f0= 1.2334e+01
using cgsolve in c++, ic=False
diag(geom) min= 585.426097 max= 11212.430316
diag(all) min= 585.426097 max= 11212.430316
Trying gamma equal 0.180600
Convergence reached after 16 iterations with no gamma cycles
min(dx) = -0.005095308255795195
max(dx) = 0.0036507992060730832
mean(dx)= -2.0541980486622667e-05
vdws = 9
atoms = 11
pairs = 32
 geom_x = 12.27034237678022
 geom_a = 0
 geom_q = 0
 geom_c = 0.0
f1, 0= 1.2270e+01
                       N restraints  r.m.s.d.  r.m.s.Z  Mn(sigma)
Bond distances, non H            11     0.007    0.368      0.016
Bond angles, non H               15     2.309    0.773      2.300
Chiral centres                    3     0.058    0.562      0.120
Planar groups                     4     0.001    0.040      0.020
VDW torsion                       4     0.181    0.906      0.200



====== CYCLE  6 ======

 weight = 1.0000e+00
 geom_x = 12.27034237678022
 geom_a = 0
 geom_q = 0
 geom_c = 0.0
f0= 1.2270e+01
using cgsolve in c++, ic=False
diag(geom) min= 588.030435 max= 11217.874439
diag(all) min= 588.030435 max= 11217.874439
Trying gamma equal 0.180600
Convergence reached after 16 iterations with no gamma cycles
min(dx) = -0.004880589865411233
max(dx) = 0.003274568417327006
mean(dx)= -2.2650044145739773e-05
vdws = 9
atoms = 11
pairs = 32
 geom_x = 12.216602531912773
 geom_a = 0
 geom_q = 0
 geom_c = 0.0
f1, 0= 1.2217e+01
                       N restraints  r.m.s.d.  r.m.s.Z  Mn(sigma)
Bond distances, non H            11     0.007    0.371      0.016
Bond angles, non H               15     2.308    0.772      2.300
Chiral centres                    3     0.059    0.563      0.120
Planar groups                     4     0.001    0.037      0.020
VDW torsion                       4     0.180    0.902      0.200



====== CYCLE  7 ======

 weight = 1.0000e+00
 geom_x = 12.216602531912773
 geom_a = 0
 geom_q = 0
 geom_c = 0.0
f0= 1.2217e+01
using cgsolve in c++, ic=False
diag(geom) min= 590.308550 max= 11224.299868
diag(all) min= 590.308550 max= 11224.299868
Trying gamma equal 0.180600
Convergence reached after 16 iterations with no gamma cycles
min(dx) = -0.004631764063482434
max(dx) = 0.002962851923554084
mean(dx)= -2.0816554211811692e-05
vdws = 9
atoms = 11
pairs = 32
 geom_x = 12.17063253486466
 geom_a = 0
 geom_q = 0
 geom_c = 0.0
f1, 0= 1.2171e+01
                       N restraints  r.m.s.d.  r.m.s.Z  Mn(sigma)
Bond distances, non H            11     0.007    0.372      0.016
Bond angles, non H               15     2.307    0.772      2.300
Chiral centres                    3     0.059    0.562      0.120
Planar groups                     4     0.001    0.035      0.020
VDW torsion                       4     0.180    0.899      0.200



====== CYCLE  8 ======

 weight = 1.0000e+00
 geom_x = 12.17063253486466
 geom_a = 0
 geom_q = 0
 geom_c = 0.0
f0= 1.2171e+01
using cgsolve in c++, ic=False
diag(geom) min= 592.311686 max= 11231.247606
diag(all) min= 592.311686 max= 11231.247606
Trying gamma equal 0.180600
Convergence reached after 16 iterations with no gamma cycles
min(dx) = -0.004365207125734927
max(dx) = 0.00269861193095359
mean(dx)= -1.706847162562172e-05
vdws = 9
atoms = 11
pairs = 32
 geom_x = 12.13103476823093
 geom_a = 0
 geom_q = 0
 geom_c = 0.0
f1, 0= 1.2131e+01
                       N restraints  r.m.s.d.  r.m.s.Z  Mn(sigma)
Bond distances, non H            11     0.007    0.374      0.016
Bond angles, non H               15     2.305    0.772      2.300
Chiral centres                    3     0.059    0.562      0.120
Planar groups                     4     0.001    0.032      0.020
VDW torsion                       4     0.179    0.896      0.200



====== CYCLE  9 ======

 weight = 1.0000e+00
 geom_x = 12.13103476823093
 geom_a = 0
 geom_q = 0
 geom_c = 0.0
f0= 1.2131e+01
using cgsolve in c++, ic=False
diag(geom) min= 594.077488 max= 11238.450709
diag(all) min= 594.077488 max= 11238.450709
Trying gamma equal 0.180600
Convergence reached after 16 iterations with no gamma cycles
min(dx) = -0.004092308569013207
max(dx) = 0.002469838678089135
mean(dx)= -1.247581833660539e-05
vdws = 9
atoms = 11
pairs = 32
 geom_x = 12.096749762036895
 geom_a = 0
 geom_q = 0
 geom_c = 0.0
f1, 0= 1.2097e+01
                       N restraints  r.m.s.d.  r.m.s.Z  Mn(sigma)
Bond distances, non H            11     0.007    0.375      0.016
Bond angles, non H               15     2.303    0.771      2.300
Chiral centres                    3     0.058    0.561      0.120
Planar groups                     4     0.001    0.030      0.020
VDW torsion                       4     0.179    0.894      0.200



====== CYCLE 10 ======

 weight = 1.0000e+00
 geom_x = 12.096749762036895
 geom_a = 0
 geom_q = 0
 geom_c = 0.0
f0= 1.2097e+01
using cgsolve in c++, ic=False
diag(geom) min= 595.633793 max= 11245.744431
diag(all) min= 595.633793 max= 11245.744431
Trying gamma equal 0.180600
Convergence reached after 16 iterations with no gamma cycles
min(dx) = -0.003820728887979564
max(dx) = 0.002268155291799149
mean(dx)= -7.626726078425708e-06
vdws = 9
atoms = 11
pairs = 32
 geom_x = 12.066943294918811
 geom_a = 0
 geom_q = 0
 geom_c = 0.0
f1, 0= 1.2067e+01
                       N restraints  r.m.s.d.  r.m.s.Z  Mn(sigma)
Bond distances, non H            11     0.007    0.376      0.016
Bond angles, non H               15     2.301    0.770      2.300
Chiral centres                    3     0.058    0.560      0.120
Planar groups                     4     0.001    0.028      0.020
VDW torsion                       4     0.178    0.892      0.200



====== CYCLE 11 ======

 weight = 1.0000e+00
 geom_x = 12.066943294918811
 geom_a = 0
 geom_q = 0
 geom_c = 0.0
f0= 1.2067e+01
using cgsolve in c++, ic=False
diag(geom) min= 597.002418 max= 11253.022357
diag(all) min= 597.002418 max= 11253.022357
Trying gamma equal 0.180600
Convergence reached after 16 iterations with no gamma cycles
min(dx) = -0.0035554679030367796
max(dx) = 0.002087692867898594
mean(dx)= -2.8558078471870084e-06
vdws = 9
atoms = 11
pairs = 32
 geom_x = 12.04094135005985
 geom_a = 0
 geom_q = 0
 geom_c = 0.0
f1, 0= 1.2041e+01
                       N restraints  r.m.s.d.  r.m.s.Z  Mn(sigma)
Bond distances, non H            11     0.007    0.377      0.016
Bond angles, non H               15     2.299    0.770      2.300
Chiral centres                    3     0.058    0.559      0.120
Planar groups                     4     0.001    0.025      0.020
VDW torsion                       4     0.178    0.891      0.200



====== CYCLE 12 ======

 weight = 1.0000e+00
 geom_x = 12.04094135005985
 geom_a = 0
 geom_q = 0
 geom_c = 0.0
f0= 1.2041e+01
using cgsolve in c++, ic=False
diag(geom) min= 598.201769 max= 11260.213641
diag(all) min= 598.201769 max= 11260.213641
Trying gamma equal 0.180600
Convergence reached after 16 iterations with no gamma cycles
min(dx) = -0.003299657942339877
max(dx) = 0.0019408909084337985
mean(dx)= 1.649657016236229e-06
vdws = 9
atoms = 11
pairs = 32
 geom_x = 12.018189679917933
 geom_a = 0
 geom_q = 0
 geom_c = 0.0
f1, 0= 1.2018e+01
                       N restraints  r.m.s.d.  r.m.s.Z  Mn(sigma)
Bond distances, non H            11     0.007    0.377      0.016
Bond angles, non H               15     2.297    0.769      2.300
Chiral centres                    3     0.058    0.558      0.120
Planar groups                     4     0.000    0.023      0.020
VDW torsion                       4     0.178    0.889      0.200



====== CYCLE 13 ======

 weight = 1.0000e+00
 geom_x = 12.018189679917933
 geom_a = 0
 geom_q = 0
 geom_c = 0.0
f0= 1.2018e+01
using cgsolve in c++, ic=False
diag(geom) min= 599.248155 max= 11267.270566
diag(all) min= 599.248155 max= 11267.270566
Trying gamma equal 0.180600
Convergence reached after 16 iterations with no gamma cycles
min(dx) = -0.003055159637790136
max(dx) = 0.0019056150974262208
mean(dx)= 5.791743085442417e-06
vdws = 9
atoms = 11
pairs = 32
 geom_x = 11.998226931607062
 geom_a = 0
 geom_q = 0
 geom_c = 0.0
f1, 0= 1.1998e+01
                       N restraints  r.m.s.d.  r.m.s.Z  Mn(sigma)
Bond distances, non H            11     0.007    0.378      0.016
Bond angles, non H               15     2.295    0.769      2.300
Chiral centres                    3     0.058    0.557      0.120
Planar groups                     4     0.000    0.021      0.020
VDW torsion                       4     0.178    0.888      0.200



====== CYCLE 14 ======

 weight = 1.0000e+00
 geom_x = 11.998226931607062
 geom_a = 0
 geom_q = 0
 geom_c = 0.0
f0= 1.1998e+01
using cgsolve in c++, ic=False
diag(geom) min= 600.156399 max= 11274.161077
diag(all) min= 600.156399 max= 11274.161077
Trying gamma equal 0.180600
Convergence reached after 16 iterations with no gamma cycles
min(dx) = -0.002822976713417109
max(dx) = 0.0018680185931595318
mean(dx)= 9.527381055907108e-06
vdws = 9
atoms = 11
pairs = 32
 geom_x = 11.98066573010097
 geom_a = 0
 geom_q = 0
 geom_c = 0.0
f1, 0= 1.1981e+01
                       N restraints  r.m.s.d.  r.m.s.Z  Mn(sigma)
Bond distances, non H            11     0.007    0.379      0.016
Bond angles, non H               15     2.293    0.768      2.300
Chiral centres                    3     0.057    0.556      0.120
Planar groups                     4     0.000    0.020      0.020
VDW torsion                       4     0.178    0.888      0.200



====== CYCLE 15 ======

 weight = 1.0000e+00
 geom_x = 11.98066573010097
 geom_a = 0
 geom_q = 0
 geom_c = 0.0
f0= 1.1981e+01
using cgsolve in c++, ic=False
diag(geom) min= 600.940127 max= 11280.864021
diag(all) min= 600.940127 max= 11280.864021
Trying gamma equal 0.180600
Convergence reached after 15 iterations with no gamma cycles
min(dx) = -0.002603567383036706
max(dx) = 0.0018282924716497672
mean(dx)= 1.2847680040782398e-05
vdws = 9
atoms = 11
pairs = 32
 geom_x = 11.965178727085855
 geom_a = 0
 geom_q = 0
 geom_c = 0.0
f1, 0= 1.1965e+01
                       N restraints  r.m.s.d.  r.m.s.Z  Mn(sigma)
Bond distances, non H            11     0.007    0.379      0.016
Bond angles, non H               15     2.291    0.768      2.300
Chiral centres                    3     0.057    0.555      0.120
Planar groups                     4     0.000    0.018      0.020
VDW torsion                       4     0.177    0.887      0.200



====== CYCLE 16 ======

 weight = 1.0000e+00
 geom_x = 11.965178727085855
 geom_a = 0
 geom_q = 0
 geom_c = 0.0
f0= 1.1965e+01
using cgsolve in c++, ic=False
diag(geom) min= 601.611914 max= 11287.366096
diag(all) min= 601.611914 max= 11287.366096
Trying gamma equal 0.180600
Convergence reached after 15 iterations with no gamma cycles
min(dx) = -0.0023969253473724184
max(dx) = 0.0017866223239210383
mean(dx)= 1.5761860335195596e-05
vdws = 9
atoms = 11
pairs = 32
 geom_x = 11.951487936950336
 geom_a = 0
 geom_q = 0
 geom_c = 0.0
f1, 0= 1.1951e+01
                       N restraints  r.m.s.d.  r.m.s.Z  Mn(sigma)
Bond distances, non H            11     0.007    0.379      0.016
Bond angles, non H               15     2.290    0.767      2.300
Chiral centres                    3     0.057    0.555      0.120
Planar groups                     4     0.000    0.016      0.020
VDW torsion                       4     0.177    0.886      0.200



====== CYCLE 17 ======

 weight = 1.0000e+00
 geom_x = 11.951487936950336
 geom_a = 0
 geom_q = 0
 geom_c = 0.0
f0= 1.1951e+01
using cgsolve in c++, ic=False
diag(geom) min= 602.183303 max= 11293.659264
diag(all) min= 602.183303 max= 11293.659264
Trying gamma equal 0.180600
Convergence reached after 15 iterations with no gamma cycles
min(dx) = -0.002202877623984692
max(dx) = 0.0017435278750018944
mean(dx)= 1.8293590345906883e-05
vdws = 9
atoms = 11
pairs = 32
 geom_x = 11.939356363444311
 geom_a = 0
 geom_q = 0
 geom_c = 0.0
f1, 0= 1.1939e+01
                       N restraints  r.m.s.d.  r.m.s.Z  Mn(sigma)
Bond distances, non H            11     0.007    0.380      0.016
Bond angles, non H               15     2.288    0.767      2.300
Chiral centres                    3     0.057    0.554      0.120
Planar groups                     4     0.000    0.015      0.020
VDW torsion                       4     0.177    0.886      0.200



====== CYCLE 18 ======

 weight = 1.0000e+00
 geom_x = 11.939356363444311
 geom_a = 0
 geom_q = 0
 geom_c = 0.0
f0= 1.1939e+01
using cgsolve in c++, ic=False
diag(geom) min= 602.664886 max= 11299.739689
diag(all) min= 602.664886 max= 11299.739689
Trying gamma equal 0.180600
Convergence reached after 15 iterations with no gamma cycles
min(dx) = -0.002021069731226088
max(dx) = 0.0016994260467532113
mean(dx)= 2.0473072814003662e-05
vdws = 9
atoms = 11
pairs = 32
 geom_x = 11.928581292241056
 geom_a = 0
 geom_q = 0
 geom_c = 0.0
f1, 0= 1.1929e+01
                       N restraints  r.m.s.d.  r.m.s.Z  Mn(sigma)
Bond distances, non H            11     0.007    0.380      0.016
Bond angles, non H               15     2.287    0.766      2.300
Chiral centres                    3     0.057    0.553      0.120
Planar groups                     4     0.000    0.013      0.020
VDW torsion                       4     0.177    0.885      0.200



====== CYCLE 19 ======

 weight = 1.0000e+00
 geom_x = 11.928581292241056
 geom_a = 0
 geom_q = 0
 geom_c = 0.0
f0= 1.1929e+01
using cgsolve in c++, ic=False
diag(geom) min= 603.066331 max= 11305.606465
diag(all) min= 603.066331 max= 11305.606465
Trying gamma equal 0.180600
Convergence reached after 15 iterations with no gamma cycles
min(dx) = -0.0018510288985344398
max(dx) = 0.0016546945994716257
mean(dx)= 2.2330086422144165e-05
vdws = 9
atoms = 11
pairs = 32
 geom_x = 11.918988844357056
 geom_a = 0
 geom_q = 0
 geom_c = 0.0
f1, 0= 1.1919e+01
                       N restraints  r.m.s.d.  r.m.s.Z  Mn(sigma)
Bond distances, non H            11     0.007    0.380      0.016
Bond angles, non H               15     2.285    0.766      2.300
Chiral centres                    3     0.056    0.552      0.120
Planar groups                     4     0.000    0.012      0.020
VDW torsion                       4     0.177    0.885      0.200



====== CYCLE 20 ======

 weight = 1.0000e+00
 geom_x = 11.918988844357056
 geom_a = 0
 geom_q = 0
 geom_c = 0.0
f0= 1.1919e+01
using cgsolve in c++, ic=False
diag(geom) min= 603.396436 max= 11311.260855
diag(all) min= 603.396436 max= 11311.260855
Trying gamma equal 0.180600
Convergence reached after 15 iterations with no gamma cycles
min(dx) = -0.0016922165509971505
max(dx) = 0.0016096683379991502
mean(dx)= 2.3895754953083207e-05
vdws = 9
atoms = 11
pairs = 32
 geom_x = 11.910429504358177
 geom_a = 0
 geom_q = 0
 geom_c = 0.0
f1, 0= 1.1910e+01
                       N restraints  r.m.s.d.  r.m.s.Z  Mn(sigma)
Bond distances, non H            11     0.007    0.380      0.016
Bond angles, non H               15     2.284    0.765      2.300
Chiral centres                    3     0.056    0.552      0.120
Planar groups                     4     0.000    0.011      0.020
VDW torsion                       4     0.177    0.885      0.200



====== CYCLE 21 ======

 weight = 1.0000e+00
 geom_x = 11.910429504358177
 geom_a = 0
 geom_q = 0
 geom_c = 0.0
f0= 1.1910e+01
using cgsolve in c++, ic=False
diag(geom) min= 603.663161 max= 11316.705557
diag(all) min= 603.663161 max= 11316.705557
Trying gamma equal 0.180600
Convergence reached after 15 iterations with no gamma cycles
min(dx) = -0.0015441098859798209
max(dx) = 0.0015646598775291998
mean(dx)= 2.5201147660223748e-05
vdws = 9
atoms = 11
pairs = 32
 geom_x = 11.90277441886581
 geom_a = 0
 geom_q = 0
 geom_c = 0.0
f1, 0= 1.1903e+01
                       N restraints  r.m.s.d.  r.m.s.Z  Mn(sigma)
Bond distances, non H            11     0.007    0.381      0.016
Bond angles, non H               15     2.283    0.765      2.300
Chiral centres                    3     0.056    0.551      0.120
Planar groups                     4     0.000    0.010      0.020
VDW torsion                       4     0.177    0.885      0.200



====== CYCLE 22 ======

 weight = 1.0000e+00
 geom_x = 11.90277441886581
 geom_a = 0
 geom_q = 0
 geom_c = 0.0
f0= 1.1903e+01
using cgsolve in c++, ic=False
diag(geom) min= 603.873689 max= 11321.944585
diag(all) min= 603.873689 max= 11321.944585
Trying gamma equal 0.180600
Convergence reached after 15 iterations with no gamma cycles
min(dx) = -0.001406116447503065
max(dx) = 0.0015199284406383251
mean(dx)= 2.6274970459237916e-05
vdws = 9
atoms = 11
pairs = 32
 geom_x = 11.895912313582064
 geom_a = 0
 geom_q = 0
 geom_c = 0.0
f1, 0= 1.1896e+01
                       N restraints  r.m.s.d.  r.m.s.Z  Mn(sigma)
Bond distances, non H            11     0.007    0.381      0.016
Bond angles, non H               15     2.282    0.765      2.300
Chiral centres                    3     0.056    0.550      0.120
Planar groups                     4     0.000    0.009      0.020
VDW torsion                       4     0.177    0.884      0.200



====== CYCLE 23 ======

 weight = 1.0000e+00
 geom_x = 11.895912313582064
 geom_a = 0
 geom_q = 0
 geom_c = 0.0
f0= 1.1896e+01
using cgsolve in c++, ic=False
diag(geom) min= 604.034483 max= 11326.982664
diag(all) min= 604.034483 max= 11326.982664
Trying gamma equal 0.180600
Convergence reached after 15 iterations with no gamma cycles
min(dx) = -0.0012776780231754153
max(dx) = 0.001475687926981254
mean(dx)= 2.7143622879767314e-05
vdws = 9
atoms = 11
pairs = 32
 geom_x = 11.889746911838072
 geom_a = 0
 geom_q = 0
 geom_c = 0.0
f1, 0= 1.1890e+01
                       N restraints  r.m.s.d.  r.m.s.Z  Mn(sigma)
Bond distances, non H            11     0.007    0.381      0.016
Bond angles, non H               15     2.281    0.765      2.300
Chiral centres                    3     0.056    0.550      0.120
Planar groups                     4     0.000    0.008      0.020
VDW torsion                       4     0.177    0.884      0.200



====== CYCLE 24 ======

 weight = 1.0000e+00
 geom_x = 11.889746911838072
 geom_a = 0
 geom_q = 0
 geom_c = 0.0
f0= 1.1890e+01
using cgsolve in c++, ic=False
diag(geom) min= 604.151351 max= 11331.825151
diag(all) min= 604.151351 max= 11331.825151
Trying gamma equal 0.180600
Convergence reached after 15 iterations with no gamma cycles
min(dx) = -0.0012260076874812589
max(dx) = 0.0014321101977865806
mean(dx)= 2.783113222141733e-05
vdws = 9
atoms = 11
pairs = 32
 geom_x = 11.884194764242338
 geom_a = 0
 geom_q = 0
 geom_c = 0.0
f1, 0= 1.1884e+01
                       N restraints  r.m.s.d.  r.m.s.Z  Mn(sigma)
Bond distances, non H            11     0.007    0.381      0.016
Bond angles, non H               15     2.280    0.764      2.300
Chiral centres                    3     0.056    0.549      0.120
Planar groups                     4     0.000    0.007      0.020
VDW torsion                       4     0.177    0.884      0.200



====== CYCLE 25 ======

 weight = 1.0000e+00
 geom_x = 11.884194764242338
 geom_a = 0
 geom_q = 0
 geom_c = 0.0
f0= 1.1884e+01
using cgsolve in c++, ic=False
diag(geom) min= 604.229492 max= 11336.477820
diag(all) min= 604.229492 max= 11336.477820
Trying gamma equal 0.180600
Convergence reached after 15 iterations with no gamma cycles
min(dx) = -0.0011806293039574266
max(dx) = 0.0013893321834612651
mean(dx)= 2.8359210657359687e-05
vdws = 9
atoms = 11
pairs = 32
 geom_x = 11.879183417057783
 geom_a = 0
 geom_q = 0
 geom_c = 0.0
f1, 0= 1.1879e+01
                       N restraints  r.m.s.d.  r.m.s.Z  Mn(sigma)
Bond distances, non H            11     0.007    0.381      0.016
Bond angles, non H               15     2.279    0.764      2.300
Chiral centres                    3     0.056    0.549      0.120
Planar groups                     4     0.000    0.006      0.020
VDW torsion                       4     0.177    0.884      0.200



====== CYCLE 26 ======

 weight = 1.0000e+00
 geom_x = 11.879183417057783
 geom_a = 0
 geom_q = 0
 geom_c = 0.0
f0= 1.1879e+01
using cgsolve in c++, ic=False
diag(geom) min= 604.273562 max= 11340.946722
diag(all) min= 604.273562 max= 11340.946722
Trying gamma equal 0.180600
Convergence reached after 15 iterations with no gamma cycles
min(dx) = -0.0011367816051782518
max(dx) = 0.0013474604943770425
mean(dx)= 2.8747335144249173e-05
vdws = 9
atoms = 11
pairs = 32
 geom_x = 11.874649861477502
 geom_a = 0
 geom_q = 0
 geom_c = 0.0
f1, 0= 1.1875e+01
                       N restraints  r.m.s.d.  r.m.s.Z  Mn(sigma)
Bond distances, non H            11     0.007    0.381      0.016
Bond angles, non H               15     2.278    0.764      2.300
Chiral centres                    3     0.056    0.548      0.120
Planar groups                     4     0.000    0.005      0.020
VDW torsion                       4     0.177    0.884      0.200



====== CYCLE 27 ======

 weight = 1.0000e+00
 geom_x = 11.874649861477502
 geom_a = 0
 geom_q = 0
 geom_c = 0.0
f0= 1.1875e+01
using cgsolve in c++, ic=False
diag(geom) min= 604.287714 max= 11345.238075
diag(all) min= 604.287714 max= 11345.238075
Trying gamma equal 0.180600
Convergence reached after 15 iterations with no gamma cycles
min(dx) = -0.0010944733742548785
max(dx) = 0.0013065758993584867
mean(dx)= 2.901289609850675e-05
vdws = 9
atoms = 11
pairs = 32
 geom_x = 11.870539216952135
 geom_a = 0
 geom_q = 0
 geom_c = 0.0
f1, 0= 1.1871e+01
                       N restraints  r.m.s.d.  r.m.s.Z  Mn(sigma)
Bond distances, non H            11     0.007    0.381      0.016
Bond angles, non H               15     2.278    0.764      2.300
Chiral centres                    3     0.055    0.548      0.120
Planar groups                     4     0.000    0.005      0.020
VDW torsion                       4     0.177    0.884      0.200



====== CYCLE 28 ======

 weight = 1.0000e+00
 geom_x = 11.870539216952135
 geom_a = 0
 geom_q = 0
 geom_c = 0.0
f0= 1.1871e+01
using cgsolve in c++, ic=False
diag(geom) min= 604.275658 max= 11349.358187
diag(all) min= 604.275658 max= 11349.358187
Trying gamma equal 0.180600
Convergence reached after 15 iterations with no gamma cycles
min(dx) = -0.0010537002715745238
max(dx) = 0.001266737365136726
mean(dx)= 2.9171369245616934e-05
vdws = 9
atoms = 11
pairs = 32
 geom_x = 11.866803610342998
 geom_a = 0
 geom_q = 0
 geom_c = 0.0
f1, 0= 1.1867e+01
                       N restraints  r.m.s.d.  r.m.s.Z  Mn(sigma)
Bond distances, non H            11     0.007    0.381      0.016
Bond angles, non H               15     2.277    0.763      2.300
Chiral centres                    3     0.055    0.547      0.120
Planar groups                     4     0.000    0.004      0.020
VDW torsion                       4     0.177    0.884      0.200



====== CYCLE 29 ======

 weight = 1.0000e+00
 geom_x = 11.866803610342998
 geom_a = 0
 geom_q = 0
 geom_c = 0.0
f0= 1.1867e+01
using cgsolve in c++, ic=False
diag(geom) min= 604.240697 max= 11353.313382
diag(all) min= 604.240697 max= 11353.313382
Trying gamma equal 0.180600
Convergence reached after 14 iterations with no gamma cycles
min(dx) = -0.0010144396347159341
max(dx) = 0.0012280194336101744
mean(dx)= 2.923825152213964e-05
vdws = 9
atoms = 11
pairs = 32
 geom_x = 11.863401219520266
 geom_a = 0
 geom_q = 0
 geom_c = 0.0
f1, 0= 1.1863e+01
                       N restraints  r.m.s.d.  r.m.s.Z  Mn(sigma)
Bond distances, non H            11     0.007    0.382      0.016
Bond angles, non H               15     2.276    0.763      2.300
Chiral centres                    3     0.055    0.547      0.120
Planar groups                     4     0.000    0.004      0.020
VDW torsion                       4     0.177    0.884      0.200



====== CYCLE 30 ======

 weight = 1.0000e+00
 geom_x = 11.863401219520266
 geom_a = 0
 geom_q = 0
 geom_c = 0.0
f0= 1.1863e+01
using cgsolve in c++, ic=False
diag(geom) min= 604.185770 max= 11357.109935
diag(all) min= 604.185770 max= 11357.109935
Trying gamma equal 0.180600
Convergence reached after 14 iterations with no gamma cycles
min(dx) = -0.0009766928475838362
max(dx) = 0.0011903608941584297
mean(dx)= 2.922143997616975e-05
vdws = 9
atoms = 11
pairs = 32
 geom_x = 11.860295455524222
 geom_a = 0
 geom_q = 0
 geom_c = 0.0
f1, 0= 1.1860e+01
                       N restraints  r.m.s.d.  r.m.s.Z  Mn(sigma)
Bond distances, non H            11     0.007    0.382      0.016
Bond angles, non H               15     2.276    0.763      2.300
Chiral centres                    3     0.055    0.547      0.120
Planar groups                     4     0.000    0.003      0.020
VDW torsion                       4     0.177    0.884      0.200


$TABLE: stats vs cycle :
$GRAPHS
: Geometry :A:1,4,2:
: Geometry Z :A:1,5,3:
$$
 Ncyc  rmsBOND  zBOND  rmsANGL  zANGL
$$
$$
    0   0.0104 0.5604   2.1581 0.7240
    1   0.0070 0.3676   2.2712 0.7596
    2   0.0068 0.3594   2.2984 0.7688
    3   0.0069 0.3627   2.3062 0.7715
    4   0.0070 0.3659   2.3086 0.7724
    5   0.0070 0.3685   2.3090 0.7726
    6   0.0071 0.3705   2.3082 0.7725
    7   0.0071 0.3722   2.3068 0.7721
    8   0.0071 0.3737   2.3050 0.7716
    9   0.0071 0.3748   2.3030 0.7710
   10   0.0072 0.3758   2.3010 0.7704
   11   0.0072 0.3767   2.2989 0.7698
   12   0.0072 0.3774   2.2969 0.7692
   13   0.0072 0.3780   2.2949 0.7686
   14   0.0072 0.3785   2.2931 0.7681
   15   0.0072 0.3790   2.2913 0.7676
   16   0.0072 0.3794   2.2897 0.7671
   17   0.0072 0.3797   2.2881 0.7666
   18   0.0072 0.3800   2.2867 0.7662
   19   0.0072 0.3803   2.2854 0.7658
   20   0.0072 0.3805   2.2841 0.7655
   21   0.0073 0.3807   2.2829 0.7651
   22   0.0073 0.3808   2.2819 0.7648
   23   0.0073 0.3810   2.2809 0.7645
   24   0.0073 0.3811   2.2799 0.7643
   25   0.0073 0.3812   2.2791 0.7640
   26   0.0073 0.3813   2.2783 0.7638
   27   0.0073 0.3814   2.2775 0.7636
   28   0.0073 0.3815   2.2768 0.7633
   29   0.0073 0.3815   2.2762 0.7632
   30   0.0073 0.3816   2.2755 0.7630
$$

Creating restraints..

Chain info:
 chain 
  ligands: LIG (1 residues)

Number of refinement parameters:
       n_params  n_atoms  n_atoms_geom_only  n_atoms_data_only
xyz          22       22                 11                  0
adp           0        0                  0                  0
occ           0        0                  0                  0
dfrac         0        0                  0                  0

Randomizing structure with rmsd of 0.01
Torsion angle rules:
 include:
  {'group': 'peptide', 'tors_name': 'chi*'}
  {'link': '*', 'tors_name': 'omega'}
  {'residue': '*', 'tors_name': 'sp2_sp2*'}
  {'link': '*', 'tors_name': 'sp2_sp2*'}
 exclude:
  none
External restraints from Refmac instructions
 Number of distances          : 0
 Number of angles             : 0
 Number of torsions           : 0
 Number of chirals            : 0
 Number of planes             : 0
 Number of intervals          : 0
 Number of stackings          : 0
 Number of harmonics          : 0
 Number of special positions  : 0

Running 10 cycles with wchir=4 wvdw=2 with hydrogen
Geometry weights
vdws = 60
atoms = 22
pairs = 120
                          N restraints  r.m.s.d.  r.m.s.Z  Mn(sigma)
Bond distances, non H               11     0.012    0.746      0.016
Bond distances, H                   11     0.011    0.856      0.016
Bond angles, non H                  15     2.281    0.789      2.300
Bond angles, H                      26     1.138    0.596      2.006
Torsion angles, period 3             2     0.315    0.031     10.000
Chiral centres                       3     0.052    0.540      0.120
Planar groups                        4     0.001    0.075      0.020
VDW nonbonded                        2     0.060    0.301      0.200
VDW torsion                         11     0.125    0.623      0.200


====== CYCLE  1 ======

 weight = 1.0000e+00
 geom_x = 32.28357284367435
 geom_a = 0
 geom_q = 0
 geom_c = 0.0
f0= 3.2284e+01
using cgsolve in c++, ic=False
diag(geom) min= 912.647003 max= 24601.431003
diag(all) min= 912.647003 max= 24601.431003
Trying gamma equal 0.000000
Not converging with gamma equal 0.000000
Trying gamma equal 0.052500
Gamma decreased to 0.042000
min(dx) = -0.02003534971093641
max(dx) = 0.017104693127780696
mean(dx)= -0.001768888919711424
vdws = 61
atoms = 22
pairs = 121
 geom_x = 18.454696702131326
 geom_a = 0
 geom_q = 0
 geom_c = 0.0
f1, 0= 1.8455e+01
                          N restraints  r.m.s.d.  r.m.s.Z  Mn(sigma)
Bond distances, non H               11     0.013    0.714      0.016
Bond distances, H                   11     0.000    0.030      0.016
Bond angles, non H                  15     2.237    0.752      2.300
Bond angles, H                      26     1.183    0.461      2.006
Torsion angles, period 3             2     0.411    0.041     10.000
Chiral centres                       3     0.010    0.113      0.120
Planar groups                        4     0.000    0.000      0.020
VDW nonbonded                        2     0.062    0.310      0.200
VDW torsion                         11     0.120    0.601      0.200



====== CYCLE  2 ======

 weight = 1.0000e+00
 geom_x = 18.454696702131326
 geom_a = 0
 geom_q = 0
 geom_c = 0.0
f0= 1.8455e+01
using cgsolve in c++, ic=False
diag(geom) min= 902.387997 max= 25045.192378
diag(all) min= 902.387997 max= 25045.192378
Trying gamma equal 0.042000
Convergence reached after 37 iterations with no gamma cycles
min(dx) = -0.011355482461370784
max(dx) = 0.007781450159889472
mean(dx)= -0.00016414042580122822
vdws = 59
atoms = 22
pairs = 119
 geom_x = 18.263151817499725
 geom_a = 0
 geom_q = 0
 geom_c = 0.0
f1, 0= 1.8263e+01
                          N restraints  r.m.s.d.  r.m.s.Z  Mn(sigma)
Bond distances, non H               11     0.013    0.722      0.016
Bond distances, H                   11     0.000    0.022      0.016
Bond angles, non H                  15     2.250    0.756      2.300
Bond angles, H                      26     1.177    0.456      2.006
Torsion angles, period 3             2     0.557    0.056     10.000
Chiral centres                       3     0.010    0.108      0.120
Planar groups                        4     0.000    0.007      0.020
VDW nonbonded                        2     0.055    0.276      0.200
VDW torsion                         11     0.119    0.596      0.200



====== CYCLE  3 ======

 weight = 1.0000e+00
 geom_x = 18.263151817499725
 geom_a = 0
 geom_q = 0
 geom_c = 0.0
f0= 1.8263e+01
using cgsolve in c++, ic=False
diag(geom) min= 897.020839 max= 25045.690294
diag(all) min= 897.020839 max= 25045.690294
Trying gamma equal 0.042000
Not converging with gamma equal 0.042000
Trying gamma equal 0.094500
Gamma decreased to 0.084000
min(dx) = -0.004561649171653502
max(dx) = 0.0029027230671712836
mean(dx)= -4.855165450315834e-05
vdws = 59
atoms = 22
pairs = 119
 geom_x = 18.205806442601236
 geom_a = 0
 geom_q = 0
 geom_c = 0.0
f1, 0= 1.8206e+01
                          N restraints  r.m.s.d.  r.m.s.Z  Mn(sigma)
Bond distances, non H               11     0.013    0.723      0.016
Bond distances, H                   11     0.000    0.021      0.016
Bond angles, non H                  15     2.255    0.757      2.300
Bond angles, H                      26     1.175    0.455      2.006
Torsion angles, period 3             2     0.620    0.062     10.000
Chiral centres                       3     0.010    0.108      0.120
Planar groups                        4     0.000    0.008      0.020
VDW nonbonded                        2     0.052    0.261      0.200
VDW torsion                         11     0.119    0.595      0.200



====== CYCLE  4 ======

 weight = 1.0000e+00
 geom_x = 18.205806442601236
 geom_a = 0
 geom_q = 0
 geom_c = 0.0
f0= 1.8206e+01
using cgsolve in c++, ic=False
diag(geom) min= 894.987367 max= 25043.898596
diag(all) min= 894.987367 max= 25043.898596
Trying gamma equal 0.084000
Convergence reached after 28 iterations with no gamma cycles
min(dx) = -0.004594230556986645
max(dx) = 0.0028389241188096267
mean(dx)= -5.3254710801414854e-05
vdws = 59
atoms = 22
pairs = 119
 geom_x = 18.153661778237772
 geom_a = 0
 geom_q = 0
 geom_c = 0.0
f1, 0= 1.8154e+01
                          N restraints  r.m.s.d.  r.m.s.Z  Mn(sigma)
Bond distances, non H               11     0.013    0.723      0.016
Bond distances, H                   11     0.000    0.021      0.016
Bond angles, non H                  15     2.258    0.758      2.300
Bond angles, H                      26     1.174    0.455      2.006
Torsion angles, period 3             2     0.685    0.068     10.000
Chiral centres                       3     0.010    0.108      0.120
Planar groups                        4     0.000    0.009      0.020
VDW nonbonded                        2     0.049    0.246      0.200
VDW torsion                         11     0.119    0.593      0.200



====== CYCLE  5 ======

 weight = 1.0000e+00
 geom_x = 18.153661778237772
 geom_a = 0
 geom_q = 0
 geom_c = 0.0
f0= 1.8154e+01
using cgsolve in c++, ic=False
diag(geom) min= 893.025153 max= 25043.078994
diag(all) min= 893.025153 max= 25043.078994
Trying gamma equal 0.084000
Convergence reached after 25 iterations with no gamma cycles
min(dx) = -0.004129450445224775
max(dx) = 0.0025063887934247417
mean(dx)= -5.119182542944796e-05
vdws = 59
atoms = 22
pairs = 119
 geom_x = 18.110620649755415
 geom_a = 0
 geom_q = 0
 geom_c = 0.0
f1, 0= 1.8111e+01
                          N restraints  r.m.s.d.  r.m.s.Z  Mn(sigma)
Bond distances, non H               11     0.013    0.723      0.016
Bond distances, H                   11     0.000    0.020      0.016
Bond angles, non H                  15     2.261    0.759      2.300
Bond angles, H                      26     1.173    0.455      2.006
Torsion angles, period 3             2     0.743    0.074     10.000
Chiral centres                       3     0.010    0.108      0.120
Planar groups                        4     0.000    0.010      0.020
VDW nonbonded                        2     0.046    0.232      0.200
VDW torsion                         11     0.118    0.592      0.200



====== CYCLE  6 ======

 weight = 1.0000e+00
 geom_x = 18.110620649755415
 geom_a = 0
 geom_q = 0
 geom_c = 0.0
f0= 1.8111e+01
using cgsolve in c++, ic=False
diag(geom) min= 891.336895 max= 25043.715441
diag(all) min= 891.336895 max= 25043.715441
Trying gamma equal 0.084000
Convergence reached after 24 iterations with no gamma cycles
min(dx) = -0.0037183058272026036
max(dx) = 0.0022306877402228586
mean(dx)= -4.796897791571979e-05
vdws = 59
atoms = 22
pairs = 119
 geom_x = 18.074457559319946
 geom_a = 0
 geom_q = 0
 geom_c = 0.0
f1, 0= 1.8074e+01
                          N restraints  r.m.s.d.  r.m.s.Z  Mn(sigma)
Bond distances, non H               11     0.013    0.723      0.016
Bond distances, H                   11     0.000    0.020      0.016
Bond angles, non H                  15     2.263    0.760      2.300
Bond angles, H                      26     1.172    0.454      2.006
Torsion angles, period 3             2     0.794    0.079     10.000
Chiral centres                       3     0.010    0.107      0.120
Planar groups                        4     0.000    0.010      0.020
VDW nonbonded                        2     0.044    0.220      0.200
VDW torsion                         11     0.118    0.592      0.200



====== CYCLE  7 ======

 weight = 1.0000e+00
 geom_x = 18.074457559319946
 geom_a = 0
 geom_q = 0
 geom_c = 0.0
f0= 1.8074e+01
using cgsolve in c++, ic=False
diag(geom) min= 889.890755 max= 25045.716469
diag(all) min= 889.890755 max= 25045.716469
Trying gamma equal 0.084000
Convergence reached after 24 iterations with no gamma cycles
min(dx) = -0.0033570985796691852
max(dx) = 0.0020740184425407306
mean(dx)= -4.4521729634549464e-05
vdws = 59
atoms = 22
pairs = 119
 geom_x = 18.04363144368626
 geom_a = 0
 geom_q = 0
 geom_c = 0.0
f1, 0= 1.8044e+01
                          N restraints  r.m.s.d.  r.m.s.Z  Mn(sigma)
Bond distances, non H               11     0.013    0.723      0.016
Bond distances, H                   11     0.000    0.020      0.016
Bond angles, non H                  15     2.265    0.761      2.300
Bond angles, H                      26     1.171    0.454      2.006
Torsion angles, period 3             2     0.840    0.084     10.000
Chiral centres                       3     0.010    0.107      0.120
Planar groups                        4     0.000    0.011      0.020
VDW nonbonded                        2     0.042    0.208      0.200
VDW torsion                         11     0.118    0.591      0.200



====== CYCLE  8 ======

 weight = 1.0000e+00
 geom_x = 18.04363144368626
 geom_a = 0
 geom_q = 0
 geom_c = 0.0
f0= 1.8044e+01
using cgsolve in c++, ic=False
diag(geom) min= 888.660120 max= 25048.939411
diag(all) min= 888.660120 max= 25048.939411
Trying gamma equal 0.084000
Convergence reached after 24 iterations with no gamma cycles
min(dx) = -0.0030414510190881743
max(dx) = 0.0020435423532728157
mean(dx)= -4.1242195598934045e-05
vdws = 59
atoms = 22
pairs = 119
 geom_x = 18.01702125438623
 geom_a = 0
 geom_q = 0
 geom_c = 0.0
f1, 0= 1.8017e+01
                          N restraints  r.m.s.d.  r.m.s.Z  Mn(sigma)
Bond distances, non H               11     0.013    0.723      0.016
Bond distances, H                   11     0.000    0.020      0.016
Bond angles, non H                  15     2.265    0.761      2.300
Bond angles, H                      26     1.171    0.454      2.006
Torsion angles, period 3             2     0.882    0.088     10.000
Chiral centres                       3     0.010    0.107      0.120
Planar groups                        4     0.000    0.011      0.020
VDW nonbonded                        2     0.040    0.198      0.200
VDW torsion                         11     0.118    0.591      0.200



====== CYCLE  9 ======

 weight = 1.0000e+00
 geom_x = 18.01702125438623
 geom_a = 0
 geom_q = 0
 geom_c = 0.0
f0= 1.8017e+01
using cgsolve in c++, ic=False
diag(geom) min= 887.620806 max= 25053.232974
diag(all) min= 887.620806 max= 25053.232974
Trying gamma equal 0.084000
Convergence reached after 24 iterations with no gamma cycles
min(dx) = -0.002766377968517978
max(dx) = 0.002012172614268289
mean(dx)= -3.82706997863353e-05
vdws = 59
atoms = 22
pairs = 119
 geom_x = 17.993790087913354
 geom_a = 0
 geom_q = 0
 geom_c = 0.0
f1, 0= 1.7994e+01
                          N restraints  r.m.s.d.  r.m.s.Z  Mn(sigma)
Bond distances, non H               11     0.013    0.723      0.016
Bond distances, H                   11     0.000    0.019      0.016
Bond angles, non H                  15     2.266    0.761      2.300
Bond angles, H                      26     1.170    0.453      2.006
Torsion angles, period 3             2     0.920    0.092     10.000
Chiral centres                       3     0.010    0.107      0.120
Planar groups                        4     0.000    0.012      0.020
VDW nonbonded                        2     0.038    0.189      0.200
VDW torsion                         11     0.118    0.590      0.200



====== CYCLE 10 ======

 weight = 1.0000e+00
 geom_x = 17.993790087913354
 geom_a = 0
 geom_q = 0
 geom_c = 0.0
f0= 1.7994e+01
using cgsolve in c++, ic=False
diag(geom) min= 886.750529 max= 25058.449275
diag(all) min= 886.750529 max= 25058.449275
Trying gamma equal 0.084000
Convergence reached after 24 iterations with no gamma cycles
min(dx) = -0.0025268813395454568
max(dx) = 0.001980446776765179
mean(dx)= -3.563226658816029e-05
vdws = 59
atoms = 22
pairs = 119
 geom_x = 17.973302065477228
 geom_a = 0
 geom_q = 0
 geom_c = 0.0
f1, 0= 1.7973e+01
                          N restraints  r.m.s.d.  r.m.s.Z  Mn(sigma)
Bond distances, non H               11     0.013    0.723      0.016
Bond distances, H                   11     0.000    0.019      0.016
Bond angles, non H                  15     2.266    0.761      2.300
Bond angles, H                      26     1.170    0.453      2.006
Torsion angles, period 3             2     0.955    0.095     10.000
Chiral centres                       3     0.010    0.107      0.120
Planar groups                        4     0.000    0.012      0.020
VDW nonbonded                        2     0.036    0.180      0.200
VDW torsion                         11     0.118    0.590      0.200


$TABLE: stats vs cycle :
$GRAPHS
: Geometry :A:1,4,2:
: Geometry Z :A:1,5,3:
$$
 Ncyc  rmsBOND  zBOND  rmsANGL  zANGL
$$
$$
    0   0.0119 0.7462   2.2808 0.7889
    1   0.0130 0.7144   2.2368 0.7518
    2   0.0132 0.7221   2.2503 0.7556
    3   0.0132 0.7226   2.2546 0.7571
    4   0.0132 0.7229   2.2583 0.7584
    5   0.0132 0.7232   2.2611 0.7594
    6   0.0132 0.7233   2.2632 0.7602
    7   0.0132 0.7234   2.2646 0.7607
    8   0.0132 0.7233   2.2654 0.7610
    9   0.0132 0.7232   2.2658 0.7612
   10   0.0132 0.7230   2.2659 0.7613
$$

Running 30 cycles with wchir=1 wvdw=2 with hydrogen
Geometry weights
vdws = 59
atoms = 22
pairs = 119
                          N restraints  r.m.s.d.  r.m.s.Z  Mn(sigma)
Bond distances, non H               11     0.013    0.723      0.016
Bond distances, H                   11     0.000    0.019      0.016
Bond angles, non H                  15     2.266    0.761      2.300
Bond angles, H                      26     1.170    0.453      2.006
Torsion angles, period 3             2     0.955    0.095     10.000
Chiral centres                       3     0.010    0.107      0.120
Planar groups                        4     0.000    0.012      0.020
VDW nonbonded                        2     0.036    0.180      0.200
VDW torsion                         11     0.118    0.590      0.200


====== CYCLE  1 ======

 weight = 1.0000e+00
 geom_x = 17.716215545204992
 geom_a = 0
 geom_q = 0
 geom_c = 0.0
f0= 1.7716e+01
using cgsolve in c++, ic=False
diag(geom) min= 886.028788 max= 16659.831847
diag(all) min= 886.028788 max= 16659.831847
Trying gamma equal 0.084000
Convergence reached after 24 iterations with no gamma cycles
min(dx) = -0.012942943183895916
max(dx) = 0.012401487900864904
mean(dx)= -1.4846846084013265e-05
vdws = 59
atoms = 22
pairs = 119
 geom_x = 16.354971079836893
 geom_a = 0
 geom_q = 0
 geom_c = 0.0
f1, 0= 1.6355e+01
                          N restraints  r.m.s.d.  r.m.s.Z  Mn(sigma)
Bond distances, non H               11     0.008    0.447      0.016
Bond distances, H                   11     0.000    0.022      0.016
Bond angles, non H                  15     2.462    0.824      2.300
Bond angles, H                      26     0.993    0.389      2.006
Torsion angles, period 3             2     0.914    0.091     10.000
Chiral centres                       3     0.057    0.622      0.120
Planar groups                        4     0.000    0.012      0.020
VDW nonbonded                        2     0.028    0.139      0.200
VDW torsion                         11     0.117    0.585      0.200



====== CYCLE  2 ======

 weight = 1.0000e+00
 geom_x = 16.354971079836893
 geom_a = 0
 geom_q = 0
 geom_c = 0.0
f0= 1.6355e+01
using cgsolve in c++, ic=False
diag(geom) min= 885.556863 max= 16661.881783
diag(all) min= 885.556863 max= 16661.881783
Trying gamma equal 0.084000
Convergence reached after 27 iterations with no gamma cycles
min(dx) = -0.0037860091576621094
max(dx) = 0.0027706819618976614
mean(dx)= -8.234673371477833e-05
vdws = 59
atoms = 22
pairs = 119
 geom_x = 16.308929522126924
 geom_a = 0
 geom_q = 0
 geom_c = 0.0
f1, 0= 1.6309e+01
                          N restraints  r.m.s.d.  r.m.s.Z  Mn(sigma)
Bond distances, non H               11     0.008    0.429      0.016
Bond distances, H                   11     0.000    0.019      0.016
Bond angles, non H                  15     2.492    0.834      2.300
Bond angles, H                      26     0.966    0.381      2.006
Torsion angles, period 3             2     0.902    0.090     10.000
Chiral centres                       3     0.061    0.668      0.120
Planar groups                        4     0.000    0.013      0.020
VDW nonbonded                        2     0.025    0.127      0.200
VDW torsion                         11     0.116    0.582      0.200



====== CYCLE  3 ======

 weight = 1.0000e+00
 geom_x = 16.308929522126924
 geom_a = 0
 geom_q = 0
 geom_c = 0.0
f0= 1.6309e+01
using cgsolve in c++, ic=False
diag(geom) min= 885.156238 max= 16662.673369
diag(all) min= 885.156238 max= 16662.673369
Trying gamma equal 0.084000
Convergence reached after 28 iterations with no gamma cycles
min(dx) = -0.0023148165704921925
max(dx) = 0.002512664285664722
mean(dx)= -7.56814715459594e-05
vdws = 59
atoms = 22
pairs = 119
 geom_x = 16.286226055080256
 geom_a = 0
 geom_q = 0
 geom_c = 0.0
f1, 0= 1.6286e+01
                          N restraints  r.m.s.d.  r.m.s.Z  Mn(sigma)
Bond distances, non H               11     0.008    0.428      0.016
Bond distances, H                   11     0.000    0.019      0.016
Bond angles, non H                  15     2.506    0.838      2.300
Bond angles, H                      26     0.958    0.379      2.006
Torsion angles, period 3             2     0.889    0.089     10.000
Chiral centres                       3     0.062    0.678      0.120
Planar groups                        4     0.000    0.013      0.020
VDW nonbonded                        2     0.024    0.119      0.200
VDW torsion                         10     0.122    0.608      0.200



====== CYCLE  4 ======

 weight = 1.0000e+00
 geom_x = 16.286226055080256
 geom_a = 0
 geom_q = 0
 geom_c = 0.0
f0= 1.6286e+01
using cgsolve in c++, ic=False
diag(geom) min= 884.862091 max= 16663.003618
diag(all) min= 884.862091 max= 16663.003618
Trying gamma equal 0.084000
Convergence reached after 26 iterations with no gamma cycles
min(dx) = -0.002143799148146735
max(dx) = 0.002319304068173828
mean(dx)= -6.567711681250886e-05
vdws = 59
atoms = 22
pairs = 119
 geom_x = 16.268994278767188
 geom_a = 0
 geom_q = 0
 geom_c = 0.0
f1, 0= 1.6269e+01
                          N restraints  r.m.s.d.  r.m.s.Z  Mn(sigma)
Bond distances, non H               11     0.008    0.428      0.016
Bond distances, H                   11     0.000    0.019      0.016
Bond angles, non H                  15     2.515    0.841      2.300
Bond angles, H                      26     0.955    0.377      2.006
Torsion angles, period 3             2     0.880    0.088     10.000
Chiral centres                       3     0.062    0.682      0.120
Planar groups                        4     0.000    0.013      0.020
VDW nonbonded                        2     0.022    0.112      0.200
VDW torsion                         10     0.121    0.606      0.200



====== CYCLE  5 ======

 weight = 1.0000e+00
 geom_x = 16.268994278767188
 geom_a = 0
 geom_q = 0
 geom_c = 0.0
f0= 1.6269e+01
using cgsolve in c++, ic=False
diag(geom) min= 884.664528 max= 16663.201761
diag(all) min= 884.664528 max= 16663.201761
Trying gamma equal 0.084000
Convergence reached after 26 iterations with no gamma cycles
min(dx) = -0.002007563857935695
max(dx) = 0.002172941271156188
mean(dx)= -5.6457389777510525e-05
vdws = 59
atoms = 22
pairs = 119
 geom_x = 16.25469434456911
 geom_a = 0
 geom_q = 0
 geom_c = 0.0
f1, 0= 1.6255e+01
                          N restraints  r.m.s.d.  r.m.s.Z  Mn(sigma)
Bond distances, non H               11     0.008    0.429      0.016
Bond distances, H                   11     0.000    0.019      0.016
Bond angles, non H                  15     2.523    0.844      2.300
Bond angles, H                      26     0.953    0.377      2.006
Torsion angles, period 3             2     0.873    0.087     10.000
Chiral centres                       3     0.062    0.685      0.120
Planar groups                        4     0.000    0.013      0.020
VDW nonbonded                        1     0.030    0.150      0.200
VDW torsion                         10     0.121    0.604      0.200



====== CYCLE  6 ======

 weight = 1.0000e+00
 geom_x = 16.25469434456911
 geom_a = 0
 geom_q = 0
 geom_c = 0.0
f0= 1.6255e+01
using cgsolve in c++, ic=False
diag(geom) min= 884.534112 max= 16663.371484
diag(all) min= 884.534112 max= 16663.371484
Trying gamma equal 0.084000
Convergence reached after 24 iterations with no gamma cycles
min(dx) = -0.0018979594933062414
max(dx) = 0.0020728467697874496
mean(dx)= -4.905079219981337e-05
vdws = 59
atoms = 22
pairs = 119
 geom_x = 16.242222265285115
 geom_a = 0
 geom_q = 0
 geom_c = 0.0
f1, 0= 1.6242e+01
                          N restraints  r.m.s.d.  r.m.s.Z  Mn(sigma)
Bond distances, non H               11     0.008    0.430      0.016
Bond distances, H                   11     0.000    0.019      0.016
Bond angles, non H                  15     2.531    0.847      2.300
Bond angles, H                      26     0.951    0.376      2.006
Torsion angles, period 3             2     0.872    0.087     10.000
Chiral centres                       3     0.063    0.688      0.120
Planar groups                        4     0.000    0.013      0.020
VDW nonbonded                        1     0.028    0.142      0.200
VDW torsion                         10     0.120    0.602      0.200



====== CYCLE  7 ======

 weight = 1.0000e+00
 geom_x = 16.242222265285115
 geom_a = 0
 geom_q = 0
 geom_c = 0.0
f0= 1.6242e+01
using cgsolve in c++, ic=False
diag(geom) min= 884.455508 max= 16663.564869
diag(all) min= 884.455508 max= 16663.564869
Trying gamma equal 0.084000
Convergence reached after 23 iterations with no gamma cycles
min(dx) = -0.0018114586973524806
max(dx) = 0.0019939009141510793
mean(dx)= -4.379327484585113e-05
vdws = 59
atoms = 22
pairs = 119
 geom_x = 16.231184964989893
 geom_a = 0
 geom_q = 0
 geom_c = 0.0
f1, 0= 1.6231e+01
                          N restraints  r.m.s.d.  r.m.s.Z  Mn(sigma)
Bond distances, non H               11     0.008    0.431      0.016
Bond distances, H                   11     0.000    0.019      0.016
Bond angles, non H                  15     2.537    0.849      2.300
Bond angles, H                      26     0.950    0.375      2.006
Torsion angles, period 3             2     0.874    0.087     10.000
Chiral centres                       3     0.063    0.690      0.120
Planar groups                        4     0.000    0.013      0.020
VDW nonbonded                        1     0.027    0.135      0.200
VDW torsion                         10     0.120    0.601      0.200



====== CYCLE  8 ======

 weight = 1.0000e+00
 geom_x = 16.231184964989893
 geom_a = 0
 geom_q = 0
 geom_c = 0.0
f0= 1.6231e+01
using cgsolve in c++, ic=False
diag(geom) min= 884.416222 max= 16663.768937
diag(all) min= 884.416222 max= 16663.768937
Trying gamma equal 0.084000
Convergence reached after 24 iterations with no gamma cycles
min(dx) = -0.001740494817194157
max(dx) = 0.0019271539709188716
mean(dx)= -3.9531897437205514e-05
vdws = 59
atoms = 22
pairs = 119
 geom_x = 16.221285170906583
 geom_a = 0
 geom_q = 0
 geom_c = 0.0
f1, 0= 1.6221e+01
                          N restraints  r.m.s.d.  r.m.s.Z  Mn(sigma)
Bond distances, non H               11     0.008    0.431      0.016
Bond distances, H                   11     0.000    0.019      0.016
Bond angles, non H                  15     2.543    0.851      2.300
Bond angles, H                      26     0.949    0.375      2.006
Torsion angles, period 3             2     0.876    0.088     10.000
Chiral centres                       3     0.063    0.691      0.120
Planar groups                        4     0.000    0.013      0.020
VDW nonbonded                        1     0.026    0.128      0.200
VDW torsion                         10     0.120    0.599      0.200



====== CYCLE  9 ======

 weight = 1.0000e+00
 geom_x = 16.221285170906583
 geom_a = 0
 geom_q = 0
 geom_c = 0.0
f0= 1.6221e+01
using cgsolve in c++, ic=False
diag(geom) min= 884.408394 max= 16663.984134
diag(all) min= 884.408394 max= 16663.984134
Trying gamma equal 0.084000
Convergence reached after 24 iterations with no gamma cycles
min(dx) = -0.0016803247205701328
max(dx) = 0.0018684756904766323
mean(dx)= -3.601394200011518e-05
vdws = 59
atoms = 22
pairs = 119
 geom_x = 16.212306128499716
 geom_a = 0
 geom_q = 0
 geom_c = 0.0
f1, 0= 1.6212e+01
                          N restraints  r.m.s.d.  r.m.s.Z  Mn(sigma)
Bond distances, non H               11     0.008    0.432      0.016
Bond distances, H                   11     0.000    0.019      0.016
Bond angles, non H                  15     2.548    0.852      2.300
Bond angles, H                      26     0.949    0.375      2.006
Torsion angles, period 3             2     0.880    0.088     10.000
Chiral centres                       3     0.063    0.692      0.120
Planar groups                        4     0.000    0.013      0.020
VDW nonbonded                        1     0.024    0.121      0.200
VDW torsion                         10     0.120    0.598      0.200



====== CYCLE 10 ======

 weight = 1.0000e+00
 geom_x = 16.212306128499716
 geom_a = 0
 geom_q = 0
 geom_c = 0.0
f0= 1.6212e+01
using cgsolve in c++, ic=False
diag(geom) min= 884.426084 max= 16664.209424
diag(all) min= 884.426084 max= 16664.209424
Trying gamma equal 0.084000
Convergence reached after 24 iterations with no gamma cycles
min(dx) = -0.0016280083487160834
max(dx) = 0.0018154914532632867
mean(dx)= -3.306408575950822e-05
vdws = 59
atoms = 22
pairs = 119
 geom_x = 16.204082780045603
 geom_a = 0
 geom_q = 0
 geom_c = 0.0
f1, 0= 1.6204e+01
                          N restraints  r.m.s.d.  r.m.s.Z  Mn(sigma)
Bond distances, non H               11     0.008    0.432      0.016
Bond distances, H                   11     0.000    0.019      0.016
Bond angles, non H                  15     2.552    0.854      2.300
Bond angles, H                      26     0.948    0.375      2.006
Torsion angles, period 3             2     0.884    0.088     10.000
Chiral centres                       3     0.063    0.693      0.120
Planar groups                        4     0.000    0.013      0.020
VDW nonbonded                        1     0.023    0.116      0.200
VDW torsion                         10     0.119    0.597      0.200



====== CYCLE 11 ======

 weight = 1.0000e+00
 geom_x = 16.204082780045603
 geom_a = 0
 geom_q = 0
 geom_c = 0.0
f0= 1.6204e+01
using cgsolve in c++, ic=False
diag(geom) min= 884.464466 max= 16664.443672
diag(all) min= 884.464466 max= 16664.443672
Trying gamma equal 0.084000
Convergence reached after 23 iterations with no gamma cycles
min(dx) = -0.0015816829511483721
max(dx) = 0.001766915482889481
mean(dx)= -3.055929851352689e-05
vdws = 59
atoms = 22
pairs = 119
 geom_x = 16.19648708665539
 geom_a = 0
 geom_q = 0
 geom_c = 0.0
f1, 0= 1.6196e+01
                          N restraints  r.m.s.d.  r.m.s.Z  Mn(sigma)
Bond distances, non H               11     0.008    0.433      0.016
Bond distances, H                   11     0.000    0.019      0.016
Bond angles, non H                  15     2.555    0.855      2.300
Bond angles, H                      26     0.948    0.374      2.006
Torsion angles, period 3             2     0.889    0.089     10.000
Chiral centres                       3     0.063    0.694      0.120
Planar groups                        4     0.000    0.013      0.020
VDW nonbonded                        1     0.022    0.110      0.200
VDW torsion                         10     0.119    0.596      0.200



====== CYCLE 12 ======

 weight = 1.0000e+00
 geom_x = 16.19648708665539
 geom_a = 0
 geom_q = 0
 geom_c = 0.0
f0= 1.6196e+01
using cgsolve in c++, ic=False
diag(geom) min= 884.519447 max= 16664.685323
diag(all) min= 884.519447 max= 16664.685323
Trying gamma equal 0.084000
Convergence reached after 23 iterations with no gamma cycles
min(dx) = -0.0015401106424604407
max(dx) = 0.0017219148932550716
mean(dx)= -2.8413942323846206e-05
vdws = 59
atoms = 22
pairs = 119
 geom_x = 16.18941871744843
 geom_a = 0
 geom_q = 0
 geom_c = 0.0
f1, 0= 1.6189e+01
                          N restraints  r.m.s.d.  r.m.s.Z  Mn(sigma)
Bond distances, non H               11     0.008    0.433      0.016
Bond distances, H                   11     0.000    0.019      0.016
Bond angles, non H                  15     2.558    0.856      2.300
Bond angles, H                      26     0.948    0.374      2.006
Torsion angles, period 3             2     0.893    0.089     10.000
Chiral centres                       3     0.063    0.695      0.120
Planar groups                        4     0.000    0.013      0.020
VDW nonbonded                        1     0.021    0.105      0.200
VDW torsion                         10     0.119    0.595      0.200



====== CYCLE 13 ======

 weight = 1.0000e+00
 geom_x = 16.18941871744843
 geom_a = 0
 geom_q = 0
 geom_c = 0.0
f0= 1.6189e+01
using cgsolve in c++, ic=False
diag(geom) min= 884.587487 max= 16664.933018
diag(all) min= 884.587487 max= 16664.933018
Trying gamma equal 0.084000
Convergence reached after 23 iterations with no gamma cycles
min(dx) = -0.00150243055640976
max(dx) = 0.0016800142770552519
mean(dx)= -2.6565854317389646e-05
vdws = 59
atoms = 22
pairs = 119
 geom_x = 16.182798467584632
 geom_a = 0
 geom_q = 0
 geom_c = 0.0
f1, 0= 1.6183e+01
                          N restraints  r.m.s.d.  r.m.s.Z  Mn(sigma)
Bond distances, non H               11     0.008    0.433      0.016
Bond distances, H                   11     0.000    0.019      0.016
Bond angles, non H                  15     2.561    0.857      2.300
Bond angles, H                      26     0.947    0.374      2.006
Torsion angles, period 3             2     0.897    0.090     10.000
Chiral centres                       3     0.063    0.696      0.120
Planar groups                        4     0.000    0.013      0.020
VDW nonbonded                        1     0.020    0.100      0.200
VDW torsion                         10     0.119    0.595      0.200



====== CYCLE 14 ======

 weight = 1.0000e+00
 geom_x = 16.182798467584632
 geom_a = 0
 geom_q = 0
 geom_c = 0.0
f0= 1.6183e+01
using cgsolve in c++, ic=False
diag(geom) min= 884.665473 max= 16665.185291
diag(all) min= 884.665473 max= 16665.185291
Trying gamma equal 0.084000
Convergence reached after 23 iterations with no gamma cycles
min(dx) = -0.001468022173806474
max(dx) = 0.0016408312991978153
mean(dx)= -2.496742496656066e-05
vdws = 59
atoms = 22
pairs = 119
 geom_x = 16.17656337887179
 geom_a = 0
 geom_q = 0
 geom_c = 0.0
f1, 0= 1.6177e+01
                          N restraints  r.m.s.d.  r.m.s.Z  Mn(sigma)
Bond distances, non H               11     0.008    0.434      0.016
Bond distances, H                   11     0.000    0.019      0.016
Bond angles, non H                  15     2.563    0.858      2.300
Bond angles, H                      26     0.947    0.374      2.006
Torsion angles, period 3             2     0.901    0.090     10.000
Chiral centres                       3     0.063    0.696      0.120
Planar groups                        4     0.000    0.013      0.020
VDW nonbonded                        1     0.019    0.095      0.200
VDW torsion                         10     0.119    0.594      0.200



====== CYCLE 15 ======

 weight = 1.0000e+00
 geom_x = 16.17656337887179
 geom_a = 0
 geom_q = 0
 geom_c = 0.0
f0= 1.6177e+01
using cgsolve in c++, ic=False
diag(geom) min= 884.750677 max= 16665.440873
diag(all) min= 884.750677 max= 16665.440873
Trying gamma equal 0.084000
Convergence reached after 23 iterations with no gamma cycles
min(dx) = -0.001436409454888345
max(dx) = 0.0016040723746805594
mean(dx)= -2.3581296782230664e-05
vdws = 59
atoms = 22
pairs = 119
 geom_x = 16.17066304968693
 geom_a = 0
 geom_q = 0
 geom_c = 0.0
f1, 0= 1.6171e+01
                          N restraints  r.m.s.d.  r.m.s.Z  Mn(sigma)
Bond distances, non H               11     0.008    0.434      0.016
Bond distances, H                   11     0.000    0.019      0.016
Bond angles, non H                  15     2.565    0.858      2.300
Bond angles, H                      26     0.947    0.374      2.006
Torsion angles, period 3             2     0.905    0.090     10.000
Chiral centres                       3     0.063    0.697      0.120
Planar groups                        4     0.000    0.013      0.020
VDW nonbonded                        1     0.018    0.090      0.200
VDW torsion                         10     0.119    0.593      0.200



====== CYCLE 16 ======

 weight = 1.0000e+00
 geom_x = 16.17066304968693
 geom_a = 0
 geom_q = 0
 geom_c = 0.0
f0= 1.6171e+01
using cgsolve in c++, ic=False
diag(geom) min= 884.840711 max= 16665.698654
diag(all) min= 884.840711 max= 16665.698654
Trying gamma equal 0.084000
Convergence reached after 23 iterations with no gamma cycles
min(dx) = -0.0014072150796080032
max(dx) = 0.0015694943067092104
mean(dx)= -2.237708607198512e-05
vdws = 59
atoms = 22
pairs = 119
 geom_x = 16.16505681924384
 geom_a = 0
 geom_q = 0
 geom_c = 0.0
f1, 0= 1.6165e+01
                          N restraints  r.m.s.d.  r.m.s.Z  Mn(sigma)
Bond distances, non H               11     0.008    0.434      0.016
Bond distances, H                   11     0.000    0.019      0.016
Bond angles, non H                  15     2.567    0.859      2.300
Bond angles, H                      26     0.947    0.374      2.006
Torsion angles, period 3             2     0.908    0.091     10.000
Chiral centres                       3     0.063    0.697      0.120
Planar groups                        4     0.000    0.013      0.020
VDW nonbonded                        1     0.017    0.086      0.200
VDW torsion                         10     0.119    0.593      0.200



====== CYCLE 17 ======

 weight = 1.0000e+00
 geom_x = 16.16505681924384
 geom_a = 0
 geom_q = 0
 geom_c = 0.0
f0= 1.6165e+01
using cgsolve in c++, ic=False
diag(geom) min= 884.933481 max= 16665.957665
diag(all) min= 884.933481 max= 16665.957665
Trying gamma equal 0.084000
Convergence reached after 23 iterations with no gamma cycles
min(dx) = -0.0013801320694189637
max(dx) = 0.001536885422339489
mean(dx)= -2.1329570954240394e-05
vdws = 59
atoms = 22
pairs = 119
 geom_x = 16.15971160923279
 geom_a = 0
 geom_q = 0
 geom_c = 0.0
f1, 0= 1.6160e+01
                          N restraints  r.m.s.d.  r.m.s.Z  Mn(sigma)
Bond distances, non H               11     0.008    0.434      0.016
Bond distances, H                   11     0.000    0.019      0.016
Bond angles, non H                  15     2.568    0.859      2.300
Bond angles, H                      26     0.947    0.374      2.006
Torsion angles, period 3             2     0.911    0.091     10.000
Chiral centres                       3     0.063    0.697      0.120
Planar groups                        4     0.000    0.013      0.020
VDW nonbonded                        1     0.016    0.082      0.200
VDW torsion                         10     0.118    0.592      0.200



====== CYCLE 18 ======

 weight = 1.0000e+00
 geom_x = 16.15971160923279
 geom_a = 0
 geom_q = 0
 geom_c = 0.0
f0= 1.6160e+01
using cgsolve in c++, ic=False
diag(geom) min= 885.027167 max= 16666.217070
diag(all) min= 885.027167 max= 16666.217070
Trying gamma equal 0.084000
Convergence reached after 22 iterations with no gamma cycles
min(dx) = -0.0013549182093710872
max(dx) = 0.0015060721931779192
mean(dx)= -2.041691998859228e-05
vdws = 59
atoms = 22
pairs = 119
 geom_x = 16.15460026471437
 geom_a = 0
 geom_q = 0
 geom_c = 0.0
f1, 0= 1.6155e+01
                          N restraints  r.m.s.d.  r.m.s.Z  Mn(sigma)
Bond distances, non H               11     0.008    0.434      0.016
Bond distances, H                   11     0.000    0.019      0.016
Bond angles, non H                  15     2.569    0.860      2.300
Bond angles, H                      26     0.947    0.374      2.006
Torsion angles, period 3             2     0.914    0.091     10.000
Chiral centres                       3     0.064    0.698      0.120
Planar groups                        4     0.000    0.013      0.020
VDW nonbonded                        1     0.016    0.078      0.200
VDW torsion                         10     0.118    0.592      0.200



====== CYCLE 19 ======

 weight = 1.0000e+00
 geom_x = 16.15460026471437
 geom_a = 0
 geom_q = 0
 geom_c = 0.0
f0= 1.6155e+01
using cgsolve in c++, ic=False
diag(geom) min= 885.120197 max= 16666.476092
diag(all) min= 885.120197 max= 16666.476092
Trying gamma equal 0.084000
Convergence reached after 22 iterations with no gamma cycles
min(dx) = -0.0013313192159335385
max(dx) = 0.0014768616000177504
mean(dx)= -1.962249306648327e-05
vdws = 59
atoms = 22
pairs = 119
 geom_x = 16.149700276348067
 geom_a = 0
 geom_q = 0
 geom_c = 0.0
f1, 0= 1.6150e+01
                          N restraints  r.m.s.d.  r.m.s.Z  Mn(sigma)
Bond distances, non H               11     0.008    0.434      0.016
Bond distances, H                   11     0.000    0.019      0.016
Bond angles, non H                  15     2.570    0.860      2.300
Bond angles, H                      26     0.947    0.374      2.006
Torsion angles, period 3             2     0.917    0.092     10.000
Chiral centres                       3     0.064    0.698      0.120
Planar groups                        4     0.000    0.013      0.020
VDW nonbonded                        1     0.015    0.074      0.200
VDW torsion                         10     0.118    0.592      0.200



====== CYCLE 20 ======

 weight = 1.0000e+00
 geom_x = 16.149700276348067
 geom_a = 0
 geom_q = 0
 geom_c = 0.0
f0= 1.6150e+01
using cgsolve in c++, ic=False
diag(geom) min= 885.211202 max= 16666.734216
diag(all) min= 885.211202 max= 16666.734216
Trying gamma equal 0.084000
Convergence reached after 22 iterations with no gamma cycles
min(dx) = -0.001309182277629582
max(dx) = 0.0014491349222399872
mean(dx)= -1.8929460855099225e-05
vdws = 59
atoms = 22
pairs = 119
 geom_x = 16.144992794042423
 geom_a = 0
 geom_q = 0
 geom_c = 0.0
f1, 0= 1.6145e+01
                          N restraints  r.m.s.d.  r.m.s.Z  Mn(sigma)
Bond distances, non H               11     0.008    0.434      0.016
Bond distances, H                   11     0.000    0.019      0.016
Bond angles, non H                  15     2.571    0.860      2.300
Bond angles, H                      26     0.947    0.374      2.006
Torsion angles, period 3             2     0.920    0.092     10.000
Chiral centres                       3     0.064    0.698      0.120
Planar groups                        4     0.000    0.013      0.020
VDW nonbonded                        1     0.014    0.071      0.200
VDW torsion                         10     0.118    0.591      0.200



====== CYCLE 21 ======

 weight = 1.0000e+00
 geom_x = 16.144992794042423
 geom_a = 0
 geom_q = 0
 geom_c = 0.0
f0= 1.6145e+01
using cgsolve in c++, ic=False
diag(geom) min= 885.299012 max= 16666.990863
diag(all) min= 885.299012 max= 16666.990863
Trying gamma equal 0.084000
Convergence reached after 22 iterations with no gamma cycles
min(dx) = -0.0012883467488715686
max(dx) = 0.0014227478738457863
mean(dx)= -1.8324756843840552e-05
vdws = 59
atoms = 22
pairs = 119
 geom_x = 16.140461864672677
 geom_a = 0
 geom_q = 0
 geom_c = 0.0
f1, 0= 1.6140e+01
                          N restraints  r.m.s.d.  r.m.s.Z  Mn(sigma)
Bond distances, non H               11     0.008    0.434      0.016
Bond distances, H                   11     0.000    0.019      0.016
Bond angles, non H                  15     2.571    0.860      2.300
Bond angles, H                      26     0.947    0.374      2.006
Torsion angles, period 3             2     0.922    0.092     10.000
Chiral centres                       3     0.064    0.698      0.120
Planar groups                        4     0.000    0.013      0.020
VDW nonbonded                        1     0.013    0.067      0.200
VDW torsion                         10     0.118    0.591      0.200



====== CYCLE 22 ======

 weight = 1.0000e+00
 geom_x = 16.140461864672677
 geom_a = 0
 geom_q = 0
 geom_c = 0.0
f0= 1.6140e+01
using cgsolve in c++, ic=False
diag(geom) min= 885.382633 max= 16667.245572
diag(all) min= 885.382633 max= 16667.245572
Trying gamma equal 0.084000
Convergence reached after 22 iterations with no gamma cycles
min(dx) = -0.0012686731174594167
max(dx) = 0.0013975842861051763
mean(dx)= -1.7796846980138098e-05
vdws = 59
atoms = 22
pairs = 119
 geom_x = 16.136093841670235
 geom_a = 0
 geom_q = 0
 geom_c = 0.0
f1, 0= 1.6136e+01
                          N restraints  r.m.s.d.  r.m.s.Z  Mn(sigma)
Bond distances, non H               11     0.008    0.434      0.016
Bond distances, H                   11     0.000    0.019      0.016
Bond angles, non H                  15     2.572    0.860      2.300
Bond angles, H                      26     0.947    0.374      2.006
Torsion angles, period 3             2     0.925    0.092     10.000
Chiral centres                       3     0.064    0.698      0.120
Planar groups                        4     0.000    0.013      0.020
VDW nonbonded                        1     0.013    0.064      0.200
VDW torsion                         10     0.118    0.591      0.200



====== CYCLE 23 ======

 weight = 1.0000e+00
 geom_x = 16.136093841670235
 geom_a = 0
 geom_q = 0
 geom_c = 0.0
f0= 1.6136e+01
using cgsolve in c++, ic=False
diag(geom) min= 885.461225 max= 16667.497957
diag(all) min= 885.461225 max= 16667.497957
Trying gamma equal 0.084000
Convergence reached after 22 iterations with no gamma cycles
min(dx) = -0.0012500418962881458
max(dx) = 0.0013735381057123
mean(dx)= -1.7335694119136022e-05
vdws = 59
atoms = 22
pairs = 119
 geom_x = 16.131876926863292
 geom_a = 0
 geom_q = 0
 geom_c = 0.0
f1, 0= 1.6132e+01
                          N restraints  r.m.s.d.  r.m.s.Z  Mn(sigma)
Bond distances, non H               11     0.008    0.434      0.016
Bond distances, H                   11     0.000    0.019      0.016
Bond angles, non H                  15     2.572    0.861      2.300
Bond angles, H                      26     0.947    0.374      2.006
Torsion angles, period 3             2     0.927    0.093     10.000
Chiral centres                       3     0.064    0.698      0.120
Planar groups                        4     0.000    0.013      0.020
VDW nonbonded                        1     0.012    0.061      0.200
VDW torsion                         10     0.118    0.591      0.200



====== CYCLE 24 ======

 weight = 1.0000e+00
 geom_x = 16.131876926863292
 geom_a = 0
 geom_q = 0
 geom_c = 0.0
f0= 1.6132e+01
using cgsolve in c++, ic=False
diag(geom) min= 885.534085 max= 16667.747692
diag(all) min= 885.534085 max= 16667.747692
Trying gamma equal 0.084000
Convergence reached after 22 iterations with no gamma cycles
min(dx) = -0.001232349123923291
max(dx) = 0.0013505149132915582
mean(dx)= -1.6932579753919012e-05
vdws = 59
atoms = 22
pairs = 119
 geom_x = 16.127800814085973
 geom_a = 0
 geom_q = 0
 geom_c = 0.0
f1, 0= 1.6128e+01
                          N restraints  r.m.s.d.  r.m.s.Z  Mn(sigma)
Bond distances, non H               11     0.008    0.434      0.016
Bond distances, H                   11     0.000    0.019      0.016
Bond angles, non H                  15     2.573    0.861      2.300
Bond angles, H                      26     0.948    0.374      2.006
Torsion angles, period 3             2     0.929    0.093     10.000
Chiral centres                       3     0.064    0.698      0.120
Planar groups                        4     0.000    0.013      0.020
VDW nonbonded                        1     0.012    0.058      0.200
VDW torsion                         10     0.118    0.591      0.200



====== CYCLE 25 ======

 weight = 1.0000e+00
 geom_x = 16.127800814085973
 geom_a = 0
 geom_q = 0
 geom_c = 0.0
f0= 1.6128e+01
using cgsolve in c++, ic=False
diag(geom) min= 885.600628 max= 16667.994499
diag(all) min= 885.600628 max= 16667.994499
Trying gamma equal 0.084000
Convergence reached after 22 iterations with no gamma cycles
min(dx) = -0.0012155039641210171
max(dx) = 0.001328430500199
mean(dx)= -1.657992458243529e-05
vdws = 59
atoms = 22
pairs = 119
 geom_x = 16.123856411205185
 geom_a = 0
 geom_q = 0
 geom_c = 0.0
f1, 0= 1.6124e+01
                          N restraints  r.m.s.d.  r.m.s.Z  Mn(sigma)
Bond distances, non H               11     0.008    0.434      0.016
Bond distances, H                   11     0.000    0.019      0.016
Bond angles, non H                  15     2.573    0.861      2.300
Bond angles, H                      26     0.948    0.374      2.006
Torsion angles, period 3             2     0.931    0.093     10.000
Chiral centres                       3     0.064    0.698      0.120
Planar groups                        4     0.000    0.013      0.020
VDW nonbonded                        1     0.011    0.055      0.200
VDW torsion                         10     0.118    0.590      0.200



====== CYCLE 26 ======

 weight = 1.0000e+00
 geom_x = 16.123856411205185
 geom_a = 0
 geom_q = 0
 geom_c = 0.0
f0= 1.6124e+01
using cgsolve in c++, ic=False
diag(geom) min= 885.660376 max= 16668.238149
diag(all) min= 885.660376 max= 16668.238149
Trying gamma equal 0.084000
Convergence reached after 22 iterations with no gamma cycles
min(dx) = -0.0011994267824721092
max(dx) = 0.0013072097940698372
mean(dx)= -1.6271133592439358e-05
vdws = 59
atoms = 22
pairs = 119
 geom_x = 16.12003562263161
 geom_a = 0
 geom_q = 0
 geom_c = 0.0
f1, 0= 1.6120e+01
                          N restraints  r.m.s.d.  r.m.s.Z  Mn(sigma)
Bond distances, non H               11     0.008    0.433      0.016
Bond distances, H                   11     0.000    0.019      0.016
Bond angles, non H                  15     2.573    0.861      2.300
Bond angles, H                      26     0.948    0.374      2.006
Torsion angles, period 3             2     0.933    0.093     10.000
Chiral centres                       3     0.064    0.698      0.120
Planar groups                        4     0.000    0.013      0.020
VDW nonbonded                        1     0.010    0.052      0.200
VDW torsion                         10     0.118    0.590      0.200



====== CYCLE 27 ======

 weight = 1.0000e+00
 geom_x = 16.12003562263161
 geom_a = 0
 geom_q = 0
 geom_c = 0.0
f0= 1.6120e+01
using cgsolve in c++, ic=False
diag(geom) min= 885.712944 max= 16668.478451
diag(all) min= 885.712944 max= 16668.478451
Trying gamma equal 0.084000
Convergence reached after 22 iterations with no gamma cycles
min(dx) = -0.0011840475779577172
max(dx) = 0.001286785872831474
mean(dx)= -1.6000464133571077e-05
vdws = 59
atoms = 22
pairs = 119
 geom_x = 16.116331178534846
 geom_a = 0
 geom_q = 0
 geom_c = 0.0
f1, 0= 1.6116e+01
                          N restraints  r.m.s.d.  r.m.s.Z  Mn(sigma)
Bond distances, non H               11     0.008    0.433      0.016
Bond distances, H                   11     0.000    0.019      0.016
Bond angles, non H                  15     2.573    0.861      2.300
Bond angles, H                      26     0.948    0.374      2.006
Torsion angles, period 3             2     0.934    0.093     10.000
Chiral centres                       3     0.064    0.698      0.120
Planar groups                        4     0.000    0.013      0.020
VDW nonbonded                        1     0.010    0.049      0.200
VDW torsion                         10     0.118    0.590      0.200



====== CYCLE 28 ======

 weight = 1.0000e+00
 geom_x = 16.116331178534846
 geom_a = 0
 geom_q = 0
 geom_c = 0.0
f0= 1.6116e+01
using cgsolve in c++, ic=False
diag(geom) min= 885.758028 max= 16668.715247
diag(all) min= 885.758028 max= 16668.715247
Trying gamma equal 0.084000
Convergence reached after 22 iterations with no gamma cycles
min(dx) = -0.001169304673765008
max(dx) = 0.0012670990665838912
mean(dx)= -1.5762913083789848e-05
vdws = 59
atoms = 22
pairs = 119
 geom_x = 16.112736500165386
 geom_a = 0
 geom_q = 0
 geom_c = 0.0
f1, 0= 1.6113e+01
                          N restraints  r.m.s.d.  r.m.s.Z  Mn(sigma)
Bond distances, non H               11     0.008    0.433      0.016
Bond distances, H                   11     0.000    0.019      0.016
Bond angles, non H                  15     2.573    0.861      2.300
Bond angles, H                      26     0.948    0.374      2.006
Torsion angles, period 3             2     0.936    0.094     10.000
Chiral centres                       3     0.064    0.698      0.120
Planar groups                        4     0.000    0.013      0.020
VDW nonbonded                        1     0.009    0.046      0.200
VDW torsion                         10     0.118    0.590      0.200



====== CYCLE 29 ======

 weight = 1.0000e+00
 geom_x = 16.112736500165386
 geom_a = 0
 geom_q = 0
 geom_c = 0.0
f0= 1.6113e+01
using cgsolve in c++, ic=False
diag(geom) min= 885.795393 max= 16668.948413
diag(all) min= 885.795393 max= 16668.948413
Trying gamma equal 0.084000
Convergence reached after 22 iterations with no gamma cycles
min(dx) = -0.0011551436103257684
max(dx) = 0.0012480961420187082
mean(dx)= -1.5554119918424553e-05
vdws = 59
atoms = 22
pairs = 119
 geom_x = 16.10924559313284
 geom_a = 0
 geom_q = 0
 geom_c = 0.0
f1, 0= 1.6109e+01
                          N restraints  r.m.s.d.  r.m.s.Z  Mn(sigma)
Bond distances, non H               11     0.008    0.433      0.016
Bond distances, H                   11     0.000    0.019      0.016
Bond angles, non H                  15     2.573    0.861      2.300
Bond angles, H                      26     0.948    0.374      2.006
Torsion angles, period 3             2     0.937    0.094     10.000
Chiral centres                       3     0.064    0.698      0.120
Planar groups                        4     0.000    0.013      0.020
VDW nonbonded                        1     0.009    0.044      0.200
VDW torsion                         10     0.118    0.590      0.200



====== CYCLE 30 ======

 weight = 1.0000e+00
 geom_x = 16.10924559313284
 geom_a = 0
 geom_q = 0
 geom_c = 0.0
f0= 1.6109e+01
using cgsolve in c++, ic=False
diag(geom) min= 885.824869 max= 16669.177847
diag(all) min= 885.824869 max= 16669.177847
Trying gamma equal 0.084000
Convergence reached after 22 iterations with no gamma cycles
min(dx) = -0.0011415162016298803
max(dx) = 0.0012297295657008988
mean(dx)= -1.537028315341075e-05
vdws = 59
atoms = 22
pairs = 119
 geom_x = 16.105852962363333
 geom_a = 0
 geom_q = 0
 geom_c = 0.0
f1, 0= 1.6106e+01
                          N restraints  r.m.s.d.  r.m.s.Z  Mn(sigma)
Bond distances, non H               11     0.008    0.433      0.016
Bond distances, H                   11     0.000    0.019      0.016
Bond angles, non H                  15     2.573    0.861      2.300
Bond angles, H                      26     0.948    0.374      2.006
Torsion angles, period 3             2     0.939    0.094     10.000
Chiral centres                       3     0.064    0.698      0.120
Planar groups                        4     0.000    0.013      0.020
VDW nonbonded                        1     0.008    0.041      0.200
VDW torsion                         10     0.118    0.590      0.200


$TABLE: stats vs cycle :
$GRAPHS
: Geometry :A:1,4,2:
: Geometry Z :A:1,5,3:
$$
 Ncyc  rmsBOND  zBOND  rmsANGL  zANGL
$$
$$
    0   0.0132 0.7230   2.2659 0.7613
    1   0.0082 0.4470   2.4619 0.8239
    2   0.0078 0.4286   2.4925 0.8339
    3   0.0078 0.4275   2.5055 0.8382
    4   0.0078 0.4281   2.5151 0.8414
    5   0.0078 0.4290   2.5230 0.8441
    6   0.0078 0.4299   2.5306 0.8466
    7   0.0078 0.4307   2.5370 0.8488
    8   0.0078 0.4314   2.5427 0.8506
    9   0.0078 0.4320   2.5475 0.8523
   10   0.0078 0.4325   2.5517 0.8537
   11   0.0079 0.4329   2.5553 0.8549
   12   0.0079 0.4332   2.5584 0.8559
   13   0.0079 0.4334   2.5610 0.8568
   14   0.0079 0.4336   2.5632 0.8575
   15   0.0079 0.4338   2.5651 0.8582
   16   0.0079 0.4339   2.5667 0.8587
   17   0.0079 0.4339   2.5681 0.8592
   18   0.0079 0.4340   2.5692 0.8595
   19   0.0079 0.4340   2.5701 0.8598
   20   0.0079 0.4339   2.5709 0.8601
   21   0.0079 0.4339   2.5715 0.8603
   22   0.0079 0.4338   2.5719 0.8605
   23   0.0079 0.4337   2.5723 0.8606
   24   0.0079 0.4337   2.5726 0.8607
   25   0.0079 0.4336   2.5728 0.8607
   26   0.0079 0.4334   2.5729 0.8608
   27   0.0079 0.4333   2.5729 0.8608
   28   0.0079 0.4332   2.5730 0.8608
   29   0.0079 0.4331   2.5729 0.8608
   30   0.0079 0.4329   2.5728 0.8607
$$

Updated dictionary saved: cys-epx_link_TMP/LIG_for_link_TMP/mol_1_conf_16_updated.cif
Refinement statistics saved: cys-epx_link_TMP/LIG_for_link_TMP/mol_1_conf_16_stats.json

# Finished on 2026-06-14 11:42:41.010994

=========END OF PROCESS INFORMATION ==========
