
============ PROCESS INFORMATION =============
# Servalcat ver. 0.4.128 (Python 3.9.18)
# Library vers. gemmi 0.7.4, scipy 1.7.3, numpy 1.19.5, pandas 1.3.5
# Started on 2026-06-14 11:42:24.284252
# Host: Mac.lan User: hilgersmt
# Command-line:
# servalcat --logfile cys-epx_link_TMP/LIG_for_link_TMP/servalcat.log refine_geom --update_dictionary cys-epx_link_TMP/LIG_for_link_TMP/mol_1_conf_7_init.cif -o cys-epx_link_TMP/LIG_for_link_TMP/mol_1_conf_7 --randomize 0.01
Config loaded
--
refine:
  atom_selection:
    xyz:
      include:
      - '*'
      exclude: []
      exclude_restraint: []
    adp:
      include: []
      exclude: []
      exclude_restraint: []
    occ:
      include: []
      exclude: []
      exclude_restraint: []
    dfrac:
      include: []
      exclude: []
      exclude_restraint: []
  occ_groups: []
  occ_group_constraints: []
  occ_group_const_mu: 10.0
  occ_group_const_mu_update_factor: 1.1
  occ_group_const_mu_update_tol_rel: 0.25
  occ_group_const_mu_update_tol_abs: 0.01
  initialisation:
    adp: {}
    occ: {}
    dfrac: {}
  write_trajectory: false
--
Reading monomers from /Applications/ccp4-9/lib/data/monomers/
Monomer not in the library: LIG.
Reading monomer: cys-epx_link_TMP/LIG_for_link_TMP/mol_1_conf_7_init.cif
Monomer library loaded: 1 monomers, 109 links, 133 modifications
       loaded monomers: LIG

Checking if unknown atoms exist..
Creating restraints..

Chain info:
 chain 
  ligands: LIG (1 residues)

Number of refinement parameters:
       n_params  n_atoms  n_atoms_geom_only  n_atoms_data_only
xyz          11       11                  0                  0
adp           0        0                  0                  0
occ           0        0                  0                  0
dfrac         0        0                  0                  0

Randomizing structure with rmsd of 0.01
Torsion angle rules:
 include:
  {'group': 'peptide', 'tors_name': 'chi*'}
  {'link': '*', 'tors_name': 'omega'}
  {'residue': '*', 'tors_name': 'sp2_sp2*'}
  {'link': '*', 'tors_name': 'sp2_sp2*'}
 exclude:
  none
External restraints from Refmac instructions
 Number of distances          : 0
 Number of angles             : 0
 Number of torsions           : 0
 Number of chirals            : 0
 Number of planes             : 0
 Number of intervals          : 0
 Number of stackings          : 0
 Number of harmonics          : 0
 Number of special positions  : 0

Running 10 cycles with wchir=4 wvdw=2 without hydrogen
Geometry weights
vdws = 10
atoms = 11
pairs = 33
 *** Bond distances outliers (Z >= 5) ***

    atom1     atom2  value  ideal  sigma     z
/LIG 1/C3 /LIG 1/O7  1.385  1.251  0.018 7.307

 *** Bond angles outliers (Z >= 5) ***

    atom1     atom2      atom3  value   ideal  sigma      z
/LIG 1/C5 /LIG 1/S6 /LIG 1/C16 93.765 109.471  3.000 -5.235

                       N restraints  r.m.s.d.  r.m.s.Z  Mn(sigma)
Bond distances, non H            11     0.049    2.888      0.016
Bond angles, non H               15     5.695    2.338      2.300
Chiral centres                    3     0.167    1.664      0.120
Planar groups                     4     0.001    0.050      0.020
VDW torsion                       2     0.296    1.480      0.200


====== CYCLE  1 ======

 weight = 1.0000e+00
 geom_x = 162.09860930818002
 geom_a = 0
 geom_q = 0
 geom_c = 0.0
f0= 1.6210e+02
using cgsolve in c++, ic=False
diag(geom) min= 548.223005 max= 30205.208017
diag(all) min= 548.223005 max= 30205.208017
Trying gamma equal 0.000000
Not converging with gamma equal 0.000000
Trying gamma equal 0.052500
Gamma decreased to 0.042000
min(dx) = -0.1288264302790647
max(dx) = 0.0895256914317711
mean(dx)= -0.007073564216624435
vdws = 10
atoms = 11
pairs = 33
 geom_x = 21.355318573766077
 geom_a = 0
 geom_q = 0
 geom_c = 0.0
f1, 0= 2.1355e+01
                       N restraints  r.m.s.d.  r.m.s.Z  Mn(sigma)
Bond distances, non H            11     0.011    0.590      0.016
Bond angles, non H               15     3.676    1.227      2.300
Chiral centres                    3     0.013    0.148      0.120
Planar groups                     4     0.001    0.074      0.020
VDW torsion                       3     0.225    1.126      0.200



====== CYCLE  2 ======

 weight = 1.0000e+00
 geom_x = 21.355318573766077
 geom_a = 0
 geom_q = 0
 geom_c = 0.0
f0= 2.1355e+01
using cgsolve in c++, ic=False
diag(geom) min= 682.064581 max= 31756.692529
diag(all) min= 682.064581 max= 31756.692529
Trying gamma equal 0.042000
Not converging with gamma equal 0.042000
Trying gamma equal 0.094500
Gamma decreased to 0.084000
min(dx) = -0.018918032962599446
max(dx) = 0.023327151735073146
mean(dx)= 0.0011969959619720467
vdws = 10
atoms = 11
pairs = 33
 geom_x = 18.9603739129109
 geom_a = 0
 geom_q = 0
 geom_c = 0.0
f1, 0= 1.8960e+01
                       N restraints  r.m.s.d.  r.m.s.Z  Mn(sigma)
Bond distances, non H            11     0.010    0.560      0.016
Bond angles, non H               15     3.363    1.125      2.300
Chiral centres                    3     0.008    0.086      0.120
Planar groups                     4     0.001    0.026      0.020
VDW torsion                       3     0.225    1.123      0.200



====== CYCLE  3 ======

 weight = 1.0000e+00
 geom_x = 18.9603739129109
 geom_a = 0
 geom_q = 0
 geom_c = 0.0
f0= 1.8960e+01
using cgsolve in c++, ic=False
diag(geom) min= 688.648923 max= 31933.142780
diag(all) min= 688.648923 max= 31933.142780
Trying gamma equal 0.084000
Not converging with gamma equal 0.084000
Trying gamma equal 0.136500
Not converging with gamma equal 0.136500
Trying gamma equal 0.191625
Not converging with gamma equal 0.191625
Trying gamma equal 0.249506
Gamma decreased to 0.237930
min(dx) = -0.0064968098393026604
max(dx) = 0.009520432187474353
mean(dx)= 0.00039953699701644356
vdws = 9
atoms = 11
pairs = 32
 geom_x = 18.43534459738697
 geom_a = 0
 geom_q = 0
 geom_c = 0.0
f1, 0= 1.8435e+01
                       N restraints  r.m.s.d.  r.m.s.Z  Mn(sigma)
Bond distances, non H            11     0.010    0.557      0.016
Bond angles, non H               15     3.280    1.098      2.300
Chiral centres                    3     0.008    0.089      0.120
Planar groups                     4     0.000    0.017      0.020
VDW torsion                       3     0.224    1.118      0.200



====== CYCLE  4 ======

 weight = 1.0000e+00
 geom_x = 18.43534459738697
 geom_a = 0
 geom_q = 0
 geom_c = 0.0
f0= 1.8435e+01
using cgsolve in c++, ic=False
diag(geom) min= 693.141500 max= 31989.428069
diag(all) min= 693.141500 max= 31989.428069
Trying gamma equal 0.237930
Convergence reached after 16 iterations with no gamma cycles
min(dx) = -0.006646316527732502
max(dx) = 0.01002081743106525
mean(dx)= 0.0003919760470839184
vdws = 9
atoms = 11
pairs = 32
 geom_x = 17.956550571330272
 geom_a = 0
 geom_q = 0
 geom_c = 0.0
f1, 0= 1.7957e+01
                       N restraints  r.m.s.d.  r.m.s.Z  Mn(sigma)
Bond distances, non H            11     0.010    0.556      0.016
Bond angles, non H               15     3.206    1.073      2.300
Chiral centres                    3     0.008    0.088      0.120
Planar groups                     4     0.000    0.010      0.020
VDW torsion                       3     0.223    1.113      0.200



====== CYCLE  5 ======

 weight = 1.0000e+00
 geom_x = 17.956550571330272
 geom_a = 0
 geom_q = 0
 geom_c = 0.0
f0= 1.7957e+01
using cgsolve in c++, ic=False
diag(geom) min= 697.836066 max= 32048.848373
diag(all) min= 697.836066 max= 32048.848373
Trying gamma equal 0.237930
Convergence reached after 15 iterations with no gamma cycles
min(dx) = -0.006545311424167725
max(dx) = 0.009957849101035084
mean(dx)= 0.00037051820328064884
vdws = 9
atoms = 11
pairs = 32
 geom_x = 17.530937394411886
 geom_a = 0
 geom_q = 0
 geom_c = 0.0
f1, 0= 1.7531e+01
                       N restraints  r.m.s.d.  r.m.s.Z  Mn(sigma)
Bond distances, non H            11     0.010    0.557      0.016
Bond angles, non H               15     3.140    1.052      2.300
Chiral centres                    3     0.008    0.087      0.120
Planar groups                     4     0.000    0.004      0.020
VDW torsion                       3     0.221    1.107      0.200



====== CYCLE  6 ======

 weight = 1.0000e+00
 geom_x = 17.530937394411886
 geom_a = 0
 geom_q = 0
 geom_c = 0.0
f0= 1.7531e+01
using cgsolve in c++, ic=False
diag(geom) min= 695.852130 max= 32104.046442
diag(all) min= 695.852130 max= 32104.046442
Trying gamma equal 0.237930
Convergence reached after 15 iterations with no gamma cycles
min(dx) = -0.006412826021041997
max(dx) = 0.009843194682943293
mean(dx)= 0.0003447632618643511
vdws = 9
atoms = 11
pairs = 32
 geom_x = 17.14939012654729
 geom_a = 0
 geom_q = 0
 geom_c = 0.0
f1, 0= 1.7149e+01
                       N restraints  r.m.s.d.  r.m.s.Z  Mn(sigma)
Bond distances, non H            11     0.010    0.558      0.016
Bond angles, non H               15     3.079    1.032      2.300
Chiral centres                    3     0.008    0.087      0.120
Planar groups                     4     0.000    0.002      0.020
VDW torsion                       3     0.220    1.101      0.200



====== CYCLE  7 ======

 weight = 1.0000e+00
 geom_x = 17.14939012654729
 geom_a = 0
 geom_q = 0
 geom_c = 0.0
f0= 1.7149e+01
using cgsolve in c++, ic=False
diag(geom) min= 694.262324 max= 32155.644492
diag(all) min= 694.262324 max= 32155.644492
Trying gamma equal 0.237930
Convergence reached after 15 iterations with no gamma cycles
min(dx) = -0.0062509124196709984
max(dx) = 0.0097047958721597
mean(dx)= 0.0003173036351240137
vdws = 9
atoms = 11
pairs = 32
 geom_x = 16.805303315256033
 geom_a = 0
 geom_q = 0
 geom_c = 0.0
f1, 0= 1.6805e+01
                       N restraints  r.m.s.d.  r.m.s.Z  Mn(sigma)
Bond distances, non H            11     0.010    0.560      0.016
Bond angles, non H               15     3.024    1.013      2.300
Chiral centres                    3     0.008    0.086      0.120
Planar groups                     4     0.000    0.006      0.020
VDW torsion                       3     0.219    1.096      0.200



====== CYCLE  8 ======

 weight = 1.0000e+00
 geom_x = 16.805303315256033
 geom_a = 0
 geom_q = 0
 geom_c = 0.0
f0= 1.6805e+01
using cgsolve in c++, ic=False
diag(geom) min= 693.080794 max= 32204.138797
diag(all) min= 693.080794 max= 32204.138797
Trying gamma equal 0.237930
Convergence reached after 14 iterations with no gamma cycles
min(dx) = -0.006066407929685728
max(dx) = 0.009548965045350044
mean(dx)= 0.0002902458889369641
vdws = 9
atoms = 11
pairs = 32
 geom_x = 16.49346838892231
 geom_a = 0
 geom_q = 0
 geom_c = 0.0
f1, 0= 1.6493e+01
                       N restraints  r.m.s.d.  r.m.s.Z  Mn(sigma)
Bond distances, non H            11     0.010    0.561      0.016
Bond angles, non H               15     2.972    0.996      2.300
Chiral centres                    3     0.008    0.085      0.120
Planar groups                     4     0.000    0.011      0.020
VDW torsion                       3     0.218    1.091      0.200



====== CYCLE  9 ======

 weight = 1.0000e+00
 geom_x = 16.49346838892231
 geom_a = 0
 geom_q = 0
 geom_c = 0.0
f0= 1.6493e+01
using cgsolve in c++, ic=False
diag(geom) min= 692.311981 max= 32249.850937
diag(all) min= 692.311981 max= 32249.850937
Trying gamma equal 0.237930
Convergence reached after 14 iterations with no gamma cycles
min(dx) = -0.005863407261811838
max(dx) = 0.00937762059926124
mean(dx)= 0.0002646789454498103
vdws = 9
atoms = 11
pairs = 32
 geom_x = 16.209665657670474
 geom_a = 0
 geom_q = 0
 geom_c = 0.0
f1, 0= 1.6210e+01
                       N restraints  r.m.s.d.  r.m.s.Z  Mn(sigma)
Bond distances, non H            11     0.010    0.563      0.016
Bond angles, non H               15     2.924    0.981      2.300
Chiral centres                    3     0.008    0.085      0.120
Planar groups                     4     0.000    0.014      0.020
VDW torsion                       3     0.217    1.087      0.200



====== CYCLE 10 ======

 weight = 1.0000e+00
 geom_x = 16.209665657670474
 geom_a = 0
 geom_q = 0
 geom_c = 0.0
f0= 1.6210e+01
using cgsolve in c++, ic=False
diag(geom) min= 691.952859 max= 32293.024113
diag(all) min= 691.952859 max= 32293.024113
Trying gamma equal 0.237930
Convergence reached after 14 iterations with no gamma cycles
min(dx) = -0.005646616729790865
max(dx) = 0.00919148363485828
mean(dx)= 0.00024101515017885652
vdws = 9
atoms = 11
pairs = 32
 geom_x = 15.950434168820632
 geom_a = 0
 geom_q = 0
 geom_c = 0.0
f1, 0= 1.5950e+01
                       N restraints  r.m.s.d.  r.m.s.Z  Mn(sigma)
Bond distances, non H            11     0.010    0.564      0.016
Bond angles, non H               15     2.878    0.966      2.300
Chiral centres                    3     0.008    0.084      0.120
Planar groups                     4     0.000    0.018      0.020
VDW torsion                       3     0.217    1.083      0.200


$TABLE: stats vs cycle :
$GRAPHS
: Geometry :A:1,4,2:
: Geometry Z :A:1,3,5:
$$
 Ncyc  rmsBOND  zBOND  rmsANGL  zANGL
$$
$$
    0   0.0487 2.8879   5.6951 2.3379
    1   0.0111 0.5900   3.6758 1.2272
    2   0.0102 0.5602   3.3633 1.1250
    3   0.0102 0.5566   3.2799 1.0977
    4   0.0102 0.5562   3.2060 1.0734
    5   0.0102 0.5569   3.1398 1.0516
    6   0.0102 0.5582   3.0795 1.0317
    7   0.0103 0.5598   3.0238 1.0134
    8   0.0103 0.5614   2.9720 0.9964
    9   0.0104 0.5630   2.9236 0.9805
   10   0.0104 0.5644   2.8781 0.9656
$$

Running 30 cycles with wchir=1 wvdw=2 without hydrogen
Geometry weights
vdws = 9
atoms = 11
pairs = 32
                       N restraints  r.m.s.d.  r.m.s.Z  Mn(sigma)
Bond distances, non H            11     0.010    0.564      0.016
Bond angles, non H               15     2.878    0.966      2.300
Chiral centres                    3     0.008    0.084      0.120
Planar groups                     4     0.000    0.018      0.020
VDW torsion                       3     0.217    1.083      0.200


====== CYCLE  1 ======

 weight = 1.0000e+00
 geom_x = 15.791952775393028
 geom_a = 0
 geom_q = 0
 geom_c = 0.0
f0= 1.5792e+01
using cgsolve in c++, ic=False
diag(geom) min= 296.780457 max= 11056.040015
diag(all) min= 296.780457 max= 11056.040015
Trying gamma equal 0.237930
Convergence reached after 15 iterations with no gamma cycles
min(dx) = -0.009262174667734966
max(dx) = 0.03050366628577991
mean(dx)= 0.0009111854719058598
vdws = 9
atoms = 11
pairs = 32
 geom_x = 14.504541662723643
 geom_a = 0
 geom_q = 0
 geom_c = 0.0
f1, 0= 1.4505e+01
                       N restraints  r.m.s.d.  r.m.s.Z  Mn(sigma)
Bond distances, non H            11     0.007    0.372      0.016
Bond angles, non H               15     2.899    0.972      2.300
Chiral centres                    3     0.048    0.532      0.120
Planar groups                     4     0.001    0.030      0.020
VDW torsion                       3     0.204    1.019      0.200



====== CYCLE  2 ======

 weight = 1.0000e+00
 geom_x = 14.504541662723643
 geom_a = 0
 geom_q = 0
 geom_c = 0.0
f0= 1.4505e+01
using cgsolve in c++, ic=False
diag(geom) min= 287.198411 max= 11013.482219
diag(all) min= 287.198411 max= 11013.482219
Trying gamma equal 0.237930
Convergence reached after 16 iterations with no gamma cycles
min(dx) = -0.008541006193714085
max(dx) = 0.013743712420141663
mean(dx)= 0.00022992922136908154
vdws = 9
atoms = 11
pairs = 32
 geom_x = 14.200795578617452
 geom_a = 0
 geom_q = 0
 geom_c = 0.0
f1, 0= 1.4201e+01
                       N restraints  r.m.s.d.  r.m.s.Z  Mn(sigma)
Bond distances, non H            11     0.007    0.354      0.016
Bond angles, non H               15     2.868    0.962      2.300
Chiral centres                    3     0.053    0.580      0.120
Planar groups                     4     0.001    0.036      0.020
VDW torsion                       3     0.201    1.006      0.200



====== CYCLE  3 ======

 weight = 1.0000e+00
 geom_x = 14.200795578617452
 geom_a = 0
 geom_q = 0
 geom_c = 0.0
f0= 1.4201e+01
using cgsolve in c++, ic=False
diag(geom) min= 289.801712 max= 10990.885512
diag(all) min= 289.801712 max= 10990.885512
Trying gamma equal 0.237930
Convergence reached after 16 iterations with no gamma cycles
min(dx) = -0.00814319167988159
max(dx) = 0.011602276751819214
mean(dx)= 0.00015301153759191694
vdws = 9
atoms = 11
pairs = 32
 geom_x = 13.949092467898375
 geom_a = 0
 geom_q = 0
 geom_c = 0.0
f1, 0= 1.3949e+01
                       N restraints  r.m.s.d.  r.m.s.Z  Mn(sigma)
Bond distances, non H            11     0.007    0.354      0.016
Bond angles, non H               15     2.827    0.948      2.300
Chiral centres                    3     0.053    0.583      0.120
Planar groups                     4     0.001    0.040      0.020
VDW torsion                       3     0.200    1.000      0.200



====== CYCLE  4 ======

 weight = 1.0000e+00
 geom_x = 13.949092467898375
 geom_a = 0
 geom_q = 0
 geom_c = 0.0
f0= 1.3949e+01
using cgsolve in c++, ic=False
diag(geom) min= 293.102903 max= 11004.260880
diag(all) min= 293.102903 max= 11004.260880
Trying gamma equal 0.237930
Convergence reached after 15 iterations with no gamma cycles
min(dx) = -0.007661127345333588
max(dx) = 0.010479081395659924
mean(dx)= 0.000127946187945682
vdws = 9
atoms = 11
pairs = 32
 geom_x = 13.728468818880028
 geom_a = 0
 geom_q = 0
 geom_c = 0.0
f1, 0= 1.3728e+01
                       N restraints  r.m.s.d.  r.m.s.Z  Mn(sigma)
Bond distances, non H            11     0.007    0.356      0.016
Bond angles, non H               15     2.786    0.935      2.300
Chiral centres                    3     0.053    0.580      0.120
Planar groups                     4     0.001    0.043      0.020
VDW torsion                       4     0.173    0.864      0.200



====== CYCLE  5 ======

 weight = 1.0000e+00
 geom_x = 13.728468818880028
 geom_a = 0
 geom_q = 0
 geom_c = 0.0
f0= 1.3728e+01
using cgsolve in c++, ic=False
diag(geom) min= 316.814822 max= 11046.076237
diag(all) min= 316.814822 max= 11046.076237
Trying gamma equal 0.237930
Convergence reached after 15 iterations with no gamma cycles
min(dx) = -0.006846503906239605
max(dx) = 0.008920484651140733
mean(dx)= 0.00017035176764692038
vdws = 9
atoms = 11
pairs = 32
 geom_x = 13.540209564510722
 geom_a = 0
 geom_q = 0
 geom_c = 0.0
f1, 0= 1.3540e+01
                       N restraints  r.m.s.d.  r.m.s.Z  Mn(sigma)
Bond distances, non H            11     0.007    0.358      0.016
Bond angles, non H               15     2.749    0.922      2.300
Chiral centres                    3     0.053    0.579      0.120
Planar groups                     4     0.001    0.043      0.020
VDW torsion                       4     0.172    0.862      0.200



====== CYCLE  6 ======

 weight = 1.0000e+00
 geom_x = 13.540209564510722
 geom_a = 0
 geom_q = 0
 geom_c = 0.0
f0= 1.3540e+01
using cgsolve in c++, ic=False
diag(geom) min= 318.988075 max= 11081.790492
diag(all) min= 318.988075 max= 11081.790492
Trying gamma equal 0.237930
Convergence reached after 14 iterations with no gamma cycles
min(dx) = -0.0063207594429660185
max(dx) = 0.007830209563477384
mean(dx)= 0.00015111096267484474
vdws = 9
atoms = 11
pairs = 32
 geom_x = 13.377171986645067
 geom_a = 0
 geom_q = 0
 geom_c = 0.0
f1, 0= 1.3377e+01
                       N restraints  r.m.s.d.  r.m.s.Z  Mn(sigma)
Bond distances, non H            11     0.007    0.360      0.016
Bond angles, non H               15     2.715    0.911      2.300
Chiral centres                    3     0.053    0.576      0.120
Planar groups                     4     0.001    0.042      0.020
VDW torsion                       4     0.172    0.862      0.200



====== CYCLE  7 ======

 weight = 1.0000e+00
 geom_x = 13.377171986645067
 geom_a = 0
 geom_q = 0
 geom_c = 0.0
f0= 1.3377e+01
using cgsolve in c++, ic=False
diag(geom) min= 320.790125 max= 11113.437707
diag(all) min= 320.790125 max= 11113.437707
Trying gamma equal 0.237930
Convergence reached after 14 iterations with no gamma cycles
min(dx) = -0.0058448058419799
max(dx) = 0.006913953367489122
mean(dx)= 0.00013929844699075254
vdws = 9
atoms = 11
pairs = 32
 geom_x = 13.235561923844761
 geom_a = 0
 geom_q = 0
 geom_c = 0.0
f1, 0= 1.3236e+01
                       N restraints  r.m.s.d.  r.m.s.Z  Mn(sigma)
Bond distances, non H            11     0.007    0.361      0.016
Bond angles, non H               15     2.683    0.900      2.300
Chiral centres                    3     0.053    0.574      0.120
Planar groups                     4     0.001    0.042      0.020
VDW torsion                       4     0.172    0.862      0.200



====== CYCLE  8 ======

 weight = 1.0000e+00
 geom_x = 13.235561923844761
 geom_a = 0
 geom_q = 0
 geom_c = 0.0
f0= 1.3236e+01
using cgsolve in c++, ic=False
diag(geom) min= 322.260591 max= 11141.353424
diag(all) min= 322.260591 max= 11141.353424
Trying gamma equal 0.237930
Convergence reached after 14 iterations with no gamma cycles
min(dx) = -0.005414447277001625
max(dx) = 0.006095409591656064
mean(dx)= 0.00012841399263966563
vdws = 9
atoms = 11
pairs = 32
 geom_x = 13.11223151550244
 geom_a = 0
 geom_q = 0
 geom_c = 0.0
f1, 0= 1.3112e+01
                       N restraints  r.m.s.d.  r.m.s.Z  Mn(sigma)
Bond distances, non H            11     0.007    0.363      0.016
Bond angles, non H               15     2.654    0.890      2.300
Chiral centres                    3     0.053    0.571      0.120
Planar groups                     4     0.001    0.041      0.020
VDW torsion                       4     0.172    0.862      0.200



====== CYCLE  9 ======

 weight = 1.0000e+00
 geom_x = 13.11223151550244
 geom_a = 0
 geom_q = 0
 geom_c = 0.0
f0= 1.3112e+01
using cgsolve in c++, ic=False
diag(geom) min= 323.437914 max= 11165.839958
diag(all) min= 323.437914 max= 11165.839958
Trying gamma equal 0.237930
Convergence reached after 14 iterations with no gamma cycles
min(dx) = -0.005023022822705208
max(dx) = 0.005351504628126981
mean(dx)= 0.00011781268915324912
vdws = 9
atoms = 11
pairs = 32
 geom_x = 13.004500833875955
 geom_a = 0
 geom_q = 0
 geom_c = 0.0
f1, 0= 1.3005e+01
                       N restraints  r.m.s.d.  r.m.s.Z  Mn(sigma)
Bond distances, non H            11     0.007    0.365      0.016
Bond angles, non H               15     2.627    0.881      2.300
Chiral centres                    3     0.053    0.569      0.120
Planar groups                     4     0.001    0.041      0.020
VDW torsion                       4     0.173    0.863      0.200



====== CYCLE 10 ======

 weight = 1.0000e+00
 geom_x = 13.004500833875955
 geom_a = 0
 geom_q = 0
 geom_c = 0.0
f0= 1.3005e+01
using cgsolve in c++, ic=False
diag(geom) min= 324.351157 max= 11187.178170
diag(all) min= 324.351157 max= 11187.178170
Trying gamma equal 0.237930
Convergence reached after 14 iterations with no gamma cycles
min(dx) = -0.004665562897899043
max(dx) = 0.005130068601758104
mean(dx)= 0.00010753896999571572
vdws = 9
atoms = 11
pairs = 32
 geom_x = 12.910079902346217
 geom_a = 0
 geom_q = 0
 geom_c = 0.0
f1, 0= 1.2910e+01
                       N restraints  r.m.s.d.  r.m.s.Z  Mn(sigma)
Bond distances, non H            11     0.007    0.366      0.016
Bond angles, non H               15     2.602    0.873      2.300
Chiral centres                    3     0.053    0.567      0.120
Planar groups                     4     0.001    0.040      0.020
VDW torsion                       4     0.173    0.864      0.200



====== CYCLE 11 ======

 weight = 1.0000e+00
 geom_x = 12.910079902346217
 geom_a = 0
 geom_q = 0
 geom_c = 0.0
f0= 1.2910e+01
using cgsolve in c++, ic=False
diag(geom) min= 325.024391 max= 11205.631223
diag(all) min= 325.024391 max= 11205.631223
Trying gamma equal 0.237930
Convergence reached after 14 iterations with no gamma cycles
min(dx) = -0.004338351304733955
max(dx) = 0.004920311622105223
mean(dx)= 9.768944457406241e-05
vdws = 9
atoms = 11
pairs = 32
 geom_x = 12.827013321717885
 geom_a = 0
 geom_q = 0
 geom_c = 0.0
f1, 0= 1.2827e+01
                       N restraints  r.m.s.d.  r.m.s.Z  Mn(sigma)
Bond distances, non H            11     0.007    0.368      0.016
Bond angles, non H               15     2.580    0.865      2.300
Chiral centres                    3     0.052    0.564      0.120
Planar groups                     4     0.001    0.039      0.020
VDW torsion                       4     0.173    0.865      0.200



====== CYCLE 12 ======

 weight = 1.0000e+00
 geom_x = 12.827013321717885
 geom_a = 0
 geom_q = 0
 geom_c = 0.0
f0= 1.2827e+01
using cgsolve in c++, ic=False
diag(geom) min= 325.479087 max= 11221.446257
diag(all) min= 325.479087 max= 11221.446257
Trying gamma equal 0.237930
Convergence reached after 14 iterations with no gamma cycles
min(dx) = -0.004038428058432039
max(dx) = 0.004712421340191734
mean(dx)= 8.833595830561145e-05
vdws = 9
atoms = 11
pairs = 32
 geom_x = 12.753634991497425
 geom_a = 0
 geom_q = 0
 geom_c = 0.0
f1, 0= 1.2754e+01
                       N restraints  r.m.s.d.  r.m.s.Z  Mn(sigma)
Bond distances, non H            11     0.007    0.369      0.016
Bond angles, non H               15     2.559    0.858      2.300
Chiral centres                    3     0.052    0.562      0.120
Planar groups                     4     0.001    0.038      0.020
VDW torsion                       4     0.173    0.866      0.200



====== CYCLE 13 ======

 weight = 1.0000e+00
 geom_x = 12.753634991497425
 geom_a = 0
 geom_q = 0
 geom_c = 0.0
f0= 1.2754e+01
using cgsolve in c++, ic=False
diag(geom) min= 325.735167 max= 11234.855230
diag(all) min= 325.735167 max= 11234.855230
Trying gamma equal 0.237930
Convergence reached after 14 iterations with no gamma cycles
min(dx) = -0.0037633012435290196
max(dx) = 0.004509105447381003
mean(dx)= 7.952278369344228e-05
vdws = 8
atoms = 11
pairs = 31
 geom_x = 12.688528861152347
 geom_a = 0
 geom_q = 0
 geom_c = 0.0
f1, 0= 1.2689e+01
                       N restraints  r.m.s.d.  r.m.s.Z  Mn(sigma)
Bond distances, non H            11     0.007    0.370      0.016
Bond angles, non H               15     2.540    0.852      2.300
Chiral centres                    3     0.052    0.561      0.120
Planar groups                     4     0.001    0.037      0.020
VDW torsion                       4     0.173    0.867      0.200



====== CYCLE 14 ======

 weight = 1.0000e+00
 geom_x = 12.688528861152347
 geom_a = 0
 geom_q = 0
 geom_c = 0.0
f0= 1.2689e+01
using cgsolve in c++, ic=False
diag(geom) min= 325.811421 max= 11246.075358
diag(all) min= 325.811421 max= 11246.075358
Trying gamma equal 0.237930
Convergence reached after 14 iterations with no gamma cycles
min(dx) = -0.003510790174669953
max(dx) = 0.0043121826234076436
mean(dx)= 7.127241452959551e-05
vdws = 8
atoms = 11
pairs = 31
 geom_x = 12.630494247791738
 geom_a = 0
 geom_q = 0
 geom_c = 0.0
f1, 0= 1.2630e+01
                       N restraints  r.m.s.d.  r.m.s.Z  Mn(sigma)
Bond distances, non H            11     0.007    0.371      0.016
Bond angles, non H               15     2.523    0.846      2.300
Chiral centres                    3     0.052    0.559      0.120
Planar groups                     4     0.001    0.036      0.020
VDW torsion                       4     0.174    0.868      0.200



====== CYCLE 15 ======

 weight = 1.0000e+00
 geom_x = 12.630494247791738
 geom_a = 0
 geom_q = 0
 geom_c = 0.0
f0= 1.2630e+01
using cgsolve in c++, ic=False
diag(geom) min= 325.725653 max= 11255.309424
diag(all) min= 325.725653 max= 11255.309424
Trying gamma equal 0.237930
Convergence reached after 14 iterations with no gamma cycles
min(dx) = -0.003356364266521144
max(dx) = 0.004122837396930289
mean(dx)= 6.35912771675375e-05
vdws = 8
atoms = 11
pairs = 31
 geom_x = 12.578515135696989
 geom_a = 0
 geom_q = 0
 geom_c = 0.0
f1, 0= 1.2579e+01
                       N restraints  r.m.s.d.  r.m.s.Z  Mn(sigma)
Bond distances, non H            11     0.007    0.372      0.016
Bond angles, non H               15     2.507    0.841      2.300
Chiral centres                    3     0.052    0.557      0.120
Planar groups                     4     0.001    0.036      0.020
VDW torsion                       4     0.174    0.869      0.200



====== CYCLE 16 ======

 weight = 1.0000e+00
 geom_x = 12.578515135696989
 geom_a = 0
 geom_q = 0
 geom_c = 0.0
f0= 1.2579e+01
using cgsolve in c++, ic=False
diag(geom) min= 325.494705 max= 11262.746087
diag(all) min= 325.494705 max= 11262.746087
Trying gamma equal 0.237930
Convergence reached after 14 iterations with no gamma cycles
min(dx) = -0.0033306321258718546
max(dx) = 0.003941795901058352
mean(dx)= 5.647430233468037e-05
vdws = 8
atoms = 11
pairs = 31
 geom_x = 12.5317331390795
 geom_a = 0
 geom_q = 0
 geom_c = 0.0
f1, 0= 1.2532e+01
                       N restraints  r.m.s.d.  r.m.s.Z  Mn(sigma)
Bond distances, non H            11     0.007    0.373      0.016
Bond angles, non H               15     2.493    0.836      2.300
Chiral centres                    3     0.052    0.556      0.120
Planar groups                     4     0.001    0.035      0.020
VDW torsion                       4     0.174    0.870      0.200



====== CYCLE 17 ======

 weight = 1.0000e+00
 geom_x = 12.5317331390795
 geom_a = 0
 geom_q = 0
 geom_c = 0.0
f0= 1.2532e+01
using cgsolve in c++, ic=False
diag(geom) min= 325.134449 max= 11268.560262
diag(all) min= 325.134449 max= 11268.560262
Trying gamma equal 0.237930
Convergence reached after 14 iterations with no gamma cycles
min(dx) = -0.003298120449016063
max(dx) = 0.003769449704001691
mean(dx)= 4.990834512970802e-05
vdws = 8
atoms = 11
pairs = 31
 geom_x = 12.489423863324076
 geom_a = 0
 geom_q = 0
 geom_c = 0.0
f1, 0= 1.2489e+01
                       N restraints  r.m.s.d.  r.m.s.Z  Mn(sigma)
Bond distances, non H            11     0.007    0.374      0.016
Bond angles, non H               15     2.479    0.831      2.300
Chiral centres                    3     0.052    0.555      0.120
Planar groups                     4     0.001    0.034      0.020
VDW torsion                       4     0.174    0.871      0.200



====== CYCLE 18 ======

 weight = 1.0000e+00
 geom_x = 12.489423863324076
 geom_a = 0
 geom_q = 0
 geom_c = 0.0
f0= 1.2489e+01
using cgsolve in c++, ic=False
diag(geom) min= 324.659767 max= 11272.913597
diag(all) min= 324.659767 max= 11272.913597
Trying gamma equal 0.237930
Convergence reached after 14 iterations with no gamma cycles
min(dx) = -0.003259674691167524
max(dx) = 0.003605944295904345
mean(dx)= 4.3874683350110764e-05
vdws = 8
atoms = 11
pairs = 31
 geom_x = 12.45097639160852
 geom_a = 0
 geom_q = 0
 geom_c = 0.0
f1, 0= 1.2451e+01
                       N restraints  r.m.s.d.  r.m.s.Z  Mn(sigma)
Bond distances, non H            11     0.007    0.375      0.016
Bond angles, non H               15     2.467    0.827      2.300
Chiral centres                    3     0.052    0.554      0.120
Planar groups                     4     0.001    0.033      0.020
VDW torsion                       4     0.174    0.872      0.200



====== CYCLE 19 ======

 weight = 1.0000e+00
 geom_x = 12.45097639160852
 geom_a = 0
 geom_q = 0
 geom_c = 0.0
f0= 1.2451e+01
using cgsolve in c++, ic=False
diag(geom) min= 324.084539 max= 11275.955032
diag(all) min= 324.084539 max= 11275.955032
Trying gamma equal 0.237930
Convergence reached after 14 iterations with no gamma cycles
min(dx) = -0.0032160632059608212
max(dx) = 0.0034512422541187076
mean(dx)= 3.835052324724623e-05
vdws = 8
atoms = 11
pairs = 31
 geom_x = 12.415875607015185
 geom_a = 0
 geom_q = 0
 geom_c = 0.0
f1, 0= 1.2416e+01
                       N restraints  r.m.s.d.  r.m.s.Z  Mn(sigma)
Bond distances, non H            11     0.007    0.375      0.016
Bond angles, non H               15     2.455    0.823      2.300
Chiral centres                    3     0.052    0.553      0.120
Planar groups                     4     0.001    0.031      0.020
VDW torsion                       4     0.175    0.873      0.200



====== CYCLE 20 ======

 weight = 1.0000e+00
 geom_x = 12.415875607015185
 geom_a = 0
 geom_q = 0
 geom_c = 0.0
f0= 1.2416e+01
using cgsolve in c++, ic=False
diag(geom) min= 323.421653 max= 11277.821413
diag(all) min= 323.421653 max= 11277.821413
Trying gamma equal 0.237930
Convergence reached after 14 iterations with no gamma cycles
min(dx) = -0.003168006320624003
max(dx) = 0.0033051904426317966
mean(dx)= 3.331051666258222e-05
vdws = 8
atoms = 11
pairs = 31
 geom_x = 12.3836870515053
 geom_a = 0
 geom_q = 0
 geom_c = 0.0
f1, 0= 1.2384e+01
                       N restraints  r.m.s.d.  r.m.s.Z  Mn(sigma)
Bond distances, non H            11     0.007    0.376      0.016
Bond angles, non H               15     2.445    0.820      2.300
Chiral centres                    3     0.052    0.552      0.120
Planar groups                     4     0.001    0.030      0.020
VDW torsion                       4     0.175    0.874      0.200



====== CYCLE 21 ======

 weight = 1.0000e+00
 geom_x = 12.3836870515053
 geom_a = 0
 geom_q = 0
 geom_c = 0.0
f0= 1.2384e+01
using cgsolve in c++, ic=False
diag(geom) min= 322.683020 max= 11278.638169
diag(all) min= 322.683020 max= 11278.638169
Trying gamma equal 0.237930
Convergence reached after 14 iterations with no gamma cycles
min(dx) = -0.0031161669677536113
max(dx) = 0.0031676009779485464
mean(dx)= 2.8729158949901176e-05
vdws = 8
atoms = 11
pairs = 31
 geom_x = 12.354044026924509
 geom_a = 0
 geom_q = 0
 geom_c = 0.0
f1, 0= 1.2354e+01
                       N restraints  r.m.s.d.  r.m.s.Z  Mn(sigma)
Bond distances, non H            11     0.007    0.377      0.016
Bond angles, non H               15     2.435    0.817      2.300
Chiral centres                    3     0.052    0.551      0.120
Planar groups                     4     0.001    0.029      0.020
VDW torsion                       4     0.175    0.874      0.200



====== CYCLE 22 ======

 weight = 1.0000e+00
 geom_x = 12.354044026924509
 geom_a = 0
 geom_q = 0
 geom_c = 0.0
f0= 1.2354e+01
using cgsolve in c++, ic=False
diag(geom) min= 321.879539 max= 11278.519748
diag(all) min= 321.879539 max= 11278.519748
Trying gamma equal 0.237930
Convergence reached after 14 iterations with no gamma cycles
min(dx) = -0.003061059428388092
max(dx) = 0.003038076253217165
mean(dx)= 2.4578964560563912e-05
vdws = 8
atoms = 11
pairs = 31
 geom_x = 12.32663666159609
 geom_a = 0
 geom_q = 0
 geom_c = 0.0
f1, 0= 1.2327e+01
                       N restraints  r.m.s.d.  r.m.s.Z  Mn(sigma)
Bond distances, non H            11     0.007    0.377      0.016
Bond angles, non H               15     2.426    0.814      2.300
Chiral centres                    3     0.052    0.550      0.120
Planar groups                     4     0.001    0.028      0.020
VDW torsion                       4     0.175    0.875      0.200



====== CYCLE 23 ======

 weight = 1.0000e+00
 geom_x = 12.32663666159609
 geom_a = 0
 geom_q = 0
 geom_c = 0.0
f0= 1.2327e+01
using cgsolve in c++, ic=False
diag(geom) min= 321.021174 max= 11277.570905
diag(all) min= 321.021174 max= 11277.570905
Trying gamma equal 0.237930
Convergence reached after 14 iterations with no gamma cycles
min(dx) = -0.0030032521891515595
max(dx) = 0.0029162368072045515
mean(dx)= 2.0827631478119153e-05
vdws = 8
atoms = 11
pairs = 31
 geom_x = 12.301202675766088
 geom_a = 0
 geom_q = 0
 geom_c = 0.0
f1, 0= 1.2301e+01
                       N restraints  r.m.s.d.  r.m.s.Z  Mn(sigma)
Bond distances, non H            11     0.007    0.378      0.016
Bond angles, non H               15     2.418    0.811      2.300
Chiral centres                    3     0.052    0.549      0.120
Planar groups                     4     0.001    0.027      0.020
VDW torsion                       4     0.175    0.876      0.200



====== CYCLE 24 ======

 weight = 1.0000e+00
 geom_x = 12.301202675766088
 geom_a = 0
 geom_q = 0
 geom_c = 0.0
f0= 1.2301e+01
using cgsolve in c++, ic=False
diag(geom) min= 320.117025 max= 11275.886905
diag(all) min= 320.117025 max= 11275.886905
Trying gamma equal 0.237930
Convergence reached after 14 iterations with no gamma cycles
min(dx) = -0.002943173964988767
max(dx) = 0.0028017070418701086
mean(dx)= 1.7452993693733097e-05
vdws = 8
atoms = 11
pairs = 31
 geom_x = 12.27751960681869
 geom_a = 0
 geom_q = 0
 geom_c = 0.0
f1, 0= 1.2278e+01
                       N restraints  r.m.s.d.  r.m.s.Z  Mn(sigma)
Bond distances, non H            11     0.007    0.378      0.016
Bond angles, non H               15     2.410    0.808      2.300
Chiral centres                    3     0.052    0.548      0.120
Planar groups                     4     0.001    0.026      0.020
VDW torsion                       4     0.175    0.876      0.200



====== CYCLE 25 ======

 weight = 1.0000e+00
 geom_x = 12.27751960681869
 geom_a = 0
 geom_q = 0
 geom_c = 0.0
f0= 1.2278e+01
using cgsolve in c++, ic=False
diag(geom) min= 319.175369 max= 11273.554558
diag(all) min= 319.175369 max= 11273.554558
Trying gamma equal 0.237930
Convergence reached after 14 iterations with no gamma cycles
min(dx) = -0.002881262634345734
max(dx) = 0.0026940890696550306
mean(dx)= 1.4427344041073451e-05
vdws = 8
atoms = 11
pairs = 31
 geom_x = 12.255398283432942
 geom_a = 0
 geom_q = 0
 geom_c = 0.0
f1, 0= 1.2255e+01
                       N restraints  r.m.s.d.  r.m.s.Z  Mn(sigma)
Bond distances, non H            11     0.007    0.379      0.016
Bond angles, non H               15     2.403    0.806      2.300
Chiral centres                    3     0.052    0.548      0.120
Planar groups                     4     0.001    0.025      0.020
VDW torsion                       4     0.175    0.877      0.200



====== CYCLE 26 ======

 weight = 1.0000e+00
 geom_x = 12.255398283432942
 geom_a = 0
 geom_q = 0
 geom_c = 0.0
f0= 1.2255e+01
using cgsolve in c++, ic=False
diag(geom) min= 318.203680 max= 11270.652643
diag(all) min= 318.203680 max= 11270.652643
Trying gamma equal 0.237930
Convergence reached after 14 iterations with no gamma cycles
min(dx) = -0.0028178984575738465
max(dx) = 0.0025929736981329106
mean(dx)= 1.1724633523962843e-05
vdws = 8
atoms = 11
pairs = 31
 geom_x = 12.234677362404366
 geom_a = 0
 geom_q = 0
 geom_c = 0.0
f1, 0= 1.2235e+01
                       N restraints  r.m.s.d.  r.m.s.Z  Mn(sigma)
Bond distances, non H            11     0.007    0.379      0.016
Bond angles, non H               15     2.396    0.803      2.300
Chiral centres                    3     0.052    0.547      0.120
Planar groups                     4     0.000    0.024      0.020
VDW torsion                       4     0.175    0.877      0.200



====== CYCLE 27 ======

 weight = 1.0000e+00
 geom_x = 12.234677362404366
 geom_a = 0
 geom_q = 0
 geom_c = 0.0
f0= 1.2235e+01
using cgsolve in c++, ic=False
diag(geom) min= 317.208682 max= 11267.252608
diag(all) min= 317.208682 max= 11267.252608
Trying gamma equal 0.237930
Convergence reached after 14 iterations with no gamma cycles
min(dx) = -0.002753421604888878
max(dx) = 0.002497953054387252
mean(dx)= 9.319904899121916e-06
vdws = 8
atoms = 11
pairs = 31
 geom_x = 12.215218763560667
 geom_a = 0
 geom_q = 0
 geom_c = 0.0
f1, 0= 1.2215e+01
                       N restraints  r.m.s.d.  r.m.s.Z  Mn(sigma)
Bond distances, non H            11     0.007    0.379      0.016
Bond angles, non H               15     2.390    0.801      2.300
Chiral centres                    3     0.052    0.547      0.120
Planar groups                     4     0.000    0.023      0.020
VDW torsion                       4     0.175    0.877      0.200



====== CYCLE 28 ======

 weight = 1.0000e+00
 geom_x = 12.215218763560667
 geom_a = 0
 geom_q = 0
 geom_c = 0.0
f0= 1.2215e+01
using cgsolve in c++, ic=False
diag(geom) min= 316.196411 max= 11263.419174
diag(all) min= 316.196411 max= 11263.419174
Trying gamma equal 0.237930
Convergence reached after 14 iterations with no gamma cycles
min(dx) = -0.0026881364131664132
max(dx) = 0.002408627631061029
mean(dx)= 7.189402286564424e-06
vdws = 8
atoms = 11
pairs = 31
 geom_x = 12.196903861423568
 geom_a = 0
 geom_q = 0
 geom_c = 0.0
f1, 0= 1.2197e+01
                       N restraints  r.m.s.d.  r.m.s.Z  Mn(sigma)
Bond distances, non H            11     0.007    0.380      0.016
Bond angles, non H               15     2.384    0.799      2.300
Chiral centres                    3     0.052    0.546      0.120
Planar groups                     4     0.000    0.023      0.020
VDW torsion                       4     0.176    0.878      0.200



====== CYCLE 29 ======

 weight = 1.0000e+00
 geom_x = 12.196903861423568
 geom_a = 0
 geom_q = 0
 geom_c = 0.0
f0= 1.2197e+01
using cgsolve in c++, ic=False
diag(geom) min= 315.172258 max= 11259.210895
diag(all) min= 315.172258 max= 11259.210895
Trying gamma equal 0.237930
Convergence reached after 14 iterations with no gamma cycles
min(dx) = -0.0026223148285463823
max(dx) = 0.0023246107382209717
mean(dx)= 5.3106220877282525e-06
vdws = 8
atoms = 11
pairs = 31
 geom_x = 12.179630312422834
 geom_a = 0
 geom_q = 0
 geom_c = 0.0
f1, 0= 1.2180e+01
                       N restraints  r.m.s.d.  r.m.s.Z  Mn(sigma)
Bond distances, non H            11     0.007    0.380      0.016
Bond angles, non H               15     2.379    0.797      2.300
Chiral centres                    3     0.052    0.546      0.120
Planar groups                     4     0.000    0.022      0.020
VDW torsion                       4     0.176    0.878      0.200



====== CYCLE 30 ======

 weight = 1.0000e+00
 geom_x = 12.179630312422834
 geom_a = 0
 geom_q = 0
 geom_c = 0.0
f0= 1.2180e+01
using cgsolve in c++, ic=False
diag(geom) min= 314.141025 max= 11254.680690
diag(all) min= 314.141025 max= 11254.680690
Trying gamma equal 0.237930
Convergence reached after 14 iterations with no gamma cycles
min(dx) = -0.0025561994900265205
max(dx) = 0.002245531551431997
mean(dx)= 3.6623458500959847e-06
vdws = 8
atoms = 11
pairs = 31
 geom_x = 12.163309414382368
 geom_a = 0
 geom_q = 0
 geom_c = 0.0
f1, 0= 1.2163e+01
                       N restraints  r.m.s.d.  r.m.s.Z  Mn(sigma)
Bond distances, non H            11     0.007    0.380      0.016
Bond angles, non H               15     2.374    0.796      2.300
Chiral centres                    3     0.052    0.545      0.120
Planar groups                     4     0.000    0.021      0.020
VDW torsion                       4     0.176    0.878      0.200


$TABLE: stats vs cycle :
$GRAPHS
: Geometry :A:1,4,2:
: Geometry Z :A:1,3,5:
$$
 Ncyc  rmsBOND  zBOND  rmsANGL  zANGL
$$
$$
    0   0.0104 0.5644   2.8781 0.9656
    1   0.0070 0.3717   2.8994 0.9719
    2   0.0067 0.3539   2.8684 0.9618
    3   0.0067 0.3539   2.8271 0.9483
    4   0.0067 0.3558   2.7860 0.9347
    5   0.0068 0.3576   2.7493 0.9223
    6   0.0068 0.3595   2.7149 0.9108
    7   0.0068 0.3613   2.6831 0.9001
    8   0.0069 0.3631   2.6538 0.8902
    9   0.0069 0.3647   2.6270 0.8812
   10   0.0069 0.3662   2.6024 0.8729
   11   0.0070 0.3675   2.5799 0.8654
   12   0.0070 0.3688   2.5593 0.8584
   13   0.0070 0.3700   2.5404 0.8520
   14   0.0070 0.3711   2.5231 0.8462
   15   0.0071 0.3721   2.5072 0.8408
   16   0.0071 0.3730   2.4926 0.8359
   17   0.0071 0.3739   2.4792 0.8314
   18   0.0071 0.3746   2.4669 0.8272
   19   0.0071 0.3754   2.4555 0.8234
   20   0.0071 0.3760   2.4450 0.8198
   21   0.0071 0.3766   2.4353 0.8166
   22   0.0072 0.3771   2.4263 0.8135
   23   0.0072 0.3776   2.4180 0.8107
   24   0.0072 0.3781   2.4103 0.8081
   25   0.0072 0.3785   2.4031 0.8057
   26   0.0072 0.3789   2.3964 0.8034
   27   0.0072 0.3792   2.3901 0.8013
   28   0.0072 0.3796   2.3843 0.7993
   29   0.0072 0.3798   2.3789 0.7975
   30   0.0072 0.3801   2.3738 0.7957
$$

Creating restraints..

Chain info:
 chain 
  ligands: LIG (1 residues)

Number of refinement parameters:
       n_params  n_atoms  n_atoms_geom_only  n_atoms_data_only
xyz          22       22                 11                  0
adp           0        0                  0                  0
occ           0        0                  0                  0
dfrac         0        0                  0                  0

Randomizing structure with rmsd of 0.01
Torsion angle rules:
 include:
  {'group': 'peptide', 'tors_name': 'chi*'}
  {'link': '*', 'tors_name': 'omega'}
  {'residue': '*', 'tors_name': 'sp2_sp2*'}
  {'link': '*', 'tors_name': 'sp2_sp2*'}
 exclude:
  none
External restraints from Refmac instructions
 Number of distances          : 0
 Number of angles             : 0
 Number of torsions           : 0
 Number of chirals            : 0
 Number of planes             : 0
 Number of intervals          : 0
 Number of stackings          : 0
 Number of harmonics          : 0
 Number of special positions  : 0

Running 10 cycles with wchir=4 wvdw=2 with hydrogen
Geometry weights
vdws = 58
atoms = 22
pairs = 118
                          N restraints  r.m.s.d.  r.m.s.Z  Mn(sigma)
Bond distances, non H               11     0.010    0.651      0.016
Bond distances, H                   11     0.010    0.769      0.016
Bond angles, non H                  15     2.432    0.849      2.300
Bond angles, H                      26     1.132    0.564      2.006
Torsion angles, period 3             2     0.298    0.030     10.000
Chiral centres                       3     0.061    0.623      0.120
Planar groups                        4     0.000    0.013      0.020
VDW nonbonded                        1     0.043    0.215      0.200
VDW torsion                          9     0.132    0.662      0.200


====== CYCLE  1 ======

 weight = 1.0000e+00
 geom_x = 32.431132585920366
 geom_a = 0
 geom_q = 0
 geom_c = 0.0
f0= 3.2431e+01
using cgsolve in c++, ic=False
diag(geom) min= 523.999325 max= 35660.661263
diag(all) min= 523.999325 max= 35660.661263
Trying gamma equal 0.000000
Not converging with gamma equal 0.000000
Trying gamma equal 0.052500
Gamma decreased to 0.042000
min(dx) = -0.02390084790753606
max(dx) = 0.020930719845608743
mean(dx)= -0.001782201559252646
vdws = 58
atoms = 22
pairs = 118
 geom_x = 17.761441997655737
 geom_a = 0
 geom_q = 0
 geom_c = 0.0
f1, 0= 1.7761e+01
                          N restraints  r.m.s.d.  r.m.s.Z  Mn(sigma)
Bond distances, non H               11     0.013    0.715      0.016
Bond distances, H                   11     0.000    0.019      0.016
Bond angles, non H                  15     2.357    0.792      2.300
Bond angles, H                      26     1.178    0.455      2.006
Torsion angles, period 3             2     0.497    0.050     10.000
Chiral centres                       3     0.011    0.117      0.120
Planar groups                        4     0.000    0.001      0.020
VDW nonbonded                        1     0.030    0.151      0.200
VDW torsion                          9     0.126    0.631      0.200



====== CYCLE  2 ======

 weight = 1.0000e+00
 geom_x = 17.761441997655737
 geom_a = 0
 geom_q = 0
 geom_c = 0.0
f0= 1.7761e+01
using cgsolve in c++, ic=False
diag(geom) min= 515.351543 max= 36336.679985
diag(all) min= 515.351543 max= 36336.679985
Trying gamma equal 0.042000
Convergence reached after 35 iterations with no gamma cycles
min(dx) = -0.005252765674079871
max(dx) = 0.008582002361349882
mean(dx)= 6.176648047913839e-05
vdws = 58
atoms = 22
pairs = 118
 geom_x = 17.636060386237283
 geom_a = 0
 geom_q = 0
 geom_c = 0.0
f1, 0= 1.7636e+01
                          N restraints  r.m.s.d.  r.m.s.Z  Mn(sigma)
Bond distances, non H               11     0.013    0.724      0.016
Bond distances, H                   11     0.000    0.018      0.016
Bond angles, non H                  15     2.375    0.798      2.300
Bond angles, H                      26     1.174    0.452      2.006
Torsion angles, period 3             2     0.678    0.068     10.000
Chiral centres                       3     0.010    0.111      0.120
Planar groups                        4     0.000    0.002      0.020
VDW nonbonded                        1     0.023    0.117      0.200
VDW torsion                          9     0.125    0.624      0.200



====== CYCLE  3 ======

 weight = 1.0000e+00
 geom_x = 17.636060386237283
 geom_a = 0
 geom_q = 0
 geom_c = 0.0
f0= 1.7636e+01
using cgsolve in c++, ic=False
diag(geom) min= 514.446899 max= 36364.458478
diag(all) min= 514.446899 max= 36364.458478
Trying gamma equal 0.042000
Not converging with gamma equal 0.042000
Trying gamma equal 0.094500
Gamma decreased to 0.084000
min(dx) = -0.0022403110602043576
max(dx) = 0.003577964949509935
mean(dx)= 4.694485667241036e-05
vdws = 58
atoms = 22
pairs = 118
 geom_x = 17.604551527028175
 geom_a = 0
 geom_q = 0
 geom_c = 0.0
f1, 0= 1.7605e+01
                          N restraints  r.m.s.d.  r.m.s.Z  Mn(sigma)
Bond distances, non H               11     0.013    0.724      0.016
Bond distances, H                   11     0.000    0.017      0.016
Bond angles, non H                  15     2.378    0.799      2.300
Bond angles, H                      26     1.173    0.451      2.006
Torsion angles, period 3             2     0.746    0.075     10.000
Chiral centres                       3     0.010    0.111      0.120
Planar groups                        4     0.000    0.002      0.020
VDW nonbonded                        1     0.022    0.108      0.200
VDW torsion                          9     0.124    0.622      0.200



====== CYCLE  4 ======

 weight = 1.0000e+00
 geom_x = 17.604551527028175
 geom_a = 0
 geom_q = 0
 geom_c = 0.0
f0= 1.7605e+01
using cgsolve in c++, ic=False
diag(geom) min= 514.293902 max= 36368.621421
diag(all) min= 514.293902 max= 36368.621421
Trying gamma equal 0.084000
Convergence reached after 27 iterations with no gamma cycles
min(dx) = -0.0024533375065016352
max(dx) = 0.0037791196705067834
mean(dx)= 4.398025263259648e-05
vdws = 58
atoms = 22
pairs = 118
 geom_x = 17.57733557113435
 geom_a = 0
 geom_q = 0
 geom_c = 0.0
f1, 0= 1.7577e+01
                          N restraints  r.m.s.d.  r.m.s.Z  Mn(sigma)
Bond distances, non H               11     0.013    0.723      0.016
Bond distances, H                   11     0.000    0.017      0.016
Bond angles, non H                  15     2.378    0.799      2.300
Bond angles, H                      26     1.173    0.451      2.006
Torsion angles, period 3             2     0.814    0.081     10.000
Chiral centres                       3     0.010    0.110      0.120
Planar groups                        4     0.000    0.003      0.020
VDW nonbonded                        1     0.020    0.101      0.200
VDW torsion                          9     0.124    0.621      0.200



====== CYCLE  5 ======

 weight = 1.0000e+00
 geom_x = 17.57733557113435
 geom_a = 0
 geom_q = 0
 geom_c = 0.0
f0= 1.7577e+01
using cgsolve in c++, ic=False
diag(geom) min= 514.213989 max= 36373.487992
diag(all) min= 514.213989 max= 36373.487992
Trying gamma equal 0.084000
Convergence reached after 25 iterations with no gamma cycles
min(dx) = -0.0024093526802938868
max(dx) = 0.0035599013588668
mean(dx)= 3.535556530001707e-05
vdws = 58
atoms = 22
pairs = 118
 geom_x = 17.555225367040336
 geom_a = 0
 geom_q = 0
 geom_c = 0.0
f1, 0= 1.7555e+01
                          N restraints  r.m.s.d.  r.m.s.Z  Mn(sigma)
Bond distances, non H               11     0.013    0.721      0.016
Bond distances, H                   11     0.000    0.017      0.016
Bond angles, non H                  15     2.376    0.798      2.300
Bond angles, H                      26     1.173    0.451      2.006
Torsion angles, period 3             2     0.876    0.088     10.000
Chiral centres                       3     0.010    0.109      0.120
Planar groups                        4     0.000    0.004      0.020
VDW nonbonded                        1     0.019    0.097      0.200
VDW torsion                          9     0.124    0.621      0.200



====== CYCLE  6 ======

 weight = 1.0000e+00
 geom_x = 17.555225367040336
 geom_a = 0
 geom_q = 0
 geom_c = 0.0
f0= 1.7555e+01
using cgsolve in c++, ic=False
diag(geom) min= 514.223129 max= 36378.848867
diag(all) min= 514.223129 max= 36378.848867
Trying gamma equal 0.084000
Convergence reached after 24 iterations with no gamma cycles
min(dx) = -0.0023558994777469018
max(dx) = 0.0033574649512845335
mean(dx)= 2.8863041945660268e-05
vdws = 58
atoms = 22
pairs = 118
 geom_x = 17.536542835177123
 geom_a = 0
 geom_q = 0
 geom_c = 0.0
f1, 0= 1.7537e+01
                          N restraints  r.m.s.d.  r.m.s.Z  Mn(sigma)
Bond distances, non H               11     0.013    0.720      0.016
Bond distances, H                   11     0.000    0.017      0.016
Bond angles, non H                  15     2.374    0.797      2.300
Bond angles, H                      26     1.173    0.451      2.006
Torsion angles, period 3             2     0.932    0.093     10.000
Chiral centres                       3     0.010    0.109      0.120
Planar groups                        4     0.000    0.005      0.020
VDW nonbonded                        1     0.019    0.093      0.200
VDW torsion                          9     0.124    0.622      0.200



====== CYCLE  7 ======

 weight = 1.0000e+00
 geom_x = 17.536542835177123
 geom_a = 0
 geom_q = 0
 geom_c = 0.0
f0= 1.7537e+01
using cgsolve in c++, ic=False
diag(geom) min= 514.299241 max= 36384.525898
diag(all) min= 514.299241 max= 36384.525898
Trying gamma equal 0.084000
Convergence reached after 24 iterations with no gamma cycles
min(dx) = -0.002290202931644974
max(dx) = 0.0031705035340766864
mean(dx)= 2.4038164048998286e-05
vdws = 58
atoms = 22
pairs = 118
 geom_x = 17.520348174436872
 geom_a = 0
 geom_q = 0
 geom_c = 0.0
f1, 0= 1.7520e+01
                          N restraints  r.m.s.d.  r.m.s.Z  Mn(sigma)
Bond distances, non H               11     0.013    0.719      0.016
Bond distances, H                   11     0.000    0.016      0.016
Bond angles, non H                  15     2.370    0.796      2.300
Bond angles, H                      26     1.173    0.451      2.006
Torsion angles, period 3             2     0.983    0.098     10.000
Chiral centres                       3     0.010    0.109      0.120
Planar groups                        4     0.000    0.006      0.020
VDW nonbonded                        1     0.018    0.091      0.200
VDW torsion                          9     0.124    0.622      0.200



====== CYCLE  8 ======

 weight = 1.0000e+00
 geom_x = 17.520348174436872
 geom_a = 0
 geom_q = 0
 geom_c = 0.0
f0= 1.7520e+01
using cgsolve in c++, ic=False
diag(geom) min= 514.422157 max= 36390.316220
diag(all) min= 514.422157 max= 36390.316220
Trying gamma equal 0.084000
Convergence reached after 24 iterations with no gamma cycles
min(dx) = -0.0022149571790391633
max(dx) = 0.002997838681993446
mean(dx)= 2.043741172734478e-05
vdws = 58
atoms = 22
pairs = 118
 geom_x = 17.50606492217131
 geom_a = 0
 geom_q = 0
 geom_c = 0.0
f1, 0= 1.7506e+01
                          N restraints  r.m.s.d.  r.m.s.Z  Mn(sigma)
Bond distances, non H               11     0.013    0.718      0.016
Bond distances, H                   11     0.000    0.016      0.016
Bond angles, non H                  15     2.366    0.795      2.300
Bond angles, H                      26     1.173    0.451      2.006
Torsion angles, period 3             2     1.029    0.103     10.000
Chiral centres                       3     0.010    0.108      0.120
Planar groups                        4     0.000    0.006      0.020
VDW nonbonded                        1     0.018    0.089      0.200
VDW torsion                          9     0.124    0.622      0.200



====== CYCLE  9 ======

 weight = 1.0000e+00
 geom_x = 17.50606492217131
 geom_a = 0
 geom_q = 0
 geom_c = 0.0
f0= 1.7506e+01
using cgsolve in c++, ic=False
diag(geom) min= 514.575892 max= 36396.071767
diag(all) min= 514.575892 max= 36396.071767
Trying gamma equal 0.084000
Convergence reached after 24 iterations with no gamma cycles
min(dx) = -0.0021337504728779276
max(dx) = 0.002838100726966233
mean(dx)= 1.772673141862505e-05
vdws = 58
atoms = 22
pairs = 118
 geom_x = 17.493311429021905
 geom_a = 0
 geom_q = 0
 geom_c = 0.0
f1, 0= 1.7493e+01
                          N restraints  r.m.s.d.  r.m.s.Z  Mn(sigma)
Bond distances, non H               11     0.013    0.717      0.016
Bond distances, H                   11     0.000    0.016      0.016
Bond angles, non H                  15     2.362    0.794      2.300
Bond angles, H                      26     1.173    0.451      2.006
Torsion angles, period 3             2     1.070    0.107     10.000
Chiral centres                       3     0.010    0.108      0.120
Planar groups                        4     0.000    0.007      0.020
VDW nonbonded                        1     0.017    0.087      0.200
VDW torsion                          9     0.125    0.623      0.200



====== CYCLE 10 ======

 weight = 1.0000e+00
 geom_x = 17.493311429021905
 geom_a = 0
 geom_q = 0
 geom_c = 0.0
f0= 1.7493e+01
using cgsolve in c++, ic=False
diag(geom) min= 514.748530 max= 36401.696631
diag(all) min= 514.748530 max= 36401.696631
Trying gamma equal 0.084000
Convergence reached after 24 iterations with no gamma cycles
min(dx) = -0.0020497079758215364
max(dx) = 0.0026899482896326527
mean(dx)= 1.565717913840369e-05
vdws = 58
atoms = 22
pairs = 118
 geom_x = 17.481818481381197
 geom_a = 0
 geom_q = 0
 geom_c = 0.0
f1, 0= 1.7482e+01
                          N restraints  r.m.s.d.  r.m.s.Z  Mn(sigma)
Bond distances, non H               11     0.013    0.716      0.016
Bond distances, H                   11     0.000    0.016      0.016
Bond angles, non H                  15     2.358    0.792      2.300
Bond angles, H                      26     1.173    0.451      2.006
Torsion angles, period 3             2     1.107    0.111     10.000
Chiral centres                       3     0.010    0.108      0.120
Planar groups                        4     0.000    0.007      0.020
VDW nonbonded                        1     0.017    0.085      0.200
VDW torsion                          9     0.125    0.624      0.200


$TABLE: stats vs cycle :
$GRAPHS
: Geometry :A:1,4,2:
: Geometry Z :A:1,3,5:
$$
 Ncyc  rmsBOND  zBOND  rmsANGL  zANGL
$$
$$
    0   0.0104 0.6511   2.4315 0.8490
    1   0.0130 0.7152   2.3566 0.7918
    2   0.0132 0.7242   2.3747 0.7975
    3   0.0132 0.7238   2.3778 0.7986
    4   0.0132 0.7227   2.3780 0.7987
    5   0.0132 0.7215   2.3764 0.7982
    6   0.0132 0.7203   2.3736 0.7972
    7   0.0132 0.7191   2.3701 0.7961
    8   0.0131 0.7180   2.3663 0.7948
    9   0.0131 0.7170   2.3624 0.7935
   10   0.0131 0.7160   2.3584 0.7922
$$

Running 30 cycles with wchir=1 wvdw=2 with hydrogen
Geometry weights
vdws = 58
atoms = 22
pairs = 118
                          N restraints  r.m.s.d.  r.m.s.Z  Mn(sigma)
Bond distances, non H               11     0.013    0.716      0.016
Bond distances, H                   11     0.000    0.016      0.016
Bond angles, non H                  15     2.358    0.792      2.300
Bond angles, H                      26     1.173    0.451      2.006
Torsion angles, period 3             2     1.107    0.111     10.000
Chiral centres                       3     0.010    0.108      0.120
Planar groups                        4     0.000    0.007      0.020
VDW nonbonded                        1     0.017    0.085      0.200
VDW torsion                          9     0.125    0.624      0.200


====== CYCLE  1 ======

 weight = 1.0000e+00
 geom_x = 17.221058860425053
 geom_a = 0
 geom_q = 0
 geom_c = 0.0
f0= 1.7221e+01
using cgsolve in c++, ic=False
diag(geom) min= 514.931429 max= 17016.687014
diag(all) min= 514.931429 max= 17016.687014
Trying gamma equal 0.084000
Convergence reached after 23 iterations with no gamma cycles
min(dx) = -0.010468552861212078
max(dx) = 0.013901384993466482
mean(dx)= 6.604291642283734e-05
vdws = 58
atoms = 22
pairs = 118
 geom_x = 15.843777652912511
 geom_a = 0
 geom_q = 0
 geom_c = 0.0
f1, 0= 1.5844e+01
                          N restraints  r.m.s.d.  r.m.s.Z  Mn(sigma)
Bond distances, non H               11     0.008    0.443      0.016
Bond distances, H                   11     0.000    0.020      0.016
Bond angles, non H                  15     2.553    0.855      2.300
Bond angles, H                      26     0.987    0.385      2.006
Torsion angles, period 3             2     1.105    0.110     10.000
Chiral centres                       3     0.057    0.627      0.120
Planar groups                        4     0.000    0.008      0.020
VDW nonbonded                        1     0.006    0.030      0.200
VDW torsion                          9     0.123    0.613      0.200



====== CYCLE  2 ======

 weight = 1.0000e+00
 geom_x = 15.843777652912511
 geom_a = 0
 geom_q = 0
 geom_c = 0.0
f0= 1.5844e+01
using cgsolve in c++, ic=False
diag(geom) min= 520.555495 max= 17018.398700
diag(all) min= 520.555495 max= 17018.398700
Trying gamma equal 0.084000
Convergence reached after 27 iterations with no gamma cycles
min(dx) = -0.003304878108192235
max(dx) = 0.002955406626632009
mean(dx)= -4.8814578004995555e-05
vdws = 58
atoms = 22
pairs = 118
 geom_x = 15.80677201258402
 geom_a = 0
 geom_q = 0
 geom_c = 0.0
f1, 0= 1.5807e+01
                          N restraints  r.m.s.d.  r.m.s.Z  Mn(sigma)
Bond distances, non H               11     0.008    0.423      0.016
Bond distances, H                   11     0.000    0.016      0.016
Bond angles, non H                  15     2.587    0.865      2.300
Bond angles, H                      26     0.957    0.375      2.006
Torsion angles, period 3             2     1.115    0.111     10.000
Chiral centres                       3     0.062    0.676      0.120
Planar groups                        4     0.000    0.009      0.020
VDW nonbonded                        1     0.003    0.016      0.200
VDW torsion                          9     0.122    0.609      0.200



====== CYCLE  3 ======

 weight = 1.0000e+00
 geom_x = 15.80677201258402
 geom_a = 0
 geom_q = 0
 geom_c = 0.0
f0= 1.5807e+01
using cgsolve in c++, ic=False
diag(geom) min= 523.416812 max= 17018.560682
diag(all) min= 523.416812 max= 17018.560682
Trying gamma equal 0.084000
Convergence reached after 27 iterations with no gamma cycles
min(dx) = -0.00215397987372278
max(dx) = 0.0017607282727399637
mean(dx)= -3.5639981024604334e-05
vdws = 58
atoms = 22
pairs = 118
 geom_x = 15.795287745239962
 geom_a = 0
 geom_q = 0
 geom_c = 0.0
f1, 0= 1.5795e+01
                          N restraints  r.m.s.d.  r.m.s.Z  Mn(sigma)
Bond distances, non H               11     0.008    0.421      0.016
Bond distances, H                   11     0.000    0.016      0.016
Bond angles, non H                  15     2.597    0.869      2.300
Bond angles, H                      26     0.950    0.372      2.006
Torsion angles, period 3             2     1.120    0.112     10.000
Chiral centres                       3     0.063    0.687      0.120
Planar groups                        4     0.000    0.009      0.020
VDW nonbonded                        1     0.002    0.010      0.200
VDW torsion                          9     0.122    0.608      0.200



====== CYCLE  4 ======

 weight = 1.0000e+00
 geom_x = 15.795287745239962
 geom_a = 0
 geom_q = 0
 geom_c = 0.0
f0= 1.5795e+01
using cgsolve in c++, ic=False
diag(geom) min= 524.689754 max= 17018.538328
diag(all) min= 524.689754 max= 17018.538328
Trying gamma equal 0.084000
Convergence reached after 26 iterations with no gamma cycles
min(dx) = -0.0019902662937141147
max(dx) = 0.0017235748196699938
mean(dx)= -2.365497741656513e-05
vdws = 58
atoms = 22
pairs = 118
 geom_x = 15.788280408589689
 geom_a = 0
 geom_q = 0
 geom_c = 0.0
f1, 0= 1.5788e+01
                          N restraints  r.m.s.d.  r.m.s.Z  Mn(sigma)
Bond distances, non H               11     0.008    0.420      0.016
Bond distances, H                   11     0.000    0.016      0.016
Bond angles, non H                  15     2.602    0.870      2.300
Bond angles, H                      26     0.947    0.370      2.006
Torsion angles, period 3             2     1.122    0.112     10.000
Chiral centres                       3     0.063    0.691      0.120
Planar groups                        4     0.000    0.009      0.020
VDW nonbonded                        1     0.001    0.007      0.200
VDW torsion                          9     0.121    0.607      0.200



====== CYCLE  5 ======

 weight = 1.0000e+00
 geom_x = 15.788280408589689
 geom_a = 0
 geom_q = 0
 geom_c = 0.0
f0= 1.5788e+01
using cgsolve in c++, ic=False
diag(geom) min= 525.389288 max= 17018.523322
diag(all) min= 525.389288 max= 17018.523322
Trying gamma equal 0.084000
Convergence reached after 27 iterations with no gamma cycles
min(dx) = -0.001828125305427896
max(dx) = 0.001622782582380571
mean(dx)= -1.5949112991968666e-05
vdws = 58
atoms = 22
pairs = 118
 geom_x = 15.78307994477881
 geom_a = 0
 geom_q = 0
 geom_c = 0.0
f1, 0= 1.5783e+01
                          N restraints  r.m.s.d.  r.m.s.Z  Mn(sigma)
Bond distances, non H               11     0.008    0.420      0.016
Bond distances, H                   11     0.000    0.016      0.016
Bond angles, non H                  15     2.605    0.871      2.300
Bond angles, H                      26     0.946    0.370      2.006
Torsion angles, period 3             2     1.121    0.112     10.000
Chiral centres                       3     0.063    0.693      0.120
Planar groups                        4     0.000    0.010      0.020
VDW nonbonded                        1     0.001    0.006      0.200
VDW torsion                          9     0.121    0.606      0.200



====== CYCLE  6 ======

 weight = 1.0000e+00
 geom_x = 15.78307994477881
 geom_a = 0
 geom_q = 0
 geom_c = 0.0
f0= 1.5783e+01
using cgsolve in c++, ic=False
diag(geom) min= 525.828088 max= 17018.539384
diag(all) min= 525.828088 max= 17018.539384
Trying gamma equal 0.084000
Convergence reached after 25 iterations with no gamma cycles
min(dx) = -0.001674669803929965
max(dx) = 0.0015042458452516644
mean(dx)= -1.0812061483830689e-05
vdws = 58
atoms = 22
pairs = 118
 geom_x = 15.778879485109039
 geom_a = 0
 geom_q = 0
 geom_c = 0.0
f1, 0= 1.5779e+01
                          N restraints  r.m.s.d.  r.m.s.Z  Mn(sigma)
Bond distances, non H               11     0.008    0.420      0.016
Bond distances, H                   11     0.000    0.016      0.016
Bond angles, non H                  15     2.606    0.872      2.300
Bond angles, H                      26     0.946    0.369      2.006
Torsion angles, period 3             2     1.118    0.112     10.000
Chiral centres                       3     0.063    0.694      0.120
Planar groups                        4     0.000    0.010      0.020
VDW nonbonded                        1     0.001    0.005      0.200
VDW torsion                          9     0.121    0.605      0.200



====== CYCLE  7 ======

 weight = 1.0000e+00
 geom_x = 15.778879485109039
 geom_a = 0
 geom_q = 0
 geom_c = 0.0
f0= 1.5779e+01
using cgsolve in c++, ic=False
diag(geom) min= 526.117818 max= 17018.582201
diag(all) min= 526.117818 max= 17018.582201
Trying gamma equal 0.084000
Convergence reached after 25 iterations with no gamma cycles
min(dx) = -0.001534326829898585
max(dx) = 0.0013873489904163352
mean(dx)= -7.1532749789320414e-06
vdws = 58
atoms = 22
pairs = 118
 geom_x = 15.775317995189923
 geom_a = 0
 geom_q = 0
 geom_c = 0.0
f1, 0= 1.5775e+01
                          N restraints  r.m.s.d.  r.m.s.Z  Mn(sigma)
Bond distances, non H               11     0.008    0.420      0.016
Bond distances, H                   11     0.000    0.016      0.016
Bond angles, non H                  15     2.607    0.872      2.300
Bond angles, H                      26     0.946    0.369      2.006
Torsion angles, period 3             2     1.114    0.111     10.000
Chiral centres                       3     0.063    0.695      0.120
Planar groups                        4     0.000    0.010      0.020
VDW nonbonded                        1     0.001    0.004      0.200
VDW torsion                          9     0.121    0.605      0.200



====== CYCLE  8 ======

 weight = 1.0000e+00
 geom_x = 15.775317995189923
 geom_a = 0
 geom_q = 0
 geom_c = 0.0
f0= 1.5775e+01
using cgsolve in c++, ic=False
diag(geom) min= 526.311440 max= 17018.644855
diag(all) min= 526.311440 max= 17018.644855
Trying gamma equal 0.084000
Convergence reached after 24 iterations with no gamma cycles
min(dx) = -0.0014087697128774578
max(dx) = 0.001279536604640417
mean(dx)= -4.406387499829986e-06
vdws = 58
atoms = 22
pairs = 118
 geom_x = 15.772199056130493
 geom_a = 0
 geom_q = 0
 geom_c = 0.0
f1, 0= 1.5772e+01
                          N restraints  r.m.s.d.  r.m.s.Z  Mn(sigma)
Bond distances, non H               11     0.008    0.420      0.016
Bond distances, H                   11     0.000    0.016      0.016
Bond angles, non H                  15     2.608    0.872      2.300
Bond angles, H                      26     0.945    0.369      2.006
Torsion angles, period 3             2     1.108    0.111     10.000
Chiral centres                       3     0.063    0.696      0.120
Planar groups                        4     0.000    0.010      0.020
VDW nonbonded                        1     0.001    0.004      0.200
VDW torsion                          9     0.121    0.605      0.200



====== CYCLE  9 ======

 weight = 1.0000e+00
 geom_x = 15.772199056130493
 geom_a = 0
 geom_q = 0
 geom_c = 0.0
f0= 1.5772e+01
using cgsolve in c++, ic=False
diag(geom) min= 526.439364 max= 17018.722113
diag(all) min= 526.439364 max= 17018.722113
Trying gamma equal 0.084000
Convergence reached after 22 iterations with no gamma cycles
min(dx) = -0.0012979381580012076
max(dx) = 0.0011829914036861268
mean(dx)= -2.2765828524948616e-06
vdws = 58
atoms = 22
pairs = 118
 geom_x = 15.769403907139514
 geom_a = 0
 geom_q = 0
 geom_c = 0.0
f1, 0= 1.5769e+01
                          N restraints  r.m.s.d.  r.m.s.Z  Mn(sigma)
Bond distances, non H               11     0.008    0.420      0.016
Bond distances, H                   11     0.000    0.016      0.016
Bond angles, non H                  15     2.608    0.873      2.300
Bond angles, H                      26     0.945    0.369      2.006
Torsion angles, period 3             2     1.102    0.110     10.000
Chiral centres                       3     0.063    0.696      0.120
Planar groups                        4     0.000    0.010      0.020
VDW nonbonded                        1     0.001    0.004      0.200
VDW torsion                          9     0.121    0.605      0.200



====== CYCLE 10 ======

 weight = 1.0000e+00
 geom_x = 15.769403907139514
 geom_a = 0
 geom_q = 0
 geom_c = 0.0
f0= 1.5769e+01
using cgsolve in c++, ic=False
diag(geom) min= 526.520700 max= 17018.809987
diag(all) min= 526.520700 max= 17018.809987
Trying gamma equal 0.084000
Convergence reached after 22 iterations with no gamma cycles
min(dx) = -0.0012007719806842376
max(dx) = 0.0010976746395670862
mean(dx)= -5.986639171176311e-07
vdws = 58
atoms = 22
pairs = 118
 geom_x = 15.766855809174999
 geom_a = 0
 geom_q = 0
 geom_c = 0.0
f1, 0= 1.5767e+01
                          N restraints  r.m.s.d.  r.m.s.Z  Mn(sigma)
Bond distances, non H               11     0.008    0.420      0.016
Bond distances, H                   11     0.000    0.016      0.016
Bond angles, non H                  15     2.608    0.873      2.300
Bond angles, H                      26     0.945    0.369      2.006
Torsion angles, period 3             2     1.095    0.110     10.000
Chiral centres                       3     0.063    0.696      0.120
Planar groups                        4     0.000    0.010      0.020
VDW nonbonded                        1     0.001    0.004      0.200
VDW torsion                          9     0.121    0.604      0.200



====== CYCLE 11 ======

 weight = 1.0000e+00
 geom_x = 15.766855809174999
 geom_a = 0
 geom_q = 0
 geom_c = 0.0
f0= 1.5767e+01
using cgsolve in c++, ic=False
diag(geom) min= 526.568005 max= 17018.906023
diag(all) min= 526.568005 max= 17018.906023
Trying gamma equal 0.084000
Convergence reached after 22 iterations with no gamma cycles
min(dx) = -0.0011157907347919354
max(dx) = 0.0010226460814127352
mean(dx)= 7.362920051754003e-07
vdws = 58
atoms = 22
pairs = 118
 geom_x = 15.764502709620073
 geom_a = 0
 geom_q = 0
 geom_c = 0.0
f1, 0= 1.5765e+01
                          N restraints  r.m.s.d.  r.m.s.Z  Mn(sigma)
Bond distances, non H               11     0.008    0.421      0.016
Bond distances, H                   11     0.000    0.016      0.016
Bond angles, non H                  15     2.609    0.873      2.300
Bond angles, H                      26     0.945    0.369      2.006
Torsion angles, period 3             2     1.089    0.109     10.000
Chiral centres                       3     0.063    0.696      0.120
Planar groups                        4     0.000    0.010      0.020
VDW nonbonded                        1     0.001    0.004      0.200
VDW torsion                          9     0.121    0.604      0.200



====== CYCLE 12 ======

 weight = 1.0000e+00
 geom_x = 15.764502709620073
 geom_a = 0
 geom_q = 0
 geom_c = 0.0
f0= 1.5765e+01
using cgsolve in c++, ic=False
diag(geom) min= 526.589808 max= 17019.008098
diag(all) min= 526.589808 max= 17019.008098
Trying gamma equal 0.084000
Convergence reached after 22 iterations with no gamma cycles
min(dx) = -0.001041434683247725
max(dx) = 0.0009567078455622988
mean(dx)= 1.8023775364985455e-06
vdws = 58
atoms = 22
pairs = 118
 geom_x = 15.762307902047437
 geom_a = 0
 geom_q = 0
 geom_c = 0.0
f1, 0= 1.5762e+01
                          N restraints  r.m.s.d.  r.m.s.Z  Mn(sigma)
Bond distances, non H               11     0.008    0.421      0.016
Bond distances, H                   11     0.000    0.016      0.016
Bond angles, non H                  15     2.609    0.873      2.300
Bond angles, H                      26     0.945    0.369      2.006
Torsion angles, period 3             2     1.082    0.108     10.000
Chiral centres                       3     0.063    0.697      0.120
Planar groups                        4     0.000    0.010      0.020
VDW nonbonded                        1     0.001    0.005      0.200
VDW torsion                          9     0.121    0.604      0.200



====== CYCLE 13 ======

 weight = 1.0000e+00
 geom_x = 15.762307902047437
 geom_a = 0
 geom_q = 0
 geom_c = 0.0
f0= 1.5762e+01
using cgsolve in c++, ic=False
diag(geom) min= 526.592027 max= 17019.114646
diag(all) min= 526.592027 max= 17019.114646
Trying gamma equal 0.084000
Convergence reached after 21 iterations with no gamma cycles
min(dx) = -0.0009762297707060385
max(dx) = 0.0008986539042088324
mean(dx)= 2.654552662140754e-06
vdws = 58
atoms = 22
pairs = 118
 geom_x = 15.760244650905753
 geom_a = 0
 geom_q = 0
 geom_c = 0.0
f1, 0= 1.5760e+01
                          N restraints  r.m.s.d.  r.m.s.Z  Mn(sigma)
Bond distances, non H               11     0.008    0.421      0.016
Bond distances, H                   11     0.000    0.016      0.016
Bond angles, non H                  15     2.608    0.873      2.300
Bond angles, H                      26     0.945    0.368      2.006
Torsion angles, period 3             2     1.075    0.108     10.000
Chiral centres                       3     0.063    0.697      0.120
Planar groups                        4     0.000    0.010      0.020
VDW nonbonded                        1     0.001    0.005      0.200
VDW torsion                          9     0.121    0.604      0.200



====== CYCLE 14 ======

 weight = 1.0000e+00
 geom_x = 15.760244650905753
 geom_a = 0
 geom_q = 0
 geom_c = 0.0
f0= 1.5760e+01
using cgsolve in c++, ic=False
diag(geom) min= 526.578857 max= 17019.224414
diag(all) min= 526.578857 max= 17019.224414
Trying gamma equal 0.084000
Convergence reached after 21 iterations with no gamma cycles
min(dx) = -0.0009188935347453522
max(dx) = 0.0008474075878799062
mean(dx)= 3.3349113558213478e-06
vdws = 58
atoms = 22
pairs = 118
 geom_x = 15.758292944429735
 geom_a = 0
 geom_q = 0
 geom_c = 0.0
f1, 0= 1.5758e+01
                          N restraints  r.m.s.d.  r.m.s.Z  Mn(sigma)
Bond distances, non H               11     0.008    0.421      0.016
Bond distances, H                   11     0.000    0.016      0.016
Bond angles, non H                  15     2.608    0.873      2.300
Bond angles, H                      26     0.945    0.368      2.006
Torsion angles, period 3             2     1.069    0.107     10.000
Chiral centres                       3     0.063    0.697      0.120
Planar groups                        4     0.000    0.010      0.020
VDW nonbonded                        1     0.001    0.005      0.200
VDW torsion                          9     0.121    0.604      0.200



====== CYCLE 15 ======

 weight = 1.0000e+00
 geom_x = 15.758292944429735
 geom_a = 0
 geom_q = 0
 geom_c = 0.0
f0= 1.5758e+01
using cgsolve in c++, ic=False
diag(geom) min= 526.553327 max= 17019.336416
diag(all) min= 526.553327 max= 17019.336416
Trying gamma equal 0.084000
Convergence reached after 21 iterations with no gamma cycles
min(dx) = -0.0008682708386398301
max(dx) = 0.0008019962848729622
mean(dx)= 3.876509687506008e-06
vdws = 58
atoms = 22
pairs = 118
 geom_x = 15.756437453520034
 geom_a = 0
 geom_q = 0
 geom_c = 0.0
f1, 0= 1.5756e+01
                          N restraints  r.m.s.d.  r.m.s.Z  Mn(sigma)
Bond distances, non H               11     0.008    0.421      0.016
Bond distances, H                   11     0.000    0.016      0.016
Bond angles, non H                  15     2.608    0.872      2.300
Bond angles, H                      26     0.945    0.368      2.006
Torsion angles, period 3             2     1.063    0.106     10.000
Chiral centres                       3     0.063    0.697      0.120
Planar groups                        4     0.000    0.010      0.020
VDW nonbonded                        1     0.001    0.005      0.200
VDW torsion                          9     0.121    0.604      0.200



====== CYCLE 16 ======

 weight = 1.0000e+00
 geom_x = 15.756437453520034
 geom_a = 0
 geom_q = 0
 geom_c = 0.0
f0= 1.5756e+01
using cgsolve in c++, ic=False
diag(geom) min= 526.517659 max= 17019.449845
diag(all) min= 526.517659 max= 17019.449845
Trying gamma equal 0.084000
Convergence reached after 21 iterations with no gamma cycles
min(dx) = -0.000823391889658239
max(dx) = 0.0007615872284826678
mean(dx)= 4.306087998672903e-06
vdws = 58
atoms = 22
pairs = 118
 geom_x = 15.754666203019047
 geom_a = 0
 geom_q = 0
 geom_c = 0.0
f1, 0= 1.5755e+01
                          N restraints  r.m.s.d.  r.m.s.Z  Mn(sigma)
Bond distances, non H               11     0.008    0.421      0.016
Bond distances, H                   11     0.000    0.016      0.016
Bond angles, non H                  15     2.608    0.872      2.300
Bond angles, H                      26     0.944    0.368      2.006
Torsion angles, period 3             2     1.057    0.106     10.000
Chiral centres                       3     0.063    0.697      0.120
Planar groups                        4     0.000    0.010      0.020
VDW nonbonded                        1     0.001    0.005      0.200
VDW torsion                          9     0.121    0.604      0.200



====== CYCLE 17 ======

 weight = 1.0000e+00
 geom_x = 15.754666203019047
 geom_a = 0
 geom_q = 0
 geom_c = 0.0
f0= 1.5755e+01
using cgsolve in c++, ic=False
diag(geom) min= 526.473538 max= 17019.564079
diag(all) min= 526.473538 max= 17019.564079
Trying gamma equal 0.084000
Convergence reached after 21 iterations with no gamma cycles
min(dx) = -0.0008159006742439564
max(dx) = 0.0007254764707618208
mean(dx)= 4.644909448564178e-06
vdws = 58
atoms = 22
pairs = 118
 geom_x = 15.752969678993136
 geom_a = 0
 geom_q = 0
 geom_c = 0.0
f1, 0= 1.5753e+01
                          N restraints  r.m.s.d.  r.m.s.Z  Mn(sigma)
Bond distances, non H               11     0.008    0.421      0.016
Bond distances, H                   11     0.000    0.016      0.016
Bond angles, non H                  15     2.607    0.872      2.300
Bond angles, H                      26     0.944    0.368      2.006
Torsion angles, period 3             2     1.052    0.105     10.000
Chiral centres                       3     0.063    0.697      0.120
Planar groups                        4     0.000    0.010      0.020
VDW nonbonded                        1     0.001    0.006      0.200
VDW torsion                          9     0.121    0.604      0.200



====== CYCLE 18 ======

 weight = 1.0000e+00
 geom_x = 15.752969678993136
 geom_a = 0
 geom_q = 0
 geom_c = 0.0
f0= 1.5753e+01
using cgsolve in c++, ic=False
diag(geom) min= 526.422265 max= 17019.678633
diag(all) min= 526.422265 max= 17019.678633
Trying gamma equal 0.084000
Convergence reached after 21 iterations with no gamma cycles
min(dx) = -0.0008108475796058086
max(dx) = 0.0006961441452093393
mean(dx)= 4.9101033438306375e-06
vdws = 58
atoms = 22
pairs = 118
 geom_x = 15.751340211351822
 geom_a = 0
 geom_q = 0
 geom_c = 0.0
f1, 0= 1.5751e+01
                          N restraints  r.m.s.d.  r.m.s.Z  Mn(sigma)
Bond distances, non H               11     0.008    0.421      0.016
Bond distances, H                   11     0.000    0.016      0.016
Bond angles, non H                  15     2.607    0.872      2.300
Bond angles, H                      26     0.944    0.368      2.006
Torsion angles, period 3             2     1.047    0.105     10.000
Chiral centres                       3     0.063    0.697      0.120
Planar groups                        4     0.000    0.010      0.020
VDW nonbonded                        1     0.001    0.006      0.200
VDW torsion                          9     0.121    0.604      0.200



====== CYCLE 19 ======

 weight = 1.0000e+00
 geom_x = 15.751340211351822
 geom_a = 0
 geom_q = 0
 geom_c = 0.0
f0= 1.5751e+01
using cgsolve in c++, ic=False
diag(geom) min= 526.364864 max= 17019.793126
diag(all) min= 526.364864 max= 17019.793126
Trying gamma equal 0.084000
Convergence reached after 21 iterations with no gamma cycles
min(dx) = -0.0008052101114377079
max(dx) = 0.0006866504808908983
mean(dx)= 5.115490984991191e-06
vdws = 58
atoms = 22
pairs = 118
 geom_x = 15.749771535655396
 geom_a = 0
 geom_q = 0
 geom_c = 0.0
f1, 0= 1.5750e+01
                          N restraints  r.m.s.d.  r.m.s.Z  Mn(sigma)
Bond distances, non H               11     0.008    0.421      0.016
Bond distances, H                   11     0.000    0.016      0.016
Bond angles, non H                  15     2.607    0.872      2.300
Bond angles, H                      26     0.944    0.368      2.006
Torsion angles, period 3             2     1.043    0.104     10.000
Chiral centres                       3     0.063    0.697      0.120
Planar groups                        4     0.000    0.010      0.020
VDW nonbonded                        1     0.001    0.006      0.200
VDW torsion                          9     0.121    0.604      0.200



====== CYCLE 20 ======

 weight = 1.0000e+00
 geom_x = 15.749771535655396
 geom_a = 0
 geom_q = 0
 geom_c = 0.0
f0= 1.5750e+01
using cgsolve in c++, ic=False
diag(geom) min= 526.302159 max= 17019.907264
diag(all) min= 526.302159 max= 17019.907264
Trying gamma equal 0.084000
Convergence reached after 21 iterations with no gamma cycles
min(dx) = -0.0007990210238943547
max(dx) = 0.0006776461887127592
mean(dx)= 5.2722389126052845e-06
vdws = 58
atoms = 22
pairs = 118
 geom_x = 15.7482584748808
 geom_a = 0
 geom_q = 0
 geom_c = 0.0
f1, 0= 1.5748e+01
                          N restraints  r.m.s.d.  r.m.s.Z  Mn(sigma)
Bond distances, non H               11     0.008    0.422      0.016
Bond distances, H                   11     0.000    0.016      0.016
Bond angles, non H                  15     2.606    0.872      2.300
Bond angles, H                      26     0.944    0.368      2.006
Torsion angles, period 3             2     1.038    0.104     10.000
Chiral centres                       3     0.063    0.697      0.120
Planar groups                        4     0.000    0.010      0.020
VDW nonbonded                        1     0.001    0.006      0.200
VDW torsion                          9     0.121    0.604      0.200



====== CYCLE 21 ======

 weight = 1.0000e+00
 geom_x = 15.7482584748808
 geom_a = 0
 geom_q = 0
 geom_c = 0.0
f0= 1.5748e+01
using cgsolve in c++, ic=False
diag(geom) min= 526.234828 max= 17020.020821
diag(all) min= 526.234828 max= 17020.020821
Trying gamma equal 0.084000
Convergence reached after 21 iterations with no gamma cycles
min(dx) = -0.0007923245974613304
max(dx) = 0.0006690298643213725
mean(dx)= 5.389378498038699e-06
vdws = 58
atoms = 22
pairs = 118
 geom_x = 15.746796703662316
 geom_a = 0
 geom_q = 0
 geom_c = 0.0
f1, 0= 1.5747e+01
                          N restraints  r.m.s.d.  r.m.s.Z  Mn(sigma)
Bond distances, non H               11     0.008    0.422      0.016
Bond distances, H                   11     0.000    0.016      0.016
Bond angles, non H                  15     2.606    0.872      2.300
Bond angles, H                      26     0.944    0.368      2.006
Torsion angles, period 3             2     1.035    0.103     10.000
Chiral centres                       3     0.063    0.697      0.120
Planar groups                        4     0.000    0.010      0.020
VDW nonbonded                        1     0.001    0.006      0.200
VDW torsion                          9     0.121    0.604      0.200



====== CYCLE 22 ======

 weight = 1.0000e+00
 geom_x = 15.746796703662316
 geom_a = 0
 geom_q = 0
 geom_c = 0.0
f0= 1.5747e+01
using cgsolve in c++, ic=False
diag(geom) min= 526.163440 max= 17020.133621
diag(all) min= 526.163440 max= 17020.133621
Trying gamma equal 0.084000
Convergence reached after 21 iterations with no gamma cycles
min(dx) = -0.0007851711760349958
max(dx) = 0.0006607234225455305
mean(dx)= 5.474221661183771e-06
vdws = 58
atoms = 22
pairs = 118
 geom_x = 15.745382570652824
 geom_a = 0
 geom_q = 0
 geom_c = 0.0
f1, 0= 1.5745e+01
                          N restraints  r.m.s.d.  r.m.s.Z  Mn(sigma)
Bond distances, non H               11     0.008    0.422      0.016
Bond distances, H                   11     0.000    0.016      0.016
Bond angles, non H                  15     2.605    0.872      2.300
Bond angles, H                      26     0.944    0.368      2.006
Torsion angles, period 3             2     1.031    0.103     10.000
Chiral centres                       3     0.063    0.696      0.120
Planar groups                        4     0.000    0.010      0.020
VDW nonbonded                        1     0.001    0.006      0.200
VDW torsion                          9     0.121    0.604      0.200



====== CYCLE 23 ======

 weight = 1.0000e+00
 geom_x = 15.745382570652824
 geom_a = 0
 geom_q = 0
 geom_c = 0.0
f0= 1.5745e+01
using cgsolve in c++, ic=False
diag(geom) min= 526.088479 max= 17020.245534
diag(all) min= 526.088479 max= 17020.245534
Trying gamma equal 0.084000
Convergence reached after 21 iterations with no gamma cycles
min(dx) = -0.0007776134592750866
max(dx) = 0.0006526668387353554
mean(dx)= 5.5326946494734245e-06
vdws = 58
atoms = 22
pairs = 118
 geom_x = 15.74401296276479
 geom_a = 0
 geom_q = 0
 geom_c = 0.0
f1, 0= 1.5744e+01
                          N restraints  r.m.s.d.  r.m.s.Z  Mn(sigma)
Bond distances, non H               11     0.008    0.422      0.016
Bond distances, H                   11     0.000    0.016      0.016
Bond angles, non H                  15     2.605    0.871      2.300
Bond angles, H                      26     0.944    0.368      2.006
Torsion angles, period 3             2     1.028    0.103     10.000
Chiral centres                       3     0.063    0.696      0.120
Planar groups                        4     0.000    0.011      0.020
VDW nonbonded                        1     0.001    0.007      0.200
VDW torsion                          9     0.121    0.604      0.200



====== CYCLE 24 ======

 weight = 1.0000e+00
 geom_x = 15.74401296276479
 geom_a = 0
 geom_q = 0
 geom_c = 0.0
f0= 1.5744e+01
using cgsolve in c++, ic=False
diag(geom) min= 526.010365 max= 17020.356461
diag(all) min= 526.010365 max= 17020.356461
Trying gamma equal 0.084000
Convergence reached after 21 iterations with no gamma cycles
min(dx) = -0.0007697040311005015
max(dx) = 0.0006448140590691102
mean(dx)= 5.569606472059597e-06
vdws = 58
atoms = 22
pairs = 118
 geom_x = 15.742685200188308
 geom_a = 0
 geom_q = 0
 geom_c = 0.0
f1, 0= 1.5743e+01
                          N restraints  r.m.s.d.  r.m.s.Z  Mn(sigma)
Bond distances, non H               11     0.008    0.422      0.016
Bond distances, H                   11     0.000    0.016      0.016
Bond angles, non H                  15     2.605    0.871      2.300
Bond angles, H                      26     0.944    0.368      2.006
Torsion angles, period 3             2     1.024    0.102     10.000
Chiral centres                       3     0.063    0.696      0.120
Planar groups                        4     0.000    0.011      0.020
VDW nonbonded                        1     0.001    0.007      0.200
VDW torsion                          9     0.121    0.604      0.200



====== CYCLE 25 ======

 weight = 1.0000e+00
 geom_x = 15.742685200188308
 geom_a = 0
 geom_q = 0
 geom_c = 0.0
f0= 1.5743e+01
using cgsolve in c++, ic=False
diag(geom) min= 525.929466 max= 17020.466328
diag(all) min= 525.929466 max= 17020.466328
Trying gamma equal 0.084000
Convergence reached after 21 iterations with no gamma cycles
min(dx) = -0.0007614937504505912
max(dx) = 0.0006371298243095127
mean(dx)= 5.5888650193126604e-06
vdws = 58
atoms = 22
pairs = 118
 geom_x = 15.74139695441272
 geom_a = 0
 geom_q = 0
 geom_c = 0.0
f1, 0= 1.5741e+01
                          N restraints  r.m.s.d.  r.m.s.Z  Mn(sigma)
Bond distances, non H               11     0.008    0.422      0.016
Bond distances, H                   11     0.000    0.016      0.016
Bond angles, non H                  15     2.604    0.871      2.300
Bond angles, H                      26     0.944    0.368      2.006
Torsion angles, period 3             2     1.022    0.102     10.000
Chiral centres                       3     0.063    0.696      0.120
Planar groups                        4     0.000    0.011      0.020
VDW nonbonded                        1     0.001    0.007      0.200
VDW torsion                          9     0.121    0.604      0.200



====== CYCLE 26 ======

 weight = 1.0000e+00
 geom_x = 15.74139695441272
 geom_a = 0
 geom_q = 0
 geom_c = 0.0
f0= 1.5741e+01
using cgsolve in c++, ic=False
diag(geom) min= 525.846106 max= 17020.575081
diag(all) min= 525.846106 max= 17020.575081
Trying gamma equal 0.084000
Convergence reached after 21 iterations with no gamma cycles
min(dx) = -0.0007530307430103224
max(dx) = 0.0006295872053976691
mean(dx)= 5.593651182706369e-06
vdws = 58
atoms = 22
pairs = 118
 geom_x = 15.74014618368926
 geom_a = 0
 geom_q = 0
 geom_c = 0.0
f1, 0= 1.5740e+01
                          N restraints  r.m.s.d.  r.m.s.Z  Mn(sigma)
Bond distances, non H               11     0.008    0.422      0.016
Bond distances, H                   11     0.000    0.016      0.016
Bond angles, non H                  15     2.604    0.871      2.300
Bond angles, H                      26     0.944    0.368      2.006
Torsion angles, period 3             2     1.019    0.102     10.000
Chiral centres                       3     0.063    0.696      0.120
Planar groups                        4     0.000    0.011      0.020
VDW nonbonded                        1     0.001    0.007      0.200
VDW torsion                          9     0.121    0.604      0.200



====== CYCLE 27 ======

 weight = 1.0000e+00
 geom_x = 15.74014618368926
 geom_a = 0
 geom_q = 0
 geom_c = 0.0
f0= 1.5740e+01
using cgsolve in c++, ic=False
diag(geom) min= 525.760576 max= 17020.682684
diag(all) min= 525.760576 max= 17020.682684
Trying gamma equal 0.084000
Convergence reached after 21 iterations with no gamma cycles
min(dx) = -0.0007443598129121355
max(dx) = 0.0006221656927196377
mean(dx)= 5.586559144639632e-06
vdws = 58
atoms = 22
pairs = 118
 geom_x = 15.738931081874695
 geom_a = 0
 geom_q = 0
 geom_c = 0.0
f1, 0= 1.5739e+01
                          N restraints  r.m.s.d.  r.m.s.Z  Mn(sigma)
Bond distances, non H               11     0.008    0.422      0.016
Bond distances, H                   11     0.000    0.016      0.016
Bond angles, non H                  15     2.603    0.871      2.300
Bond angles, H                      26     0.944    0.368      2.006
Torsion angles, period 3             2     1.016    0.102     10.000
Chiral centres                       3     0.063    0.696      0.120
Planar groups                        4     0.000    0.011      0.020
VDW nonbonded                        1     0.001    0.007      0.200
VDW torsion                          9     0.121    0.604      0.200



====== CYCLE 28 ======

 weight = 1.0000e+00
 geom_x = 15.738931081874695
 geom_a = 0
 geom_q = 0
 geom_c = 0.0
f0= 1.5739e+01
using cgsolve in c++, ic=False
diag(geom) min= 525.673137 max= 17020.789108
diag(all) min= 525.673137 max= 17020.789108
Trying gamma equal 0.084000
Convergence reached after 21 iterations with no gamma cycles
min(dx) = -0.0007355221474746273
max(dx) = 0.0006148497158423314
mean(dx)= 5.5697093510827966e-06
vdws = 58
atoms = 22
pairs = 118
 geom_x = 15.737750037642996
 geom_a = 0
 geom_q = 0
 geom_c = 0.0
f1, 0= 1.5738e+01
                          N restraints  r.m.s.d.  r.m.s.Z  Mn(sigma)
Bond distances, non H               11     0.008    0.422      0.016
Bond distances, H                   11     0.000    0.016      0.016
Bond angles, non H                  15     2.603    0.871      2.300
Bond angles, H                      26     0.944    0.368      2.006
Torsion angles, period 3             2     1.014    0.101     10.000
Chiral centres                       3     0.063    0.696      0.120
Planar groups                        4     0.000    0.011      0.020
VDW nonbonded                        1     0.001    0.007      0.200
VDW torsion                          9     0.121    0.604      0.200



====== CYCLE 29 ======

 weight = 1.0000e+00
 geom_x = 15.737750037642996
 geom_a = 0
 geom_q = 0
 geom_c = 0.0
f0= 1.5738e+01
using cgsolve in c++, ic=False
diag(geom) min= 525.584025 max= 17020.894337
diag(all) min= 525.584025 max= 17020.894337
Trying gamma equal 0.084000
Convergence reached after 21 iterations with no gamma cycles
min(dx) = -0.0007265552244320404
max(dx) = 0.0006076274979087205
mean(dx)= 5.544839412107267e-06
vdws = 58
atoms = 22
pairs = 118
 geom_x = 15.736601601793758
 geom_a = 0
 geom_q = 0
 geom_c = 0.0
f1, 0= 1.5737e+01
                          N restraints  r.m.s.d.  r.m.s.Z  Mn(sigma)
Bond distances, non H               11     0.008    0.422      0.016
Bond distances, H                   11     0.000    0.016      0.016
Bond angles, non H                  15     2.602    0.871      2.300
Bond angles, H                      26     0.944    0.368      2.006
Torsion angles, period 3             2     1.012    0.101     10.000
Chiral centres                       3     0.063    0.696      0.120
Planar groups                        4     0.000    0.011      0.020
VDW nonbonded                        1     0.001    0.007      0.200
VDW torsion                          9     0.121    0.604      0.200



====== CYCLE 30 ======

 weight = 1.0000e+00
 geom_x = 15.736601601793758
 geom_a = 0
 geom_q = 0
 geom_c = 0.0
f0= 1.5737e+01
using cgsolve in c++, ic=False
diag(geom) min= 525.493453 max= 17020.998361
diag(all) min= 525.493453 max= 17020.998361
Trying gamma equal 0.084000
Convergence reached after 21 iterations with no gamma cycles
min(dx) = -0.0007174928564059153
max(dx) = 0.0006004901700853335
mean(dx)= 5.513377188094249e-06
vdws = 58
atoms = 22
pairs = 118
 geom_x = 15.735484460926841
 geom_a = 0
 geom_q = 0
 geom_c = 0.0
f1, 0= 1.5735e+01
                          N restraints  r.m.s.d.  r.m.s.Z  Mn(sigma)
Bond distances, non H               11     0.008    0.422      0.016
Bond distances, H                   11     0.000    0.016      0.016
Bond angles, non H                  15     2.602    0.870      2.300
Bond angles, H                      26     0.944    0.368      2.006
Torsion angles, period 3             2     1.010    0.101     10.000
Chiral centres                       3     0.063    0.696      0.120
Planar groups                        4     0.000    0.011      0.020
VDW nonbonded                        1     0.001    0.007      0.200
VDW torsion                          9     0.121    0.605      0.200


$TABLE: stats vs cycle :
$GRAPHS
: Geometry :A:1,4,2:
: Geometry Z :A:1,3,5:
$$
 Ncyc  rmsBOND  zBOND  rmsANGL  zANGL
$$
$$
    0   0.0131 0.7160   2.3584 0.7922
    1   0.0082 0.4431   2.5533 0.8545
    2   0.0078 0.4231   2.5866 0.8654
    3   0.0077 0.4206   2.5973 0.8689
    4   0.0077 0.4201   2.6020 0.8705
    5   0.0077 0.4199   2.6046 0.8713
    6   0.0077 0.4199   2.6061 0.8718
    7   0.0077 0.4200   2.6071 0.8722
    8   0.0077 0.4201   2.6078 0.8724
    9   0.0077 0.4203   2.6082 0.8725
   10   0.0077 0.4205   2.6085 0.8726
   11   0.0077 0.4206   2.6086 0.8727
   12   0.0077 0.4208   2.6086 0.8727
   13   0.0077 0.4209   2.6085 0.8726
   14   0.0077 0.4210   2.6083 0.8726
   15   0.0078 0.4212   2.6081 0.8725
   16   0.0078 0.4213   2.6078 0.8724
   17   0.0078 0.4213   2.6075 0.8723
   18   0.0078 0.4214   2.6071 0.8722
   19   0.0078 0.4215   2.6067 0.8720
   20   0.0078 0.4215   2.6063 0.8719
   21   0.0078 0.4216   2.6059 0.8718
   22   0.0078 0.4216   2.6054 0.8716
   23   0.0078 0.4216   2.6050 0.8715
   24   0.0078 0.4216   2.6045 0.8713
   25   0.0078 0.4216   2.6041 0.8712
   26   0.0078 0.4216   2.6036 0.8710
   27   0.0078 0.4216   2.6031 0.8709
   28   0.0078 0.4216   2.6027 0.8707
   29   0.0078 0.4216   2.6022 0.8706
   30   0.0078 0.4216   2.6018 0.8704
$$

Updated dictionary saved: cys-epx_link_TMP/LIG_for_link_TMP/mol_1_conf_7_updated.cif
Refinement statistics saved: cys-epx_link_TMP/LIG_for_link_TMP/mol_1_conf_7_stats.json

# Finished on 2026-06-14 11:42:24.428773

=========END OF PROCESS INFORMATION ==========
