
============ PROCESS INFORMATION =============
# Servalcat ver. 0.4.128 (Python 3.9.18)
# Library vers. gemmi 0.7.4, scipy 1.7.3, numpy 1.19.5, pandas 1.3.5
# Started on 2026-06-14 11:42:33.527377
# Host: Mac.lan User: hilgersmt
# Command-line:
# servalcat --logfile cys-epx_link_TMP/LIG_for_link_TMP/servalcat.log refine_geom --update_dictionary cys-epx_link_TMP/LIG_for_link_TMP/mol_1_conf_12_init.cif -o cys-epx_link_TMP/LIG_for_link_TMP/mol_1_conf_12 --randomize 0.01
Config loaded
--
refine:
  atom_selection:
    xyz:
      include:
      - '*'
      exclude: []
      exclude_restraint: []
    adp:
      include: []
      exclude: []
      exclude_restraint: []
    occ:
      include: []
      exclude: []
      exclude_restraint: []
    dfrac:
      include: []
      exclude: []
      exclude_restraint: []
  occ_groups: []
  occ_group_constraints: []
  occ_group_const_mu: 10.0
  occ_group_const_mu_update_factor: 1.1
  occ_group_const_mu_update_tol_rel: 0.25
  occ_group_const_mu_update_tol_abs: 0.01
  initialisation:
    adp: {}
    occ: {}
    dfrac: {}
  write_trajectory: false
--
Reading monomers from /Applications/ccp4-9/lib/data/monomers/
Monomer not in the library: LIG.
Reading monomer: cys-epx_link_TMP/LIG_for_link_TMP/mol_1_conf_12_init.cif
Monomer library loaded: 1 monomers, 109 links, 133 modifications
       loaded monomers: LIG

Checking if unknown atoms exist..
Creating restraints..

Chain info:
 chain 
  ligands: LIG (1 residues)

Number of refinement parameters:
       n_params  n_atoms  n_atoms_geom_only  n_atoms_data_only
xyz          11       11                  0                  0
adp           0        0                  0                  0
occ           0        0                  0                  0
dfrac         0        0                  0                  0

Randomizing structure with rmsd of 0.01
Torsion angle rules:
 include:
  {'group': 'peptide', 'tors_name': 'chi*'}
  {'link': '*', 'tors_name': 'omega'}
  {'residue': '*', 'tors_name': 'sp2_sp2*'}
  {'link': '*', 'tors_name': 'sp2_sp2*'}
 exclude:
  none
External restraints from Refmac instructions
 Number of distances          : 0
 Number of angles             : 0
 Number of torsions           : 0
 Number of chirals            : 0
 Number of planes             : 0
 Number of intervals          : 0
 Number of stackings          : 0
 Number of harmonics          : 0
 Number of special positions  : 0

Running 10 cycles with wchir=4 wvdw=2 without hydrogen
Geometry weights
vdws = 12
atoms = 11
pairs = 35
 *** Bond distances outliers (Z >= 5) ***

    atom1     atom2  value  ideal  sigma     z
/LIG 1/C3 /LIG 1/O7  1.394  1.251  0.018 7.788

 *** Bond angles outliers (Z >= 5) ***

    atom1     atom2      atom3  value   ideal  sigma      z
/LIG 1/C5 /LIG 1/S6 /LIG 1/C16 93.564 109.471  3.000 -5.302

                       N restraints  r.m.s.d.  r.m.s.Z  Mn(sigma)
Bond distances, non H            11     0.052    3.033      0.016
Bond angles, non H               15     5.680    2.328      2.300
Chiral centres                    3     0.150    1.500      0.120
Planar groups                     4     0.000    0.004      0.020
VDW torsion                       3     0.249    1.246      0.200


====== CYCLE  1 ======

 weight = 1.0000e+00
 geom_x = 154.52465056854385
 geom_a = 0
 geom_q = 0
 geom_c = 0.0
f0= 1.5452e+02
using cgsolve in c++, ic=False
diag(geom) min= 517.129007 max= 27998.814896
diag(all) min= 517.129007 max= 27998.814896
Trying gamma equal 0.000000
Not converging with gamma equal 0.000000
Trying gamma equal 0.052500
Gamma decreased to 0.042000
min(dx) = -0.11857291864342409
max(dx) = 0.043405950984224013
mean(dx)= -0.011656888967098055
vdws = 12
atoms = 11
pairs = 35
 geom_x = 21.229667998034305
 geom_a = 0
 geom_q = 0
 geom_c = 0.0
f1, 0= 2.1230e+01
                       N restraints  r.m.s.d.  r.m.s.Z  Mn(sigma)
Bond distances, non H            11     0.011    0.599      0.016
Bond angles, non H               15     3.758    1.256      2.300
Chiral centres                    3     0.014    0.159      0.120
Planar groups                     4     0.000    0.018      0.020
VDW torsion                       4     0.185    0.923      0.200



====== CYCLE  2 ======

 weight = 1.0000e+00
 geom_x = 21.229667998034305
 geom_a = 0
 geom_q = 0
 geom_c = 0.0
f0= 2.1230e+01
using cgsolve in c++, ic=False
diag(geom) min= 523.788519 max= 28461.401043
diag(all) min= 523.788519 max= 28461.401043
Trying gamma equal 0.042000
Not converging with gamma equal 0.042000
Trying gamma equal 0.094500
Not converging with gamma equal 0.094500
Trying gamma equal 0.149625
Gamma decreased to 0.138600
min(dx) = -0.01776859902346099
max(dx) = 0.021495088862201913
mean(dx)= 0.0007701095643070971
vdws = 12
atoms = 11
pairs = 35
 geom_x = 19.30721193348608
 geom_a = 0
 geom_q = 0
 geom_c = 0.0
f1, 0= 1.9307e+01
                       N restraints  r.m.s.d.  r.m.s.Z  Mn(sigma)
Bond distances, non H            11     0.010    0.563      0.016
Bond angles, non H               15     3.503    1.171      2.300
Chiral centres                    3     0.009    0.094      0.120
Planar groups                     4     0.001    0.059      0.020
VDW torsion                       4     0.188    0.939      0.200



====== CYCLE  3 ======

 weight = 1.0000e+00
 geom_x = 19.30721193348608
 geom_a = 0
 geom_q = 0
 geom_c = 0.0
f0= 1.9307e+01
using cgsolve in c++, ic=False
diag(geom) min= 525.533791 max= 28502.074124
diag(all) min= 525.533791 max= 28502.074124
Trying gamma equal 0.138600
Convergence reached after 19 iterations with no gamma cycles
min(dx) = -0.014007939925837369
max(dx) = 0.01755897301670191
mean(dx)= 0.0003443211295316357
vdws = 12
atoms = 11
pairs = 35
 geom_x = 18.21908687440265
 geom_a = 0
 geom_q = 0
 geom_c = 0.0
f1, 0= 1.8219e+01
                       N restraints  r.m.s.d.  r.m.s.Z  Mn(sigma)
Bond distances, non H            11     0.010    0.550      0.016
Bond angles, non H               15     3.322    1.111      2.300
Chiral centres                    3     0.008    0.090      0.120
Planar groups                     4     0.001    0.064      0.020
VDW torsion                       4     0.188    0.941      0.200



====== CYCLE  4 ======

 weight = 1.0000e+00
 geom_x = 18.21908687440265
 geom_a = 0
 geom_q = 0
 geom_c = 0.0
f0= 1.8219e+01
using cgsolve in c++, ic=False
diag(geom) min= 525.643791 max= 28577.439805
diag(all) min= 525.643791 max= 28577.439805
Trying gamma equal 0.138600
Not converging with gamma equal 0.138600
Trying gamma equal 0.191100
Not converging with gamma equal 0.191100
Trying gamma equal 0.246225
Gamma decreased to 0.235200
min(dx) = -0.007765133325358677
max(dx) = 0.008547568997128014
mean(dx)= 0.00012960810777303957
vdws = 11
atoms = 11
pairs = 34
 geom_x = 17.71541823725184
 geom_a = 0
 geom_q = 0
 geom_c = 0.0
f1, 0= 1.7715e+01
                       N restraints  r.m.s.d.  r.m.s.Z  Mn(sigma)
Bond distances, non H            11     0.010    0.547      0.016
Bond angles, non H               15     3.235    1.082      2.300
Chiral centres                    3     0.008    0.090      0.120
Planar groups                     4     0.001    0.064      0.020
VDW torsion                       4     0.188    0.941      0.200



====== CYCLE  5 ======

 weight = 1.0000e+00
 geom_x = 17.71541823725184
 geom_a = 0
 geom_q = 0
 geom_c = 0.0
f0= 1.7715e+01
using cgsolve in c++, ic=False
diag(geom) min= 525.661115 max= 28623.933757
diag(all) min= 525.661115 max= 28623.933757
Trying gamma equal 0.235200
Convergence reached after 14 iterations with no gamma cycles
min(dx) = -0.008142424538876859
max(dx) = 0.007998293567981662
mean(dx)= 9.381866810187526e-05
vdws = 11
atoms = 11
pairs = 34
 geom_x = 17.261290912191487
 geom_a = 0
 geom_q = 0
 geom_c = 0.0
f1, 0= 1.7261e+01
                       N restraints  r.m.s.d.  r.m.s.Z  Mn(sigma)
Bond distances, non H            11     0.010    0.545      0.016
Bond angles, non H               15     3.154    1.055      2.300
Chiral centres                    3     0.008    0.089      0.120
Planar groups                     4     0.001    0.062      0.020
VDW torsion                       4     0.188    0.941      0.200



====== CYCLE  6 ======

 weight = 1.0000e+00
 geom_x = 17.261290912191487
 geom_a = 0
 geom_q = 0
 geom_c = 0.0
f0= 1.7261e+01
using cgsolve in c++, ic=False
diag(geom) min= 525.698583 max= 28676.555548
diag(all) min= 525.698583 max= 28676.555548
Trying gamma equal 0.235200
Convergence reached after 14 iterations with no gamma cycles
min(dx) = -0.008018371483179534
max(dx) = 0.007309033490528605
mean(dx)= 5.949357496790465e-05
vdws = 11
atoms = 11
pairs = 34
 geom_x = 16.86473165958244
 geom_a = 0
 geom_q = 0
 geom_c = 0.0
f1, 0= 1.6865e+01
                       N restraints  r.m.s.d.  r.m.s.Z  Mn(sigma)
Bond distances, non H            11     0.010    0.545      0.016
Bond angles, non H               15     3.081    1.031      2.300
Chiral centres                    3     0.008    0.088      0.120
Planar groups                     4     0.001    0.060      0.020
VDW torsion                       4     0.188    0.940      0.200



====== CYCLE  7 ======

 weight = 1.0000e+00
 geom_x = 16.86473165958244
 geom_a = 0
 geom_q = 0
 geom_c = 0.0
f0= 1.6865e+01
using cgsolve in c++, ic=False
diag(geom) min= 525.914707 max= 28729.142316
diag(all) min= 525.914707 max= 28729.142316
Trying gamma equal 0.235200
Convergence reached after 14 iterations with no gamma cycles
min(dx) = -0.007825866054123033
max(dx) = 0.006790300651053624
mean(dx)= 3.1412882447330266e-05
vdws = 11
atoms = 11
pairs = 34
 geom_x = 16.514771054452154
 geom_a = 0
 geom_q = 0
 geom_c = 0.0
f1, 0= 1.6515e+01
                       N restraints  r.m.s.d.  r.m.s.Z  Mn(sigma)
Bond distances, non H            11     0.010    0.546      0.016
Bond angles, non H               15     3.015    1.009      2.300
Chiral centres                    3     0.008    0.087      0.120
Planar groups                     4     0.001    0.057      0.020
VDW torsion                       4     0.188    0.939      0.200



====== CYCLE  8 ======

 weight = 1.0000e+00
 geom_x = 16.514771054452154
 geom_a = 0
 geom_q = 0
 geom_c = 0.0
f0= 1.6515e+01
using cgsolve in c++, ic=False
diag(geom) min= 526.359405 max= 28780.283768
diag(all) min= 526.359405 max= 28780.283768
Trying gamma equal 0.235200
Convergence reached after 14 iterations with no gamma cycles
min(dx) = -0.007596851997559803
max(dx) = 0.006382120608986991
mean(dx)= 8.390072155871563e-06
vdws = 11
atoms = 11
pairs = 34
 geom_x = 16.203459290541478
 geom_a = 0
 geom_q = 0
 geom_c = 0.0
f1, 0= 1.6203e+01
                       N restraints  r.m.s.d.  r.m.s.Z  Mn(sigma)
Bond distances, non H            11     0.010    0.547      0.016
Bond angles, non H               15     2.955    0.989      2.300
Chiral centres                    3     0.008    0.086      0.120
Planar groups                     4     0.001    0.055      0.020
VDW torsion                       4     0.188    0.938      0.200



====== CYCLE  9 ======

 weight = 1.0000e+00
 geom_x = 16.203459290541478
 geom_a = 0
 geom_q = 0
 geom_c = 0.0
f0= 1.6203e+01
using cgsolve in c++, ic=False
diag(geom) min= 527.044647 max= 28829.273621
diag(all) min= 527.044647 max= 28829.273621
Trying gamma equal 0.235200
Convergence reached after 14 iterations with no gamma cycles
min(dx) = -0.007349507632086049
max(dx) = 0.006049150689917952
mean(dx)= -1.038612270165802e-05
vdws = 11
atoms = 11
pairs = 34
 geom_x = 15.924775130697274
 geom_a = 0
 geom_q = 0
 geom_c = 0.0
f1, 0= 1.5925e+01
                       N restraints  r.m.s.d.  r.m.s.Z  Mn(sigma)
Bond distances, non H            11     0.010    0.548      0.016
Bond angles, non H               15     2.901    0.971      2.300
Chiral centres                    3     0.008    0.085      0.120
Planar groups                     4     0.001    0.052      0.020
VDW torsion                       4     0.187    0.937      0.200



====== CYCLE 10 ======

 weight = 1.0000e+00
 geom_x = 15.924775130697274
 geom_a = 0
 geom_q = 0
 geom_c = 0.0
f0= 1.5925e+01
using cgsolve in c++, ic=False
diag(geom) min= 527.964747 max= 28875.812931
diag(all) min= 527.964747 max= 28875.812931
Trying gamma equal 0.235200
Convergence reached after 14 iterations with no gamma cycles
min(dx) = -0.007094718777775925
max(dx) = 0.0057700304236215525
mean(dx)= -2.5559923833367208e-05
vdws = 11
atoms = 11
pairs = 34
 geom_x = 15.674010465566395
 geom_a = 0
 geom_q = 0
 geom_c = 0.0
f1, 0= 1.5674e+01
                       N restraints  r.m.s.d.  r.m.s.Z  Mn(sigma)
Bond distances, non H            11     0.010    0.550      0.016
Bond angles, non H               15     2.850    0.954      2.300
Chiral centres                    3     0.008    0.084      0.120
Planar groups                     4     0.001    0.050      0.020
VDW torsion                       4     0.187    0.936      0.200


$TABLE: stats vs cycle :
$GRAPHS
: Geometry :A:1,2,4:
: Geometry Z :A:1,3,5:
$$
 Ncyc  rmsBOND  zBOND  rmsANGL  zANGL
$$
$$
    0   0.0517 3.0329   5.6799 2.3279
    1   0.0112 0.5995   3.7581 1.2563
    2   0.0102 0.5632   3.5034 1.1714
    3   0.0100 0.5505   3.3222 1.1111
    4   0.0099 0.5466   3.2346 1.0819
    5   0.0099 0.5454   3.1536 1.0550
    6   0.0100 0.5454   3.0810 1.0309
    7   0.0100 0.5461   3.0153 1.0091
    8   0.0100 0.5471   2.9554 0.9892
    9   0.0101 0.5484   2.9005 0.9710
   10   0.0101 0.5497   2.8500 0.9542
$$

Running 30 cycles with wchir=1 wvdw=2 without hydrogen
Geometry weights
vdws = 11
atoms = 11
pairs = 34
                       N restraints  r.m.s.d.  r.m.s.Z  Mn(sigma)
Bond distances, non H            11     0.010    0.550      0.016
Bond angles, non H               15     2.850    0.954      2.300
Chiral centres                    3     0.008    0.084      0.120
Planar groups                     4     0.001    0.050      0.020
VDW torsion                       4     0.187    0.936      0.200


====== CYCLE  1 ======

 weight = 1.0000e+00
 geom_x = 15.513463367717184
 geom_a = 0
 geom_q = 0
 geom_c = 0.0
f0= 1.5513e+01
using cgsolve in c++, ic=False
diag(geom) min= 365.495127 max= 12206.908378
diag(all) min= 365.495127 max= 12206.908378
Trying gamma equal 0.235200
Convergence reached after 15 iterations with no gamma cycles
min(dx) = -0.015240335530577387
max(dx) = 0.022729897406193904
mean(dx)= -0.0005860494059879638
vdws = 11
atoms = 11
pairs = 34
 geom_x = 14.228048596634801
 geom_a = 0
 geom_q = 0
 geom_c = 0.0
f1, 0= 1.4228e+01
                       N restraints  r.m.s.d.  r.m.s.Z  Mn(sigma)
Bond distances, non H            11     0.007    0.354      0.016
Bond angles, non H               15     2.860    0.957      2.300
Chiral centres                    3     0.049    0.531      0.120
Planar groups                     4     0.001    0.042      0.020
VDW torsion                       4     0.177    0.883      0.200



====== CYCLE  2 ======

 weight = 1.0000e+00
 geom_x = 14.228048596634801
 geom_a = 0
 geom_q = 0
 geom_c = 0.0
f0= 1.4228e+01
using cgsolve in c++, ic=False
diag(geom) min= 377.427877 max= 12241.926409
diag(all) min= 377.427877 max= 12241.926409
Trying gamma equal 0.235200
Convergence reached after 17 iterations with no gamma cycles
min(dx) = -0.009527306146421761
max(dx) = 0.010669097980141692
mean(dx)= -0.0002109381997567672
vdws = 11
atoms = 11
pairs = 34
 geom_x = 13.921620387633551
 geom_a = 0
 geom_q = 0
 geom_c = 0.0
f1, 0= 1.3922e+01
                       N restraints  r.m.s.d.  r.m.s.Z  Mn(sigma)
Bond distances, non H            11     0.006    0.343      0.016
Bond angles, non H               15     2.829    0.946      2.300
Chiral centres                    3     0.054    0.581      0.120
Planar groups                     4     0.001    0.040      0.020
VDW torsion                       4     0.174    0.870      0.200



====== CYCLE  3 ======

 weight = 1.0000e+00
 geom_x = 13.921620387633551
 geom_a = 0
 geom_q = 0
 geom_c = 0.0
f0= 1.3922e+01
using cgsolve in c++, ic=False
diag(geom) min= 385.297686 max= 12266.926008
diag(all) min= 385.297686 max= 12266.926008
Trying gamma equal 0.235200
Convergence reached after 17 iterations with no gamma cycles
min(dx) = -0.008011530791221114
max(dx) = 0.007922961142562562
mean(dx)= -0.00015679471755330654
vdws = 11
atoms = 11
pairs = 34
 geom_x = 13.6825311728954
 geom_a = 0
 geom_q = 0
 geom_c = 0.0
f1, 0= 1.3683e+01
                       N restraints  r.m.s.d.  r.m.s.Z  Mn(sigma)
Bond distances, non H            11     0.007    0.347      0.016
Bond angles, non H               15     2.788    0.933      2.300
Chiral centres                    3     0.055    0.586      0.120
Planar groups                     4     0.001    0.039      0.020
VDW torsion                       4     0.173    0.865      0.200



====== CYCLE  4 ======

 weight = 1.0000e+00
 geom_x = 13.6825311728954
 geom_a = 0
 geom_q = 0
 geom_c = 0.0
f0= 1.3683e+01
using cgsolve in c++, ic=False
diag(geom) min= 392.313692 max= 12287.264716
diag(all) min= 392.313692 max= 12287.264716
Trying gamma equal 0.235200
Convergence reached after 15 iterations with no gamma cycles
min(dx) = -0.007261505893038168
max(dx) = 0.00663214205714312
mean(dx)= -0.0001433789354590895
vdws = 11
atoms = 11
pairs = 34
 geom_x = 13.483153043875948
 geom_a = 0
 geom_q = 0
 geom_c = 0.0
f1, 0= 1.3483e+01
                       N restraints  r.m.s.d.  r.m.s.Z  Mn(sigma)
Bond distances, non H            11     0.007    0.350      0.016
Bond angles, non H               15     2.748    0.919      2.300
Chiral centres                    3     0.055    0.585      0.120
Planar groups                     4     0.001    0.039      0.020
VDW torsion                       4     0.173    0.863      0.200



====== CYCLE  5 ======

 weight = 1.0000e+00
 geom_x = 13.483153043875948
 geom_a = 0
 geom_q = 0
 geom_c = 0.0
f0= 1.3483e+01
using cgsolve in c++, ic=False
diag(geom) min= 399.077202 max= 12304.292877
diag(all) min= 399.077202 max= 12304.292877
Trying gamma equal 0.235200
Convergence reached after 15 iterations with no gamma cycles
min(dx) = -0.00671054238715994
max(dx) = 0.005708265496508582
mean(dx)= -0.00013393056253921103
vdws = 11
atoms = 11
pairs = 34
 geom_x = 13.314040509324105
 geom_a = 0
 geom_q = 0
 geom_c = 0.0
f1, 0= 1.3314e+01
                       N restraints  r.m.s.d.  r.m.s.Z  Mn(sigma)
Bond distances, non H            11     0.007    0.354      0.016
Bond angles, non H               15     2.711    0.907      2.300
Chiral centres                    3     0.055    0.582      0.120
Planar groups                     4     0.001    0.038      0.020
VDW torsion                       4     0.172    0.862      0.200



====== CYCLE  6 ======

 weight = 1.0000e+00
 geom_x = 13.314040509324105
 geom_a = 0
 geom_q = 0
 geom_c = 0.0
f0= 1.3314e+01
using cgsolve in c++, ic=False
diag(geom) min= 405.704637 max= 12318.762191
diag(all) min= 405.704637 max= 12318.762191
Trying gamma equal 0.235200
Convergence reached after 14 iterations with no gamma cycles
min(dx) = -0.006242855322663647
max(dx) = 0.005495945369592404
mean(dx)= -0.00012440934673592233
vdws = 11
atoms = 11
pairs = 34
 geom_x = 13.168907858269918
 geom_a = 0
 geom_q = 0
 geom_c = 0.0
f1, 0= 1.3169e+01
                       N restraints  r.m.s.d.  r.m.s.Z  Mn(sigma)
Bond distances, non H            11     0.007    0.357      0.016
Bond angles, non H               15     2.677    0.896      2.300
Chiral centres                    3     0.056    0.580      0.120
Planar groups                     4     0.001    0.037      0.020
VDW torsion                       4     0.172    0.862      0.200



====== CYCLE  7 ======

 weight = 1.0000e+00
 geom_x = 13.168907858269918
 geom_a = 0
 geom_q = 0
 geom_c = 0.0
f0= 1.3169e+01
using cgsolve in c++, ic=False
diag(geom) min= 412.218179 max= 12331.184927
diag(all) min= 412.218179 max= 12331.184927
Trying gamma equal 0.235200
Convergence reached after 14 iterations with no gamma cycles
min(dx) = -0.005826615110568855
max(dx) = 0.005447019906975468
mean(dx)= -0.0001151240727509205
vdws = 11
atoms = 11
pairs = 34
 geom_x = 13.04313224099029
 geom_a = 0
 geom_q = 0
 geom_c = 0.0
f1, 0= 1.3043e+01
                       N restraints  r.m.s.d.  r.m.s.Z  Mn(sigma)
Bond distances, non H            11     0.007    0.359      0.016
Bond angles, non H               15     2.646    0.885      2.300
Chiral centres                    3     0.056    0.577      0.120
Planar groups                     4     0.001    0.036      0.020
VDW torsion                       4     0.173    0.863      0.200



====== CYCLE  8 ======

 weight = 1.0000e+00
 geom_x = 13.04313224099029
 geom_a = 0
 geom_q = 0
 geom_c = 0.0
f0= 1.3043e+01
using cgsolve in c++, ic=False
diag(geom) min= 418.618663 max= 12341.929214
diag(all) min= 418.618663 max= 12341.929214
Trying gamma equal 0.235200
Convergence reached after 14 iterations with no gamma cycles
min(dx) = -0.005449397676057809
max(dx) = 0.005397037822723615
mean(dx)= -0.00010651594991458417
vdws = 11
atoms = 11
pairs = 34
 geom_x = 12.933204207381772
 geom_a = 0
 geom_q = 0
 geom_c = 0.0
f1, 0= 1.2933e+01
                       N restraints  r.m.s.d.  r.m.s.Z  Mn(sigma)
Bond distances, non H            11     0.007    0.361      0.016
Bond angles, non H               15     2.618    0.876      2.300
Chiral centres                    3     0.055    0.574      0.120
Planar groups                     4     0.001    0.036      0.020
VDW torsion                       4     0.173    0.864      0.200



====== CYCLE  9 ======

 weight = 1.0000e+00
 geom_x = 12.933204207381772
 geom_a = 0
 geom_q = 0
 geom_c = 0.0
f0= 1.2933e+01
using cgsolve in c++, ic=False
diag(geom) min= 424.901084 max= 12351.268906
diag(all) min= 424.901084 max= 12351.268906
Trying gamma equal 0.235200
Convergence reached after 14 iterations with no gamma cycles
min(dx) = -0.005104906891358364
max(dx) = 0.005341887946286209
mean(dx)= -9.87519904098157e-05
vdws = 11
atoms = 11
pairs = 34
 geom_x = 12.836413729129973
 geom_a = 0
 geom_q = 0
 geom_c = 0.0
f1, 0= 1.2836e+01
                       N restraints  r.m.s.d.  r.m.s.Z  Mn(sigma)
Bond distances, non H            11     0.007    0.363      0.016
Bond angles, non H               15     2.592    0.867      2.300
Chiral centres                    3     0.055    0.572      0.120
Planar groups                     4     0.001    0.035      0.020
VDW torsion                       4     0.173    0.864      0.200



====== CYCLE 10 ======

 weight = 1.0000e+00
 geom_x = 12.836413729129973
 geom_a = 0
 geom_q = 0
 geom_c = 0.0
f0= 1.2836e+01
using cgsolve in c++, ic=False
diag(geom) min= 431.059519 max= 12359.417975
diag(all) min= 431.059519 max= 12359.417975
Trying gamma equal 0.235200
Convergence reached after 14 iterations with no gamma cycles
min(dx) = -0.004940729514555539
max(dx) = 0.005280019223518478
mean(dx)= -9.184469468452998e-05
vdws = 11
atoms = 11
pairs = 34
 geom_x = 12.75063950019503
 geom_a = 0
 geom_q = 0
 geom_c = 0.0
f1, 0= 1.2751e+01
                       N restraints  r.m.s.d.  r.m.s.Z  Mn(sigma)
Bond distances, non H            11     0.007    0.365      0.016
Bond angles, non H               15     2.569    0.859      2.300
Chiral centres                    3     0.055    0.570      0.120
Planar groups                     4     0.001    0.034      0.020
VDW torsion                       4     0.173    0.865      0.200



====== CYCLE 11 ======

 weight = 1.0000e+00
 geom_x = 12.75063950019503
 geom_a = 0
 geom_q = 0
 geom_c = 0.0
f0= 1.2751e+01
using cgsolve in c++, ic=False
diag(geom) min= 437.087987 max= 12366.546700
diag(all) min= 437.087987 max= 12366.546700
Trying gamma equal 0.235200
Convergence reached after 14 iterations with no gamma cycles
min(dx) = -0.004777809151975747
max(dx) = 0.005211214389741706
mean(dx)= -8.572713529156445e-05
vdws = 11
atoms = 11
pairs = 34
 geom_x = 12.67419963908494
 geom_a = 0
 geom_q = 0
 geom_c = 0.0
f1, 0= 1.2674e+01
                       N restraints  r.m.s.d.  r.m.s.Z  Mn(sigma)
Bond distances, non H            11     0.007    0.366      0.016
Bond angles, non H               15     2.547    0.852      2.300
Chiral centres                    3     0.055    0.567      0.120
Planar groups                     4     0.001    0.033      0.020
VDW torsion                       4     0.173    0.866      0.200



====== CYCLE 12 ======

 weight = 1.0000e+00
 geom_x = 12.67419963908494
 geom_a = 0
 geom_q = 0
 geom_c = 0.0
f0= 1.2674e+01
using cgsolve in c++, ic=False
diag(geom) min= 442.980994 max= 12372.794187
diag(all) min= 442.980994 max= 12372.794187
Trying gamma equal 0.235200
Convergence reached after 14 iterations with no gamma cycles
min(dx) = -0.004616258392308914
max(dx) = 0.005135943436878491
mean(dx)= -8.030548395140353e-05
vdws = 11
atoms = 11
pairs = 34
 geom_x = 12.605743850636625
 geom_a = 0
 geom_q = 0
 geom_c = 0.0
f1, 0= 1.2606e+01
                       N restraints  r.m.s.d.  r.m.s.Z  Mn(sigma)
Bond distances, non H            11     0.007    0.367      0.016
Bond angles, non H               15     2.527    0.845      2.300
Chiral centres                    3     0.055    0.566      0.120
Planar groups                     4     0.001    0.032      0.020
VDW torsion                       4     0.174    0.868      0.200



====== CYCLE 13 ======

 weight = 1.0000e+00
 geom_x = 12.605743850636625
 geom_a = 0
 geom_q = 0
 geom_c = 0.0
f0= 1.2606e+01
using cgsolve in c++, ic=False
diag(geom) min= 448.733812 max= 12378.276320
diag(all) min= 448.733812 max= 12378.276320
Trying gamma equal 0.235200
Convergence reached after 14 iterations with no gamma cycles
min(dx) = -0.004457069131480578
max(dx) = 0.00505489767065118
mean(dx)= -7.548606037214584e-05
vdws = 11
atoms = 11
pairs = 34
 geom_x = 12.544174792115989
 geom_a = 0
 geom_q = 0
 geom_c = 0.0
f1, 0= 1.2544e+01
                       N restraints  r.m.s.d.  r.m.s.Z  Mn(sigma)
Bond distances, non H            11     0.007    0.368      0.016
Bond angles, non H               15     2.509    0.839      2.300
Chiral centres                    3     0.055    0.564      0.120
Planar groups                     4     0.001    0.031      0.020
VDW torsion                       4     0.174    0.869      0.200



====== CYCLE 14 ======

 weight = 1.0000e+00
 geom_x = 12.544174792115989
 geom_a = 0
 geom_q = 0
 geom_c = 0.0
f0= 1.2544e+01
using cgsolve in c++, ic=False
diag(geom) min= 454.342514 max= 12383.090859
diag(all) min= 454.342514 max= 12383.090859
Trying gamma equal 0.235200
Convergence reached after 14 iterations with no gamma cycles
min(dx) = -0.004300842284893075
max(dx) = 0.004968968130490421
mean(dx)= -7.118021006878465e-05
vdws = 11
atoms = 11
pairs = 34
 geom_x = 12.488590299110164
 geom_a = 0
 geom_q = 0
 geom_c = 0.0
f1, 0= 1.2489e+01
                       N restraints  r.m.s.d.  r.m.s.Z  Mn(sigma)
Bond distances, non H            11     0.007    0.369      0.016
Bond angles, non H               15     2.492    0.834      2.300
Chiral centres                    3     0.055    0.562      0.120
Planar groups                     4     0.001    0.030      0.020
VDW torsion                       4     0.174    0.870      0.200



====== CYCLE 15 ======

 weight = 1.0000e+00
 geom_x = 12.488590299110164
 geom_a = 0
 geom_q = 0
 geom_c = 0.0
f0= 1.2489e+01
using cgsolve in c++, ic=False
diag(geom) min= 459.804147 max= 12387.321275
diag(all) min= 459.804147 max= 12387.321275
Trying gamma equal 0.235200
Convergence reached after 14 iterations with no gamma cycles
min(dx) = -0.004148106922129763
max(dx) = 0.004878948651339265
mean(dx)= -6.731286249000012e-05
vdws = 11
atoms = 11
pairs = 34
 geom_x = 12.43824060675541
 geom_a = 0
 geom_q = 0
 geom_c = 0.0
f1, 0= 1.2438e+01
                       N restraints  r.m.s.d.  r.m.s.Z  Mn(sigma)
Bond distances, non H            11     0.007    0.370      0.016
Bond angles, non H               15     2.476    0.829      2.300
Chiral centres                    3     0.055    0.560      0.120
Planar groups                     4     0.001    0.030      0.020
VDW torsion                       4     0.174    0.871      0.200



====== CYCLE 16 ======

 weight = 1.0000e+00
 geom_x = 12.43824060675541
 geom_a = 0
 geom_q = 0
 geom_c = 0.0
f0= 1.2438e+01
using cgsolve in c++, ic=False
diag(geom) min= 463.244572 max= 12391.039191
diag(all) min= 463.244572 max= 12391.039191
Trying gamma equal 0.235200
Convergence reached after 14 iterations with no gamma cycles
min(dx) = -0.00399921201396901
max(dx) = 0.004785617101122749
mean(dx)= -6.381962818286116e-05
vdws = 11
atoms = 11
pairs = 34
 geom_x = 12.392496389923082
 geom_a = 0
 geom_q = 0
 geom_c = 0.0
f1, 0= 1.2392e+01
                       N restraints  r.m.s.d.  r.m.s.Z  Mn(sigma)
Bond distances, non H            11     0.007    0.371      0.016
Bond angles, non H               15     2.462    0.824      2.300
Chiral centres                    3     0.055    0.559      0.120
Planar groups                     4     0.001    0.029      0.020
VDW torsion                       4     0.174    0.872      0.200



====== CYCLE 17 ======

 weight = 1.0000e+00
 geom_x = 12.392496389923082
 geom_a = 0
 geom_q = 0
 geom_c = 0.0
f0= 1.2392e+01
using cgsolve in c++, ic=False
diag(geom) min= 462.089093 max= 12394.306437
diag(all) min= 462.089093 max= 12394.306437
Trying gamma equal 0.235200
Convergence reached after 14 iterations with no gamma cycles
min(dx) = -0.0038544077878739182
max(dx) = 0.0046896792064179465
mean(dx)= -6.064665506012979e-05
vdws = 11
atoms = 11
pairs = 34
 geom_x = 12.350824653160121
 geom_a = 0
 geom_q = 0
 geom_c = 0.0
f1, 0= 1.2351e+01
                       N restraints  r.m.s.d.  r.m.s.Z  Mn(sigma)
Bond distances, non H            11     0.007    0.371      0.016
Bond angles, non H               15     2.448    0.819      2.300
Chiral centres                    3     0.055    0.558      0.120
Planar groups                     4     0.001    0.028      0.020
VDW torsion                       4     0.175    0.873      0.200



====== CYCLE 18 ======

 weight = 1.0000e+00
 geom_x = 12.350824653160121
 geom_a = 0
 geom_q = 0
 geom_c = 0.0
f0= 1.2351e+01
using cgsolve in c++, ic=False
diag(geom) min= 461.025615 max= 12397.176603
diag(all) min= 461.025615 max= 12397.176603
Trying gamma equal 0.235200
Convergence reached after 14 iterations with no gamma cycles
min(dx) = -0.003713863936061529
max(dx) = 0.004591767119329915
mean(dx)= -5.774915461216897e-05
vdws = 11
atoms = 11
pairs = 34
 geom_x = 12.312770346040566
 geom_a = 0
 geom_q = 0
 geom_c = 0.0
f1, 0= 1.2313e+01
                       N restraints  r.m.s.d.  r.m.s.Z  Mn(sigma)
Bond distances, non H            11     0.007    0.372      0.016
Bond angles, non H               15     2.436    0.815      2.300
Chiral centres                    3     0.055    0.557      0.120
Planar groups                     4     0.001    0.027      0.020
VDW torsion                       4     0.175    0.873      0.200



====== CYCLE 19 ======

 weight = 1.0000e+00
 geom_x = 12.312770346040566
 geom_a = 0
 geom_q = 0
 geom_c = 0.0
f0= 1.2313e+01
using cgsolve in c++, ic=False
diag(geom) min= 460.045809 max= 12399.696280
diag(all) min= 460.045809 max= 12399.696280
Trying gamma equal 0.235200
Convergence reached after 14 iterations with no gamma cycles
min(dx) = -0.003577685938809853
max(dx) = 0.004492441543549004
mean(dx)= -5.5089955915895614e-05
vdws = 11
atoms = 11
pairs = 34
 geom_x = 12.277942184377427
 geom_a = 0
 geom_q = 0
 geom_c = 0.0
f1, 0= 1.2278e+01
                       N restraints  r.m.s.d.  r.m.s.Z  Mn(sigma)
Bond distances, non H            11     0.007    0.372      0.016
Bond angles, non H               15     2.425    0.811      2.300
Chiral centres                    3     0.055    0.555      0.120
Planar groups                     4     0.001    0.027      0.020
VDW torsion                       4     0.175    0.874      0.200



====== CYCLE 20 ======

 weight = 1.0000e+00
 geom_x = 12.277942184377427
 geom_a = 0
 geom_q = 0
 geom_c = 0.0
f0= 1.2278e+01
using cgsolve in c++, ic=False
diag(geom) min= 459.142182 max= 12401.906094
diag(all) min= 459.142182 max= 12401.906094
Trying gamma equal 0.235200
Convergence reached after 14 iterations with no gamma cycles
min(dx) = -0.003445927914342167
max(dx) = 0.0043921964510521974
mean(dx)= -5.263818769296991e-05
vdws = 11
atoms = 11
pairs = 34
 geom_x = 12.246001586285537
 geom_a = 0
 geom_q = 0
 geom_c = 0.0
f1, 0= 1.2246e+01
                       N restraints  r.m.s.d.  r.m.s.Z  Mn(sigma)
Bond distances, non H            11     0.007    0.373      0.016
Bond angles, non H               15     2.414    0.808      2.300
Chiral centres                    3     0.055    0.554      0.120
Planar groups                     4     0.001    0.026      0.020
VDW torsion                       4     0.175    0.875      0.200



====== CYCLE 21 ======

 weight = 1.0000e+00
 geom_x = 12.246001586285537
 geom_a = 0
 geom_q = 0
 geom_c = 0.0
f0= 1.2246e+01
using cgsolve in c++, ic=False
diag(geom) min= 458.307987 max= 12403.841556
diag(all) min= 458.307987 max= 12403.841556
Trying gamma equal 0.235200
Convergence reached after 14 iterations with no gamma cycles
min(dx) = -0.0033186027968088836
max(dx) = 0.004291464868911693
mean(dx)= -5.036813914790934e-05
vdws = 11
atoms = 11
pairs = 34
 geom_x = 12.21665393649742
 geom_a = 0
 geom_q = 0
 geom_c = 0.0
f1, 0= 1.2217e+01
                       N restraints  r.m.s.d.  r.m.s.Z  Mn(sigma)
Bond distances, non H            11     0.007    0.373      0.016
Bond angles, non H               15     2.404    0.805      2.300
Chiral centres                    3     0.055    0.554      0.120
Planar groups                     4     0.001    0.025      0.020
VDW torsion                       4     0.175    0.876      0.200



====== CYCLE 22 ======

 weight = 1.0000e+00
 geom_x = 12.21665393649742
 geom_a = 0
 geom_q = 0
 geom_c = 0.0
f0= 1.2217e+01
using cgsolve in c++, ic=False
diag(geom) min= 457.537145 max= 12405.533774
diag(all) min= 457.537145 max= 12405.533774
Trying gamma equal 0.235200
Convergence reached after 14 iterations with no gamma cycles
min(dx) = -0.0031956905147842865
max(dx) = 0.0041906248712749675
mean(dx)= -4.825830624799363e-05
vdws = 11
atoms = 11
pairs = 34
 geom_x = 12.189641608758862
 geom_a = 0
 geom_q = 0
 geom_c = 0.0
f1, 0= 1.2190e+01
                       N restraints  r.m.s.d.  r.m.s.Z  Mn(sigma)
Bond distances, non H            11     0.007    0.373      0.016
Bond angles, non H               15     2.395    0.802      2.300
Chiral centres                    3     0.055    0.553      0.120
Planar groups                     4     0.000    0.024      0.020
VDW torsion                       4     0.175    0.876      0.200



====== CYCLE 23 ======

 weight = 1.0000e+00
 geom_x = 12.189641608758862
 geom_a = 0
 geom_q = 0
 geom_c = 0.0
f0= 1.2190e+01
using cgsolve in c++, ic=False
diag(geom) min= 456.824173 max= 12407.010061
diag(all) min= 456.824173 max= 12407.010061
Trying gamma equal 0.235200
Convergence reached after 14 iterations with no gamma cycles
min(dx) = -0.00307714463481975
max(dx) = 0.004090005344029904
mean(dx)= -4.629060871754243e-05
vdws = 11
atoms = 11
pairs = 34
 geom_x = 12.164738330291861
 geom_a = 0
 geom_q = 0
 geom_c = 0.0
f1, 0= 1.2165e+01
                       N restraints  r.m.s.d.  r.m.s.Z  Mn(sigma)
Bond distances, non H            11     0.007    0.374      0.016
Bond angles, non H               15     2.387    0.799      2.300
Chiral centres                    3     0.055    0.552      0.120
Planar groups                     4     0.000    0.024      0.020
VDW torsion                       4     0.175    0.877      0.200



====== CYCLE 24 ======

 weight = 1.0000e+00
 geom_x = 12.164738330291861
 geom_a = 0
 geom_q = 0
 geom_c = 0.0
f0= 1.2165e+01
using cgsolve in c++, ic=False
diag(geom) min= 456.164122 max= 12408.294442
diag(all) min= 456.164122 max= 12408.294442
Trying gamma equal 0.235200
Convergence reached after 14 iterations with no gamma cycles
min(dx) = -0.0029628978029107187
max(dx) = 0.003989891327670929
mean(dx)= -4.444975467234048e-05
vdws = 11
atoms = 11
pairs = 34
 geom_x = 12.141744582455207
 geom_a = 0
 geom_q = 0
 geom_c = 0.0
f1, 0= 1.2142e+01
                       N restraints  r.m.s.d.  r.m.s.Z  Mn(sigma)
Bond distances, non H            11     0.007    0.374      0.016
Bond angles, non H               15     2.379    0.796      2.300
Chiral centres                    3     0.055    0.551      0.120
Planar groups                     4     0.000    0.023      0.020
VDW torsion                       4     0.175    0.877      0.200



====== CYCLE 25 ======

 weight = 1.0000e+00
 geom_x = 12.141744582455207
 geom_a = 0
 geom_q = 0
 geom_c = 0.0
f0= 1.2142e+01
using cgsolve in c++, ic=False
diag(geom) min= 455.552517 max= 12409.408098
diag(all) min= 455.552517 max= 12409.408098
Trying gamma equal 0.235200
Convergence reached after 14 iterations with no gamma cycles
min(dx) = -0.0028528662311741167
max(dx) = 0.00389052887165426
mean(dx)= -4.272272834227981e-05
vdws = 11
atoms = 11
pairs = 34
 geom_x = 12.12048381074067
 geom_a = 0
 geom_q = 0
 geom_c = 0.0
f1, 0= 1.2120e+01
                       N restraints  r.m.s.d.  r.m.s.Z  Mn(sigma)
Bond distances, non H            11     0.007    0.374      0.016
Bond angles, non H               15     2.372    0.794      2.300
Chiral centres                    3     0.055    0.550      0.120
Planar groups                     4     0.000    0.022      0.020
VDW torsion                       4     0.176    0.878      0.200



====== CYCLE 26 ======

 weight = 1.0000e+00
 geom_x = 12.12048381074067
 geom_a = 0
 geom_q = 0
 geom_c = 0.0
f0= 1.2120e+01
using cgsolve in c++, ic=False
diag(geom) min= 454.985310 max= 12410.369732
diag(all) min= 454.985310 max= 12410.369732
Trying gamma equal 0.235200
Convergence reached after 14 iterations with no gamma cycles
min(dx) = -0.0027469534156687285
max(dx) = 0.0037921293991502666
mean(dx)= -4.109837825226023e-05
vdws = 11
atoms = 11
pairs = 34
 geom_x = 12.100799274210203
 geom_a = 0
 geom_q = 0
 geom_c = 0.0
f1, 0= 1.2101e+01
                       N restraints  r.m.s.d.  r.m.s.Z  Mn(sigma)
Bond distances, non H            11     0.007    0.375      0.016
Bond angles, non H               15     2.365    0.792      2.300
Chiral centres                    3     0.055    0.550      0.120
Planar groups                     4     0.000    0.022      0.020
VDW torsion                       4     0.176    0.878      0.200



====== CYCLE 27 ======

 weight = 1.0000e+00
 geom_x = 12.100799274210203
 geom_a = 0
 geom_q = 0
 geom_c = 0.0
f0= 1.2101e+01
using cgsolve in c++, ic=False
diag(geom) min= 454.458834 max= 12411.195894
diag(all) min= 454.458834 max= 12411.195894
Trying gamma equal 0.235200
Convergence reached after 14 iterations with no gamma cycles
min(dx) = -0.0026450532256360325
max(dx) = 0.003694873611462501
mean(dx)= -3.956708647914231e-05
vdws = 11
atoms = 11
pairs = 34
 geom_x = 12.08255140581091
 geom_a = 0
 geom_q = 0
 geom_c = 0.0
f1, 0= 1.2083e+01
                       N restraints  r.m.s.d.  r.m.s.Z  Mn(sigma)
Bond distances, non H            11     0.007    0.375      0.016
Bond angles, non H               15     2.359    0.790      2.300
Chiral centres                    3     0.055    0.549      0.120
Planar groups                     4     0.000    0.021      0.020
VDW torsion                       4     0.176    0.879      0.200



====== CYCLE 28 ======

 weight = 1.0000e+00
 geom_x = 12.08255140581091
 geom_a = 0
 geom_q = 0
 geom_c = 0.0
f0= 1.2083e+01
using cgsolve in c++, ic=False
diag(geom) min= 453.969762 max= 12411.901253
diag(all) min= 453.969762 max= 12411.901253
Trying gamma equal 0.235200
Convergence reached after 13 iterations with no gamma cycles
min(dx) = -0.0025471367533861275
max(dx) = 0.003598881227467037
mean(dx)= -3.811631097675099e-05
vdws = 11
atoms = 11
pairs = 34
 geom_x = 12.065615585745075
 geom_a = 0
 geom_q = 0
 geom_c = 0.0
f1, 0= 1.2066e+01
                       N restraints  r.m.s.d.  r.m.s.Z  Mn(sigma)
Bond distances, non H            11     0.007    0.375      0.016
Bond angles, non H               15     2.353    0.788      2.300
Chiral centres                    3     0.055    0.549      0.120
Planar groups                     4     0.000    0.020      0.020
VDW torsion                       4     0.176    0.879      0.200



====== CYCLE 29 ======

 weight = 1.0000e+00
 geom_x = 12.065615585745075
 geom_a = 0
 geom_q = 0
 geom_c = 0.0
f0= 1.2066e+01
using cgsolve in c++, ic=False
diag(geom) min= 453.515058 max= 12412.498808
diag(all) min= 453.515058 max= 12412.498808
Trying gamma equal 0.235200
Convergence reached after 13 iterations with no gamma cycles
min(dx) = -0.0024528838233269265
max(dx) = 0.003504371582647673
mean(dx)= -3.674933510206843e-05
vdws = 11
atoms = 11
pairs = 34
 geom_x = 12.049880250090496
 geom_a = 0
 geom_q = 0
 geom_c = 0.0
f1, 0= 1.2050e+01
                       N restraints  r.m.s.d.  r.m.s.Z  Mn(sigma)
Bond distances, non H            11     0.007    0.375      0.016
Bond angles, non H               15     2.348    0.786      2.300
Chiral centres                    3     0.055    0.548      0.120
Planar groups                     4     0.000    0.020      0.020
VDW torsion                       4     0.176    0.880      0.200



====== CYCLE 30 ======

 weight = 1.0000e+00
 geom_x = 12.049880250090496
 geom_a = 0
 geom_q = 0
 geom_c = 0.0
f0= 1.2050e+01
using cgsolve in c++, ic=False
diag(geom) min= 453.091996 max= 12413.000150
diag(all) min= 453.091996 max= 12413.000150
Trying gamma equal 0.235200
Convergence reached after 13 iterations with no gamma cycles
min(dx) = -0.002362309950370864
max(dx) = 0.0034113820202948423
mean(dx)= -3.545246292455348e-05
vdws = 11
atoms = 11
pairs = 34
 geom_x = 12.035245276252855
 geom_a = 0
 geom_q = 0
 geom_c = 0.0
f1, 0= 1.2035e+01
                       N restraints  r.m.s.d.  r.m.s.Z  Mn(sigma)
Bond distances, non H            11     0.007    0.375      0.016
Bond angles, non H               15     2.343    0.784      2.300
Chiral centres                    3     0.055    0.548      0.120
Planar groups                     4     0.000    0.019      0.020
VDW torsion                       4     0.176    0.880      0.200


$TABLE: stats vs cycle :
$GRAPHS
: Geometry :A:1,2,4:
: Geometry Z :A:1,3,5:
$$
 Ncyc  rmsBOND  zBOND  rmsANGL  zANGL
$$
$$
    0   0.0101 0.5497   2.8500 0.9542
    1   0.0067 0.3542   2.8604 0.9569
    2   0.0065 0.3430   2.8291 0.9464
    3   0.0065 0.3465   2.7882 0.9326
    4   0.0066 0.3504   2.7481 0.9192
    5   0.0067 0.3537   2.7111 0.9068
    6   0.0067 0.3565   2.6773 0.8955
    7   0.0068 0.3590   2.6464 0.8852
    8   0.0068 0.3611   2.6182 0.8758
    9   0.0069 0.3629   2.5925 0.8672
   10   0.0069 0.3645   2.5689 0.8594
   11   0.0069 0.3659   2.5472 0.8521
   12   0.0069 0.3671   2.5272 0.8455
   13   0.0070 0.3682   2.5088 0.8394
   14   0.0070 0.3691   2.4918 0.8337
   15   0.0070 0.3699   2.4762 0.8285
   16   0.0070 0.3706   2.4617 0.8237
   17   0.0070 0.3713   2.4484 0.8193
   18   0.0070 0.3718   2.4360 0.8152
   19   0.0071 0.3723   2.4246 0.8114
   20   0.0071 0.3727   2.4140 0.8079
   21   0.0071 0.3731   2.4043 0.8047
   22   0.0071 0.3735   2.3952 0.8017
   23   0.0071 0.3738   2.3868 0.7989
   24   0.0071 0.3741   2.3791 0.7963
   25   0.0071 0.3744   2.3719 0.7939
   26   0.0071 0.3746   2.3652 0.7917
   27   0.0071 0.3749   2.3590 0.7897
   28   0.0071 0.3751   2.3533 0.7878
   29   0.0071 0.3753   2.3479 0.7860
   30   0.0071 0.3755   2.3429 0.7844
$$

Creating restraints..

Chain info:
 chain 
  ligands: LIG (1 residues)

Number of refinement parameters:
       n_params  n_atoms  n_atoms_geom_only  n_atoms_data_only
xyz          22       22                 11                  0
adp           0        0                  0                  0
occ           0        0                  0                  0
dfrac         0        0                  0                  0

Randomizing structure with rmsd of 0.01
Torsion angle rules:
 include:
  {'group': 'peptide', 'tors_name': 'chi*'}
  {'link': '*', 'tors_name': 'omega'}
  {'residue': '*', 'tors_name': 'sp2_sp2*'}
  {'link': '*', 'tors_name': 'sp2_sp2*'}
 exclude:
  none
External restraints from Refmac instructions
 Number of distances          : 0
 Number of angles             : 0
 Number of torsions           : 0
 Number of chirals            : 0
 Number of planes             : 0
 Number of intervals          : 0
 Number of stackings          : 0
 Number of harmonics          : 0
 Number of special positions  : 0

Running 10 cycles with wchir=4 wvdw=2 with hydrogen
Geometry weights
vdws = 60
atoms = 22
pairs = 120
                          N restraints  r.m.s.d.  r.m.s.Z  Mn(sigma)
Bond distances, non H               11     0.012    0.706      0.016
Bond distances, H                   11     0.009    0.716      0.016
Bond angles, non H                  15     2.382    0.857      2.300
Bond angles, H                      26     1.283    0.598      2.006
Torsion angles, period 3             2     0.417    0.042     10.000
Chiral centres                       3     0.041    0.426      0.120
Planar groups                        4     0.001    0.043      0.020
VDW nonbonded                        1     0.053    0.267      0.200
VDW torsion                          9     0.135    0.674      0.200


====== CYCLE  1 ======

 weight = 1.0000e+00
 geom_x = 28.38068181820499
 geom_a = 0
 geom_q = 0
 geom_c = 0.0
f0= 2.8381e+01
using cgsolve in c++, ic=False
diag(geom) min= 631.528598 max= 32992.858159
diag(all) min= 631.528598 max= 32992.858159
Trying gamma equal 0.000000
Not converging with gamma equal 0.000000
Trying gamma equal 0.052500
Gamma decreased to 0.042000
min(dx) = -0.024228453480259836
max(dx) = 0.019055933578153328
mean(dx)= -0.0011650029031785051
vdws = 61
atoms = 22
pairs = 121
 geom_x = 18.198164264575258
 geom_a = 0
 geom_q = 0
 geom_c = 0.0
f1, 0= 1.8198e+01
                          N restraints  r.m.s.d.  r.m.s.Z  Mn(sigma)
Bond distances, non H               11     0.013    0.693      0.016
Bond distances, H                   11     0.000    0.025      0.016
Bond angles, non H                  15     2.290    0.770      2.300
Bond angles, H                      26     1.210    0.471      2.006
Torsion angles, period 3             2     0.322    0.032     10.000
Chiral centres                       3     0.010    0.112      0.120
Planar groups                        4     0.001    0.026      0.020
VDW nonbonded                        1     0.037    0.184      0.200
VDW torsion                          9     0.132    0.661      0.200



====== CYCLE  2 ======

 weight = 1.0000e+00
 geom_x = 18.198164264575258
 geom_a = 0
 geom_q = 0
 geom_c = 0.0
f0= 1.8198e+01
using cgsolve in c++, ic=False
diag(geom) min= 643.901523 max= 33454.850518
diag(all) min= 643.901523 max= 33454.850518
Trying gamma equal 0.042000
Convergence reached after 36 iterations with no gamma cycles
min(dx) = -0.02035851374895401
max(dx) = 0.012619148108684801
mean(dx)= 8.879994921929633e-07
vdws = 61
atoms = 22
pairs = 121
 geom_x = 17.991367746560897
 geom_a = 0
 geom_q = 0
 geom_c = 0.0
f1, 0= 1.7991e+01
                          N restraints  r.m.s.d.  r.m.s.Z  Mn(sigma)
Bond distances, non H               11     0.013    0.703      0.016
Bond distances, H                   11     0.000    0.022      0.016
Bond angles, non H                  15     2.285    0.767      2.300
Bond angles, H                      26     1.200    0.465      2.006
Torsion angles, period 3             2     0.484    0.048     10.000
Chiral centres                       3     0.010    0.108      0.120
Planar groups                        4     0.000    0.017      0.020
VDW nonbonded                        1     0.031    0.155      0.200
VDW torsion                          9     0.131    0.655      0.200



====== CYCLE  3 ======

 weight = 1.0000e+00
 geom_x = 17.991367746560897
 geom_a = 0
 geom_q = 0
 geom_c = 0.0
f0= 1.7991e+01
using cgsolve in c++, ic=False
diag(geom) min= 658.994467 max= 33510.176800
diag(all) min= 658.994467 max= 33510.176800
Trying gamma equal 0.042000
Not converging with gamma equal 0.042000
Trying gamma equal 0.094500
Gamma decreased to 0.084000
min(dx) = -0.008272517369400632
max(dx) = 0.005569222960941541
mean(dx)= 1.093596955236138e-05
vdws = 59
atoms = 22
pairs = 119
 geom_x = 17.938770267848714
 geom_a = 0
 geom_q = 0
 geom_c = 0.0
f1, 0= 1.7939e+01
                          N restraints  r.m.s.d.  r.m.s.Z  Mn(sigma)
Bond distances, non H               11     0.013    0.703      0.016
Bond distances, H                   11     0.000    0.022      0.016
Bond angles, non H                  15     2.284    0.767      2.300
Bond angles, H                      26     1.198    0.464      2.006
Torsion angles, period 3             2     0.581    0.058     10.000
Chiral centres                       3     0.010    0.107      0.120
Planar groups                        4     0.000    0.015      0.020
VDW nonbonded                        1     0.029    0.145      0.200
VDW torsion                          9     0.131    0.653      0.200



====== CYCLE  4 ======

 weight = 1.0000e+00
 geom_x = 17.938770267848714
 geom_a = 0
 geom_q = 0
 geom_c = 0.0
f0= 1.7939e+01
using cgsolve in c++, ic=False
diag(geom) min= 661.835661 max= 33518.458478
diag(all) min= 661.835661 max= 33518.458478
Trying gamma equal 0.084000
Convergence reached after 27 iterations with no gamma cycles
min(dx) = -0.008277235224203398
max(dx) = 0.005811261273616455
mean(dx)= 1.8910754995207852e-05
vdws = 59
atoms = 22
pairs = 119
 geom_x = 17.892945529891755
 geom_a = 0
 geom_q = 0
 geom_c = 0.0
f1, 0= 1.7893e+01
                          N restraints  r.m.s.d.  r.m.s.Z  Mn(sigma)
Bond distances, non H               11     0.013    0.703      0.016
Bond distances, H                   11     0.000    0.021      0.016
Bond angles, non H                  15     2.282    0.767      2.300
Bond angles, H                      26     1.197    0.464      2.006
Torsion angles, period 3             2     0.683    0.068     10.000
Chiral centres                       3     0.010    0.107      0.120
Planar groups                        4     0.000    0.012      0.020
VDW nonbonded                        1     0.027    0.136      0.200
VDW torsion                          9     0.130    0.652      0.200



====== CYCLE  5 ======

 weight = 1.0000e+00
 geom_x = 17.892945529891755
 geom_a = 0
 geom_q = 0
 geom_c = 0.0
f0= 1.7893e+01
using cgsolve in c++, ic=False
diag(geom) min= 661.118107 max= 33524.657713
diag(all) min= 661.118107 max= 33524.657713
Trying gamma equal 0.084000
Convergence reached after 26 iterations with no gamma cycles
min(dx) = -0.0072951838171767
max(dx) = 0.00529490956015888
mean(dx)= 2.1770284669834305e-05
vdws = 59
atoms = 22
pairs = 119
 geom_x = 17.855087926285783
 geom_a = 0
 geom_q = 0
 geom_c = 0.0
f1, 0= 1.7855e+01
                          N restraints  r.m.s.d.  r.m.s.Z  Mn(sigma)
Bond distances, non H               11     0.013    0.703      0.016
Bond distances, H                   11     0.000    0.021      0.016
Bond angles, non H                  15     2.281    0.766      2.300
Bond angles, H                      26     1.196    0.464      2.006
Torsion angles, period 3             2     0.775    0.077     10.000
Chiral centres                       3     0.010    0.107      0.120
Planar groups                        4     0.000    0.010      0.020
VDW nonbonded                        1     0.026    0.129      0.200
VDW torsion                          9     0.130    0.651      0.200



====== CYCLE  6 ======

 weight = 1.0000e+00
 geom_x = 17.855087926285783
 geom_a = 0
 geom_q = 0
 geom_c = 0.0
f0= 1.7855e+01
using cgsolve in c++, ic=False
diag(geom) min= 659.939523 max= 33529.563474
diag(all) min= 659.939523 max= 33529.563474
Trying gamma equal 0.084000
Convergence reached after 25 iterations with no gamma cycles
min(dx) = -0.006450328176337123
max(dx) = 0.004809142155215023
mean(dx)= 2.434161670571736e-05
vdws = 58
atoms = 22
pairs = 118
 geom_x = 17.82258461955208
 geom_a = 0
 geom_q = 0
 geom_c = 0.0
f1, 0= 1.7823e+01
                          N restraints  r.m.s.d.  r.m.s.Z  Mn(sigma)
Bond distances, non H               11     0.013    0.703      0.016
Bond distances, H                   11     0.000    0.021      0.016
Bond angles, non H                  15     2.279    0.766      2.300
Bond angles, H                      26     1.195    0.463      2.006
Torsion angles, period 3             2     0.856    0.086     10.000
Chiral centres                       3     0.010    0.106      0.120
Planar groups                        4     0.000    0.007      0.020
VDW nonbonded                        1     0.024    0.122      0.200
VDW torsion                          9     0.130    0.650      0.200



====== CYCLE  7 ======

 weight = 1.0000e+00
 geom_x = 17.82258461955208
 geom_a = 0
 geom_q = 0
 geom_c = 0.0
f0= 1.7823e+01
using cgsolve in c++, ic=False
diag(geom) min= 658.575670 max= 33533.757374
diag(all) min= 658.575670 max= 33533.757374
Trying gamma equal 0.084000
Convergence reached after 24 iterations with no gamma cycles
min(dx) = -0.005724674248923226
max(dx) = 0.0043641298419265576
mean(dx)= 2.696040990965687e-05
vdws = 58
atoms = 22
pairs = 118
 geom_x = 17.79396638584239
 geom_a = 0
 geom_q = 0
 geom_c = 0.0
f1, 0= 1.7794e+01
                          N restraints  r.m.s.d.  r.m.s.Z  Mn(sigma)
Bond distances, non H               11     0.013    0.703      0.016
Bond distances, H                   11     0.000    0.021      0.016
Bond angles, non H                  15     2.277    0.765      2.300
Bond angles, H                      26     1.195    0.463      2.006
Torsion angles, period 3             2     0.925    0.093     10.000
Chiral centres                       3     0.010    0.106      0.120
Planar groups                        4     0.000    0.006      0.020
VDW nonbonded                        1     0.023    0.117      0.200
VDW torsion                          9     0.130    0.649      0.200



====== CYCLE  8 ======

 weight = 1.0000e+00
 geom_x = 17.79396638584239
 geom_a = 0
 geom_q = 0
 geom_c = 0.0
f0= 1.7794e+01
using cgsolve in c++, ic=False
diag(geom) min= 657.137391 max= 33537.470112
diag(all) min= 657.137391 max= 33537.470112
Trying gamma equal 0.084000
Convergence reached after 24 iterations with no gamma cycles
min(dx) = -0.005099816660831141
max(dx) = 0.003963126376708878
mean(dx)= 2.9514669087591757e-05
vdws = 58
atoms = 22
pairs = 118
 geom_x = 17.7683122961627
 geom_a = 0
 geom_q = 0
 geom_c = 0.0
f1, 0= 1.7768e+01
                          N restraints  r.m.s.d.  r.m.s.Z  Mn(sigma)
Bond distances, non H               11     0.013    0.703      0.016
Bond distances, H                   11     0.000    0.021      0.016
Bond angles, non H                  15     2.275    0.764      2.300
Bond angles, H                      26     1.194    0.463      2.006
Torsion angles, period 3             2     0.985    0.099     10.000
Chiral centres                       3     0.010    0.106      0.120
Planar groups                        4     0.000    0.004      0.020
VDW nonbonded                        1     0.023    0.113      0.200
VDW torsion                          9     0.130    0.649      0.200



====== CYCLE  9 ======

 weight = 1.0000e+00
 geom_x = 17.7683122961627
 geom_a = 0
 geom_q = 0
 geom_c = 0.0
f0= 1.7768e+01
using cgsolve in c++, ic=False
diag(geom) min= 655.673585 max= 33540.824800
diag(all) min= 655.673585 max= 33540.824800
Trying gamma equal 0.084000
Convergence reached after 24 iterations with no gamma cycles
min(dx) = -0.004559470525613578
max(dx) = 0.0036058496468729766
mean(dx)= 3.188200129922493e-05
vdws = 58
atoms = 22
pairs = 118
 geom_x = 17.7450050730765
 geom_a = 0
 geom_q = 0
 geom_c = 0.0
f1, 0= 1.7745e+01
                          N restraints  r.m.s.d.  r.m.s.Z  Mn(sigma)
Bond distances, non H               11     0.013    0.703      0.016
Bond distances, H                   11     0.000    0.020      0.016
Bond angles, non H                  15     2.273    0.764      2.300
Bond angles, H                      26     1.194    0.462      2.006
Torsion angles, period 3             2     1.036    0.104     10.000
Chiral centres                       3     0.010    0.106      0.120
Planar groups                        4     0.000    0.003      0.020
VDW nonbonded                        1     0.022    0.109      0.200
VDW torsion                          9     0.130    0.648      0.200



====== CYCLE 10 ======

 weight = 1.0000e+00
 geom_x = 17.7450050730765
 geom_a = 0
 geom_q = 0
 geom_c = 0.0
f0= 1.7745e+01
using cgsolve in c++, ic=False
diag(geom) min= 654.208444 max= 33543.895990
diag(all) min= 654.208444 max= 33543.895990
Trying gamma equal 0.084000
Convergence reached after 24 iterations with no gamma cycles
min(dx) = -0.004089947223689259
max(dx) = 0.0032899009434436788
mean(dx)= 3.3986046677212615e-05
vdws = 58
atoms = 22
pairs = 118
 geom_x = 17.72361131224587
 geom_a = 0
 geom_q = 0
 geom_c = 0.0
f1, 0= 1.7724e+01
                          N restraints  r.m.s.d.  r.m.s.Z  Mn(sigma)
Bond distances, non H               11     0.013    0.703      0.016
Bond distances, H                   11     0.000    0.020      0.016
Bond angles, non H                  15     2.271    0.763      2.300
Bond angles, H                      26     1.193    0.462      2.006
Torsion angles, period 3             2     1.080    0.108     10.000
Chiral centres                       3     0.010    0.106      0.120
Planar groups                        4     0.000    0.002      0.020
VDW nonbonded                        1     0.021    0.106      0.200
VDW torsion                          9     0.130    0.648      0.200


$TABLE: stats vs cycle :
$GRAPHS
: Geometry :A:1,2,4:
: Geometry Z :A:1,3,5:
$$
 Ncyc  rmsBOND  zBOND  rmsANGL  zANGL
$$
$$
    0   0.0119 0.7057   2.3817 0.8572
    1   0.0126 0.6927   2.2899 0.7697
    2   0.0128 0.7026   2.2848 0.7673
    3   0.0128 0.7031   2.2837 0.7670
    4   0.0128 0.7033   2.2824 0.7666
    5   0.0128 0.7034   2.2809 0.7662
    6   0.0129 0.7034   2.2793 0.7657
    7   0.0129 0.7034   2.2774 0.7650
    8   0.0129 0.7033   2.2754 0.7644
    9   0.0129 0.7031   2.2732 0.7637
   10   0.0129 0.7029   2.2710 0.7629
$$

Running 30 cycles with wchir=1 wvdw=2 with hydrogen
Geometry weights
vdws = 58
atoms = 22
pairs = 118
                          N restraints  r.m.s.d.  r.m.s.Z  Mn(sigma)
Bond distances, non H               11     0.013    0.703      0.016
Bond distances, H                   11     0.000    0.020      0.016
Bond angles, non H                  15     2.271    0.763      2.300
Bond angles, H                      26     1.193    0.462      2.006
Torsion angles, period 3             2     1.080    0.108     10.000
Chiral centres                       3     0.010    0.106      0.120
Planar groups                        4     0.000    0.002      0.020
VDW nonbonded                        1     0.021    0.106      0.200
VDW torsion                          9     0.130    0.648      0.200


====== CYCLE  1 ======

 weight = 1.0000e+00
 geom_x = 17.47233345326139
 geom_a = 0
 geom_q = 0
 geom_c = 0.0
f0= 1.7472e+01
using cgsolve in c++, ic=False
diag(geom) min= 652.755059 max= 16432.606718
diag(all) min= 652.755059 max= 16432.606718
Trying gamma equal 0.084000
Convergence reached after 23 iterations with no gamma cycles
min(dx) = -0.010729334858841743
max(dx) = 0.013165651851005393
mean(dx)= 0.00020748445565256014
vdws = 58
atoms = 22
pairs = 118
 geom_x = 16.12181263116064
 geom_a = 0
 geom_q = 0
 geom_c = 0.0
f1, 0= 1.6122e+01
                          N restraints  r.m.s.d.  r.m.s.Z  Mn(sigma)
Bond distances, non H               11     0.008    0.435      0.016
Bond distances, H                   11     0.000    0.024      0.016
Bond angles, non H                  15     2.455    0.822      2.300
Bond angles, H                      26     1.013    0.396      2.006
Torsion angles, period 3             2     1.097    0.110     10.000
Chiral centres                       3     0.057    0.620      0.120
Planar groups                        4     0.000    0.001      0.020
VDW nonbonded                        1     0.011    0.053      0.200
VDW torsion                          9     0.128    0.640      0.200



====== CYCLE  2 ======

 weight = 1.0000e+00
 geom_x = 16.12181263116064
 geom_a = 0
 geom_q = 0
 geom_c = 0.0
f0= 1.6122e+01
using cgsolve in c++, ic=False
diag(geom) min= 644.993069 max= 16430.464516
diag(all) min= 644.993069 max= 16430.464516
Trying gamma equal 0.084000
Convergence reached after 27 iterations with no gamma cycles
min(dx) = -0.0034633983119174553
max(dx) = 0.004348996791955591
mean(dx)= 4.200035688703169e-05
vdws = 58
atoms = 22
pairs = 118
 geom_x = 16.075552830202867
 geom_a = 0
 geom_q = 0
 geom_c = 0.0
f1, 0= 1.6076e+01
                          N restraints  r.m.s.d.  r.m.s.Z  Mn(sigma)
Bond distances, non H               11     0.008    0.417      0.016
Bond distances, H                   11     0.000    0.021      0.016
Bond angles, non H                  15     2.491    0.833      2.300
Bond angles, H                      26     0.981    0.385      2.006
Torsion angles, period 3             2     1.100    0.110     10.000
Chiral centres                       3     0.061    0.668      0.120
Planar groups                        4     0.000    0.000      0.020
VDW nonbonded                        1     0.007    0.037      0.200
VDW torsion                          9     0.127    0.636      0.200



====== CYCLE  3 ======

 weight = 1.0000e+00
 geom_x = 16.075552830202867
 geom_a = 0
 geom_q = 0
 geom_c = 0.0
f0= 1.6076e+01
using cgsolve in c++, ic=False
diag(geom) min= 642.093475 max= 16428.897649
diag(all) min= 642.093475 max= 16428.897649
Trying gamma equal 0.084000
Convergence reached after 27 iterations with no gamma cycles
min(dx) = -0.0030363705097208676
max(dx) = 0.002765327195414222
mean(dx)= 2.9913350806414846e-06
vdws = 58
atoms = 22
pairs = 118
 geom_x = 16.054363216948342
 geom_a = 0
 geom_q = 0
 geom_c = 0.0
f1, 0= 1.6054e+01
                          N restraints  r.m.s.d.  r.m.s.Z  Mn(sigma)
Bond distances, non H               11     0.008    0.416      0.016
Bond distances, H                   11     0.000    0.020      0.016
Bond angles, non H                  15     2.504    0.838      2.300
Bond angles, H                      26     0.973    0.383      2.006
Torsion angles, period 3             2     1.091    0.109     10.000
Chiral centres                       3     0.062    0.678      0.120
Planar groups                        4     0.000    0.001      0.020
VDW nonbonded                        1     0.006    0.031      0.200
VDW torsion                          9     0.127    0.634      0.200



====== CYCLE  4 ======

 weight = 1.0000e+00
 geom_x = 16.054363216948342
 geom_a = 0
 geom_q = 0
 geom_c = 0.0
f0= 1.6054e+01
using cgsolve in c++, ic=False
diag(geom) min= 640.154229 max= 16427.592759
diag(all) min= 640.154229 max= 16427.592759
Trying gamma equal 0.084000
Convergence reached after 26 iterations with no gamma cycles
min(dx) = -0.0026687399735445486
max(dx) = 0.002565620533419602
mean(dx)= -5.2450847362414125e-06
vdws = 58
atoms = 22
pairs = 118
 geom_x = 16.03717294509839
 geom_a = 0
 geom_q = 0
 geom_c = 0.0
f1, 0= 1.6037e+01
                          N restraints  r.m.s.d.  r.m.s.Z  Mn(sigma)
Bond distances, non H               11     0.008    0.416      0.016
Bond distances, H                   11     0.000    0.020      0.016
Bond angles, non H                  15     2.511    0.840      2.300
Bond angles, H                      26     0.970    0.382      2.006
Torsion angles, period 3             2     1.078    0.108     10.000
Chiral centres                       3     0.062    0.681      0.120
Planar groups                        4     0.000    0.002      0.020
VDW nonbonded                        1     0.006    0.028      0.200
VDW torsion                          9     0.126    0.632      0.200



====== CYCLE  5 ======

 weight = 1.0000e+00
 geom_x = 16.03717294509839
 geom_a = 0
 geom_q = 0
 geom_c = 0.0
f0= 1.6037e+01
using cgsolve in c++, ic=False
diag(geom) min= 638.661184 max= 16426.462639
diag(all) min= 638.661184 max= 16426.462639
Trying gamma equal 0.084000
Convergence reached after 24 iterations with no gamma cycles
min(dx) = -0.00235470364581958
max(dx) = 0.002397090082937285
mean(dx)= -3.7794651197133654e-06
vdws = 58
atoms = 22
pairs = 118
 geom_x = 16.0217343546131
 geom_a = 0
 geom_q = 0
 geom_c = 0.0
f1, 0= 1.6022e+01
                          N restraints  r.m.s.d.  r.m.s.Z  Mn(sigma)
Bond distances, non H               11     0.008    0.416      0.016
Bond distances, H                   11     0.000    0.020      0.016
Bond angles, non H                  15     2.515    0.842      2.300
Bond angles, H                      26     0.969    0.381      2.006
Torsion angles, period 3             2     1.064    0.106     10.000
Chiral centres                       3     0.062    0.683      0.120
Planar groups                        4     0.000    0.002      0.020
VDW nonbonded                        1     0.005    0.027      0.200
VDW torsion                          9     0.126    0.631      0.200



====== CYCLE  6 ======

 weight = 1.0000e+00
 geom_x = 16.0217343546131
 geom_a = 0
 geom_q = 0
 geom_c = 0.0
f0= 1.6022e+01
using cgsolve in c++, ic=False
diag(geom) min= 637.345131 max= 16425.473671
diag(all) min= 637.345131 max= 16425.473671
Trying gamma equal 0.084000
Convergence reached after 23 iterations with no gamma cycles
min(dx) = -0.0020818579390963253
max(dx) = 0.0022597223819394497
mean(dx)= -1.2958515143022415e-07
vdws = 58
atoms = 22
pairs = 118
 geom_x = 16.007486229164876
 geom_a = 0
 geom_q = 0
 geom_c = 0.0
f1, 0= 1.6007e+01
                          N restraints  r.m.s.d.  r.m.s.Z  Mn(sigma)
Bond distances, non H               11     0.008    0.416      0.016
Bond distances, H                   11     0.000    0.020      0.016
Bond angles, non H                  15     2.519    0.843      2.300
Bond angles, H                      26     0.969    0.381      2.006
Torsion angles, period 3             2     1.052    0.105     10.000
Chiral centres                       3     0.062    0.684      0.120
Planar groups                        4     0.000    0.003      0.020
VDW nonbonded                        1     0.005    0.027      0.200
VDW torsion                          9     0.126    0.629      0.200



====== CYCLE  7 ======

 weight = 1.0000e+00
 geom_x = 16.007486229164876
 geom_a = 0
 geom_q = 0
 geom_c = 0.0
f0= 1.6007e+01
using cgsolve in c++, ic=False
diag(geom) min= 636.096135 max= 16424.600633
diag(all) min= 636.096135 max= 16424.600633
Trying gamma equal 0.084000
Convergence reached after 23 iterations with no gamma cycles
min(dx) = -0.0018427899357487945
max(dx) = 0.0022343467335060184
mean(dx)= 3.440325544872424e-06
vdws = 58
atoms = 22
pairs = 118
 geom_x = 15.994177598492039
 geom_a = 0
 geom_q = 0
 geom_c = 0.0
f1, 0= 1.5994e+01
                          N restraints  r.m.s.d.  r.m.s.Z  Mn(sigma)
Bond distances, non H               11     0.008    0.416      0.016
Bond distances, H                   11     0.000    0.020      0.016
Bond angles, non H                  15     2.522    0.844      2.300
Bond angles, H                      26     0.968    0.380      2.006
Torsion angles, period 3             2     1.041    0.104     10.000
Chiral centres                       3     0.062    0.684      0.120
Planar groups                        4     0.000    0.003      0.020
VDW nonbonded                        1     0.006    0.028      0.200
VDW torsion                          9     0.126    0.628      0.200



====== CYCLE  8 ======

 weight = 1.0000e+00
 geom_x = 15.994177598492039
 geom_a = 0
 geom_q = 0
 geom_c = 0.0
f0= 1.5994e+01
using cgsolve in c++, ic=False
diag(geom) min= 634.877826 max= 16423.822239
diag(all) min= 634.877826 max= 16423.822239
Trying gamma equal 0.084000
Convergence reached after 22 iterations with no gamma cycles
min(dx) = -0.0018325955913482124
max(dx) = 0.002201600209810019
mean(dx)= 6.38283920460364e-06
vdws = 58
atoms = 22
pairs = 118
 geom_x = 15.98165656920148
 geom_a = 0
 geom_q = 0
 geom_c = 0.0
f1, 0= 1.5982e+01
                          N restraints  r.m.s.d.  r.m.s.Z  Mn(sigma)
Bond distances, non H               11     0.008    0.417      0.016
Bond distances, H                   11     0.000    0.020      0.016
Bond angles, non H                  15     2.524    0.844      2.300
Bond angles, H                      26     0.968    0.380      2.006
Torsion angles, period 3             2     1.031    0.103     10.000
Chiral centres                       3     0.062    0.685      0.120
Planar groups                        4     0.000    0.004      0.020
VDW nonbonded                        1     0.006    0.028      0.200
VDW torsion                          9     0.125    0.627      0.200



====== CYCLE  9 ======

 weight = 1.0000e+00
 geom_x = 15.98165656920148
 geom_a = 0
 geom_q = 0
 geom_c = 0.0
f0= 1.5982e+01
using cgsolve in c++, ic=False
diag(geom) min= 633.681453 max= 16423.121750
diag(all) min= 633.681453 max= 16423.121750
Trying gamma equal 0.084000
Convergence reached after 22 iterations with no gamma cycles
min(dx) = -0.0018333918075424608
max(dx) = 0.002165853804690328
mean(dx)= 8.66444474289677e-06
vdws = 58
atoms = 22
pairs = 118
 geom_x = 15.96981753577889
 geom_a = 0
 geom_q = 0
 geom_c = 0.0
f1, 0= 1.5970e+01
                          N restraints  r.m.s.d.  r.m.s.Z  Mn(sigma)
Bond distances, non H               11     0.008    0.417      0.016
Bond distances, H                   11     0.000    0.020      0.016
Bond angles, non H                  15     2.526    0.845      2.300
Bond angles, H                      26     0.967    0.380      2.006
Torsion angles, period 3             2     1.023    0.102     10.000
Chiral centres                       3     0.062    0.685      0.120
Planar groups                        4     0.000    0.004      0.020
VDW nonbonded                        1     0.006    0.029      0.200
VDW torsion                          9     0.125    0.626      0.200



====== CYCLE 10 ======

 weight = 1.0000e+00
 geom_x = 15.96981753577889
 geom_a = 0
 geom_q = 0
 geom_c = 0.0
f0= 1.5970e+01
using cgsolve in c++, ic=False
diag(geom) min= 632.507135 max= 16422.486411
diag(all) min= 632.507135 max= 16422.486411
Trying gamma equal 0.084000
Convergence reached after 21 iterations with no gamma cycles
min(dx) = -0.0018255651594019642
max(dx) = 0.00212917614673157
mean(dx)= 1.0391650213749326e-05
vdws = 58
atoms = 22
pairs = 118
 geom_x = 15.958581693393459
 geom_a = 0
 geom_q = 0
 geom_c = 0.0
f1, 0= 1.5959e+01
                          N restraints  r.m.s.d.  r.m.s.Z  Mn(sigma)
Bond distances, non H               11     0.008    0.417      0.016
Bond distances, H                   11     0.000    0.020      0.016
Bond angles, non H                  15     2.528    0.846      2.300
Bond angles, H                      26     0.967    0.379      2.006
Torsion angles, period 3             2     1.015    0.102     10.000
Chiral centres                       3     0.062    0.686      0.120
Planar groups                        4     0.000    0.005      0.020
VDW nonbonded                        1     0.006    0.030      0.200
VDW torsion                          9     0.125    0.626      0.200



====== CYCLE 11 ======

 weight = 1.0000e+00
 geom_x = 15.958581693393459
 geom_a = 0
 geom_q = 0
 geom_c = 0.0
f0= 1.5959e+01
using cgsolve in c++, ic=False
diag(geom) min= 631.356966 max= 16421.906051
diag(all) min= 631.356966 max= 16421.906051
Trying gamma equal 0.084000
Convergence reached after 21 iterations with no gamma cycles
min(dx) = -0.001812317834759203
max(dx) = 0.0020925074322111106
mean(dx)= 1.1683090866108047e-05
vdws = 58
atoms = 22
pairs = 118
 geom_x = 15.947887693858647
 geom_a = 0
 geom_q = 0
 geom_c = 0.0
f1, 0= 1.5948e+01
                          N restraints  r.m.s.d.  r.m.s.Z  Mn(sigma)
Bond distances, non H               11     0.008    0.417      0.016
Bond distances, H                   11     0.000    0.019      0.016
Bond angles, non H                  15     2.529    0.846      2.300
Bond angles, H                      26     0.966    0.379      2.006
Torsion angles, period 3             2     1.009    0.101     10.000
Chiral centres                       3     0.063    0.686      0.120
Planar groups                        4     0.000    0.005      0.020
VDW nonbonded                        1     0.006    0.030      0.200
VDW torsion                          9     0.125    0.625      0.200



====== CYCLE 12 ======

 weight = 1.0000e+00
 geom_x = 15.947887693858647
 geom_a = 0
 geom_q = 0
 geom_c = 0.0
f0= 1.5948e+01
using cgsolve in c++, ic=False
diag(geom) min= 630.232818 max= 16421.372775
diag(all) min= 630.232818 max= 16421.372775
Trying gamma equal 0.084000
Convergence reached after 21 iterations with no gamma cycles
min(dx) = -0.001795544510636396
max(dx) = 0.002056336889650386
mean(dx)= 1.2644321721937822e-05
vdws = 58
atoms = 22
pairs = 118
 geom_x = 15.937686379397999
 geom_a = 0
 geom_q = 0
 geom_c = 0.0
f1, 0= 1.5938e+01
                          N restraints  r.m.s.d.  r.m.s.Z  Mn(sigma)
Bond distances, non H               11     0.008    0.417      0.016
Bond distances, H                   11     0.000    0.019      0.016
Bond angles, non H                  15     2.531    0.847      2.300
Bond angles, H                      26     0.966    0.379      2.006
Torsion angles, period 3             2     1.004    0.100     10.000
Chiral centres                       3     0.063    0.686      0.120
Planar groups                        4     0.000    0.006      0.020
VDW nonbonded                        1     0.006    0.031      0.200
VDW torsion                          9     0.125    0.624      0.200



====== CYCLE 13 ======

 weight = 1.0000e+00
 geom_x = 15.937686379397999
 geom_a = 0
 geom_q = 0
 geom_c = 0.0
f0= 1.5938e+01
using cgsolve in c++, ic=False
diag(geom) min= 629.135873 max= 16420.880138
diag(all) min= 629.135873 max= 16420.880138
Trying gamma equal 0.084000
Convergence reached after 21 iterations with no gamma cycles
min(dx) = -0.0017764139834108598
max(dx) = 0.0020208343555710336
mean(dx)= 1.335564712674336e-05
vdws = 58
atoms = 22
pairs = 118
 geom_x = 15.927937496124253
 geom_a = 0
 geom_q = 0
 geom_c = 0.0
f1, 0= 1.5928e+01
                          N restraints  r.m.s.d.  r.m.s.Z  Mn(sigma)
Bond distances, non H               11     0.008    0.418      0.016
Bond distances, H                   11     0.000    0.019      0.016
Bond angles, non H                  15     2.532    0.847      2.300
Bond angles, H                      26     0.965    0.379      2.006
Torsion angles, period 3             2     1.000    0.100     10.000
Chiral centres                       3     0.063    0.686      0.120
Planar groups                        4     0.000    0.006      0.020
VDW nonbonded                        1     0.006    0.032      0.200
VDW torsion                          9     0.125    0.624      0.200



====== CYCLE 14 ======

 weight = 1.0000e+00
 geom_x = 15.927937496124253
 geom_a = 0
 geom_q = 0
 geom_c = 0.0
f0= 1.5928e+01
using cgsolve in c++, ic=False
diag(geom) min= 628.066586 max= 16420.422917
diag(all) min= 628.066586 max= 16420.422917
Trying gamma equal 0.084000
Convergence reached after 21 iterations with no gamma cycles
min(dx) = -0.0017556711097302632
max(dx) = 0.0019860434920249198
mean(dx)= 1.3877664625444306e-05
vdws = 58
atoms = 22
pairs = 118
 geom_x = 15.918607496857769
 geom_a = 0
 geom_q = 0
 geom_c = 0.0
f1, 0= 1.5919e+01
                          N restraints  r.m.s.d.  r.m.s.Z  Mn(sigma)
Bond distances, non H               11     0.008    0.418      0.016
Bond distances, H                   11     0.000    0.019      0.016
Bond angles, non H                  15     2.533    0.847      2.300
Bond angles, H                      26     0.965    0.378      2.006
Torsion angles, period 3             2     0.996    0.100     10.000
Chiral centres                       3     0.063    0.687      0.120
Planar groups                        4     0.000    0.006      0.020
VDW nonbonded                        1     0.006    0.032      0.200
VDW torsion                          9     0.125    0.623      0.200



====== CYCLE 15 ======

 weight = 1.0000e+00
 geom_x = 15.918607496857769
 geom_a = 0
 geom_q = 0
 geom_c = 0.0
f0= 1.5919e+01
using cgsolve in c++, ic=False
diag(geom) min= 627.024860 max= 16419.996744
diag(all) min= 627.024860 max= 16419.996744
Trying gamma equal 0.084000
Convergence reached after 20 iterations with no gamma cycles
min(dx) = -0.001733784805404698
max(dx) = 0.0019519533642577544
mean(dx)= 1.4255033136525838e-05
vdws = 58
atoms = 22
pairs = 118
 geom_x = 15.909667998455664
 geom_a = 0
 geom_q = 0
 geom_c = 0.0
f1, 0= 1.5910e+01
                          N restraints  r.m.s.d.  r.m.s.Z  Mn(sigma)
Bond distances, non H               11     0.008    0.418      0.016
Bond distances, H                   11     0.000    0.019      0.016
Bond angles, non H                  15     2.534    0.848      2.300
Bond angles, H                      26     0.964    0.378      2.006
Torsion angles, period 3             2     0.993    0.099     10.000
Chiral centres                       3     0.063    0.687      0.120
Planar groups                        4     0.000    0.006      0.020
VDW nonbonded                        1     0.006    0.032      0.200
VDW torsion                          9     0.125    0.623      0.200



====== CYCLE 16 ======

 weight = 1.0000e+00
 geom_x = 15.909667998455664
 geom_a = 0
 geom_q = 0
 geom_c = 0.0
f0= 1.5910e+01
using cgsolve in c++, ic=False
diag(geom) min= 626.010197 max= 16419.598259
diag(all) min= 626.010197 max= 16419.598259
Trying gamma equal 0.084000
Convergence reached after 19 iterations with no gamma cycles
min(dx) = -0.0017111002798945842
max(dx) = 0.0019185260024673471
mean(dx)= 1.4521731763391883e-05
vdws = 58
atoms = 22
pairs = 118
 geom_x = 15.901094659347782
 geom_a = 0
 geom_q = 0
 geom_c = 0.0
f1, 0= 1.5901e+01
                          N restraints  r.m.s.d.  r.m.s.Z  Mn(sigma)
Bond distances, non H               11     0.008    0.418      0.016
Bond distances, H                   11     0.000    0.019      0.016
Bond angles, non H                  15     2.535    0.848      2.300
Bond angles, H                      26     0.964    0.378      2.006
Torsion angles, period 3             2     0.990    0.099     10.000
Chiral centres                       3     0.063    0.687      0.120
Planar groups                        4     0.000    0.007      0.020
VDW nonbonded                        1     0.007    0.033      0.200
VDW torsion                          9     0.124    0.622      0.200



====== CYCLE 17 ======

 weight = 1.0000e+00
 geom_x = 15.901094659347782
 geom_a = 0
 geom_q = 0
 geom_c = 0.0
f0= 1.5901e+01
using cgsolve in c++, ic=False
diag(geom) min= 625.021918 max= 16419.224254
diag(all) min= 625.021918 max= 16419.224254
Trying gamma equal 0.084000
Convergence reached after 19 iterations with no gamma cycles
min(dx) = -0.0016878582408539984
max(dx) = 0.0018857444034070237
mean(dx)= 1.4699816448639977e-05
vdws = 58
atoms = 22
pairs = 118
 geom_x = 15.892866340963229
 geom_a = 0
 geom_q = 0
 geom_c = 0.0
f1, 0= 1.5893e+01
                          N restraints  r.m.s.d.  r.m.s.Z  Mn(sigma)
Bond distances, non H               11     0.008    0.418      0.016
Bond distances, H                   11     0.000    0.019      0.016
Bond angles, non H                  15     2.536    0.849      2.300
Bond angles, H                      26     0.964    0.377      2.006
Torsion angles, period 3             2     0.988    0.099     10.000
Chiral centres                       3     0.063    0.687      0.120
Planar groups                        4     0.000    0.007      0.020
VDW nonbonded                        1     0.007    0.033      0.200
VDW torsion                          9     0.124    0.622      0.200



====== CYCLE 18 ======

 weight = 1.0000e+00
 geom_x = 15.892866340963229
 geom_a = 0
 geom_q = 0
 geom_c = 0.0
f0= 1.5893e+01
using cgsolve in c++, ic=False
diag(geom) min= 624.059195 max= 16418.871918
diag(all) min= 624.059195 max= 16418.871918
Trying gamma equal 0.084000
Convergence reached after 19 iterations with no gamma cycles
min(dx) = -0.0016641837722747032
max(dx) = 0.0018535332762613303
mean(dx)= 1.4809630130379531e-05
vdws = 58
atoms = 22
pairs = 118
 geom_x = 15.884964469770791
 geom_a = 0
 geom_q = 0
 geom_c = 0.0
f1, 0= 1.5885e+01
                          N restraints  r.m.s.d.  r.m.s.Z  Mn(sigma)
Bond distances, non H               11     0.008    0.418      0.016
Bond distances, H                   11     0.000    0.019      0.016
Bond angles, non H                  15     2.537    0.849      2.300
Bond angles, H                      26     0.963    0.377      2.006
Torsion angles, period 3             2     0.986    0.099     10.000
Chiral centres                       3     0.063    0.687      0.120
Planar groups                        4     0.000    0.007      0.020
VDW nonbonded                        1     0.007    0.033      0.200
VDW torsion                          9     0.124    0.621      0.200



====== CYCLE 19 ======

 weight = 1.0000e+00
 geom_x = 15.884964469770791
 geom_a = 0
 geom_q = 0
 geom_c = 0.0
f0= 1.5885e+01
using cgsolve in c++, ic=False
diag(geom) min= 623.121084 max= 16418.539244
diag(all) min= 623.121084 max= 16418.539244
Trying gamma equal 0.084000
Convergence reached after 19 iterations with no gamma cycles
min(dx) = -0.0016401891345452985
max(dx) = 0.0018218537968005255
mean(dx)= 1.4864311374981599e-05
vdws = 58
atoms = 22
pairs = 118
 geom_x = 15.877372545249477
 geom_a = 0
 geom_q = 0
 geom_c = 0.0
f1, 0= 1.5877e+01
                          N restraints  r.m.s.d.  r.m.s.Z  Mn(sigma)
Bond distances, non H               11     0.008    0.418      0.016
Bond distances, H                   11     0.000    0.019      0.016
Bond angles, non H                  15     2.538    0.849      2.300
Bond angles, H                      26     0.963    0.377      2.006
Torsion angles, period 3             2     0.984    0.098     10.000
Chiral centres                       3     0.063    0.687      0.120
Planar groups                        4     0.000    0.007      0.020
VDW nonbonded                        1     0.007    0.033      0.200
VDW torsion                          9     0.124    0.621      0.200



====== CYCLE 20 ======

 weight = 1.0000e+00
 geom_x = 15.877372545249477
 geom_a = 0
 geom_q = 0
 geom_c = 0.0
f0= 1.5877e+01
using cgsolve in c++, ic=False
diag(geom) min= 622.206642 max= 16418.224356
diag(all) min= 622.206642 max= 16418.224356
Trying gamma equal 0.084000
Convergence reached after 19 iterations with no gamma cycles
min(dx) = -0.001615960135239753
max(dx) = 0.0017906704346426791
mean(dx)= 1.4874226010539714e-05
vdws = 58
atoms = 22
pairs = 118
 geom_x = 15.870075756155302
 geom_a = 0
 geom_q = 0
 geom_c = 0.0
f1, 0= 1.5870e+01
                          N restraints  r.m.s.d.  r.m.s.Z  Mn(sigma)
Bond distances, non H               11     0.008    0.418      0.016
Bond distances, H                   11     0.000    0.019      0.016
Bond angles, non H                  15     2.539    0.849      2.300
Bond angles, H                      26     0.963    0.377      2.006
Torsion angles, period 3             2     0.982    0.098     10.000
Chiral centres                       3     0.063    0.687      0.120
Planar groups                        4     0.000    0.007      0.020
VDW nonbonded                        1     0.007    0.033      0.200
VDW torsion                          9     0.124    0.620      0.200



====== CYCLE 21 ======

 weight = 1.0000e+00
 geom_x = 15.870075756155302
 geom_a = 0
 geom_q = 0
 geom_c = 0.0
f0= 1.5870e+01
using cgsolve in c++, ic=False
diag(geom) min= 621.314933 max= 16417.925606
diag(all) min= 621.314933 max= 16417.925606
Trying gamma equal 0.084000
Convergence reached after 19 iterations with no gamma cycles
min(dx) = -0.001591564238091406
max(dx) = 0.001759953066730298
mean(dx)= 1.4847394591902752e-05
vdws = 58
atoms = 22
pairs = 118
 geom_x = 15.863109152867398
 geom_a = 0
 geom_q = 0
 geom_c = 0.0
f1, 0= 1.5863e+01
                          N restraints  r.m.s.d.  r.m.s.Z  Mn(sigma)
Bond distances, non H               11     0.008    0.418      0.016
Bond distances, H                   11     0.000    0.019      0.016
Bond angles, non H                  15     2.540    0.850      2.300
Bond angles, H                      26     0.962    0.377      2.006
Torsion angles, period 3             2     0.981    0.098     10.000
Chiral centres                       3     0.063    0.687      0.120
Planar groups                        4     0.000    0.008      0.020
VDW nonbonded                        1     0.007    0.033      0.200
VDW torsion                         10     0.118    0.588      0.200



====== CYCLE 22 ======

 weight = 1.0000e+00
 geom_x = 15.863109152867398
 geom_a = 0
 geom_q = 0
 geom_c = 0.0
f0= 1.5863e+01
using cgsolve in c++, ic=False
diag(geom) min= 620.445056 max= 16417.641551
diag(all) min= 620.445056 max= 16417.641551
Trying gamma equal 0.084000
Convergence reached after 23 iterations with no gamma cycles
min(dx) = -0.0015143913289416336
max(dx) = 0.0016242547138122679
mean(dx)= 1.261844828202988e-05
vdws = 58
atoms = 22
pairs = 118
 geom_x = 15.85665420449648
 geom_a = 0
 geom_q = 0
 geom_c = 0.0
f1, 0= 1.5857e+01
                          N restraints  r.m.s.d.  r.m.s.Z  Mn(sigma)
Bond distances, non H               11     0.008    0.419      0.016
Bond distances, H                   11     0.000    0.019      0.016
Bond angles, non H                  15     2.540    0.850      2.300
Bond angles, H                      26     0.962    0.376      2.006
Torsion angles, period 3             2     0.982    0.098     10.000
Chiral centres                       3     0.063    0.688      0.120
Planar groups                        4     0.000    0.008      0.020
VDW nonbonded                        1     0.007    0.033      0.200
VDW torsion                         10     0.118    0.588      0.200



====== CYCLE 23 ======

 weight = 1.0000e+00
 geom_x = 15.85665420449648
 geom_a = 0
 geom_q = 0
 geom_c = 0.0
f0= 1.5857e+01
using cgsolve in c++, ic=False
diag(geom) min= 619.608348 max= 16417.393281
diag(all) min= 619.608348 max= 16417.393281
Trying gamma equal 0.084000
Convergence reached after 20 iterations with no gamma cycles
min(dx) = -0.0014619638314515048
max(dx) = 0.0015728742617689285
mean(dx)= 1.2652662988021267e-05
vdws = 58
atoms = 22
pairs = 118
 geom_x = 15.850589621079598
 geom_a = 0
 geom_q = 0
 geom_c = 0.0
f1, 0= 1.5851e+01
                          N restraints  r.m.s.d.  r.m.s.Z  Mn(sigma)
Bond distances, non H               11     0.008    0.419      0.016
Bond distances, H                   11     0.000    0.019      0.016
Bond angles, non H                  15     2.541    0.850      2.300
Bond angles, H                      26     0.962    0.376      2.006
Torsion angles, period 3             2     0.983    0.098     10.000
Chiral centres                       3     0.063    0.688      0.120
Planar groups                        4     0.000    0.008      0.020
VDW nonbonded                        1     0.006    0.032      0.200
VDW torsion                         10     0.117    0.587      0.200



====== CYCLE 24 ======

 weight = 1.0000e+00
 geom_x = 15.850589621079598
 geom_a = 0
 geom_q = 0
 geom_c = 0.0
f0= 1.5851e+01
using cgsolve in c++, ic=False
diag(geom) min= 618.801432 max= 16417.150439
diag(all) min= 618.801432 max= 16417.150439
Trying gamma equal 0.084000
Convergence reached after 20 iterations with no gamma cycles
min(dx) = -0.0014154562553886656
max(dx) = 0.0015259095600670936
mean(dx)= 1.2316629929930025e-05
vdws = 58
atoms = 22
pairs = 118
 geom_x = 15.844888693850473
 geom_a = 0
 geom_q = 0
 geom_c = 0.0
f1, 0= 1.5845e+01
                          N restraints  r.m.s.d.  r.m.s.Z  Mn(sigma)
Bond distances, non H               11     0.008    0.419      0.016
Bond distances, H                   11     0.000    0.019      0.016
Bond angles, non H                  15     2.542    0.850      2.300
Bond angles, H                      26     0.961    0.376      2.006
Torsion angles, period 3             2     0.984    0.098     10.000
Chiral centres                       3     0.063    0.688      0.120
Planar groups                        4     0.000    0.008      0.020
VDW nonbonded                        1     0.006    0.032      0.200
VDW torsion                         10     0.117    0.587      0.200



====== CYCLE 25 ======

 weight = 1.0000e+00
 geom_x = 15.844888693850473
 geom_a = 0
 geom_q = 0
 geom_c = 0.0
f0= 1.5845e+01
using cgsolve in c++, ic=False
diag(geom) min= 618.022113 max= 16416.920648
diag(all) min= 618.022113 max= 16416.920648
Trying gamma equal 0.084000
Convergence reached after 20 iterations with no gamma cycles
min(dx) = -0.0013717899141168423
max(dx) = 0.0014803896579584513
mean(dx)= 1.199534139716951e-05
vdws = 58
atoms = 22
pairs = 118
 geom_x = 15.839528689246919
 geom_a = 0
 geom_q = 0
 geom_c = 0.0
f1, 0= 1.5840e+01
                          N restraints  r.m.s.d.  r.m.s.Z  Mn(sigma)
Bond distances, non H               11     0.008    0.419      0.016
Bond distances, H                   11     0.000    0.019      0.016
Bond angles, non H                  15     2.542    0.851      2.300
Bond angles, H                      26     0.961    0.376      2.006
Torsion angles, period 3             2     0.985    0.099     10.000
Chiral centres                       3     0.063    0.688      0.120
Planar groups                        4     0.000    0.009      0.020
VDW nonbonded                        1     0.006    0.032      0.200
VDW torsion                         10     0.117    0.587      0.200



====== CYCLE 26 ======

 weight = 1.0000e+00
 geom_x = 15.839528689246919
 geom_a = 0
 geom_q = 0
 geom_c = 0.0
f0= 1.5840e+01
using cgsolve in c++, ic=False
diag(geom) min= 617.268834 max= 16416.703233
diag(all) min= 617.268834 max= 16416.703233
Trying gamma equal 0.084000
Convergence reached after 20 iterations with no gamma cycles
min(dx) = -0.0013301584219840951
max(dx) = 0.0014363782505780673
mean(dx)= 1.170166800485303e-05
vdws = 58
atoms = 22
pairs = 118
 geom_x = 15.834488618789198
 geom_a = 0
 geom_q = 0
 geom_c = 0.0
f1, 0= 1.5834e+01
                          N restraints  r.m.s.d.  r.m.s.Z  Mn(sigma)
Bond distances, non H               11     0.008    0.419      0.016
Bond distances, H                   11     0.000    0.019      0.016
Bond angles, non H                  15     2.543    0.851      2.300
Bond angles, H                      26     0.961    0.376      2.006
Torsion angles, period 3             2     0.986    0.099     10.000
Chiral centres                       3     0.063    0.688      0.120
Planar groups                        4     0.000    0.009      0.020
VDW nonbonded                        1     0.006    0.031      0.200
VDW torsion                         10     0.117    0.586      0.200



====== CYCLE 27 ======

 weight = 1.0000e+00
 geom_x = 15.834488618789198
 geom_a = 0
 geom_q = 0
 geom_c = 0.0
f0= 1.5834e+01
using cgsolve in c++, ic=False
diag(geom) min= 616.540270 max= 16416.496992
diag(all) min= 616.540270 max= 16416.496992
Trying gamma equal 0.084000
Convergence reached after 20 iterations with no gamma cycles
min(dx) = -0.0012901962859247667
max(dx) = 0.001393829898244969
mean(dx)= 1.1425206800810947e-05
vdws = 58
atoms = 22
pairs = 118
 geom_x = 15.829748988437784
 geom_a = 0
 geom_q = 0
 geom_c = 0.0
f1, 0= 1.5830e+01
                          N restraints  r.m.s.d.  r.m.s.Z  Mn(sigma)
Bond distances, non H               11     0.008    0.419      0.016
Bond distances, H                   11     0.000    0.019      0.016
Bond angles, non H                  15     2.544    0.851      2.300
Bond angles, H                      26     0.960    0.376      2.006
Torsion angles, period 3             2     0.987    0.099     10.000
Chiral centres                       3     0.063    0.688      0.120
Planar groups                        4     0.000    0.009      0.020
VDW nonbonded                        1     0.006    0.031      0.200
VDW torsion                         10     0.117    0.586      0.200



====== CYCLE 28 ======

 weight = 1.0000e+00
 geom_x = 15.829748988437784
 geom_a = 0
 geom_q = 0
 geom_c = 0.0
f0= 1.5830e+01
using cgsolve in c++, ic=False
diag(geom) min= 615.835240 max= 16416.300851
diag(all) min= 615.835240 max= 16416.300851
Trying gamma equal 0.084000
Convergence reached after 20 iterations with no gamma cycles
min(dx) = -0.001251672938461635
max(dx) = 0.001352654281269769
mean(dx)= 1.1158590822164793e-05
vdws = 58
atoms = 22
pairs = 118
 geom_x = 15.825291634054551
 geom_a = 0
 geom_q = 0
 geom_c = 0.0
f1, 0= 1.5825e+01
                          N restraints  r.m.s.d.  r.m.s.Z  Mn(sigma)
Bond distances, non H               11     0.008    0.419      0.016
Bond distances, H                   11     0.000    0.019      0.016
Bond angles, non H                  15     2.544    0.851      2.300
Bond angles, H                      26     0.960    0.376      2.006
Torsion angles, period 3             2     0.988    0.099     10.000
Chiral centres                       3     0.063    0.688      0.120
Planar groups                        4     0.000    0.009      0.020
VDW nonbonded                        1     0.006    0.030      0.200
VDW torsion                         10     0.117    0.586      0.200



====== CYCLE 29 ======

 weight = 1.0000e+00
 geom_x = 15.825291634054551
 geom_a = 0
 geom_q = 0
 geom_c = 0.0
f0= 1.5825e+01
using cgsolve in c++, ic=False
diag(geom) min= 615.152697 max= 16416.113881
diag(all) min= 615.152697 max= 16416.113881
Trying gamma equal 0.084000
Convergence reached after 20 iterations with no gamma cycles
min(dx) = -0.0012144306227414943
max(dx) = 0.0013127638112354597
mean(dx)= 1.0897571338963229e-05
vdws = 58
atoms = 22
pairs = 118
 geom_x = 15.821099591806734
 geom_a = 0
 geom_q = 0
 geom_c = 0.0
f1, 0= 1.5821e+01
                          N restraints  r.m.s.d.  r.m.s.Z  Mn(sigma)
Bond distances, non H               11     0.008    0.420      0.016
Bond distances, H                   11     0.000    0.019      0.016
Bond angles, non H                  15     2.545    0.851      2.300
Bond angles, H                      26     0.960    0.376      2.006
Torsion angles, period 3             2     0.989    0.099     10.000
Chiral centres                       3     0.063    0.688      0.120
Planar groups                        4     0.000    0.009      0.020
VDW nonbonded                        1     0.006    0.030      0.200
VDW torsion                         10     0.117    0.586      0.200



====== CYCLE 30 ======

 weight = 1.0000e+00
 geom_x = 15.821099591806734
 geom_a = 0
 geom_q = 0
 geom_c = 0.0
f0= 1.5821e+01
using cgsolve in c++, ic=False
diag(geom) min= 614.491699 max= 16415.935286
diag(all) min= 614.491699 max= 16415.935286
Trying gamma equal 0.084000
Convergence reached after 20 iterations with no gamma cycles
min(dx) = -0.0011783562615801223
max(dx) = 0.001274083650207495
mean(dx)= 1.0639880027493156e-05
vdws = 58
atoms = 22
pairs = 118
 geom_x = 15.817156991134894
 geom_a = 0
 geom_q = 0
 geom_c = 0.0
f1, 0= 1.5817e+01
                          N restraints  r.m.s.d.  r.m.s.Z  Mn(sigma)
Bond distances, non H               11     0.008    0.420      0.016
Bond distances, H                   11     0.000    0.018      0.016
Bond angles, non H                  15     2.545    0.852      2.300
Bond angles, H                      26     0.960    0.375      2.006
Torsion angles, period 3             2     0.989    0.099     10.000
Chiral centres                       3     0.063    0.689      0.120
Planar groups                        4     0.000    0.009      0.020
VDW nonbonded                        1     0.006    0.030      0.200
VDW torsion                         10     0.117    0.585      0.200


$TABLE: stats vs cycle :
$GRAPHS
: Geometry :A:1,2,4:
: Geometry Z :A:1,3,5:
$$
 Ncyc  rmsBOND  zBOND  rmsANGL  zANGL
$$
$$
    0   0.0129 0.7029   2.2710 0.7629
    1   0.0080 0.4353   2.4555 0.8219
    2   0.0076 0.4174   2.4909 0.8334
    3   0.0076 0.4157   2.5039 0.8378
    4   0.0076 0.4157   2.5109 0.8401
    5   0.0076 0.4160   2.5155 0.8416
    6   0.0076 0.4162   2.5189 0.8428
    7   0.0076 0.4164   2.5217 0.8437
    8   0.0076 0.4166   2.5240 0.8444
    9   0.0076 0.4168   2.5260 0.8451
   10   0.0076 0.4170   2.5277 0.8457
   11   0.0076 0.4172   2.5293 0.8462
   12   0.0076 0.4174   2.5307 0.8467
   13   0.0076 0.4175   2.5320 0.8471
   14   0.0076 0.4177   2.5332 0.8475
   15   0.0076 0.4178   2.5343 0.8478
   16   0.0076 0.4179   2.5353 0.8482
   17   0.0077 0.4181   2.5362 0.8485
   18   0.0077 0.4181   2.5371 0.8488
   19   0.0077 0.4182   2.5380 0.8491
   20   0.0077 0.4183   2.5388 0.8493
   21   0.0077 0.4184   2.5395 0.8496
   22   0.0077 0.4186   2.5403 0.8498
   23   0.0077 0.4188   2.5410 0.8501
   24   0.0077 0.4189   2.5418 0.8503
   25   0.0077 0.4191   2.5424 0.8506
   26   0.0077 0.4192   2.5431 0.8508
   27   0.0077 0.4193   2.5437 0.8510
   28   0.0077 0.4195   2.5443 0.8512
   29   0.0077 0.4196   2.5448 0.8513
   30   0.0077 0.4197   2.5453 0.8515
$$

Updated dictionary saved: cys-epx_link_TMP/LIG_for_link_TMP/mol_1_conf_12_updated.cif
Refinement statistics saved: cys-epx_link_TMP/LIG_for_link_TMP/mol_1_conf_12_stats.json

# Finished on 2026-06-14 11:42:33.673566

=========END OF PROCESS INFORMATION ==========
