
============ PROCESS INFORMATION =============
# Servalcat ver. 0.4.128 (Python 3.9.18)
# Library vers. gemmi 0.7.4, scipy 1.7.3, numpy 1.19.5, pandas 1.3.5
# Started on 2026-06-14 11:42:44.589244
# Host: Mac.lan User: hilgersmt
# Command-line:
# servalcat --logfile cys-epx_link_TMP/LIG_for_link_TMP/servalcat.log refine_geom --update_dictionary cys-epx_link_TMP/LIG_for_link_TMP/mol_1_conf_18_init.cif -o cys-epx_link_TMP/LIG_for_link_TMP/mol_1_conf_18 --randomize 0.01
Config loaded
--
refine:
  atom_selection:
    xyz:
      include:
      - '*'
      exclude: []
      exclude_restraint: []
    adp:
      include: []
      exclude: []
      exclude_restraint: []
    occ:
      include: []
      exclude: []
      exclude_restraint: []
    dfrac:
      include: []
      exclude: []
      exclude_restraint: []
  occ_groups: []
  occ_group_constraints: []
  occ_group_const_mu: 10.0
  occ_group_const_mu_update_factor: 1.1
  occ_group_const_mu_update_tol_rel: 0.25
  occ_group_const_mu_update_tol_abs: 0.01
  initialisation:
    adp: {}
    occ: {}
    dfrac: {}
  write_trajectory: false
--
Reading monomers from /Applications/ccp4-9/lib/data/monomers/
Monomer not in the library: LIG.
Reading monomer: cys-epx_link_TMP/LIG_for_link_TMP/mol_1_conf_18_init.cif
Monomer library loaded: 1 monomers, 109 links, 133 modifications
       loaded monomers: LIG

Checking if unknown atoms exist..
Creating restraints..

Chain info:
 chain 
  ligands: LIG (1 residues)

Number of refinement parameters:
       n_params  n_atoms  n_atoms_geom_only  n_atoms_data_only
xyz          11       11                  0                  0
adp           0        0                  0                  0
occ           0        0                  0                  0
dfrac         0        0                  0                  0

Randomizing structure with rmsd of 0.01
Torsion angle rules:
 include:
  {'group': 'peptide', 'tors_name': 'chi*'}
  {'link': '*', 'tors_name': 'omega'}
  {'residue': '*', 'tors_name': 'sp2_sp2*'}
  {'link': '*', 'tors_name': 'sp2_sp2*'}
 exclude:
  none
External restraints from Refmac instructions
 Number of distances          : 0
 Number of angles             : 0
 Number of torsions           : 0
 Number of chirals            : 0
 Number of planes             : 0
 Number of intervals          : 0
 Number of stackings          : 0
 Number of harmonics          : 0
 Number of special positions  : 0

Running 10 cycles with wchir=4 wvdw=2 without hydrogen
Geometry weights
vdws = 11
atoms = 11
pairs = 34
 *** Bond distances outliers (Z >= 5) ***

    atom1     atom2  value  ideal  sigma     z
/LIG 1/C3 /LIG 1/O7  1.392  1.251  0.018 7.713

 *** Bond angles outliers (Z >= 5) ***

    atom1     atom2      atom3  value   ideal  sigma      z
/LIG 1/C5 /LIG 1/S6 /LIG 1/C16 94.136 109.471  3.000 -5.112

                       N restraints  r.m.s.d.  r.m.s.Z  Mn(sigma)
Bond distances, non H            11     0.050    3.034      0.016
Bond angles, non H               15     5.304    2.184      2.300
Chiral centres                    3     0.120    1.310      0.120
Planar groups                     4     0.003    0.136      0.020
VDW nonbonded                     1     0.036    0.179      0.200
VDW torsion                       4     0.217    1.085      0.200


====== CYCLE  1 ======

 weight = 1.0000e+00
 geom_x = 137.0630185475867
 geom_a = 0
 geom_q = 0
 geom_c = 0.0
f0= 1.3706e+02
using cgsolve in c++, ic=False
diag(geom) min= 424.209611 max= 22235.004569
diag(all) min= 424.209611 max= 22235.004569
Trying gamma equal 0.000000
Not converging with gamma equal 0.000000
Trying gamma equal 0.052500
Gamma decreased to 0.042000
min(dx) = -0.10965337423557461
max(dx) = 0.056299056963061804
mean(dx)= -0.0013941826552470856
vdws = 11
atoms = 11
pairs = 34
 geom_x = 21.63572920965316
 geom_a = 0
 geom_q = 0
 geom_c = 0.0
f1, 0= 2.1636e+01
                       N restraints  r.m.s.d.  r.m.s.Z  Mn(sigma)
Bond distances, non H            11     0.011    0.593      0.016
Bond angles, non H               15     3.595    1.209      2.300
Chiral centres                    3     0.011    0.130      0.120
Planar groups                     4     0.001    0.055      0.020
VDW torsion                       4     0.204    1.020      0.200



====== CYCLE  2 ======

 weight = 1.0000e+00
 geom_x = 21.63572920965316
 geom_a = 0
 geom_q = 0
 geom_c = 0.0
f0= 2.1636e+01
using cgsolve in c++, ic=False
diag(geom) min= 567.626518 max= 23803.814144
diag(all) min= 567.626518 max= 23803.814144
Trying gamma equal 0.042000
Not converging with gamma equal 0.042000
Trying gamma equal 0.094500
Not converging with gamma equal 0.094500
Trying gamma equal 0.149625
Gamma decreased to 0.138600
min(dx) = -0.02014281621214721
max(dx) = 0.015885339687297405
mean(dx)= -0.0005486398443386306
vdws = 11
atoms = 11
pairs = 34
 geom_x = 20.118975311450146
 geom_a = 0
 geom_q = 0
 geom_c = 0.0
f1, 0= 2.0119e+01
                       N restraints  r.m.s.d.  r.m.s.Z  Mn(sigma)
Bond distances, non H            11     0.011    0.576      0.016
Bond angles, non H               15     3.354    1.125      2.300
Chiral centres                    3     0.007    0.080      0.120
Planar groups                     4     0.000    0.002      0.020
VDW nonbonded                     1     0.000    0.000      0.200
VDW torsion                       3     0.240    1.201      0.200



====== CYCLE  3 ======

 weight = 1.0000e+00
 geom_x = 20.118975311450146
 geom_a = 0
 geom_q = 0
 geom_c = 0.0
f0= 2.0119e+01
using cgsolve in c++, ic=False
diag(geom) min= 584.624723 max= 23796.578590
diag(all) min= 584.624723 max= 23796.578590
Trying gamma equal 0.138600
Convergence reached after 19 iterations with no gamma cycles
min(dx) = -0.020611078906879268
max(dx) = 0.014269080614502721
mean(dx)= -0.00043649089991252974
vdws = 11
atoms = 11
pairs = 34
 geom_x = 19.176385066834715
 geom_a = 0
 geom_q = 0
 geom_c = 0.0
f1, 0= 1.9176e+01
                       N restraints  r.m.s.d.  r.m.s.Z  Mn(sigma)
Bond distances, non H            11     0.011    0.573      0.016
Bond angles, non H               15     3.173    1.065      2.300
Chiral centres                    3     0.007    0.078      0.120
Planar groups                     4     0.000    0.000      0.020
VDW nonbonded                     1     0.005    0.027      0.200
VDW torsion                       3     0.241    1.206      0.200



====== CYCLE  4 ======

 weight = 1.0000e+00
 geom_x = 19.176385066834715
 geom_a = 0
 geom_q = 0
 geom_c = 0.0
f0= 1.9176e+01
using cgsolve in c++, ic=False
diag(geom) min= 595.275229 max= 23696.239902
diag(all) min= 595.275229 max= 23696.239902
Trying gamma equal 0.138600
Not converging with gamma equal 0.138600
Trying gamma equal 0.191100
Not converging with gamma equal 0.191100
Trying gamma equal 0.246225
Gamma decreased to 0.235200
min(dx) = -0.011020727700977163
max(dx) = 0.007652087737051872
mean(dx)= -0.00023882596705194912
vdws = 10
atoms = 11
pairs = 33
 geom_x = 18.716383561438498
 geom_a = 0
 geom_q = 0
 geom_c = 0.0
f1, 0= 1.8716e+01
                       N restraints  r.m.s.d.  r.m.s.Z  Mn(sigma)
Bond distances, non H            11     0.011    0.571      0.016
Bond angles, non H               15     3.086    1.035      2.300
Chiral centres                    3     0.007    0.078      0.120
Planar groups                     4     0.000    0.001      0.020
VDW nonbonded                     1     0.008    0.038      0.200
VDW torsion                       3     0.241    1.206      0.200



====== CYCLE  5 ======

 weight = 1.0000e+00
 geom_x = 18.716383561438498
 geom_a = 0
 geom_q = 0
 geom_c = 0.0
f0= 1.8716e+01
using cgsolve in c++, ic=False
diag(geom) min= 600.740778 max= 23631.899727
diag(all) min= 600.740778 max= 23631.899727
Trying gamma equal 0.235200
Convergence reached after 15 iterations with no gamma cycles
min(dx) = -0.011048840302874448
max(dx) = 0.007543088032031039
mean(dx)= -0.00026121221509861186
vdws = 10
atoms = 11
pairs = 33
 geom_x = 18.285944837732817
 geom_a = 0
 geom_q = 0
 geom_c = 0.0
f1, 0= 1.8286e+01
                       N restraints  r.m.s.d.  r.m.s.Z  Mn(sigma)
Bond distances, non H            11     0.011    0.571      0.016
Bond angles, non H               15     3.005    1.009      2.300
Chiral centres                    3     0.007    0.078      0.120
Planar groups                     4     0.000    0.004      0.020
VDW nonbonded                     1     0.009    0.046      0.200
VDW torsion                       3     0.241    1.205      0.200



====== CYCLE  6 ======

 weight = 1.0000e+00
 geom_x = 18.285944837732817
 geom_a = 0
 geom_q = 0
 geom_c = 0.0
f0= 1.8286e+01
using cgsolve in c++, ic=False
diag(geom) min= 606.264336 max= 23562.174925
diag(all) min= 606.264336 max= 23562.174925
Trying gamma equal 0.235200
Convergence reached after 15 iterations with no gamma cycles
min(dx) = -0.01055943463012841
max(dx) = 0.0071830993087615815
mean(dx)= -0.0002661584350599332
vdws = 10
atoms = 11
pairs = 33
 geom_x = 17.898491511926405
 geom_a = 0
 geom_q = 0
 geom_c = 0.0
f1, 0= 1.7898e+01
                       N restraints  r.m.s.d.  r.m.s.Z  Mn(sigma)
Bond distances, non H            11     0.011    0.571      0.016
Bond angles, non H               15     2.934    0.985      2.300
Chiral centres                    3     0.007    0.077      0.120
Planar groups                     4     0.000    0.006      0.020
VDW nonbonded                     1     0.010    0.052      0.200
VDW torsion                       3     0.241    1.203      0.200



====== CYCLE  7 ======

 weight = 1.0000e+00
 geom_x = 17.898491511926405
 geom_a = 0
 geom_q = 0
 geom_c = 0.0
f0= 1.7898e+01
using cgsolve in c++, ic=False
diag(geom) min= 611.646927 max= 23490.354835
diag(all) min= 611.646927 max= 23490.354835
Trying gamma equal 0.235200
Convergence reached after 14 iterations with no gamma cycles
min(dx) = -0.010089234975110106
max(dx) = 0.00687025448286245
mean(dx)= -0.00026698513760930104
vdws = 10
atoms = 11
pairs = 33
 geom_x = 17.54765200856471
 geom_a = 0
 geom_q = 0
 geom_c = 0.0
f1, 0= 1.7548e+01
                       N restraints  r.m.s.d.  r.m.s.Z  Mn(sigma)
Bond distances, non H            11     0.011    0.571      0.016
Bond angles, non H               15     2.869    0.964      2.300
Chiral centres                    3     0.007    0.077      0.120
Planar groups                     4     0.000    0.008      0.020
VDW nonbonded                     1     0.011    0.056      0.200
VDW torsion                       3     0.240    1.200      0.200



====== CYCLE  8 ======

 weight = 1.0000e+00
 geom_x = 17.54765200856471
 geom_a = 0
 geom_q = 0
 geom_c = 0.0
f0= 1.7548e+01
using cgsolve in c++, ic=False
diag(geom) min= 616.893379 max= 23417.163713
diag(all) min= 616.893379 max= 23417.163713
Trying gamma equal 0.235200
Convergence reached after 14 iterations with no gamma cycles
min(dx) = -0.009637867658016478
max(dx) = 0.006590331179476104
mean(dx)= -0.00026472887381308584
vdws = 10
atoms = 11
pairs = 33
 geom_x = 17.22838558373285
 geom_a = 0
 geom_q = 0
 geom_c = 0.0
f1, 0= 1.7228e+01
                       N restraints  r.m.s.d.  r.m.s.Z  Mn(sigma)
Bond distances, non H            11     0.011    0.572      0.016
Bond angles, non H               15     2.811    0.944      2.300
Chiral centres                    3     0.007    0.077      0.120
Planar groups                     4     0.000    0.010      0.020
VDW nonbonded                     1     0.012    0.058      0.200
VDW torsion                       3     0.239    1.197      0.200



====== CYCLE  9 ======

 weight = 1.0000e+00
 geom_x = 17.22838558373285
 geom_a = 0
 geom_q = 0
 geom_c = 0.0
f0= 1.7228e+01
using cgsolve in c++, ic=False
diag(geom) min= 621.999162 max= 23343.148151
diag(all) min= 621.999162 max= 23343.148151
Trying gamma equal 0.235200
Convergence reached after 14 iterations with no gamma cycles
min(dx) = -0.009206566598978996
max(dx) = 0.006335112334110936
mean(dx)= -0.0002604102267642981
vdws = 10
atoms = 11
pairs = 33
 geom_x = 16.936583821650494
 geom_a = 0
 geom_q = 0
 geom_c = 0.0
f1, 0= 1.6937e+01
                       N restraints  r.m.s.d.  r.m.s.Z  Mn(sigma)
Bond distances, non H            11     0.011    0.572      0.016
Bond angles, non H               15     2.757    0.926      2.300
Chiral centres                    3     0.007    0.076      0.120
Planar groups                     4     0.000    0.011      0.020
VDW nonbonded                     1     0.012    0.060      0.200
VDW torsion                       3     0.239    1.194      0.200



====== CYCLE 10 ======

 weight = 1.0000e+00
 geom_x = 16.936583821650494
 geom_a = 0
 geom_q = 0
 geom_c = 0.0
f0= 1.6937e+01
using cgsolve in c++, ic=False
diag(geom) min= 626.960879 max= 23268.748176
diag(all) min= 626.960879 max= 23268.748176
Trying gamma equal 0.235200
Convergence reached after 14 iterations with no gamma cycles
min(dx) = -0.008796319357949643
max(dx) = 0.006099409352988051
mean(dx)= -0.000254760346062529
vdws = 10
atoms = 11
pairs = 33
 geom_x = 16.6688420306073
 geom_a = 0
 geom_q = 0
 geom_c = 0.0
f1, 0= 1.6669e+01
                       N restraints  r.m.s.d.  r.m.s.Z  Mn(sigma)
Bond distances, non H            11     0.011    0.572      0.016
Bond angles, non H               15     2.707    0.910      2.300
Chiral centres                    3     0.007    0.076      0.120
Planar groups                     4     0.000    0.013      0.020
VDW nonbonded                     1     0.012    0.061      0.200
VDW torsion                       3     0.238    1.191      0.200


$TABLE: stats vs cycle :
$GRAPHS
: Geometry :A:1,2,4:
: Geometry Z :A:1,5,3:
$$
 Ncyc  rmsBOND  zBOND  rmsANGL  zANGL
$$
$$
    0   0.0497 3.0336   5.3044 2.1839
    1   0.0111 0.5931   3.5954 1.2095
    2   0.0107 0.5755   3.3540 1.1250
    3   0.0106 0.5725   3.1734 1.0646
    4   0.0106 0.5712   3.0856 1.0354
    5   0.0106 0.5710   3.0052 1.0087
    6   0.0106 0.5711   2.9336 0.9849
    7   0.0106 0.5713   2.8691 0.9635
    8   0.0107 0.5716   2.8105 0.9441
    9   0.0107 0.5718   2.7568 0.9263
   10   0.0107 0.5720   2.7074 0.9099
$$

Running 30 cycles with wchir=1 wvdw=2 without hydrogen
Geometry weights
vdws = 10
atoms = 11
pairs = 33
                       N restraints  r.m.s.d.  r.m.s.Z  Mn(sigma)
Bond distances, non H            11     0.011    0.572      0.016
Bond angles, non H               15     2.707    0.910      2.300
Chiral centres                    3     0.007    0.076      0.120
Planar groups                     4     0.000    0.013      0.020
VDW nonbonded                     1     0.012    0.061      0.200
VDW torsion                       3     0.238    1.191      0.200


====== CYCLE  1 ======

 weight = 1.0000e+00
 geom_x = 16.538869947695158
 geom_a = 0
 geom_q = 0
 geom_c = 0.0
f0= 1.6539e+01
using cgsolve in c++, ic=False
diag(geom) min= 395.401128 max= 12210.436741
diag(all) min= 395.401128 max= 12210.436741
Trying gamma equal 0.235200
Convergence reached after 14 iterations with no gamma cycles
min(dx) = -0.014704632514946142
max(dx) = 0.021228730435387342
mean(dx)= 0.0007251853816088208
vdws = 10
atoms = 11
pairs = 33
 geom_x = 15.28073701832945
 geom_a = 0
 geom_q = 0
 geom_c = 0.0
f1, 0= 1.5281e+01
                       N restraints  r.m.s.d.  r.m.s.Z  Mn(sigma)
Bond distances, non H            11     0.007    0.387      0.016
Bond angles, non H               15     2.770    0.929      2.300
Chiral centres                    3     0.045    0.508      0.120
Planar groups                     4     0.000    0.017      0.020
VDW nonbonded                     1     0.003    0.015      0.200
VDW torsion                       3     0.225    1.125      0.200



====== CYCLE  2 ======

 weight = 1.0000e+00
 geom_x = 15.28073701832945
 geom_a = 0
 geom_q = 0
 geom_c = 0.0
f0= 1.5281e+01
using cgsolve in c++, ic=False
diag(geom) min= 399.465421 max= 12214.895080
diag(all) min= 399.465421 max= 12214.895080
Trying gamma equal 0.235200
Convergence reached after 15 iterations with no gamma cycles
min(dx) = -0.008983111635025475
max(dx) = 0.0111197079812868
mean(dx)= 0.0001868077793739659
vdws = 10
atoms = 11
pairs = 33
 geom_x = 14.887123354742318
 geom_a = 0
 geom_q = 0
 geom_c = 0.0
f1, 0= 1.4887e+01
                       N restraints  r.m.s.d.  r.m.s.Z  Mn(sigma)
Bond distances, non H            11     0.007    0.379      0.016
Bond angles, non H               15     2.731    0.916      2.300
Chiral centres                    3     0.049    0.547      0.120
Planar groups                     4     0.000    0.020      0.020
VDW nonbonded                     1     0.004    0.022      0.200
VDW torsion                       3     0.221    1.107      0.200



====== CYCLE  3 ======

 weight = 1.0000e+00
 geom_x = 14.887123354742318
 geom_a = 0
 geom_q = 0
 geom_c = 0.0
f0= 1.4887e+01
using cgsolve in c++, ic=False
diag(geom) min= 401.035241 max= 12216.281818
diag(all) min= 401.035241 max= 12216.281818
Trying gamma equal 0.235200
Convergence reached after 14 iterations with no gamma cycles
min(dx) = -0.00875042454043412
max(dx) = 0.009882784970818296
mean(dx)= 9.962278768819431e-05
vdws = 10
atoms = 11
pairs = 33
 geom_x = 14.56134213722272
 geom_a = 0
 geom_q = 0
 geom_c = 0.0
f1, 0= 1.4561e+01
                       N restraints  r.m.s.d.  r.m.s.Z  Mn(sigma)
Bond distances, non H            11     0.007    0.382      0.016
Bond angles, non H               15     2.683    0.900      2.300
Chiral centres                    3     0.049    0.551      0.120
Planar groups                     4     0.000    0.021      0.020
VDW nonbonded                     1     0.006    0.030      0.200
VDW torsion                       3     0.220    1.098      0.200



====== CYCLE  4 ======

 weight = 1.0000e+00
 geom_x = 14.56134213722272
 geom_a = 0
 geom_q = 0
 geom_c = 0.0
f0= 1.4561e+01
using cgsolve in c++, ic=False
diag(geom) min= 402.472239 max= 12215.961302
diag(all) min= 402.472239 max= 12215.961302
Trying gamma equal 0.235200
Convergence reached after 14 iterations with no gamma cycles
min(dx) = -0.008456299293001254
max(dx) = 0.009103300648557508
mean(dx)= 7.343226372044457e-05
vdws = 10
atoms = 11
pairs = 33
 geom_x = 14.280132795058911
 geom_a = 0
 geom_q = 0
 geom_c = 0.0
f1, 0= 1.4280e+01
                       N restraints  r.m.s.d.  r.m.s.Z  Mn(sigma)
Bond distances, non H            11     0.007    0.384      0.016
Bond angles, non H               15     2.638    0.885      2.300
Chiral centres                    3     0.049    0.551      0.120
Planar groups                     4     0.000    0.022      0.020
VDW nonbonded                     1     0.007    0.035      0.200
VDW torsion                       3     0.218    1.091      0.200



====== CYCLE  5 ======

 weight = 1.0000e+00
 geom_x = 14.280132795058911
 geom_a = 0
 geom_q = 0
 geom_c = 0.0
f0= 1.4280e+01
using cgsolve in c++, ic=False
diag(geom) min= 403.930091 max= 12214.707259
diag(all) min= 403.930091 max= 12214.707259
Trying gamma equal 0.235200
Convergence reached after 13 iterations with no gamma cycles
min(dx) = -0.008138547607583408
max(dx) = 0.00844379738896775
mean(dx)= 6.137083226597133e-05
vdws = 10
atoms = 11
pairs = 33
 geom_x = 14.034239495841366
 geom_a = 0
 geom_q = 0
 geom_c = 0.0
f1, 0= 1.4034e+01
                       N restraints  r.m.s.d.  r.m.s.Z  Mn(sigma)
Bond distances, non H            11     0.007    0.385      0.016
Bond angles, non H               15     2.597    0.871      2.300
Chiral centres                    3     0.049    0.549      0.120
Planar groups                     4     0.000    0.022      0.020
VDW nonbonded                     1     0.008    0.038      0.200
VDW torsion                       3     0.217    1.086      0.200



====== CYCLE  6 ======

 weight = 1.0000e+00
 geom_x = 14.034239495841366
 geom_a = 0
 geom_q = 0
 geom_c = 0.0
f0= 1.4034e+01
using cgsolve in c++, ic=False
diag(geom) min= 405.373929 max= 12212.949427
diag(all) min= 405.373929 max= 12212.949427
Trying gamma equal 0.235200
Convergence reached after 13 iterations with no gamma cycles
min(dx) = -0.007811748627974861
max(dx) = 0.007853498414969549
mean(dx)= 5.419535904333527e-05
vdws = 10
atoms = 11
pairs = 33
 geom_x = 13.817457531586495
 geom_a = 0
 geom_q = 0
 geom_c = 0.0
f1, 0= 1.3817e+01
                       N restraints  r.m.s.d.  r.m.s.Z  Mn(sigma)
Bond distances, non H            11     0.007    0.385      0.016
Bond angles, non H               15     2.561    0.859      2.300
Chiral centres                    3     0.049    0.547      0.120
Planar groups                     4     0.000    0.022      0.020
VDW nonbonded                     1     0.008    0.039      0.200
VDW torsion                       3     0.216    1.081      0.200



====== CYCLE  7 ======

 weight = 1.0000e+00
 geom_x = 13.817457531586495
 geom_a = 0
 geom_q = 0
 geom_c = 0.0
f0= 1.3817e+01
using cgsolve in c++, ic=False
diag(geom) min= 406.777415 max= 12210.924022
diag(all) min= 406.777415 max= 12210.924022
Trying gamma equal 0.235200
Convergence reached after 13 iterations with no gamma cycles
min(dx) = -0.0074831197215515085
max(dx) = 0.007319888735563549
mean(dx)= 4.911032045152068e-05
vdws = 10
atoms = 11
pairs = 33
 geom_x = 13.625159944817007
 geom_a = 0
 geom_q = 0
 geom_c = 0.0
f1, 0= 1.3625e+01
                       N restraints  r.m.s.d.  r.m.s.Z  Mn(sigma)
Bond distances, non H            11     0.007    0.386      0.016
Bond angles, non H               15     2.528    0.848      2.300
Chiral centres                    3     0.049    0.546      0.120
Planar groups                     4     0.000    0.023      0.020
VDW nonbonded                     1     0.008    0.039      0.200
VDW torsion                       3     0.215    1.077      0.200



====== CYCLE  8 ======

 weight = 1.0000e+00
 geom_x = 13.625159944817007
 geom_a = 0
 geom_q = 0
 geom_c = 0.0
f0= 1.3625e+01
using cgsolve in c++, ic=False
diag(geom) min= 408.127415 max= 12208.763798
diag(all) min= 408.127415 max= 12208.763798
Trying gamma equal 0.235200
Convergence reached after 13 iterations with no gamma cycles
min(dx) = -0.007156820662574726
max(dx) = 0.006835890225063157
mean(dx)= 4.498575408627478e-05
vdws = 10
atoms = 11
pairs = 33
 geom_x = 13.453745003216735
 geom_a = 0
 geom_q = 0
 geom_c = 0.0
f1, 0= 1.3454e+01
                       N restraints  r.m.s.d.  r.m.s.Z  Mn(sigma)
Bond distances, non H            11     0.007    0.386      0.016
Bond angles, non H               15     2.499    0.838      2.300
Chiral centres                    3     0.049    0.544      0.120
Planar groups                     4     0.000    0.022      0.020
VDW nonbonded                     1     0.008    0.038      0.200
VDW torsion                       3     0.215    1.074      0.200



====== CYCLE  9 ======

 weight = 1.0000e+00
 geom_x = 13.453745003216735
 geom_a = 0
 geom_q = 0
 geom_c = 0.0
f0= 1.3454e+01
using cgsolve in c++, ic=False
diag(geom) min= 409.418394 max= 12206.542160
diag(all) min= 409.418394 max= 12206.542160
Trying gamma equal 0.235200
Convergence reached after 13 iterations with no gamma cycles
min(dx) = -0.006835675873202671
max(dx) = 0.006395882021418027
mean(dx)= 4.135288334790436e-05
vdws = 10
atoms = 11
pairs = 33
 geom_x = 13.300339874072115
 geom_a = 0
 geom_q = 0
 geom_c = 0.0
f1, 0= 1.3300e+01
                       N restraints  r.m.s.d.  r.m.s.Z  Mn(sigma)
Bond distances, non H            11     0.007    0.386      0.016
Bond angles, non H               15     2.472    0.829      2.300
Chiral centres                    3     0.049    0.542      0.120
Planar groups                     4     0.000    0.022      0.020
VDW nonbonded                     1     0.007    0.036      0.200
VDW torsion                       3     0.214    1.071      0.200



====== CYCLE 10 ======

 weight = 1.0000e+00
 geom_x = 13.300339874072115
 geom_a = 0
 geom_q = 0
 geom_c = 0.0
f0= 1.3300e+01
using cgsolve in c++, ic=False
diag(geom) min= 410.648861 max= 12204.299996
diag(all) min= 410.648861 max= 12204.299996
Trying gamma equal 0.235200
Convergence reached after 13 iterations with no gamma cycles
min(dx) = -0.006521738142286743
max(dx) = 0.0059949579325328925
mean(dx)= 3.8018322055954585e-05
vdws = 10
atoms = 11
pairs = 33
 geom_x = 13.162611252036218
 geom_a = 0
 geom_q = 0
 geom_c = 0.0
f1, 0= 1.3163e+01
                       N restraints  r.m.s.d.  r.m.s.Z  Mn(sigma)
Bond distances, non H            11     0.007    0.386      0.016
Bond angles, non H               15     2.448    0.821      2.300
Chiral centres                    3     0.049    0.541      0.120
Planar groups                     4     0.000    0.022      0.020
VDW nonbonded                     1     0.007    0.034      0.200
VDW torsion                       3     0.214    1.068      0.200



====== CYCLE 11 ======

 weight = 1.0000e+00
 geom_x = 13.162611252036218
 geom_a = 0
 geom_q = 0
 geom_c = 0.0
f0= 1.3163e+01
using cgsolve in c++, ic=False
diag(geom) min= 411.819467 max= 12202.060451
diag(all) min= 411.819467 max= 12202.060451
Trying gamma equal 0.235200
Convergence reached after 13 iterations with no gamma cycles
min(dx) = -0.006216522806831665
max(dx) = 0.005628758081932181
mean(dx)= 3.490552067843987e-05
vdws = 10
atoms = 11
pairs = 33
 geom_x = 13.038634485002117
 geom_a = 0
 geom_q = 0
 geom_c = 0.0
f1, 0= 1.3039e+01
                       N restraints  r.m.s.d.  r.m.s.Z  Mn(sigma)
Bond distances, non H            11     0.007    0.386      0.016
Bond angles, non H               15     2.426    0.814      2.300
Chiral centres                    3     0.049    0.540      0.120
Planar groups                     4     0.000    0.022      0.020
VDW nonbonded                     1     0.006    0.032      0.200
VDW torsion                       3     0.213    1.065      0.200



====== CYCLE 12 ======

 weight = 1.0000e+00
 geom_x = 13.038634485002117
 geom_a = 0
 geom_q = 0
 geom_c = 0.0
f0= 1.3039e+01
using cgsolve in c++, ic=False
diag(geom) min= 412.931983 max= 12199.837049
diag(all) min= 412.931983 max= 12199.837049
Trying gamma equal 0.235200
Convergence reached after 13 iterations with no gamma cycles
min(dx) = -0.005921126340970013
max(dx) = 0.005293407044952765
mean(dx)= 3.19862649168407e-05
vdws = 10
atoms = 11
pairs = 33
 geom_x = 12.926799848411397
 geom_a = 0
 geom_q = 0
 geom_c = 0.0
f1, 0= 1.2927e+01
                       N restraints  r.m.s.d.  r.m.s.Z  Mn(sigma)
Bond distances, non H            11     0.007    0.386      0.016
Bond angles, non H               15     2.406    0.807      2.300
Chiral centres                    3     0.049    0.539      0.120
Planar groups                     4     0.000    0.021      0.020
VDW nonbonded                     1     0.006    0.029      0.200
VDW torsion                       3     0.213    1.063      0.200



====== CYCLE 13 ======

 weight = 1.0000e+00
 geom_x = 12.926799848411397
 geom_a = 0
 geom_q = 0
 geom_c = 0.0
f0= 1.2927e+01
using cgsolve in c++, ic=False
diag(geom) min= 413.988759 max= 12197.638111
diag(all) min= 413.988759 max= 12197.638111
Trying gamma equal 0.235200
Convergence reached after 13 iterations with no gamma cycles
min(dx) = -0.005636300475965813
max(dx) = 0.004985474453518893
mean(dx)= 2.925037522259626e-05
vdws = 10
atoms = 11
pairs = 33
 geom_x = 12.825744118210826
 geom_a = 0
 geom_q = 0
 geom_c = 0.0
f1, 0= 1.2826e+01
                       N restraints  r.m.s.d.  r.m.s.Z  Mn(sigma)
Bond distances, non H            11     0.007    0.386      0.016
Bond angles, non H               15     2.389    0.801      2.300
Chiral centres                    3     0.049    0.538      0.120
Planar groups                     4     0.000    0.021      0.020
VDW nonbonded                     1     0.005    0.027      0.200
VDW torsion                       3     0.212    1.061      0.200



====== CYCLE 14 ======

 weight = 1.0000e+00
 geom_x = 12.825744118210826
 geom_a = 0
 geom_q = 0
 geom_c = 0.0
f0= 1.2826e+01
using cgsolve in c++, ic=False
diag(geom) min= 414.992414 max= 12195.469098
diag(all) min= 414.992414 max= 12195.469098
Trying gamma equal 0.235200
Convergence reached after 13 iterations with no gamma cycles
min(dx) = -0.005362506220132825
max(dx) = 0.0047019371527351585
mean(dx)= 2.669250218082587e-05
vdws = 10
atoms = 11
pairs = 33
 geom_x = 12.734299933924643
 geom_a = 0
 geom_q = 0
 geom_c = 0.0
f1, 0= 1.2734e+01
                       N restraints  r.m.s.d.  r.m.s.Z  Mn(sigma)
Bond distances, non H            11     0.007    0.386      0.016
Bond angles, non H               15     2.372    0.796      2.300
Chiral centres                    3     0.049    0.537      0.120
Planar groups                     4     0.000    0.020      0.020
VDW nonbonded                     1     0.005    0.024      0.200
VDW torsion                       3     0.212    1.059      0.200



====== CYCLE 15 ======

 weight = 1.0000e+00
 geom_x = 12.734299933924643
 geom_a = 0
 geom_q = 0
 geom_c = 0.0
f0= 1.2734e+01
using cgsolve in c++, ic=False
diag(geom) min= 415.945656 max= 12193.333835
diag(all) min= 415.945656 max= 12193.333835
Trying gamma equal 0.235200
Convergence reached after 13 iterations with no gamma cycles
min(dx) = -0.00509997461195083
max(dx) = 0.004440141810918574
mean(dx)= 2.4308102308315315e-05
vdws = 10
atoms = 11
pairs = 33
 geom_x = 12.651457876913916
 geom_a = 0
 geom_q = 0
 geom_c = 0.0
f1, 0= 1.2651e+01
                       N restraints  r.m.s.d.  r.m.s.Z  Mn(sigma)
Bond distances, non H            11     0.007    0.386      0.016
Bond angles, non H               15     2.358    0.791      2.300
Chiral centres                    3     0.049    0.536      0.120
Planar groups                     4     0.000    0.020      0.020
VDW nonbonded                     1     0.004    0.022      0.200
VDW torsion                       3     0.211    1.057      0.200



====== CYCLE 16 ======

 weight = 1.0000e+00
 geom_x = 12.651457876913916
 geom_a = 0
 geom_q = 0
 geom_c = 0.0
f0= 1.2651e+01
using cgsolve in c++, ic=False
diag(geom) min= 416.851183 max= 12191.235200
diag(all) min= 416.851183 max= 12191.235200
Trying gamma equal 0.235200
Convergence reached after 13 iterations with no gamma cycles
min(dx) = -0.004848765263936335
max(dx) = 0.004197768377097865
mean(dx)= 2.20924770252729e-05
vdws = 10
atoms = 11
pairs = 33
 geom_x = 12.576337729714568
 geom_a = 0
 geom_q = 0
 geom_c = 0.0
f1, 0= 1.2576e+01
                       N restraints  r.m.s.d.  r.m.s.Z  Mn(sigma)
Bond distances, non H            11     0.007    0.386      0.016
Bond angles, non H               15     2.345    0.787      2.300
Chiral centres                    3     0.049    0.535      0.120
Planar groups                     4     0.000    0.019      0.020
VDW nonbonded                     1     0.004    0.019      0.200
VDW torsion                       3     0.211    1.055      0.200



====== CYCLE 17 ======

 weight = 1.0000e+00
 geom_x = 12.576337729714568
 geom_a = 0
 geom_q = 0
 geom_c = 0.0
f0= 1.2576e+01
using cgsolve in c++, ic=False
diag(geom) min= 417.711619 max= 12189.175505
diag(all) min= 417.711619 max= 12189.175505
Trying gamma equal 0.235200
Convergence reached after 13 iterations with no gamma cycles
min(dx) = -0.0046088042852464785
max(dx) = 0.003972791647555725
mean(dx)= 2.0039895309669757e-05
vdws = 10
atoms = 11
pairs = 33
 geom_x = 12.508166419486098
 geom_a = 0
 geom_q = 0
 geom_c = 0.0
f1, 0= 1.2508e+01
                       N restraints  r.m.s.d.  r.m.s.Z  Mn(sigma)
Bond distances, non H            11     0.007    0.385      0.016
Bond angles, non H               15     2.333    0.783      2.300
Chiral centres                    3     0.049    0.535      0.120
Planar groups                     4     0.000    0.018      0.020
VDW nonbonded                     1     0.003    0.017      0.200
VDW torsion                       3     0.211    1.054      0.200



====== CYCLE 18 ======

 weight = 1.0000e+00
 geom_x = 12.508166419486098
 geom_a = 0
 geom_q = 0
 geom_c = 0.0
f0= 1.2508e+01
using cgsolve in c++, ic=False
diag(geom) min= 418.529479 max= 12187.156674
diag(all) min= 418.529479 max= 12187.156674
Trying gamma equal 0.235200
Convergence reached after 13 iterations with no gamma cycles
min(dx) = -0.004379912747376556
max(dx) = 0.0037634443431929596
mean(dx)= 1.81433532945799e-05
vdws = 10
atoms = 11
pairs = 33
 geom_x = 12.44626086610602
 geom_a = 0
 geom_q = 0
 geom_c = 0.0
f1, 0= 1.2446e+01
                       N restraints  r.m.s.d.  r.m.s.Z  Mn(sigma)
Bond distances, non H            11     0.007    0.385      0.016
Bond angles, non H               15     2.322    0.779      2.300
Chiral centres                    3     0.049    0.534      0.120
Planar groups                     4     0.000    0.018      0.020
VDW nonbonded                     1     0.003    0.014      0.200
VDW torsion                       3     0.210    1.052      0.200



====== CYCLE 19 ======

 weight = 1.0000e+00
 geom_x = 12.44626086610602
 geom_a = 0
 geom_q = 0
 geom_c = 0.0
f0= 1.2446e+01
using cgsolve in c++, ic=False
diag(geom) min= 419.307154 max= 12185.180322
diag(all) min= 419.307154 max= 12185.180322
Trying gamma equal 0.235200
Convergence reached after 13 iterations with no gamma cycles
min(dx) = -0.00416183247617263
max(dx) = 0.0035681838899022434
mean(dx)= 1.6394874360578077e-05
vdws = 10
atoms = 11
pairs = 33
 geom_x = 12.39001445901258
 geom_a = 0
 geom_q = 0
 geom_c = 0.0
f1, 0= 1.2390e+01
                       N restraints  r.m.s.d.  r.m.s.Z  Mn(sigma)
Bond distances, non H            11     0.007    0.385      0.016
Bond angles, non H               15     2.313    0.776      2.300
Chiral centres                    3     0.049    0.534      0.120
Planar groups                     4     0.000    0.017      0.020
VDW nonbonded                     1     0.002    0.012      0.200
VDW torsion                       3     0.210    1.051      0.200



====== CYCLE 20 ======

 weight = 1.0000e+00
 geom_x = 12.39001445901258
 geom_a = 0
 geom_q = 0
 geom_c = 0.0
f0= 1.2390e+01
using cgsolve in c++, ic=False
diag(geom) min= 420.046898 max= 12183.247790
diag(all) min= 420.046898 max= 12183.247790
Trying gamma equal 0.235200
Convergence reached after 13 iterations with no gamma cycles
min(dx) = -0.003954248173085478
max(dx) = 0.0033856627642038515
mean(dx)= 1.4785914857347183e-05
vdws = 10
atoms = 11
pairs = 33
 geom_x = 12.33888624347636
 geom_a = 0
 geom_q = 0
 geom_c = 0.0
f1, 0= 1.2339e+01
                       N restraints  r.m.s.d.  r.m.s.Z  Mn(sigma)
Bond distances, non H            11     0.007    0.385      0.016
Bond angles, non H               15     2.304    0.773      2.300
Chiral centres                    3     0.049    0.533      0.120
Planar groups                     4     0.000    0.017      0.020
VDW nonbonded                     1     0.002    0.010      0.200
VDW torsion                       3     0.210    1.050      0.200



====== CYCLE 21 ======

 weight = 1.0000e+00
 geom_x = 12.33888624347636
 geom_a = 0
 geom_q = 0
 geom_c = 0.0
f0= 1.2339e+01
using cgsolve in c++, ic=False
diag(geom) min= 420.750828 max= 12181.360178
diag(all) min= 420.750828 max= 12181.360178
Trying gamma equal 0.235200
Convergence reached after 13 iterations with no gamma cycles
min(dx) = -0.003756805160159096
max(dx) = 0.003214702134695803
mean(dx)= 1.330769707215364e-05
vdws = 10
atoms = 11
pairs = 33
 geom_x = 12.292392150676603
 geom_a = 0
 geom_q = 0
 geom_c = 0.0
f1, 0= 1.2292e+01
                       N restraints  r.m.s.d.  r.m.s.Z  Mn(sigma)
Bond distances, non H            11     0.007    0.385      0.016
Bond angles, non H               15     2.296    0.771      2.300
Chiral centres                    3     0.049    0.533      0.120
Planar groups                     4     0.000    0.016      0.020
VDW nonbonded                     1     0.002    0.008      0.200
VDW torsion                       3     0.210    1.049      0.200



====== CYCLE 22 ======

 weight = 1.0000e+00
 geom_x = 12.292392150676603
 geom_a = 0
 geom_q = 0
 geom_c = 0.0
f0= 1.2292e+01
using cgsolve in c++, ic=False
diag(geom) min= 421.420927 max= 12179.518355
diag(all) min= 421.420927 max= 12179.518355
Trying gamma equal 0.235200
Convergence reached after 13 iterations with no gamma cycles
min(dx) = -0.003569123214639091
max(dx) = 0.0030542686657868863
mean(dx)= 1.1951451352998113e-05
vdws = 10
atoms = 11
pairs = 33
 geom_x = 12.250097787025485
 geom_a = 0
 geom_q = 0
 geom_c = 0.0
f1, 0= 1.2250e+01
                       N restraints  r.m.s.d.  r.m.s.Z  Mn(sigma)
Bond distances, non H            11     0.007    0.384      0.016
Bond angles, non H               15     2.289    0.768      2.300
Chiral centres                    3     0.049    0.533      0.120
Planar groups                     4     0.000    0.015      0.020
VDW nonbonded                     1     0.001    0.007      0.200
VDW torsion                       3     0.209    1.047      0.200



====== CYCLE 23 ======

 weight = 1.0000e+00
 geom_x = 12.250097787025485
 geom_a = 0
 geom_q = 0
 geom_c = 0.0
f0= 1.2250e+01
using cgsolve in c++, ic=False
diag(geom) min= 422.059050 max= 12177.722981
diag(all) min= 422.059050 max= 12177.722981
Trying gamma equal 0.235200
Convergence reached after 13 iterations with no gamma cycles
min(dx) = -0.0033908072507839063
max(dx) = 0.0029034543099515507
mean(dx)= 1.0708587013947142e-05
vdws = 10
atoms = 11
pairs = 33
 geom_x = 12.211612427800937
 geom_a = 0
 geom_q = 0
 geom_c = 0.0
f1, 0= 1.2212e+01
                       N restraints  r.m.s.d.  r.m.s.Z  Mn(sigma)
Bond distances, non H            11     0.007    0.384      0.016
Bond angles, non H               15     2.283    0.766      2.300
Chiral centres                    3     0.049    0.533      0.120
Planar groups                     4     0.000    0.015      0.020
VDW nonbonded                     1     0.001    0.005      0.200
VDW torsion                       3     0.209    1.046      0.200



====== CYCLE 24 ======

 weight = 1.0000e+00
 geom_x = 12.211612427800937
 geom_a = 0
 geom_q = 0
 geom_c = 0.0
f0= 1.2212e+01
using cgsolve in c++, ic=False
diag(geom) min= 422.666930 max= 12175.974519
diag(all) min= 422.666930 max= 12175.974519
Trying gamma equal 0.235200
Convergence reached after 13 iterations with no gamma cycles
min(dx) = -0.003221455517214159
max(dx) = 0.002761458836498075
mean(dx)= 9.570810478908272e-06
vdws = 10
atoms = 11
pairs = 33
 geom_x = 12.176583953231344
 geom_a = 0
 geom_q = 0
 geom_c = 0.0
f1, 0= 1.2177e+01
                       N restraints  r.m.s.d.  r.m.s.Z  Mn(sigma)
Bond distances, non H            11     0.007    0.384      0.016
Bond angles, non H               15     2.278    0.764      2.300
Chiral centres                    3     0.050    0.533      0.120
Planar groups                     4     0.000    0.014      0.020
VDW nonbonded                     1     0.001    0.004      0.200
VDW torsion                       3     0.209    1.045      0.200



====== CYCLE 25 ======

 weight = 1.0000e+00
 geom_x = 12.176583953231344
 geom_a = 0
 geom_q = 0
 geom_c = 0.0
f0= 1.2177e+01
using cgsolve in c++, ic=False
diag(geom) min= 423.246184 max= 12174.273252
diag(all) min= 423.246184 max= 12174.273252
Trying gamma equal 0.235200
Convergence reached after 13 iterations with no gamma cycles
min(dx) = -0.0030606658393759712
max(dx) = 0.0026275748039542575
mean(dx)= 8.53020379779321e-06
vdws = 10
atoms = 11
pairs = 33
 geom_x = 12.144694532255276
 geom_a = 0
 geom_q = 0
 geom_c = 0.0
f1, 0= 1.2145e+01
                       N restraints  r.m.s.d.  r.m.s.Z  Mn(sigma)
Bond distances, non H            11     0.007    0.384      0.016
Bond angles, non H               15     2.273    0.763      2.300
Chiral centres                    3     0.050    0.533      0.120
Planar groups                     4     0.000    0.014      0.020
VDW nonbonded                     1     0.000    0.002      0.200
VDW torsion                       3     0.209    1.044      0.200



====== CYCLE 26 ======

 weight = 1.0000e+00
 geom_x = 12.144694532255276
 geom_a = 0
 geom_q = 0
 geom_c = 0.0
f0= 1.2145e+01
using cgsolve in c++, ic=False
diag(geom) min= 423.798325 max= 12172.619293
diag(all) min= 423.798325 max= 12172.619293
Trying gamma equal 0.235200
Convergence reached after 13 iterations with no gamma cycles
min(dx) = -0.0029080403227304593
max(dx) = 0.0025011746788432213
mean(dx)= 7.579273138534092e-06
vdws = 10
atoms = 11
pairs = 33
 geom_x = 12.115656907712076
 geom_a = 0
 geom_q = 0
 geom_c = 0.0
f1, 0= 1.2116e+01
                       N restraints  r.m.s.d.  r.m.s.Z  Mn(sigma)
Bond distances, non H            11     0.007    0.384      0.016
Bond angles, non H               15     2.269    0.761      2.300
Chiral centres                    3     0.050    0.533      0.120
Planar groups                     4     0.000    0.013      0.020
VDW nonbonded                     1     0.000    0.001      0.200
VDW torsion                       3     0.209    1.043      0.200



====== CYCLE 27 ======

 weight = 1.0000e+00
 geom_x = 12.115656907712076
 geom_a = 0
 geom_q = 0
 geom_c = 0.0
f0= 1.2116e+01
using cgsolve in c++, ic=False
diag(geom) min= 424.324765 max= 12171.012606
diag(all) min= 424.324765 max= 12171.012606
Trying gamma equal 0.235200
Convergence reached after 13 iterations with no gamma cycles
min(dx) = -0.002763188844662859
max(dx) = 0.002381699819836915
mean(dx)= 6.710974648451741e-06
vdws = 10
atoms = 11
pairs = 33
 geom_x = 12.089211171997938
 geom_a = 0
 geom_q = 0
 geom_c = 0.0
f1, 0= 1.2089e+01
                       N restraints  r.m.s.d.  r.m.s.Z  Mn(sigma)
Bond distances, non H            11     0.007    0.384      0.016
Bond angles, non H               15     2.265    0.760      2.300
Chiral centres                    3     0.050    0.533      0.120
Planar groups                     4     0.000    0.013      0.020
VDW nonbonded                     1     0.000    0.000      0.200
VDW torsion                       3     0.209    1.043      0.200



====== CYCLE 28 ======

 weight = 1.0000e+00
 geom_x = 12.089211171997938
 geom_a = 0
 geom_q = 0
 geom_c = 0.0
f0= 1.2089e+01
using cgsolve in c++, ic=False
diag(geom) min= 424.826828 max= 12169.453013
diag(all) min= 424.826828 max= 12169.453013
Trying gamma equal 0.235200
Convergence reached after 13 iterations with no gamma cycles
min(dx) = -0.0026257315948990455
max(dx) = 0.0022733066934538903
mean(dx)= 5.918723504164616e-06
vdws = 10
atoms = 11
pairs = 33
 geom_x = 12.065120274270967
 geom_a = 0
 geom_q = 0
 geom_c = 0.0
f1, 0= 1.2065e+01
                       N restraints  r.m.s.d.  r.m.s.Z  Mn(sigma)
Bond distances, non H            11     0.007    0.383      0.016
Bond angles, non H               15     2.262    0.759      2.300
Chiral centres                    3     0.050    0.533      0.120
Planar groups                     4     0.000    0.012      0.020
VDW torsion                       3     0.208    1.042      0.200



====== CYCLE 29 ======

 weight = 1.0000e+00
 geom_x = 12.065120274270967
 geom_a = 0
 geom_q = 0
 geom_c = 0.0
f0= 1.2065e+01
using cgsolve in c++, ic=False
diag(geom) min= 336.013021 max= 12167.940214
diag(all) min= 336.013021 max= 12167.940214
Trying gamma equal 0.235200
Convergence reached after 13 iterations with no gamma cycles
min(dx) = -0.0024987632930901452
max(dx) = 0.002190334798620367
mean(dx)= 8.539372036599245e-06
vdws = 10
atoms = 11
pairs = 33
 geom_x = 12.04314296007164
 geom_a = 0
 geom_q = 0
 geom_c = 0.0
f1, 0= 1.2043e+01
                       N restraints  r.m.s.d.  r.m.s.Z  Mn(sigma)
Bond distances, non H            11     0.007    0.383      0.016
Bond angles, non H               15     2.259    0.758      2.300
Chiral centres                    3     0.050    0.533      0.120
Planar groups                     4     0.000    0.012      0.020
VDW torsion                       3     0.208    1.041      0.200



====== CYCLE 30 ======

 weight = 1.0000e+00
 geom_x = 12.04314296007164
 geom_a = 0
 geom_q = 0
 geom_c = 0.0
f0= 1.2043e+01
using cgsolve in c++, ic=False
diag(geom) min= 336.470791 max= 12166.372076
diag(all) min= 336.470791 max= 12166.372076
Trying gamma equal 0.235200
Convergence reached after 12 iterations with no gamma cycles
min(dx) = -0.002378778023578395
max(dx) = 0.002099014651622925
mean(dx)= 7.99245669254324e-06
vdws = 10
atoms = 11
pairs = 33
 geom_x = 12.023110271643072
 geom_a = 0
 geom_q = 0
 geom_c = 0.0
f1, 0= 1.2023e+01
                       N restraints  r.m.s.d.  r.m.s.Z  Mn(sigma)
Bond distances, non H            11     0.007    0.383      0.016
Bond angles, non H               15     2.257    0.757      2.300
Chiral centres                    3     0.050    0.533      0.120
Planar groups                     4     0.000    0.011      0.020
VDW torsion                       3     0.208    1.040      0.200


$TABLE: stats vs cycle :
$GRAPHS
: Geometry :A:1,2,4:
: Geometry Z :A:1,5,3:
$$
 Ncyc  rmsBOND  zBOND  rmsANGL  zANGL
$$
$$
    0   0.0107 0.5720   2.7074 0.9099
    1   0.0074 0.3869   2.7702 0.9288
    2   0.0072 0.3793   2.7311 0.9157
    3   0.0073 0.3818   2.6832 0.8997
    4   0.0073 0.3837   2.6382 0.8847
    5   0.0073 0.3847   2.5975 0.8712
    6   0.0073 0.3854   2.5609 0.8590
    7   0.0074 0.3858   2.5281 0.8480
    8   0.0074 0.3860   2.4985 0.8382
    9   0.0074 0.3862   2.4719 0.8293
   10   0.0074 0.3862   2.4478 0.8212
   11   0.0074 0.3862   2.4260 0.8140
   12   0.0074 0.3862   2.4063 0.8074
   13   0.0074 0.3861   2.3885 0.8014
   14   0.0074 0.3860   2.3724 0.7961
   15   0.0074 0.3858   2.3579 0.7912
   16   0.0074 0.3856   2.3447 0.7868
   17   0.0073 0.3855   2.3329 0.7828
   18   0.0073 0.3853   2.3222 0.7793
   19   0.0073 0.3851   2.3126 0.7761
   20   0.0073 0.3849   2.3040 0.7732
   21   0.0073 0.3847   2.2963 0.7706
   22   0.0073 0.3845   2.2895 0.7683
   23   0.0073 0.3843   2.2833 0.7662
   24   0.0073 0.3841   2.2779 0.7644
   25   0.0073 0.3839   2.2731 0.7628
   26   0.0073 0.3837   2.2688 0.7613
   27   0.0073 0.3836   2.2651 0.7601
   28   0.0073 0.3834   2.2618 0.7590
   29   0.0073 0.3833   2.2594 0.7582
   30   0.0073 0.3833   2.2573 0.7574
$$

Creating restraints..

Chain info:
 chain 
  ligands: LIG (1 residues)

Number of refinement parameters:
       n_params  n_atoms  n_atoms_geom_only  n_atoms_data_only
xyz          22       22                 11                  0
adp           0        0                  0                  0
occ           0        0                  0                  0
dfrac         0        0                  0                  0

Randomizing structure with rmsd of 0.01
Torsion angle rules:
 include:
  {'group': 'peptide', 'tors_name': 'chi*'}
  {'link': '*', 'tors_name': 'omega'}
  {'residue': '*', 'tors_name': 'sp2_sp2*'}
  {'link': '*', 'tors_name': 'sp2_sp2*'}
 exclude:
  none
External restraints from Refmac instructions
 Number of distances          : 0
 Number of angles             : 0
 Number of torsions           : 0
 Number of chirals            : 0
 Number of planes             : 0
 Number of intervals          : 0
 Number of stackings          : 0
 Number of harmonics          : 0
 Number of special positions  : 0

Running 10 cycles with wchir=4 wvdw=2 with hydrogen
Geometry weights
vdws = 63
atoms = 22
pairs = 123
                          N restraints  r.m.s.d.  r.m.s.Z  Mn(sigma)
Bond distances, non H               11     0.007    0.402      0.016
Bond distances, H                   11     0.008    0.563      0.016
Bond angles, non H                  15     2.378    0.828      2.300
Bond angles, H                      26     1.430    0.731      2.006
Torsion angles, period 3             2     0.397    0.040     10.000
Chiral centres                       3     0.096    0.931      0.120
Planar groups                        4     0.001    0.058      0.020
VDW nonbonded                        2     0.025    0.126      0.200
VDW torsion                          8     0.146    0.729      0.200


====== CYCLE  1 ======

 weight = 1.0000e+00
 geom_x = 44.1125624856666
 geom_a = 0
 geom_q = 0
 geom_c = 0.0
f0= 4.4113e+01
using cgsolve in c++, ic=False
diag(geom) min= 757.139830 max= 23118.314261
diag(all) min= 757.139830 max= 23118.314261
Trying gamma equal 0.000000
Convergence reached after 60 iterations with no gamma cycles
min(dx) = -0.04575720562998487
max(dx) = 0.034396573700623316
mean(dx)= -0.0024714988289398364
vdws = 63
atoms = 22
pairs = 123
 geom_x = 17.306575409184322
 geom_a = 0
 geom_q = 0
 geom_c = 0.0
f1, 0= 1.7307e+01
                          N restraints  r.m.s.d.  r.m.s.Z  Mn(sigma)
Bond distances, non H               11     0.013    0.710      0.016
Bond distances, H                   11     0.001    0.047      0.016
Bond angles, non H                  15     2.236    0.751      2.300
Bond angles, H                      26     1.157    0.446      2.006
Torsion angles, period 3             2     1.437    0.144     10.000
Chiral centres                       3     0.009    0.095      0.120
Planar groups                        4     0.000    0.006      0.020
VDW nonbonded                        1     0.013    0.065      0.200
VDW torsion                          9     0.129    0.644      0.200



====== CYCLE  2 ======

 weight = 1.0000e+00
 geom_x = 17.306575409184322
 geom_a = 0
 geom_q = 0
 geom_c = 0.0
f0= 1.7307e+01
using cgsolve in c++, ic=False
diag(geom) min= 797.905956 max= 23306.581049
diag(all) min= 797.905956 max= 23306.581049
Trying gamma equal 0.000000
Not converging with gamma equal 0.000000
Trying gamma equal 0.052500
Gamma decreased to 0.042000
min(dx) = -0.003932529844640765
max(dx) = 0.0017310358283143304
mean(dx)= -5.083166912005743e-05
vdws = 63
atoms = 22
pairs = 123
 geom_x = 17.28144292600242
 geom_a = 0
 geom_q = 0
 geom_c = 0.0
f1, 0= 1.7281e+01
                          N restraints  r.m.s.d.  r.m.s.Z  Mn(sigma)
Bond distances, non H               11     0.013    0.695      0.016
Bond distances, H                   11     0.000    0.018      0.016
Bond angles, non H                  15     2.233    0.750      2.300
Bond angles, H                      26     1.170    0.449      2.006
Torsion angles, period 3             2     1.469    0.147     10.000
Chiral centres                       3     0.009    0.102      0.120
Planar groups                        4     0.000    0.008      0.020
VDW nonbonded                        1     0.013    0.064      0.200
VDW torsion                          9     0.129    0.646      0.200



====== CYCLE  3 ======

 weight = 1.0000e+00
 geom_x = 17.28144292600242
 geom_a = 0
 geom_q = 0
 geom_c = 0.0
f0= 1.7281e+01
using cgsolve in c++, ic=False
diag(geom) min= 798.940723 max= 23307.773540
diag(all) min= 798.940723 max= 23307.773540
Trying gamma equal 0.042000
Convergence reached after 36 iterations with no gamma cycles
min(dx) = -0.0012474100885296257
max(dx) = 0.0019506506873065506
mean(dx)= -1.1915560793042725e-05
vdws = 63
atoms = 22
pairs = 123
 geom_x = 17.279580166254412
 geom_a = 0
 geom_q = 0
 geom_c = 0.0
f1, 0= 1.7280e+01
                          N restraints  r.m.s.d.  r.m.s.Z  Mn(sigma)
Bond distances, non H               11     0.013    0.693      0.016
Bond distances, H                   11     0.000    0.017      0.016
Bond angles, non H                  15     2.235    0.751      2.300
Bond angles, H                      26     1.172    0.449      2.006
Torsion angles, period 3             2     1.482    0.148     10.000
Chiral centres                       3     0.009    0.102      0.120
Planar groups                        4     0.000    0.009      0.020
VDW nonbonded                        1     0.013    0.063      0.200
VDW torsion                          9     0.129    0.645      0.200



====== CYCLE  4 ======

 weight = 1.0000e+00
 geom_x = 17.279580166254412
 geom_a = 0
 geom_q = 0
 geom_c = 0.0
f0= 1.7280e+01
using cgsolve in c++, ic=False
diag(geom) min= 799.936958 max= 23313.253893
diag(all) min= 799.936958 max= 23313.253893
Trying gamma equal 0.042000
Convergence reached after 37 iterations with no gamma cycles
min(dx) = -0.0005722305938563499
max(dx) = 0.0015339140592519204
mean(dx)= 5.047880599842144e-06
vdws = 63
atoms = 22
pairs = 123
 geom_x = 17.27891246260833
 geom_a = 0
 geom_q = 0
 geom_c = 0.0
f1, 0= 1.7279e+01
                          N restraints  r.m.s.d.  r.m.s.Z  Mn(sigma)
Bond distances, non H               11     0.013    0.693      0.016
Bond distances, H                   11     0.000    0.017      0.016
Bond angles, non H                  15     2.238    0.752      2.300
Bond angles, H                      26     1.173    0.449      2.006
Torsion angles, period 3             2     1.489    0.149     10.000
Chiral centres                       3     0.009    0.102      0.120
Planar groups                        4     0.000    0.009      0.020
VDW nonbonded                        1     0.012    0.062      0.200
VDW torsion                          9     0.129    0.645      0.200



====== CYCLE  5 ======

 weight = 1.0000e+00
 geom_x = 17.27891246260833
 geom_a = 0
 geom_q = 0
 geom_c = 0.0
f0= 1.7279e+01
using cgsolve in c++, ic=False
diag(geom) min= 800.805215 max= 23317.529607
diag(all) min= 800.805215 max= 23317.529607
Trying gamma equal 0.042000
Convergence reached after 37 iterations with no gamma cycles
min(dx) = -0.0005147473756145535
max(dx) = 0.0012226980787924822
mean(dx)= 9.825611655291566e-06
vdws = 63
atoms = 22
pairs = 123
 geom_x = 17.27855725561617
 geom_a = 0
 geom_q = 0
 geom_c = 0.0
f1, 0= 1.7279e+01
                          N restraints  r.m.s.d.  r.m.s.Z  Mn(sigma)
Bond distances, non H               11     0.013    0.693      0.016
Bond distances, H                   11     0.000    0.017      0.016
Bond angles, non H                  15     2.239    0.752      2.300
Bond angles, H                      26     1.173    0.450      2.006
Torsion angles, period 3             2     1.493    0.149     10.000
Chiral centres                       3     0.009    0.102      0.120
Planar groups                        4     0.000    0.010      0.020
VDW nonbonded                        1     0.012    0.062      0.200
VDW torsion                          9     0.129    0.645      0.200



====== CYCLE  6 ======

 weight = 1.0000e+00
 geom_x = 17.27855725561617
 geom_a = 0
 geom_q = 0
 geom_c = 0.0
f0= 1.7279e+01
using cgsolve in c++, ic=False
diag(geom) min= 801.544010 max= 23320.503578
diag(all) min= 801.544010 max= 23320.503578
Trying gamma equal 0.042000
Convergence reached after 37 iterations with no gamma cycles
min(dx) = -0.0004443441647083583
max(dx) = 0.0009864976081349205
mean(dx)= 1.029589625627985e-05
vdws = 63
atoms = 22
pairs = 123
 geom_x = 17.278325865390617
 geom_a = 0
 geom_q = 0
 geom_c = 0.0
f1, 0= 1.7278e+01
                          N restraints  r.m.s.d.  r.m.s.Z  Mn(sigma)
Bond distances, non H               11     0.013    0.693      0.016
Bond distances, H                   11     0.000    0.017      0.016
Bond angles, non H                  15     2.240    0.753      2.300
Bond angles, H                      26     1.174    0.450      2.006
Torsion angles, period 3             2     1.495    0.149     10.000
Chiral centres                       3     0.009    0.102      0.120
Planar groups                        4     0.000    0.010      0.020
VDW nonbonded                        1     0.012    0.062      0.200
VDW torsion                          9     0.129    0.644      0.200



====== CYCLE  7 ======

 weight = 1.0000e+00
 geom_x = 17.278325865390617
 geom_a = 0
 geom_q = 0
 geom_c = 0.0
f0= 1.7278e+01
using cgsolve in c++, ic=False
diag(geom) min= 802.162820 max= 23322.568821
diag(all) min= 802.162820 max= 23322.568821
Trying gamma equal 0.042000
Convergence reached after 36 iterations with no gamma cycles
min(dx) = -0.00037626844096109676
max(dx) = 0.0008036840858695315
mean(dx)= 9.412760840815842e-06
vdws = 63
atoms = 22
pairs = 123
 geom_x = 17.278157607185484
 geom_a = 0
 geom_q = 0
 geom_c = 0.0
f1, 0= 1.7278e+01
                          N restraints  r.m.s.d.  r.m.s.Z  Mn(sigma)
Bond distances, non H               11     0.013    0.693      0.016
Bond distances, H                   11     0.000    0.017      0.016
Bond angles, non H                  15     2.241    0.753      2.300
Bond angles, H                      26     1.174    0.450      2.006
Torsion angles, period 3             2     1.495    0.150     10.000
Chiral centres                       3     0.009    0.102      0.120
Planar groups                        4     0.000    0.010      0.020
VDW nonbonded                        1     0.012    0.062      0.200
VDW torsion                          9     0.129    0.644      0.200



====== CYCLE  8 ======

 weight = 1.0000e+00
 geom_x = 17.278157607185484
 geom_a = 0
 geom_q = 0
 geom_c = 0.0
f0= 1.7278e+01
using cgsolve in c++, ic=False
diag(geom) min= 802.677337 max= 23324.036833
diag(all) min= 802.677337 max= 23324.036833
Trying gamma equal 0.042000
Convergence reached after 35 iterations with no gamma cycles
min(dx) = -0.0003154677305354874
max(dx) = 0.0006603995189827297
mean(dx)= 8.222143638368222e-06
vdws = 63
atoms = 22
pairs = 123
 geom_x = 17.278026784101012
 geom_a = 0
 geom_q = 0
 geom_c = 0.0
f1, 0= 1.7278e+01
                          N restraints  r.m.s.d.  r.m.s.Z  Mn(sigma)
Bond distances, non H               11     0.013    0.693      0.016
Bond distances, H                   11     0.000    0.017      0.016
Bond angles, non H                  15     2.242    0.753      2.300
Bond angles, H                      26     1.174    0.450      2.006
Torsion angles, period 3             2     1.495    0.150     10.000
Chiral centres                       3     0.009    0.102      0.120
Planar groups                        4     0.000    0.010      0.020
VDW nonbonded                        1     0.012    0.062      0.200
VDW torsion                          9     0.129    0.644      0.200



====== CYCLE  9 ======

 weight = 1.0000e+00
 geom_x = 17.278026784101012
 geom_a = 0
 geom_q = 0
 geom_c = 0.0
f0= 1.7278e+01
using cgsolve in c++, ic=False
diag(geom) min= 803.103887 max= 23325.109797
diag(all) min= 803.103887 max= 23325.109797
Trying gamma equal 0.042000
Convergence reached after 34 iterations with no gamma cycles
min(dx) = -0.00026317695726660583
max(dx) = 0.0005471071232524079
mean(dx)= 7.0758581241085765e-06
vdws = 63
atoms = 22
pairs = 123
 geom_x = 17.277920150818108
 geom_a = 0
 geom_q = 0
 geom_c = 0.0
f1, 0= 1.7278e+01
                          N restraints  r.m.s.d.  r.m.s.Z  Mn(sigma)
Bond distances, non H               11     0.013    0.693      0.016
Bond distances, H                   11     0.000    0.017      0.016
Bond angles, non H                  15     2.242    0.754      2.300
Bond angles, H                      26     1.174    0.450      2.006
Torsion angles, period 3             2     1.495    0.149     10.000
Chiral centres                       3     0.009    0.102      0.120
Planar groups                        4     0.000    0.011      0.020
VDW nonbonded                        1     0.012    0.062      0.200
VDW torsion                          9     0.129    0.644      0.200



====== CYCLE 10 ======

 weight = 1.0000e+00
 geom_x = 17.277920150818108
 geom_a = 0
 geom_q = 0
 geom_c = 0.0
f0= 1.7278e+01
using cgsolve in c++, ic=False
diag(geom) min= 803.457389 max= 23325.914186
diag(all) min= 803.457389 max= 23325.914186
Trying gamma equal 0.042000
Convergence reached after 34 iterations with no gamma cycles
min(dx) = -0.00021916480032527238
max(dx) = 0.0004569172510672378
mean(dx)= 6.075690114588344e-06
vdws = 63
atoms = 22
pairs = 123
 geom_x = 17.277829970762454
 geom_a = 0
 geom_q = 0
 geom_c = 0.0
f1, 0= 1.7278e+01
                          N restraints  r.m.s.d.  r.m.s.Z  Mn(sigma)
Bond distances, non H               11     0.013    0.693      0.016
Bond distances, H                   11     0.000    0.017      0.016
Bond angles, non H                  15     2.243    0.754      2.300
Bond angles, H                      26     1.174    0.450      2.006
Torsion angles, period 3             2     1.494    0.149     10.000
Chiral centres                       3     0.009    0.102      0.120
Planar groups                        4     0.000    0.011      0.020
VDW nonbonded                        1     0.012    0.062      0.200
VDW torsion                          9     0.129    0.644      0.200


$TABLE: stats vs cycle :
$GRAPHS
: Geometry :A:1,2,4:
: Geometry Z :A:1,5,3:
$$
 Ncyc  rmsBOND  zBOND  rmsANGL  zANGL
$$
$$
    0   0.0069 0.4023   2.3785 0.8278
    1   0.0130 0.7098   2.2356 0.7508
    2   0.0128 0.6950   2.2326 0.7502
    3   0.0127 0.6933   2.2352 0.7511
    4   0.0127 0.6930   2.2376 0.7519
    5   0.0127 0.6929   2.2393 0.7525
    6   0.0127 0.6929   2.2405 0.7529
    7   0.0127 0.6930   2.2413 0.7532
    8   0.0127 0.6931   2.2419 0.7534
    9   0.0127 0.6932   2.2424 0.7535
   10   0.0127 0.6932   2.2427 0.7537
$$

Running 30 cycles with wchir=1 wvdw=2 with hydrogen
Geometry weights
vdws = 63
atoms = 22
pairs = 123
                          N restraints  r.m.s.d.  r.m.s.Z  Mn(sigma)
Bond distances, non H               11     0.013    0.693      0.016
Bond distances, H                   11     0.000    0.017      0.016
Bond angles, non H                  15     2.243    0.754      2.300
Bond angles, H                      26     1.174    0.450      2.006
Torsion angles, period 3             2     1.494    0.149     10.000
Chiral centres                       3     0.009    0.102      0.120
Planar groups                        4     0.000    0.011      0.020
VDW nonbonded                        1     0.012    0.062      0.200
VDW torsion                          9     0.129    0.644      0.200


====== CYCLE  1 ======

 weight = 1.0000e+00
 geom_x = 17.04255185738236
 geom_a = 0
 geom_q = 0
 geom_c = 0.0
f0= 1.7043e+01
using cgsolve in c++, ic=False
diag(geom) min= 803.750791 max= 16426.743814
diag(all) min= 803.750791 max= 16426.743814
Trying gamma equal 0.042000
Convergence reached after 29 iterations with no gamma cycles
min(dx) = -0.01591111278028275
max(dx) = 0.015612373210553835
mean(dx)= 0.0002148024813264226
vdws = 63
atoms = 22
pairs = 123
 geom_x = 15.729219806316268
 geom_a = 0
 geom_q = 0
 geom_c = 0.0
f1, 0= 1.5729e+01
                          N restraints  r.m.s.d.  r.m.s.Z  Mn(sigma)
Bond distances, non H               11     0.008    0.422      0.016
Bond distances, H                   11     0.000    0.018      0.016
Bond angles, non H                  15     2.499    0.836      2.300
Bond angles, H                      26     0.968    0.375      2.006
Torsion angles, period 3             2     1.392    0.139     10.000
Chiral centres                       3     0.059    0.644      0.120
Planar groups                        4     0.000    0.010      0.020
VDW torsion                          9     0.125    0.625      0.200



====== CYCLE  2 ======

 weight = 1.0000e+00
 geom_x = 15.729219806316268
 geom_a = 0
 geom_q = 0
 geom_c = 0.0
f0= 1.5729e+01
using cgsolve in c++, ic=False
diag(geom) min= 803.965253 max= 16425.825204
diag(all) min= 803.965253 max= 16425.825204
Trying gamma equal 0.042000
Convergence reached after 36 iterations with no gamma cycles
min(dx) = -0.003164206463062177
max(dx) = 0.003771418656479144
mean(dx)= 8.873066173283602e-05
vdws = 63
atoms = 22
pairs = 123
 geom_x = 15.71135879302713
 geom_a = 0
 geom_q = 0
 geom_c = 0.0
f1, 0= 1.5711e+01
                          N restraints  r.m.s.d.  r.m.s.Z  Mn(sigma)
Bond distances, non H               11     0.008    0.415      0.016
Bond distances, H                   11     0.000    0.017      0.016
Bond angles, non H                  15     2.537    0.849      2.300
Bond angles, H                      26     0.951    0.369      2.006
Torsion angles, period 3             2     1.321    0.132     10.000
Chiral centres                       3     0.062    0.676      0.120
Planar groups                        4     0.000    0.010      0.020
VDW torsion                          9     0.124    0.618      0.200



====== CYCLE  3 ======

 weight = 1.0000e+00
 geom_x = 15.71135879302713
 geom_a = 0
 geom_q = 0
 geom_c = 0.0
f0= 1.5711e+01
using cgsolve in c++, ic=False
diag(geom) min= 804.213079 max= 16425.128172
diag(all) min= 804.213079 max= 16425.128172
Trying gamma equal 0.042000
Not converging with gamma equal 0.042000
Trying gamma equal 0.094500
Gamma decreased to 0.084000
min(dx) = -0.0007755438423865043
max(dx) = 0.0013849549115530874
mean(dx)= 2.5054050897527127e-05
vdws = 63
atoms = 22
pairs = 123
 geom_x = 15.708649766386616
 geom_a = 0
 geom_q = 0
 geom_c = 0.0
f1, 0= 1.5709e+01
                          N restraints  r.m.s.d.  r.m.s.Z  Mn(sigma)
Bond distances, non H               11     0.008    0.415      0.016
Bond distances, H                   11     0.000    0.017      0.016
Bond angles, non H                  15     2.545    0.852      2.300
Bond angles, H                      26     0.949    0.369      2.006
Torsion angles, period 3             2     1.289    0.129     10.000
Chiral centres                       3     0.062    0.680      0.120
Planar groups                        4     0.000    0.010      0.020
VDW torsion                          9     0.123    0.617      0.200



====== CYCLE  4 ======

 weight = 1.0000e+00
 geom_x = 15.708649766386616
 geom_a = 0
 geom_q = 0
 geom_c = 0.0
f0= 1.5709e+01
using cgsolve in c++, ic=False
diag(geom) min= 804.317821 max= 16424.929698
diag(all) min= 804.317821 max= 16424.929698
Trying gamma equal 0.084000
Convergence reached after 26 iterations with no gamma cycles
min(dx) = -0.0009130503098146901
max(dx) = 0.0013250102546686193
mean(dx)= 1.9621969078480816e-05
vdws = 63
atoms = 22
pairs = 123
 geom_x = 15.706758980444311
 geom_a = 0
 geom_q = 0
 geom_c = 0.0
f1, 0= 1.5707e+01
                          N restraints  r.m.s.d.  r.m.s.Z  Mn(sigma)
Bond distances, non H               11     0.008    0.415      0.016
Bond distances, H                   11     0.000    0.017      0.016
Bond angles, non H                  15     2.551    0.853      2.300
Bond angles, H                      26     0.949    0.369      2.006
Torsion angles, period 3             2     1.255    0.126     10.000
Chiral centres                       3     0.062    0.682      0.120
Planar groups                        4     0.000    0.010      0.020
VDW torsion                          9     0.123    0.615      0.200



====== CYCLE  5 ======

 weight = 1.0000e+00
 geom_x = 15.706758980444311
 geom_a = 0
 geom_q = 0
 geom_c = 0.0
f0= 1.5707e+01
using cgsolve in c++, ic=False
diag(geom) min= 804.426374 max= 16424.769922
diag(all) min= 804.426374 max= 16424.769922
Trying gamma equal 0.084000
Convergence reached after 25 iterations with no gamma cycles
min(dx) = -0.0009010746268963326
max(dx) = 0.001164545798168748
mean(dx)= 1.5609285761927507e-05
vdws = 63
atoms = 22
pairs = 123
 geom_x = 15.705397889303345
 geom_a = 0
 geom_q = 0
 geom_c = 0.0
f1, 0= 1.5705e+01
                          N restraints  r.m.s.d.  r.m.s.Z  Mn(sigma)
Bond distances, non H               11     0.008    0.416      0.016
Bond distances, H                   11     0.000    0.017      0.016
Bond angles, non H                  15     2.554    0.855      2.300
Bond angles, H                      26     0.949    0.369      2.006
Torsion angles, period 3             2     1.224    0.122     10.000
Chiral centres                       3     0.062    0.683      0.120
Planar groups                        4     0.000    0.010      0.020
VDW torsion                          9     0.123    0.614      0.200



====== CYCLE  6 ======

 weight = 1.0000e+00
 geom_x = 15.705397889303345
 geom_a = 0
 geom_q = 0
 geom_c = 0.0
f0= 1.5705e+01
using cgsolve in c++, ic=False
diag(geom) min= 804.529973 max= 16424.643269
diag(all) min= 804.529973 max= 16424.643269
Trying gamma equal 0.084000
Convergence reached after 25 iterations with no gamma cycles
min(dx) = -0.0008680404104865182
max(dx) = 0.001046367421721247
mean(dx)= 1.3551921969152446e-05
vdws = 63
atoms = 22
pairs = 123
 geom_x = 15.704318716068782
 geom_a = 0
 geom_q = 0
 geom_c = 0.0
f1, 0= 1.5704e+01
                          N restraints  r.m.s.d.  r.m.s.Z  Mn(sigma)
Bond distances, non H               11     0.008    0.416      0.016
Bond distances, H                   11     0.000    0.017      0.016
Bond angles, non H                  15     2.557    0.855      2.300
Bond angles, H                      26     0.949    0.369      2.006
Torsion angles, period 3             2     1.195    0.120     10.000
Chiral centres                       3     0.062    0.684      0.120
Planar groups                        4     0.000    0.010      0.020
VDW torsion                          9     0.123    0.614      0.200



====== CYCLE  7 ======

 weight = 1.0000e+00
 geom_x = 15.704318716068782
 geom_a = 0
 geom_q = 0
 geom_c = 0.0
f0= 1.5704e+01
using cgsolve in c++, ic=False
diag(geom) min= 804.630836 max= 16424.535206
diag(all) min= 804.630836 max= 16424.535206
Trying gamma equal 0.084000
Convergence reached after 24 iterations with no gamma cycles
min(dx) = -0.0008266861882732831
max(dx) = 0.0009551687505024484
mean(dx)= 1.2355717358513379e-05
vdws = 63
atoms = 22
pairs = 123
 geom_x = 15.703413328723826
 geom_a = 0
 geom_q = 0
 geom_c = 0.0
f1, 0= 1.5703e+01
                          N restraints  r.m.s.d.  r.m.s.Z  Mn(sigma)
Bond distances, non H               11     0.008    0.416      0.016
Bond distances, H                   11     0.000    0.017      0.016
Bond angles, non H                  15     2.558    0.856      2.300
Bond angles, H                      26     0.949    0.369      2.006
Torsion angles, period 3             2     1.169    0.117     10.000
Chiral centres                       3     0.062    0.685      0.120
Planar groups                        4     0.000    0.010      0.020
VDW torsion                          9     0.123    0.613      0.200



====== CYCLE  8 ======

 weight = 1.0000e+00
 geom_x = 15.703413328723826
 geom_a = 0
 geom_q = 0
 geom_c = 0.0
f0= 1.5703e+01
using cgsolve in c++, ic=False
diag(geom) min= 804.729793 max= 16424.439274
diag(all) min= 804.729793 max= 16424.439274
Trying gamma equal 0.084000
Convergence reached after 24 iterations with no gamma cycles
min(dx) = -0.0007826701215017995
max(dx) = 0.0008819663811385385
mean(dx)= 1.1544403375360293e-05
vdws = 63
atoms = 22
pairs = 123
 geom_x = 15.702628360447061
 geom_a = 0
 geom_q = 0
 geom_c = 0.0
f1, 0= 1.5703e+01
                          N restraints  r.m.s.d.  r.m.s.Z  Mn(sigma)
Bond distances, non H               11     0.008    0.416      0.016
Bond distances, H                   11     0.000    0.017      0.016
Bond angles, non H                  15     2.559    0.856      2.300
Bond angles, H                      26     0.949    0.369      2.006
Torsion angles, period 3             2     1.145    0.115     10.000
Chiral centres                       3     0.062    0.685      0.120
Planar groups                        4     0.000    0.010      0.020
VDW torsion                          9     0.123    0.613      0.200



====== CYCLE  9 ======

 weight = 1.0000e+00
 geom_x = 15.702628360447061
 geom_a = 0
 geom_q = 0
 geom_c = 0.0
f0= 1.5703e+01
using cgsolve in c++, ic=False
diag(geom) min= 804.826892 max= 16424.352155
diag(all) min= 804.826892 max= 16424.352155
Trying gamma equal 0.084000
Convergence reached after 24 iterations with no gamma cycles
min(dx) = -0.0007386667300257723
max(dx) = 0.000821230903246347
mean(dx)= 1.0912378882389956e-05
vdws = 63
atoms = 22
pairs = 123
 geom_x = 15.701934507961615
 geom_a = 0
 geom_q = 0
 geom_c = 0.0
f1, 0= 1.5702e+01
                          N restraints  r.m.s.d.  r.m.s.Z  Mn(sigma)
Bond distances, non H               11     0.008    0.416      0.016
Bond distances, H                   11     0.000    0.017      0.016
Bond angles, non H                  15     2.560    0.857      2.300
Bond angles, H                      26     0.949    0.369      2.006
Torsion angles, period 3             2     1.124    0.112     10.000
Chiral centres                       3     0.062    0.685      0.120
Planar groups                        4     0.000    0.010      0.020
VDW torsion                          9     0.123    0.613      0.200



====== CYCLE 10 ======

 weight = 1.0000e+00
 geom_x = 15.701934507961615
 geom_a = 0
 geom_q = 0
 geom_c = 0.0
f0= 1.5702e+01
using cgsolve in c++, ic=False
diag(geom) min= 804.921878 max= 16424.271865
diag(all) min= 804.921878 max= 16424.271865
Trying gamma equal 0.084000
Convergence reached after 24 iterations with no gamma cycles
min(dx) = -0.0006990255605221663
max(dx) = 0.0007694485457204617
mean(dx)= 1.0370331362216875e-05
vdws = 63
atoms = 22
pairs = 123
 geom_x = 15.701313919185802
 geom_a = 0
 geom_q = 0
 geom_c = 0.0
f1, 0= 1.5701e+01
                          N restraints  r.m.s.d.  r.m.s.Z  Mn(sigma)
Bond distances, non H               11     0.008    0.416      0.016
Bond distances, H                   11     0.000    0.017      0.016
Bond angles, non H                  15     2.561    0.857      2.300
Bond angles, H                      26     0.949    0.369      2.006
Torsion angles, period 3             2     1.106    0.111     10.000
Chiral centres                       3     0.062    0.685      0.120
Planar groups                        4     0.000    0.011      0.020
VDW torsion                          9     0.123    0.613      0.200



====== CYCLE 11 ======

 weight = 1.0000e+00
 geom_x = 15.701313919185802
 geom_a = 0
 geom_q = 0
 geom_c = 0.0
f0= 1.5701e+01
using cgsolve in c++, ic=False
diag(geom) min= 805.014453 max= 16424.197097
diag(all) min= 805.014453 max= 16424.197097
Trying gamma equal 0.084000
Convergence reached after 22 iterations with no gamma cycles
min(dx) = -0.0006626806279435983
max(dx) = 0.0007243117748524599
mean(dx)= 9.87958659232054e-06
vdws = 63
atoms = 22
pairs = 123
 geom_x = 15.700754590301521
 geom_a = 0
 geom_q = 0
 geom_c = 0.0
f1, 0= 1.5701e+01
                          N restraints  r.m.s.d.  r.m.s.Z  Mn(sigma)
Bond distances, non H               11     0.008    0.416      0.016
Bond distances, H                   11     0.000    0.017      0.016
Bond angles, non H                  15     2.561    0.857      2.300
Bond angles, H                      26     0.949    0.369      2.006
Torsion angles, period 3             2     1.089    0.109     10.000
Chiral centres                       3     0.062    0.685      0.120
Planar groups                        4     0.000    0.011      0.020
VDW torsion                          9     0.123    0.613      0.200



====== CYCLE 12 ======

 weight = 1.0000e+00
 geom_x = 15.700754590301521
 geom_a = 0
 geom_q = 0
 geom_c = 0.0
f0= 1.5701e+01
using cgsolve in c++, ic=False
diag(geom) min= 805.104378 max= 16424.126958
diag(all) min= 805.104378 max= 16424.126958
Trying gamma equal 0.084000
Convergence reached after 22 iterations with no gamma cycles
min(dx) = -0.0006263191849131252
max(dx) = 0.000684257415888874
mean(dx)= 9.423339629241229e-06
vdws = 63
atoms = 22
pairs = 123
 geom_x = 15.700247739315577
 geom_a = 0
 geom_q = 0
 geom_c = 0.0
f1, 0= 1.5700e+01
                          N restraints  r.m.s.d.  r.m.s.Z  Mn(sigma)
Bond distances, non H               11     0.008    0.416      0.016
Bond distances, H                   11     0.000    0.017      0.016
Bond angles, non H                  15     2.561    0.857      2.300
Bond angles, H                      26     0.949    0.369      2.006
Torsion angles, period 3             2     1.074    0.107     10.000
Chiral centres                       3     0.062    0.685      0.120
Planar groups                        4     0.000    0.011      0.020
VDW torsion                          9     0.123    0.613      0.200



====== CYCLE 13 ======

 weight = 1.0000e+00
 geom_x = 15.700247739315577
 geom_a = 0
 geom_q = 0
 geom_c = 0.0
f0= 1.5700e+01
using cgsolve in c++, ic=False
diag(geom) min= 805.191528 max= 16424.060755
diag(all) min= 805.191528 max= 16424.060755
Trying gamma equal 0.084000
Convergence reached after 22 iterations with no gamma cycles
min(dx) = -0.0005906890815542645
max(dx) = 0.0006482155897593461
mean(dx)= 8.994706191641555e-06
vdws = 63
atoms = 22
pairs = 123
 geom_x = 15.699786517215893
 geom_a = 0
 geom_q = 0
 geom_c = 0.0
f1, 0= 1.5700e+01
                          N restraints  r.m.s.d.  r.m.s.Z  Mn(sigma)
Bond distances, non H               11     0.008    0.416      0.016
Bond distances, H                   11     0.000    0.017      0.016
Bond angles, non H                  15     2.562    0.857      2.300
Bond angles, H                      26     0.949    0.369      2.006
Torsion angles, period 3             2     1.060    0.106     10.000
Chiral centres                       3     0.062    0.686      0.120
Planar groups                        4     0.000    0.011      0.020
VDW torsion                          9     0.123    0.613      0.200



====== CYCLE 14 ======

 weight = 1.0000e+00
 geom_x = 15.699786517215893
 geom_a = 0
 geom_q = 0
 geom_c = 0.0
f0= 1.5700e+01
using cgsolve in c++, ic=False
diag(geom) min= 805.275862 max= 16423.998015
diag(all) min= 805.275862 max= 16423.998015
Trying gamma equal 0.084000
Convergence reached after 22 iterations with no gamma cycles
min(dx) = -0.0005562306779471176
max(dx) = 0.0006154203050411798
mean(dx)= 8.590419819524028e-06
vdws = 63
atoms = 22
pairs = 123
 geom_x = 15.699365343243187
 geom_a = 0
 geom_q = 0
 geom_c = 0.0
f1, 0= 1.5699e+01
                          N restraints  r.m.s.d.  r.m.s.Z  Mn(sigma)
Bond distances, non H               11     0.008    0.416      0.016
Bond distances, H                   11     0.000    0.017      0.016
Bond angles, non H                  15     2.562    0.857      2.300
Bond angles, H                      26     0.949    0.369      2.006
Torsion angles, period 3             2     1.048    0.105     10.000
Chiral centres                       3     0.062    0.686      0.120
Planar groups                        4     0.000    0.011      0.020
VDW torsion                          9     0.122    0.612      0.200



====== CYCLE 15 ======

 weight = 1.0000e+00
 geom_x = 15.699365343243187
 geom_a = 0
 geom_q = 0
 geom_c = 0.0
f0= 1.5699e+01
using cgsolve in c++, ic=False
diag(geom) min= 805.357409 max= 16423.938364
diag(all) min= 805.357409 max= 16423.938364
Trying gamma equal 0.084000
Convergence reached after 22 iterations with no gamma cycles
min(dx) = -0.0005231920331128223
max(dx) = 0.0005853193150733318
mean(dx)= 8.208961659898174e-06
vdws = 63
atoms = 22
pairs = 123
 geom_x = 15.698979540270814
 geom_a = 0
 geom_q = 0
 geom_c = 0.0
f1, 0= 1.5699e+01
                          N restraints  r.m.s.d.  r.m.s.Z  Mn(sigma)
Bond distances, non H               11     0.008    0.416      0.016
Bond distances, H                   11     0.000    0.017      0.016
Bond angles, non H                  15     2.562    0.857      2.300
Bond angles, H                      26     0.949    0.369      2.006
Torsion angles, period 3             2     1.038    0.104     10.000
Chiral centres                       3     0.062    0.686      0.120
Planar groups                        4     0.000    0.011      0.020
VDW torsion                          9     0.122    0.612      0.200



====== CYCLE 16 ======

 weight = 1.0000e+00
 geom_x = 15.698979540270814
 geom_a = 0
 geom_q = 0
 geom_c = 0.0
f0= 1.5699e+01
using cgsolve in c++, ic=False
diag(geom) min= 805.436249 max= 16423.881509
diag(all) min= 805.436249 max= 16423.881509
Trying gamma equal 0.084000
Convergence reached after 22 iterations with no gamma cycles
min(dx) = -0.000491698006664244
max(dx) = 0.0005575039711983363
mean(dx)= 7.849425113713233e-06
vdws = 63
atoms = 22
pairs = 123
 geom_x = 15.698625119114043
 geom_a = 0
 geom_q = 0
 geom_c = 0.0
f1, 0= 1.5699e+01
                          N restraints  r.m.s.d.  r.m.s.Z  Mn(sigma)
Bond distances, non H               11     0.008    0.416      0.016
Bond distances, H                   11     0.000    0.017      0.016
Bond angles, non H                  15     2.562    0.857      2.300
Bond angles, H                      26     0.949    0.369      2.006
Torsion angles, period 3             2     1.028    0.103     10.000
Chiral centres                       3     0.062    0.686      0.120
Planar groups                        4     0.000    0.011      0.020
VDW torsion                          9     0.122    0.612      0.200



====== CYCLE 17 ======

 weight = 1.0000e+00
 geom_x = 15.698625119114043
 geom_a = 0
 geom_q = 0
 geom_c = 0.0
f0= 1.5699e+01
using cgsolve in c++, ic=False
diag(geom) min= 805.512490 max= 16423.827209
diag(all) min= 805.512490 max= 16423.827209
Trying gamma equal 0.084000
Convergence reached after 22 iterations with no gamma cycles
min(dx) = -0.0004617945167528289
max(dx) = 0.0005316650992576667
mean(dx)= 7.511067627553025e-06
vdws = 63
atoms = 22
pairs = 123
 geom_x = 15.698300699577658
 geom_a = 0
 geom_q = 0
 geom_c = 0.0
f1, 0= 1.5698e+01
                          N restraints  r.m.s.d.  r.m.s.Z  Mn(sigma)
Bond distances, non H               11     0.008    0.416      0.016
Bond distances, H                   11     0.000    0.017      0.016
Bond angles, non H                  15     2.562    0.857      2.300
Bond angles, H                      26     0.949    0.369      2.006
Torsion angles, period 3             2     1.020    0.102     10.000
Chiral centres                       3     0.062    0.686      0.120
Planar groups                        4     0.000    0.011      0.020
VDW nonbonded                        1     0.000    0.001      0.200
VDW torsion                          9     0.122    0.612      0.200



====== CYCLE 18 ======

 weight = 1.0000e+00
 geom_x = 15.698300699577658
 geom_a = 0
 geom_q = 0
 geom_c = 0.0
f0= 1.5698e+01
using cgsolve in c++, ic=False
diag(geom) min= 805.586259 max= 16423.775265
diag(all) min= 805.586259 max= 16423.775265
Trying gamma equal 0.084000
Convergence reached after 26 iterations with no gamma cycles
min(dx) = -0.0003703357836936719
max(dx) = 0.0004888905401234343
mean(dx)= 7.476728889696313e-06
vdws = 63
atoms = 22
pairs = 123
 geom_x = 15.698027085018104
 geom_a = 0
 geom_q = 0
 geom_c = 0.0
f1, 0= 1.5698e+01
                          N restraints  r.m.s.d.  r.m.s.Z  Mn(sigma)
Bond distances, non H               11     0.008    0.416      0.016
Bond distances, H                   11     0.000    0.017      0.016
Bond angles, non H                  15     2.563    0.857      2.300
Bond angles, H                      26     0.949    0.369      2.006
Torsion angles, period 3             2     1.013    0.101     10.000
Chiral centres                       3     0.063    0.686      0.120
Planar groups                        4     0.000    0.011      0.020
VDW nonbonded                        1     0.000    0.002      0.200
VDW torsion                          9     0.122    0.612      0.200



====== CYCLE 19 ======

 weight = 1.0000e+00
 geom_x = 15.698027085018104
 geom_a = 0
 geom_q = 0
 geom_c = 0.0
f0= 1.5698e+01
using cgsolve in c++, ic=False
diag(geom) min= 805.658377 max= 16423.724589
diag(all) min= 805.658377 max= 16423.724589
Trying gamma equal 0.084000
Convergence reached after 24 iterations with no gamma cycles
min(dx) = -0.00032474681867552944
max(dx) = 0.0004525397588187835
mean(dx)= 7.129818075617788e-06
vdws = 63
atoms = 22
pairs = 123
 geom_x = 15.697786301506767
 geom_a = 0
 geom_q = 0
 geom_c = 0.0
f1, 0= 1.5698e+01
                          N restraints  r.m.s.d.  r.m.s.Z  Mn(sigma)
Bond distances, non H               11     0.008    0.416      0.016
Bond distances, H                   11     0.000    0.017      0.016
Bond angles, non H                  15     2.563    0.858      2.300
Bond angles, H                      26     0.949    0.369      2.006
Torsion angles, period 3             2     1.008    0.101     10.000
Chiral centres                       3     0.063    0.686      0.120
Planar groups                        4     0.000    0.011      0.020
VDW nonbonded                        1     0.001    0.003      0.200
VDW torsion                          9     0.122    0.612      0.200



====== CYCLE 20 ======

 weight = 1.0000e+00
 geom_x = 15.697786301506767
 geom_a = 0
 geom_q = 0
 geom_c = 0.0
f0= 1.5698e+01
using cgsolve in c++, ic=False
diag(geom) min= 805.729065 max= 16423.673631
diag(all) min= 805.729065 max= 16423.673631
Trying gamma equal 0.084000
Convergence reached after 24 iterations with no gamma cycles
min(dx) = -0.00028703212756272465
max(dx) = 0.0004194161969109336
mean(dx)= 6.788308348713491e-06
vdws = 63
atoms = 22
pairs = 123
 geom_x = 15.697571690078416
 geom_a = 0
 geom_q = 0
 geom_c = 0.0
f1, 0= 1.5698e+01
                          N restraints  r.m.s.d.  r.m.s.Z  Mn(sigma)
Bond distances, non H               11     0.008    0.416      0.016
Bond distances, H                   11     0.000    0.017      0.016
Bond angles, non H                  15     2.564    0.858      2.300
Bond angles, H                      26     0.949    0.369      2.006
Torsion angles, period 3             2     1.003    0.100     10.000
Chiral centres                       3     0.063    0.686      0.120
Planar groups                        4     0.000    0.011      0.020
VDW nonbonded                        1     0.001    0.004      0.200
VDW torsion                          9     0.122    0.612      0.200



====== CYCLE 21 ======

 weight = 1.0000e+00
 geom_x = 15.697571690078416
 geom_a = 0
 geom_q = 0
 geom_c = 0.0
f0= 1.5698e+01
using cgsolve in c++, ic=False
diag(geom) min= 805.798384 max= 16423.623246
diag(all) min= 805.798384 max= 16423.623246
Trying gamma equal 0.084000
Convergence reached after 24 iterations with no gamma cycles
min(dx) = -0.0002545490919142832
max(dx) = 0.00038941256112285023
mean(dx)= 6.469336915040113e-06
vdws = 63
atoms = 22
pairs = 123
 geom_x = 15.69737836479418
 geom_a = 0
 geom_q = 0
 geom_c = 0.0
f1, 0= 1.5697e+01
                          N restraints  r.m.s.d.  r.m.s.Z  Mn(sigma)
Bond distances, non H               11     0.008    0.416      0.016
Bond distances, H                   11     0.000    0.017      0.016
Bond angles, non H                  15     2.564    0.858      2.300
Bond angles, H                      26     0.949    0.369      2.006
Torsion angles, period 3             2     0.999    0.100     10.000
Chiral centres                       3     0.063    0.687      0.120
Planar groups                        4     0.000    0.011      0.020
VDW nonbonded                        1     0.001    0.005      0.200
VDW torsion                          9     0.122    0.612      0.200



====== CYCLE 22 ======

 weight = 1.0000e+00
 geom_x = 15.69737836479418
 geom_a = 0
 geom_q = 0
 geom_c = 0.0
f0= 1.5697e+01
using cgsolve in c++, ic=False
diag(geom) min= 805.866370 max= 16423.573958
diag(all) min= 805.866370 max= 16423.573958
Trying gamma equal 0.084000
Convergence reached after 24 iterations with no gamma cycles
min(dx) = -0.00022623626535066833
max(dx) = 0.00036233325331092427
mean(dx)= 6.175332066658543e-06
vdws = 63
atoms = 22
pairs = 123
 geom_x = 15.69720257470127
 geom_a = 0
 geom_q = 0
 geom_c = 0.0
f1, 0= 1.5697e+01
                          N restraints  r.m.s.d.  r.m.s.Z  Mn(sigma)
Bond distances, non H               11     0.008    0.416      0.016
Bond distances, H                   11     0.000    0.017      0.016
Bond angles, non H                  15     2.565    0.858      2.300
Bond angles, H                      26     0.949    0.369      2.006
Torsion angles, period 3             2     0.996    0.100     10.000
Chiral centres                       3     0.063    0.687      0.120
Planar groups                        4     0.000    0.011      0.020
VDW nonbonded                        1     0.001    0.006      0.200
VDW torsion                          9     0.122    0.612      0.200



====== CYCLE 23 ======

 weight = 1.0000e+00
 geom_x = 15.69720257470127
 geom_a = 0
 geom_q = 0
 geom_c = 0.0
f0= 1.5697e+01
using cgsolve in c++, ic=False
diag(geom) min= 805.933038 max= 16423.526021
diag(all) min= 805.933038 max= 16423.526021
Trying gamma equal 0.084000
Convergence reached after 22 iterations with no gamma cycles
min(dx) = -0.0002013771203753328
max(dx) = 0.00033792964949460415
mean(dx)= 5.904611427020543e-06
vdws = 63
atoms = 22
pairs = 123
 geom_x = 15.697041383090806
 geom_a = 0
 geom_q = 0
 geom_c = 0.0
f1, 0= 1.5697e+01
                          N restraints  r.m.s.d.  r.m.s.Z  Mn(sigma)
Bond distances, non H               11     0.008    0.417      0.016
Bond distances, H                   11     0.000    0.017      0.016
Bond angles, non H                  15     2.565    0.858      2.300
Bond angles, H                      26     0.949    0.369      2.006
Torsion angles, period 3             2     0.993    0.099     10.000
Chiral centres                       3     0.063    0.687      0.120
Planar groups                        4     0.000    0.011      0.020
VDW nonbonded                        1     0.001    0.006      0.200
VDW torsion                          9     0.122    0.612      0.200



====== CYCLE 24 ======

 weight = 1.0000e+00
 geom_x = 15.697041383090806
 geom_a = 0
 geom_q = 0
 geom_c = 0.0
f0= 1.5697e+01
using cgsolve in c++, ic=False
diag(geom) min= 805.998389 max= 16423.479565
diag(all) min= 805.998389 max= 16423.479565
Trying gamma equal 0.084000
Convergence reached after 22 iterations with no gamma cycles
min(dx) = -0.0001794330810148325
max(dx) = 0.0003159424853407344
mean(dx)= 5.655341209747794e-06
vdws = 63
atoms = 22
pairs = 123
 geom_x = 15.696892462315258
 geom_a = 0
 geom_q = 0
 geom_c = 0.0
f1, 0= 1.5697e+01
                          N restraints  r.m.s.d.  r.m.s.Z  Mn(sigma)
Bond distances, non H               11     0.008    0.417      0.016
Bond distances, H                   11     0.000    0.017      0.016
Bond angles, non H                  15     2.566    0.858      2.300
Bond angles, H                      26     0.949    0.369      2.006
Torsion angles, period 3             2     0.991    0.099     10.000
Chiral centres                       3     0.063    0.687      0.120
Planar groups                        4     0.000    0.011      0.020
VDW nonbonded                        1     0.001    0.007      0.200
VDW torsion                          9     0.122    0.611      0.200



====== CYCLE 25 ======

 weight = 1.0000e+00
 geom_x = 15.696892462315258
 geom_a = 0
 geom_q = 0
 geom_c = 0.0
f0= 1.5697e+01
using cgsolve in c++, ic=False
diag(geom) min= 806.062414 max= 16423.434615
diag(all) min= 806.062414 max= 16423.434615
Trying gamma equal 0.084000
Convergence reached after 22 iterations with no gamma cycles
min(dx) = -0.00015999682370184076
max(dx) = 0.0002961226306386694
mean(dx)= 5.425507842408265e-06
vdws = 63
atoms = 22
pairs = 123
 geom_x = 15.696753950953056
 geom_a = 0
 geom_q = 0
 geom_c = 0.0
f1, 0= 1.5697e+01
                          N restraints  r.m.s.d.  r.m.s.Z  Mn(sigma)
Bond distances, non H               11     0.008    0.417      0.016
Bond distances, H                   11     0.000    0.017      0.016
Bond angles, non H                  15     2.566    0.859      2.300
Bond angles, H                      26     0.949    0.369      2.006
Torsion angles, period 3             2     0.989    0.099     10.000
Chiral centres                       3     0.063    0.687      0.120
Planar groups                        4     0.000    0.011      0.020
VDW nonbonded                        1     0.001    0.007      0.200
VDW torsion                          9     0.122    0.611      0.200



====== CYCLE 26 ======

 weight = 1.0000e+00
 geom_x = 15.696753950953056
 geom_a = 0
 geom_q = 0
 geom_c = 0.0
f0= 1.5697e+01
using cgsolve in c++, ic=False
diag(geom) min= 806.125090 max= 16423.391177
diag(all) min= 806.125090 max= 16423.391177
Trying gamma equal 0.084000
Convergence reached after 22 iterations with no gamma cycles
min(dx) = -0.00014420833896519055
max(dx) = 0.0002782363528330596
mean(dx)= 5.21353807426524e-06
vdws = 63
atoms = 22
pairs = 123
 geom_x = 15.696624349539759
 geom_a = 0
 geom_q = 0
 geom_c = 0.0
f1, 0= 1.5697e+01
                          N restraints  r.m.s.d.  r.m.s.Z  Mn(sigma)
Bond distances, non H               11     0.008    0.417      0.016
Bond distances, H                   11     0.000    0.017      0.016
Bond angles, non H                  15     2.567    0.859      2.300
Bond angles, H                      26     0.949    0.368      2.006
Torsion angles, period 3             2     0.987    0.099     10.000
Chiral centres                       3     0.063    0.687      0.120
Planar groups                        4     0.000    0.011      0.020
VDW nonbonded                        1     0.002    0.008      0.200
VDW torsion                          9     0.122    0.611      0.200



====== CYCLE 27 ======

 weight = 1.0000e+00
 geom_x = 15.696624349539759
 geom_a = 0
 geom_q = 0
 geom_c = 0.0
f0= 1.5697e+01
using cgsolve in c++, ic=False
diag(geom) min= 806.186392 max= 16423.349214
diag(all) min= 806.186392 max= 16423.349214
Trying gamma equal 0.084000
Convergence reached after 22 iterations with no gamma cycles
min(dx) = -0.00014400687687133738
max(dx) = 0.000262074119286111
mean(dx)= 5.018075592822527e-06
vdws = 63
atoms = 22
pairs = 123
 geom_x = 15.696502442328617
 geom_a = 0
 geom_q = 0
 geom_c = 0.0
f1, 0= 1.5697e+01
                          N restraints  r.m.s.d.  r.m.s.Z  Mn(sigma)
Bond distances, non H               11     0.008    0.417      0.016
Bond distances, H                   11     0.000    0.017      0.016
Bond angles, non H                  15     2.567    0.859      2.300
Bond angles, H                      26     0.949    0.368      2.006
Torsion angles, period 3             2     0.986    0.099     10.000
Chiral centres                       3     0.063    0.687      0.120
Planar groups                        4     0.000    0.011      0.020
VDW nonbonded                        1     0.002    0.008      0.200
VDW torsion                          9     0.122    0.611      0.200



====== CYCLE 28 ======

 weight = 1.0000e+00
 geom_x = 15.696502442328617
 geom_a = 0
 geom_q = 0
 geom_c = 0.0
f0= 1.5697e+01
using cgsolve in c++, ic=False
diag(geom) min= 806.246296 max= 16423.308671
diag(all) min= 806.246296 max= 16423.308671
Trying gamma equal 0.084000
Convergence reached after 22 iterations with no gamma cycles
min(dx) = -0.000143805565410048
max(dx) = 0.00024744719730497285
mean(dx)= 4.837871817305866e-06
vdws = 63
atoms = 22
pairs = 123
 geom_x = 15.696387237566274
 geom_a = 0
 geom_q = 0
 geom_c = 0.0
f1, 0= 1.5696e+01
                          N restraints  r.m.s.d.  r.m.s.Z  Mn(sigma)
Bond distances, non H               11     0.008    0.417      0.016
Bond distances, H                   11     0.000    0.017      0.016
Bond angles, non H                  15     2.567    0.859      2.300
Bond angles, H                      26     0.949    0.368      2.006
Torsion angles, period 3             2     0.984    0.098     10.000
Chiral centres                       3     0.063    0.687      0.120
Planar groups                        4     0.000    0.011      0.020
VDW nonbonded                        1     0.002    0.008      0.200
VDW torsion                          9     0.122    0.611      0.200



====== CYCLE 29 ======

 weight = 1.0000e+00
 geom_x = 15.696387237566274
 geom_a = 0
 geom_q = 0
 geom_c = 0.0
f0= 1.5696e+01
using cgsolve in c++, ic=False
diag(geom) min= 806.304782 max= 16423.269478
diag(all) min= 806.304782 max= 16423.269478
Trying gamma equal 0.084000
Convergence reached after 22 iterations with no gamma cycles
min(dx) = -0.00014358092931131714
max(dx) = 0.0002341876537676
mean(dx)= 4.67179541427581e-06
vdws = 63
atoms = 22
pairs = 123
 geom_x = 15.696277921382782
 geom_a = 0
 geom_q = 0
 geom_c = 0.0
f1, 0= 1.5696e+01
                          N restraints  r.m.s.d.  r.m.s.Z  Mn(sigma)
Bond distances, non H               11     0.008    0.417      0.016
Bond distances, H                   11     0.000    0.017      0.016
Bond angles, non H                  15     2.567    0.859      2.300
Bond angles, H                      26     0.949    0.368      2.006
Torsion angles, period 3             2     0.983    0.098     10.000
Chiral centres                       3     0.063    0.687      0.120
Planar groups                        4     0.000    0.011      0.020
VDW nonbonded                        1     0.002    0.009      0.200
VDW torsion                          9     0.122    0.611      0.200



====== CYCLE 30 ======

 weight = 1.0000e+00
 geom_x = 15.696277921382782
 geom_a = 0
 geom_q = 0
 geom_c = 0.0
f0= 1.5696e+01
using cgsolve in c++, ic=False
diag(geom) min= 806.361834 max= 16423.231558
diag(all) min= 806.361834 max= 16423.231558
Trying gamma equal 0.084000
Convergence reached after 22 iterations with no gamma cycles
min(dx) = -0.00014331758911229715
max(dx) = 0.00022214660703938626
mean(dx)= 4.518779500652747e-06
vdws = 63
atoms = 22
pairs = 123
 geom_x = 15.696173821903237
 geom_a = 0
 geom_q = 0
 geom_c = 0.0
f1, 0= 1.5696e+01
                          N restraints  r.m.s.d.  r.m.s.Z  Mn(sigma)
Bond distances, non H               11     0.008    0.417      0.016
Bond distances, H                   11     0.000    0.017      0.016
Bond angles, non H                  15     2.568    0.859      2.300
Bond angles, H                      26     0.949    0.368      2.006
Torsion angles, period 3             2     0.982    0.098     10.000
Chiral centres                       3     0.063    0.688      0.120
Planar groups                        4     0.000    0.011      0.020
VDW nonbonded                        1     0.002    0.009      0.200
VDW torsion                          9     0.122    0.611      0.200


$TABLE: stats vs cycle :
$GRAPHS
: Geometry :A:1,2,4:
: Geometry Z :A:1,5,3:
$$
 Ncyc  rmsBOND  zBOND  rmsANGL  zANGL
$$
$$
    0   0.0127 0.6932   2.2427 0.7537
    1   0.0078 0.4223   2.4988 0.8362
    2   0.0076 0.4147   2.5368 0.8488
    3   0.0076 0.4149   2.5451 0.8515
    4   0.0077 0.4153   2.5507 0.8534
    5   0.0077 0.4155   2.5543 0.8546
    6   0.0077 0.4156   2.5567 0.8554
    7   0.0077 0.4157   2.5583 0.8559
    8   0.0077 0.4157   2.5594 0.8563
    9   0.0077 0.4158   2.5602 0.8566
   10   0.0077 0.4158   2.5608 0.8568
   11   0.0077 0.4158   2.5612 0.8569
   12   0.0077 0.4158   2.5615 0.8570
   13   0.0077 0.4159   2.5617 0.8571
   14   0.0077 0.4159   2.5619 0.8571
   15   0.0077 0.4159   2.5620 0.8572
   16   0.0077 0.4159   2.5621 0.8572
   17   0.0077 0.4159   2.5622 0.8573
   18   0.0077 0.4160   2.5628 0.8574
   19   0.0077 0.4162   2.5634 0.8576
   20   0.0077 0.4163   2.5639 0.8578
   21   0.0077 0.4164   2.5645 0.8580
   22   0.0077 0.4165   2.5650 0.8582
   23   0.0077 0.4165   2.5654 0.8583
   24   0.0077 0.4166   2.5658 0.8585
   25   0.0077 0.4167   2.5662 0.8586
   26   0.0077 0.4168   2.5666 0.8587
   27   0.0077 0.4168   2.5669 0.8588
   28   0.0077 0.4169   2.5672 0.8589
   29   0.0077 0.4169   2.5675 0.8590
   30   0.0077 0.4170   2.5677 0.8591
$$

Updated dictionary saved: cys-epx_link_TMP/LIG_for_link_TMP/mol_1_conf_18_updated.cif
Refinement statistics saved: cys-epx_link_TMP/LIG_for_link_TMP/mol_1_conf_18_stats.json

# Finished on 2026-06-14 11:42:44.735645

=========END OF PROCESS INFORMATION ==========
