
============ PROCESS INFORMATION =============
Upper bound for b 0.020000
low bound for b 0.010000
Upper bound for a 3.000000
low bound for a 1.500000
||=====================Job description====================================||
You will get an output cif file for a list of dictionary restraints
based on the input cif file
Your input cif file : CAA_MODEL_TMP/CAA_MODEL_mol_0.cif
Your monomer name : CAA
The output dictionary file(cif) : CAA_MODEL_TMP/CAA_MODEL_mol_0_cod.rst
||========================================================================||
workMode 11
Atom CL1 is initially set to sp 0
its bondingIdx 0
Atom C1 is initially set to sp 3
its bondingIdx 3
Atom C2 is initially set to sp 2
its bondingIdx 2
Atom O1 is initially set to sp 2
its bondingIdx 2
Atom N1 is initially set to sp 3
its bondingIdx 3
Atom C3 is initially set to sp 3
its bondingIdx 3
Atom H1 is initially set to sp 0
its bondingIdx 0
Atom H2 is initially set to sp 0
its bondingIdx 0
Atom H3 is initially set to sp 0
its bondingIdx 0
Atom H4 is initially set to sp 0
its bondingIdx 0
Atom H5 is initially set to sp 0
its bondingIdx 0
Atom H6 is initially set to sp 0
its bondingIdx 0

Atom 0 : 
Its ID : CL1
Its Chemical Type : Cl
Its CCP4 chemical type Cl
Its bonding index : 0
Its residue Name: CAA
Its formal charge 0
Its connected atoms are : 
C1
The coords for the atom are : 
2.3194
-0.9158
1.4792

Atom 1 : 
Its ID : C1
Its Chemical Type : C
Its CCP4 chemical type C
Its bonding index : 3
Its residue Name: CAA
Its formal charge 0
Its connected atoms are : 
CL1
C2
H1
H2
The coords for the atom are : 
1.9081
0.2239
0.1761

Atom 2 : 
Its ID : C2
Its Chemical Type : C
Its CCP4 chemical type C
Its bonding index : 2
Its residue Name: CAA
Its formal charge 0
Its connected atoms are : 
C1
O1
N1
The coords for the atom are : 
0.5943
-0.1561
-0.4271

Atom 3 : 
Its ID : O1
Its Chemical Type : O
Its CCP4 chemical type O
Its bonding index : 2
Its residue Name: CAA
Its formal charge 0
Its connected atoms are : 
C2
The coords for the atom are : 
0.5708
-0.8579
-1.4745

Atom 4 : 
Its ID : N1
Its Chemical Type : N
Its CCP4 chemical type N
Its bonding index : 2
Its residue Name: CAA
Its formal charge 0
Its connected atoms are : 
C2
C3
H3
The coords for the atom are : 
-0.6288
0.2384
0.2066

Atom 5 : 
Its ID : C3
Its Chemical Type : C
Its CCP4 chemical type C
Its bonding index : 3
Its residue Name: CAA
Its formal charge 0
Its connected atoms are : 
N1
H4
H5
H6
The coords for the atom are : 
-1.9294
-0.1263
-0.3405

Atom 6 : 
Its ID : H1
Its Chemical Type : H
Its CCP4 chemical type H
Its bonding index : 0
Its residue Name: CAA
Its formal charge 0
Its connected atoms are : 
C1
The coords for the atom are : 
1.8512
1.2514
0.5926

Atom 7 : 
Its ID : H2
Its Chemical Type : H
Its CCP4 chemical type H
Its bonding index : 0
Its residue Name: CAA
Its formal charge 0
Its connected atoms are : 
C1
The coords for the atom are : 
2.7072
0.1991
-0.5949

Atom 8 : 
Its ID : H3
Its Chemical Type : H
Its CCP4 chemical type H
Its bonding index : 0
Its residue Name: CAA
Its formal charge 0
Its connected atoms are : 
N1
The coords for the atom are : 
-0.592
0.801
1.0865

Atom 9 : 
Its ID : H4
Its Chemical Type : H
Its CCP4 chemical type H
Its bonding index : 0
Its residue Name: CAA
Its formal charge 0
Its connected atoms are : 
C3
The coords for the atom are : 
-2.0242
-1.2319
-0.3812

Atom 10 : 
Its ID : H5
Its Chemical Type : H
Its CCP4 chemical type H
Its bonding index : 0
Its residue Name: CAA
Its formal charge 0
Its connected atoms are : 
C3
The coords for the atom are : 
-2.0394
0.2943
-1.3622

Atom 11 : 
Its ID : H6
Its Chemical Type : H
Its CCP4 chemical type H
Its bonding index : 0
Its residue Name: CAA
Its formal charge 0
Its connected atoms are : 
C3
The coords for the atom are : 
-2.7372
0.2798
0.3041
For Bond : 0
It is in Residue: CAA
Its component atom1 CL1
Its component atom2 C1
its order : SINGLE
For Bond : 1
It is in Residue: CAA
Its component atom1 C1
Its component atom2 C2
its order : SINGLE
For Bond : 2
It is in Residue: CAA
Its component atom1 C2
Its component atom2 O1
its order : DOUBLE
For Bond : 3
It is in Residue: CAA
Its component atom1 C2
Its component atom2 N1
its order : SINGLE
For Bond : 4
It is in Residue: CAA
Its component atom1 N1
Its component atom2 C3
its order : SINGLE
For Bond : 5
It is in Residue: CAA
Its component atom1 C1
Its component atom2 H1
its order : SINGLE
For Bond : 6
It is in Residue: CAA
Its component atom1 C1
Its component atom2 H2
its order : SINGLE
For Bond : 7
It is in Residue: CAA
Its component atom1 N1
Its component atom2 H3
its order : SINGLE
For Bond : 8
It is in Residue: CAA
Its component atom1 C3
Its component atom2 H4
its order : SINGLE
For Bond : 9
It is in Residue: CAA
Its component atom1 C3
Its component atom2 H5
its order : SINGLE
For Bond : 10
It is in Residue: CAA
Its component atom1 C3
Its component atom2 H6
its order : SINGLE
Atom CL1 is initially set to sp 0
its bondingIdx 0
Atom C1 is initially set to sp 3
its bondingIdx 3
Atom C2 is initially set to sp 2
its bondingIdx 2
Atom O1 is initially set to sp 2
its bondingIdx 2
Atom N1 is initially set to sp 3
its bondingIdx 3
Atom C3 is initially set to sp 3
its bondingIdx 3
Atom H1 is initially set to sp 0
its bondingIdx 0
Atom H2 is initially set to sp 0
its bondingIdx 0
Atom H3 is initially set to sp 0
its bondingIdx 0
Atom H4 is initially set to sp 0
its bondingIdx 0
Atom H5 is initially set to sp 0
its bondingIdx 0
Atom H6 is initially set to sp 0
its bondingIdx 0
There are 0 rings 
These are: 
All torsions have been setup 
Torsion angle 0
Its atoms are : 
atom O1
atom C2
atom C1
atom H1
Torsion angle 1
Its atoms are : 
atom O1
atom C2
atom C1
atom CL1
Torsion angle 2
Its atoms are : 
atom O1
atom C2
atom C1
atom H2
Torsion angle 3
Its atoms are : 
atom N1
atom C2
atom C1
atom H1
Torsion angle 4
Its atoms are : 
atom N1
atom C2
atom C1
atom CL1
Torsion angle 5
Its atoms are : 
atom N1
atom C2
atom C1
atom H2
Torsion angle 6
Its atoms are : 
atom C1
atom C2
atom N1
atom C3
Torsion angle 7
Its atoms are : 
atom C1
atom C2
atom N1
atom H3
Torsion angle 8
Its atoms are : 
atom O1
atom C2
atom N1
atom C3
Torsion angle 9
Its atoms are : 
atom O1
atom C2
atom N1
atom H3
Torsion angle 10
Its atoms are : 
atom C2
atom N1
atom C3
atom H4
Torsion angle 11
Its atoms are : 
atom C2
atom N1
atom C3
atom H5
Torsion angle 12
Its atoms are : 
atom C2
atom N1
atom C3
atom H6
Torsion angle 13
Its atoms are : 
atom H3
atom N1
atom C3
atom H4
Torsion angle 14
Its atoms are : 
atom H3
atom N1
atom C3
atom H5
Torsion angle 15
Its atoms are : 
atom H3
atom N1
atom C3
atom H6
lUsingRefCoords=97
Set sp again 
Atom CL1 is initially set to sp 0
its bondingIdx 0
Atom C1 is initially set to sp 3
its bondingIdx 3
Atom C2 is initially set to sp 2
its bondingIdx 2
Atom O1 is initially set to sp 2
its bondingIdx 2
Atom N1 is initially set to sp 3
its bondingIdx 3
Atom C3 is initially set to sp 3
its bondingIdx 3
Atom H1 is initially set to sp 0
its bondingIdx 0
Atom H2 is initially set to sp 0
its bondingIdx 0
Atom H3 is initially set to sp 0
its bondingIdx 0
Atom H4 is initially set to sp 0
its bondingIdx 0
Atom H5 is initially set to sp 0
its bondingIdx 0
Atom H6 is initially set to sp 0
its bondingIdx 0
atom CL1 has sp 0
atom C1 has sp 3
atom C2 has sp 2
atom O1 has sp 2
atom N1 has sp 2
atom C3 has sp 3
atom H1 has sp 0
atom H2 has sp 0
atom H3 has sp 0
atom H4 has sp 0
atom H5 has sp 0
atom H6 has sp 0
Atom 0 : 
Its ID CL1
Its element type Cl
Its bondidx 0
Its COD root atom type Cl
Its acedrg atom type Cl(CCHH)
Its acedrg atom main type Cl(CCHH)
Its base ring type 
Its ccp4 atom type CL
Its second NB sp props C-2_0_0_0
Its number of extra-electrons is 0
Its second NB extra-electron sign is C-0_0_0_0
Its hashing is 790
Atom 1 : 
Its ID C1
Its element type C
Its bondidx 3
Its COD root atom type C
Its acedrg atom type C(CNO)(Cl)(H)2
Its acedrg atom main type C(CNO)(Cl)(H)2
Its base ring type 
Its ccp4 atom type CH2
Its second NB sp props C-3_2_2:Cl-3:H-3:H-3
Its number of extra-electrons is 0
Its second NB extra-electron sign is C-0_0_0:Cl-0:H-0:H-0
Its hashing is 490
Atom 2 : 
Its ID C2
Its element type C
Its bondidx 2
Its COD root atom type C
Its acedrg atom type C(CClHH)(NCH)(O)
Its acedrg atom main type C(CClHH)(NCH)(O)
Its base ring type 
Its ccp4 atom type C
Its second NB sp props C-2_0_0_0:N-3_2_0:O-2
Its number of extra-electrons is 0
Its second NB extra-electron sign is C-0_0_0_0:N-0_0_0:O-0
Its hashing is 930
Atom 3 : 
Its ID O1
Its element type O
Its bondidx 2
Its COD root atom type O
Its acedrg atom type O(CCN)
Its acedrg atom main type O(CCN)
Its base ring type 
Its ccp4 atom type O
Its second NB sp props C-3_2_2
Its number of extra-electrons is 0
Its second NB extra-electron sign is C-0_0_0
Its hashing is 863
Atom 4 : 
Its ID N1
Its element type N
Its bondidx 2
Its COD root atom type N
Its acedrg atom type N(CH3)(CCO)(H)
Its acedrg atom main type N(CH3)(CCO)(H)
Its base ring type 
Its ccp4 atom type NH1
Its second NB sp props C-2_0_0_0:C-3_2_2:H-2
Its number of extra-electrons is 0
Its second NB extra-electron sign is C-0_0_0_0:C-0_0_0:H-0
Its hashing is 956
Atom 5 : 
Its ID C3
Its element type C
Its bondidx 3
Its COD root atom type C
Its acedrg atom type C(NCH)(H)3
Its acedrg atom main type C(NCH)(H)3
Its base ring type 
Its ccp4 atom type CH3
Its second NB sp props H-3:H-3:H-3:N-3_2_0
Its number of extra-electrons is 0
Its second NB extra-electron sign is H-0:H-0:H-0:N-0_0_0
Its hashing is 490
Atom 6 : 
Its ID H1
Its element type H
Its bondidx 0
Its COD root atom type H
Its acedrg atom type H(CClCH)
Its acedrg atom main type H(CClCH)
Its base ring type 
Its ccp4 atom type H
Its second NB sp props C-2_0_0_0
Its number of extra-electrons is 0
Its second NB extra-electron sign is C-0_0_0_0
Its hashing is 951
Atom 7 : 
Its ID H2
Its element type H
Its bondidx 0
Its COD root atom type H
Its acedrg atom type H(CClCH)
Its acedrg atom main type H(CClCH)
Its base ring type 
Its ccp4 atom type H
Its second NB sp props C-2_0_0_0
Its number of extra-electrons is 0
Its second NB extra-electron sign is C-0_0_0_0
Its hashing is 951
Atom 8 : 
Its ID H3
Its element type H
Its bondidx 0
Its COD root atom type H
Its acedrg atom type H(NCC)
Its acedrg atom main type H(NCC)
Its base ring type 
Its ccp4 atom type H
Its second NB sp props N-3_2_0
Its number of extra-electrons is 0
Its second NB extra-electron sign is N-0_0_0
Its hashing is 951
Atom 9 : 
Its ID H4
Its element type H
Its bondidx 0
Its COD root atom type H
Its acedrg atom type H(CHHN)
Its acedrg atom main type H(CHHN)
Its base ring type 
Its ccp4 atom type H
Its second NB sp props C-2_0_0_0
Its number of extra-electrons is 0
Its second NB extra-electron sign is C-0_0_0_0
Its hashing is 951
Atom 10 : 
Its ID H5
Its element type H
Its bondidx 0
Its COD root atom type H
Its acedrg atom type H(CHHN)
Its acedrg atom main type H(CHHN)
Its base ring type 
Its ccp4 atom type H
Its second NB sp props C-2_0_0_0
Its number of extra-electrons is 0
Its second NB extra-electron sign is C-0_0_0_0
Its hashing is 951
Atom 11 : 
Its ID H6
Its element type H
Its bondidx 0
Its COD root atom type H
Its acedrg atom type H(CHHN)
Its acedrg atom main type H(CHHN)
Its base ring type 
Its ccp4 atom type H
Its second NB sp props C-2_0_0_0
Its number of extra-electrons is 0
Its second NB extra-electron sign is C-0_0_0_0
Its hashing is 951
Torsion angles are : 
Formed by O1_C2_C1_H1, value is: 0
Formed by O1_C2_C1_CL1, value is: 120
Formed by O1_C2_C1_H2, value is: -120
Formed by N1_C2_C1_H1, value is: 180
Formed by N1_C2_C1_CL1, value is: -60
Formed by N1_C2_C1_H2, value is: 60
Formed by C1_C2_N1_C3, value is: 180
Formed by C1_C2_N1_H3, value is: 0
Formed by O1_C2_N1_C3, value is: 0
Formed by O1_C2_N1_H3, value is: 180
Formed by C2_N1_C3_H4, value is: 0
Formed by C2_N1_C3_H5, value is: 120
Formed by C2_N1_C3_H6, value is: -120
Formed by H3_N1_C3_H4, value is: 180
Formed by H3_N1_C3_H5, value is: -60
Formed by H3_N1_C3_H6, value is: 60
Number of atom-type is 484888
Clustering COD org bonds started at Sun Jun 14 11:38:22 2026
Bond file /Applications/ccp4-9/share/acedrg/tables/allOrgBondTables/156.table
Bond file /Applications/ccp4-9/share/acedrg/tables/allOrgBondTables/171.table
Bond file /Applications/ccp4-9/share/acedrg/tables/allOrgBondTables/175.table
Bond file /Applications/ccp4-9/share/acedrg/tables/allOrgBondTables/66.table
Bond file /Applications/ccp4-9/share/acedrg/tables/allOrgBondTables/74.table
Bond file /Applications/ccp4-9/share/acedrg/tables/allOrgBondTables/76.table
Bond file /Applications/ccp4-9/share/acedrg/tables/allOrgBondTables/77.table
Finish clustering COD org bonds 
finished at Sun Jun 14 11:38:22 2026
it takes 0 seconds to finish group COD bonds 
Group COD bonds involving metal elements 
Search for  all target bonds started at Sun Jun 14 11:38:23 2026
Bond between CL1 and C1

+++++++++++++++++++++++++++++++++++++++++++++++++++
 search a organic-only bond 
aNumTh = 3
for target bond of atoms C1 and CL1
The bond is not within the same ring.
Bond order is SINGLE
ha1 490 ha2 790
the hybr-combination is SP-NON_SP3
In or not in the same ring N
 a1NB2 3:1:1:1: a2NB2 4:
 a1NB1NB2 C-3_2_2:Cl-3:H-3:H-3 a2NB1NB2 C-2_0_0_0
 a1M C(CNO)(Cl)(H)2 a2M Cl(CCHH)
 a1C C(CNO)(Cl)(H)2 a2C Cl(CCHH)
atom 1 CH2  atom 2 CL
Found all hashing codes 
Found hybr-combination SP-NON_SP3
Find in-ring prop N
find 3:1:1:1:
find 4:
 find C-3_2_2:Cl-3:H-3:H-3
 find C-2_0_0_0
 find C(CNO)(Cl)(H)2
 find Cl(CCHH)
 find C(CNO)(Cl)(H)2
 find Cl(CCHH)
Found exact matches of atom cod-classes 
Number of value associate it 76
the table sigma 0.0132
Finally bond sig is 0.0132
The final target bond value is 1.76
Its sig value is 0.0132

+++++++++++++++++++++++++++++++++++++++++++++++++++
Bond between C1 and C2

+++++++++++++++++++++++++++++++++++++++++++++++++++
 search a organic-only bond 
aNumTh = 3
for target bond of atoms C1 and C2
The bond is not within the same ring.
Bond order is SINGLE
ha1 490 ha2 930
the hybr-combination is SP2_SP3
In or not in the same ring N
 a1NB2 3:1:1:1: a2NB2 4:3:1:
 a1NB1NB2 C-3_2_2:Cl-3:H-3:H-3 a2NB1NB2 C-2_0_0_0:N-3_2_0:O-2
 a1M C(CNO)(Cl)(H)2 a2M C(CClHH)(NCH)(O)
 a1C C(CNO)(Cl)(H)2 a2C C(CClHH)(NCH)(O)
atom 1 CH2  atom 2 C
Found all hashing codes 
Found hybr-combination SP2_SP3
Find in-ring prop N
find 3:1:1:1:
find 4:3:1:
 find C-3_2_2:Cl-3:H-3:H-3
 find C-2_0_0_0:N-3_2_0:O-2
 find C(CNO)(Cl)(H)2
start level is 1
tNumTh is 3
0
the level is now 2
the level is now 3
the level is now 4
the level is now 5
The end search level is 5
The sig value is 0.0317
Finally bond sig is 0.0317
The final target bond value is 1.51
Its sig value is 0.0317

+++++++++++++++++++++++++++++++++++++++++++++++++++
Bond between C2 and O1

+++++++++++++++++++++++++++++++++++++++++++++++++++
 search a organic-only bond 
aNumTh = 3
for target bond of atoms O1 and C2
The bond is not within the same ring.
Bond order is DOUBLE
ha1 863 ha2 930
the hybr-combination is SP2_SP2
In or not in the same ring N
 a1NB2 3: a2NB2 4:3:1:
 a1NB1NB2 C-3_2_2 a2NB1NB2 C-2_0_0_0:N-3_2_0:O-2
 a1M O(CCN) a2M C(CClHH)(NCH)(O)
 a1C O(CCN) a2C C(CClHH)(NCH)(O)
atom 1 C  atom 2 O
Found all hashing codes 
Found hybr-combination SP2_SP2
Find in-ring prop N
find 3:
find 4:3:1:
 find C-3_2_2
 find C-2_0_0_0:N-3_2_0:O-2
 find O(CCN)
start level is 1
tNumTh is 3
0
Bond sig is 0.0376
the level is now 2
The end search level is 2
The sig value is 0.0376
Finally bond sig is 0.0376
The final target bond value is 1.24
Its sig value is 0.0376

+++++++++++++++++++++++++++++++++++++++++++++++++++
Bond between C2 and N1

+++++++++++++++++++++++++++++++++++++++++++++++++++
 search a organic-only bond 
aNumTh = 3
for target bond of atoms C2 and N1
The bond is not within the same ring.
Bond order is SINGLE
ha1 930 ha2 956
the hybr-combination is SP2_SP2
In or not in the same ring N
 a1NB2 4:3:1: a2NB2 4:3:1:
 a1NB1NB2 C-2_0_0_0:N-3_2_0:O-2 a2NB1NB2 C-2_0_0_0:C-3_2_2:H-2
 a1M C(CClHH)(NCH)(O) a2M N(CH3)(CCO)(H)
 a1C C(CClHH)(NCH)(O) a2C N(CH3)(CCO)(H)
atom 1 C  atom 2 NH1
Found all hashing codes 
Found hybr-combination SP2_SP2
Find in-ring prop N
find 4:3:1:
find 4:3:1:
 find C-2_0_0_0:N-3_2_0:O-2
 find C-2_0_0_0:C-3_2_2:H-2
 find C(CClHH)(NCH)(O)
 find N(CH3)(CCO)(H)
 find C(CClHH)(NCH)(O)
 find N(CH3)(CCO)(H)
Found exact matches of atom cod-classes 
Number of value associate it 2
the table sigma 0.0004
start level is 0
tNumTh is 3
0
the level is now 1
the level is now 2
the level is now 3
the level is now 4
the level is now 5
The end search level is 5
The sig value is 0.0163
Finally bond sig is 0.0163
The final target bond value is 1.34
Its sig value is 0.0163

+++++++++++++++++++++++++++++++++++++++++++++++++++
Bond between N1 and C3

+++++++++++++++++++++++++++++++++++++++++++++++++++
 search a organic-only bond 
aNumTh = 3
for target bond of atoms C3 and N1
The bond is not within the same ring.
Bond order is SINGLE
ha1 490 ha2 956
the hybr-combination is SP2_SP3
In or not in the same ring N
 a1NB2 3:1:1:1: a2NB2 4:3:1:
 a1NB1NB2 H-3:H-3:H-3:N-3_2_0 a2NB1NB2 C-2_0_0_0:C-3_2_2:H-2
 a1M C(NCH)(H)3 a2M N(CH3)(CCO)(H)
 a1C C(NCH)(H)3 a2C N(CH3)(CCO)(H)
atom 1 CH3  atom 2 NH1
Found all hashing codes 
Found hybr-combination SP2_SP3
Find in-ring prop N
find 3:1:1:1:
find 4:3:1:
 find H-3:H-3:H-3:N-3_2_0
start level is 4
tNumTh is 3
0
the level is now 5
The end search level is 5
The sig value is 0.00944
Finally bond sig is 0.00944
The final target bond value is 1.45
Its sig value is 0.00944

+++++++++++++++++++++++++++++++++++++++++++++++++++
Bond between C1 and H1

+++++++++++++++++++++++++++++++++++++++++++++++++++
 search a organic-only bond 
aNumTh = 3
for target bond of atoms C1 and H1
The bond is not within the same ring.
Bond order is SINGLE
ha1 490 ha2 951
the hybr-combination is SP-NON_SP3
In or not in the same ring N
 a1NB2 3:1:1:1: a2NB2 4:
 a1NB1NB2 C-3_2_2:Cl-3:H-3:H-3 a2NB1NB2 C-2_0_0_0
 a1M C(CNO)(Cl)(H)2 a2M H(CClCH)
 a1C C(CNO)(Cl)(H)2 a2C H(CClCH)
atom 1 CH2  atom 2 H
Found all hashing codes 
Found hybr-combination SP-NON_SP3
Find in-ring prop N
find 3:1:1:1:
find 4:
 find C-3_2_2:Cl-3:H-3:H-3
 find C-2_0_0_0
 find C(CNO)(Cl)(H)2
 find H(CClCH)
 find C(CNO)(Cl)(H)2
 find H(CClCH)
Found exact matches of atom cod-classes 
Number of value associate it 148
the table sigma 0.0112
Finally bond sig is 0.0112
The final target bond value is 0.972
Its sig value is 0.0112

+++++++++++++++++++++++++++++++++++++++++++++++++++
Bond between C1 and H2

+++++++++++++++++++++++++++++++++++++++++++++++++++
 search a organic-only bond 
aNumTh = 3
for target bond of atoms C1 and H2
The bond is not within the same ring.
Bond order is SINGLE
ha1 490 ha2 951
the hybr-combination is SP-NON_SP3
In or not in the same ring N
 a1NB2 3:1:1:1: a2NB2 4:
 a1NB1NB2 C-3_2_2:Cl-3:H-3:H-3 a2NB1NB2 C-2_0_0_0
 a1M C(CNO)(Cl)(H)2 a2M H(CClCH)
 a1C C(CNO)(Cl)(H)2 a2C H(CClCH)
atom 1 CH2  atom 2 H
Found all hashing codes 
Found hybr-combination SP-NON_SP3
Find in-ring prop N
find 3:1:1:1:
find 4:
 find C-3_2_2:Cl-3:H-3:H-3
 find C-2_0_0_0
 find C(CNO)(Cl)(H)2
 find H(CClCH)
 find C(CNO)(Cl)(H)2
 find H(CClCH)
Found exact matches of atom cod-classes 
Number of value associate it 148
the table sigma 0.0112
Finally bond sig is 0.0112
The final target bond value is 0.972
Its sig value is 0.0112

+++++++++++++++++++++++++++++++++++++++++++++++++++
Bond between N1 and H3

+++++++++++++++++++++++++++++++++++++++++++++++++++
 search a organic-only bond 
aNumTh = 3
for target bond of atoms H3 and N1
The bond is not within the same ring.
Bond order is SINGLE
ha1 951 ha2 956
the hybr-combination is SP-NON_SP2
In or not in the same ring N
 a1NB2 3: a2NB2 4:3:1:
 a1NB1NB2 N-3_2_0 a2NB1NB2 C-2_0_0_0:C-3_2_2:H-2
 a1M H(NCC) a2M N(CH3)(CCO)(H)
 a1C H(NCC) a2C N(CH3)(CCO)(H)
atom 1 H  atom 2 NH1
Found all hashing codes 
Found hybr-combination SP-NON_SP2
Find in-ring prop N
find 3:
find 4:3:1:
 find N-3_2_0
start level is 4
tNumTh is 3
0
the level is now 5
The end search level is 5
The sig value is 0.0363
Finally bond sig is 0.0363
The final target bond value is 0.871
Its sig value is 0.0363

+++++++++++++++++++++++++++++++++++++++++++++++++++
Bond between C3 and H4

+++++++++++++++++++++++++++++++++++++++++++++++++++
 search a organic-only bond 
aNumTh = 3
for target bond of atoms C3 and H4
The bond is not within the same ring.
Bond order is SINGLE
ha1 490 ha2 951
the hybr-combination is SP-NON_SP3
In or not in the same ring N
 a1NB2 3:1:1:1: a2NB2 4:
 a1NB1NB2 H-3:H-3:H-3:N-3_2_0 a2NB1NB2 C-2_0_0_0
 a1M C(NCH)(H)3 a2M H(CHHN)
 a1C C(NCH)(H)3 a2C H(CHHN)
atom 1 CH3  atom 2 H
Found all hashing codes 
Found hybr-combination SP-NON_SP3
Find in-ring prop N
find 3:1:1:1:
find 4:
 find H-3:H-3:H-3:N-3_2_0
 find C-2_0_0_0
 find C(NCH)(H)3
 find H(CHHN)
 find C(NCH)(H)3
 find H(CHHN)
Found exact matches of atom cod-classes 
Number of value associate it 2090
the table sigma 0.0201
Finally bond sig is 0.0201
The final target bond value is 0.97
Its sig value is 0.0201

+++++++++++++++++++++++++++++++++++++++++++++++++++
Bond between C3 and H5

+++++++++++++++++++++++++++++++++++++++++++++++++++
 search a organic-only bond 
aNumTh = 3
for target bond of atoms C3 and H5
The bond is not within the same ring.
Bond order is SINGLE
ha1 490 ha2 951
the hybr-combination is SP-NON_SP3
In or not in the same ring N
 a1NB2 3:1:1:1: a2NB2 4:
 a1NB1NB2 H-3:H-3:H-3:N-3_2_0 a2NB1NB2 C-2_0_0_0
 a1M C(NCH)(H)3 a2M H(CHHN)
 a1C C(NCH)(H)3 a2C H(CHHN)
atom 1 CH3  atom 2 H
Found all hashing codes 
Found hybr-combination SP-NON_SP3
Find in-ring prop N
find 3:1:1:1:
find 4:
 find H-3:H-3:H-3:N-3_2_0
 find C-2_0_0_0
 find C(NCH)(H)3
 find H(CHHN)
 find C(NCH)(H)3
 find H(CHHN)
Found exact matches of atom cod-classes 
Number of value associate it 2090
the table sigma 0.0201
Finally bond sig is 0.0201
The final target bond value is 0.97
Its sig value is 0.0201

+++++++++++++++++++++++++++++++++++++++++++++++++++
Bond between C3 and H6

+++++++++++++++++++++++++++++++++++++++++++++++++++
 search a organic-only bond 
aNumTh = 3
for target bond of atoms C3 and H6
The bond is not within the same ring.
Bond order is SINGLE
ha1 490 ha2 951
the hybr-combination is SP-NON_SP3
In or not in the same ring N
 a1NB2 3:1:1:1: a2NB2 4:
 a1NB1NB2 H-3:H-3:H-3:N-3_2_0 a2NB1NB2 C-2_0_0_0
 a1M C(NCH)(H)3 a2M H(CHHN)
 a1C C(NCH)(H)3 a2C H(CHHN)
atom 1 CH3  atom 2 H
Found all hashing codes 
Found hybr-combination SP-NON_SP3
Find in-ring prop N
find 3:1:1:1:
find 4:
 find H-3:H-3:H-3:N-3_2_0
 find C-2_0_0_0
 find C(NCH)(H)3
 find H(CHHN)
 find C(NCH)(H)3
 find H(CHHN)
Found exact matches of atom cod-classes 
Number of value associate it 2090
the table sigma 0.0201
Finally bond sig is 0.0201
The final target bond value is 0.97
Its sig value is 0.0201

+++++++++++++++++++++++++++++++++++++++++++++++++++
Number of Bonds to be found 11
Number of Bonds found 11
Search for all target bonds finished at Sun Jun 14 11:38:23 2026
it takes 0 seconds to do that 
Finish setDefaultCoordGeos() 
Clustering all COD angles started at Sun Jun 14 11:38:23 2026
Clustering COD org angles finished at Sun Jun 14 11:38:23 2026
it takes 0 seconds to finish group COD angles 
Finish groupCodOrgAngles() 
Finish groupCodMetAngles() 
Finish groupCodAnglesWithNonCenteredMetal() 
1. Search for target angles started at Sun Jun 14 11:38:23 2026

%=========================================%
Angle between C1(center) and CL1 and C2

Center Atom : C1
Its Hashing code  490
Its root atom symbol C
Its codNB2Symb 3:1:1:1:
Its codNBSymb C-3:Cl-1:H-1:H-1:
Its atom type main sec C(CNO)(Cl)(H)2
Its atom type full C(CNO)(Cl)(H)2

Atom2 : CL1
Its Hashing code 790
Its root atom symbol Cl
Its codNB2Symb 4:
Its codNBSymb C-4:
Its atom type main section Cl(CCHH)
Its atom type full Cl(CCHH)

Atom3: C2
Its Hashing code  930
Its root atom symbol C
Its codNB2Symb 4:3:1:
Its codNBSymb C-4:N-3:O-1:
Its atom type main section C(CClHH)(NCH)(O)
Its atom type full C(CClHH)(NCH)(O)

These 3 atoms are in a ring of size 0
The hybridization on three atoms is 0:SP3_SP-NON_SP2
Find ha1 490
Find ha2 790
Find ha3 930
Found 0:SP3_SP-NON_SP2
Found C
Found Cl
Found C
Found 3:1:1:1:
Found 4:
Found 4:3:1:
Found C-3:Cl-1:H-1:H-1:
Found C-4:
Found C-4:N-3:O-1:
Found C(CNO)(Cl)(H)2
Found Cl(CCHH)
Found C(CClHH)(NCH)(O)
aNum 3
tLev 1
Angle value 115
Angle siga 4.92
Number of observations  13
Approximation level 0
Level finished 
Finally the angle value is 115
It sig value is 4.92
Number of COD angles involved 13
Target angle value : 115

%=========================================%
Angle between C1(center) and CL1 and H1

Center Atom : C1
Its Hashing code  490
Its root atom symbol C
Its codNB2Symb 3:1:1:1:
Its codNBSymb C-3:Cl-1:H-1:H-1:
Its atom type main sec C(CNO)(Cl)(H)2
Its atom type full C(CNO)(Cl)(H)2

Atom2 : CL1
Its Hashing code 790
Its root atom symbol Cl
Its codNB2Symb 4:
Its codNBSymb C-4:
Its atom type main section Cl(CCHH)
Its atom type full Cl(CCHH)

Atom3: H1
Its Hashing code  951
Its root atom symbol H
Its codNB2Symb 4:
Its codNBSymb C-4:
Its atom type main section H(CClCH)
Its atom type full H(CClCH)

These 3 atoms are in a ring of size 0
The hybridization on three atoms is 0:SP3_SP-NON_SP-NON
Find ha1 490
Find ha2 790
Find ha3 951
Found 0:SP3_SP-NON_SP-NON
Found C
Found Cl
Found H
Found 3:1:1:1:
Found 4:
Found 4:
Found C-3:Cl-1:H-1:H-1:
Found C-4:
Found C-4:
Found C(CNO)(Cl)(H)2
Found Cl(CCHH)
Found H(CClCH)
aNum 3
tLev 1
Angle value 109
Angle siga 0.703
Number of observations  143
Approximation level 0
Level finished 
Finally the angle value is 109
It sig value is 0.703
Number of COD angles involved 143
Target angle value : 109

%=========================================%
Angle between C1(center) and CL1 and H2

Center Atom : C1
Its Hashing code  490
Its root atom symbol C
Its codNB2Symb 3:1:1:1:
Its codNBSymb C-3:Cl-1:H-1:H-1:
Its atom type main sec C(CNO)(Cl)(H)2
Its atom type full C(CNO)(Cl)(H)2

Atom2 : CL1
Its Hashing code 790
Its root atom symbol Cl
Its codNB2Symb 4:
Its codNBSymb C-4:
Its atom type main section Cl(CCHH)
Its atom type full Cl(CCHH)

Atom3: H2
Its Hashing code  951
Its root atom symbol H
Its codNB2Symb 4:
Its codNBSymb C-4:
Its atom type main section H(CClCH)
Its atom type full H(CClCH)

These 3 atoms are in a ring of size 0
The hybridization on three atoms is 0:SP3_SP-NON_SP-NON
Find ha1 490
Find ha2 790
Find ha3 951
Found 0:SP3_SP-NON_SP-NON
Found C
Found Cl
Found H
Found 3:1:1:1:
Found 4:
Found 4:
Found C-3:Cl-1:H-1:H-1:
Found C-4:
Found C-4:
Found C(CNO)(Cl)(H)2
Found Cl(CCHH)
Found H(CClCH)
aNum 3
tLev 1
Angle value 109
Angle siga 0.703
Number of observations  143
Approximation level 0
Level finished 
Finally the angle value is 109
It sig value is 0.703
Number of COD angles involved 143
Target angle value : 109

%=========================================%
Angle between C1(center) and C2 and H1

Center Atom : C1
Its Hashing code  490
Its root atom symbol C
Its codNB2Symb 3:1:1:1:
Its codNBSymb C-3:Cl-1:H-1:H-1:
Its atom type main sec C(CNO)(Cl)(H)2
Its atom type full C(CNO)(Cl)(H)2

Atom2 : C2
Its Hashing code 930
Its root atom symbol C
Its codNB2Symb 4:3:1:
Its codNBSymb C-4:N-3:O-1:
Its atom type main section C(CClHH)(NCH)(O)
Its atom type full C(CClHH)(NCH)(O)

Atom3: H1
Its Hashing code  951
Its root atom symbol H
Its codNB2Symb 4:
Its codNBSymb C-4:
Its atom type main section H(CClCH)
Its atom type full H(CClCH)

These 3 atoms are in a ring of size 0
The hybridization on three atoms is 0:SP3_SP-NON_SP2
Find ha1 490
Find ha2 930
Find ha3 951
Found 0:SP3_SP-NON_SP2
Found C
Found C
Found H
Found 3:1:1:1:
Found 4:3:1:
Found 4:
Found C-3:Cl-1:H-1:H-1:
Found C-4:N-3:O-1:
Found C-4:
Found C(CNO)(Cl)(H)2
Found C(CClHH)(NCH)(O)
Found H(CClCH)
aNum 3
tLev 1
Angle value 108
Angle siga 0.633
Number of observations  26
Approximation level 0
Level finished 
Finally the angle value is 108
It sig value is 0.633
Number of COD angles involved 26
Target angle value : 108

%=========================================%
Angle between C1(center) and C2 and H2

Center Atom : C1
Its Hashing code  490
Its root atom symbol C
Its codNB2Symb 3:1:1:1:
Its codNBSymb C-3:Cl-1:H-1:H-1:
Its atom type main sec C(CNO)(Cl)(H)2
Its atom type full C(CNO)(Cl)(H)2

Atom2 : C2
Its Hashing code 930
Its root atom symbol C
Its codNB2Symb 4:3:1:
Its codNBSymb C-4:N-3:O-1:
Its atom type main section C(CClHH)(NCH)(O)
Its atom type full C(CClHH)(NCH)(O)

Atom3: H2
Its Hashing code  951
Its root atom symbol H
Its codNB2Symb 4:
Its codNBSymb C-4:
Its atom type main section H(CClCH)
Its atom type full H(CClCH)

These 3 atoms are in a ring of size 0
The hybridization on three atoms is 0:SP3_SP-NON_SP2
Find ha1 490
Find ha2 930
Find ha3 951
Found 0:SP3_SP-NON_SP2
Found C
Found C
Found H
Found 3:1:1:1:
Found 4:3:1:
Found 4:
Found C-3:Cl-1:H-1:H-1:
Found C-4:N-3:O-1:
Found C-4:
Found C(CNO)(Cl)(H)2
Found C(CClHH)(NCH)(O)
Found H(CClCH)
aNum 3
tLev 1
Angle value 108
Angle siga 0.633
Number of observations  26
Approximation level 0
Level finished 
Finally the angle value is 108
It sig value is 0.633
Number of COD angles involved 26
Target angle value : 108

%=========================================%
Angle between C1(center) and H2 and H1

Center Atom : C1
Its Hashing code  490
Its root atom symbol C
Its codNB2Symb 3:1:1:1:
Its codNBSymb C-3:Cl-1:H-1:H-1:
Its atom type main sec C(CNO)(Cl)(H)2
Its atom type full C(CNO)(Cl)(H)2

Atom2 : H2
Its Hashing code 951
Its root atom symbol H
Its codNB2Symb 4:
Its codNBSymb C-4:
Its atom type main section H(CClCH)
Its atom type full H(CClCH)

Atom3: H1
Its Hashing code  951
Its root atom symbol H
Its codNB2Symb 4:
Its codNBSymb C-4:
Its atom type main section H(CClCH)
Its atom type full H(CClCH)

These 3 atoms are in a ring of size 0
The hybridization on three atoms is 0:SP3_SP-NON_SP-NON
Find ha1 490
Find ha2 951
Find ha3 951
Found 0:SP3_SP-NON_SP-NON
Found C
Found H
Found H
Found 3:1:1:1:
Found 4:
Found 4:
Found C-3:Cl-1:H-1:H-1:
Found C-4:
Found C-4:
Found C(CNO)(Cl)(H)2
Found H(CClCH)
Found H(CClCH)
aNum 3
tLev 1
Angle value 108
Angle siga 1.38
Number of observations  71
Approximation level 0
Level finished 
Finally the angle value is 108
It sig value is 1.38
Number of COD angles involved 71
Target angle value : 108

%=========================================%
Angle between C2(center) and C1 and O1

Center Atom : C2
Its Hashing code  930
Its root atom symbol C
Its codNB2Symb 4:3:1:
Its codNBSymb C-4:N-3:O-1:
Its atom type main sec C(CClHH)(NCH)(O)
Its atom type full C(CClHH)(NCH)(O)

Atom2 : C1
Its Hashing code 490
Its root atom symbol C
Its codNB2Symb 3:1:1:1:
Its codNBSymb C-3:Cl-1:H-1:H-1:
Its atom type main section C(CNO)(Cl)(H)2
Its atom type full C(CNO)(Cl)(H)2

Atom3: O1
Its Hashing code  863
Its root atom symbol O
Its codNB2Symb 3:
Its codNBSymb C-3:
Its atom type main section O(CCN)
Its atom type full O(CCN)

These 3 atoms are in a ring of size 0
The hybridization on three atoms is 0:SP2_SP2_SP3
Find ha1 930
Find ha2 490
Find ha3 863
Found 0:SP2_SP2_SP3
Found C
Found C
Found O
Found 4:3:1:
Found 3:1:1:1:
Found 3:
Found C-4:N-3:O-1:
Found C-3:Cl-1:H-1:H-1:
Found C-3:
Found C(CClHH)(NCH)(O)
Found C(CNO)(Cl)(H)2
Found O(CCN)
aNum 3
tLev 1
Angle value 119
Angle siga 7.68
Number of observations  13
Approximation level 0
Level finished 
Finally the angle value is 119
It sig value is 7.68
Number of COD angles involved 13
Target angle value : 119

%=========================================%
Angle between C2(center) and C1 and N1

Center Atom : C2
Its Hashing code  930
Its root atom symbol C
Its codNB2Symb 4:3:1:
Its codNBSymb C-4:N-3:O-1:
Its atom type main sec C(CClHH)(NCH)(O)
Its atom type full C(CClHH)(NCH)(O)

Atom2 : C1
Its Hashing code 490
Its root atom symbol C
Its codNB2Symb 3:1:1:1:
Its codNBSymb C-3:Cl-1:H-1:H-1:
Its atom type main section C(CNO)(Cl)(H)2
Its atom type full C(CNO)(Cl)(H)2

Atom3: N1
Its Hashing code  956
Its root atom symbol N
Its codNB2Symb 4:3:1:
Its codNBSymb C-4:C-3:H-1:
Its atom type main section N(CH3)(CCO)(H)
Its atom type full N(CH3)(CCO)(H)

These 3 atoms are in a ring of size 0
The hybridization on three atoms is 0:SP2_SP2_SP3
Find ha1 930
Find ha2 490
Find ha3 956
Found 0:SP2_SP2_SP3
Found C
Found C
Found N
Found 4:3:1:
Found 3:1:1:1:
Found 4:3:1:
Found C-4:N-3:O-1:
Found C-3:Cl-1:H-1:H-1:
Found C-4:C-3:H-1:
Found C(CClHH)(NCH)(O)
Found C(CNO)(Cl)(H)2
Found N(CH3)(CCO)(H)
aNum 3
tLev 1
Angle value 118
Angle siga 5.2
Number of observations  11
Approximation level 1
Level finished 
Finally the angle value is 118
It sig value is 5.2
Number of COD angles involved 11
Target angle value : 118

%=========================================%
Angle between C2(center) and O1 and N1

Center Atom : C2
Its Hashing code  930
Its root atom symbol C
Its codNB2Symb 4:3:1:
Its codNBSymb C-4:N-3:O-1:
Its atom type main sec C(CClHH)(NCH)(O)
Its atom type full C(CClHH)(NCH)(O)

Atom2 : O1
Its Hashing code 863
Its root atom symbol O
Its codNB2Symb 3:
Its codNBSymb C-3:
Its atom type main section O(CCN)
Its atom type full O(CCN)

Atom3: N1
Its Hashing code  956
Its root atom symbol N
Its codNB2Symb 4:3:1:
Its codNBSymb C-4:C-3:H-1:
Its atom type main section N(CH3)(CCO)(H)
Its atom type full N(CH3)(CCO)(H)

These 3 atoms are in a ring of size 0
The hybridization on three atoms is 0:SP2_SP2_SP2
Find ha1 930
Find ha2 863
Find ha3 956
Found 0:SP2_SP2_SP2
Found C
Found O
Found N
Found 4:3:1:
Found 3:
Found 4:3:1:
Found C-4:N-3:O-1:
Found C-3:
Found C-4:C-3:H-1:
Found C(CClHH)(NCH)(O)
Found O(CCN)
Found N(CH3)(CCO)(H)
aNum 3
tLev 1
Angle value 123
Angle siga 1.64
Number of observations  2240
Approximation level 1
Level finished 
Finally the angle value is 123
It sig value is 1.64
Number of COD angles involved 2240
Target angle value : 123

%=========================================%
Angle between N1(center) and C3 and C2

Center Atom : N1
Its Hashing code  956
Its root atom symbol N
Its codNB2Symb 4:3:1:
Its codNBSymb C-4:C-3:H-1:
Its atom type main sec N(CH3)(CCO)(H)
Its atom type full N(CH3)(CCO)(H)

Atom2 : C3
Its Hashing code 490
Its root atom symbol C
Its codNB2Symb 3:1:1:1:
Its codNBSymb N-3:H-1:H-1:H-1:
Its atom type main section C(NCH)(H)3
Its atom type full C(NCH)(H)3

Atom3: C2
Its Hashing code  930
Its root atom symbol C
Its codNB2Symb 4:3:1:
Its codNBSymb C-4:N-3:O-1:
Its atom type main section C(CClHH)(NCH)(O)
Its atom type full C(CClHH)(NCH)(O)

These 3 atoms are in a ring of size 0
The hybridization on three atoms is 0:SP2_SP2_SP3
Find ha1 956
Find ha2 490
Find ha3 930
Found 0:SP2_SP2_SP3
Found N
Found C
Found C
Found 4:3:1:
Found 3:1:1:1:
Found 4:3:1:
Found C-4:C-3:H-1:
Found N-3:H-1:H-1:H-1:
Found C-4:N-3:O-1:
Found N(CH3)(CCO)(H)
Found C(NCH)(H)3
Found C(CClHH)(NCH)(O)
aNum 3
tLev 1
Angle value 122
Angle siga 0.924
Number of observations  110
Approximation level 1
Level finished 
Finally the angle value is 122
It sig value is 0.924
Number of COD angles involved 110
Target angle value : 122

%=========================================%
Angle between N1(center) and C2 and H3

Center Atom : N1
Its Hashing code  956
Its root atom symbol N
Its codNB2Symb 4:3:1:
Its codNBSymb C-4:C-3:H-1:
Its atom type main sec N(CH3)(CCO)(H)
Its atom type full N(CH3)(CCO)(H)

Atom2 : C2
Its Hashing code 930
Its root atom symbol C
Its codNB2Symb 4:3:1:
Its codNBSymb C-4:N-3:O-1:
Its atom type main section C(CClHH)(NCH)(O)
Its atom type full C(CClHH)(NCH)(O)

Atom3: H3
Its Hashing code  951
Its root atom symbol H
Its codNB2Symb 3:
Its codNBSymb N-3:
Its atom type main section H(NCC)
Its atom type full H(NCC)

These 3 atoms are in a ring of size 0
The hybridization on three atoms is 0:SP2_SP-NON_SP2
Find ha1 956
Find ha2 930
Find ha3 951
Found 0:SP2_SP-NON_SP2
Found N
Found C
Found H
Found 4:3:1:
Found 4:3:1:
Found 3:
Found C-4:C-3:H-1:
Found C-4:N-3:O-1:
Found N-3:
Found N(CH3)(CCO)(H)
Found C(CClHH)(NCH)(O)
Found H(NCC)
aNum 3
tLev 1
Angle value 119
Angle siga 4.26
Number of observations  2236
Approximation level 1
Level finished 
Finally the angle value is 119
It sig value is 4.26
Number of COD angles involved 2236
Target angle value : 119

%=========================================%
Angle between N1(center) and C3 and H3

Center Atom : N1
Its Hashing code  956
Its root atom symbol N
Its codNB2Symb 4:3:1:
Its codNBSymb C-4:C-3:H-1:
Its atom type main sec N(CH3)(CCO)(H)
Its atom type full N(CH3)(CCO)(H)

Atom2 : C3
Its Hashing code 490
Its root atom symbol C
Its codNB2Symb 3:1:1:1:
Its codNBSymb N-3:H-1:H-1:H-1:
Its atom type main section C(NCH)(H)3
Its atom type full C(NCH)(H)3

Atom3: H3
Its Hashing code  951
Its root atom symbol H
Its codNB2Symb 3:
Its codNBSymb N-3:
Its atom type main section H(NCC)
Its atom type full H(NCC)

These 3 atoms are in a ring of size 0
The hybridization on three atoms is 0:SP2_SP-NON_SP3
Find ha1 956
Find ha2 490
Find ha3 951
Found 0:SP2_SP-NON_SP3
Found N
Found C
Found H
Found 4:3:1:
Found 3:1:1:1:
Found 3:
Found C-4:C-3:H-1:
Found N-3:H-1:H-1:H-1:
Found N-3:
Found N(CH3)(CCO)(H)
Found C(NCH)(H)3
Found H(NCC)
aNum 3
tLev 1
Angle value 119
Angle siga 3.79
Number of observations  133
Approximation level 0
Level finished 
Finally the angle value is 119
It sig value is 3.79
Number of COD angles involved 133
Target angle value : 119

%=========================================%
Angle between C3(center) and H4 and N1

Center Atom : C3
Its Hashing code  490
Its root atom symbol C
Its codNB2Symb 3:1:1:1:
Its codNBSymb N-3:H-1:H-1:H-1:
Its atom type main sec C(NCH)(H)3
Its atom type full C(NCH)(H)3

Atom2 : H4
Its Hashing code 951
Its root atom symbol H
Its codNB2Symb 4:
Its codNBSymb C-4:
Its atom type main section H(CHHN)
Its atom type full H(CHHN)

Atom3: N1
Its Hashing code  956
Its root atom symbol N
Its codNB2Symb 4:3:1:
Its codNBSymb C-4:C-3:H-1:
Its atom type main section N(CH3)(CCO)(H)
Its atom type full N(CH3)(CCO)(H)

These 3 atoms are in a ring of size 0
The hybridization on three atoms is 0:SP3_SP-NON_SP2
Find ha1 490
Find ha2 951
Find ha3 956
Found 0:SP3_SP-NON_SP2
Found C
Found H
Found N
Found 3:1:1:1:
Found 4:
Found 4:3:1:
Found N-3:H-1:H-1:H-1:
Found C-4:
Found C-4:C-3:H-1:
Found C(NCH)(H)3
Found H(CHHN)
Found N(CH3)(CCO)(H)
aNum 3
tLev 1
Angle value 110
Angle siga 0.448
Number of observations  336
Approximation level 0
Level finished 
Finally the angle value is 110
It sig value is 0.448
Number of COD angles involved 336
Target angle value : 110

%=========================================%
Angle between C3(center) and H5 and N1

Center Atom : C3
Its Hashing code  490
Its root atom symbol C
Its codNB2Symb 3:1:1:1:
Its codNBSymb N-3:H-1:H-1:H-1:
Its atom type main sec C(NCH)(H)3
Its atom type full C(NCH)(H)3

Atom2 : H5
Its Hashing code 951
Its root atom symbol H
Its codNB2Symb 4:
Its codNBSymb C-4:
Its atom type main section H(CHHN)
Its atom type full H(CHHN)

Atom3: N1
Its Hashing code  956
Its root atom symbol N
Its codNB2Symb 4:3:1:
Its codNBSymb C-4:C-3:H-1:
Its atom type main section N(CH3)(CCO)(H)
Its atom type full N(CH3)(CCO)(H)

These 3 atoms are in a ring of size 0
The hybridization on three atoms is 0:SP3_SP-NON_SP2
Find ha1 490
Find ha2 951
Find ha3 956
Found 0:SP3_SP-NON_SP2
Found C
Found H
Found N
Found 3:1:1:1:
Found 4:
Found 4:3:1:
Found N-3:H-1:H-1:H-1:
Found C-4:
Found C-4:C-3:H-1:
Found C(NCH)(H)3
Found H(CHHN)
Found N(CH3)(CCO)(H)
aNum 3
tLev 1
Angle value 110
Angle siga 0.448
Number of observations  336
Approximation level 0
Level finished 
Finally the angle value is 110
It sig value is 0.448
Number of COD angles involved 336
Target angle value : 110

%=========================================%
Angle between C3(center) and H6 and N1

Center Atom : C3
Its Hashing code  490
Its root atom symbol C
Its codNB2Symb 3:1:1:1:
Its codNBSymb N-3:H-1:H-1:H-1:
Its atom type main sec C(NCH)(H)3
Its atom type full C(NCH)(H)3

Atom2 : H6
Its Hashing code 951
Its root atom symbol H
Its codNB2Symb 4:
Its codNBSymb C-4:
Its atom type main section H(CHHN)
Its atom type full H(CHHN)

Atom3: N1
Its Hashing code  956
Its root atom symbol N
Its codNB2Symb 4:3:1:
Its codNBSymb C-4:C-3:H-1:
Its atom type main section N(CH3)(CCO)(H)
Its atom type full N(CH3)(CCO)(H)

These 3 atoms are in a ring of size 0
The hybridization on three atoms is 0:SP3_SP-NON_SP2
Find ha1 490
Find ha2 951
Find ha3 956
Found 0:SP3_SP-NON_SP2
Found C
Found H
Found N
Found 3:1:1:1:
Found 4:
Found 4:3:1:
Found N-3:H-1:H-1:H-1:
Found C-4:
Found C-4:C-3:H-1:
Found C(NCH)(H)3
Found H(CHHN)
Found N(CH3)(CCO)(H)
aNum 3
tLev 1
Angle value 110
Angle siga 0.448
Number of observations  336
Approximation level 0
Level finished 
Finally the angle value is 110
It sig value is 0.448
Number of COD angles involved 336
Target angle value : 110

%=========================================%
Angle between C3(center) and H5 and H4

Center Atom : C3
Its Hashing code  490
Its root atom symbol C
Its codNB2Symb 3:1:1:1:
Its codNBSymb N-3:H-1:H-1:H-1:
Its atom type main sec C(NCH)(H)3
Its atom type full C(NCH)(H)3

Atom2 : H5
Its Hashing code 951
Its root atom symbol H
Its codNB2Symb 4:
Its codNBSymb C-4:
Its atom type main section H(CHHN)
Its atom type full H(CHHN)

Atom3: H4
Its Hashing code  951
Its root atom symbol H
Its codNB2Symb 4:
Its codNBSymb C-4:
Its atom type main section H(CHHN)
Its atom type full H(CHHN)

These 3 atoms are in a ring of size 0
The hybridization on three atoms is 0:SP3_SP-NON_SP-NON
Find ha1 490
Find ha2 951
Find ha3 951
Found 0:SP3_SP-NON_SP-NON
Found C
Found H
Found H
Found 3:1:1:1:
Found 4:
Found 4:
Found N-3:H-1:H-1:H-1:
Found C-4:
Found C-4:
Found C(NCH)(H)3
Found H(CHHN)
Found H(CHHN)
aNum 3
tLev 1
Angle value 109
Angle siga 3.37
Number of observations  1672
Approximation level 0
Level finished 
Finally the angle value is 109
It sig value is 3.37
Number of COD angles involved 1672
Target angle value : 109

%=========================================%
Angle between C3(center) and H6 and H4

Center Atom : C3
Its Hashing code  490
Its root atom symbol C
Its codNB2Symb 3:1:1:1:
Its codNBSymb N-3:H-1:H-1:H-1:
Its atom type main sec C(NCH)(H)3
Its atom type full C(NCH)(H)3

Atom2 : H6
Its Hashing code 951
Its root atom symbol H
Its codNB2Symb 4:
Its codNBSymb C-4:
Its atom type main section H(CHHN)
Its atom type full H(CHHN)

Atom3: H4
Its Hashing code  951
Its root atom symbol H
Its codNB2Symb 4:
Its codNBSymb C-4:
Its atom type main section H(CHHN)
Its atom type full H(CHHN)

These 3 atoms are in a ring of size 0
The hybridization on three atoms is 0:SP3_SP-NON_SP-NON
Find ha1 490
Find ha2 951
Find ha3 951
Found 0:SP3_SP-NON_SP-NON
Found C
Found H
Found H
Found 3:1:1:1:
Found 4:
Found 4:
Found N-3:H-1:H-1:H-1:
Found C-4:
Found C-4:
Found C(NCH)(H)3
Found H(CHHN)
Found H(CHHN)
aNum 3
tLev 1
Angle value 109
Angle siga 3.37
Number of observations  1672
Approximation level 0
Level finished 
Finally the angle value is 109
It sig value is 3.37
Number of COD angles involved 1672
Target angle value : 109

%=========================================%
Angle between C3(center) and H6 and H5

Center Atom : C3
Its Hashing code  490
Its root atom symbol C
Its codNB2Symb 3:1:1:1:
Its codNBSymb N-3:H-1:H-1:H-1:
Its atom type main sec C(NCH)(H)3
Its atom type full C(NCH)(H)3

Atom2 : H6
Its Hashing code 951
Its root atom symbol H
Its codNB2Symb 4:
Its codNBSymb C-4:
Its atom type main section H(CHHN)
Its atom type full H(CHHN)

Atom3: H5
Its Hashing code  951
Its root atom symbol H
Its codNB2Symb 4:
Its codNBSymb C-4:
Its atom type main section H(CHHN)
Its atom type full H(CHHN)

These 3 atoms are in a ring of size 0
The hybridization on three atoms is 0:SP3_SP-NON_SP-NON
Find ha1 490
Find ha2 951
Find ha3 951
Found 0:SP3_SP-NON_SP-NON
Found C
Found H
Found H
Found 3:1:1:1:
Found 4:
Found 4:
Found N-3:H-1:H-1:H-1:
Found C-4:
Found C-4:
Found C(NCH)(H)3
Found H(CHHN)
Found H(CHHN)
aNum 3
tLev 1
Angle value 109
Angle siga 3.37
Number of observations  1672
Approximation level 0
Level finished 
Finally the angle value is 109
It sig value is 3.37
Number of COD angles involved 1672
Target angle value : 109
Search target angles finished at Sun Jun 14 11:38:23 2026
it takes 0 to search for all target angles 
Finish searching angles 
Check Tors pass 
Torsion angle 0
Its atoms are : 
atom seriN 3
atom O1
atom seriN 2
atom C2
atom seriN 1
atom C1
atom seriN 6
atom H1
Torsion angle 1
Its atoms are : 
atom seriN 3
atom O1
atom seriN 2
atom C2
atom seriN 1
atom C1
atom seriN 0
atom CL1
Torsion angle 2
Its atoms are : 
atom seriN 3
atom O1
atom seriN 2
atom C2
atom seriN 1
atom C1
atom seriN 7
atom H2
Torsion angle 3
Its atoms are : 
atom seriN 4
atom N1
atom seriN 2
atom C2
atom seriN 1
atom C1
atom seriN 6
atom H1
Torsion angle 4
Its atoms are : 
atom seriN 4
atom N1
atom seriN 2
atom C2
atom seriN 1
atom C1
atom seriN 0
atom CL1
Torsion angle 5
Its atoms are : 
atom seriN 4
atom N1
atom seriN 2
atom C2
atom seriN 1
atom C1
atom seriN 7
atom H2
Torsion angle 6
Its atoms are : 
atom seriN 1
atom C1
atom seriN 2
atom C2
atom seriN 4
atom N1
atom seriN 5
atom C3
Torsion angle 7
Its atoms are : 
atom seriN 1
atom C1
atom seriN 2
atom C2
atom seriN 4
atom N1
atom seriN 8
atom H3
Torsion angle 8
Its atoms are : 
atom seriN 3
atom O1
atom seriN 2
atom C2
atom seriN 4
atom N1
atom seriN 5
atom C3
Torsion angle 9
Its atoms are : 
atom seriN 3
atom O1
atom seriN 2
atom C2
atom seriN 4
atom N1
atom seriN 8
atom H3
Torsion angle 10
Its atoms are : 
atom seriN 2
atom C2
atom seriN 4
atom N1
atom seriN 5
atom C3
atom seriN 9
atom H4
Torsion angle 11
Its atoms are : 
atom seriN 2
atom C2
atom seriN 4
atom N1
atom seriN 5
atom C3
atom seriN 10
atom H5
Torsion angle 12
Its atoms are : 
atom seriN 2
atom C2
atom seriN 4
atom N1
atom seriN 5
atom C3
atom seriN 11
atom H6
Torsion angle 13
Its atoms are : 
atom seriN 8
atom H3
atom seriN 4
atom N1
atom seriN 5
atom C3
atom seriN 9
atom H4
Torsion angle 14
Its atoms are : 
atom seriN 8
atom H3
atom seriN 4
atom N1
atom seriN 5
atom C3
atom seriN 10
atom H5
Torsion angle 15
Its atoms are : 
atom seriN 8
atom H3
atom seriN 4
atom N1
atom seriN 5
atom C3
atom seriN 11
atom H6
Get bond of atom C1 and C2
Get bond of atom C1 and C2
Get bond of atom C1 and C2
Get bond of atom C1 and C2
Get bond of atom C1 and C2
Get bond of atom C1 and C2
Get bond of atom C2 and N1
Get bond of atom C2 and N1
Get bond of atom C2 and N1
Get bond of atom C2 and N1
Get bond of atom N1 and C3
Get bond of atom N1 and C3
Get bond of atom N1 and C3
Get bond of atom N1 and C3
Get bond of atom N1 and C3
Get bond of atom N1 and C3
selectOneTorFromOneBond 1_2
input atom1 0
input atom1 1
input atom1 2
input atom1 3
xxxxTorsion seriNumb 1
atom1 3
 atom2 2
atom 3 1
atom 4 0
xxxminiTorsions add CL1, C1, C2, and O1
added 1 
3. Number of torsions is 1
size of miniTorsions 1
Tor 1
 iTor->atoms[0] 3
 iTor->atoms[1] 2 iTor->atoms[2] 1
 iTor->atoms[3] 0
tmpTors 
atom 1 O1 atom 2 C2 atom 3 C1 atom 4 CL1
4. Number of torsions is 1
5. Number of torsions is 16
selectOneTorFromOneBond 2_4
input atom1 1
input atom1 2
input atom1 4
input atom1 5
xxxxTorsion seriNumb 6
atom1 1
 atom2 2
atom 3 4
atom 4 5
xxxminiTorsions add C1, C2, N1, and C3
added 1 
3. Number of torsions is 2
size of miniTorsions 2
Tor 1
 iTor->atoms[0] 3
 iTor->atoms[1] 2 iTor->atoms[2] 1
 iTor->atoms[3] 0
tmpTors 
atom 1 O1 atom 2 C2 atom 3 C1 atom 4 CL1
Tor 2
 iTor->atoms[0] 1
 iTor->atoms[1] 2 iTor->atoms[2] 4
 iTor->atoms[3] 5
tmpTors 
atom 1 C1 atom 2 C2 atom 3 N1 atom 4 C3
4. Number of torsions is 2
5. Number of torsions is 16
selectOneTorFromOneBond 4_5
tors idx 10
xxxxTorsion seriNumb 10
atom1 2
 atom2 4
atom 3 5
atom 4 9
added 3 
3. Number of torsions is 3
size of miniTorsions 3
Tor 1
 iTor->atoms[0] 3
 iTor->atoms[1] 2 iTor->atoms[2] 1
 iTor->atoms[3] 0
tmpTors 
atom 1 O1 atom 2 C2 atom 3 C1 atom 4 CL1
Tor 2
 iTor->atoms[0] 1
 iTor->atoms[1] 2 iTor->atoms[2] 4
 iTor->atoms[3] 5
tmpTors 
atom 1 C1 atom 2 C2 atom 3 N1 atom 4 C3
Tor 3
 iTor->atoms[0] 2
 iTor->atoms[1] 4 iTor->atoms[2] 5
 iTor->atoms[3] 9
tmpTors 
atom 1 C2 atom 2 N1 atom 3 C3 atom 4 H4
4. Number of torsions is 3
5. Number of torsions is 16
Total number of torsions is 16
Number of torsions in the mini-set 3
The torsion selected for the bond of atom C2 and C1
 is 120
The other two atoms are atom O1 and CL1
The torsion selected for the bond of atom C2 and N1
 is 180
The other two atoms are atom C1 and C3
The torsion selected for the bond of atom N1 and C3
 is 0
The other two atoms are atom C2 and H4
CheckHere
atom CL1 has type Cl(CCHH)
atom C1 has type C(CNO)(Cl)(H)2
atom C2 has type C(CClHH)(NCH)(O)
atom O1 has type O(CCN)
atom N1 has type N(CH3)(CCO)(H)
atom C3 has type C(NCH)(H)3
atom H1 has type H(CClCH)
atom H2 has type H(CClCH)
atom H3 has type H(NCC)
atom H4 has type H(CHHN)
atom H5 has type H(CHHN)
atom H6 has type H(CHHN)
Originally the system has 16
Number of torsions from cod section 16
There are 2 planes. They are 
atom CL1 leaving_flag N
atom C1 leaving_flag N
atom C2 leaving_flag N
atom O1 leaving_flag N
atom N1 leaving_flag N
atom C3 leaving_flag N
atom H1 leaving_flag N
atom H2 leaving_flag N
atom H3 leaving_flag N
atom H4 leaving_flag N
atom H5 leaving_flag N
atom H6 leaving_flag N
=========END OF PROCESS INFORMATION ==========
