
============ PROCESS INFORMATION =============
Upper bound for b 0.020000
low bound for b 0.010000
Upper bound for a 3.000000
low bound for a 1.500000
||=====================Job description====================================||
You will get an output cif file for a list of dictionary restraints
based on the input cif file
Your input cif file : EPX_MODEL_TMP/EPX_MODEL_mol_0.cif
Your monomer name : EPX
The output dictionary file(cif) : EPX_MODEL_TMP/EPX_MODEL_mol_0_cod.rst
||========================================================================||
workMode 11
Atom C1 is initially set to sp 3
its bondingIdx 3
Atom C2 is initially set to sp 3
its bondingIdx 3
Atom C3 is initially set to sp 3
its bondingIdx 3
Atom O1 is initially set to sp 3
its bondingIdx 3
Atom H1 is initially set to sp 0
its bondingIdx 0
Atom H2 is initially set to sp 0
its bondingIdx 0
Atom H3 is initially set to sp 0
its bondingIdx 0
Atom H4 is initially set to sp 0
its bondingIdx 0
Atom H5 is initially set to sp 0
its bondingIdx 0
Atom H6 is initially set to sp 0
its bondingIdx 0

Atom 0 : 
Its ID : C1
Its Chemical Type : C
Its CCP4 chemical type C
Its bonding index : 3
Its residue Name: EPX
Its formal charge 0
Its connected atoms are : 
C2
H1
H2
H3
The coords for the atom are : 
-1.2131
0.2435
-0.0407

Atom 1 : 
Its ID : C2
Its Chemical Type : C
Its CCP4 chemical type C
Its bonding index : 3
Its residue Name: EPX
Its formal charge 0
Its connected atoms are : 
C1
C3
O1
H4
The coords for the atom are : 
0.0662
-0.5867
-0.0216

Atom 2 : 
Its ID : C3
Its Chemical Type : C
Its CCP4 chemical type C
Its bonding index : 3
Its residue Name: EPX
Its formal charge 0
Its connected atoms are : 
C2
O1
H5
H6
The coords for the atom are : 
1.3414
0.1609
-0.0821

Atom 3 : 
Its ID : O1
Its Chemical Type : O
Its CCP4 chemical type O
Its bonding index : 3
Its residue Name: EPX
Its formal charge 0
Its connected atoms are : 
C3
C2
The coords for the atom are : 
0.8323
-0.3418
1.1335

Atom 4 : 
Its ID : H1
Its Chemical Type : H
Its CCP4 chemical type H
Its bonding index : 0
Its residue Name: EPX
Its formal charge 0
Its connected atoms are : 
C1
The coords for the atom are : 
-2.0157
-0.3117
0.4876

Atom 5 : 
Its ID : H2
Its Chemical Type : H
Its CCP4 chemical type H
Its bonding index : 0
Its residue Name: EPX
Its formal charge 0
Its connected atoms are : 
C1
The coords for the atom are : 
-1.078
1.2291
0.4558

Atom 6 : 
Its ID : H3
Its Chemical Type : H
Its CCP4 chemical type H
Its bonding index : 0
Its residue Name: EPX
Its formal charge 0
Its connected atoms are : 
C1
The coords for the atom are : 
-1.5256
0.409
-1.0925

Atom 7 : 
Its ID : H4
Its Chemical Type : H
Its CCP4 chemical type H
Its bonding index : 0
Its residue Name: EPX
Its formal charge 0
Its connected atoms are : 
C2
The coords for the atom are : 
0.0696
-1.6573
-0.3154

Atom 8 : 
Its ID : H5
Its Chemical Type : H
Its CCP4 chemical type H
Its bonding index : 0
Its residue Name: EPX
Its formal charge 0
Its connected atoms are : 
C3
The coords for the atom are : 
2.2303
-0.4151
-0.4133

Atom 9 : 
Its ID : H6
Its Chemical Type : H
Its CCP4 chemical type H
Its bonding index : 0
Its residue Name: EPX
Its formal charge 0
Its connected atoms are : 
C3
The coords for the atom are : 
1.2925
1.27
-0.1114
For Bond : 0
It is in Residue: EPX
Its component atom1 C1
Its component atom2 C2
its order : SINGLE
For Bond : 1
It is in Residue: EPX
Its component atom1 C2
Its component atom2 C3
its order : SINGLE
For Bond : 2
It is in Residue: EPX
Its component atom1 C3
Its component atom2 O1
its order : SINGLE
For Bond : 3
It is in Residue: EPX
Its component atom1 O1
Its component atom2 C2
its order : SINGLE
For Bond : 4
It is in Residue: EPX
Its component atom1 C1
Its component atom2 H1
its order : SINGLE
For Bond : 5
It is in Residue: EPX
Its component atom1 C1
Its component atom2 H2
its order : SINGLE
For Bond : 6
It is in Residue: EPX
Its component atom1 C1
Its component atom2 H3
its order : SINGLE
For Bond : 7
It is in Residue: EPX
Its component atom1 C2
Its component atom2 H4
its order : SINGLE
For Bond : 8
It is in Residue: EPX
Its component atom1 C3
Its component atom2 H5
its order : SINGLE
For Bond : 9
It is in Residue: EPX
Its component atom1 C3
Its component atom2 H6
its order : SINGLE
Atom C1 is initially set to sp 3
its bondingIdx 3
Atom C2 is initially set to sp 3
its bondingIdx 3
Atom C3 is initially set to sp 3
its bondingIdx 3
Atom O1 is initially set to sp 3
its bondingIdx 3
Atom H1 is initially set to sp 0
its bondingIdx 0
Atom H2 is initially set to sp 0
its bondingIdx 0
Atom H3 is initially set to sp 0
its bondingIdx 0
Atom H4 is initially set to sp 0
its bondingIdx 0
Atom H5 is initially set to sp 0
its bondingIdx 0
Atom H6 is initially set to sp 0
its bondingIdx 0
There are 1 rings 
These are: 
Ring C2C3O1.
Ring size:  3
Atom C2
Atom C3
Atom O1
All torsions have been setup 
Torsion angle 0
Its atoms are : 
atom C1
atom C2
atom C3
atom O1
Torsion angle 1
Its atoms are : 
atom C1
atom C2
atom C3
atom H5
Torsion angle 2
Its atoms are : 
atom C1
atom C2
atom C3
atom H6
Torsion angle 3
Its atoms are : 
atom O1
atom C2
atom C3
atom H5
Torsion angle 4
Its atoms are : 
atom O1
atom C2
atom C3
atom H6
Torsion angle 5
Its atoms are : 
atom H4
atom C2
atom C3
atom O1
Torsion angle 6
Its atoms are : 
atom H4
atom C2
atom C3
atom H5
Torsion angle 7
Its atoms are : 
atom H4
atom C2
atom C3
atom H6
Torsion angle 8
Its atoms are : 
atom H5
atom C3
atom O1
atom C2
Torsion angle 9
Its atoms are : 
atom H6
atom C3
atom O1
atom C2
Torsion angle 10
Its atoms are : 
atom H1
atom C1
atom C2
atom C3
Torsion angle 11
Its atoms are : 
atom H1
atom C1
atom C2
atom O1
Torsion angle 12
Its atoms are : 
atom H1
atom C1
atom C2
atom H4
Torsion angle 13
Its atoms are : 
atom H2
atom C1
atom C2
atom C3
Torsion angle 14
Its atoms are : 
atom H2
atom C1
atom C2
atom O1
Torsion angle 15
Its atoms are : 
atom H2
atom C1
atom C2
atom H4
Torsion angle 16
Its atoms are : 
atom H3
atom C1
atom C2
atom C3
Torsion angle 17
Its atoms are : 
atom H3
atom C1
atom C2
atom O1
Torsion angle 18
Its atoms are : 
atom H3
atom C1
atom C2
atom H4
Torsion angle 19
Its atoms are : 
atom C1
atom C2
atom O1
atom C3
Torsion angle 20
Its atoms are : 
atom C3
atom C2
atom O1
atom C3
Torsion angle 21
Its atoms are : 
atom H4
atom C2
atom O1
atom C3
lUsingRefCoords=97

1. Check aromaticity for individual ring 
Ring C2C3O1
is Planar 0
Ring with sp3 atom 0
Is it a planar ring 0
Finally, Is the ring aromatic ? 0
Finally, Is the ring aromaticP ? 0
1. Ring C2C3O1
Arom 0
Ring C2C3O1
A: Is planar 0
2. Ring C2C3O1
Arom 0
3. Ring C2C3O1
Arom 0
There are 0 planes. They are 
Confirm : Ring C2C3O1
aromatic 0
Atom C2 add a ring sign 3
Atom C3 add a ring sign 3
Atom O1 add a ring sign 3
Set sp again 
Atom C1 is initially set to sp 3
its bondingIdx 3
Atom C2 is initially set to sp 3
its bondingIdx 3
Atom C3 is initially set to sp 3
its bondingIdx 3
Atom O1 is initially set to sp 3
its bondingIdx 3
Atom H1 is initially set to sp 0
its bondingIdx 0
Atom H2 is initially set to sp 0
its bondingIdx 0
Atom H3 is initially set to sp 0
its bondingIdx 0
Atom H4 is initially set to sp 0
its bondingIdx 0
Atom H5 is initially set to sp 0
its bondingIdx 0
Atom H6 is initially set to sp 0
its bondingIdx 0
atom C1 has sp 3
atom C2 has sp 3
atom C3 has sp 3
atom O1 has sp 3
atom H1 has sp 0
atom H2 has sp 0
atom H3 has sp 0
atom H4 has sp 0
atom H5 has sp 0
atom H6 has sp 0
Atom 0 : 
Its ID C1
Its element type C
Its bondidx 3
Its COD root atom type C
Its acedrg atom type C(C[3]C[3]O[3]H)(H)3
Its acedrg atom main type C(C[3]C[3]O[3]H)(H)3
Its base ring type 
Its ccp4 atom type CH3
Its second NB sp props C[3]-3_3_3_0:H-3:H-3:H-3
Its number of extra-electrons is 0
Its second NB extra-electron sign is C[3]-0_0_0_0:H-0:H-0:H-0
Its hashing is 490
Atom 1 : 
Its ID C2
Its element type C
Its bondidx 3
Its COD root atom type C[3]
Its acedrg atom type C[3](C[3]O[3]HH)(O[3]C[3])(CH3)(H)
Its acedrg atom main type C[3](C[3]O[3]HH)(O[3]C[3])(CH3)(H)
Its base ring type 
Its ccp4 atom type CH1
Its second NB sp props C-3_0_0_0:C[3]-3_3_0_0:H-3:O[3]-3_3
Its number of extra-electrons is 0
Its second NB extra-electron sign is C-0_0_0_0:C[3]-0_0_0_0:H-0:O[3]-0_0
Its hashing is 486
Atom 2 : 
Its ID C3
Its element type C
Its bondidx 3
Its COD root atom type C[3]
Its acedrg atom type C[3](C[3]O[3]CH)(O[3]C[3])(H)2
Its acedrg atom main type C[3](C[3]O[3]CH)(O[3]C[3])(H)2
Its base ring type 
Its ccp4 atom type CH2
Its second NB sp props C[3]-3_3_3_0:H-3:H-3:O[3]-3_3
Its number of extra-electrons is 0
Its second NB extra-electron sign is C[3]-0_0_0_0:H-0:H-0:O[3]-0_0
Its hashing is 486
Atom 3 : 
Its ID O1
Its element type O
Its bondidx 3
Its COD root atom type O[3]
Its acedrg atom type O[3](C[3]C[3]CH)(C[3]C[3]HH)
Its acedrg atom main type O[3](C[3]C[3]CH)(C[3]C[3]HH)
Its base ring type 
Its ccp4 atom type O2
Its second NB sp props C[3]-3_3_0_0:C[3]-3_3_3_0
Its number of extra-electrons is 0
Its second NB extra-electron sign is C[3]-0_0_0_0:C[3]-0_0_0_0
Its hashing is 962
Atom 4 : 
Its ID H1
Its element type H
Its bondidx 0
Its COD root atom type H
Its acedrg atom type H(CC[3]HH)
Its acedrg atom main type H(CC[3]HH)
Its base ring type 
Its ccp4 atom type H
Its second NB sp props C-3_0_0_0
Its number of extra-electrons is 0
Its second NB extra-electron sign is C-0_0_0_0
Its hashing is 951
Atom 5 : 
Its ID H2
Its element type H
Its bondidx 0
Its COD root atom type H
Its acedrg atom type H(CC[3]HH)
Its acedrg atom main type H(CC[3]HH)
Its base ring type 
Its ccp4 atom type H
Its second NB sp props C-3_0_0_0
Its number of extra-electrons is 0
Its second NB extra-electron sign is C-0_0_0_0
Its hashing is 951
Atom 6 : 
Its ID H3
Its element type H
Its bondidx 0
Its COD root atom type H
Its acedrg atom type H(CC[3]HH)
Its acedrg atom main type H(CC[3]HH)
Its base ring type 
Its ccp4 atom type H
Its second NB sp props C-3_0_0_0
Its number of extra-electrons is 0
Its second NB extra-electron sign is C-0_0_0_0
Its hashing is 951
Atom 7 : 
Its ID H4
Its element type H
Its bondidx 0
Its COD root atom type H
Its acedrg atom type H(C[3]C[3]O[3]C)
Its acedrg atom main type H(C[3]C[3]O[3]C)
Its base ring type 
Its ccp4 atom type H
Its second NB sp props C[3]-3_3_3_0
Its number of extra-electrons is 0
Its second NB extra-electron sign is C[3]-0_0_0_0
Its hashing is 951
Atom 8 : 
Its ID H5
Its element type H
Its bondidx 0
Its COD root atom type H
Its acedrg atom type H(C[3]C[3]O[3]H)
Its acedrg atom main type H(C[3]C[3]O[3]H)
Its base ring type 
Its ccp4 atom type H
Its second NB sp props C[3]-3_3_0_0
Its number of extra-electrons is 0
Its second NB extra-electron sign is C[3]-0_0_0_0
Its hashing is 951
Atom 9 : 
Its ID H6
Its element type H
Its bondidx 0
Its COD root atom type H
Its acedrg atom type H(C[3]C[3]O[3]H)
Its acedrg atom main type H(C[3]C[3]O[3]H)
Its base ring type 
Its ccp4 atom type H
Its second NB sp props C[3]-3_3_0_0
Its number of extra-electrons is 0
Its second NB extra-electron sign is C[3]-0_0_0_0
Its hashing is 951
Torsion angles are : 
Formed by C1_C2_C3_O1, value is: 60
Formed by C1_C2_C3_H5, value is: 180
Formed by C1_C2_C3_H6, value is: -60
Formed by O1_C2_C3_H5, value is: 60
Formed by O1_C2_C3_H6, value is: 180
Formed by H4_C2_C3_O1, value is: 180
Formed by H4_C2_C3_H5, value is: -60
Formed by H4_C2_C3_H6, value is: 60
Formed by H5_C3_O1_C2, value is: 180
Formed by H6_C3_O1_C2, value is: 60
Formed by H1_C1_C2_C3, value is: 180
Formed by H1_C1_C2_O1, value is: -60
Formed by H1_C1_C2_H4, value is: 60
Formed by H2_C1_C2_C3, value is: 60
Formed by H2_C1_C2_O1, value is: 180
Formed by H2_C1_C2_H4, value is: -60
Formed by H3_C1_C2_C3, value is: -60
Formed by H3_C1_C2_O1, value is: 60
Formed by H3_C1_C2_H4, value is: 180
Formed by C1_C2_O1_C3, value is: 180
Formed by C3_C2_O1_C3, value is: 60
Formed by H4_C2_O1_C3, value is: -60
Number of atom-type is 484888
Clustering COD org bonds started at Sun Jun 14 11:41:04 2026
Bond file /Applications/ccp4-9/share/acedrg/tables/allOrgBondTables/55.table
Bond file /Applications/ccp4-9/share/acedrg/tables/allOrgBondTables/56.table
Bond file /Applications/ccp4-9/share/acedrg/tables/allOrgBondTables/59.table
Bond file /Applications/ccp4-9/share/acedrg/tables/allOrgBondTables/60.table
Bond file /Applications/ccp4-9/share/acedrg/tables/allOrgBondTables/76.table
Finish clustering COD org bonds 
finished at Sun Jun 14 11:41:04 2026
it takes 0 seconds to finish group COD bonds 
Group COD bonds involving metal elements 
Search for  all target bonds started at Sun Jun 14 11:41:05 2026
Bond between C1 and C2

+++++++++++++++++++++++++++++++++++++++++++++++++++
 search a organic-only bond 
aNumTh = 3
for target bond of atoms C2 and C1
The bond is not within the same ring.
Bond order is SINGLE
ha1 486 ha2 490
the hybr-combination is SP3_SP3
In or not in the same ring N
 a1NB2 4:2:4:1: a2NB2 4:1:1:1:
 a1NB1NB2 C-3_0_0_0:C[3]-3_3_0_0:H-3:O[3]-3_3 a2NB1NB2 C[3]-3_3_3_0:H-3:H-3:H-3
 a1M C[3](C[3]O[3]HH)(O[3]C[3])(CH3)(H) a2M C(C[3]C[3]O[3]H)(H)3
 a1C C[3](C[3]O[3]HH)(O[3]C[3])(CH3)(H) a2C C(C[3]C[3]O[3]H)(H)3
atom 1 CH3  atom 2 CH1
Found all hashing codes 
Found hybr-combination SP3_SP3
Find in-ring prop N
find 4:2:4:1:
find 4:1:1:1:
 find C-3_0_0_0:C[3]-3_3_0_0:H-3:O[3]-3_3
 find C[3]-3_3_3_0:H-3:H-3:H-3
 find C[3](C[3]O[3]HH)(O[3]C[3])(CH3)(H)
 find C(C[3]C[3]O[3]H)(H)3
 find C[3](C[3]O[3]HH)(O[3]C[3])(CH3)(H)
 find C(C[3]C[3]O[3]H)(H)3
Found exact matches of atom cod-classes 
Number of value associate it 4
the table sigma 0.0435
Finally bond sig is 0.0435
The final target bond value is 1.47
Its sig value is 0.0435

+++++++++++++++++++++++++++++++++++++++++++++++++++
Bond between C2 and C3

+++++++++++++++++++++++++++++++++++++++++++++++++++
 search a organic-only bond 
aNumTh = 3
for target bond of atoms C2 and C3
The bond is within the same ring.
ha1 486 ha2 486
the hybr-combination is SP3_SP3
In or not in the same ring Y
 a1NB2 4:2:4:1: a2NB2 4:2:1:1:
 a1NB1NB2 C-3_0_0_0:C[3]-3_3_0_0:H-3:O[3]-3_3 a2NB1NB2 C[3]-3_3_3_0:H-3:H-3:O[3]-3_3
 a1M C[3](C[3]O[3]HH)(O[3]C[3])(CH3)(H) a2M C[3](C[3]O[3]CH)(O[3]C[3])(H)2
 a1C C[3](C[3]O[3]HH)(O[3]C[3])(CH3)(H) a2C C[3](C[3]O[3]CH)(O[3]C[3])(H)2
atom 1 CH1  atom 2 CH2
Found all hashing codes 
Found hybr-combination SP3_SP3
Find in-ring prop Y
find 4:2:4:1:
find 4:2:1:1:
 find C-3_0_0_0:C[3]-3_3_0_0:H-3:O[3]-3_3
 find C[3]-3_3_3_0:H-3:H-3:O[3]-3_3
 find C[3](C[3]O[3]HH)(O[3]C[3])(CH3)(H)
 find C[3](C[3]O[3]CH)(O[3]C[3])(H)2
 find C[3](C[3]O[3]HH)(O[3]C[3])(CH3)(H)
 find C[3](C[3]O[3]CH)(O[3]C[3])(H)2
Found exact matches of atom cod-classes 
Number of value associate it 4
the table sigma 0.0078
Finally bond sig is 0.0078
The final target bond value is 1.49
Its sig value is 0.0078

+++++++++++++++++++++++++++++++++++++++++++++++++++
Bond between C3 and O1

+++++++++++++++++++++++++++++++++++++++++++++++++++
 search a organic-only bond 
aNumTh = 3
for target bond of atoms C3 and O1
The bond is within the same ring.
ha1 486 ha2 962
the hybr-combination is SP3_SP3
In or not in the same ring Y
 a1NB2 4:2:1:1: a2NB2 4:4:
 a1NB1NB2 C[3]-3_3_3_0:H-3:H-3:O[3]-3_3 a2NB1NB2 C[3]-3_3_0_0:C[3]-3_3_3_0
 a1M C[3](C[3]O[3]CH)(O[3]C[3])(H)2 a2M O[3](C[3]C[3]CH)(C[3]C[3]HH)
 a1C C[3](C[3]O[3]CH)(O[3]C[3])(H)2 a2C O[3](C[3]C[3]CH)(C[3]C[3]HH)
atom 1 CH2  atom 2 O2
Found all hashing codes 
Found hybr-combination SP3_SP3
Find in-ring prop Y
find 4:2:1:1:
find 4:4:
 find C[3]-3_3_3_0:H-3:H-3:O[3]-3_3
 find C[3]-3_3_0_0:C[3]-3_3_3_0
 find C[3](C[3]O[3]CH)(O[3]C[3])(H)2
 find O[3](C[3]C[3]CH)(C[3]C[3]HH)
 find C[3](C[3]O[3]CH)(O[3]C[3])(H)2
 find O[3](C[3]C[3]CH)(C[3]C[3]HH)
Found exact matches of atom cod-classes 
Number of value associate it 21
the table sigma 0.0108
Finally bond sig is 0.0108
The final target bond value is 1.43
Its sig value is 0.0108

+++++++++++++++++++++++++++++++++++++++++++++++++++
Bond between O1 and C2

+++++++++++++++++++++++++++++++++++++++++++++++++++
 search a organic-only bond 
aNumTh = 3
for target bond of atoms C2 and O1
The bond is within the same ring.
ha1 486 ha2 962
the hybr-combination is SP3_SP3
In or not in the same ring Y
 a1NB2 4:2:4:1: a2NB2 4:4:
 a1NB1NB2 C-3_0_0_0:C[3]-3_3_0_0:H-3:O[3]-3_3 a2NB1NB2 C[3]-3_3_0_0:C[3]-3_3_3_0
 a1M C[3](C[3]O[3]HH)(O[3]C[3])(CH3)(H) a2M O[3](C[3]C[3]CH)(C[3]C[3]HH)
 a1C C[3](C[3]O[3]HH)(O[3]C[3])(CH3)(H) a2C O[3](C[3]C[3]CH)(C[3]C[3]HH)
atom 1 CH1  atom 2 O2
Found all hashing codes 
Found hybr-combination SP3_SP3
Find in-ring prop Y
find 4:2:4:1:
find 4:4:
 find C-3_0_0_0:C[3]-3_3_0_0:H-3:O[3]-3_3
 find C[3]-3_3_0_0:C[3]-3_3_3_0
 find C[3](C[3]O[3]HH)(O[3]C[3])(CH3)(H)
 find O[3](C[3]C[3]CH)(C[3]C[3]HH)
 find C[3](C[3]O[3]HH)(O[3]C[3])(CH3)(H)
 find O[3](C[3]C[3]CH)(C[3]C[3]HH)
Found exact matches of atom cod-classes 
Number of value associate it 4
the table sigma 0.0106
Finally bond sig is 0.0106
The final target bond value is 1.46
Its sig value is 0.0106

+++++++++++++++++++++++++++++++++++++++++++++++++++
Bond between C1 and H1

+++++++++++++++++++++++++++++++++++++++++++++++++++
 search a organic-only bond 
aNumTh = 3
for target bond of atoms C1 and H1
The bond is not within the same ring.
Bond order is SINGLE
ha1 490 ha2 951
the hybr-combination is SP-NON_SP3
In or not in the same ring N
 a1NB2 4:1:1:1: a2NB2 4:
 a1NB1NB2 C[3]-3_3_3_0:H-3:H-3:H-3 a2NB1NB2 C-3_0_0_0
 a1M C(C[3]C[3]O[3]H)(H)3 a2M H(CC[3]HH)
 a1C C(C[3]C[3]O[3]H)(H)3 a2C H(CC[3]HH)
atom 1 CH3  atom 2 H
Found all hashing codes 
Found hybr-combination SP-NON_SP3
Find in-ring prop N
find 4:1:1:1:
find 4:
 find C[3]-3_3_3_0:H-3:H-3:H-3
 find C-3_0_0_0
 find C(C[3]C[3]O[3]H)(H)3
 find H(CC[3]HH)
 find C(C[3]C[3]O[3]H)(H)3
 find H(CC[3]HH)
Found exact matches of atom cod-classes 
Number of value associate it 51
the table sigma 0.0298
Finally bond sig is 0.0298
The final target bond value is 0.978
Its sig value is 0.0298

+++++++++++++++++++++++++++++++++++++++++++++++++++
Bond between C1 and H2

+++++++++++++++++++++++++++++++++++++++++++++++++++
 search a organic-only bond 
aNumTh = 3
for target bond of atoms C1 and H2
The bond is not within the same ring.
Bond order is SINGLE
ha1 490 ha2 951
the hybr-combination is SP-NON_SP3
In or not in the same ring N
 a1NB2 4:1:1:1: a2NB2 4:
 a1NB1NB2 C[3]-3_3_3_0:H-3:H-3:H-3 a2NB1NB2 C-3_0_0_0
 a1M C(C[3]C[3]O[3]H)(H)3 a2M H(CC[3]HH)
 a1C C(C[3]C[3]O[3]H)(H)3 a2C H(CC[3]HH)
atom 1 CH3  atom 2 H
Found all hashing codes 
Found hybr-combination SP-NON_SP3
Find in-ring prop N
find 4:1:1:1:
find 4:
 find C[3]-3_3_3_0:H-3:H-3:H-3
 find C-3_0_0_0
 find C(C[3]C[3]O[3]H)(H)3
 find H(CC[3]HH)
 find C(C[3]C[3]O[3]H)(H)3
 find H(CC[3]HH)
Found exact matches of atom cod-classes 
Number of value associate it 51
the table sigma 0.0298
Finally bond sig is 0.0298
The final target bond value is 0.978
Its sig value is 0.0298

+++++++++++++++++++++++++++++++++++++++++++++++++++
Bond between C1 and H3

+++++++++++++++++++++++++++++++++++++++++++++++++++
 search a organic-only bond 
aNumTh = 3
for target bond of atoms C1 and H3
The bond is not within the same ring.
Bond order is SINGLE
ha1 490 ha2 951
the hybr-combination is SP-NON_SP3
In or not in the same ring N
 a1NB2 4:1:1:1: a2NB2 4:
 a1NB1NB2 C[3]-3_3_3_0:H-3:H-3:H-3 a2NB1NB2 C-3_0_0_0
 a1M C(C[3]C[3]O[3]H)(H)3 a2M H(CC[3]HH)
 a1C C(C[3]C[3]O[3]H)(H)3 a2C H(CC[3]HH)
atom 1 CH3  atom 2 H
Found all hashing codes 
Found hybr-combination SP-NON_SP3
Find in-ring prop N
find 4:1:1:1:
find 4:
 find C[3]-3_3_3_0:H-3:H-3:H-3
 find C-3_0_0_0
 find C(C[3]C[3]O[3]H)(H)3
 find H(CC[3]HH)
 find C(C[3]C[3]O[3]H)(H)3
 find H(CC[3]HH)
Found exact matches of atom cod-classes 
Number of value associate it 51
the table sigma 0.0298
Finally bond sig is 0.0298
The final target bond value is 0.978
Its sig value is 0.0298

+++++++++++++++++++++++++++++++++++++++++++++++++++
Bond between C2 and H4

+++++++++++++++++++++++++++++++++++++++++++++++++++
 search a organic-only bond 
aNumTh = 3
for target bond of atoms C2 and H4
The bond is not within the same ring.
Bond order is SINGLE
ha1 486 ha2 951
the hybr-combination is SP-NON_SP3
In or not in the same ring N
 a1NB2 4:2:4:1: a2NB2 4:
 a1NB1NB2 C-3_0_0_0:C[3]-3_3_0_0:H-3:O[3]-3_3 a2NB1NB2 C[3]-3_3_3_0
 a1M C[3](C[3]O[3]HH)(O[3]C[3])(CH3)(H) a2M H(C[3]C[3]O[3]C)
 a1C C[3](C[3]O[3]HH)(O[3]C[3])(CH3)(H) a2C H(C[3]C[3]O[3]C)
atom 1 CH1  atom 2 H
Found all hashing codes 
Found hybr-combination SP-NON_SP3
Find in-ring prop N
find 4:2:4:1:
find 4:
 find C-3_0_0_0:C[3]-3_3_0_0:H-3:O[3]-3_3
 find C[3]-3_3_3_0
 find C[3](C[3]O[3]HH)(O[3]C[3])(CH3)(H)
 find H(C[3]C[3]O[3]C)
 find C[3](C[3]O[3]HH)(O[3]C[3])(CH3)(H)
 find H(C[3]C[3]O[3]C)
Found exact matches of atom cod-classes 
Number of value associate it 4
the table sigma 0.0031
Finally bond sig is 0.0031
The final target bond value is 0.999
Its sig value is 0.0031

+++++++++++++++++++++++++++++++++++++++++++++++++++
Bond between C3 and H5

+++++++++++++++++++++++++++++++++++++++++++++++++++
 search a organic-only bond 
aNumTh = 3
for target bond of atoms C3 and H5
The bond is not within the same ring.
Bond order is SINGLE
ha1 486 ha2 951
the hybr-combination is SP-NON_SP3
In or not in the same ring N
 a1NB2 4:2:1:1: a2NB2 4:
 a1NB1NB2 C[3]-3_3_3_0:H-3:H-3:O[3]-3_3 a2NB1NB2 C[3]-3_3_0_0
 a1M C[3](C[3]O[3]CH)(O[3]C[3])(H)2 a2M H(C[3]C[3]O[3]H)
 a1C C[3](C[3]O[3]CH)(O[3]C[3])(H)2 a2C H(C[3]C[3]O[3]H)
atom 1 CH2  atom 2 H
Found all hashing codes 
Found hybr-combination SP-NON_SP3
Find in-ring prop N
find 4:2:1:1:
find 4:
 find C[3]-3_3_3_0:H-3:H-3:O[3]-3_3
 find C[3]-3_3_0_0
 find C[3](C[3]O[3]CH)(O[3]C[3])(H)2
 find H(C[3]C[3]O[3]H)
 find C[3](C[3]O[3]CH)(O[3]C[3])(H)2
 find H(C[3]C[3]O[3]H)
Found exact matches of atom cod-classes 
Number of value associate it 42
the table sigma 0.0143
Finally bond sig is 0.0143
The final target bond value is 0.976
Its sig value is 0.0143

+++++++++++++++++++++++++++++++++++++++++++++++++++
Bond between C3 and H6

+++++++++++++++++++++++++++++++++++++++++++++++++++
 search a organic-only bond 
aNumTh = 3
for target bond of atoms C3 and H6
The bond is not within the same ring.
Bond order is SINGLE
ha1 486 ha2 951
the hybr-combination is SP-NON_SP3
In or not in the same ring N
 a1NB2 4:2:1:1: a2NB2 4:
 a1NB1NB2 C[3]-3_3_3_0:H-3:H-3:O[3]-3_3 a2NB1NB2 C[3]-3_3_0_0
 a1M C[3](C[3]O[3]CH)(O[3]C[3])(H)2 a2M H(C[3]C[3]O[3]H)
 a1C C[3](C[3]O[3]CH)(O[3]C[3])(H)2 a2C H(C[3]C[3]O[3]H)
atom 1 CH2  atom 2 H
Found all hashing codes 
Found hybr-combination SP-NON_SP3
Find in-ring prop N
find 4:2:1:1:
find 4:
 find C[3]-3_3_3_0:H-3:H-3:O[3]-3_3
 find C[3]-3_3_0_0
 find C[3](C[3]O[3]CH)(O[3]C[3])(H)2
 find H(C[3]C[3]O[3]H)
 find C[3](C[3]O[3]CH)(O[3]C[3])(H)2
 find H(C[3]C[3]O[3]H)
Found exact matches of atom cod-classes 
Number of value associate it 42
the table sigma 0.0143
Finally bond sig is 0.0143
The final target bond value is 0.976
Its sig value is 0.0143

+++++++++++++++++++++++++++++++++++++++++++++++++++
Number of Bonds to be found 10
Number of Bonds found 10
Search for all target bonds finished at Sun Jun 14 11:41:05 2026
it takes 0 seconds to do that 
Finish setDefaultCoordGeos() 
Clustering all COD angles started at Sun Jun 14 11:41:05 2026
Clustering COD org angles finished at Sun Jun 14 11:41:05 2026
it takes 0 seconds to finish group COD angles 
Finish groupCodOrgAngles() 
Finish groupCodMetAngles() 
Finish groupCodAnglesWithNonCenteredMetal() 
1. Search for target angles started at Sun Jun 14 11:41:05 2026

%=========================================%
Angle between C1(center) and C2 and H1

Center Atom : C1
Its Hashing code  490
Its root atom symbol C
Its codNB2Symb 4:1:1:1:
Its codNBSymb C[3]-4:H-1:H-1:H-1:
Its atom type main sec C(C[3]C[3]O[3]H)(H)3
Its atom type full C(C[3]C[3]O[3]H)(H)3

Atom2 : C2
Its Hashing code 486
Its root atom symbol C[3]
Its codNB2Symb 4:2:4:1:
Its codNBSymb C[3]-4:O[3]-2:C-4:H-1:
Its atom type main section C[3](C[3]O[3]HH)(O[3]C[3])(CH3)(H)
Its atom type full C[3](C[3]O[3]HH)(O[3]C[3])(CH3)(H)

Atom3: H1
Its Hashing code  951
Its root atom symbol H
Its codNB2Symb 4:
Its codNBSymb C-4:
Its atom type main section H(CC[3]HH)
Its atom type full H(CC[3]HH)

These 3 atoms are in a ring of size 0
The hybridization on three atoms is 0:SP3_SP-NON_SP3
Find ha1 490
Find ha2 486
Find ha3 951
Found 0:SP3_SP-NON_SP3
Found C
Found C[3]
Found H
Found 4:1:1:1:
Found 4:2:4:1:
Found 4:
Found C[3]-4:H-1:H-1:H-1:
Found C[3]-4:O[3]-2:C-4:H-1:
Found C-4:
Found C(C[3]C[3]O[3]H)(H)3
Found C[3](C[3]O[3]HH)(O[3]C[3])(CH3)(H)
Found H(CC[3]HH)
aNum 3
tLev 1
Angle value 109
Angle siga 0.195
Number of observations  12
Approximation level 0
Level finished 
Finally the angle value is 109
It sig value is 0.195
Number of COD angles involved 12
Target angle value : 109

%=========================================%
Angle between C1(center) and C2 and H2

Center Atom : C1
Its Hashing code  490
Its root atom symbol C
Its codNB2Symb 4:1:1:1:
Its codNBSymb C[3]-4:H-1:H-1:H-1:
Its atom type main sec C(C[3]C[3]O[3]H)(H)3
Its atom type full C(C[3]C[3]O[3]H)(H)3

Atom2 : C2
Its Hashing code 486
Its root atom symbol C[3]
Its codNB2Symb 4:2:4:1:
Its codNBSymb C[3]-4:O[3]-2:C-4:H-1:
Its atom type main section C[3](C[3]O[3]HH)(O[3]C[3])(CH3)(H)
Its atom type full C[3](C[3]O[3]HH)(O[3]C[3])(CH3)(H)

Atom3: H2
Its Hashing code  951
Its root atom symbol H
Its codNB2Symb 4:
Its codNBSymb C-4:
Its atom type main section H(CC[3]HH)
Its atom type full H(CC[3]HH)

These 3 atoms are in a ring of size 0
The hybridization on three atoms is 0:SP3_SP-NON_SP3
Find ha1 490
Find ha2 486
Find ha3 951
Found 0:SP3_SP-NON_SP3
Found C
Found C[3]
Found H
Found 4:1:1:1:
Found 4:2:4:1:
Found 4:
Found C[3]-4:H-1:H-1:H-1:
Found C[3]-4:O[3]-2:C-4:H-1:
Found C-4:
Found C(C[3]C[3]O[3]H)(H)3
Found C[3](C[3]O[3]HH)(O[3]C[3])(CH3)(H)
Found H(CC[3]HH)
aNum 3
tLev 1
Angle value 109
Angle siga 0.195
Number of observations  12
Approximation level 0
Level finished 
Finally the angle value is 109
It sig value is 0.195
Number of COD angles involved 12
Target angle value : 109

%=========================================%
Angle between C1(center) and C2 and H3

Center Atom : C1
Its Hashing code  490
Its root atom symbol C
Its codNB2Symb 4:1:1:1:
Its codNBSymb C[3]-4:H-1:H-1:H-1:
Its atom type main sec C(C[3]C[3]O[3]H)(H)3
Its atom type full C(C[3]C[3]O[3]H)(H)3

Atom2 : C2
Its Hashing code 486
Its root atom symbol C[3]
Its codNB2Symb 4:2:4:1:
Its codNBSymb C[3]-4:O[3]-2:C-4:H-1:
Its atom type main section C[3](C[3]O[3]HH)(O[3]C[3])(CH3)(H)
Its atom type full C[3](C[3]O[3]HH)(O[3]C[3])(CH3)(H)

Atom3: H3
Its Hashing code  951
Its root atom symbol H
Its codNB2Symb 4:
Its codNBSymb C-4:
Its atom type main section H(CC[3]HH)
Its atom type full H(CC[3]HH)

These 3 atoms are in a ring of size 0
The hybridization on three atoms is 0:SP3_SP-NON_SP3
Find ha1 490
Find ha2 486
Find ha3 951
Found 0:SP3_SP-NON_SP3
Found C
Found C[3]
Found H
Found 4:1:1:1:
Found 4:2:4:1:
Found 4:
Found C[3]-4:H-1:H-1:H-1:
Found C[3]-4:O[3]-2:C-4:H-1:
Found C-4:
Found C(C[3]C[3]O[3]H)(H)3
Found C[3](C[3]O[3]HH)(O[3]C[3])(CH3)(H)
Found H(CC[3]HH)
aNum 3
tLev 1
Angle value 109
Angle siga 0.195
Number of observations  12
Approximation level 0
Level finished 
Finally the angle value is 109
It sig value is 0.195
Number of COD angles involved 12
Target angle value : 109

%=========================================%
Angle between C1(center) and H2 and H1

Center Atom : C1
Its Hashing code  490
Its root atom symbol C
Its codNB2Symb 4:1:1:1:
Its codNBSymb C[3]-4:H-1:H-1:H-1:
Its atom type main sec C(C[3]C[3]O[3]H)(H)3
Its atom type full C(C[3]C[3]O[3]H)(H)3

Atom2 : H2
Its Hashing code 951
Its root atom symbol H
Its codNB2Symb 4:
Its codNBSymb C-4:
Its atom type main section H(CC[3]HH)
Its atom type full H(CC[3]HH)

Atom3: H1
Its Hashing code  951
Its root atom symbol H
Its codNB2Symb 4:
Its codNBSymb C-4:
Its atom type main section H(CC[3]HH)
Its atom type full H(CC[3]HH)

These 3 atoms are in a ring of size 0
The hybridization on three atoms is 0:SP3_SP-NON_SP-NON
Find ha1 490
Find ha2 951
Find ha3 951
Found 0:SP3_SP-NON_SP-NON
Found C
Found H
Found H
Found 4:1:1:1:
Found 4:
Found 4:
Found C[3]-4:H-1:H-1:H-1:
Found C-4:
Found C-4:
Found C(C[3]C[3]O[3]H)(H)3
Found H(CC[3]HH)
Found H(CC[3]HH)
aNum 3
tLev 1
Angle value 109
Angle siga 0.263
Number of observations  43
Approximation level 0
Level finished 
Finally the angle value is 109
It sig value is 0.263
Number of COD angles involved 43
Target angle value : 109

%=========================================%
Angle between C1(center) and H3 and H1

Center Atom : C1
Its Hashing code  490
Its root atom symbol C
Its codNB2Symb 4:1:1:1:
Its codNBSymb C[3]-4:H-1:H-1:H-1:
Its atom type main sec C(C[3]C[3]O[3]H)(H)3
Its atom type full C(C[3]C[3]O[3]H)(H)3

Atom2 : H3
Its Hashing code 951
Its root atom symbol H
Its codNB2Symb 4:
Its codNBSymb C-4:
Its atom type main section H(CC[3]HH)
Its atom type full H(CC[3]HH)

Atom3: H1
Its Hashing code  951
Its root atom symbol H
Its codNB2Symb 4:
Its codNBSymb C-4:
Its atom type main section H(CC[3]HH)
Its atom type full H(CC[3]HH)

These 3 atoms are in a ring of size 0
The hybridization on three atoms is 0:SP3_SP-NON_SP-NON
Find ha1 490
Find ha2 951
Find ha3 951
Found 0:SP3_SP-NON_SP-NON
Found C
Found H
Found H
Found 4:1:1:1:
Found 4:
Found 4:
Found C[3]-4:H-1:H-1:H-1:
Found C-4:
Found C-4:
Found C(C[3]C[3]O[3]H)(H)3
Found H(CC[3]HH)
Found H(CC[3]HH)
aNum 3
tLev 1
Angle value 109
Angle siga 0.263
Number of observations  43
Approximation level 0
Level finished 
Finally the angle value is 109
It sig value is 0.263
Number of COD angles involved 43
Target angle value : 109

%=========================================%
Angle between C1(center) and H3 and H2

Center Atom : C1
Its Hashing code  490
Its root atom symbol C
Its codNB2Symb 4:1:1:1:
Its codNBSymb C[3]-4:H-1:H-1:H-1:
Its atom type main sec C(C[3]C[3]O[3]H)(H)3
Its atom type full C(C[3]C[3]O[3]H)(H)3

Atom2 : H3
Its Hashing code 951
Its root atom symbol H
Its codNB2Symb 4:
Its codNBSymb C-4:
Its atom type main section H(CC[3]HH)
Its atom type full H(CC[3]HH)

Atom3: H2
Its Hashing code  951
Its root atom symbol H
Its codNB2Symb 4:
Its codNBSymb C-4:
Its atom type main section H(CC[3]HH)
Its atom type full H(CC[3]HH)

These 3 atoms are in a ring of size 0
The hybridization on three atoms is 0:SP3_SP-NON_SP-NON
Find ha1 490
Find ha2 951
Find ha3 951
Found 0:SP3_SP-NON_SP-NON
Found C
Found H
Found H
Found 4:1:1:1:
Found 4:
Found 4:
Found C[3]-4:H-1:H-1:H-1:
Found C-4:
Found C-4:
Found C(C[3]C[3]O[3]H)(H)3
Found H(CC[3]HH)
Found H(CC[3]HH)
aNum 3
tLev 1
Angle value 109
Angle siga 0.263
Number of observations  43
Approximation level 0
Level finished 
Finally the angle value is 109
It sig value is 0.263
Number of COD angles involved 43
Target angle value : 109

%=========================================%
Angle between C2(center) and C3 and C1

Center Atom : C2
Its Hashing code  486
Its root atom symbol C[3]
Its codNB2Symb 4:2:4:1:
Its codNBSymb C[3]-4:O[3]-2:C-4:H-1:
Its atom type main sec C[3](C[3]O[3]HH)(O[3]C[3])(CH3)(H)
Its atom type full C[3](C[3]O[3]HH)(O[3]C[3])(CH3)(H)

Atom2 : C3
Its Hashing code 486
Its root atom symbol C[3]
Its codNB2Symb 4:2:1:1:
Its codNBSymb C[3]-4:O[3]-2:H-1:H-1:
Its atom type main section C[3](C[3]O[3]CH)(O[3]C[3])(H)2
Its atom type full C[3](C[3]O[3]CH)(O[3]C[3])(H)2

Atom3: C1
Its Hashing code  490
Its root atom symbol C
Its codNB2Symb 4:1:1:1:
Its codNBSymb C[3]-4:H-1:H-1:H-1:
Its atom type main section C(C[3]C[3]O[3]H)(H)3
Its atom type full C(C[3]C[3]O[3]H)(H)3

These 3 atoms are in a ring of size 0
The hybridization on three atoms is 0:SP3_SP3_SP3
Find ha1 486
Find ha2 486
Find ha3 490
Found 0:SP3_SP3_SP3
Found C[3]
Found C[3]
Found C
Found 4:2:4:1:
Found 4:2:1:1:
Found 4:1:1:1:
Found C[3]-4:O[3]-2:C-4:H-1:
Found C[3]-4:O[3]-2:H-1:H-1:
Found C[3]-4:H-1:H-1:H-1:
Found C[3](C[3]O[3]HH)(O[3]C[3])(CH3)(H)
Found C[3](C[3]O[3]CH)(O[3]C[3])(H)2
Found C(C[3]C[3]O[3]H)(H)3
aNum 3
tLev 1
Angle value 126
Angle siga 213
Number of observations  4
Approximation level 0
Level finished 
Finally the angle value is 126
It sig value is 213
Number of COD angles involved 4
Target angle value : 126

%=========================================%
Angle between C2(center) and C1 and O1

Center Atom : C2
Its Hashing code  486
Its root atom symbol C[3]
Its codNB2Symb 4:2:4:1:
Its codNBSymb C[3]-4:O[3]-2:C-4:H-1:
Its atom type main sec C[3](C[3]O[3]HH)(O[3]C[3])(CH3)(H)
Its atom type full C[3](C[3]O[3]HH)(O[3]C[3])(CH3)(H)

Atom2 : C1
Its Hashing code 490
Its root atom symbol C
Its codNB2Symb 4:1:1:1:
Its codNBSymb C[3]-4:H-1:H-1:H-1:
Its atom type main section C(C[3]C[3]O[3]H)(H)3
Its atom type full C(C[3]C[3]O[3]H)(H)3

Atom3: O1
Its Hashing code  962
Its root atom symbol O[3]
Its codNB2Symb 4:4:
Its codNBSymb C[3]-4:C[3]-4:
Its atom type main section O[3](C[3]C[3]CH)(C[3]C[3]HH)
Its atom type full O[3](C[3]C[3]CH)(C[3]C[3]HH)

These 3 atoms are in a ring of size 0
The hybridization on three atoms is 0:SP3_SP3_SP3
Find ha1 486
Find ha2 490
Find ha3 962
Found 0:SP3_SP3_SP3
Found C[3]
Found C
Found O[3]
Found 4:2:4:1:
Found 4:1:1:1:
Found 4:4:
Found C[3]-4:O[3]-2:C-4:H-1:
Found C[3]-4:H-1:H-1:H-1:
Found C[3]-4:C[3]-4:
Found C[3](C[3]O[3]HH)(O[3]C[3])(CH3)(H)
Found C(C[3]C[3]O[3]H)(H)3
Found O[3](C[3]C[3]CH)(C[3]C[3]HH)
aNum 3
tLev 1
Angle value 119
Angle siga 59.6
Number of observations  4
Approximation level 0
Level finished 
Finally the angle value is 119
It sig value is 59.6
Number of COD angles involved 4
Target angle value : 119

%=========================================%
Angle between C2(center) and C1 and H4

Center Atom : C2
Its Hashing code  486
Its root atom symbol C[3]
Its codNB2Symb 4:2:4:1:
Its codNBSymb C[3]-4:O[3]-2:C-4:H-1:
Its atom type main sec C[3](C[3]O[3]HH)(O[3]C[3])(CH3)(H)
Its atom type full C[3](C[3]O[3]HH)(O[3]C[3])(CH3)(H)

Atom2 : C1
Its Hashing code 490
Its root atom symbol C
Its codNB2Symb 4:1:1:1:
Its codNBSymb C[3]-4:H-1:H-1:H-1:
Its atom type main section C(C[3]C[3]O[3]H)(H)3
Its atom type full C(C[3]C[3]O[3]H)(H)3

Atom3: H4
Its Hashing code  951
Its root atom symbol H
Its codNB2Symb 4:
Its codNBSymb C[3]-4:
Its atom type main section H(C[3]C[3]O[3]C)
Its atom type full H(C[3]C[3]O[3]C)

These 3 atoms are in a ring of size 0
The hybridization on three atoms is 0:SP3_SP-NON_SP3
Find ha1 486
Find ha2 490
Find ha3 951
Found 0:SP3_SP-NON_SP3
Found C[3]
Found C
Found H
Found 4:2:4:1:
Found 4:1:1:1:
Found 4:
Found C[3]-4:O[3]-2:C-4:H-1:
Found C[3]-4:H-1:H-1:H-1:
Found C[3]-4:
Found C[3](C[3]O[3]HH)(O[3]C[3])(CH3)(H)
Found C(C[3]C[3]O[3]H)(H)3
Found H(C[3]C[3]O[3]C)
aNum 3
tLev 1
Angle value 113
Angle siga 33.1
Number of observations  4
Approximation level 0
Level finished 
Finally the angle value is 113
It sig value is 33.1
Number of COD angles involved 4
Target angle value : 113

%=========================================%
Angle between C2(center) and C3 and O1

Center Atom : C2
Its Hashing code  486
Its root atom symbol C[3]
Its codNB2Symb 4:2:4:1:
Its codNBSymb C[3]-4:O[3]-2:C-4:H-1:
Its atom type main sec C[3](C[3]O[3]HH)(O[3]C[3])(CH3)(H)
Its atom type full C[3](C[3]O[3]HH)(O[3]C[3])(CH3)(H)

Atom2 : C3
Its Hashing code 486
Its root atom symbol C[3]
Its codNB2Symb 4:2:1:1:
Its codNBSymb C[3]-4:O[3]-2:H-1:H-1:
Its atom type main section C[3](C[3]O[3]CH)(O[3]C[3])(H)2
Its atom type full C[3](C[3]O[3]CH)(O[3]C[3])(H)2

Atom3: O1
Its Hashing code  962
Its root atom symbol O[3]
Its codNB2Symb 4:4:
Its codNBSymb C[3]-4:C[3]-4:
Its atom type main section O[3](C[3]C[3]CH)(C[3]C[3]HH)
Its atom type full O[3](C[3]C[3]CH)(C[3]C[3]HH)

These 3 atoms are in a ring of size 3
The hybridization on three atoms is 3:SP3_SP3_SP3
Find ha1 486
Find ha2 486
Find ha3 962
Found 3:SP3_SP3_SP3
Found C[3]
Found C[3]
Found O[3]
Found 4:2:4:1:
Found 4:2:1:1:
Found 4:4:
Found C[3]-4:O[3]-2:C-4:H-1:
Found C[3]-4:O[3]-2:H-1:H-1:
Found C[3]-4:C[3]-4:
Found C[3](C[3]O[3]HH)(O[3]C[3])(CH3)(H)
Found C[3](C[3]O[3]CH)(O[3]C[3])(H)2
Found O[3](C[3]C[3]CH)(C[3]C[3]HH)
aNum 3
tLev 1
Angle value 57.7
Angle siga 0.011
Number of observations  4
Approximation level 0
Level finished 
Finally the angle value is 57.7
It sig value is 0.011
Number of COD angles involved 4
Target angle value : 57.7

%=========================================%
Angle between C2(center) and C3 and H4

Center Atom : C2
Its Hashing code  486
Its root atom symbol C[3]
Its codNB2Symb 4:2:4:1:
Its codNBSymb C[3]-4:O[3]-2:C-4:H-1:
Its atom type main sec C[3](C[3]O[3]HH)(O[3]C[3])(CH3)(H)
Its atom type full C[3](C[3]O[3]HH)(O[3]C[3])(CH3)(H)

Atom2 : C3
Its Hashing code 486
Its root atom symbol C[3]
Its codNB2Symb 4:2:1:1:
Its codNBSymb C[3]-4:O[3]-2:H-1:H-1:
Its atom type main section C[3](C[3]O[3]CH)(O[3]C[3])(H)2
Its atom type full C[3](C[3]O[3]CH)(O[3]C[3])(H)2

Atom3: H4
Its Hashing code  951
Its root atom symbol H
Its codNB2Symb 4:
Its codNBSymb C[3]-4:
Its atom type main section H(C[3]C[3]O[3]C)
Its atom type full H(C[3]C[3]O[3]C)

These 3 atoms are in a ring of size 0
The hybridization on three atoms is 0:SP3_SP-NON_SP3
Find ha1 486
Find ha2 486
Find ha3 951
Found 0:SP3_SP-NON_SP3
Found C[3]
Found C[3]
Found H
Found 4:2:4:1:
Found 4:2:1:1:
Found 4:
Found C[3]-4:O[3]-2:C-4:H-1:
Found C[3]-4:O[3]-2:H-1:H-1:
Found C[3]-4:
Found C[3](C[3]O[3]HH)(O[3]C[3])(CH3)(H)
Found C[3](C[3]O[3]CH)(O[3]C[3])(H)2
Found H(C[3]C[3]O[3]C)
aNum 3
tLev 1
Angle value 114
Angle siga 35.1
Number of observations  4
Approximation level 0
Level finished 
Finally the angle value is 114
It sig value is 35.1
Number of COD angles involved 4
Target angle value : 114

%=========================================%
Angle between C2(center) and H4 and O1

Center Atom : C2
Its Hashing code  486
Its root atom symbol C[3]
Its codNB2Symb 4:2:4:1:
Its codNBSymb C[3]-4:O[3]-2:C-4:H-1:
Its atom type main sec C[3](C[3]O[3]HH)(O[3]C[3])(CH3)(H)
Its atom type full C[3](C[3]O[3]HH)(O[3]C[3])(CH3)(H)

Atom2 : H4
Its Hashing code 951
Its root atom symbol H
Its codNB2Symb 4:
Its codNBSymb C[3]-4:
Its atom type main section H(C[3]C[3]O[3]C)
Its atom type full H(C[3]C[3]O[3]C)

Atom3: O1
Its Hashing code  962
Its root atom symbol O[3]
Its codNB2Symb 4:4:
Its codNBSymb C[3]-4:C[3]-4:
Its atom type main section O[3](C[3]C[3]CH)(C[3]C[3]HH)
Its atom type full O[3](C[3]C[3]CH)(C[3]C[3]HH)

These 3 atoms are in a ring of size 0
The hybridization on three atoms is 0:SP3_SP-NON_SP3
Find ha1 486
Find ha2 951
Find ha3 962
Found 0:SP3_SP-NON_SP3
Found C[3]
Found H
Found O[3]
Found 4:2:4:1:
Found 4:
Found 4:4:
Found C[3]-4:O[3]-2:C-4:H-1:
Found C[3]-4:
Found C[3]-4:C[3]-4:
Found C[3](C[3]O[3]HH)(O[3]C[3])(CH3)(H)
Found H(C[3]C[3]O[3]C)
Found O[3](C[3]C[3]CH)(C[3]C[3]HH)
aNum 3
tLev 1
Angle value 114
Angle siga 35
Number of observations  4
Approximation level 0
Level finished 
Finally the angle value is 114
It sig value is 35
Number of COD angles involved 4
Target angle value : 114

%=========================================%
Angle between C3(center) and C2 and O1

Center Atom : C3
Its Hashing code  486
Its root atom symbol C[3]
Its codNB2Symb 4:2:1:1:
Its codNBSymb C[3]-4:O[3]-2:H-1:H-1:
Its atom type main sec C[3](C[3]O[3]CH)(O[3]C[3])(H)2
Its atom type full C[3](C[3]O[3]CH)(O[3]C[3])(H)2

Atom2 : C2
Its Hashing code 486
Its root atom symbol C[3]
Its codNB2Symb 4:2:4:1:
Its codNBSymb C[3]-4:O[3]-2:C-4:H-1:
Its atom type main section C[3](C[3]O[3]HH)(O[3]C[3])(CH3)(H)
Its atom type full C[3](C[3]O[3]HH)(O[3]C[3])(CH3)(H)

Atom3: O1
Its Hashing code  962
Its root atom symbol O[3]
Its codNB2Symb 4:4:
Its codNBSymb C[3]-4:C[3]-4:
Its atom type main section O[3](C[3]C[3]CH)(C[3]C[3]HH)
Its atom type full O[3](C[3]C[3]CH)(C[3]C[3]HH)

These 3 atoms are in a ring of size 3
The hybridization on three atoms is 3:SP3_SP3_SP3
Find ha1 486
Find ha2 486
Find ha3 962
Found 3:SP3_SP3_SP3
Found C[3]
Found C[3]
Found O[3]
Found 4:2:1:1:
Found 4:2:4:1:
Found 4:4:
Found C[3]-4:O[3]-2:H-1:H-1:
Found C[3]-4:O[3]-2:C-4:H-1:
Found C[3]-4:C[3]-4:
Found C[3](C[3]O[3]CH)(O[3]C[3])(H)2
Found C[3](C[3]O[3]HH)(O[3]C[3])(CH3)(H)
Found O[3](C[3]C[3]CH)(C[3]C[3]HH)
aNum 3
tLev 1
Angle value 60.2
Angle siga 0.416
Number of observations  4
Approximation level 0
Level finished 
Finally the angle value is 60.2
It sig value is 0.416
Number of COD angles involved 4
Target angle value : 60.2

%=========================================%
Angle between C3(center) and C2 and H5

Center Atom : C3
Its Hashing code  486
Its root atom symbol C[3]
Its codNB2Symb 4:2:1:1:
Its codNBSymb C[3]-4:O[3]-2:H-1:H-1:
Its atom type main sec C[3](C[3]O[3]CH)(O[3]C[3])(H)2
Its atom type full C[3](C[3]O[3]CH)(O[3]C[3])(H)2

Atom2 : C2
Its Hashing code 486
Its root atom symbol C[3]
Its codNB2Symb 4:2:4:1:
Its codNBSymb C[3]-4:O[3]-2:C-4:H-1:
Its atom type main section C[3](C[3]O[3]HH)(O[3]C[3])(CH3)(H)
Its atom type full C[3](C[3]O[3]HH)(O[3]C[3])(CH3)(H)

Atom3: H5
Its Hashing code  951
Its root atom symbol H
Its codNB2Symb 4:
Its codNBSymb C[3]-4:
Its atom type main section H(C[3]C[3]O[3]H)
Its atom type full H(C[3]C[3]O[3]H)

These 3 atoms are in a ring of size 0
The hybridization on three atoms is 0:SP3_SP-NON_SP3
Find ha1 486
Find ha2 486
Find ha3 951
Found 0:SP3_SP-NON_SP3
Found C[3]
Found C[3]
Found H
Found 4:2:1:1:
Found 4:2:4:1:
Found 4:
Found C[3]-4:O[3]-2:H-1:H-1:
Found C[3]-4:O[3]-2:C-4:H-1:
Found C[3]-4:
Found C[3](C[3]O[3]CH)(O[3]C[3])(H)2
Found C[3](C[3]O[3]HH)(O[3]C[3])(CH3)(H)
Found H(C[3]C[3]O[3]H)
aNum 3
tLev 1
Angle value 118
Angle siga 0.136
Number of observations  7
Approximation level 0
Level finished 
Finally the angle value is 118
It sig value is 0.136
Number of COD angles involved 7
Target angle value : 118

%=========================================%
Angle between C3(center) and C2 and H6

Center Atom : C3
Its Hashing code  486
Its root atom symbol C[3]
Its codNB2Symb 4:2:1:1:
Its codNBSymb C[3]-4:O[3]-2:H-1:H-1:
Its atom type main sec C[3](C[3]O[3]CH)(O[3]C[3])(H)2
Its atom type full C[3](C[3]O[3]CH)(O[3]C[3])(H)2

Atom2 : C2
Its Hashing code 486
Its root atom symbol C[3]
Its codNB2Symb 4:2:4:1:
Its codNBSymb C[3]-4:O[3]-2:C-4:H-1:
Its atom type main section C[3](C[3]O[3]HH)(O[3]C[3])(CH3)(H)
Its atom type full C[3](C[3]O[3]HH)(O[3]C[3])(CH3)(H)

Atom3: H6
Its Hashing code  951
Its root atom symbol H
Its codNB2Symb 4:
Its codNBSymb C[3]-4:
Its atom type main section H(C[3]C[3]O[3]H)
Its atom type full H(C[3]C[3]O[3]H)

These 3 atoms are in a ring of size 0
The hybridization on three atoms is 0:SP3_SP-NON_SP3
Find ha1 486
Find ha2 486
Find ha3 951
Found 0:SP3_SP-NON_SP3
Found C[3]
Found C[3]
Found H
Found 4:2:1:1:
Found 4:2:4:1:
Found 4:
Found C[3]-4:O[3]-2:H-1:H-1:
Found C[3]-4:O[3]-2:C-4:H-1:
Found C[3]-4:
Found C[3](C[3]O[3]CH)(O[3]C[3])(H)2
Found C[3](C[3]O[3]HH)(O[3]C[3])(CH3)(H)
Found H(C[3]C[3]O[3]H)
aNum 3
tLev 1
Angle value 118
Angle siga 0.136
Number of observations  7
Approximation level 0
Level finished 
Finally the angle value is 118
It sig value is 0.136
Number of COD angles involved 7
Target angle value : 118

%=========================================%
Angle between C3(center) and H5 and O1

Center Atom : C3
Its Hashing code  486
Its root atom symbol C[3]
Its codNB2Symb 4:2:1:1:
Its codNBSymb C[3]-4:O[3]-2:H-1:H-1:
Its atom type main sec C[3](C[3]O[3]CH)(O[3]C[3])(H)2
Its atom type full C[3](C[3]O[3]CH)(O[3]C[3])(H)2

Atom2 : H5
Its Hashing code 951
Its root atom symbol H
Its codNB2Symb 4:
Its codNBSymb C[3]-4:
Its atom type main section H(C[3]C[3]O[3]H)
Its atom type full H(C[3]C[3]O[3]H)

Atom3: O1
Its Hashing code  962
Its root atom symbol O[3]
Its codNB2Symb 4:4:
Its codNBSymb C[3]-4:C[3]-4:
Its atom type main section O[3](C[3]C[3]CH)(C[3]C[3]HH)
Its atom type full O[3](C[3]C[3]CH)(C[3]C[3]HH)

These 3 atoms are in a ring of size 0
The hybridization on three atoms is 0:SP3_SP-NON_SP3
Find ha1 486
Find ha2 951
Find ha3 962
Found 0:SP3_SP-NON_SP3
Found C[3]
Found H
Found O[3]
Found 4:2:1:1:
Found 4:
Found 4:4:
Found C[3]-4:O[3]-2:H-1:H-1:
Found C[3]-4:
Found C[3]-4:C[3]-4:
Found C[3](C[3]O[3]CH)(O[3]C[3])(H)2
Found H(C[3]C[3]O[3]H)
Found O[3](C[3]C[3]CH)(C[3]C[3]HH)
aNum 3
tLev 1
Angle value 118
Angle siga 0.83
Number of observations  40
Approximation level 0
Level finished 
Finally the angle value is 118
It sig value is 0.83
Number of COD angles involved 40
Target angle value : 118

%=========================================%
Angle between C3(center) and H6 and O1

Center Atom : C3
Its Hashing code  486
Its root atom symbol C[3]
Its codNB2Symb 4:2:1:1:
Its codNBSymb C[3]-4:O[3]-2:H-1:H-1:
Its atom type main sec C[3](C[3]O[3]CH)(O[3]C[3])(H)2
Its atom type full C[3](C[3]O[3]CH)(O[3]C[3])(H)2

Atom2 : H6
Its Hashing code 951
Its root atom symbol H
Its codNB2Symb 4:
Its codNBSymb C[3]-4:
Its atom type main section H(C[3]C[3]O[3]H)
Its atom type full H(C[3]C[3]O[3]H)

Atom3: O1
Its Hashing code  962
Its root atom symbol O[3]
Its codNB2Symb 4:4:
Its codNBSymb C[3]-4:C[3]-4:
Its atom type main section O[3](C[3]C[3]CH)(C[3]C[3]HH)
Its atom type full O[3](C[3]C[3]CH)(C[3]C[3]HH)

These 3 atoms are in a ring of size 0
The hybridization on three atoms is 0:SP3_SP-NON_SP3
Find ha1 486
Find ha2 951
Find ha3 962
Found 0:SP3_SP-NON_SP3
Found C[3]
Found H
Found O[3]
Found 4:2:1:1:
Found 4:
Found 4:4:
Found C[3]-4:O[3]-2:H-1:H-1:
Found C[3]-4:
Found C[3]-4:C[3]-4:
Found C[3](C[3]O[3]CH)(O[3]C[3])(H)2
Found H(C[3]C[3]O[3]H)
Found O[3](C[3]C[3]CH)(C[3]C[3]HH)
aNum 3
tLev 1
Angle value 118
Angle siga 0.83
Number of observations  40
Approximation level 0
Level finished 
Finally the angle value is 118
It sig value is 0.83
Number of COD angles involved 40
Target angle value : 118

%=========================================%
Angle between C3(center) and H6 and H5

Center Atom : C3
Its Hashing code  486
Its root atom symbol C[3]
Its codNB2Symb 4:2:1:1:
Its codNBSymb C[3]-4:O[3]-2:H-1:H-1:
Its atom type main sec C[3](C[3]O[3]CH)(O[3]C[3])(H)2
Its atom type full C[3](C[3]O[3]CH)(O[3]C[3])(H)2

Atom2 : H6
Its Hashing code 951
Its root atom symbol H
Its codNB2Symb 4:
Its codNBSymb C[3]-4:
Its atom type main section H(C[3]C[3]O[3]H)
Its atom type full H(C[3]C[3]O[3]H)

Atom3: H5
Its Hashing code  951
Its root atom symbol H
Its codNB2Symb 4:
Its codNBSymb C[3]-4:
Its atom type main section H(C[3]C[3]O[3]H)
Its atom type full H(C[3]C[3]O[3]H)

These 3 atoms are in a ring of size 0
The hybridization on three atoms is 0:SP3_SP-NON_SP-NON
Find ha1 486
Find ha2 951
Find ha3 951
Found 0:SP3_SP-NON_SP-NON
Found C[3]
Found H
Found H
Found 4:2:1:1:
Found 4:
Found 4:
Found C[3]-4:O[3]-2:H-1:H-1:
Found C[3]-4:
Found C[3]-4:
Found C[3](C[3]O[3]CH)(O[3]C[3])(H)2
Found H(C[3]C[3]O[3]H)
Found H(C[3]C[3]O[3]H)
aNum 3
tLev 1
Angle value 115
Angle siga 4.7
Number of observations  20
Approximation level 0
Level finished 
Finally the angle value is 115
It sig value is 4.7
Number of COD angles involved 20
Target angle value : 115

%=========================================%
Angle between O1(center) and C2 and C3

Center Atom : O1
Its Hashing code  962
Its root atom symbol O[3]
Its codNB2Symb 4:4:
Its codNBSymb C[3]-4:C[3]-4:
Its atom type main sec O[3](C[3]C[3]CH)(C[3]C[3]HH)
Its atom type full O[3](C[3]C[3]CH)(C[3]C[3]HH)

Atom2 : C2
Its Hashing code 486
Its root atom symbol C[3]
Its codNB2Symb 4:2:4:1:
Its codNBSymb C[3]-4:O[3]-2:C-4:H-1:
Its atom type main section C[3](C[3]O[3]HH)(O[3]C[3])(CH3)(H)
Its atom type full C[3](C[3]O[3]HH)(O[3]C[3])(CH3)(H)

Atom3: C3
Its Hashing code  486
Its root atom symbol C[3]
Its codNB2Symb 4:2:1:1:
Its codNBSymb C[3]-4:O[3]-2:H-1:H-1:
Its atom type main section C[3](C[3]O[3]CH)(O[3]C[3])(H)2
Its atom type full C[3](C[3]O[3]CH)(O[3]C[3])(H)2

These 3 atoms are in a ring of size 3
The hybridization on three atoms is 3:SP3_SP3_SP3
Find ha1 962
Find ha2 486
Find ha3 486
Found 3:SP3_SP3_SP3
Found O[3]
Found C[3]
Found C[3]
Found 4:4:
Found 4:2:4:1:
Found 4:2:1:1:
Found C[3]-4:C[3]-4:
Found C[3]-4:O[3]-2:C-4:H-1:
Found C[3]-4:O[3]-2:H-1:H-1:
Found O[3](C[3]C[3]CH)(C[3]C[3]HH)
Found C[3](C[3]O[3]HH)(O[3]C[3])(CH3)(H)
Found C[3](C[3]O[3]CH)(O[3]C[3])(H)2
aNum 3
tLev 1
Angle value 62.1
Angle siga 0.342
Number of observations  4
Approximation level 0
Level finished 
Finally the angle value is 62.1
It sig value is 0.342
Number of COD angles involved 4
Target angle value : 62.1
Search target angles finished at Sun Jun 14 11:41:05 2026
it takes 0 to search for all target angles 
Finish searching angles 
Check Tors pass 
Torsion angle 0
Its atoms are : 
atom seriN 0
atom C1
atom seriN 1
atom C2
atom seriN 2
atom C3
atom seriN 3
atom O1
Torsion angle 1
Its atoms are : 
atom seriN 0
atom C1
atom seriN 1
atom C2
atom seriN 2
atom C3
atom seriN 8
atom H5
Torsion angle 2
Its atoms are : 
atom seriN 0
atom C1
atom seriN 1
atom C2
atom seriN 2
atom C3
atom seriN 9
atom H6
Torsion angle 3
Its atoms are : 
atom seriN 3
atom O1
atom seriN 1
atom C2
atom seriN 2
atom C3
atom seriN 8
atom H5
Torsion angle 4
Its atoms are : 
atom seriN 3
atom O1
atom seriN 1
atom C2
atom seriN 2
atom C3
atom seriN 9
atom H6
Torsion angle 5
Its atoms are : 
atom seriN 7
atom H4
atom seriN 1
atom C2
atom seriN 2
atom C3
atom seriN 3
atom O1
Torsion angle 6
Its atoms are : 
atom seriN 7
atom H4
atom seriN 1
atom C2
atom seriN 2
atom C3
atom seriN 8
atom H5
Torsion angle 7
Its atoms are : 
atom seriN 7
atom H4
atom seriN 1
atom C2
atom seriN 2
atom C3
atom seriN 9
atom H6
Torsion angle 8
Its atoms are : 
atom seriN 8
atom H5
atom seriN 2
atom C3
atom seriN 3
atom O1
atom seriN 1
atom C2
Torsion angle 9
Its atoms are : 
atom seriN 9
atom H6
atom seriN 2
atom C3
atom seriN 3
atom O1
atom seriN 1
atom C2
Torsion angle 10
Its atoms are : 
atom seriN 4
atom H1
atom seriN 0
atom C1
atom seriN 1
atom C2
atom seriN 2
atom C3
Torsion angle 11
Its atoms are : 
atom seriN 4
atom H1
atom seriN 0
atom C1
atom seriN 1
atom C2
atom seriN 3
atom O1
Torsion angle 12
Its atoms are : 
atom seriN 4
atom H1
atom seriN 0
atom C1
atom seriN 1
atom C2
atom seriN 7
atom H4
Torsion angle 13
Its atoms are : 
atom seriN 5
atom H2
atom seriN 0
atom C1
atom seriN 1
atom C2
atom seriN 2
atom C3
Torsion angle 14
Its atoms are : 
atom seriN 5
atom H2
atom seriN 0
atom C1
atom seriN 1
atom C2
atom seriN 3
atom O1
Torsion angle 15
Its atoms are : 
atom seriN 5
atom H2
atom seriN 0
atom C1
atom seriN 1
atom C2
atom seriN 7
atom H4
Torsion angle 16
Its atoms are : 
atom seriN 6
atom H3
atom seriN 0
atom C1
atom seriN 1
atom C2
atom seriN 2
atom C3
Torsion angle 17
Its atoms are : 
atom seriN 6
atom H3
atom seriN 0
atom C1
atom seriN 1
atom C2
atom seriN 3
atom O1
Torsion angle 18
Its atoms are : 
atom seriN 6
atom H3
atom seriN 0
atom C1
atom seriN 1
atom C2
atom seriN 7
atom H4
Torsion angle 19
Its atoms are : 
atom seriN 0
atom C1
atom seriN 1
atom C2
atom seriN 3
atom O1
atom seriN 2
atom C3
Torsion angle 20
Its atoms are : 
atom seriN 2
atom C3
atom seriN 1
atom C2
atom seriN 3
atom O1
atom seriN 2
atom C3
Torsion angle 21
Its atoms are : 
atom seriN 7
atom H4
atom seriN 1
atom C2
atom seriN 3
atom O1
atom seriN 2
atom C3
Get bond of atom C2 and C3
Get bond of atom C2 and C3
Get bond of atom C2 and C3
Get bond of atom C2 and C3
Get bond of atom C2 and C3
Get bond of atom C2 and C3
Get bond of atom C2 and C3
Get bond of atom C2 and C3
Get bond of atom C3 and O1
Get bond of atom C3 and O1
Get bond of atom C1 and C2
Get bond of atom C1 and C2
Get bond of atom C1 and C2
Get bond of atom C1 and C2
Get bond of atom C1 and C2
Get bond of atom C1 and C2
Get bond of atom C1 and C2
Get bond of atom C1 and C2
Get bond of atom C1 and C2
Get bond of atom C2 and O1
Get bond of atom C2 and O1
Get bond of atom C2 and O1
selectOneTorFromOneBond 0_1
tors idx 10
xxxxTorsion seriNumb 10
atom1 4
 atom2 0
atom 3 1
atom 4 2
added 8 
3. Number of torsions is 1
size of miniTorsions 1
Tor 1
 iTor->atoms[0] 4
 iTor->atoms[1] 0 iTor->atoms[2] 1
 iTor->atoms[3] 2
tmpTors 
atom 1 H1 atom 2 C1 atom 3 C2 atom 4 C3
4. Number of torsions is 1
5. Number of torsions is 22
selectOneTorFromOneBond 1_2
tors idx 0
xxxxTorsion seriNumb 0
atom1 0
 atom2 1
atom 3 2
atom 4 3
Add the torsion of atoms: C1, C2, C3, and O1
added 2 
3. Number of torsions is 2
size of miniTorsions 2
Tor 1
 iTor->atoms[0] 4
 iTor->atoms[1] 0 iTor->atoms[2] 1
 iTor->atoms[3] 2
tmpTors 
atom 1 H1 atom 2 C1 atom 3 C2 atom 4 C3
Tor 2
 iTor->atoms[0] 0
 iTor->atoms[1] 1 iTor->atoms[2] 2
 iTor->atoms[3] 3
tmpTors 
atom 1 C1 atom 2 C2 atom 3 C3 atom 4 O1
4. Number of torsions is 2
5. Number of torsions is 21
selectOneTorFromOneBond 1_3
tors idx 19
xxxxTorsion seriNumb 19
atom1 0
 atom2 1
atom 3 3
atom 4 2
Add the torsion of atoms: C1, C2, O1, and C3
added 2 
3. Number of torsions is 3
size of miniTorsions 3
Tor 1
 iTor->atoms[0] 4
 iTor->atoms[1] 0 iTor->atoms[2] 1
 iTor->atoms[3] 2
tmpTors 
atom 1 H1 atom 2 C1 atom 3 C2 atom 4 C3
Tor 2
 iTor->atoms[0] 0
 iTor->atoms[1] 1 iTor->atoms[2] 2
 iTor->atoms[3] 3
tmpTors 
atom 1 C1 atom 2 C2 atom 3 C3 atom 4 O1
Tor 3
 iTor->atoms[0] 0
 iTor->atoms[1] 1 iTor->atoms[2] 3
 iTor->atoms[3] 2
tmpTors 
atom 1 C1 atom 2 C2 atom 3 O1 atom 4 C3
4. Number of torsions is 3
5. Number of torsions is 21
selectOneTorFromOneBond 2_3
can not find the target torsion 
Error: can not find the torsion of atoms: C2, C3, O1, and C2
3. Number of torsions is 3
size of miniTorsions 3
Tor 1
 iTor->atoms[0] 4
 iTor->atoms[1] 0 iTor->atoms[2] 1
 iTor->atoms[3] 2
tmpTors 
atom 1 H1 atom 2 C1 atom 3 C2 atom 4 C3
Tor 2
 iTor->atoms[0] 0
 iTor->atoms[1] 1 iTor->atoms[2] 2
 iTor->atoms[3] 3
tmpTors 
atom 1 C1 atom 2 C2 atom 3 C3 atom 4 O1
Tor 3
 iTor->atoms[0] 0
 iTor->atoms[1] 1 iTor->atoms[2] 3
 iTor->atoms[3] 2
tmpTors 
atom 1 C1 atom 2 C2 atom 3 O1 atom 4 C3
4. Number of torsions is 3
5. Number of torsions is 21
Total number of torsions is 21
Number of torsions in the mini-set 3
The torsion selected for the bond of atom C1 and C2
 is 180
The other two atoms are atom H1 and C3
The torsion selected for the bond of atom C2 and C3
 is 60
The other two atoms are atom C1 and O1
The torsion selected for the bond of atom C2 and O1
 is 180
The other two atoms are atom C1 and C3
Confirm : Ring C2C3O1
aromatic 0
Atom C2 add a ring sign 3
Atom C3 add a ring sign 3
Atom O1 add a ring sign 3
CheckHere
atom C1 has type C(C[3]C[3]O[3]H)(H)3
atom C2 has type C[3](C[3]O[3]HH)(O[3]C[3])(CH3)(H)
atom C3 has type C[3](C[3]O[3]CH)(O[3]C[3])(H)2
atom O1 has type O[3](C[3]C[3]CH)(C[3]C[3]HH)
atom H1 has type H(CC[3]HH)
atom H2 has type H(CC[3]HH)
atom H3 has type H(CC[3]HH)
atom H4 has type H(C[3]C[3]O[3]C)
atom H5 has type H(C[3]C[3]O[3]H)
atom H6 has type H(C[3]C[3]O[3]H)
Originally the system has 22
Number of torsions from cod section 21
Here, Ring with sp3 atom 0
2. Is the ring aromatic ? 0
Ring C2C3O1
A: Is planar 0
There are 0 planes. They are 
atom C1 leaving_flag N
atom C2 leaving_flag N
atom C3 leaving_flag N
atom O1 leaving_flag N
atom H1 leaving_flag N
atom H2 leaving_flag N
atom H3 leaving_flag N
atom H4 leaving_flag N
atom H5 leaving_flag N
atom H6 leaving_flag N
=========END OF PROCESS INFORMATION ==========
