
============ PROCESS INFORMATION =============
# Servalcat ver. 0.4.128 (Python 3.9.18)
# Library vers. gemmi 0.7.4, scipy 1.7.3, numpy 1.19.5, pandas 1.3.5
# Started on 2026-06-14 11:41:34.819577
# Host: Mac.lan User: hilgersmt
# Command-line:
# servalcat --logfile EPX_MODEL_TMP/servalcat.log refine_geom --update_dictionary EPX_MODEL_TMP/mol_1_conf_16_init.cif -o EPX_MODEL_TMP/mol_1_conf_16 --randomize 0.01
Config loaded
--
refine:
  atom_selection:
    xyz:
      include:
      - '*'
      exclude: []
      exclude_restraint: []
    adp:
      include: []
      exclude: []
      exclude_restraint: []
    occ:
      include: []
      exclude: []
      exclude_restraint: []
    dfrac:
      include: []
      exclude: []
      exclude_restraint: []
  occ_groups: []
  occ_group_constraints: []
  occ_group_const_mu: 10.0
  occ_group_const_mu_update_factor: 1.1
  occ_group_const_mu_update_tol_rel: 0.25
  occ_group_const_mu_update_tol_abs: 0.01
  initialisation:
    adp: {}
    occ: {}
    dfrac: {}
  write_trajectory: false
--
Reading monomers from /Applications/ccp4-9/lib/data/monomers/
Monomer not in the library: EPX.
Reading monomer: EPX_MODEL_TMP/mol_1_conf_16_init.cif
Monomer library loaded: 1 monomers, 109 links, 133 modifications
       loaded monomers: EPX

Checking if unknown atoms exist..
Creating restraints..

Chain info:
 chain 
  ligands: EPX (1 residues)

Number of refinement parameters:
       n_params  n_atoms  n_atoms_geom_only  n_atoms_data_only
xyz           4        4                  0                  0
adp           0        0                  0                  0
occ           0        0                  0                  0
dfrac         0        0                  0                  0

Randomizing structure with rmsd of 0.01
Torsion angle rules:
 include:
  {'group': 'peptide', 'tors_name': 'chi*'}
  {'link': '*', 'tors_name': 'omega'}
  {'residue': '*', 'tors_name': 'sp2_sp2*'}
  {'link': '*', 'tors_name': 'sp2_sp2*'}
 exclude:
  none
External restraints from Refmac instructions
 Number of distances          : 0
 Number of angles             : 0
 Number of torsions           : 0
 Number of chirals            : 0
 Number of planes             : 0
 Number of intervals          : 0
 Number of stackings          : 0
 Number of harmonics          : 0
 Number of special positions  : 0

Running 10 cycles with wchir=4 wvdw=2 without hydrogen
Geometry weights
vdws = 0
atoms = 4
pairs = 6
                       N restraints  r.m.s.d.  r.m.s.Z  Mn(sigma)
Bond distances, non H             4     0.035    2.676      0.013
Bond angles, non H                5     5.016    1.789      2.100
Chiral centres                    1     0.254    2.841      0.089


====== CYCLE  1 ======

 weight = 1.0000e+00
 geom_x = 86.88742713331331
 geom_a = 0
 geom_q = 0
 geom_c = 0.0
f0= 8.6887e+01
using cgsolve in c++, ic=False
diag(geom) min= 2434.402128 max= 22266.012830
diag(all) min= 2434.402128 max= 22266.012830
Trying gamma equal 0.000000
Convergence reached after 6 iterations with no gamma cycles
min(dx) = -0.09030046313425359
max(dx) = 0.08727718049145597
mean(dx)= 0.002147790498931507
vdws = 0
atoms = 4
pairs = 6
 geom_x = 0.6922104533793012
 geom_a = 0
 geom_q = 0
 geom_c = 0.0
f1, 0= 6.9221e-01
                       N restraints  r.m.s.d.  r.m.s.Z  Mn(sigma)
Bond distances, non H             4     0.003    0.231      0.013
Bond angles, non H                5     0.700    0.253      2.100
Chiral centres                    1     0.021    0.231      0.089



====== CYCLE  2 ======

 weight = 1.0000e+00
 geom_x = 0.6922104533793012
 geom_a = 0
 geom_q = 0
 geom_c = 0.0
f0= 6.9221e-01
using cgsolve in c++, ic=False
diag(geom) min= 2600.168294 max= 22664.661111
diag(all) min= 2600.168294 max= 22664.661111
Trying gamma equal 0.000000
Convergence reached after 6 iterations with no gamma cycles
min(dx) = -0.005496680979211968
max(dx) = 0.01461636903535778
mean(dx)= 0.0008737253509758795
vdws = 0
atoms = 4
pairs = 6
 geom_x = 0.06827169422474597
 geom_a = 0
 geom_q = 0
 geom_c = 0.0
f1, 0= 6.8272e-02
                       N restraints  r.m.s.d.  r.m.s.Z  Mn(sigma)
Bond distances, non H             4     0.001    0.076      0.013
Bond angles, non H                5     0.250    0.150      2.100
Chiral centres                    1     0.000    0.004      0.089



====== CYCLE  3 ======

 weight = 1.0000e+00
 geom_x = 0.06827169422474597
 geom_a = 0
 geom_q = 0
 geom_c = 0.0
f0= 6.8272e-02
using cgsolve in c++, ic=False
diag(geom) min= 2582.174856 max= 22570.460011
diag(all) min= 2582.174856 max= 22570.460011
Trying gamma equal 0.000000
Convergence reached after 6 iterations with no gamma cycles
min(dx) = -8.855968106458077e-05
max(dx) = 0.00022985324273849293
mean(dx)= 2.1472706313621486e-05
vdws = 0
atoms = 4
pairs = 6
 geom_x = 0.06817595695389222
 geom_a = 0
 geom_q = 0
 geom_c = 0.0
f1, 0= 6.8176e-02
                       N restraints  r.m.s.d.  r.m.s.Z  Mn(sigma)
Bond distances, non H             4     0.001    0.077      0.013
Bond angles, non H                5     0.246    0.150      2.100
Chiral centres                    1     0.001    0.006      0.089



====== CYCLE  4 ======

 weight = 1.0000e+00
 geom_x = 0.06817595695389222
 geom_a = 0
 geom_q = 0
 geom_c = 0.0
f0= 6.8176e-02
using cgsolve in c++, ic=False
diag(geom) min= 2581.826007 max= 22568.941617
diag(all) min= 2581.826007 max= 22568.941617
Trying gamma equal 0.000000
Convergence reached after 6 iterations with no gamma cycles
min(dx) = -5.293361699490975e-07
max(dx) = 1.943960728215221e-06
mean(dx)= 2.397628102237026e-07
vdws = 0
atoms = 4
pairs = 6
 geom_x = 0.06817595556778323
 geom_a = 0
 geom_q = 0
 geom_c = 0.0
f1, 0= 6.8176e-02
                       N restraints  r.m.s.d.  r.m.s.Z  Mn(sigma)
Bond distances, non H             4     0.001    0.077      0.013
Bond angles, non H                5     0.246    0.150      2.100
Chiral centres                    1     0.001    0.006      0.089



====== CYCLE  5 ======

 weight = 1.0000e+00
 geom_x = 0.06817595556778323
 geom_a = 0
 geom_q = 0
 geom_c = 0.0
f0= 6.8176e-02
using cgsolve in c++, ic=False
diag(geom) min= 2581.822644 max= 22568.945884
diag(all) min= 2581.822644 max= 22568.945884
Trying gamma equal 0.000000
Not converging with gamma equal 0.000000
Trying gamma equal 0.052500
Not converging with gamma equal 0.052500
Trying gamma equal 0.107625
Not converging with gamma equal 0.107625
Trying gamma equal 0.165506
Gamma decreased to 0.153930
min(dx) = -1.9580757056260997e-09
max(dx) = 7.69191080145259e-09
mean(dx)= 9.438751524342786e-10
vdws = 0
atoms = 4
pairs = 6
 geom_x = 0.06817595556768154
 geom_a = 0
 geom_q = 0
 geom_c = 0.0
f1, 0= 6.8176e-02
                       N restraints  r.m.s.d.  r.m.s.Z  Mn(sigma)
Bond distances, non H             4     0.001    0.077      0.013
Bond angles, non H                5     0.246    0.150      2.100
Chiral centres                    1     0.001    0.006      0.089



====== CYCLE  6 ======

 weight = 1.0000e+00
 geom_x = 0.06817595556768154
 geom_a = 0
 geom_q = 0
 geom_c = 0.0
f0= 6.8176e-02
using cgsolve in c++, ic=False
diag(geom) min= 2581.822632 max= 22568.945920
diag(all) min= 2581.822632 max= 22568.945920
Trying gamma equal 0.153930
Convergence reached after 6 iterations with no gamma cycles
min(dx) = -1.3466631888764388e-09
max(dx) = 5.535591560337653e-09
mean(dx)= 6.927331834682436e-10
vdws = 0
atoms = 4
pairs = 6
 geom_x = 0.0681759555676313
 geom_a = 0
 geom_q = 0
 geom_c = 0.0
f1, 0= 6.8176e-02
                       N restraints  r.m.s.d.  r.m.s.Z  Mn(sigma)
Bond distances, non H             4     0.001    0.077      0.013
Bond angles, non H                5     0.246    0.150      2.100
Chiral centres                    1     0.001    0.006      0.089



====== CYCLE  7 ======

 weight = 1.0000e+00
 geom_x = 0.0681759555676313
 geom_a = 0
 geom_q = 0
 geom_c = 0.0
f0= 6.8176e-02
using cgsolve in c++, ic=False
diag(geom) min= 2581.822623 max= 22568.945952
diag(all) min= 2581.822623 max= 22568.945952
Trying gamma equal 0.153930
Convergence reached after 5 iterations with no gamma cycles
min(dx) = -9.10990149865963e-10
max(dx) = 3.78737055126241e-09
mean(dx)= 4.741691570812178e-10
vdws = 0
atoms = 4
pairs = 6
 geom_x = 0.06817595556760594
 geom_a = 0
 geom_q = 0
 geom_c = 0.0
f1, 0= 6.8176e-02
                       N restraints  r.m.s.d.  r.m.s.Z  Mn(sigma)
Bond distances, non H             4     0.001    0.077      0.013
Bond angles, non H                5     0.246    0.150      2.100
Chiral centres                    1     0.001    0.006      0.089



====== CYCLE  8 ======

 weight = 1.0000e+00
 geom_x = 0.06817595556760594
 geom_a = 0
 geom_q = 0
 geom_c = 0.0
f0= 6.8176e-02
using cgsolve in c++, ic=False
diag(geom) min= 2581.822617 max= 22568.945977
diag(all) min= 2581.822617 max= 22568.945977
Trying gamma equal 0.153930
Convergence reached after 5 iterations with no gamma cycles
min(dx) = -6.243149779064579e-10
max(dx) = 2.6056606248888646e-09
mean(dx)= 3.2608671135473804e-10
vdws = 0
atoms = 4
pairs = 6
 geom_x = 0.06817595556758846
 geom_a = 0
 geom_q = 0
 geom_c = 0.0
f1, 0= 6.8176e-02
                       N restraints  r.m.s.d.  r.m.s.Z  Mn(sigma)
Bond distances, non H             4     0.001    0.077      0.013
Bond angles, non H                5     0.246    0.150      2.100
Chiral centres                    1     0.001    0.006      0.089



====== CYCLE  9 ======

 weight = 1.0000e+00
 geom_x = 0.06817595556758846
 geom_a = 0
 geom_q = 0
 geom_c = 0.0
f0= 6.8176e-02
using cgsolve in c++, ic=False
diag(geom) min= 2581.822613 max= 22568.945994
diag(all) min= 2581.822613 max= 22568.945994
Trying gamma equal 0.153930
Convergence reached after 5 iterations with no gamma cycles
min(dx) = -4.2975935588509566e-10
max(dx) = 1.796415768717593e-09
mean(dx)= 2.247593855392316e-10
vdws = 0
atoms = 4
pairs = 6
 geom_x = 0.06817595556758893
 geom_a = 0
 geom_q = 0
 geom_c = 0.0
f1, 0= 6.8176e-02
min(dx) = -2.1487967794254783e-10
max(dx) = 8.982078843587965e-10
mean(dx)= 1.123796927696158e-10
vdws = 0
atoms = 4
pairs = 6
 geom_x = 0.06817595556759141
 geom_a = 0
 geom_q = 0
 geom_c = 0.0
f1, 1= 6.8176e-02
min(dx) = -1.0743983897127391e-10
max(dx) = 4.4910394217939825e-10
mean(dx)= 5.61898463848079e-11
vdws = 0
atoms = 4
pairs = 6
 geom_x = 0.06817595556759344
 geom_a = 0
 geom_q = 0
 geom_c = 0.0
f1, 2= 6.8176e-02
WARNING: function not minimised
                       N restraints  r.m.s.d.  r.m.s.Z  Mn(sigma)
Bond distances, non H             4     0.001    0.077      0.013
Bond angles, non H                5     0.246    0.150      2.100
Chiral centres                    1     0.001    0.006      0.089



====== CYCLE 10 ======

 weight = 1.0000e+00
 geom_x = 0.06817595556759344
 geom_a = 0
 geom_q = 0
 geom_c = 0.0
f0= 6.8176e-02
using cgsolve in c++, ic=False
diag(geom) min= 2581.822613 max= 22568.945997
diag(all) min= 2581.822613 max= 22568.945997
Trying gamma equal 0.153930
Convergence reached after 5 iterations with no gamma cycles
min(dx) = -3.964077128191072e-10
max(dx) = 1.6571985195426014e-09
mean(dx)= 2.0733725023468795e-10
vdws = 0
atoms = 4
pairs = 6
 geom_x = 0.06817595556758532
 geom_a = 0
 geom_q = 0
 geom_c = 0.0
f1, 0= 6.8176e-02
                       N restraints  r.m.s.d.  r.m.s.Z  Mn(sigma)
Bond distances, non H             4     0.001    0.077      0.013
Bond angles, non H                5     0.246    0.150      2.100
Chiral centres                    1     0.001    0.006      0.089


$TABLE: stats vs cycle :
$GRAPHS
: Geometry :A:1,4,2:
: Geometry Z :A:1,5,3:
$$
 Ncyc  rmsBOND  zBOND  rmsANGL  zANGL
$$
$$
    0   0.0346 2.6759   5.0158 1.7887
    1   0.0032 0.2311   0.6997 0.2527
    2   0.0008 0.0764   0.2497 0.1503
    3   0.0009 0.0770   0.2461 0.1497
    4   0.0009 0.0770   0.2460 0.1497
    5   0.0009 0.0770   0.2460 0.1497
    6   0.0009 0.0770   0.2460 0.1497
    7   0.0009 0.0770   0.2460 0.1497
    8   0.0009 0.0770   0.2460 0.1497
    9   0.0009 0.0770   0.2460 0.1497
   10   0.0009 0.0770   0.2460 0.1497
$$

Running 30 cycles with wchir=1 wvdw=2 without hydrogen
Geometry weights
vdws = 0
atoms = 4
pairs = 6
                       N restraints  r.m.s.d.  r.m.s.Z  Mn(sigma)
Bond distances, non H             4     0.001    0.077      0.013
Bond angles, non H                5     0.246    0.150      2.100
Chiral centres                    1     0.001    0.006      0.089


====== CYCLE  1 ======

 weight = 1.0000e+00
 geom_x = 0.0678932719680663
 geom_a = 0
 geom_q = 0
 geom_c = 0.0
f0= 6.7893e-02
using cgsolve in c++, ic=False
diag(geom) min= 472.260115 max= 14818.735465
diag(all) min= 472.260115 max= 14818.735465
Trying gamma equal 0.153930
Convergence reached after 6 iterations with no gamma cycles
min(dx) = -0.0009253433647139289
max(dx) = 0.0012079899204858501
mean(dx)= 4.589213732777049e-05
vdws = 0
atoms = 4
pairs = 6
 geom_x = 0.06592175361128798
 geom_a = 0
 geom_q = 0
 geom_c = 0.0
f1, 0= 6.5922e-02
                       N restraints  r.m.s.d.  r.m.s.Z  Mn(sigma)
Bond distances, non H             4     0.001    0.076      0.013
Bond angles, non H                5     0.228    0.146      2.100
Chiral centres                    1     0.004    0.044      0.089



====== CYCLE  2 ======

 weight = 1.0000e+00
 geom_x = 0.06592175361128798
 geom_a = 0
 geom_q = 0
 geom_c = 0.0
f0= 6.5922e-02
using cgsolve in c++, ic=False
diag(geom) min= 473.326058 max= 14812.525901
diag(all) min= 473.326058 max= 14812.525901
Trying gamma equal 0.153930
Convergence reached after 6 iterations with no gamma cycles
min(dx) = -0.00011976166285075032
max(dx) = 0.00020826154241605112
mean(dx)= 1.7171123602163747e-05
vdws = 0
atoms = 4
pairs = 6
 geom_x = 0.06586539003913809
 geom_a = 0
 geom_q = 0
 geom_c = 0.0
f1, 0= 6.5865e-02
                       N restraints  r.m.s.d.  r.m.s.Z  Mn(sigma)
Bond distances, non H             4     0.001    0.076      0.013
Bond angles, non H                5     0.225    0.146      2.100
Chiral centres                    1     0.004    0.049      0.089



====== CYCLE  3 ======

 weight = 1.0000e+00
 geom_x = 0.06586539003913809
 geom_a = 0
 geom_q = 0
 geom_c = 0.0
f0= 6.5865e-02
using cgsolve in c++, ic=False
diag(geom) min= 473.552103 max= 14811.380754
diag(all) min= 473.552103 max= 14811.380754
Trying gamma equal 0.153930
Convergence reached after 6 iterations with no gamma cycles
min(dx) = -2.129627965471017e-05
max(dx) = 5.794922079775866e-05
mean(dx)= 5.827942313934554e-06
vdws = 0
atoms = 4
pairs = 6
 geom_x = 0.06586136389076254
 geom_a = 0
 geom_q = 0
 geom_c = 0.0
f1, 0= 6.5861e-02
                       N restraints  r.m.s.d.  r.m.s.Z  Mn(sigma)
Bond distances, non H             4     0.001    0.076      0.013
Bond angles, non H                5     0.225    0.146      2.100
Chiral centres                    1     0.004    0.050      0.089



====== CYCLE  4 ======

 weight = 1.0000e+00
 geom_x = 0.06586136389076254
 geom_a = 0
 geom_q = 0
 geom_c = 0.0
f0= 6.5861e-02
using cgsolve in c++, ic=False
diag(geom) min= 473.618117 max= 14811.097407
diag(all) min= 473.618117 max= 14811.097407
Trying gamma equal 0.153930
Convergence reached after 6 iterations with no gamma cycles
min(dx) = -3.3833495385341087e-06
max(dx) = 1.8475674377822958e-05
mean(dx)= 1.9909202499542516e-06
vdws = 0
atoms = 4
pairs = 6
 geom_x = 0.06586105473986867
 geom_a = 0
 geom_q = 0
 geom_c = 0.0
f1, 0= 6.5861e-02
                       N restraints  r.m.s.d.  r.m.s.Z  Mn(sigma)
Bond distances, non H             4     0.001    0.076      0.013
Bond angles, non H                5     0.225    0.146      2.100
Chiral centres                    1     0.004    0.050      0.089



====== CYCLE  5 ======

 weight = 1.0000e+00
 geom_x = 0.06586105473986867
 geom_a = 0
 geom_q = 0
 geom_c = 0.0
f0= 6.5861e-02
using cgsolve in c++, ic=False
diag(geom) min= 473.639096 max= 14811.022751
diag(all) min= 473.639096 max= 14811.022751
Trying gamma equal 0.153930
Convergence reached after 6 iterations with no gamma cycles
min(dx) = -9.94674789293516e-07
max(dx) = 6.160720159941359e-06
mean(dx)= 6.932141507513506e-07
vdws = 0
atoms = 4
pairs = 6
 geom_x = 0.06586102982682827
 geom_a = 0
 geom_q = 0
 geom_c = 0.0
f1, 0= 6.5861e-02
                       N restraints  r.m.s.d.  r.m.s.Z  Mn(sigma)
Bond distances, non H             4     0.001    0.076      0.013
Bond angles, non H                5     0.225    0.146      2.100
Chiral centres                    1     0.004    0.050      0.089



====== CYCLE  6 ======

 weight = 1.0000e+00
 geom_x = 0.06586102982682827
 geom_a = 0
 geom_q = 0
 geom_c = 0.0
f0= 6.5861e-02
using cgsolve in c++, ic=False
diag(geom) min= 473.646010 max= 14811.002913
diag(all) min= 473.646010 max= 14811.002913
Trying gamma equal 0.153930
Convergence reached after 5 iterations with no gamma cycles
min(dx) = -3.002275018507105e-07
max(dx) = 2.110481977125241e-06
mean(dx)= 2.457456253196462e-07
vdws = 0
atoms = 4
pairs = 6
 geom_x = 0.06586102766648769
 geom_a = 0
 geom_q = 0
 geom_c = 0.0
f1, 0= 6.5861e-02
                       N restraints  r.m.s.d.  r.m.s.Z  Mn(sigma)
Bond distances, non H             4     0.001    0.076      0.013
Bond angles, non H                5     0.225    0.146      2.100
Chiral centres                    1     0.004    0.050      0.089



====== CYCLE  7 ======

 weight = 1.0000e+00
 geom_x = 0.06586102766648769
 geom_a = 0
 geom_q = 0
 geom_c = 0.0
f0= 6.5861e-02
using cgsolve in c++, ic=False
diag(geom) min= 473.648350 max= 14810.997654
diag(all) min= 473.648350 max= 14810.997654
Trying gamma equal 0.153930
Convergence reached after 5 iterations with no gamma cycles
min(dx) = -9.30206009039432e-08
max(dx) = 7.385743525633317e-07
mean(dx)= 8.84167250203692e-08
vdws = 0
atoms = 4
pairs = 6
 geom_x = 0.06586102745967438
 geom_a = 0
 geom_q = 0
 geom_c = 0.0
f1, 0= 6.5861e-02
                       N restraints  r.m.s.d.  r.m.s.Z  Mn(sigma)
Bond distances, non H             4     0.001    0.076      0.013
Bond angles, non H                5     0.225    0.146      2.100
Chiral centres                    1     0.004    0.050      0.089



====== CYCLE  8 ======

 weight = 1.0000e+00
 geom_x = 0.06586102745967438
 geom_a = 0
 geom_q = 0
 geom_c = 0.0
f0= 6.5861e-02
using cgsolve in c++, ic=False
diag(geom) min= 473.649161 max= 14810.996269
diag(all) min= 473.649161 max= 14810.996269
Trying gamma equal 0.153930
Convergence reached after 5 iterations with no gamma cycles
min(dx) = -2.963521183499766e-08
max(dx) = 2.630143214671546e-07
mean(dx)= 3.218463201469183e-08
vdws = 0
atoms = 4
pairs = 6
 geom_x = 0.06586102743756987
 geom_a = 0
 geom_q = 0
 geom_c = 0.0
f1, 0= 6.5861e-02
                       N restraints  r.m.s.d.  r.m.s.Z  Mn(sigma)
Bond distances, non H             4     0.001    0.076      0.013
Bond angles, non H                5     0.225    0.146      2.100
Chiral centres                    1     0.004    0.050      0.089



====== CYCLE  9 ======

 weight = 1.0000e+00
 geom_x = 0.06586102743756987
 geom_a = 0
 geom_q = 0
 geom_c = 0.0
f0= 6.5861e-02
using cgsolve in c++, ic=False
diag(geom) min= 473.649447 max= 14810.995908
diag(all) min= 473.649447 max= 14810.995908
Trying gamma equal 0.153930
Convergence reached after 5 iterations with no gamma cycles
min(dx) = -9.707174266521064e-09
max(dx) = 9.497427818943172e-08
mean(dx)= 1.1820718048936116e-08
vdws = 0
atoms = 4
pairs = 6
 geom_x = 0.06586102743496078
 geom_a = 0
 geom_q = 0
 geom_c = 0.0
f1, 0= 6.5861e-02
                       N restraints  r.m.s.d.  r.m.s.Z  Mn(sigma)
Bond distances, non H             4     0.001    0.076      0.013
Bond angles, non H                5     0.225    0.146      2.100
Chiral centres                    1     0.004    0.050      0.089



====== CYCLE 10 ======

 weight = 1.0000e+00
 geom_x = 0.06586102743496078
 geom_a = 0
 geom_q = 0
 geom_c = 0.0
f0= 6.5861e-02
using cgsolve in c++, ic=False
diag(geom) min= 473.649550 max= 14810.995815
diag(all) min= 473.649550 max= 14810.995815
Trying gamma equal 0.153930
Convergence reached after 5 iterations with no gamma cycles
min(dx) = -3.2642364279641053e-09
max(dx) = 3.4668781883920614e-08
mean(dx)= 4.370799445435737e-09
vdws = 0
atoms = 4
pairs = 6
 geom_x = 0.0658610274346245
 geom_a = 0
 geom_q = 0
 geom_c = 0.0
f1, 0= 6.5861e-02
                       N restraints  r.m.s.d.  r.m.s.Z  Mn(sigma)
Bond distances, non H             4     0.001    0.076      0.013
Bond angles, non H                5     0.225    0.146      2.100
Chiral centres                    1     0.004    0.050      0.089



====== CYCLE 11 ======

 weight = 1.0000e+00
 geom_x = 0.0658610274346245
 geom_a = 0
 geom_q = 0
 geom_c = 0.0
f0= 6.5861e-02
using cgsolve in c++, ic=False
diag(geom) min= 473.649587 max= 14810.995791
diag(all) min= 473.649587 max= 14810.995791
Trying gamma equal 0.153930
Convergence reached after 5 iterations with no gamma cycles
min(dx) = -1.1238568127058208e-09
max(dx) = 1.2760171132050431e-08
mean(dx)= 1.62422739448965e-09
vdws = 0
atoms = 4
pairs = 6
 geom_x = 0.06586102743458237
 geom_a = 0
 geom_q = 0
 geom_c = 0.0
f1, 0= 6.5861e-02
                       N restraints  r.m.s.d.  r.m.s.Z  Mn(sigma)
Bond distances, non H             4     0.001    0.076      0.013
Bond angles, non H                5     0.225    0.146      2.100
Chiral centres                    1     0.004    0.050      0.089



====== CYCLE 12 ======

 weight = 1.0000e+00
 geom_x = 0.06586102743458237
 geom_a = 0
 geom_q = 0
 geom_c = 0.0
f0= 6.5861e-02
using cgsolve in c++, ic=False
diag(geom) min= 473.649601 max= 14810.995786
diag(all) min= 473.649601 max= 14810.995786
Trying gamma equal 0.153930
Convergence reached after 5 iterations with no gamma cycles
min(dx) = -3.9483564011479015e-10
max(dx) = 4.725643952627836e-09
mean(dx)= 6.057963652280547e-10
vdws = 0
atoms = 4
pairs = 6
 geom_x = 0.06586102743457505
 geom_a = 0
 geom_q = 0
 geom_c = 0.0
f1, 0= 6.5861e-02
                       N restraints  r.m.s.d.  r.m.s.Z  Mn(sigma)
Bond distances, non H             4     0.001    0.076      0.013
Bond angles, non H                5     0.225    0.146      2.100
Chiral centres                    1     0.004    0.050      0.089



====== CYCLE 13 ======

 weight = 1.0000e+00
 geom_x = 0.06586102743457505
 geom_a = 0
 geom_q = 0
 geom_c = 0.0
f0= 6.5861e-02
using cgsolve in c++, ic=False
diag(geom) min= 473.649606 max= 14810.995785
diag(all) min= 473.649606 max= 14810.995785
Trying gamma equal 0.153930
Convergence reached after 5 iterations with no gamma cycles
min(dx) = -1.410411354862495e-10
max(dx) = 1.7581398872190163e-09
mean(dx)= 2.2655259656485337e-10
vdws = 0
atoms = 4
pairs = 6
 geom_x = 0.06586102743457038
 geom_a = 0
 geom_q = 0
 geom_c = 0.0
f1, 0= 6.5861e-02
                       N restraints  r.m.s.d.  r.m.s.Z  Mn(sigma)
Bond distances, non H             4     0.001    0.076      0.013
Bond angles, non H                5     0.225    0.146      2.100
Chiral centres                    1     0.004    0.050      0.089



====== CYCLE 14 ======

 weight = 1.0000e+00
 geom_x = 0.06586102743457038
 geom_a = 0
 geom_q = 0
 geom_c = 0.0
f0= 6.5861e-02
using cgsolve in c++, ic=False
diag(geom) min= 473.649608 max= 14810.995784
diag(all) min= 473.649608 max= 14810.995784
Trying gamma equal 0.153930
Convergence reached after 5 iterations with no gamma cycles
min(dx) = -5.105361459120268e-11
max(dx) = 6.563013385311289e-10
mean(dx)= 8.488965819118138e-11
vdws = 0
atoms = 4
pairs = 6
 geom_x = 0.06586102743457292
 geom_a = 0
 geom_q = 0
 geom_c = 0.0
f1, 0= 6.5861e-02
min(dx) = -2.552680729560134e-11
max(dx) = 3.2815066926556447e-10
mean(dx)= 4.244482909559069e-11
vdws = 0
atoms = 4
pairs = 6
 geom_x = 0.06586102743457187
 geom_a = 0
 geom_q = 0
 geom_c = 0.0
f1, 1= 6.5861e-02
min(dx) = -1.276340364780067e-11
max(dx) = 1.6407533463278223e-10
mean(dx)= 2.1222414547795346e-11
vdws = 0
atoms = 4
pairs = 6
 geom_x = 0.06586102743457231
 geom_a = 0
 geom_q = 0
 geom_c = 0.0
f1, 2= 6.5861e-02
WARNING: function not minimised
                       N restraints  r.m.s.d.  r.m.s.Z  Mn(sigma)
Bond distances, non H             4     0.001    0.076      0.013
Bond angles, non H                5     0.225    0.146      2.100
Chiral centres                    1     0.004    0.050      0.089



====== CYCLE 15 ======

 weight = 1.0000e+00
 geom_x = 0.06586102743457231
 geom_a = 0
 geom_q = 0
 geom_c = 0.0
f0= 6.5861e-02
using cgsolve in c++, ic=False
diag(geom) min= 473.649608 max= 14810.995784
diag(all) min= 473.649608 max= 14810.995784
Trying gamma equal 0.153930
Convergence reached after 5 iterations with no gamma cycles
min(dx) = -4.295794752402003e-11
max(dx) = 5.536239284398245e-10
mean(dx)= 7.163045265762404e-11
vdws = 0
atoms = 4
pairs = 6
 geom_x = 0.06586102743457282
 geom_a = 0
 geom_q = 0
 geom_c = 0.0
f1, 0= 6.5861e-02
min(dx) = -2.1478973762010017e-11
max(dx) = 2.7681196421991224e-10
mean(dx)= 3.581522632881202e-11
vdws = 0
atoms = 4
pairs = 6
 geom_x = 0.06586102743457412
 geom_a = 0
 geom_q = 0
 geom_c = 0.0
f1, 1= 6.5861e-02
min(dx) = -1.0739486881005008e-11
max(dx) = 1.3840598210995612e-10
mean(dx)= 1.790761316440601e-11
vdws = 0
atoms = 4
pairs = 6
 geom_x = 0.06586102743457005
 geom_a = 0
 geom_q = 0
 geom_c = 0.0
f1, 2= 6.5861e-02
                       N restraints  r.m.s.d.  r.m.s.Z  Mn(sigma)
Bond distances, non H             4     0.001    0.076      0.013
Bond angles, non H                5     0.225    0.146      2.100
Chiral centres                    1     0.004    0.050      0.089



====== CYCLE 16 ======

 weight = 1.0000e+00
 geom_x = 0.06586102743457005
 geom_a = 0
 geom_q = 0
 geom_c = 0.0
f0= 6.5861e-02
using cgsolve in c++, ic=False
diag(geom) min= 473.649608 max= 14810.995784
diag(all) min= 473.649608 max= 14810.995784
Trying gamma equal 0.153930
Convergence reached after 5 iterations with no gamma cycles
min(dx) = -3.614939620721118e-11
max(dx) = 4.670203766541686e-10
mean(dx)= 6.0443033851162e-11
vdws = 0
atoms = 4
pairs = 6
 geom_x = 0.06586102743457352
 geom_a = 0
 geom_q = 0
 geom_c = 0.0
f1, 0= 6.5861e-02
min(dx) = -1.807469810360559e-11
max(dx) = 2.335101883270843e-10
mean(dx)= 3.0221516925581e-11
vdws = 0
atoms = 4
pairs = 6
 geom_x = 0.06586102743457417
 geom_a = 0
 geom_q = 0
 geom_c = 0.0
f1, 1= 6.5861e-02
min(dx) = -9.037349051802795e-12
max(dx) = 1.1675509416354215e-10
mean(dx)= 1.51107584627905e-11
vdws = 0
atoms = 4
pairs = 6
 geom_x = 0.06586102743457226
 geom_a = 0
 geom_q = 0
 geom_c = 0.0
f1, 2= 6.5861e-02
WARNING: function not minimised
                       N restraints  r.m.s.d.  r.m.s.Z  Mn(sigma)
Bond distances, non H             4     0.001    0.076      0.013
Bond angles, non H                5     0.225    0.146      2.100
Chiral centres                    1     0.004    0.050      0.089



====== CYCLE 17 ======

 weight = 1.0000e+00
 geom_x = 0.06586102743457226
 geom_a = 0
 geom_q = 0
 geom_c = 0.0
f0= 6.5861e-02
using cgsolve in c++, ic=False
diag(geom) min= 473.649608 max= 14810.995784
diag(all) min= 473.649608 max= 14810.995784
Trying gamma equal 0.153930
Convergence reached after 5 iterations with no gamma cycles
min(dx) = -3.046036733442459e-11
max(dx) = 3.9397246582643073e-10
mean(dx)= 5.100346264197695e-11
vdws = 0
atoms = 4
pairs = 6
 geom_x = 0.065861027434573
 geom_a = 0
 geom_q = 0
 geom_c = 0.0
f1, 0= 6.5861e-02
min(dx) = -1.5230183667212294e-11
max(dx) = 1.9698623291321536e-10
mean(dx)= 2.5501731320988474e-11
vdws = 0
atoms = 4
pairs = 6
 geom_x = 0.06586102743457342
 geom_a = 0
 geom_q = 0
 geom_c = 0.0
f1, 1= 6.5861e-02
min(dx) = -7.615091833606147e-12
max(dx) = 9.849311645660768e-11
mean(dx)= 1.2750865660494237e-11
vdws = 0
atoms = 4
pairs = 6
 geom_x = 0.06586102743457532
 geom_a = 0
 geom_q = 0
 geom_c = 0.0
f1, 2= 6.5861e-02
WARNING: function not minimised
                       N restraints  r.m.s.d.  r.m.s.Z  Mn(sigma)
Bond distances, non H             4     0.001    0.076      0.013
Bond angles, non H                5     0.225    0.146      2.100
Chiral centres                    1     0.004    0.050      0.089



====== CYCLE 18 ======

 weight = 1.0000e+00
 geom_x = 0.06586102743457532
 geom_a = 0
 geom_q = 0
 geom_c = 0.0
f0= 6.5861e-02
using cgsolve in c++, ic=False
diag(geom) min= 473.649608 max= 14810.995784
diag(all) min= 473.649608 max= 14810.995784
Trying gamma equal 0.153930
Convergence reached after 5 iterations with no gamma cycles
min(dx) = -2.5788114204481622e-11
max(dx) = 3.323576320544447e-10
mean(dx)= 4.303871691299568e-11
vdws = 0
atoms = 4
pairs = 6
 geom_x = 0.06586102743457095
 geom_a = 0
 geom_q = 0
 geom_c = 0.0
f1, 0= 6.5861e-02
                       N restraints  r.m.s.d.  r.m.s.Z  Mn(sigma)
Bond distances, non H             4     0.001    0.076      0.013
Bond angles, non H                5     0.225    0.146      2.100
Chiral centres                    1     0.004    0.050      0.089



====== CYCLE 19 ======

 weight = 1.0000e+00
 geom_x = 0.06586102743457095
 geom_a = 0
 geom_q = 0
 geom_c = 0.0
f0= 6.5861e-02
using cgsolve in c++, ic=False
diag(geom) min= 473.649609 max= 14810.995784
diag(all) min= 473.649609 max= 14810.995784
Trying gamma equal 0.153930
Convergence reached after 5 iterations with no gamma cycles
min(dx) = -9.956777945293578e-12
max(dx) = 1.2446353855776994e-10
mean(dx)= 1.6156211323257746e-11
vdws = 0
atoms = 4
pairs = 6
 geom_x = 0.06586102743457499
 geom_a = 0
 geom_q = 0
 geom_c = 0.0
f1, 0= 6.5861e-02
min(dx) = -4.978388972646789e-12
max(dx) = 6.223176927888497e-11
mean(dx)= 8.078105661628873e-12
vdws = 0
atoms = 4
pairs = 6
 geom_x = 0.06586102743457332
 geom_a = 0
 geom_q = 0
 geom_c = 0.0
f1, 1= 6.5861e-02
min(dx) = -2.4891944863233945e-12
max(dx) = 3.1115884639442486e-11
mean(dx)= 4.0390528308144366e-12
vdws = 0
atoms = 4
pairs = 6
 geom_x = 0.06586102743457152
 geom_a = 0
 geom_q = 0
 geom_c = 0.0
f1, 2= 6.5861e-02
WARNING: function not minimised
                       N restraints  r.m.s.d.  r.m.s.Z  Mn(sigma)
Bond distances, non H             4     0.001    0.076      0.013
Bond angles, non H                5     0.225    0.146      2.100
Chiral centres                    1     0.004    0.050      0.089



====== CYCLE 20 ======

 weight = 1.0000e+00
 geom_x = 0.06586102743457152
 geom_a = 0
 geom_q = 0
 geom_c = 0.0
f0= 6.5861e-02
using cgsolve in c++, ic=False
diag(geom) min= 473.649609 max= 14810.995784
diag(all) min= 473.649609 max= 14810.995784
Trying gamma equal 0.153930
Convergence reached after 5 iterations with no gamma cycles
min(dx) = -8.421514006672396e-12
max(dx) = 1.0501812566714129e-10
mean(dx)= 1.3634738294392548e-11
vdws = 0
atoms = 4
pairs = 6
 geom_x = 0.06586102743457135
 geom_a = 0
 geom_q = 0
 geom_c = 0.0
f1, 0= 6.5861e-02
                       N restraints  r.m.s.d.  r.m.s.Z  Mn(sigma)
Bond distances, non H             4     0.001    0.076      0.013
Bond angles, non H                5     0.225    0.146      2.100
Chiral centres                    1     0.004    0.050      0.089



====== CYCLE 21 ======

 weight = 1.0000e+00
 geom_x = 0.06586102743457135
 geom_a = 0
 geom_q = 0
 geom_c = 0.0
f0= 6.5861e-02
using cgsolve in c++, ic=False
diag(geom) min= 473.649609 max= 14810.995784
diag(all) min= 473.649609 max= 14810.995784
Trying gamma equal 0.153930
Convergence reached after 5 iterations with no gamma cycles
min(dx) = -3.2253022716074174e-12
max(dx) = 3.9394268299187176e-11
mean(dx)= 5.123225211027443e-12
vdws = 0
atoms = 4
pairs = 6
 geom_x = 0.06586102743457133
 geom_a = 0
 geom_q = 0
 geom_c = 0.0
f1, 0= 6.5861e-02
                       N restraints  r.m.s.d.  r.m.s.Z  Mn(sigma)
Bond distances, non H             4     0.001    0.076      0.013
Bond angles, non H                5     0.225    0.146      2.100
Chiral centres                    1     0.004    0.050      0.089



====== CYCLE 22 ======

 weight = 1.0000e+00
 geom_x = 0.06586102743457133
 geom_a = 0
 geom_q = 0
 geom_c = 0.0
f0= 6.5861e-02
using cgsolve in c++, ic=False
diag(geom) min= 473.649609 max= 14810.995784
diag(all) min= 473.649609 max= 14810.995784
Trying gamma equal 0.153930
Convergence reached after 5 iterations with no gamma cycles
min(dx) = -1.2292236080965153e-12
max(dx) = 1.4794125622148376e-11
mean(dx)= 1.926269924694621e-12
vdws = 0
atoms = 4
pairs = 6
 geom_x = 0.06586102743457206
 geom_a = 0
 geom_q = 0
 geom_c = 0.0
f1, 0= 6.5861e-02
min(dx) = -6.146118040482576e-13
max(dx) = 7.397062811074188e-12
mean(dx)= 9.631349623473104e-13
vdws = 0
atoms = 4
pairs = 6
 geom_x = 0.065861027434574
 geom_a = 0
 geom_q = 0
 geom_c = 0.0
f1, 1= 6.5861e-02
min(dx) = -3.073059020241288e-13
max(dx) = 3.698531405537094e-12
mean(dx)= 4.815674811736552e-13
vdws = 0
atoms = 4
pairs = 6
 geom_x = 0.06586102743457416
 geom_a = 0
 geom_q = 0
 geom_c = 0.0
f1, 2= 6.5861e-02
WARNING: function not minimised
                       N restraints  r.m.s.d.  r.m.s.Z  Mn(sigma)
Bond distances, non H             4     0.001    0.076      0.013
Bond angles, non H                5     0.225    0.146      2.100
Chiral centres                    1     0.004    0.050      0.089



====== CYCLE 23 ======

 weight = 1.0000e+00
 geom_x = 0.06586102743457416
 geom_a = 0
 geom_q = 0
 geom_c = 0.0
f0= 6.5861e-02
using cgsolve in c++, ic=False
diag(geom) min= 473.649609 max= 14810.995784
diag(all) min= 473.649609 max= 14810.995784
Trying gamma equal 0.153930
Convergence reached after 5 iterations with no gamma cycles
min(dx) = -1.0386369801499594e-12
max(dx) = 1.2485400983141387e-11
mean(dx)= 1.625821503459957e-12
vdws = 0
atoms = 4
pairs = 6
 geom_x = 0.06586102743457342
 geom_a = 0
 geom_q = 0
 geom_c = 0.0
f1, 0= 6.5861e-02
                       N restraints  r.m.s.d.  r.m.s.Z  Mn(sigma)
Bond distances, non H             4     0.001    0.076      0.013
Bond angles, non H                5     0.225    0.146      2.100
Chiral centres                    1     0.004    0.050      0.089



====== CYCLE 24 ======

 weight = 1.0000e+00
 geom_x = 0.06586102743457342
 geom_a = 0
 geom_q = 0
 geom_c = 0.0
f0= 6.5861e-02
using cgsolve in c++, ic=False
diag(geom) min= 473.649609 max= 14810.995784
diag(all) min= 473.649609 max= 14810.995784
Trying gamma equal 0.153930
Convergence reached after 5 iterations with no gamma cycles
min(dx) = -3.9429357533915064e-13
max(dx) = 4.6924150295853686e-12
mean(dx)= 6.115730301268514e-13
vdws = 0
atoms = 4
pairs = 6
 geom_x = 0.06586102743457481
 geom_a = 0
 geom_q = 0
 geom_c = 0.0
f1, 0= 6.5861e-02
min(dx) = -1.9714678766957532e-13
max(dx) = 2.3462075147926843e-12
mean(dx)= 3.057865150634257e-13
vdws = 0
atoms = 4
pairs = 6
 geom_x = 0.06586102743457299
 geom_a = 0
 geom_q = 0
 geom_c = 0.0
f1, 1= 6.5861e-02
                       N restraints  r.m.s.d.  r.m.s.Z  Mn(sigma)
Bond distances, non H             4     0.001    0.076      0.013
Bond angles, non H                5     0.225    0.146      2.100
Chiral centres                    1     0.004    0.050      0.089



====== CYCLE 25 ======

 weight = 1.0000e+00
 geom_x = 0.06586102743457299
 geom_a = 0
 geom_q = 0
 geom_c = 0.0
f0= 6.5861e-02
using cgsolve in c++, ic=False
diag(geom) min= 473.649609 max= 14810.995784
diag(all) min= 473.649609 max= 14810.995784
Trying gamma equal 0.153930
Convergence reached after 5 iterations with no gamma cycles
min(dx) = -2.717864954680819e-13
max(dx) = 3.228781626044279e-12
mean(dx)= 4.208723141377243e-13
vdws = 0
atoms = 4
pairs = 6
 geom_x = 0.06586102743457795
 geom_a = 0
 geom_q = 0
 geom_c = 0.0
f1, 0= 6.5861e-02
min(dx) = -1.3589324773404095e-13
max(dx) = 1.6143908130221394e-12
mean(dx)= 2.1043615706886214e-13
vdws = 0
atoms = 4
pairs = 6
 geom_x = 0.0658610274345732
 geom_a = 0
 geom_q = 0
 geom_c = 0.0
f1, 1= 6.5861e-02
min(dx) = -6.794662386702047e-14
max(dx) = 8.071954065110697e-13
mean(dx)= 1.0521807853443107e-13
vdws = 0
atoms = 4
pairs = 6
 geom_x = 0.06586102743457373
 geom_a = 0
 geom_q = 0
 geom_c = 0.0
f1, 2= 6.5861e-02
WARNING: function not minimised
                       N restraints  r.m.s.d.  r.m.s.Z  Mn(sigma)
Bond distances, non H             4     0.001    0.076      0.013
Bond angles, non H                5     0.225    0.146      2.100
Chiral centres                    1     0.004    0.050      0.089



====== CYCLE 26 ======

 weight = 1.0000e+00
 geom_x = 0.06586102743457373
 geom_a = 0
 geom_q = 0
 geom_c = 0.0
f0= 6.5861e-02
using cgsolve in c++, ic=False
diag(geom) min= 473.649609 max= 14810.995784
diag(all) min= 473.649609 max= 14810.995784
Trying gamma equal 0.153930
Convergence reached after 5 iterations with no gamma cycles
min(dx) = -2.295808313060645e-13
max(dx) = 2.7248299926397128e-12
mean(dx)= 3.552062640095008e-13
vdws = 0
atoms = 4
pairs = 6
 geom_x = 0.06586102743456831
 geom_a = 0
 geom_q = 0
 geom_c = 0.0
f1, 0= 6.5861e-02
                       N restraints  r.m.s.d.  r.m.s.Z  Mn(sigma)
Bond distances, non H             4     0.001    0.076      0.013
Bond angles, non H                5     0.225    0.146      2.100
Chiral centres                    1     0.004    0.050      0.089



====== CYCLE 27 ======

 weight = 1.0000e+00
 geom_x = 0.06586102743456831
 geom_a = 0
 geom_q = 0
 geom_c = 0.0
f0= 6.5861e-02
using cgsolve in c++, ic=False
diag(geom) min= 473.649609 max= 14810.995784
diag(all) min= 473.649609 max= 14810.995784
Trying gamma equal 0.153930
Convergence reached after 5 iterations with no gamma cycles
min(dx) = -8.683757693418066e-14
max(dx) = 1.0251753971471181e-12
mean(dx)= 1.3370687951831747e-13
vdws = 0
atoms = 4
pairs = 6
 geom_x = 0.06586102743457517
 geom_a = 0
 geom_q = 0
 geom_c = 0.0
f1, 0= 6.5861e-02
min(dx) = -4.341878846709033e-14
max(dx) = 5.125876985735591e-13
mean(dx)= 6.685343975915873e-14
vdws = 0
atoms = 4
pairs = 6
 geom_x = 0.06586102743457084
 geom_a = 0
 geom_q = 0
 geom_c = 0.0
f1, 1= 6.5861e-02
min(dx) = -2.1709394233545166e-14
max(dx) = 2.5629384928677953e-13
mean(dx)= 3.3426719879579367e-14
vdws = 0
atoms = 4
pairs = 6
 geom_x = 0.06586102743456987
 geom_a = 0
 geom_q = 0
 geom_c = 0.0
f1, 2= 6.5861e-02
WARNING: function not minimised
                       N restraints  r.m.s.d.  r.m.s.Z  Mn(sigma)
Bond distances, non H             4     0.001    0.076      0.013
Bond angles, non H                5     0.225    0.146      2.100
Chiral centres                    1     0.004    0.050      0.089



====== CYCLE 28 ======

 weight = 1.0000e+00
 geom_x = 0.06586102743456987
 geom_a = 0
 geom_q = 0
 geom_c = 0.0
f0= 6.5861e-02
using cgsolve in c++, ic=False
diag(geom) min= 473.649609 max= 14810.995784
diag(all) min= 473.649609 max= 14810.995784
Trying gamma equal 0.153930
Convergence reached after 5 iterations with no gamma cycles
min(dx) = -7.336321893820052e-14
max(dx) = 8.649106281700105e-13
mean(dx)= 1.1282101380421632e-13
vdws = 0
atoms = 4
pairs = 6
 geom_x = 0.06586102743457156
 geom_a = 0
 geom_q = 0
 geom_c = 0.0
f1, 0= 6.5861e-02
min(dx) = -3.668160946910026e-14
max(dx) = 4.3245531408500526e-13
mean(dx)= 5.641050690210816e-14
vdws = 0
atoms = 4
pairs = 6
 geom_x = 0.06586102743457171
 geom_a = 0
 geom_q = 0
 geom_c = 0.0
f1, 1= 6.5861e-02
min(dx) = -1.834080473455013e-14
max(dx) = 2.1622765704250263e-13
mean(dx)= 2.820525345105408e-14
vdws = 0
atoms = 4
pairs = 6
 geom_x = 0.06586102743457219
 geom_a = 0
 geom_q = 0
 geom_c = 0.0
f1, 2= 6.5861e-02
WARNING: function not minimised
                       N restraints  r.m.s.d.  r.m.s.Z  Mn(sigma)
Bond distances, non H             4     0.001    0.076      0.013
Bond angles, non H                5     0.225    0.146      2.100
Chiral centres                    1     0.004    0.050      0.089



====== CYCLE 29 ======

 weight = 1.0000e+00
 geom_x = 0.06586102743457219
 geom_a = 0
 geom_q = 0
 geom_c = 0.0
f0= 6.5861e-02
using cgsolve in c++, ic=False
diag(geom) min= 473.649609 max= 14810.995784
diag(all) min= 473.649609 max= 14810.995784
Trying gamma equal 0.153930
Convergence reached after 5 iterations with no gamma cycles
min(dx) = -6.196817747985069e-14
max(dx) = 7.301542002027065e-13
mean(dx)= 9.525738142540362e-14
vdws = 0
atoms = 4
pairs = 6
 geom_x = 0.06586102743457468
 geom_a = 0
 geom_q = 0
 geom_c = 0.0
f1, 0= 6.5861e-02
min(dx) = -3.0984088739925345e-14
max(dx) = 3.6507710010135324e-13
mean(dx)= 4.762869071270181e-14
vdws = 0
atoms = 4
pairs = 6
 geom_x = 0.06586102743457274
 geom_a = 0
 geom_q = 0
 geom_c = 0.0
f1, 1= 6.5861e-02
min(dx) = -1.5492044369962673e-14
max(dx) = 1.8253855005067662e-13
mean(dx)= 2.3814345356350905e-14
vdws = 0
atoms = 4
pairs = 6
 geom_x = 0.06586102743457187
 geom_a = 0
 geom_q = 0
 geom_c = 0.0
f1, 2= 6.5861e-02
                       N restraints  r.m.s.d.  r.m.s.Z  Mn(sigma)
Bond distances, non H             4     0.001    0.076      0.013
Bond angles, non H                5     0.225    0.146      2.100
Chiral centres                    1     0.004    0.050      0.089



====== CYCLE 30 ======

 weight = 1.0000e+00
 geom_x = 0.06586102743457187
 geom_a = 0
 geom_q = 0
 geom_c = 0.0
f0= 6.5861e-02
using cgsolve in c++, ic=False
diag(geom) min= 473.649609 max= 14810.995784
diag(all) min= 473.649609 max= 14810.995784
Trying gamma equal 0.153930
Convergence reached after 5 iterations with no gamma cycles
min(dx) = -5.235984860604981e-14
max(dx) = 6.163519164570351e-13
mean(dx)= 8.04111822997392e-14
vdws = 0
atoms = 4
pairs = 6
 geom_x = 0.06586102743457556
 geom_a = 0
 geom_q = 0
 geom_c = 0.0
f1, 0= 6.5861e-02
min(dx) = -2.6179924303024906e-14
max(dx) = 3.0817595822851757e-13
mean(dx)= 4.02055911498696e-14
vdws = 0
atoms = 4
pairs = 6
 geom_x = 0.06586102743456951
 geom_a = 0
 geom_q = 0
 geom_c = 0.0
f1, 1= 6.5861e-02
                       N restraints  r.m.s.d.  r.m.s.Z  Mn(sigma)
Bond distances, non H             4     0.001    0.076      0.013
Bond angles, non H                5     0.225    0.146      2.100
Chiral centres                    1     0.004    0.050      0.089


$TABLE: stats vs cycle :
$GRAPHS
: Geometry :A:1,4,2:
: Geometry Z :A:1,5,3:
$$
 Ncyc  rmsBOND  zBOND  rmsANGL  zANGL
$$
$$
    0   0.0009 0.0770   0.2460 0.1497
    1   0.0008 0.0759   0.2276 0.1462
    2   0.0008 0.0758   0.2253 0.1458
    3   0.0008 0.0758   0.2248 0.1458
    4   0.0008 0.0758   0.2247 0.1458
    5   0.0008 0.0758   0.2246 0.1458
    6   0.0008 0.0758   0.2246 0.1458
    7   0.0008 0.0758   0.2246 0.1458
    8   0.0008 0.0758   0.2246 0.1458
    9   0.0008 0.0758   0.2246 0.1458
   10   0.0008 0.0758   0.2246 0.1458
   11   0.0008 0.0758   0.2246 0.1458
   12   0.0008 0.0758   0.2246 0.1458
   13   0.0008 0.0758   0.2246 0.1458
   14   0.0008 0.0758   0.2246 0.1458
   15   0.0008 0.0758   0.2246 0.1458
   16   0.0008 0.0758   0.2246 0.1458
   17   0.0008 0.0758   0.2246 0.1458
   18   0.0008 0.0758   0.2246 0.1458
   19   0.0008 0.0758   0.2246 0.1458
   20   0.0008 0.0758   0.2246 0.1458
   21   0.0008 0.0758   0.2246 0.1458
   22   0.0008 0.0758   0.2246 0.1458
   23   0.0008 0.0758   0.2246 0.1458
   24   0.0008 0.0758   0.2246 0.1458
   25   0.0008 0.0758   0.2246 0.1458
   26   0.0008 0.0758   0.2246 0.1458
   27   0.0008 0.0758   0.2246 0.1458
   28   0.0008 0.0758   0.2246 0.1458
   29   0.0008 0.0758   0.2246 0.1458
   30   0.0008 0.0758   0.2246 0.1458
$$

Creating restraints..

Chain info:
 chain 
  ligands: EPX (1 residues)

Number of refinement parameters:
       n_params  n_atoms  n_atoms_geom_only  n_atoms_data_only
xyz          10       10                  6                  0
adp           0        0                  0                  0
occ           0        0                  0                  0
dfrac         0        0                  0                  0

Randomizing structure with rmsd of 0.01
Torsion angle rules:
 include:
  {'group': 'peptide', 'tors_name': 'chi*'}
  {'link': '*', 'tors_name': 'omega'}
  {'residue': '*', 'tors_name': 'sp2_sp2*'}
  {'link': '*', 'tors_name': 'sp2_sp2*'}
 exclude:
  none
External restraints from Refmac instructions
 Number of distances          : 0
 Number of angles             : 0
 Number of torsions           : 0
 Number of chirals            : 0
 Number of planes             : 0
 Number of intervals          : 0
 Number of stackings          : 0
 Number of harmonics          : 0
 Number of special positions  : 0

Running 10 cycles with wchir=4 wvdw=2 with hydrogen
Geometry weights
vdws = 15
atoms = 10
pairs = 41
                          N restraints  r.m.s.d.  r.m.s.Z  Mn(sigma)
Bond distances, non H                4     0.007    0.500      0.013
Bond distances, H                    6     0.009    0.488      0.016
Bond angles, non H                   5     0.694    0.291      2.100
Bond angles, H                      14     0.573    0.334      1.929
Torsion angles, period 3             1     0.427    0.043     10.000
Chiral centres                       1     0.026    0.291      0.089


====== CYCLE  1 ======

 weight = 1.0000e+00
 geom_x = 2.8864475555303564
 geom_a = 0
 geom_q = 0
 geom_c = 0.0
f0= 2.8864e+00
using cgsolve in c++, ic=False
diag(geom) min= 903.424168 max= 31607.325259
diag(all) min= 903.424168 max= 31607.325259
Trying gamma equal 0.000000
Not converging with gamma equal 0.000000
Trying gamma equal 0.052500
Gamma decreased to 0.042000
min(dx) = -0.013073671825066762
max(dx) = 0.006463832339299572
mean(dx)= -0.0016962288453003138
vdws = 15
atoms = 10
pairs = 41
 geom_x = 0.11748030437171356
 geom_a = 0
 geom_q = 0
 geom_c = 0.0
f1, 0= 1.1748e-01
                          N restraints  r.m.s.d.  r.m.s.Z  Mn(sigma)
Bond distances, non H                4     0.001    0.073      0.013
Bond distances, H                    6     0.000    0.018      0.016
Bond angles, non H                   5     0.312    0.166      2.100
Bond angles, H                      14     0.158    0.070      1.929
Torsion angles, period 3             1     0.156    0.016     10.000
Chiral centres                       1     0.002    0.018      0.089



====== CYCLE  2 ======

 weight = 1.0000e+00
 geom_x = 0.11748030437171356
 geom_a = 0
 geom_q = 0
 geom_c = 0.0
f0= 1.1748e-01
using cgsolve in c++, ic=False
diag(geom) min= 921.363522 max= 31467.866723
diag(all) min= 921.363522 max= 31467.866723
Trying gamma equal 0.042000
Convergence reached after 22 iterations with no gamma cycles
min(dx) = -0.0014612749793980364
max(dx) = 0.0009347694277315073
mean(dx)= -0.00016687200499926165
vdws = 15
atoms = 10
pairs = 41
 geom_x = 0.10813969714083116
 geom_a = 0
 geom_q = 0
 geom_c = 0.0
f1, 0= 1.0814e-01
                          N restraints  r.m.s.d.  r.m.s.Z  Mn(sigma)
Bond distances, non H                4     0.001    0.072      0.013
Bond distances, H                    6     0.000    0.001      0.016
Bond angles, non H                   5     0.279    0.157      2.100
Bond angles, H                      14     0.168    0.072      1.929
Torsion angles, period 3             1     0.067    0.007     10.000
Chiral centres                       1     0.000    0.002      0.089



====== CYCLE  3 ======

 weight = 1.0000e+00
 geom_x = 0.10813969714083116
 geom_a = 0
 geom_q = 0
 geom_c = 0.0
f0= 1.0814e-01
using cgsolve in c++, ic=False
diag(geom) min= 921.433773 max= 31435.127046
diag(all) min= 921.433773 max= 31435.127046
Trying gamma equal 0.042000
Convergence reached after 21 iterations with no gamma cycles
min(dx) = -0.0005254353999548276
max(dx) = 0.0004172864310782186
mean(dx)= -6.072590888347034e-05
vdws = 15
atoms = 10
pairs = 41
 geom_x = 0.10750413051603583
 geom_a = 0
 geom_q = 0
 geom_c = 0.0
f1, 0= 1.0750e-01
                          N restraints  r.m.s.d.  r.m.s.Z  Mn(sigma)
Bond distances, non H                4     0.001    0.073      0.013
Bond distances, H                    6     0.000    0.000      0.016
Bond angles, non H                   5     0.270    0.155      2.100
Bond angles, H                      14     0.171    0.073      1.929
Torsion angles, period 3             1     0.026    0.003     10.000
Chiral centres                       1     0.000    0.001      0.089



====== CYCLE  4 ======

 weight = 1.0000e+00
 geom_x = 0.10750413051603583
 geom_a = 0
 geom_q = 0
 geom_c = 0.0
f0= 1.0750e-01
using cgsolve in c++, ic=False
diag(geom) min= 921.367578 max= 31422.111230
diag(all) min= 921.367578 max= 31422.111230
Trying gamma equal 0.042000
Convergence reached after 20 iterations with no gamma cycles
min(dx) = -0.0003052397533172714
max(dx) = 0.00022513291690896657
mean(dx)= -3.482411525300435e-05
vdws = 15
atoms = 10
pairs = 41
 geom_x = 0.10730836631990022
 geom_a = 0
 geom_q = 0
 geom_c = 0.0
f1, 0= 1.0731e-01
                          N restraints  r.m.s.d.  r.m.s.Z  Mn(sigma)
Bond distances, non H                4     0.001    0.073      0.013
Bond distances, H                    6     0.000    0.000      0.016
Bond angles, non H                   5     0.267    0.154      2.100
Bond angles, H                      14     0.172    0.073      1.929
Torsion angles, period 3             1     0.004    0.000     10.000
Chiral centres                       1     0.000    0.000      0.089



====== CYCLE  5 ======

 weight = 1.0000e+00
 geom_x = 0.10730836631990022
 geom_a = 0
 geom_q = 0
 geom_c = 0.0
f0= 1.0731e-01
using cgsolve in c++, ic=False
diag(geom) min= 921.340210 max= 31415.551944
diag(all) min= 921.340210 max= 31415.551944
Trying gamma equal 0.042000
Convergence reached after 19 iterations with no gamma cycles
min(dx) = -0.00020349739550082295
max(dx) = 0.00014290041979269952
mean(dx)= -2.1302206797867798e-05
vdws = 15
atoms = 10
pairs = 41
 geom_x = 0.10723295722247336
 geom_a = 0
 geom_q = 0
 geom_c = 0.0
f1, 0= 1.0723e-01
                          N restraints  r.m.s.d.  r.m.s.Z  Mn(sigma)
Bond distances, non H                4     0.001    0.073      0.013
Bond distances, H                    6     0.000    0.000      0.016
Bond angles, non H                   5     0.266    0.154      2.100
Bond angles, H                      14     0.172    0.073      1.929
Torsion angles, period 3             1     0.008    0.001     10.000
Chiral centres                       1     0.000    0.000      0.089



====== CYCLE  6 ======

 weight = 1.0000e+00
 geom_x = 0.10723295722247336
 geom_a = 0
 geom_q = 0
 geom_c = 0.0
f0= 1.0723e-01
using cgsolve in c++, ic=False
diag(geom) min= 921.323252 max= 31411.824242
diag(all) min= 921.323252 max= 31411.824242
Trying gamma equal 0.042000
Convergence reached after 19 iterations with no gamma cycles
min(dx) = -0.00013552019992440665
max(dx) = 9.22701464050274e-05
mean(dx)= -1.3291980961829618e-05
vdws = 15
atoms = 10
pairs = 41
 geom_x = 0.10720174695983997
 geom_a = 0
 geom_q = 0
 geom_c = 0.0
f1, 0= 1.0720e-01
                          N restraints  r.m.s.d.  r.m.s.Z  Mn(sigma)
Bond distances, non H                4     0.001    0.073      0.013
Bond distances, H                    6     0.000    0.000      0.016
Bond angles, non H                   5     0.266    0.154      2.100
Bond angles, H                      14     0.172    0.073      1.929
Torsion angles, period 3             1     0.014    0.001     10.000
Chiral centres                       1     0.000    0.000      0.089



====== CYCLE  7 ======

 weight = 1.0000e+00
 geom_x = 0.10720174695983997
 geom_a = 0
 geom_q = 0
 geom_c = 0.0
f0= 1.0720e-01
using cgsolve in c++, ic=False
diag(geom) min= 921.311758 max= 31409.518876
diag(all) min= 921.311758 max= 31409.518876
Trying gamma equal 0.042000
Convergence reached after 19 iterations with no gamma cycles
min(dx) = -9.041968887165883e-05
max(dx) = 5.972577509899897e-05
mean(dx)= -8.395233654762596e-06
vdws = 15
atoms = 10
pairs = 41
 geom_x = 0.10718832758865804
 geom_a = 0
 geom_q = 0
 geom_c = 0.0
f1, 0= 1.0719e-01
                          N restraints  r.m.s.d.  r.m.s.Z  Mn(sigma)
Bond distances, non H                4     0.001    0.073      0.013
Bond distances, H                    6     0.000    0.000      0.016
Bond angles, non H                   5     0.265    0.154      2.100
Bond angles, H                      14     0.173    0.073      1.929
Torsion angles, period 3             1     0.016    0.002     10.000
Chiral centres                       1     0.000    0.000      0.089



====== CYCLE  8 ======

 weight = 1.0000e+00
 geom_x = 0.10718832758865804
 geom_a = 0
 geom_q = 0
 geom_c = 0.0
f0= 1.0719e-01
using cgsolve in c++, ic=False
diag(geom) min= 921.303966 max= 31408.002305
diag(all) min= 921.303966 max= 31408.002305
Trying gamma equal 0.042000
Convergence reached after 19 iterations with no gamma cycles
min(dx) = -7.14200459472906e-05
max(dx) = 4.1732761949639985e-05
mean(dx)= -5.348942758025428e-06
vdws = 15
atoms = 10
pairs = 41
 geom_x = 0.10718232441235277
 geom_a = 0
 geom_q = 0
 geom_c = 0.0
f1, 0= 1.0718e-01
                          N restraints  r.m.s.d.  r.m.s.Z  Mn(sigma)
Bond distances, non H                4     0.001    0.073      0.013
Bond distances, H                    6     0.000    0.000      0.016
Bond angles, non H                   5     0.265    0.154      2.100
Bond angles, H                      14     0.173    0.073      1.929
Torsion angles, period 3             1     0.017    0.002     10.000
Chiral centres                       1     0.000    0.001      0.089



====== CYCLE  9 ======

 weight = 1.0000e+00
 geom_x = 0.10718232441235277
 geom_a = 0
 geom_q = 0
 geom_c = 0.0
f0= 1.0718e-01
using cgsolve in c++, ic=False
diag(geom) min= 921.298733 max= 31406.957552
diag(all) min= 921.298733 max= 31406.957552
Trying gamma equal 0.042000
Convergence reached after 19 iterations with no gamma cycles
min(dx) = -5.811530128858795e-05
max(dx) = 3.07527623165641e-05
mean(dx)= -3.4308147962934988e-06
vdws = 15
atoms = 10
pairs = 41
 geom_x = 0.10717948558524162
 geom_a = 0
 geom_q = 0
 geom_c = 0.0
f1, 0= 1.0718e-01
                          N restraints  r.m.s.d.  r.m.s.Z  Mn(sigma)
Bond distances, non H                4     0.001    0.073      0.013
Bond distances, H                    6     0.000    0.000      0.016
Bond angles, non H                   5     0.265    0.154      2.100
Bond angles, H                      14     0.173    0.073      1.929
Torsion angles, period 3             1     0.017    0.002     10.000
Chiral centres                       1     0.000    0.001      0.089



====== CYCLE 10 ======

 weight = 1.0000e+00
 geom_x = 0.10717948558524162
 geom_a = 0
 geom_q = 0
 geom_c = 0.0
f0= 1.0718e-01
using cgsolve in c++, ic=False
diag(geom) min= 921.295245 max= 31406.210927
diag(all) min= 921.295245 max= 31406.210927
Trying gamma equal 0.042000
Convergence reached after 19 iterations with no gamma cycles
min(dx) = -4.805685955460929e-05
max(dx) = 2.3112087891298855e-05
mean(dx)= -2.2126948112473357e-06
vdws = 15
atoms = 10
pairs = 41
 geom_x = 0.1071780368730271
 geom_a = 0
 geom_q = 0
 geom_c = 0.0
f1, 0= 1.0718e-01
                          N restraints  r.m.s.d.  r.m.s.Z  Mn(sigma)
Bond distances, non H                4     0.001    0.073      0.013
Bond distances, H                    6     0.000    0.000      0.016
Bond angles, non H                   5     0.265    0.154      2.100
Bond angles, H                      14     0.173    0.073      1.929
Torsion angles, period 3             1     0.016    0.002     10.000
Chiral centres                       1     0.000    0.001      0.089


$TABLE: stats vs cycle :
$GRAPHS
: Geometry :A:1,4,2:
: Geometry Z :A:1,5,3:
$$
 Ncyc  rmsBOND  zBOND  rmsANGL  zANGL
$$
$$
    0   0.0065 0.5003   0.6935 0.2912
    1   0.0008 0.0733   0.3125 0.1656
    2   0.0008 0.0723   0.2785 0.1567
    3   0.0008 0.0725   0.2703 0.1550
    4   0.0008 0.0726   0.2673 0.1543
    5   0.0008 0.0727   0.2661 0.1541
    6   0.0008 0.0728   0.2656 0.1540
    7   0.0008 0.0728   0.2654 0.1539
    8   0.0008 0.0729   0.2652 0.1539
    9   0.0008 0.0729   0.2651 0.1538
   10   0.0008 0.0729   0.2651 0.1538
$$

Running 30 cycles with wchir=1 wvdw=2 with hydrogen
Geometry weights
vdws = 15
atoms = 10
pairs = 41
                          N restraints  r.m.s.d.  r.m.s.Z  Mn(sigma)
Bond distances, non H                4     0.001    0.073      0.013
Bond distances, H                    6     0.000    0.000      0.016
Bond angles, non H                   5     0.265    0.154      2.100
Bond angles, H                      14     0.173    0.073      1.929
Torsion angles, period 3             1     0.016    0.002     10.000
Chiral centres                       1     0.000    0.001      0.089


====== CYCLE  1 ======

 weight = 1.0000e+00
 geom_x = 0.10717589664894027
 geom_a = 0
 geom_q = 0
 geom_c = 0.0
f0= 1.0718e-01
using cgsolve in c++, ic=False
diag(geom) min= 921.292927 max= 17578.610597
diag(all) min= 921.292927 max= 17578.610597
Trying gamma equal 0.042000
Convergence reached after 22 iterations with no gamma cycles
min(dx) = -5.676594899394166e-05
max(dx) = 7.063952581018426e-05
mean(dx)= 3.405723365104248e-08
vdws = 15
atoms = 10
pairs = 41
 geom_x = 0.10716244221286247
 geom_a = 0
 geom_q = 0
 geom_c = 0.0
f1, 0= 1.0716e-01
                          N restraints  r.m.s.d.  r.m.s.Z  Mn(sigma)
Bond distances, non H                4     0.001    0.073      0.013
Bond distances, H                    6     0.000    0.000      0.016
Bond angles, non H                   5     0.267    0.154      2.100
Bond angles, H                      14     0.172    0.073      1.929
Torsion angles, period 3             1     0.014    0.001     10.000
Chiral centres                       1     0.000    0.003      0.089



====== CYCLE  2 ======

 weight = 1.0000e+00
 geom_x = 0.10716244221286247
 geom_a = 0
 geom_q = 0
 geom_c = 0.0
f0= 1.0716e-01
using cgsolve in c++, ic=False
diag(geom) min= 921.306729 max= 17578.208258
diag(all) min= 921.306729 max= 17578.208258
Trying gamma equal 0.042000
Convergence reached after 22 iterations with no gamma cycles
min(dx) = -3.928790347956154e-05
max(dx) = 3.138191621975115e-05
mean(dx)= -1.016185055383422e-06
vdws = 15
atoms = 10
pairs = 41
 geom_x = 0.10716096389793643
 geom_a = 0
 geom_q = 0
 geom_c = 0.0
f1, 0= 1.0716e-01
                          N restraints  r.m.s.d.  r.m.s.Z  Mn(sigma)
Bond distances, non H                4     0.001    0.073      0.013
Bond distances, H                    6     0.000    0.000      0.016
Bond angles, non H                   5     0.267    0.154      2.100
Bond angles, H                      14     0.171    0.073      1.929
Torsion angles, period 3             1     0.013    0.001     10.000
Chiral centres                       1     0.000    0.004      0.089



====== CYCLE  3 ======

 weight = 1.0000e+00
 geom_x = 0.10716096389793643
 geom_a = 0
 geom_q = 0
 geom_c = 0.0
f0= 1.0716e-01
using cgsolve in c++, ic=False
diag(geom) min= 921.311838 max= 17578.051043
diag(all) min= 921.311838 max= 17578.051043
Trying gamma equal 0.042000
Convergence reached after 20 iterations with no gamma cycles
min(dx) = -3.144162290194931e-05
max(dx) = 2.237170886426959e-05
mean(dx)= -7.739483096096184e-07
vdws = 15
atoms = 10
pairs = 41
 geom_x = 0.10716042071457513
 geom_a = 0
 geom_q = 0
 geom_c = 0.0
f1, 0= 1.0716e-01
                          N restraints  r.m.s.d.  r.m.s.Z  Mn(sigma)
Bond distances, non H                4     0.001    0.073      0.013
Bond distances, H                    6     0.000    0.000      0.016
Bond angles, non H                   5     0.267    0.154      2.100
Bond angles, H                      14     0.171    0.073      1.929
Torsion angles, period 3             1     0.012    0.001     10.000
Chiral centres                       1     0.000    0.004      0.089



====== CYCLE  4 ======

 weight = 1.0000e+00
 geom_x = 0.10716042071457513
 geom_a = 0
 geom_q = 0
 geom_c = 0.0
f0= 1.0716e-01
using cgsolve in c++, ic=False
diag(geom) min= 921.312444 max= 17577.975176
diag(all) min= 921.312444 max= 17577.975176
Trying gamma equal 0.042000
Convergence reached after 20 iterations with no gamma cycles
min(dx) = -2.6217752548438767e-05
max(dx) = 1.8820889045761542e-05
mean(dx)= -5.15394449608985e-07
vdws = 15
atoms = 10
pairs = 41
 geom_x = 0.1071601279998714
 geom_a = 0
 geom_q = 0
 geom_c = 0.0
f1, 0= 1.0716e-01
                          N restraints  r.m.s.d.  r.m.s.Z  Mn(sigma)
Bond distances, non H                4     0.001    0.073      0.013
Bond distances, H                    6     0.000    0.000      0.016
Bond angles, non H                   5     0.267    0.154      2.100
Bond angles, H                      14     0.171    0.073      1.929
Torsion angles, period 3             1     0.010    0.001     10.000
Chiral centres                       1     0.000    0.004      0.089



====== CYCLE  5 ======

 weight = 1.0000e+00
 geom_x = 0.1071601279998714
 geom_a = 0
 geom_q = 0
 geom_c = 0.0
f0= 1.0716e-01
using cgsolve in c++, ic=False
diag(geom) min= 921.312150 max= 17577.934983
diag(all) min= 921.312150 max= 17577.934983
Trying gamma equal 0.042000
Convergence reached after 19 iterations with no gamma cycles
min(dx) = -2.220964780707124e-05
max(dx) = 1.6514176852439968e-05
mean(dx)= -3.3950928356549735e-07
vdws = 15
atoms = 10
pairs = 41
 geom_x = 0.10715993969646062
 geom_a = 0
 geom_q = 0
 geom_c = 0.0
f1, 0= 1.0716e-01
                          N restraints  r.m.s.d.  r.m.s.Z  Mn(sigma)
Bond distances, non H                4     0.001    0.073      0.013
Bond distances, H                    6     0.000    0.000      0.016
Bond angles, non H                   5     0.267    0.154      2.100
Bond angles, H                      14     0.171    0.073      1.929
Torsion angles, period 3             1     0.009    0.001     10.000
Chiral centres                       1     0.000    0.004      0.089



====== CYCLE  6 ======

 weight = 1.0000e+00
 geom_x = 0.10715993969646062
 geom_a = 0
 geom_q = 0
 geom_c = 0.0
f0= 1.0716e-01
using cgsolve in c++, ic=False
diag(geom) min= 921.311737 max= 17577.912941
diag(all) min= 921.311737 max= 17577.912941
Trying gamma equal 0.042000
Convergence reached after 19 iterations with no gamma cycles
min(dx) = -1.8991869276911475e-05
max(dx) = 1.462827479151842e-05
mean(dx)= -2.271029120980942e-07
vdws = 15
atoms = 10
pairs = 41
 geom_x = 0.10715980749216095
 geom_a = 0
 geom_q = 0
 geom_c = 0.0
f1, 0= 1.0716e-01
                          N restraints  r.m.s.d.  r.m.s.Z  Mn(sigma)
Bond distances, non H                4     0.001    0.073      0.013
Bond distances, H                    6     0.000    0.000      0.016
Bond angles, non H                   5     0.267    0.154      2.100
Bond angles, H                      14     0.171    0.073      1.929
Torsion angles, period 3             1     0.008    0.001     10.000
Chiral centres                       1     0.000    0.004      0.089



====== CYCLE  7 ======

 weight = 1.0000e+00
 geom_x = 0.10715980749216095
 geom_a = 0
 geom_q = 0
 geom_c = 0.0
f0= 1.0716e-01
using cgsolve in c++, ic=False
diag(geom) min= 921.311370 max= 17577.900824
diag(all) min= 921.311370 max= 17577.900824
Trying gamma equal 0.042000
Convergence reached after 17 iterations with no gamma cycles
min(dx) = -1.6347274479492403e-05
max(dx) = 1.2956995652226741e-05
mean(dx)= -1.5576273036288648e-07
vdws = 15
atoms = 10
pairs = 41
 geom_x = 0.1071597105375571
 geom_a = 0
 geom_q = 0
 geom_c = 0.0
f1, 0= 1.0716e-01
                          N restraints  r.m.s.d.  r.m.s.Z  Mn(sigma)
Bond distances, non H                4     0.001    0.073      0.013
Bond distances, H                    6     0.000    0.000      0.016
Bond angles, non H                   5     0.267    0.154      2.100
Bond angles, H                      14     0.171    0.073      1.929
Torsion angles, period 3             1     0.007    0.001     10.000
Chiral centres                       1     0.000    0.004      0.089



====== CYCLE  8 ======

 weight = 1.0000e+00
 geom_x = 0.1071597105375571
 geom_a = 0
 geom_q = 0
 geom_c = 0.0
f0= 1.0716e-01
using cgsolve in c++, ic=False
diag(geom) min= 921.311074 max= 17577.894311
diag(all) min= 921.311074 max= 17577.894311
Trying gamma equal 0.042000
Convergence reached after 17 iterations with no gamma cycles
min(dx) = -1.413732359343133e-05
max(dx) = 1.1448983063824216e-05
mean(dx)= -1.1006636261850473e-07
vdws = 15
atoms = 10
pairs = 41
 geom_x = 0.10715963788102112
 geom_a = 0
 geom_q = 0
 geom_c = 0.0
f1, 0= 1.0716e-01
                          N restraints  r.m.s.d.  r.m.s.Z  Mn(sigma)
Bond distances, non H                4     0.001    0.073      0.013
Bond distances, H                    6     0.000    0.000      0.016
Bond angles, non H                   5     0.267    0.154      2.100
Bond angles, H                      14     0.171    0.073      1.929
Torsion angles, period 3             1     0.006    0.001     10.000
Chiral centres                       1     0.000    0.004      0.089



====== CYCLE  9 ======

 weight = 1.0000e+00
 geom_x = 0.10715963788102112
 geom_a = 0
 geom_q = 0
 geom_c = 0.0
f0= 1.0716e-01
using cgsolve in c++, ic=False
diag(geom) min= 921.310838 max= 17577.890999
diag(all) min= 921.310838 max= 17577.890999
Trying gamma equal 0.042000
Convergence reached after 16 iterations with no gamma cycles
min(dx) = -1.2267335901540726e-05
max(dx) = 1.0090335607471374e-05
mean(dx)= -8.037413125490864e-08
vdws = 15
atoms = 10
pairs = 41
 geom_x = 0.1071595828540238
 geom_a = 0
 geom_q = 0
 geom_c = 0.0
f1, 0= 1.0716e-01
                          N restraints  r.m.s.d.  r.m.s.Z  Mn(sigma)
Bond distances, non H                4     0.001    0.073      0.013
Bond distances, H                    6     0.000    0.000      0.016
Bond angles, non H                   5     0.267    0.154      2.100
Bond angles, H                      14     0.171    0.073      1.929
Torsion angles, period 3             1     0.006    0.001     10.000
Chiral centres                       1     0.000    0.004      0.089



====== CYCLE 10 ======

 weight = 1.0000e+00
 geom_x = 0.1071595828540238
 geom_a = 0
 geom_q = 0
 geom_c = 0.0
f0= 1.0716e-01
using cgsolve in c++, ic=False
diag(geom) min= 921.310650 max= 17577.889514
diag(all) min= 921.310650 max= 17577.889514
Trying gamma equal 0.042000
Convergence reached after 16 iterations with no gamma cycles
min(dx) = -1.0669997129304368e-05
max(dx) = 8.87387454307547e-06
mean(dx)= -6.066192055886591e-08
vdws = 15
atoms = 10
pairs = 41
 geom_x = 0.1071595409645954
 geom_a = 0
 geom_q = 0
 geom_c = 0.0
f1, 0= 1.0716e-01
                          N restraints  r.m.s.d.  r.m.s.Z  Mn(sigma)
Bond distances, non H                4     0.001    0.073      0.013
Bond distances, H                    6     0.000    0.000      0.016
Bond angles, non H                   5     0.267    0.154      2.100
Bond angles, H                      14     0.171    0.073      1.929
Torsion angles, period 3             1     0.005    0.000     10.000
Chiral centres                       1     0.000    0.004      0.089



====== CYCLE 11 ======

 weight = 1.0000e+00
 geom_x = 0.1071595409645954
 geom_a = 0
 geom_q = 0
 geom_c = 0.0
f0= 1.0716e-01
using cgsolve in c++, ic=False
diag(geom) min= 921.310497 max= 17577.889059
diag(all) min= 921.310497 max= 17577.889059
Trying gamma equal 0.042000
Convergence reached after 16 iterations with no gamma cycles
min(dx) = -9.296155250055936e-06
max(dx) = 7.791389554280527e-06
mean(dx)= -4.721747805268917e-08
vdws = 15
atoms = 10
pairs = 41
 geom_x = 0.10715950899729682
 geom_a = 0
 geom_q = 0
 geom_c = 0.0
f1, 0= 1.0716e-01
                          N restraints  r.m.s.d.  r.m.s.Z  Mn(sigma)
Bond distances, non H                4     0.001    0.073      0.013
Bond distances, H                    6     0.000    0.000      0.016
Bond angles, non H                   5     0.267    0.154      2.100
Bond angles, H                      14     0.171    0.073      1.929
Torsion angles, period 3             1     0.004    0.000     10.000
Chiral centres                       1     0.000    0.004      0.089



====== CYCLE 12 ======

 weight = 1.0000e+00
 geom_x = 0.10715950899729682
 geom_a = 0
 geom_q = 0
 geom_c = 0.0
f0= 1.0716e-01
using cgsolve in c++, ic=False
diag(geom) min= 921.310371 max= 17577.889166
diag(all) min= 921.310371 max= 17577.889166
Trying gamma equal 0.042000
Convergence reached after 16 iterations with no gamma cycles
min(dx) = -8.108658829557086e-06
max(dx) = 6.832910745121161e-06
mean(dx)= -3.776112146253531e-08
vdws = 15
atoms = 10
pairs = 41
 geom_x = 0.10715948457299558
 geom_a = 0
 geom_q = 0
 geom_c = 0.0
f1, 0= 1.0716e-01
                          N restraints  r.m.s.d.  r.m.s.Z  Mn(sigma)
Bond distances, non H                4     0.001    0.073      0.013
Bond distances, H                    6     0.000    0.000      0.016
Bond angles, non H                   5     0.267    0.154      2.100
Bond angles, H                      14     0.171    0.073      1.929
Torsion angles, period 3             1     0.004    0.000     10.000
Chiral centres                       1     0.000    0.004      0.089



====== CYCLE 13 ======

 weight = 1.0000e+00
 geom_x = 0.10715948457299558
 geom_a = 0
 geom_q = 0
 geom_c = 0.0
f0= 1.0716e-01
using cgsolve in c++, ic=False
diag(geom) min= 921.310265 max= 17577.889564
diag(all) min= 921.310265 max= 17577.889564
Trying gamma equal 0.042000
Convergence reached after 16 iterations with no gamma cycles
min(dx) = -7.0785943870030785e-06
max(dx) = 5.9873314624221776e-06
mean(dx)= -3.088604984824391e-08
vdws = 15
atoms = 10
pairs = 41
 geom_x = 0.10715946590125569
 geom_a = 0
 geom_q = 0
 geom_c = 0.0
f1, 0= 1.0716e-01
                          N restraints  r.m.s.d.  r.m.s.Z  Mn(sigma)
Bond distances, non H                4     0.001    0.073      0.013
Bond distances, H                    6     0.000    0.000      0.016
Bond angles, non H                   5     0.267    0.154      2.100
Bond angles, H                      14     0.171    0.073      1.929
Torsion angles, period 3             1     0.003    0.000     10.000
Chiral centres                       1     0.000    0.004      0.089



====== CYCLE 14 ======

 weight = 1.0000e+00
 geom_x = 0.10715946590125569
 geom_a = 0
 geom_q = 0
 geom_c = 0.0
f0= 1.0716e-01
using cgsolve in c++, ic=False
diag(geom) min= 921.310176 max= 17577.890096
diag(all) min= 921.310176 max= 17577.890096
Trying gamma equal 0.042000
Convergence reached after 16 iterations with no gamma cycles
min(dx) = -6.1828659199389685e-06
max(dx) = 5.243315623620299e-06
mean(dx)= -2.5718144634243046e-08
vdws = 15
atoms = 10
pairs = 41
 geom_x = 0.10715945162332077
 geom_a = 0
 geom_q = 0
 geom_c = 0.0
f1, 0= 1.0716e-01
                          N restraints  r.m.s.d.  r.m.s.Z  Mn(sigma)
Bond distances, non H                4     0.001    0.073      0.013
Bond distances, H                    6     0.000    0.000      0.016
Bond angles, non H                   5     0.267    0.154      2.100
Bond angles, H                      14     0.171    0.073      1.929
Torsion angles, period 3             1     0.003    0.000     10.000
Chiral centres                       1     0.000    0.004      0.089



====== CYCLE 15 ======

 weight = 1.0000e+00
 geom_x = 0.10715945162332077
 geom_a = 0
 geom_q = 0
 geom_c = 0.0
f0= 1.0716e-01
using cgsolve in c++, ic=False
diag(geom) min= 921.310099 max= 17577.890671
diag(all) min= 921.310099 max= 17577.890671
Trying gamma equal 0.042000
Convergence reached after 16 iterations with no gamma cycles
min(dx) = -5.402594770678315e-06
max(dx) = 4.589875672613803e-06
mean(dx)= -2.1709739995138908e-08
vdws = 15
atoms = 10
pairs = 41
 geom_x = 0.1071594407038354
 geom_a = 0
 geom_q = 0
 geom_c = 0.0
f1, 0= 1.0716e-01
                          N restraints  r.m.s.d.  r.m.s.Z  Mn(sigma)
Bond distances, non H                4     0.001    0.073      0.013
Bond distances, H                    6     0.000    0.000      0.016
Bond angles, non H                   5     0.267    0.154      2.100
Bond angles, H                      14     0.171    0.073      1.929
Torsion angles, period 3             1     0.003    0.000     10.000
Chiral centres                       1     0.000    0.004      0.089



====== CYCLE 16 ======

 weight = 1.0000e+00
 geom_x = 0.1071594407038354
 geom_a = 0
 geom_q = 0
 geom_c = 0.0
f0= 1.0716e-01
using cgsolve in c++, ic=False
diag(geom) min= 921.310034 max= 17577.891242
diag(all) min= 921.310034 max= 17577.891242
Trying gamma equal 0.042000
Convergence reached after 16 iterations with no gamma cycles
min(dx) = -4.722071676482411e-06
max(dx) = 4.016727286618348e-06
mean(dx)= -1.8513431406706046e-08
vdws = 15
atoms = 10
pairs = 41
 geom_x = 0.10715943235230256
 geom_a = 0
 geom_q = 0
 geom_c = 0.0
f1, 0= 1.0716e-01
                          N restraints  r.m.s.d.  r.m.s.Z  Mn(sigma)
Bond distances, non H                4     0.001    0.073      0.013
Bond distances, H                    6     0.000    0.000      0.016
Bond angles, non H                   5     0.267    0.154      2.100
Bond angles, H                      14     0.171    0.073      1.929
Torsion angles, period 3             1     0.002    0.000     10.000
Chiral centres                       1     0.000    0.004      0.089



====== CYCLE 17 ======

 weight = 1.0000e+00
 geom_x = 0.10715943235230256
 geom_a = 0
 geom_q = 0
 geom_c = 0.0
f0= 1.0716e-01
using cgsolve in c++, ic=False
diag(geom) min= 921.309977 max= 17577.891781
diag(all) min= 921.309977 max= 17577.891781
Trying gamma equal 0.042000
Convergence reached after 16 iterations with no gamma cycles
min(dx) = -4.128042711865358e-06
max(dx) = 3.5144565001028537e-06
mean(dx)= -1.590512119539798e-08
vdws = 15
atoms = 10
pairs = 41
 geom_x = 0.10715942596462202
 geom_a = 0
 geom_q = 0
 geom_c = 0.0
f1, 0= 1.0716e-01
                          N restraints  r.m.s.d.  r.m.s.Z  Mn(sigma)
Bond distances, non H                4     0.001    0.073      0.013
Bond distances, H                    6     0.000    0.000      0.016
Bond angles, non H                   5     0.267    0.154      2.100
Bond angles, H                      14     0.171    0.073      1.929
Torsion angles, period 3             1     0.002    0.000     10.000
Chiral centres                       1     0.000    0.004      0.089



====== CYCLE 18 ======

 weight = 1.0000e+00
 geom_x = 0.10715942596462202
 geom_a = 0
 geom_q = 0
 geom_c = 0.0
f0= 1.0716e-01
using cgsolve in c++, ic=False
diag(geom) min= 921.309927 max= 17577.892277
diag(all) min= 921.309927 max= 17577.892277
Trying gamma equal 0.042000
Convergence reached after 16 iterations with no gamma cycles
min(dx) = -3.6092098520543057e-06
max(dx) = 3.074572579346115e-06
mean(dx)= -1.373710782202672e-08
vdws = 15
atoms = 10
pairs = 41
 geom_x = 0.10715942107893135
 geom_a = 0
 geom_q = 0
 geom_c = 0.0
f1, 0= 1.0716e-01
                          N restraints  r.m.s.d.  r.m.s.Z  Mn(sigma)
Bond distances, non H                4     0.001    0.073      0.013
Bond distances, H                    6     0.000    0.000      0.016
Bond angles, non H                   5     0.267    0.154      2.100
Bond angles, H                      14     0.171    0.073      1.929
Torsion angles, period 3             1     0.002    0.000     10.000
Chiral centres                       1     0.000    0.004      0.089



====== CYCLE 19 ======

 weight = 1.0000e+00
 geom_x = 0.10715942107893135
 geom_a = 0
 geom_q = 0
 geom_c = 0.0
f0= 1.0716e-01
using cgsolve in c++, ic=False
diag(geom) min= 921.309884 max= 17577.892726
diag(all) min= 921.309884 max= 17577.892726
Trying gamma equal 0.042000
Convergence reached after 16 iterations with no gamma cycles
min(dx) = -3.155869689135356e-06
max(dx) = 2.6894925967465796e-06
mean(dx)= -1.1909438653566746e-08
vdws = 15
atoms = 10
pairs = 41
 geom_x = 0.10715941734202956
 geom_a = 0
 geom_q = 0
 geom_c = 0.0
f1, 0= 1.0716e-01
                          N restraints  r.m.s.d.  r.m.s.Z  Mn(sigma)
Bond distances, non H                4     0.001    0.073      0.013
Bond distances, H                    6     0.000    0.000      0.016
Bond angles, non H                   5     0.267    0.154      2.100
Bond angles, H                      14     0.171    0.073      1.929
Torsion angles, period 3             1     0.001    0.000     10.000
Chiral centres                       1     0.000    0.004      0.089



====== CYCLE 20 ======

 weight = 1.0000e+00
 geom_x = 0.10715941734202956
 geom_a = 0
 geom_q = 0
 geom_c = 0.0
f0= 1.0716e-01
using cgsolve in c++, ic=False
diag(geom) min= 921.309847 max= 17577.893127
diag(all) min= 921.309847 max= 17577.893127
Trying gamma equal 0.042000
Convergence reached after 16 iterations with no gamma cycles
min(dx) = -2.759643266622715e-06
max(dx) = 2.3524891960400694e-06
mean(dx)= -1.0352377123144613e-08
vdws = 15
atoms = 10
pairs = 41
 geom_x = 0.10715941448379257
 geom_a = 0
 geom_q = 0
 geom_c = 0.0
f1, 0= 1.0716e-01
                          N restraints  r.m.s.d.  r.m.s.Z  Mn(sigma)
Bond distances, non H                4     0.001    0.073      0.013
Bond distances, H                    6     0.000    0.000      0.016
Bond angles, non H                   5     0.267    0.154      2.100
Bond angles, H                      14     0.171    0.073      1.929
Torsion angles, period 3             1     0.001    0.000     10.000
Chiral centres                       1     0.000    0.004      0.089



====== CYCLE 21 ======

 weight = 1.0000e+00
 geom_x = 0.10715941448379257
 geom_a = 0
 geom_q = 0
 geom_c = 0.0
f0= 1.0716e-01
using cgsolve in c++, ic=False
diag(geom) min= 921.309814 max= 17577.893483
diag(all) min= 921.309814 max= 17577.893483
Trying gamma equal 0.042000
Convergence reached after 16 iterations with no gamma cycles
min(dx) = -2.4132675157945117e-06
max(dx) = 2.057620878158159e-06
mean(dx)= -9.01562644101232e-09
vdws = 15
atoms = 10
pairs = 41
 geom_x = 0.10715941229759991
 geom_a = 0
 geom_q = 0
 geom_c = 0.0
f1, 0= 1.0716e-01
                          N restraints  r.m.s.d.  r.m.s.Z  Mn(sigma)
Bond distances, non H                4     0.001    0.073      0.013
Bond distances, H                    6     0.000    0.000      0.016
Bond angles, non H                   5     0.267    0.154      2.100
Bond angles, H                      14     0.171    0.073      1.929
Torsion angles, period 3             1     0.001    0.000     10.000
Chiral centres                       1     0.000    0.004      0.089



====== CYCLE 22 ======

 weight = 1.0000e+00
 geom_x = 0.10715941229759991
 geom_a = 0
 geom_q = 0
 geom_c = 0.0
f0= 1.0716e-01
using cgsolve in c++, ic=False
diag(geom) min= 921.309786 max= 17577.893798
diag(all) min= 921.309786 max= 17577.893798
Trying gamma equal 0.042000
Convergence reached after 16 iterations with no gamma cycles
min(dx) = -2.1104296298769023e-06
max(dx) = 1.7996562851209235e-06
mean(dx)= -7.861664951154853e-09
vdws = 15
atoms = 10
pairs = 41
 geom_x = 0.10715941062544856
 geom_a = 0
 geom_q = 0
 geom_c = 0.0
f1, 0= 1.0716e-01
                          N restraints  r.m.s.d.  r.m.s.Z  Mn(sigma)
Bond distances, non H                4     0.001    0.073      0.013
Bond distances, H                    6     0.000    0.000      0.016
Bond angles, non H                   5     0.267    0.154      2.100
Bond angles, H                      14     0.171    0.073      1.929
Torsion angles, period 3             1     0.001    0.000     10.000
Chiral centres                       1     0.000    0.004      0.089



====== CYCLE 23 ======

 weight = 1.0000e+00
 geom_x = 0.10715941062544856
 geom_a = 0
 geom_q = 0
 geom_c = 0.0
f0= 1.0716e-01
using cgsolve in c++, ic=False
diag(geom) min= 921.309761 max= 17577.894075
diag(all) min= 921.309761 max= 17577.894075
Trying gamma equal 0.042000
Convergence reached after 16 iterations with no gamma cycles
min(dx) = -1.8456323491777466e-06
max(dx) = 1.573998991920845e-06
mean(dx)= -6.8615871759620375e-09
vdws = 15
atoms = 10
pairs = 41
 geom_x = 0.1071594093464729
 geom_a = 0
 geom_q = 0
 geom_c = 0.0
f1, 0= 1.0716e-01
                          N restraints  r.m.s.d.  r.m.s.Z  Mn(sigma)
Bond distances, non H                4     0.001    0.073      0.013
Bond distances, H                    6     0.000    0.000      0.016
Bond angles, non H                   5     0.267    0.154      2.100
Bond angles, H                      14     0.171    0.073      1.929
Torsion angles, period 3             1     0.001    0.000     10.000
Chiral centres                       1     0.000    0.004      0.089



====== CYCLE 24 ======

 weight = 1.0000e+00
 geom_x = 0.1071594093464729
 geom_a = 0
 geom_q = 0
 geom_c = 0.0
f0= 1.0716e-01
using cgsolve in c++, ic=False
diag(geom) min= 921.309739 max= 17577.894319
diag(all) min= 921.309739 max= 17577.894319
Trying gamma equal 0.042000
Convergence reached after 16 iterations with no gamma cycles
min(dx) = -1.6140822862152982e-06
max(dx) = 1.3766162621422998e-06
mean(dx)= -5.992477093788051e-09
vdws = 15
atoms = 10
pairs = 41
 geom_x = 0.10715940836821633
 geom_a = 0
 geom_q = 0
 geom_c = 0.0
f1, 0= 1.0716e-01
                          N restraints  r.m.s.d.  r.m.s.Z  Mn(sigma)
Bond distances, non H                4     0.001    0.073      0.013
Bond distances, H                    6     0.000    0.000      0.016
Bond angles, non H                   5     0.267    0.154      2.100
Bond angles, H                      14     0.171    0.073      1.929
Torsion angles, period 3             1     0.001    0.000     10.000
Chiral centres                       1     0.000    0.004      0.089



====== CYCLE 25 ======

 weight = 1.0000e+00
 geom_x = 0.10715940836821633
 geom_a = 0
 geom_q = 0
 geom_c = 0.0
f0= 1.0716e-01
using cgsolve in c++, ic=False
diag(geom) min= 921.309720 max= 17577.894533
diag(all) min= 921.309720 max= 17577.894533
Trying gamma equal 0.042000
Convergence reached after 16 iterations with no gamma cycles
min(dx) = -1.411595963848124e-06
max(dx) = 1.2039734267252806e-06
mean(dx)= -5.2357223433187204e-09
vdws = 15
atoms = 10
pairs = 41
 geom_x = 0.10715940761998072
 geom_a = 0
 geom_q = 0
 geom_c = 0.0
f1, 0= 1.0716e-01
                          N restraints  r.m.s.d.  r.m.s.Z  Mn(sigma)
Bond distances, non H                4     0.001    0.073      0.013
Bond distances, H                    6     0.000    0.000      0.016
Bond angles, non H                   5     0.267    0.154      2.100
Bond angles, H                      14     0.171    0.073      1.929
Torsion angles, period 3             1     0.001    0.000     10.000
Chiral centres                       1     0.000    0.004      0.089



====== CYCLE 26 ======

 weight = 1.0000e+00
 geom_x = 0.10715940761998072
 geom_a = 0
 geom_q = 0
 geom_c = 0.0
f0= 1.0716e-01
using cgsolve in c++, ic=False
diag(geom) min= 921.309704 max= 17577.894721
diag(all) min= 921.309704 max= 17577.894721
Trying gamma equal 0.042000
Convergence reached after 16 iterations with no gamma cycles
min(dx) = -1.23451988277773e-06
max(dx) = 1.0529744813760074e-06
mean(dx)= -4.575908986311727e-09
vdws = 15
atoms = 10
pairs = 41
 geom_x = 0.10715940704766705
 geom_a = 0
 geom_q = 0
 geom_c = 0.0
f1, 0= 1.0716e-01
                          N restraints  r.m.s.d.  r.m.s.Z  Mn(sigma)
Bond distances, non H                4     0.001    0.073      0.013
Bond distances, H                    6     0.000    0.000      0.016
Bond angles, non H                   5     0.267    0.154      2.100
Bond angles, H                      14     0.171    0.073      1.929
Torsion angles, period 3             1     0.001    0.000     10.000
Chiral centres                       1     0.000    0.004      0.089



====== CYCLE 27 ======

 weight = 1.0000e+00
 geom_x = 0.10715940704766705
 geom_a = 0
 geom_q = 0
 geom_c = 0.0
f0= 1.0716e-01
using cgsolve in c++, ic=False
diag(geom) min= 921.309689 max= 17577.894885
diag(all) min= 921.309689 max= 17577.894885
Trying gamma equal 0.042000
Convergence reached after 16 iterations with no gamma cycles
min(dx) = -1.0796619747671138e-06
max(dx) = 9.209089255554939e-07
mean(dx)= -4.00007871850341e-09
vdws = 15
atoms = 10
pairs = 41
 geom_x = 0.10715940660992593
 geom_a = 0
 geom_q = 0
 geom_c = 0.0
f1, 0= 1.0716e-01
                          N restraints  r.m.s.d.  r.m.s.Z  Mn(sigma)
Bond distances, non H                4     0.001    0.073      0.013
Bond distances, H                    6     0.000    0.000      0.016
Bond angles, non H                   5     0.267    0.154      2.100
Bond angles, H                      14     0.171    0.073      1.929
Torsion angles, period 3             1     0.001    0.000     10.000
Chiral centres                       1     0.000    0.004      0.089



====== CYCLE 28 ======

 weight = 1.0000e+00
 geom_x = 0.10715940660992593
 geom_a = 0
 geom_q = 0
 geom_c = 0.0
f0= 1.0716e-01
using cgsolve in c++, ic=False
diag(geom) min= 921.309677 max= 17577.895029
diag(all) min= 921.309677 max= 17577.895029
Trying gamma equal 0.042000
Convergence reached after 16 iterations with no gamma cycles
min(dx) = -9.442324703121799e-07
max(dx) = 8.054045275071346e-07
mean(dx)= -3.4972144890485596e-09
vdws = 15
atoms = 10
pairs = 41
 geom_x = 0.10715940627510807
 geom_a = 0
 geom_q = 0
 geom_c = 0.0
f1, 0= 1.0716e-01
                          N restraints  r.m.s.d.  r.m.s.Z  Mn(sigma)
Bond distances, non H                4     0.001    0.073      0.013
Bond distances, H                    6     0.000    0.000      0.016
Bond angles, non H                   5     0.267    0.154      2.100
Bond angles, H                      14     0.171    0.073      1.929
Torsion angles, period 3             1     0.000    0.000     10.000
Chiral centres                       1     0.000    0.004      0.089



====== CYCLE 29 ======

 weight = 1.0000e+00
 geom_x = 0.10715940627510807
 geom_a = 0
 geom_q = 0
 geom_c = 0.0
f0= 1.0716e-01
using cgsolve in c++, ic=False
diag(geom) min= 921.309666 max= 17577.895155
diag(all) min= 921.309666 max= 17577.895155
Trying gamma equal 0.042000
Convergence reached after 16 iterations with no gamma cycles
min(dx) = -8.257926807134513e-07
max(dx) = 7.043855743915372e-07
mean(dx)= -3.0578719782800785e-09
vdws = 15
atoms = 10
pairs = 41
 geom_x = 0.10715940601901831
 geom_a = 0
 geom_q = 0
 geom_c = 0.0
f1, 0= 1.0716e-01
                          N restraints  r.m.s.d.  r.m.s.Z  Mn(sigma)
Bond distances, non H                4     0.001    0.073      0.013
Bond distances, H                    6     0.000    0.000      0.016
Bond angles, non H                   5     0.267    0.154      2.100
Bond angles, H                      14     0.171    0.073      1.929
Torsion angles, period 3             1     0.000    0.000     10.000
Chiral centres                       1     0.000    0.004      0.089



====== CYCLE 30 ======

 weight = 1.0000e+00
 geom_x = 0.10715940601901831
 geom_a = 0
 geom_q = 0
 geom_c = 0.0
f0= 1.0716e-01
using cgsolve in c++, ic=False
diag(geom) min= 921.309656 max= 17577.895265
diag(all) min= 921.309656 max= 17577.895265
Trying gamma equal 0.042000
Convergence reached after 16 iterations with no gamma cycles
min(dx) = -7.222105043990244e-07
max(dx) = 6.160360882165944e-07
mean(dx)= -2.673906941354731e-09
vdws = 15
atoms = 10
pairs = 41
 geom_x = 0.10715940582314169
 geom_a = 0
 geom_q = 0
 geom_c = 0.0
f1, 0= 1.0716e-01
                          N restraints  r.m.s.d.  r.m.s.Z  Mn(sigma)
Bond distances, non H                4     0.001    0.073      0.013
Bond distances, H                    6     0.000    0.000      0.016
Bond angles, non H                   5     0.267    0.154      2.100
Bond angles, H                      14     0.171    0.073      1.929
Torsion angles, period 3             1     0.000    0.000     10.000
Chiral centres                       1     0.000    0.004      0.089


$TABLE: stats vs cycle :
$GRAPHS
: Geometry :A:1,4,2:
: Geometry Z :A:1,5,3:
$$
 Ncyc  rmsBOND  zBOND  rmsANGL  zANGL
$$
$$
    0   0.0008 0.0729   0.2651 0.1538
    1   0.0008 0.0729   0.2666 0.1541
    2   0.0008 0.0729   0.2670 0.1542
    3   0.0008 0.0729   0.2672 0.1542
    4   0.0008 0.0729   0.2672 0.1542
    5   0.0008 0.0729   0.2672 0.1542
    6   0.0008 0.0729   0.2673 0.1542
    7   0.0008 0.0729   0.2673 0.1542
    8   0.0008 0.0729   0.2673 0.1542
    9   0.0008 0.0729   0.2672 0.1542
   10   0.0008 0.0729   0.2672 0.1542
   11   0.0008 0.0729   0.2672 0.1542
   12   0.0008 0.0729   0.2672 0.1542
   13   0.0008 0.0729   0.2672 0.1542
   14   0.0008 0.0729   0.2672 0.1542
   15   0.0008 0.0729   0.2672 0.1542
   16   0.0008 0.0729   0.2672 0.1542
   17   0.0008 0.0729   0.2672 0.1542
   18   0.0008 0.0729   0.2672 0.1542
   19   0.0008 0.0729   0.2672 0.1542
   20   0.0008 0.0729   0.2672 0.1542
   21   0.0008 0.0729   0.2672 0.1542
   22   0.0008 0.0729   0.2672 0.1542
   23   0.0008 0.0729   0.2672 0.1542
   24   0.0008 0.0729   0.2672 0.1542
   25   0.0008 0.0729   0.2672 0.1542
   26   0.0008 0.0729   0.2672 0.1542
   27   0.0008 0.0729   0.2672 0.1542
   28   0.0008 0.0729   0.2672 0.1542
   29   0.0008 0.0729   0.2672 0.1542
   30   0.0008 0.0729   0.2672 0.1542
$$

Updated dictionary saved: EPX_MODEL_TMP/mol_1_conf_16_updated.cif
Refinement statistics saved: EPX_MODEL_TMP/mol_1_conf_16_stats.json

# Finished on 2026-06-14 11:41:34.951257

=========END OF PROCESS INFORMATION ==========
