
============ PROCESS INFORMATION =============
# Servalcat ver. 0.4.128 (Python 3.9.18)
# Library vers. gemmi 0.7.4, scipy 1.7.3, numpy 1.19.5, pandas 1.3.5
# Started on 2026-06-14 11:41:36.667537
# Host: Mac.lan User: hilgersmt
# Command-line:
# servalcat --logfile EPX_MODEL_TMP/servalcat.log refine_geom --update_dictionary EPX_MODEL_TMP/mol_1_conf_17_init.cif -o EPX_MODEL_TMP/mol_1_conf_17 --randomize 0.01
Config loaded
--
refine:
  atom_selection:
    xyz:
      include:
      - '*'
      exclude: []
      exclude_restraint: []
    adp:
      include: []
      exclude: []
      exclude_restraint: []
    occ:
      include: []
      exclude: []
      exclude_restraint: []
    dfrac:
      include: []
      exclude: []
      exclude_restraint: []
  occ_groups: []
  occ_group_constraints: []
  occ_group_const_mu: 10.0
  occ_group_const_mu_update_factor: 1.1
  occ_group_const_mu_update_tol_rel: 0.25
  occ_group_const_mu_update_tol_abs: 0.01
  initialisation:
    adp: {}
    occ: {}
    dfrac: {}
  write_trajectory: false
--
Reading monomers from /Applications/ccp4-9/lib/data/monomers/
Monomer not in the library: EPX.
Reading monomer: EPX_MODEL_TMP/mol_1_conf_17_init.cif
Monomer library loaded: 1 monomers, 109 links, 133 modifications
       loaded monomers: EPX

Checking if unknown atoms exist..
Creating restraints..

Chain info:
 chain 
  ligands: EPX (1 residues)

Number of refinement parameters:
       n_params  n_atoms  n_atoms_geom_only  n_atoms_data_only
xyz           4        4                  0                  0
adp           0        0                  0                  0
occ           0        0                  0                  0
dfrac         0        0                  0                  0

Randomizing structure with rmsd of 0.01
Torsion angle rules:
 include:
  {'group': 'peptide', 'tors_name': 'chi*'}
  {'link': '*', 'tors_name': 'omega'}
  {'residue': '*', 'tors_name': 'sp2_sp2*'}
  {'link': '*', 'tors_name': 'sp2_sp2*'}
 exclude:
  none
External restraints from Refmac instructions
 Number of distances          : 0
 Number of angles             : 0
 Number of torsions           : 0
 Number of chirals            : 0
 Number of planes             : 0
 Number of intervals          : 0
 Number of stackings          : 0
 Number of harmonics          : 0
 Number of special positions  : 0

Running 10 cycles with wchir=4 wvdw=2 without hydrogen
Geometry weights
vdws = 0
atoms = 4
pairs = 6
 *** Bond distances outliers (Z >= 5) ***

    atom1     atom2  value  ideal  sigma      z
/EPX 1/C2 /EPX 1/O1  1.392  1.460  0.011 -6.410

 *** Chiral centres outliers (Z >= 5) ***

    atomc     atom1     atom2     atom3  value  ideal  sigma  both      z
/EPX 1/C2 /EPX 1/O1 /EPX 1/C3 /EPX 1/C1  2.373 -2.102  0.089 False 50.060

                       N restraints  r.m.s.d.  r.m.s.Z  Mn(sigma)
Bond distances, non H             4     0.048    3.820      0.013
Bond angles, non H                5     5.881    2.128      2.100
Chiral centres                    1     4.476   50.060      0.089


====== CYCLE  1 ======

 weight = 1.0000e+00
 geom_x = 20088.344352795022
 geom_a = 0
 geom_q = 0
 geom_c = 0.0
f0= 2.0088e+04
using cgsolve in c++, ic=False
diag(geom) min= 788.398618 max= 22041.436425
diag(all) min= 788.398618 max= 22041.436425
Trying gamma equal 0.000000
Convergence reached after 6 iterations with no gamma cycles
min(dx) = -1.449632406973114
max(dx) = 0.8527231961810683
mean(dx)= -0.12188226431527145
vdws = 0
atoms = 4
pairs = 6
 geom_x = 2985.884517814753
 geom_a = 0
 geom_q = 0
 geom_c = 0.0
f1, 0= 2.9859e+03
                       N restraints  r.m.s.d.  r.m.s.Z  Mn(sigma)
Bond distances, non H             4     0.420   30.571      0.013
Bond angles, non H                5    12.771    7.454      2.100
Chiral centres                    1     0.988   11.055      0.089



====== CYCLE  2 ======

 weight = 1.0000e+00
 geom_x = 2985.884517814753
 geom_a = 0
 geom_q = 0
 geom_c = 0.0
f0= 2.9859e+03
using cgsolve in c++, ic=False
diag(geom) min= 783.461907 max= 48089.003537
diag(all) min= 783.461907 max= 48089.003537
Trying gamma equal 0.000000
Convergence reached after 6 iterations with no gamma cycles
min(dx) = -0.8650885371772512
max(dx) = 0.33072889595491073
mean(dx)= -0.06350693950240699
vdws = 0
atoms = 4
pairs = 6
 geom_x = 5.874890576386217
 geom_a = 0
 geom_q = 0
 geom_c = 0.0
f1, 0= 5.8749e+00
                       N restraints  r.m.s.d.  r.m.s.Z  Mn(sigma)
Bond distances, non H             4     0.020    1.506      0.013
Bond angles, non H                5     1.212    0.557      2.100
Chiral centres                    1     0.024    0.266      0.089



====== CYCLE  3 ======

 weight = 1.0000e+00
 geom_x = 5.874890576386217
 geom_a = 0
 geom_q = 0
 geom_c = 0.0
f0= 5.8749e+00
using cgsolve in c++, ic=False
diag(geom) min= 758.169712 max= 28917.299353
diag(all) min= 758.169712 max= 28917.299353
Trying gamma equal 0.000000
Convergence reached after 6 iterations with no gamma cycles
min(dx) = -0.03460010021442534
max(dx) = 0.029637621456889772
mean(dx)= -0.001182892972790298
vdws = 0
atoms = 4
pairs = 6
 geom_x = 0.06958251365953998
 geom_a = 0
 geom_q = 0
 geom_c = 0.0
f1, 0= 6.9583e-02
                       N restraints  r.m.s.d.  r.m.s.Z  Mn(sigma)
Bond distances, non H             4     0.001    0.073      0.013
Bond angles, non H                5     0.260    0.153      2.100
Chiral centres                    1     0.000    0.002      0.089



====== CYCLE  4 ======

 weight = 1.0000e+00
 geom_x = 0.06958251365953998
 geom_a = 0
 geom_q = 0
 geom_c = 0.0
f0= 6.9583e-02
using cgsolve in c++, ic=False
diag(geom) min= 688.349065 max= 27482.998088
diag(all) min= 688.349065 max= 27482.998088
Trying gamma equal 0.000000
Convergence reached after 6 iterations with no gamma cycles
min(dx) = -0.0006295423097757734
max(dx) = 0.0002807804859766039
mean(dx)= -0.00011950596928864139
vdws = 0
atoms = 4
pairs = 6
 geom_x = 0.06817596112301376
 geom_a = 0
 geom_q = 0
 geom_c = 0.0
f1, 0= 6.8176e-02
                       N restraints  r.m.s.d.  r.m.s.Z  Mn(sigma)
Bond distances, non H             4     0.001    0.077      0.013
Bond angles, non H                5     0.246    0.150      2.100
Chiral centres                    1     0.001    0.006      0.089



====== CYCLE  5 ======

 weight = 1.0000e+00
 geom_x = 0.06817596112301376
 geom_a = 0
 geom_q = 0
 geom_c = 0.0
f0= 6.8176e-02
using cgsolve in c++, ic=False
diag(geom) min= 688.049630 max= 27468.628424
diag(all) min= 688.049630 max= 27468.628424
Trying gamma equal 0.000000
Convergence reached after 6 iterations with no gamma cycles
min(dx) = -2.187621846543303e-06
max(dx) = 6.160920137792445e-07
mean(dx)= -3.5736075658148776e-07
vdws = 0
atoms = 4
pairs = 6
 geom_x = 0.06817595556763754
 geom_a = 0
 geom_q = 0
 geom_c = 0.0
f1, 0= 6.8176e-02
                       N restraints  r.m.s.d.  r.m.s.Z  Mn(sigma)
Bond distances, non H             4     0.001    0.077      0.013
Bond angles, non H                5     0.246    0.150      2.100
Chiral centres                    1     0.001    0.006      0.089



====== CYCLE  6 ======

 weight = 1.0000e+00
 geom_x = 0.06817595556763754
 geom_a = 0
 geom_q = 0
 geom_c = 0.0
f0= 6.8176e-02
using cgsolve in c++, ic=False
diag(geom) min= 688.049138 max= 27468.591324
diag(all) min= 688.049138 max= 27468.591324
Trying gamma equal 0.000000
Convergence reached after 6 iterations with no gamma cycles
min(dx) = -1.6755670591688306e-08
max(dx) = 1.9366669701401116e-09
mean(dx)= -1.8024732349012017e-09
vdws = 0
atoms = 4
pairs = 6
 geom_x = 0.06817595556758053
 geom_a = 0
 geom_q = 0
 geom_c = 0.0
f1, 0= 6.8176e-02
                       N restraints  r.m.s.d.  r.m.s.Z  Mn(sigma)
Bond distances, non H             4     0.001    0.077      0.013
Bond angles, non H                5     0.246    0.150      2.100
Chiral centres                    1     0.001    0.006      0.089



====== CYCLE  7 ======

 weight = 1.0000e+00
 geom_x = 0.06817595556758053
 geom_a = 0
 geom_q = 0
 geom_c = 0.0
f0= 6.8176e-02
using cgsolve in c++, ic=False
diag(geom) min= 688.049141 max= 27468.591289
diag(all) min= 688.049141 max= 27468.591289
Trying gamma equal 0.000000
Convergence reached after 6 iterations with no gamma cycles
min(dx) = -2.344811127519698e-10
max(dx) = 3.5219285456001165e-11
mean(dx)= -1.8792896610568297e-11
vdws = 0
atoms = 4
pairs = 6
 geom_x = 0.06817595556758423
 geom_a = 0
 geom_q = 0
 geom_c = 0.0
f1, 0= 6.8176e-02
min(dx) = -1.172405563759849e-10
max(dx) = 1.7609642728000582e-11
mean(dx)= -9.396448305284149e-12
vdws = 0
atoms = 4
pairs = 6
 geom_x = 0.06817595556758342
 geom_a = 0
 geom_q = 0
 geom_c = 0.0
f1, 1= 6.8176e-02
min(dx) = -5.862027818799245e-11
max(dx) = 8.804821364000291e-12
mean(dx)= -4.698224152642074e-12
vdws = 0
atoms = 4
pairs = 6
 geom_x = 0.06817595556758488
 geom_a = 0
 geom_q = 0
 geom_c = 0.0
f1, 2= 6.8176e-02
WARNING: function not minimised
                       N restraints  r.m.s.d.  r.m.s.Z  Mn(sigma)
Bond distances, non H             4     0.001    0.077      0.013
Bond angles, non H                5     0.246    0.150      2.100
Chiral centres                    1     0.001    0.006      0.089



====== CYCLE  8 ======

 weight = 1.0000e+00
 geom_x = 0.06817595556758488
 geom_a = 0
 geom_q = 0
 geom_c = 0.0
f0= 6.8176e-02
using cgsolve in c++, ic=False
diag(geom) min= 688.049141 max= 27468.591289
diag(all) min= 688.049141 max= 27468.591289
Trying gamma equal 0.000000
Convergence reached after 6 iterations with no gamma cycles
min(dx) = -1.7666844576775748e-10
max(dx) = 2.6540185403467292e-11
mean(dx)= -1.4156152619823962e-11
vdws = 0
atoms = 4
pairs = 6
 geom_x = 0.06817595556758492
 geom_a = 0
 geom_q = 0
 geom_c = 0.0
f1, 0= 6.8176e-02
min(dx) = -8.833422288387874e-11
max(dx) = 1.3270092701733646e-11
mean(dx)= -7.078076309911981e-12
vdws = 0
atoms = 4
pairs = 6
 geom_x = 0.06817595556757787
 geom_a = 0
 geom_q = 0
 geom_c = 0.0
f1, 1= 6.8176e-02
                       N restraints  r.m.s.d.  r.m.s.Z  Mn(sigma)
Bond distances, non H             4     0.001    0.077      0.013
Bond angles, non H                5     0.246    0.150      2.100
Chiral centres                    1     0.001    0.006      0.089



====== CYCLE  9 ======

 weight = 1.0000e+00
 geom_x = 0.06817595556757787
 geom_a = 0
 geom_q = 0
 geom_c = 0.0
f0= 6.8176e-02
using cgsolve in c++, ic=False
diag(geom) min= 688.049141 max= 27468.591290
diag(all) min= 688.049141 max= 27468.591290
Trying gamma equal 0.000000
Convergence reached after 6 iterations with no gamma cycles
min(dx) = -8.955169369691499e-11
max(dx) = 1.3459661066373426e-11
mean(dx)= -7.170837014052654e-12
vdws = 0
atoms = 4
pairs = 6
 geom_x = 0.0681759555675841
 geom_a = 0
 geom_q = 0
 geom_c = 0.0
f1, 0= 6.8176e-02
min(dx) = -4.4775846848457493e-11
max(dx) = 6.729830533186713e-12
mean(dx)= -3.585418507026327e-12
vdws = 0
atoms = 4
pairs = 6
 geom_x = 0.0681759555675819
 geom_a = 0
 geom_q = 0
 geom_c = 0.0
f1, 1= 6.8176e-02
min(dx) = -2.2387923424228747e-11
max(dx) = 3.3649152665933564e-12
mean(dx)= -1.7927092535131634e-12
vdws = 0
atoms = 4
pairs = 6
 geom_x = 0.06817595556758603
 geom_a = 0
 geom_q = 0
 geom_c = 0.0
f1, 2= 6.8176e-02
WARNING: function not minimised
                       N restraints  r.m.s.d.  r.m.s.Z  Mn(sigma)
Bond distances, non H             4     0.001    0.077      0.013
Bond angles, non H                5     0.246    0.150      2.100
Chiral centres                    1     0.001    0.006      0.089



====== CYCLE 10 ======

 weight = 1.0000e+00
 geom_x = 0.06817595556758603
 geom_a = 0
 geom_q = 0
 geom_c = 0.0
f0= 6.8176e-02
using cgsolve in c++, ic=False
diag(geom) min= 688.049141 max= 27468.591290
diag(all) min= 688.049141 max= 27468.591290
Trying gamma equal 0.000000
Convergence reached after 6 iterations with no gamma cycles
min(dx) = -6.747222699739987e-11
max(dx) = 1.014281262524319e-11
mean(dx)= -5.401594752970358e-12
vdws = 0
atoms = 4
pairs = 6
 geom_x = 0.06817595556758857
 geom_a = 0
 geom_q = 0
 geom_c = 0.0
f1, 0= 6.8176e-02
min(dx) = -3.373611349869994e-11
max(dx) = 5.071406312621595e-12
mean(dx)= -2.700797376485179e-12
vdws = 0
atoms = 4
pairs = 6
 geom_x = 0.06817595556758227
 geom_a = 0
 geom_q = 0
 geom_c = 0.0
f1, 1= 6.8176e-02
                       N restraints  r.m.s.d.  r.m.s.Z  Mn(sigma)
Bond distances, non H             4     0.001    0.077      0.013
Bond angles, non H                5     0.246    0.150      2.100
Chiral centres                    1     0.001    0.006      0.089


$TABLE: stats vs cycle :
$GRAPHS
: Geometry :A:1,2,4:
: Geometry Z :A:1,3,5:
$$
 Ncyc  rmsBOND   zBOND  rmsANGL  zANGL
$$
$$
    0   0.0481  3.8204   5.8810 2.1280
    1   0.4205 30.5712  12.7710 7.4543
    2   0.0197  1.5056   1.2116 0.5566
    3   0.0008  0.0731   0.2602 0.1534
    4   0.0009  0.0770   0.2461 0.1497
    5   0.0009  0.0770   0.2460 0.1497
    6   0.0009  0.0770   0.2460 0.1497
    7   0.0009  0.0770   0.2460 0.1497
    8   0.0009  0.0770   0.2460 0.1497
    9   0.0009  0.0770   0.2460 0.1497
   10   0.0009  0.0770   0.2460 0.1497
$$

Running 30 cycles with wchir=1 wvdw=2 without hydrogen
Geometry weights
vdws = 0
atoms = 4
pairs = 6
                       N restraints  r.m.s.d.  r.m.s.Z  Mn(sigma)
Bond distances, non H             4     0.001    0.077      0.013
Bond angles, non H                5     0.246    0.150      2.100
Chiral centres                    1     0.001    0.006      0.089


====== CYCLE  1 ======

 weight = 1.0000e+00
 geom_x = 0.067893271956654
 geom_a = 0
 geom_q = 0
 geom_c = 0.0
f0= 6.7893e-02
using cgsolve in c++, ic=False
diag(geom) min= 262.308307 max= 15315.406043
diag(all) min= 262.308307 max= 15315.406043
Trying gamma equal 0.000000
Convergence reached after 6 iterations with no gamma cycles
min(dx) = -0.0009756505806172152
max(dx) = 0.00048165245129284923
mean(dx)= -0.00021455070690269825
vdws = 0
atoms = 4
pairs = 6
 geom_x = 0.06586103990631677
 geom_a = 0
 geom_q = 0
 geom_c = 0.0
f1, 0= 6.5861e-02
                       N restraints  r.m.s.d.  r.m.s.Z  Mn(sigma)
Bond distances, non H             4     0.001    0.076      0.013
Bond angles, non H                5     0.225    0.146      2.100
Chiral centres                    1     0.004    0.050      0.089



====== CYCLE  2 ======

 weight = 1.0000e+00
 geom_x = 0.06586103990631677
 geom_a = 0
 geom_q = 0
 geom_c = 0.0
f0= 6.5861e-02
using cgsolve in c++, ic=False
diag(geom) min= 262.572205 max= 15305.740150
diag(all) min= 262.572205 max= 15305.740150
Trying gamma equal 0.000000
Convergence reached after 6 iterations with no gamma cycles
min(dx) = -4.475118004352246e-06
max(dx) = 9.904594427512267e-07
mean(dx)= -7.39820988393584e-07
vdws = 0
atoms = 4
pairs = 6
 geom_x = 0.06586102743468732
 geom_a = 0
 geom_q = 0
 geom_c = 0.0
f1, 0= 6.5861e-02
                       N restraints  r.m.s.d.  r.m.s.Z  Mn(sigma)
Bond distances, non H             4     0.001    0.076      0.013
Bond angles, non H                5     0.225    0.146      2.100
Chiral centres                    1     0.004    0.050      0.089



====== CYCLE  3 ======

 weight = 1.0000e+00
 geom_x = 0.06586102743468732
 geom_a = 0
 geom_q = 0
 geom_c = 0.0
f0= 6.5861e-02
using cgsolve in c++, ic=False
diag(geom) min= 262.575217 max= 15305.719065
diag(all) min= 262.575217 max= 15305.719065
Trying gamma equal 0.000000
Convergence reached after 6 iterations with no gamma cycles
min(dx) = -2.8809792297635818e-08
max(dx) = 2.324901917065599e-09
mean(dx)= -3.438555553730677e-09
vdws = 0
atoms = 4
pairs = 6
 geom_x = 0.06586102743457559
 geom_a = 0
 geom_q = 0
 geom_c = 0.0
f1, 0= 6.5861e-02
                       N restraints  r.m.s.d.  r.m.s.Z  Mn(sigma)
Bond distances, non H             4     0.001    0.076      0.013
Bond angles, non H                5     0.225    0.146      2.100
Chiral centres                    1     0.004    0.050      0.089



====== CYCLE  4 ======

 weight = 1.0000e+00
 geom_x = 0.06586102743457559
 geom_a = 0
 geom_q = 0
 geom_c = 0.0
f0= 6.5861e-02
using cgsolve in c++, ic=False
diag(geom) min= 262.575238 max= 15305.719010
diag(all) min= 262.575238 max= 15305.719010
Trying gamma equal 0.000000
Convergence reached after 6 iterations with no gamma cycles
min(dx) = -2.058672487156398e-10
max(dx) = 2.2759426147379703e-11
mean(dx)= -1.9866713198519247e-11
vdws = 0
atoms = 4
pairs = 6
 geom_x = 0.06586102743457327
 geom_a = 0
 geom_q = 0
 geom_c = 0.0
f1, 0= 6.5861e-02
                       N restraints  r.m.s.d.  r.m.s.Z  Mn(sigma)
Bond distances, non H             4     0.001    0.076      0.013
Bond angles, non H                5     0.225    0.146      2.100
Chiral centres                    1     0.004    0.050      0.089



====== CYCLE  5 ======

 weight = 1.0000e+00
 geom_x = 0.06586102743457327
 geom_a = 0
 geom_q = 0
 geom_c = 0.0
f0= 6.5861e-02
using cgsolve in c++, ic=False
diag(geom) min= 262.575239 max= 15305.719010
diag(all) min= 262.575239 max= 15305.719010
Trying gamma equal 0.000000
Convergence reached after 6 iterations with no gamma cycles
min(dx) = -1.4616977531658884e-12
max(dx) = 2.029302102248167e-13
mean(dx)= -1.3157888280169305e-13
vdws = 0
atoms = 4
pairs = 6
 geom_x = 0.06586102743457113
 geom_a = 0
 geom_q = 0
 geom_c = 0.0
f1, 0= 6.5861e-02
                       N restraints  r.m.s.d.  r.m.s.Z  Mn(sigma)
Bond distances, non H             4     0.001    0.076      0.013
Bond angles, non H                5     0.225    0.146      2.100
Chiral centres                    1     0.004    0.050      0.089



====== CYCLE  6 ======

 weight = 1.0000e+00
 geom_x = 0.06586102743457113
 geom_a = 0
 geom_q = 0
 geom_c = 0.0
f0= 6.5861e-02
using cgsolve in c++, ic=False
diag(geom) min= 262.575239 max= 15305.719010
diag(all) min= 262.575239 max= 15305.719010
Trying gamma equal 0.000000
Not converging with gamma equal 0.000000
Trying gamma equal 0.052500
Gamma decreased to 0.042000
min(dx) = -9.256869448971087e-15
max(dx) = 1.3367917022997929e-15
mean(dx)= -8.161237400277548e-16
vdws = 0
atoms = 4
pairs = 6
 geom_x = 0.06586102743456715
 geom_a = 0
 geom_q = 0
 geom_c = 0.0
f1, 0= 6.5861e-02
                       N restraints  r.m.s.d.  r.m.s.Z  Mn(sigma)
Bond distances, non H             4     0.001    0.076      0.013
Bond angles, non H                5     0.225    0.146      2.100
Chiral centres                    1     0.004    0.050      0.089



====== CYCLE  7 ======

 weight = 1.0000e+00
 geom_x = 0.06586102743456715
 geom_a = 0
 geom_q = 0
 geom_c = 0.0
f0= 6.5861e-02
using cgsolve in c++, ic=False
diag(geom) min= 262.575239 max= 15305.719010
diag(all) min= 262.575239 max= 15305.719010
Trying gamma equal 0.042000
Convergence reached after 7 iterations with no gamma cycles
min(dx) = -6.874702444100278e-16
max(dx) = 3.048736981904444e-16
mean(dx)= -4.3390340962279386e-17
vdws = 0
atoms = 4
pairs = 6
 geom_x = 0.06586102743457059
 geom_a = 0
 geom_q = 0
 geom_c = 0.0
f1, 0= 6.5861e-02
min(dx) = -3.437351222050139e-16
max(dx) = 1.524368490952222e-16
mean(dx)= -2.1695170481139693e-17
vdws = 0
atoms = 4
pairs = 6
 geom_x = 0.0658610274345669
 geom_a = 0
 geom_q = 0
 geom_c = 0.0
f1, 1= 6.5861e-02
                       N restraints  r.m.s.d.  r.m.s.Z  Mn(sigma)
Bond distances, non H             4     0.001    0.076      0.013
Bond angles, non H                5     0.225    0.146      2.100
Chiral centres                    1     0.004    0.050      0.089



====== CYCLE  8 ======

 weight = 1.0000e+00
 geom_x = 0.0658610274345669
 geom_a = 0
 geom_q = 0
 geom_c = 0.0
f0= 6.5861e-02
using cgsolve in c++, ic=False
diag(geom) min= 262.575239 max= 15305.719010
diag(all) min= 262.575239 max= 15305.719010
Trying gamma equal 0.042000
Convergence reached after 7 iterations with no gamma cycles
min(dx) = -7.21104321559453e-16
max(dx) = 2.5634907292434172e-16
mean(dx)= -5.3666835412621235e-17
vdws = 0
atoms = 4
pairs = 6
 geom_x = 0.06586102743457078
 geom_a = 0
 geom_q = 0
 geom_c = 0.0
f1, 0= 6.5861e-02
min(dx) = -3.605521607797265e-16
max(dx) = 1.2817453646217086e-16
mean(dx)= -2.6833417706310618e-17
vdws = 0
atoms = 4
pairs = 6
 geom_x = 0.06586102743457059
 geom_a = 0
 geom_q = 0
 geom_c = 0.0
f1, 1= 6.5861e-02
min(dx) = -1.8027608038986325e-16
max(dx) = 6.408726823108543e-17
mean(dx)= -1.3416708853155309e-17
vdws = 0
atoms = 4
pairs = 6
 geom_x = 0.0658610274345671
 geom_a = 0
 geom_q = 0
 geom_c = 0.0
f1, 2= 6.5861e-02
WARNING: function not minimised
                       N restraints  r.m.s.d.  r.m.s.Z  Mn(sigma)
Bond distances, non H             4     0.001    0.076      0.013
Bond angles, non H                5     0.225    0.146      2.100
Chiral centres                    1     0.004    0.050      0.089



====== CYCLE  9 ======

 weight = 1.0000e+00
 geom_x = 0.0658610274345671
 geom_a = 0
 geom_q = 0
 geom_c = 0.0
f0= 6.5861e-02
using cgsolve in c++, ic=False
diag(geom) min= 262.575239 max= 15305.719010
diag(all) min= 262.575239 max= 15305.719010
Trying gamma equal 0.042000
Convergence reached after 7 iterations with no gamma cycles
min(dx) = -1.6958185257739886e-16
max(dx) = 1.0602565248175821e-16
mean(dx)= -1.9207053934619798e-17
vdws = 0
atoms = 4
pairs = 6
 geom_x = 0.06586102743457059
 geom_a = 0
 geom_q = 0
 geom_c = 0.0
f1, 0= 6.5861e-02
min(dx) = -8.479092628869943e-17
max(dx) = 5.3012826240879104e-17
mean(dx)= -9.603526967309899e-18
vdws = 0
atoms = 4
pairs = 6
 geom_x = 0.06586102743457059
 geom_a = 0
 geom_q = 0
 geom_c = 0.0
f1, 1= 6.5861e-02
min(dx) = -4.2395463144349716e-17
max(dx) = 2.6506413120439552e-17
mean(dx)= -4.8017634836549494e-18
vdws = 0
atoms = 4
pairs = 6
 geom_x = 0.06586102743457059
 geom_a = 0
 geom_q = 0
 geom_c = 0.0
f1, 2= 6.5861e-02
WARNING: function not minimised
                       N restraints  r.m.s.d.  r.m.s.Z  Mn(sigma)
Bond distances, non H             4     0.001    0.076      0.013
Bond angles, non H                5     0.225    0.146      2.100
Chiral centres                    1     0.004    0.050      0.089



====== CYCLE 10 ======

 weight = 1.0000e+00
 geom_x = 0.06586102743457059
 geom_a = 0
 geom_q = 0
 geom_c = 0.0
f0= 6.5861e-02
using cgsolve in c++, ic=False
diag(geom) min= 262.575239 max= 15305.719010
diag(all) min= 262.575239 max= 15305.719010
Trying gamma equal 0.042000
Convergence reached after 7 iterations with no gamma cycles
min(dx) = -1.5015599083654675e-16
max(dx) = 4.077387316927196e-17
mean(dx)= -1.715526007231453e-17
vdws = 0
atoms = 4
pairs = 6
 geom_x = 0.06586102743456702
 geom_a = 0
 geom_q = 0
 geom_c = 0.0
f1, 0= 6.5861e-02
                       N restraints  r.m.s.d.  r.m.s.Z  Mn(sigma)
Bond distances, non H             4     0.001    0.076      0.013
Bond angles, non H                5     0.225    0.146      2.100
Chiral centres                    1     0.004    0.050      0.089



====== CYCLE 11 ======

 weight = 1.0000e+00
 geom_x = 0.06586102743456702
 geom_a = 0
 geom_q = 0
 geom_c = 0.0
f0= 6.5861e-02
using cgsolve in c++, ic=False
diag(geom) min= 262.575239 max= 15305.719010
diag(all) min= 262.575239 max= 15305.719010
Trying gamma equal 0.042000
Convergence reached after 7 iterations with no gamma cycles
min(dx) = -2.7671180512958903e-16
max(dx) = 6.885380448481473e-17
mean(dx)= -2.278677625440874e-17
vdws = 0
atoms = 4
pairs = 6
 geom_x = 0.06586102743457065
 geom_a = 0
 geom_q = 0
 geom_c = 0.0
f1, 0= 6.5861e-02
min(dx) = -1.3835590256479451e-16
max(dx) = 3.4426902242407365e-17
mean(dx)= -1.139338812720437e-17
vdws = 0
atoms = 4
pairs = 6
 geom_x = 0.06586102743456691
 geom_a = 0
 geom_q = 0
 geom_c = 0.0
f1, 1= 6.5861e-02
                       N restraints  r.m.s.d.  r.m.s.Z  Mn(sigma)
Bond distances, non H             4     0.001    0.076      0.013
Bond angles, non H                5     0.225    0.146      2.100
Chiral centres                    1     0.004    0.050      0.089



====== CYCLE 12 ======

 weight = 1.0000e+00
 geom_x = 0.06586102743456691
 geom_a = 0
 geom_q = 0
 geom_c = 0.0
f0= 6.5861e-02
using cgsolve in c++, ic=False
diag(geom) min= 262.575239 max= 15305.719010
diag(all) min= 262.575239 max= 15305.719010
Trying gamma equal 0.042000
Convergence reached after 7 iterations with no gamma cycles
min(dx) = -6.046098154765617e-17
max(dx) = 1.2180631743529524e-16
mean(dx)= 5.575261172942816e-18
vdws = 0
atoms = 4
pairs = 6
 geom_x = 0.06586102743457051
 geom_a = 0
 geom_q = 0
 geom_c = 0.0
f1, 0= 6.5861e-02
min(dx) = -3.0230490773828087e-17
max(dx) = 6.090315871764762e-17
mean(dx)= 2.787630586471408e-18
vdws = 0
atoms = 4
pairs = 6
 geom_x = 0.06586102743457076
 geom_a = 0
 geom_q = 0
 geom_c = 0.0
f1, 1= 6.5861e-02
min(dx) = -1.5115245386914043e-17
max(dx) = 3.045157935882381e-17
mean(dx)= 1.393815293235704e-18
vdws = 0
atoms = 4
pairs = 6
 geom_x = 0.06586102743457076
 geom_a = 0
 geom_q = 0
 geom_c = 0.0
f1, 2= 6.5861e-02
WARNING: function not minimised
                       N restraints  r.m.s.d.  r.m.s.Z  Mn(sigma)
Bond distances, non H             4     0.001    0.076      0.013
Bond angles, non H                5     0.225    0.146      2.100
Chiral centres                    1     0.004    0.050      0.089



====== CYCLE 13 ======

 weight = 1.0000e+00
 geom_x = 0.06586102743457076
 geom_a = 0
 geom_q = 0
 geom_c = 0.0
f0= 6.5861e-02
using cgsolve in c++, ic=False
diag(geom) min= 262.575239 max= 15305.719010
diag(all) min= 262.575239 max= 15305.719010
Trying gamma equal 0.042000
Convergence reached after 7 iterations with no gamma cycles
min(dx) = -1.5786335980595104e-16
max(dx) = 4.863959863043007e-17
mean(dx)= -9.599768557276175e-18
vdws = 0
atoms = 4
pairs = 6
 geom_x = 0.06586102743456941
 geom_a = 0
 geom_q = 0
 geom_c = 0.0
f1, 0= 6.5861e-02
                       N restraints  r.m.s.d.  r.m.s.Z  Mn(sigma)
Bond distances, non H             4     0.001    0.076      0.013
Bond angles, non H                5     0.225    0.146      2.100
Chiral centres                    1     0.004    0.050      0.089



====== CYCLE 14 ======

 weight = 1.0000e+00
 geom_x = 0.06586102743456941
 geom_a = 0
 geom_q = 0
 geom_c = 0.0
f0= 6.5861e-02
using cgsolve in c++, ic=False
diag(geom) min= 262.575239 max= 15305.719010
diag(all) min= 262.575239 max= 15305.719010
Trying gamma equal 0.042000
Convergence reached after 7 iterations with no gamma cycles
min(dx) = -7.57772204131699e-17
max(dx) = 1.30354748724857e-16
mean(dx)= 5.025671995031261e-18
vdws = 0
atoms = 4
pairs = 6
 geom_x = 0.0658610274345704
 geom_a = 0
 geom_q = 0
 geom_c = 0.0
f1, 0= 6.5861e-02
min(dx) = -3.788861020658495e-17
max(dx) = 6.51773743624285e-17
mean(dx)= 2.5128359975156305e-18
vdws = 0
atoms = 4
pairs = 6
 geom_x = 0.06586102743456691
 geom_a = 0
 geom_q = 0
 geom_c = 0.0
f1, 1= 6.5861e-02
                       N restraints  r.m.s.d.  r.m.s.Z  Mn(sigma)
Bond distances, non H             4     0.001    0.076      0.013
Bond angles, non H                5     0.225    0.146      2.100
Chiral centres                    1     0.004    0.050      0.089



====== CYCLE 15 ======

 weight = 1.0000e+00
 geom_x = 0.06586102743456691
 geom_a = 0
 geom_q = 0
 geom_c = 0.0
f0= 6.5861e-02
using cgsolve in c++, ic=False
diag(geom) min= 262.575239 max= 15305.719010
diag(all) min= 262.575239 max= 15305.719010
Trying gamma equal 0.042000
Convergence reached after 7 iterations with no gamma cycles
min(dx) = -5.887615709395861e-17
max(dx) = 1.223702807668389e-16
mean(dx)= 4.4491950005705e-18
vdws = 0
atoms = 4
pairs = 6
 geom_x = 0.06586102743457059
 geom_a = 0
 geom_q = 0
 geom_c = 0.0
f1, 0= 6.5861e-02
min(dx) = -2.9438078546979304e-17
max(dx) = 6.118514038341945e-17
mean(dx)= 2.22459750028525e-18
vdws = 0
atoms = 4
pairs = 6
 geom_x = 0.06586102743457059
 geom_a = 0
 geom_q = 0
 geom_c = 0.0
f1, 1= 6.5861e-02
min(dx) = -1.4719039273489652e-17
max(dx) = 3.0592570191709724e-17
mean(dx)= 1.112298750142625e-18
vdws = 0
atoms = 4
pairs = 6
 geom_x = 0.06586102743457065
 geom_a = 0
 geom_q = 0
 geom_c = 0.0
f1, 2= 6.5861e-02
WARNING: function not minimised
                       N restraints  r.m.s.d.  r.m.s.Z  Mn(sigma)
Bond distances, non H             4     0.001    0.076      0.013
Bond angles, non H                5     0.225    0.146      2.100
Chiral centres                    1     0.004    0.050      0.089



====== CYCLE 16 ======

 weight = 1.0000e+00
 geom_x = 0.06586102743457065
 geom_a = 0
 geom_q = 0
 geom_c = 0.0
f0= 6.5861e-02
using cgsolve in c++, ic=False
diag(geom) min= 262.575239 max= 15305.719010
diag(all) min= 262.575239 max= 15305.719010
Trying gamma equal 0.042000
Convergence reached after 7 iterations with no gamma cycles
min(dx) = -4.004457530230273e-17
max(dx) = 1.1214859842186482e-16
mean(dx)= 1.7559490432879168e-17
vdws = 0
atoms = 4
pairs = 6
 geom_x = 0.06586102743456666
 geom_a = 0
 geom_q = 0
 geom_c = 0.0
f1, 0= 6.5861e-02
                       N restraints  r.m.s.d.  r.m.s.Z  Mn(sigma)
Bond distances, non H             4     0.001    0.076      0.013
Bond angles, non H                5     0.225    0.146      2.100
Chiral centres                    1     0.004    0.050      0.089



====== CYCLE 17 ======

 weight = 1.0000e+00
 geom_x = 0.06586102743456666
 geom_a = 0
 geom_q = 0
 geom_c = 0.0
f0= 6.5861e-02
using cgsolve in c++, ic=False
diag(geom) min= 262.575239 max= 15305.719010
diag(all) min= 262.575239 max= 15305.719010
Trying gamma equal 0.042000
Convergence reached after 7 iterations with no gamma cycles
min(dx) = -5.086484406352426e-17
max(dx) = 7.308109779465261e-17
mean(dx)= -5.9136336130744845e-18
vdws = 0
atoms = 4
pairs = 6
 geom_x = 0.06586102743457069
 geom_a = 0
 geom_q = 0
 geom_c = 0.0
f1, 0= 6.5861e-02
min(dx) = -2.543242203176213e-17
max(dx) = 3.6540548897326305e-17
mean(dx)= -2.9568168065372422e-18
vdws = 0
atoms = 4
pairs = 6
 geom_x = 0.0658610274345704
 geom_a = 0
 geom_q = 0
 geom_c = 0.0
f1, 1= 6.5861e-02
min(dx) = -1.2716211015881065e-17
max(dx) = 1.8270274448663152e-17
mean(dx)= -1.4784084032686211e-18
vdws = 0
atoms = 4
pairs = 6
 geom_x = 0.0658610274345704
 geom_a = 0
 geom_q = 0
 geom_c = 0.0
f1, 2= 6.5861e-02
WARNING: function not minimised
                       N restraints  r.m.s.d.  r.m.s.Z  Mn(sigma)
Bond distances, non H             4     0.001    0.076      0.013
Bond angles, non H                5     0.225    0.146      2.100
Chiral centres                    1     0.004    0.050      0.089



====== CYCLE 18 ======

 weight = 1.0000e+00
 geom_x = 0.0658610274345704
 geom_a = 0
 geom_q = 0
 geom_c = 0.0
f0= 6.5861e-02
using cgsolve in c++, ic=False
diag(geom) min= 262.575239 max= 15305.719010
diag(all) min= 262.575239 max= 15305.719010
Trying gamma equal 0.042000
Convergence reached after 7 iterations with no gamma cycles
min(dx) = -6.479346273636082e-17
max(dx) = 8.335021538168937e-17
mean(dx)= 7.90903679472793e-18
vdws = 0
atoms = 4
pairs = 6
 geom_x = 0.06586102743456952
 geom_a = 0
 geom_q = 0
 geom_c = 0.0
f1, 0= 6.5861e-02
                       N restraints  r.m.s.d.  r.m.s.Z  Mn(sigma)
Bond distances, non H             4     0.001    0.076      0.013
Bond angles, non H                5     0.225    0.146      2.100
Chiral centres                    1     0.004    0.050      0.089



====== CYCLE 19 ======

 weight = 1.0000e+00
 geom_x = 0.06586102743456952
 geom_a = 0
 geom_q = 0
 geom_c = 0.0
f0= 6.5861e-02
using cgsolve in c++, ic=False
diag(geom) min= 262.575239 max= 15305.719010
diag(all) min= 262.575239 max= 15305.719010
Trying gamma equal 0.042000
Not converging with gamma equal 0.042000
Trying gamma equal 0.094500
Not converging with gamma equal 0.094500
Trying gamma equal 0.149625
Gamma decreased to 0.138600
min(dx) = -2.314755166149673e-16
max(dx) = 7.201986549162621e-17
mean(dx)= -2.060887340107834e-17
vdws = 0
atoms = 4
pairs = 6
 geom_x = 0.06586102743457065
 geom_a = 0
 geom_q = 0
 geom_c = 0.0
f1, 0= 6.5861e-02
min(dx) = -1.1573775830748366e-16
max(dx) = 3.6009932745813106e-17
mean(dx)= -1.030443670053917e-17
vdws = 0
atoms = 4
pairs = 6
 geom_x = 0.06586102743456916
 geom_a = 0
 geom_q = 0
 geom_c = 0.0
f1, 1= 6.5861e-02
                       N restraints  r.m.s.d.  r.m.s.Z  Mn(sigma)
Bond distances, non H             4     0.001    0.076      0.013
Bond angles, non H                5     0.225    0.146      2.100
Chiral centres                    1     0.004    0.050      0.089



====== CYCLE 20 ======

 weight = 1.0000e+00
 geom_x = 0.06586102743456916
 geom_a = 0
 geom_q = 0
 geom_c = 0.0
f0= 6.5861e-02
using cgsolve in c++, ic=False
diag(geom) min= 262.575239 max= 15305.719010
diag(all) min= 262.575239 max= 15305.719010
Trying gamma equal 0.138600
Convergence reached after 7 iterations with no gamma cycles
min(dx) = -6.187720122802202e-17
max(dx) = 7.038318918529614e-17
mean(dx)= -4.724841714699197e-18
vdws = 0
atoms = 4
pairs = 6
 geom_x = 0.06586102743457069
 geom_a = 0
 geom_q = 0
 geom_c = 0.0
f1, 0= 6.5861e-02
min(dx) = -3.093860061401101e-17
max(dx) = 3.519159459264807e-17
mean(dx)= -2.3624208573495984e-18
vdws = 0
atoms = 4
pairs = 6
 geom_x = 0.0658610274345704
 geom_a = 0
 geom_q = 0
 geom_c = 0.0
f1, 1= 6.5861e-02
min(dx) = -1.5469300307005505e-17
max(dx) = 1.7595797296324034e-17
mean(dx)= -1.1812104286747992e-18
vdws = 0
atoms = 4
pairs = 6
 geom_x = 0.06586102743457027
 geom_a = 0
 geom_q = 0
 geom_c = 0.0
f1, 2= 6.5861e-02
WARNING: function not minimised
                       N restraints  r.m.s.d.  r.m.s.Z  Mn(sigma)
Bond distances, non H             4     0.001    0.076      0.013
Bond angles, non H                5     0.225    0.146      2.100
Chiral centres                    1     0.004    0.050      0.089



====== CYCLE 21 ======

 weight = 1.0000e+00
 geom_x = 0.06586102743457027
 geom_a = 0
 geom_q = 0
 geom_c = 0.0
f0= 6.5861e-02
using cgsolve in c++, ic=False
diag(geom) min= 262.575239 max= 15305.719010
diag(all) min= 262.575239 max= 15305.719010
Trying gamma equal 0.138600
Convergence reached after 7 iterations with no gamma cycles
min(dx) = -5.980172201561807e-17
max(dx) = 7.107336388029072e-17
mean(dx)= -2.9167437879304113e-18
vdws = 0
atoms = 4
pairs = 6
 geom_x = 0.06586102743457069
 geom_a = 0
 geom_q = 0
 geom_c = 0.0
f1, 0= 6.5861e-02
min(dx) = -2.9900861007809036e-17
max(dx) = 3.553668194014536e-17
mean(dx)= -1.4583718939652056e-18
vdws = 0
atoms = 4
pairs = 6
 geom_x = 0.06586102743457051
 geom_a = 0
 geom_q = 0
 geom_c = 0.0
f1, 1= 6.5861e-02
min(dx) = -1.4950430503904518e-17
max(dx) = 1.776834097007268e-17
mean(dx)= -7.291859469826028e-19
vdws = 0
atoms = 4
pairs = 6
 geom_x = 0.06586102743457027
 geom_a = 0
 geom_q = 0
 geom_c = 0.0
f1, 2= 6.5861e-02
WARNING: function not minimised
                       N restraints  r.m.s.d.  r.m.s.Z  Mn(sigma)
Bond distances, non H             4     0.001    0.076      0.013
Bond angles, non H                5     0.225    0.146      2.100
Chiral centres                    1     0.004    0.050      0.089



====== CYCLE 22 ======

 weight = 1.0000e+00
 geom_x = 0.06586102743457027
 geom_a = 0
 geom_q = 0
 geom_c = 0.0
f0= 6.5861e-02
using cgsolve in c++, ic=False
diag(geom) min= 262.575239 max= 15305.719010
diag(all) min= 262.575239 max= 15305.719010
Trying gamma equal 0.138600
Convergence reached after 7 iterations with no gamma cycles
min(dx) = -5.980172201561807e-17
max(dx) = 7.107336388029072e-17
mean(dx)= -2.9167437879304113e-18
vdws = 0
atoms = 4
pairs = 6
 geom_x = 0.06586102743457069
 geom_a = 0
 geom_q = 0
 geom_c = 0.0
f1, 0= 6.5861e-02
min(dx) = -2.9900861007809036e-17
max(dx) = 3.553668194014536e-17
mean(dx)= -1.4583718939652056e-18
vdws = 0
atoms = 4
pairs = 6
 geom_x = 0.06586102743457051
 geom_a = 0
 geom_q = 0
 geom_c = 0.0
f1, 1= 6.5861e-02
min(dx) = -1.4950430503904518e-17
max(dx) = 1.776834097007268e-17
mean(dx)= -7.291859469826028e-19
vdws = 0
atoms = 4
pairs = 6
 geom_x = 0.06586102743457038
 geom_a = 0
 geom_q = 0
 geom_c = 0.0
f1, 2= 6.5861e-02
WARNING: function not minimised
                       N restraints  r.m.s.d.  r.m.s.Z  Mn(sigma)
Bond distances, non H             4     0.001    0.076      0.013
Bond angles, non H                5     0.225    0.146      2.100
Chiral centres                    1     0.004    0.050      0.089



====== CYCLE 23 ======

 weight = 1.0000e+00
 geom_x = 0.06586102743457038
 geom_a = 0
 geom_q = 0
 geom_c = 0.0
f0= 6.5861e-02
using cgsolve in c++, ic=False
diag(geom) min= 262.575239 max= 15305.719010
diag(all) min= 262.575239 max= 15305.719010
Trying gamma equal 0.138600
Convergence reached after 7 iterations with no gamma cycles
min(dx) = -2.3808348825655866e-16
max(dx) = 5.0594405333691807e-17
mean(dx)= -2.8126733552657906e-17
vdws = 0
atoms = 4
pairs = 6
 geom_x = 0.0658610274345704
 geom_a = 0
 geom_q = 0
 geom_c = 0.0
f1, 0= 6.5861e-02
min(dx) = -1.1904174412827933e-16
max(dx) = 2.5297202666845903e-17
mean(dx)= -1.4063366776328953e-17
vdws = 0
atoms = 4
pairs = 6
 geom_x = 0.06586102743457027
 geom_a = 0
 geom_q = 0
 geom_c = 0.0
f1, 1= 6.5861e-02
                       N restraints  r.m.s.d.  r.m.s.Z  Mn(sigma)
Bond distances, non H             4     0.001    0.076      0.013
Bond angles, non H                5     0.225    0.146      2.100
Chiral centres                    1     0.004    0.050      0.089



====== CYCLE 24 ======

 weight = 1.0000e+00
 geom_x = 0.06586102743457027
 geom_a = 0
 geom_q = 0
 geom_c = 0.0
f0= 6.5861e-02
using cgsolve in c++, ic=False
diag(geom) min= 262.575239 max= 15305.719010
diag(all) min= 262.575239 max= 15305.719010
Trying gamma equal 0.138600
Convergence reached after 7 iterations with no gamma cycles
min(dx) = -5.918235473817703e-17
max(dx) = 7.107126363018778e-17
mean(dx)= -2.962605405295709e-18
vdws = 0
atoms = 4
pairs = 6
 geom_x = 0.06586102743456931
 geom_a = 0
 geom_q = 0
 geom_c = 0.0
f1, 0= 6.5861e-02
                       N restraints  r.m.s.d.  r.m.s.Z  Mn(sigma)
Bond distances, non H             4     0.001    0.076      0.013
Bond angles, non H                5     0.225    0.146      2.100
Chiral centres                    1     0.004    0.050      0.089



====== CYCLE 25 ======

 weight = 1.0000e+00
 geom_x = 0.06586102743456931
 geom_a = 0
 geom_q = 0
 geom_c = 0.0
f0= 6.5861e-02
using cgsolve in c++, ic=False
diag(geom) min= 262.575239 max= 15305.719010
diag(all) min= 262.575239 max= 15305.719010
Trying gamma equal 0.138600
Convergence reached after 7 iterations with no gamma cycles
min(dx) = -2.5009951143099225e-16
max(dx) = 1.7162201607819472e-16
mean(dx)= -1.1700508170896806e-17
vdws = 0
atoms = 4
pairs = 6
 geom_x = 0.06586102743456959
 geom_a = 0
 geom_q = 0
 geom_c = 0.0
f1, 0= 6.5861e-02
min(dx) = -1.2504975571549613e-16
max(dx) = 8.581100803909736e-17
mean(dx)= -5.850254085448403e-18
vdws = 0
atoms = 4
pairs = 6
 geom_x = 0.0658610274345704
 geom_a = 0
 geom_q = 0
 geom_c = 0.0
f1, 1= 6.5861e-02
min(dx) = -6.252487785774806e-17
max(dx) = 4.290550401954868e-17
mean(dx)= -2.9251270427242015e-18
vdws = 0
atoms = 4
pairs = 6
 geom_x = 0.06586102743457076
 geom_a = 0
 geom_q = 0
 geom_c = 0.0
f1, 2= 6.5861e-02
WARNING: function not minimised
                       N restraints  r.m.s.d.  r.m.s.Z  Mn(sigma)
Bond distances, non H             4     0.001    0.076      0.013
Bond angles, non H                5     0.225    0.146      2.100
Chiral centres                    1     0.004    0.050      0.089



====== CYCLE 26 ======

 weight = 1.0000e+00
 geom_x = 0.06586102743457076
 geom_a = 0
 geom_q = 0
 geom_c = 0.0
f0= 6.5861e-02
using cgsolve in c++, ic=False
diag(geom) min= 262.575239 max= 15305.719010
diag(all) min= 262.575239 max= 15305.719010
Trying gamma equal 0.138600
Convergence reached after 7 iterations with no gamma cycles
min(dx) = -1.5177050928742686e-16
max(dx) = 5.03943936086275e-17
mean(dx)= -8.880072031438248e-18
vdws = 0
atoms = 4
pairs = 6
 geom_x = 0.06586102743457027
 geom_a = 0
 geom_q = 0
 geom_c = 0.0
f1, 0= 6.5861e-02
                       N restraints  r.m.s.d.  r.m.s.Z  Mn(sigma)
Bond distances, non H             4     0.001    0.076      0.013
Bond angles, non H                5     0.225    0.146      2.100
Chiral centres                    1     0.004    0.050      0.089



====== CYCLE 27 ======

 weight = 1.0000e+00
 geom_x = 0.06586102743457027
 geom_a = 0
 geom_q = 0
 geom_c = 0.0
f0= 6.5861e-02
using cgsolve in c++, ic=False
diag(geom) min= 262.575239 max= 15305.719010
diag(all) min= 262.575239 max= 15305.719010
Trying gamma equal 0.138600
Convergence reached after 7 iterations with no gamma cycles
min(dx) = -5.942631591095332e-17
max(dx) = 7.07557579093598e-17
mean(dx)= -3.043392902440492e-18
vdws = 0
atoms = 4
pairs = 6
 geom_x = 0.06586102743456937
 geom_a = 0
 geom_q = 0
 geom_c = 0.0
f1, 0= 6.5861e-02
                       N restraints  r.m.s.d.  r.m.s.Z  Mn(sigma)
Bond distances, non H             4     0.001    0.076      0.013
Bond angles, non H                5     0.225    0.146      2.100
Chiral centres                    1     0.004    0.050      0.089



====== CYCLE 28 ======

 weight = 1.0000e+00
 geom_x = 0.06586102743456937
 geom_a = 0
 geom_q = 0
 geom_c = 0.0
f0= 6.5861e-02
using cgsolve in c++, ic=False
diag(geom) min= 262.575239 max= 15305.719010
diag(all) min= 262.575239 max= 15305.719010
Trying gamma equal 0.138600
Convergence reached after 7 iterations with no gamma cycles
min(dx) = -1.3776852613220604e-16
max(dx) = 6.202198098804003e-17
mean(dx)= -6.377856980709031e-18
vdws = 0
atoms = 4
pairs = 6
 geom_x = 0.06586102743456916
 geom_a = 0
 geom_q = 0
 geom_c = 0.0
f1, 0= 6.5861e-02
                       N restraints  r.m.s.d.  r.m.s.Z  Mn(sigma)
Bond distances, non H             4     0.001    0.076      0.013
Bond angles, non H                5     0.225    0.146      2.100
Chiral centres                    1     0.004    0.050      0.089



====== CYCLE 29 ======

 weight = 1.0000e+00
 geom_x = 0.06586102743456916
 geom_a = 0
 geom_q = 0
 geom_c = 0.0
f0= 6.5861e-02
using cgsolve in c++, ic=False
diag(geom) min= 262.575239 max= 15305.719010
diag(all) min= 262.575239 max= 15305.719010
Trying gamma equal 0.138600
Convergence reached after 7 iterations with no gamma cycles
min(dx) = -6.19482270491236e-17
max(dx) = 6.916545220185417e-17
mean(dx)= -5.115012476093551e-18
vdws = 0
atoms = 4
pairs = 6
 geom_x = 0.06586102743457072
 geom_a = 0
 geom_q = 0
 geom_c = 0.0
f1, 0= 6.5861e-02
min(dx) = -3.09741135245618e-17
max(dx) = 3.458272610092708e-17
mean(dx)= -2.5575062380467756e-18
vdws = 0
atoms = 4
pairs = 6
 geom_x = 0.06586102743457059
 geom_a = 0
 geom_q = 0
 geom_c = 0.0
f1, 1= 6.5861e-02
min(dx) = -1.54870567622809e-17
max(dx) = 1.729136305046354e-17
mean(dx)= -1.2787531190233878e-18
vdws = 0
atoms = 4
pairs = 6
 geom_x = 0.06586102743456916
 geom_a = 0
 geom_q = 0
 geom_c = 0.0
f1, 2= 6.5861e-02
WARNING: function not minimised
                       N restraints  r.m.s.d.  r.m.s.Z  Mn(sigma)
Bond distances, non H             4     0.001    0.076      0.013
Bond angles, non H                5     0.225    0.146      2.100
Chiral centres                    1     0.004    0.050      0.089



====== CYCLE 30 ======

 weight = 1.0000e+00
 geom_x = 0.06586102743456916
 geom_a = 0
 geom_q = 0
 geom_c = 0.0
f0= 6.5861e-02
using cgsolve in c++, ic=False
diag(geom) min= 262.575239 max= 15305.719010
diag(all) min= 262.575239 max= 15305.719010
Trying gamma equal 0.138600
Convergence reached after 7 iterations with no gamma cycles
min(dx) = -6.19482270491236e-17
max(dx) = 6.916545220185417e-17
mean(dx)= -5.115012476093551e-18
vdws = 0
atoms = 4
pairs = 6
 geom_x = 0.06586102743457072
 geom_a = 0
 geom_q = 0
 geom_c = 0.0
f1, 0= 6.5861e-02
min(dx) = -3.09741135245618e-17
max(dx) = 3.458272610092708e-17
mean(dx)= -2.5575062380467756e-18
vdws = 0
atoms = 4
pairs = 6
 geom_x = 0.06586102743457059
 geom_a = 0
 geom_q = 0
 geom_c = 0.0
f1, 1= 6.5861e-02
min(dx) = -1.54870567622809e-17
max(dx) = 1.729136305046354e-17
mean(dx)= -1.2787531190233878e-18
vdws = 0
atoms = 4
pairs = 6
 geom_x = 0.06586102743456916
 geom_a = 0
 geom_q = 0
 geom_c = 0.0
f1, 2= 6.5861e-02
WARNING: function not minimised
                       N restraints  r.m.s.d.  r.m.s.Z  Mn(sigma)
Bond distances, non H             4     0.001    0.076      0.013
Bond angles, non H                5     0.225    0.146      2.100
Chiral centres                    1     0.004    0.050      0.089


$TABLE: stats vs cycle :
$GRAPHS
: Geometry :A:1,2,4:
: Geometry Z :A:1,3,5:
$$
 Ncyc  rmsBOND  zBOND  rmsANGL  zANGL
$$
$$
    0   0.0009 0.0770   0.2460 0.1497
    1   0.0008 0.0758   0.2246 0.1458
    2   0.0008 0.0758   0.2246 0.1458
    3   0.0008 0.0758   0.2246 0.1458
    4   0.0008 0.0758   0.2246 0.1458
    5   0.0008 0.0758   0.2246 0.1458
    6   0.0008 0.0758   0.2246 0.1458
    7   0.0008 0.0758   0.2246 0.1458
    8   0.0008 0.0758   0.2246 0.1458
    9   0.0008 0.0758   0.2246 0.1458
   10   0.0008 0.0758   0.2246 0.1458
   11   0.0008 0.0758   0.2246 0.1458
   12   0.0008 0.0758   0.2246 0.1458
   13   0.0008 0.0758   0.2246 0.1458
   14   0.0008 0.0758   0.2246 0.1458
   15   0.0008 0.0758   0.2246 0.1458
   16   0.0008 0.0758   0.2246 0.1458
   17   0.0008 0.0758   0.2246 0.1458
   18   0.0008 0.0758   0.2246 0.1458
   19   0.0008 0.0758   0.2246 0.1458
   20   0.0008 0.0758   0.2246 0.1458
   21   0.0008 0.0758   0.2246 0.1458
   22   0.0008 0.0758   0.2246 0.1458
   23   0.0008 0.0758   0.2246 0.1458
   24   0.0008 0.0758   0.2246 0.1458
   25   0.0008 0.0758   0.2246 0.1458
   26   0.0008 0.0758   0.2246 0.1458
   27   0.0008 0.0758   0.2246 0.1458
   28   0.0008 0.0758   0.2246 0.1458
   29   0.0008 0.0758   0.2246 0.1458
   30   0.0008 0.0758   0.2246 0.1458
$$

Creating restraints..

Chain info:
 chain 
  ligands: EPX (1 residues)

Number of refinement parameters:
       n_params  n_atoms  n_atoms_geom_only  n_atoms_data_only
xyz          10       10                  6                  0
adp           0        0                  0                  0
occ           0        0                  0                  0
dfrac         0        0                  0                  0

Randomizing structure with rmsd of 0.01
Torsion angle rules:
 include:
  {'group': 'peptide', 'tors_name': 'chi*'}
  {'link': '*', 'tors_name': 'omega'}
  {'residue': '*', 'tors_name': 'sp2_sp2*'}
  {'link': '*', 'tors_name': 'sp2_sp2*'}
 exclude:
  none
External restraints from Refmac instructions
 Number of distances          : 0
 Number of angles             : 0
 Number of torsions           : 0
 Number of chirals            : 0
 Number of planes             : 0
 Number of intervals          : 0
 Number of stackings          : 0
 Number of harmonics          : 0
 Number of special positions  : 0

Running 10 cycles with wchir=4 wvdw=2 with hydrogen
Geometry weights
vdws = 15
atoms = 10
pairs = 41
                          N restraints  r.m.s.d.  r.m.s.Z  Mn(sigma)
Bond distances, non H                4     0.011    1.062      0.013
Bond distances, H                    6     0.012    0.707      0.016
Bond angles, non H                   5     0.588    0.330      2.100
Bond angles, H                      14     0.492    0.289      1.929
Torsion angles, period 3             1     0.705    0.071     10.000
Chiral centres                       1     0.044    0.492      0.089
VDW torsion                          1     0.009    0.043      0.200


====== CYCLE  1 ======

 weight = 1.0000e+00
 geom_x = 6.55834554666197
 geom_a = 0
 geom_q = 0
 geom_c = 0.0
f0= 6.5583e+00
using cgsolve in c++, ic=False
diag(geom) min= 409.104317 max= 38850.468664
diag(all) min= 409.104317 max= 38850.468664
Trying gamma equal 0.000000
Convergence reached after 23 iterations with no gamma cycles
min(dx) = -0.016097629546220696
max(dx) = 0.007960256346414223
mean(dx)= -0.001642206081770651
vdws = 15
atoms = 10
pairs = 41
 geom_x = 0.10736974021971067
 geom_a = 0
 geom_q = 0
 geom_c = 0.0
f1, 0= 1.0737e-01
                          N restraints  r.m.s.d.  r.m.s.Z  Mn(sigma)
Bond distances, non H                4     0.001    0.072      0.013
Bond distances, H                    6     0.000    0.004      0.016
Bond angles, non H                   5     0.264    0.154      2.100
Bond angles, H                      14     0.174    0.073      1.929
Torsion angles, period 3             1     0.002    0.000     10.000
Chiral centres                       1     0.000    0.002      0.089



====== CYCLE  2 ======

 weight = 1.0000e+00
 geom_x = 0.10736974021971067
 geom_a = 0
 geom_q = 0
 geom_c = 0.0
f0= 1.0737e-01
using cgsolve in c++, ic=False
diag(geom) min= 431.569135 max= 39263.992890
diag(all) min= 431.569135 max= 39263.992890
Trying gamma equal 0.000000
Not converging with gamma equal 0.000000
Trying gamma equal 0.052500
Gamma decreased to 0.042000
min(dx) = -0.00018544710827454912
max(dx) = 0.00013550710276454998
mean(dx)= 1.6733954556296447e-05
vdws = 15
atoms = 10
pairs = 41
 geom_x = 0.10720431141915923
 geom_a = 0
 geom_q = 0
 geom_c = 0.0
f1, 0= 1.0720e-01
                          N restraints  r.m.s.d.  r.m.s.Z  Mn(sigma)
Bond distances, non H                4     0.001    0.073      0.013
Bond distances, H                    6     0.000    0.000      0.016
Bond angles, non H                   5     0.265    0.154      2.100
Bond angles, H                      14     0.173    0.073      1.929
Torsion angles, period 3             1     0.010    0.001     10.000
Chiral centres                       1     0.000    0.000      0.089



====== CYCLE  3 ======

 weight = 1.0000e+00
 geom_x = 0.10720431141915923
 geom_a = 0
 geom_q = 0
 geom_c = 0.0
f0= 1.0720e-01
using cgsolve in c++, ic=False
diag(geom) min= 431.889237 max= 39262.893598
diag(all) min= 431.889237 max= 39262.893598
Trying gamma equal 0.042000
Convergence reached after 20 iterations with no gamma cycles
min(dx) = -9.589476406404317e-05
max(dx) = 0.00010718128006632604
mean(dx)= 8.575244048827976e-06
vdws = 15
atoms = 10
pairs = 41
 geom_x = 0.10718644727939684
 geom_a = 0
 geom_q = 0
 geom_c = 0.0
f1, 0= 1.0719e-01
                          N restraints  r.m.s.d.  r.m.s.Z  Mn(sigma)
Bond distances, non H                4     0.001    0.073      0.013
Bond distances, H                    6     0.000    0.000      0.016
Bond angles, non H                   5     0.265    0.154      2.100
Bond angles, H                      14     0.173    0.073      1.929
Torsion angles, period 3             1     0.014    0.001     10.000
Chiral centres                       1     0.000    0.000      0.089



====== CYCLE  4 ======

 weight = 1.0000e+00
 geom_x = 0.10718644727939684
 geom_a = 0
 geom_q = 0
 geom_c = 0.0
f0= 1.0719e-01
using cgsolve in c++, ic=False
diag(geom) min= 432.094217 max= 39262.544617
diag(all) min= 432.094217 max= 39262.544617
Trying gamma equal 0.042000
Convergence reached after 19 iterations with no gamma cycles
min(dx) = -5.218838143526933e-05
max(dx) = 6.920598992610414e-05
mean(dx)= 4.298751919850806e-06
vdws = 15
atoms = 10
pairs = 41
 geom_x = 0.10718051546269156
 geom_a = 0
 geom_q = 0
 geom_c = 0.0
f1, 0= 1.0718e-01
                          N restraints  r.m.s.d.  r.m.s.Z  Mn(sigma)
Bond distances, non H                4     0.001    0.073      0.013
Bond distances, H                    6     0.000    0.000      0.016
Bond angles, non H                   5     0.265    0.154      2.100
Bond angles, H                      14     0.173    0.073      1.929
Torsion angles, period 3             1     0.015    0.002     10.000
Chiral centres                       1     0.000    0.000      0.089



====== CYCLE  5 ======

 weight = 1.0000e+00
 geom_x = 0.10718051546269156
 geom_a = 0
 geom_q = 0
 geom_c = 0.0
f0= 1.0718e-01
using cgsolve in c++, ic=False
diag(geom) min= 432.194057 max= 39262.241814
diag(all) min= 432.194057 max= 39262.241814
Trying gamma equal 0.042000
Convergence reached after 17 iterations with no gamma cycles
min(dx) = -4.1093044394790024e-05
max(dx) = 4.7861206446750857e-05
mean(dx)= 2.642086796418062e-06
vdws = 15
atoms = 10
pairs = 41
 geom_x = 0.10717822498315464
 geom_a = 0
 geom_q = 0
 geom_c = 0.0
f1, 0= 1.0718e-01
                          N restraints  r.m.s.d.  r.m.s.Z  Mn(sigma)
Bond distances, non H                4     0.001    0.073      0.013
Bond distances, H                    6     0.000    0.000      0.016
Bond angles, non H                   5     0.265    0.154      2.100
Bond angles, H                      14     0.173    0.073      1.929
Torsion angles, period 3             1     0.015    0.002     10.000
Chiral centres                       1     0.000    0.001      0.089



====== CYCLE  6 ======

 weight = 1.0000e+00
 geom_x = 0.10717822498315464
 geom_a = 0
 geom_q = 0
 geom_c = 0.0
f0= 1.0718e-01
using cgsolve in c++, ic=False
diag(geom) min= 432.258475 max= 39261.998631
diag(all) min= 432.258475 max= 39261.998631
Trying gamma equal 0.042000
Convergence reached after 18 iterations with no gamma cycles
min(dx) = -3.2922731226502005e-05
max(dx) = 3.814033287459766e-05
mean(dx)= 1.8125901379352761e-06
vdws = 15
atoms = 10
pairs = 41
 geom_x = 0.10717720103797462
 geom_a = 0
 geom_q = 0
 geom_c = 0.0
f1, 0= 1.0718e-01
                          N restraints  r.m.s.d.  r.m.s.Z  Mn(sigma)
Bond distances, non H                4     0.001    0.073      0.013
Bond distances, H                    6     0.000    0.000      0.016
Bond angles, non H                   5     0.265    0.154      2.100
Bond angles, H                      14     0.173    0.073      1.929
Torsion angles, period 3             1     0.014    0.001     10.000
Chiral centres                       1     0.000    0.001      0.089



====== CYCLE  7 ======

 weight = 1.0000e+00
 geom_x = 0.10717720103797462
 geom_a = 0
 geom_q = 0
 geom_c = 0.0
f0= 1.0718e-01
using cgsolve in c++, ic=False
diag(geom) min= 432.305387 max= 39261.814397
diag(all) min= 432.305387 max= 39261.814397
Trying gamma equal 0.042000
Convergence reached after 18 iterations with no gamma cycles
min(dx) = -2.693116206947569e-05
max(dx) = 3.1083292029110956e-05
mean(dx)= 1.3298102677306259e-06
vdws = 15
atoms = 10
pairs = 41
 geom_x = 0.10717665974450666
 geom_a = 0
 geom_q = 0
 geom_c = 0.0
f1, 0= 1.0718e-01
                          N restraints  r.m.s.d.  r.m.s.Z  Mn(sigma)
Bond distances, non H                4     0.001    0.073      0.013
Bond distances, H                    6     0.000    0.000      0.016
Bond angles, non H                   5     0.265    0.154      2.100
Bond angles, H                      14     0.173    0.073      1.929
Torsion angles, period 3             1     0.013    0.001     10.000
Chiral centres                       1     0.000    0.001      0.089



====== CYCLE  8 ======

 weight = 1.0000e+00
 geom_x = 0.10717665974450666
 geom_a = 0
 geom_q = 0
 geom_c = 0.0
f0= 1.0718e-01
using cgsolve in c++, ic=False
diag(geom) min= 432.341369 max= 39261.676184
diag(all) min= 432.341369 max= 39261.676184
Trying gamma equal 0.042000
Convergence reached after 18 iterations with no gamma cycles
min(dx) = -2.241221987688508e-05
max(dx) = 2.5796203576263924e-05
mean(dx)= 1.022849704153879e-06
vdws = 15
atoms = 10
pairs = 41
 geom_x = 0.10717632777174674
 geom_a = 0
 geom_q = 0
 geom_c = 0.0
f1, 0= 1.0718e-01
                          N restraints  r.m.s.d.  r.m.s.Z  Mn(sigma)
Bond distances, non H                4     0.001    0.073      0.013
Bond distances, H                    6     0.000    0.000      0.016
Bond angles, non H                   5     0.265    0.154      2.100
Bond angles, H                      14     0.173    0.073      1.929
Torsion angles, period 3             1     0.012    0.001     10.000
Chiral centres                       1     0.000    0.001      0.089



====== CYCLE  9 ======

 weight = 1.0000e+00
 geom_x = 0.10717632777174674
 geom_a = 0
 geom_q = 0
 geom_c = 0.0
f0= 1.0718e-01
using cgsolve in c++, ic=False
diag(geom) min= 432.369892 max= 39261.570899
diag(all) min= 432.369892 max= 39261.570899
Trying gamma equal 0.042000
Convergence reached after 17 iterations with no gamma cycles
min(dx) = -1.8894791992085838e-05
max(dx) = 2.170393844169429e-05
mean(dx)= 8.147711735663746e-07
vdws = 15
atoms = 10
pairs = 41
 geom_x = 0.1071761026700849
 geom_a = 0
 geom_q = 0
 geom_c = 0.0
f1, 0= 1.0718e-01
                          N restraints  r.m.s.d.  r.m.s.Z  Mn(sigma)
Bond distances, non H                4     0.001    0.073      0.013
Bond distances, H                    6     0.000    0.000      0.016
Bond angles, non H                   5     0.265    0.154      2.100
Bond angles, H                      14     0.173    0.073      1.929
Torsion angles, period 3             1     0.010    0.001     10.000
Chiral centres                       1     0.000    0.001      0.089



====== CYCLE 10 ======

 weight = 1.0000e+00
 geom_x = 0.1071761026700849
 geom_a = 0
 geom_q = 0
 geom_c = 0.0
f0= 1.0718e-01
using cgsolve in c++, ic=False
diag(geom) min= 432.393079 max= 39261.488690
diag(all) min= 432.393079 max= 39261.488690
Trying gamma equal 0.042000
Convergence reached after 15 iterations with no gamma cycles
min(dx) = -1.6078316725386712e-05
max(dx) = 1.8442568309704503e-05
mean(dx)= 6.659753178332152e-07
vdws = 15
atoms = 10
pairs = 41
 geom_x = 0.10717594131155156
 geom_a = 0
 geom_q = 0
 geom_c = 0.0
f1, 0= 1.0718e-01
                          N restraints  r.m.s.d.  r.m.s.Z  Mn(sigma)
Bond distances, non H                4     0.001    0.073      0.013
Bond distances, H                    6     0.000    0.000      0.016
Bond angles, non H                   5     0.265    0.154      2.100
Bond angles, H                      14     0.173    0.073      1.929
Torsion angles, period 3             1     0.009    0.001     10.000
Chiral centres                       1     0.000    0.001      0.089


$TABLE: stats vs cycle :
$GRAPHS
: Geometry :A:1,2,4:
: Geometry Z :A:1,3,5:
$$
 Ncyc  rmsBOND  zBOND  rmsANGL  zANGL
$$
$$
    0   0.0112 1.0624   0.5879 0.3303
    1   0.0008 0.0723   0.2641 0.1538
    2   0.0008 0.0727   0.2649 0.1538
    3   0.0008 0.0728   0.2651 0.1538
    4   0.0008 0.0729   0.2651 0.1538
    5   0.0008 0.0729   0.2650 0.1538
    6   0.0008 0.0729   0.2650 0.1538
    7   0.0008 0.0729   0.2650 0.1538
    8   0.0008 0.0729   0.2650 0.1538
    9   0.0008 0.0729   0.2650 0.1538
   10   0.0008 0.0729   0.2650 0.1538
$$

Running 30 cycles with wchir=1 wvdw=2 with hydrogen
Geometry weights
vdws = 15
atoms = 10
pairs = 41
                          N restraints  r.m.s.d.  r.m.s.Z  Mn(sigma)
Bond distances, non H                4     0.001    0.073      0.013
Bond distances, H                    6     0.000    0.000      0.016
Bond angles, non H                   5     0.265    0.154      2.100
Bond angles, H                      14     0.173    0.073      1.929
Torsion angles, period 3             1     0.009    0.001     10.000
Chiral centres                       1     0.000    0.001      0.089


====== CYCLE  1 ======

 weight = 1.0000e+00
 geom_x = 0.10717371587401378
 geom_a = 0
 geom_q = 0
 geom_c = 0.0
f0= 1.0717e-01
using cgsolve in c++, ic=False
diag(geom) min= 432.412296 max= 17333.928568
diag(all) min= 432.412296 max= 17333.928568
Trying gamma equal 0.042000
Convergence reached after 21 iterations with no gamma cycles
min(dx) = -6.257725395468475e-05
max(dx) = 6.23944371212725e-05
mean(dx)= 4.756727643429401e-06
vdws = 15
atoms = 10
pairs = 41
 geom_x = 0.10716096215453506
 geom_a = 0
 geom_q = 0
 geom_c = 0.0
f1, 0= 1.0716e-01
                          N restraints  r.m.s.d.  r.m.s.Z  Mn(sigma)
Bond distances, non H                4     0.001    0.073      0.013
Bond distances, H                    6     0.000    0.000      0.016
Bond angles, non H                   5     0.267    0.154      2.100
Bond angles, H                      14     0.172    0.073      1.929
Torsion angles, period 3             1     0.008    0.001     10.000
Chiral centres                       1     0.000    0.003      0.089



====== CYCLE  2 ======

 weight = 1.0000e+00
 geom_x = 0.10716096215453506
 geom_a = 0
 geom_q = 0
 geom_c = 0.0
f0= 1.0716e-01
using cgsolve in c++, ic=False
diag(geom) min= 432.319933 max= 17334.341320
diag(all) min= 432.319933 max= 17334.341320
Trying gamma equal 0.042000
Convergence reached after 20 iterations with no gamma cycles
min(dx) = -2.5097426668984754e-05
max(dx) = 2.6667668162250175e-05
mean(dx)= 2.273306528694288e-06
vdws = 15
atoms = 10
pairs = 41
 geom_x = 0.10715997198696052
 geom_a = 0
 geom_q = 0
 geom_c = 0.0
f1, 0= 1.0716e-01
                          N restraints  r.m.s.d.  r.m.s.Z  Mn(sigma)
Bond distances, non H                4     0.001    0.073      0.013
Bond distances, H                    6     0.000    0.000      0.016
Bond angles, non H                   5     0.267    0.154      2.100
Bond angles, H                      14     0.171    0.073      1.929
Torsion angles, period 3             1     0.007    0.001     10.000
Chiral centres                       1     0.000    0.004      0.089



====== CYCLE  3 ======

 weight = 1.0000e+00
 geom_x = 0.10715997198696052
 geom_a = 0
 geom_q = 0
 geom_c = 0.0
f0= 1.0716e-01
using cgsolve in c++, ic=False
diag(geom) min= 432.325389 max= 17334.437024
diag(all) min= 432.325389 max= 17334.437024
Trying gamma equal 0.042000
Convergence reached after 19 iterations with no gamma cycles
min(dx) = -1.1187852668298953e-05
max(dx) = 1.5205910807696516e-05
mean(dx)= 1.1718137194729968e-06
vdws = 15
atoms = 10
pairs = 41
 geom_x = 0.10715972675166664
 geom_a = 0
 geom_q = 0
 geom_c = 0.0
f1, 0= 1.0716e-01
                          N restraints  r.m.s.d.  r.m.s.Z  Mn(sigma)
Bond distances, non H                4     0.001    0.073      0.013
Bond distances, H                    6     0.000    0.000      0.016
Bond angles, non H                   5     0.267    0.154      2.100
Bond angles, H                      14     0.171    0.073      1.929
Torsion angles, period 3             1     0.006    0.001     10.000
Chiral centres                       1     0.000    0.004      0.089



====== CYCLE  4 ======

 weight = 1.0000e+00
 geom_x = 0.10715972675166664
 geom_a = 0
 geom_q = 0
 geom_c = 0.0
f0= 1.0716e-01
using cgsolve in c++, ic=False
diag(geom) min= 432.340236 max= 17334.463664
diag(all) min= 432.340236 max= 17334.463664
Trying gamma equal 0.042000
Convergence reached after 18 iterations with no gamma cycles
min(dx) = -1.0147258944150273e-05
max(dx) = 1.2374425170142017e-05
mean(dx)= 6.958373435340187e-07
vdws = 15
atoms = 10
pairs = 41
 geom_x = 0.10715962166476747
 geom_a = 0
 geom_q = 0
 geom_c = 0.0
f1, 0= 1.0716e-01
                          N restraints  r.m.s.d.  r.m.s.Z  Mn(sigma)
Bond distances, non H                4     0.001    0.073      0.013
Bond distances, H                    6     0.000    0.000      0.016
Bond angles, non H                   5     0.267    0.154      2.100
Bond angles, H                      14     0.171    0.073      1.929
Torsion angles, period 3             1     0.006    0.001     10.000
Chiral centres                       1     0.000    0.004      0.089



====== CYCLE  5 ======

 weight = 1.0000e+00
 geom_x = 0.10715962166476747
 geom_a = 0
 geom_q = 0
 geom_c = 0.0
f0= 1.0716e-01
using cgsolve in c++, ic=False
diag(geom) min= 432.354549 max= 17334.470764
diag(all) min= 432.354549 max= 17334.470764
Trying gamma equal 0.042000
Convergence reached after 18 iterations with no gamma cycles
min(dx) = -8.848688110742967e-06
max(dx) = 1.04870036784258e-05
mean(dx)= 4.6864703334521997e-07
vdws = 15
atoms = 10
pairs = 41
 geom_x = 0.10715956022871147
 geom_a = 0
 geom_q = 0
 geom_c = 0.0
f1, 0= 1.0716e-01
                          N restraints  r.m.s.d.  r.m.s.Z  Mn(sigma)
Bond distances, non H                4     0.001    0.073      0.013
Bond distances, H                    6     0.000    0.000      0.016
Bond angles, non H                   5     0.267    0.154      2.100
Bond angles, H                      14     0.171    0.073      1.929
Torsion angles, period 3             1     0.005    0.000     10.000
Chiral centres                       1     0.000    0.004      0.089



====== CYCLE  6 ======

 weight = 1.0000e+00
 geom_x = 0.10715956022871147
 geom_a = 0
 geom_q = 0
 geom_c = 0.0
f0= 1.0716e-01
using cgsolve in c++, ic=False
diag(geom) min= 432.367100 max= 17334.472283
diag(all) min= 432.367100 max= 17334.472283
Trying gamma equal 0.042000
Convergence reached after 18 iterations with no gamma cycles
min(dx) = -7.601355987316049e-06
max(dx) = 8.89430817751096e-06
mean(dx)= 3.451818102698662e-07
vdws = 15
atoms = 10
pairs = 41
 geom_x = 0.10715951887174238
 geom_a = 0
 geom_q = 0
 geom_c = 0.0
f1, 0= 1.0716e-01
                          N restraints  r.m.s.d.  r.m.s.Z  Mn(sigma)
Bond distances, non H                4     0.001    0.073      0.013
Bond distances, H                    6     0.000    0.000      0.016
Bond angles, non H                   5     0.267    0.154      2.100
Bond angles, H                      14     0.171    0.073      1.929
Torsion angles, period 3             1     0.004    0.000     10.000
Chiral centres                       1     0.000    0.004      0.089



====== CYCLE  7 ======

 weight = 1.0000e+00
 geom_x = 0.10715951887174238
 geom_a = 0
 geom_q = 0
 geom_c = 0.0
f0= 1.0716e-01
using cgsolve in c++, ic=False
diag(geom) min= 432.377838 max= 17334.472408
diag(all) min= 432.377838 max= 17334.472408
Trying gamma equal 0.042000
Convergence reached after 18 iterations with no gamma cycles
min(dx) = -6.512420716347707e-06
max(dx) = 7.568893350269089e-06
mean(dx)= 2.6951300729297074e-07
vdws = 15
atoms = 10
pairs = 41
 geom_x = 0.10715948934746473
 geom_a = 0
 geom_q = 0
 geom_c = 0.0
f1, 0= 1.0716e-01
                          N restraints  r.m.s.d.  r.m.s.Z  Mn(sigma)
Bond distances, non H                4     0.001    0.073      0.013
Bond distances, H                    6     0.000    0.000      0.016
Bond angles, non H                   5     0.267    0.154      2.100
Bond angles, H                      14     0.171    0.073      1.929
Torsion angles, period 3             1     0.004    0.000     10.000
Chiral centres                       1     0.000    0.004      0.089



====== CYCLE  8 ======

 weight = 1.0000e+00
 geom_x = 0.10715948934746473
 geom_a = 0
 geom_q = 0
 geom_c = 0.0
f0= 1.0716e-01
using cgsolve in c++, ic=False
diag(geom) min= 432.386969 max= 17334.472338
diag(all) min= 432.386969 max= 17334.472338
Trying gamma equal 0.042000
Convergence reached after 17 iterations with no gamma cycles
min(dx) = -5.584135653375503e-06
max(dx) = 6.464789500901374e-06
mean(dx)= 2.1831272035257508e-07
vdws = 15
atoms = 10
pairs = 41
 geom_x = 0.10715946774363072
 geom_a = 0
 geom_q = 0
 geom_c = 0.0
f1, 0= 1.0716e-01
                          N restraints  r.m.s.d.  r.m.s.Z  Mn(sigma)
Bond distances, non H                4     0.001    0.073      0.013
Bond distances, H                    6     0.000    0.000      0.016
Bond angles, non H                   5     0.267    0.154      2.100
Bond angles, H                      14     0.171    0.073      1.929
Torsion angles, period 3             1     0.003    0.000     10.000
Chiral centres                       1     0.000    0.004      0.089



====== CYCLE  9 ======

 weight = 1.0000e+00
 geom_x = 0.10715946774363072
 geom_a = 0
 geom_q = 0
 geom_c = 0.0
f0= 1.0716e-01
using cgsolve in c++, ic=False
diag(geom) min= 432.394738 max= 17334.472355
diag(all) min= 432.394738 max= 17334.472355
Trying gamma equal 0.042000
Convergence reached after 17 iterations with no gamma cycles
min(dx) = -4.795859685282453e-06
max(dx) = 5.539067294752989e-06
mean(dx)= 1.8095606527584292e-07
vdws = 15
atoms = 10
pairs = 41
 geom_x = 0.10715945176693914
 geom_a = 0
 geom_q = 0
 geom_c = 0.0
f1, 0= 1.0716e-01
                          N restraints  r.m.s.d.  r.m.s.Z  Mn(sigma)
Bond distances, non H                4     0.001    0.073      0.013
Bond distances, H                    6     0.000    0.000      0.016
Bond angles, non H                   5     0.267    0.154      2.100
Bond angles, H                      14     0.171    0.073      1.929
Torsion angles, period 3             1     0.003    0.000     10.000
Chiral centres                       1     0.000    0.004      0.089



====== CYCLE 10 ======

 weight = 1.0000e+00
 geom_x = 0.10715945176693914
 geom_a = 0
 geom_q = 0
 geom_c = 0.0
f0= 1.0716e-01
using cgsolve in c++, ic=False
diag(geom) min= 432.401368 max= 17334.472478
diag(all) min= 432.401368 max= 17334.472478
Trying gamma equal 0.042000
Convergence reached after 17 iterations with no gamma cycles
min(dx) = -4.125031616871334e-06
max(dx) = 4.757224635004641e-06
mean(dx)= 1.5218134931446606e-07
vdws = 15
atoms = 10
pairs = 41
 geom_x = 0.10715943989707137
 geom_a = 0
 geom_q = 0
 geom_c = 0.0
f1, 0= 1.0716e-01
                          N restraints  r.m.s.d.  r.m.s.Z  Mn(sigma)
Bond distances, non H                4     0.001    0.073      0.013
Bond distances, H                    6     0.000    0.000      0.016
Bond angles, non H                   5     0.267    0.154      2.100
Bond angles, H                      14     0.171    0.073      1.929
Torsion angles, period 3             1     0.002    0.000     10.000
Chiral centres                       1     0.000    0.004      0.089



====== CYCLE 11 ======

 weight = 1.0000e+00
 geom_x = 0.10715943989707137
 geom_a = 0
 geom_q = 0
 geom_c = 0.0
f0= 1.0716e-01
using cgsolve in c++, ic=False
diag(geom) min= 432.407044 max= 17334.472670
diag(all) min= 432.407044 max= 17334.472670
Trying gamma equal 0.042000
Convergence reached after 15 iterations with no gamma cycles
min(dx) = -3.552257323801652e-06
max(dx) = 4.092773534278651e-06
mean(dx)= 1.2916473368114278e-07
vdws = 15
atoms = 10
pairs = 41
 geom_x = 0.10715943106056817
 geom_a = 0
 geom_q = 0
 geom_c = 0.0
f1, 0= 1.0716e-01
                          N restraints  r.m.s.d.  r.m.s.Z  Mn(sigma)
Bond distances, non H                4     0.001    0.073      0.013
Bond distances, H                    6     0.000    0.000      0.016
Bond angles, non H                   5     0.267    0.154      2.100
Bond angles, H                      14     0.171    0.073      1.929
Torsion angles, period 3             1     0.002    0.000     10.000
Chiral centres                       1     0.000    0.004      0.089



====== CYCLE 12 ======

 weight = 1.0000e+00
 geom_x = 0.10715943106056817
 geom_a = 0
 geom_q = 0
 geom_c = 0.0
f0= 1.0716e-01
using cgsolve in c++, ic=False
diag(geom) min= 432.411914 max= 17334.472892
diag(all) min= 432.411914 max= 17334.472892
Trying gamma equal 0.042000
Convergence reached after 15 iterations with no gamma cycles
min(dx) = -3.061578276895694e-06
max(dx) = 3.525294180016273e-06
mean(dx)= 1.1029259348333325e-07
vdws = 15
atoms = 10
pairs = 41
 geom_x = 0.10715942447642533
 geom_a = 0
 geom_q = 0
 geom_c = 0.0
f1, 0= 1.0716e-01
                          N restraints  r.m.s.d.  r.m.s.Z  Mn(sigma)
Bond distances, non H                4     0.001    0.073      0.013
Bond distances, H                    6     0.000    0.000      0.016
Bond angles, non H                   5     0.267    0.154      2.100
Bond angles, H                      14     0.171    0.073      1.929
Torsion angles, period 3             1     0.002    0.000     10.000
Chiral centres                       1     0.000    0.004      0.089



====== CYCLE 13 ======

 weight = 1.0000e+00
 geom_x = 0.10715942447642533
 geom_a = 0
 geom_q = 0
 geom_c = 0.0
f0= 1.0716e-01
using cgsolve in c++, ic=False
diag(geom) min= 432.416102 max= 17334.473122
diag(all) min= 432.416102 max= 17334.473122
Trying gamma equal 0.042000
Convergence reached after 15 iterations with no gamma cycles
min(dx) = -2.6403230698195134e-06
max(dx) = 3.0390115796862384e-06
mean(dx)= 9.453598234756313e-08
vdws = 15
atoms = 10
pairs = 41
 geom_x = 0.10715941956863675
 geom_a = 0
 geom_q = 0
 geom_c = 0.0
f1, 0= 1.0716e-01
                          N restraints  r.m.s.d.  r.m.s.Z  Mn(sigma)
Bond distances, non H                4     0.001    0.073      0.013
Bond distances, H                    6     0.000    0.000      0.016
Bond angles, non H                   5     0.267    0.154      2.100
Bond angles, H                      14     0.171    0.073      1.929
Torsion angles, period 3             1     0.002    0.000     10.000
Chiral centres                       1     0.000    0.004      0.089



====== CYCLE 14 ======

 weight = 1.0000e+00
 geom_x = 0.10715941956863675
 geom_a = 0
 geom_q = 0
 geom_c = 0.0
f0= 1.0716e-01
using cgsolve in c++, ic=False
diag(geom) min= 432.419707 max= 17334.473341
diag(all) min= 432.419707 max= 17334.473341
Trying gamma equal 0.042000
Convergence reached after 15 iterations with no gamma cycles
min(dx) = -2.2821468666263174e-06
max(dx) = 2.6212633519116746e-06
mean(dx)= 8.123302011907063e-08
vdws = 15
atoms = 10
pairs = 41
 geom_x = 0.1071594159097666
 geom_a = 0
 geom_q = 0
 geom_c = 0.0
f1, 0= 1.0716e-01
                          N restraints  r.m.s.d.  r.m.s.Z  Mn(sigma)
Bond distances, non H                4     0.001    0.073      0.013
Bond distances, H                    6     0.000    0.000      0.016
Bond angles, non H                   5     0.267    0.154      2.100
Bond angles, H                      14     0.171    0.073      1.929
Torsion angles, period 3             1     0.001    0.000     10.000
Chiral centres                       1     0.000    0.004      0.089



====== CYCLE 15 ======

 weight = 1.0000e+00
 geom_x = 0.1071594159097666
 geom_a = 0
 geom_q = 0
 geom_c = 0.0
f0= 1.0716e-01
using cgsolve in c++, ic=False
diag(geom) min= 432.422815 max= 17334.473543
diag(all) min= 432.422815 max= 17334.473543
Trying gamma equal 0.042000
Convergence reached after 17 iterations with no gamma cycles
min(dx) = -1.9742912512670017e-06
max(dx) = 2.2617888354452805e-06
mean(dx)= 6.99138368585932e-08
vdws = 15
atoms = 10
pairs = 41
 geom_x = 0.10715941318178816
 geom_a = 0
 geom_q = 0
 geom_c = 0.0
f1, 0= 1.0716e-01
                          N restraints  r.m.s.d.  r.m.s.Z  Mn(sigma)
Bond distances, non H                4     0.001    0.073      0.013
Bond distances, H                    6     0.000    0.000      0.016
Bond angles, non H                   5     0.267    0.154      2.100
Bond angles, H                      14     0.171    0.073      1.929
Torsion angles, period 3             1     0.001    0.000     10.000
Chiral centres                       1     0.000    0.004      0.089



====== CYCLE 16 ======

 weight = 1.0000e+00
 geom_x = 0.10715941318178816
 geom_a = 0
 geom_q = 0
 geom_c = 0.0
f0= 1.0716e-01
using cgsolve in c++, ic=False
diag(geom) min= 432.425494 max= 17334.473725
diag(all) min= 432.425494 max= 17334.473725
Trying gamma equal 0.042000
Convergence reached after 17 iterations with no gamma cycles
min(dx) = -1.7068846018159533e-06
max(dx) = 1.952075780982524e-06
mean(dx)= 6.024373647029662e-08
vdws = 15
atoms = 10
pairs = 41
 geom_x = 0.10715941114780696
 geom_a = 0
 geom_q = 0
 geom_c = 0.0
f1, 0= 1.0716e-01
                          N restraints  r.m.s.d.  r.m.s.Z  Mn(sigma)
Bond distances, non H                4     0.001    0.073      0.013
Bond distances, H                    6     0.000    0.000      0.016
Bond angles, non H                   5     0.267    0.154      2.100
Bond angles, H                      14     0.171    0.073      1.929
Torsion angles, period 3             1     0.001    0.000     10.000
Chiral centres                       1     0.000    0.004      0.089



====== CYCLE 17 ======

 weight = 1.0000e+00
 geom_x = 0.10715941114780696
 geom_a = 0
 geom_q = 0
 geom_c = 0.0
f0= 1.0716e-01
using cgsolve in c++, ic=False
diag(geom) min= 432.427806 max= 17334.473886
diag(all) min= 432.427806 max= 17334.473886
Trying gamma equal 0.042000
Convergence reached after 17 iterations with no gamma cycles
min(dx) = -1.4750862818258435e-06
max(dx) = 1.6850545498425957e-06
mean(dx)= 5.194752794261951e-08
vdws = 15
atoms = 10
pairs = 41
 geom_x = 0.10715940963124353
 geom_a = 0
 geom_q = 0
 geom_c = 0.0
f1, 0= 1.0716e-01
                          N restraints  r.m.s.d.  r.m.s.Z  Mn(sigma)
Bond distances, non H                4     0.001    0.073      0.013
Bond distances, H                    6     0.000    0.000      0.016
Bond angles, non H                   5     0.267    0.154      2.100
Bond angles, H                      14     0.171    0.073      1.929
Torsion angles, period 3             1     0.001    0.000     10.000
Chiral centres                       1     0.000    0.004      0.089



====== CYCLE 18 ======

 weight = 1.0000e+00
 geom_x = 0.10715940963124353
 geom_a = 0
 geom_q = 0
 geom_c = 0.0
f0= 1.0716e-01
using cgsolve in c++, ic=False
diag(geom) min= 432.429801 max= 17334.474028
diag(all) min= 432.429801 max= 17334.474028
Trying gamma equal 0.042000
Convergence reached after 15 iterations with no gamma cycles
min(dx) = -1.2744101772541209e-06
max(dx) = 1.4547141547934413e-06
mean(dx)= 4.4817300572039155e-08
vdws = 15
atoms = 10
pairs = 41
 geom_x = 0.10715940850045712
 geom_a = 0
 geom_q = 0
 geom_c = 0.0
f1, 0= 1.0716e-01
                          N restraints  r.m.s.d.  r.m.s.Z  Mn(sigma)
Bond distances, non H                4     0.001    0.073      0.013
Bond distances, H                    6     0.000    0.000      0.016
Bond angles, non H                   5     0.267    0.154      2.100
Bond angles, H                      14     0.171    0.073      1.929
Torsion angles, period 3             1     0.001    0.000     10.000
Chiral centres                       1     0.000    0.004      0.089



====== CYCLE 19 ======

 weight = 1.0000e+00
 geom_x = 0.10715940850045712
 geom_a = 0
 geom_q = 0
 geom_c = 0.0
f0= 1.0716e-01
using cgsolve in c++, ic=False
diag(geom) min= 432.431523 max= 17334.474153
diag(all) min= 432.431523 max= 17334.474153
Trying gamma equal 0.042000
Convergence reached after 17 iterations with no gamma cycles
min(dx) = -1.1008478140084169e-06
max(dx) = 1.2559651388294753e-06
mean(dx)= 3.8671996949333e-08
vdws = 15
atoms = 10
pairs = 41
 geom_x = 0.1071594076573225
 geom_a = 0
 geom_q = 0
 geom_c = 0.0
f1, 0= 1.0716e-01
                          N restraints  r.m.s.d.  r.m.s.Z  Mn(sigma)
Bond distances, non H                4     0.001    0.073      0.013
Bond distances, H                    6     0.000    0.000      0.016
Bond angles, non H                   5     0.267    0.154      2.100
Bond angles, H                      14     0.171    0.073      1.929
Torsion angles, period 3             1     0.001    0.000     10.000
Chiral centres                       1     0.000    0.004      0.089



====== CYCLE 20 ======

 weight = 1.0000e+00
 geom_x = 0.1071594076573225
 geom_a = 0
 geom_q = 0
 geom_c = 0.0
f0= 1.0716e-01
using cgsolve in c++, ic=False
diag(geom) min= 432.433010 max= 17334.474260
diag(all) min= 432.433010 max= 17334.474260
Trying gamma equal 0.042000
Convergence reached after 15 iterations with no gamma cycles
min(dx) = -9.507931350265669e-07
max(dx) = 1.0844097818949318e-06
mean(dx)= 3.338218391324003e-08
vdws = 15
atoms = 10
pairs = 41
 geom_x = 0.10715940702866393
 geom_a = 0
 geom_q = 0
 geom_c = 0.0
f1, 0= 1.0716e-01
                          N restraints  r.m.s.d.  r.m.s.Z  Mn(sigma)
Bond distances, non H                4     0.001    0.073      0.013
Bond distances, H                    6     0.000    0.000      0.016
Bond angles, non H                   5     0.267    0.154      2.100
Bond angles, H                      14     0.171    0.073      1.929
Torsion angles, period 3             1     0.001    0.000     10.000
Chiral centres                       1     0.000    0.004      0.089



====== CYCLE 21 ======

 weight = 1.0000e+00
 geom_x = 0.10715940702866393
 geom_a = 0
 geom_q = 0
 geom_c = 0.0
f0= 1.0716e-01
using cgsolve in c++, ic=False
diag(geom) min= 432.434294 max= 17334.474354
diag(all) min= 432.434294 max= 17334.474354
Trying gamma equal 0.042000
Convergence reached after 17 iterations with no gamma cycles
min(dx) = -8.211416095234704e-07
max(dx) = 9.363271619342226e-07
mean(dx)= 2.8814964796865054e-08
vdws = 15
atoms = 10
pairs = 41
 geom_x = 0.10715940655991646
 geom_a = 0
 geom_q = 0
 geom_c = 0.0
f1, 0= 1.0716e-01
                          N restraints  r.m.s.d.  r.m.s.Z  Mn(sigma)
Bond distances, non H                4     0.001    0.073      0.013
Bond distances, H                    6     0.000    0.000      0.016
Bond angles, non H                   5     0.267    0.154      2.100
Bond angles, H                      14     0.171    0.073      1.929
Torsion angles, period 3             1     0.000    0.000     10.000
Chiral centres                       1     0.000    0.004      0.089



====== CYCLE 22 ======

 weight = 1.0000e+00
 geom_x = 0.10715940655991646
 geom_a = 0
 geom_q = 0
 geom_c = 0.0
f0= 1.0716e-01
using cgsolve in c++, ic=False
diag(geom) min= 432.435402 max= 17334.474435
diag(all) min= 432.435402 max= 17334.474435
Trying gamma equal 0.042000
Convergence reached after 15 iterations with no gamma cycles
min(dx) = -7.091181718530078e-07
max(dx) = 8.084755399682533e-07
mean(dx)= 2.487924821952555e-08
vdws = 15
atoms = 10
pairs = 41
 geom_x = 0.10715940621041728
 geom_a = 0
 geom_q = 0
 geom_c = 0.0
f1, 0= 1.0716e-01
                          N restraints  r.m.s.d.  r.m.s.Z  Mn(sigma)
Bond distances, non H                4     0.001    0.073      0.013
Bond distances, H                    6     0.000    0.000      0.016
Bond angles, non H                   5     0.267    0.154      2.100
Bond angles, H                      14     0.171    0.073      1.929
Torsion angles, period 3             1     0.000    0.000     10.000
Chiral centres                       1     0.000    0.004      0.089



====== CYCLE 23 ======

 weight = 1.0000e+00
 geom_x = 0.10715940621041728
 geom_a = 0
 geom_q = 0
 geom_c = 0.0
f0= 1.0716e-01
using cgsolve in c++, ic=False
diag(geom) min= 432.436359 max= 17334.474506
diag(all) min= 432.436359 max= 17334.474506
Trying gamma equal 0.042000
Convergence reached after 15 iterations with no gamma cycles
min(dx) = -6.123636745757177e-07
max(dx) = 6.980961213630825e-07
mean(dx)= 2.1479943094332176e-08
vdws = 15
atoms = 10
pairs = 41
 geom_x = 0.10715940594981511
 geom_a = 0
 geom_q = 0
 geom_c = 0.0
f1, 0= 1.0716e-01
                          N restraints  r.m.s.d.  r.m.s.Z  Mn(sigma)
Bond distances, non H                4     0.001    0.073      0.013
Bond distances, H                    6     0.000    0.000      0.016
Bond angles, non H                   5     0.267    0.154      2.100
Bond angles, H                      14     0.171    0.073      1.929
Torsion angles, period 3             1     0.000    0.000     10.000
Chiral centres                       1     0.000    0.004      0.089



====== CYCLE 24 ======

 weight = 1.0000e+00
 geom_x = 0.10715940594981511
 geom_a = 0
 geom_q = 0
 geom_c = 0.0
f0= 1.0716e-01
using cgsolve in c++, ic=False
diag(geom) min= 432.437185 max= 17334.474566
diag(all) min= 432.437185 max= 17334.474566
Trying gamma equal 0.042000
Convergence reached after 17 iterations with no gamma cycles
min(dx) = -5.288022882567659e-07
max(dx) = 6.02792407244741e-07
mean(dx)= 1.8544997557814157e-08
vdws = 15
atoms = 10
pairs = 41
 geom_x = 0.10715940575550358
 geom_a = 0
 geom_q = 0
 geom_c = 0.0
f1, 0= 1.0716e-01
                          N restraints  r.m.s.d.  r.m.s.Z  Mn(sigma)
Bond distances, non H                4     0.001    0.073      0.013
Bond distances, H                    6     0.000    0.000      0.016
Bond angles, non H                   5     0.267    0.154      2.100
Bond angles, H                      14     0.171    0.073      1.929
Torsion angles, period 3             1     0.000    0.000     10.000
Chiral centres                       1     0.000    0.004      0.089



====== CYCLE 25 ======

 weight = 1.0000e+00
 geom_x = 0.10715940575550358
 geom_a = 0
 geom_q = 0
 geom_c = 0.0
f0= 1.0716e-01
using cgsolve in c++, ic=False
diag(geom) min= 432.437898 max= 17334.474619
diag(all) min= 432.437898 max= 17334.474619
Trying gamma equal 0.042000
Convergence reached after 15 iterations with no gamma cycles
min(dx) = -4.566265044388476e-07
max(dx) = 5.204991651045759e-07
mean(dx)= 1.6014179146109168e-08
vdws = 15
atoms = 10
pairs = 41
 geom_x = 0.10715940561062545
 geom_a = 0
 geom_q = 0
 geom_c = 0.0
f1, 0= 1.0716e-01
                          N restraints  r.m.s.d.  r.m.s.Z  Mn(sigma)
Bond distances, non H                4     0.001    0.073      0.013
Bond distances, H                    6     0.000    0.000      0.016
Bond angles, non H                   5     0.267    0.154      2.100
Bond angles, H                      14     0.171    0.073      1.929
Torsion angles, period 3             1     0.000    0.000     10.000
Chiral centres                       1     0.000    0.004      0.089



====== CYCLE 26 ======

 weight = 1.0000e+00
 geom_x = 0.10715940561062545
 geom_a = 0
 geom_q = 0
 geom_c = 0.0
f0= 1.0716e-01
using cgsolve in c++, ic=False
diag(geom) min= 432.438514 max= 17334.474664
diag(all) min= 432.438514 max= 17334.474664
Trying gamma equal 0.042000
Convergence reached after 15 iterations with no gamma cycles
min(dx) = -3.9430359045450674e-07
max(dx) = 4.494453030310325e-07
mean(dx)= 1.3827335725844472e-08
vdws = 15
atoms = 10
pairs = 41
 geom_x = 0.10715940550259873
 geom_a = 0
 geom_q = 0
 geom_c = 0.0
f1, 0= 1.0716e-01
                          N restraints  r.m.s.d.  r.m.s.Z  Mn(sigma)
Bond distances, non H                4     0.001    0.073      0.013
Bond distances, H                    6     0.000    0.000      0.016
Bond angles, non H                   5     0.267    0.154      2.100
Bond angles, H                      14     0.171    0.073      1.929
Torsion angles, period 3             1     0.000    0.000     10.000
Chiral centres                       1     0.000    0.004      0.089



====== CYCLE 27 ======

 weight = 1.0000e+00
 geom_x = 0.10715940550259873
 geom_a = 0
 geom_q = 0
 geom_c = 0.0
f0= 1.0716e-01
using cgsolve in c++, ic=False
diag(geom) min= 432.439046 max= 17334.474703
diag(all) min= 432.439046 max= 17334.474703
Trying gamma equal 0.042000
Convergence reached after 15 iterations with no gamma cycles
min(dx) = -3.404840707239691e-07
max(dx) = 3.8809158713578146e-07
mean(dx)= 1.1939426056829165e-08
vdws = 15
atoms = 10
pairs = 41
 geom_x = 0.10715940542204959
 geom_a = 0
 geom_q = 0
 geom_c = 0.0
f1, 0= 1.0716e-01
                          N restraints  r.m.s.d.  r.m.s.Z  Mn(sigma)
Bond distances, non H                4     0.001    0.073      0.013
Bond distances, H                    6     0.000    0.000      0.016
Bond angles, non H                   5     0.267    0.154      2.100
Bond angles, H                      14     0.171    0.073      1.929
Torsion angles, period 3             1     0.000    0.000     10.000
Chiral centres                       1     0.000    0.004      0.089



====== CYCLE 28 ======

 weight = 1.0000e+00
 geom_x = 0.10715940542204959
 geom_a = 0
 geom_q = 0
 geom_c = 0.0
f0= 1.0716e-01
using cgsolve in c++, ic=False
diag(geom) min= 432.439505 max= 17334.474737
diag(all) min= 432.439505 max= 17334.474737
Trying gamma equal 0.042000
Convergence reached after 15 iterations with no gamma cycles
min(dx) = -2.9400910171718014e-07
max(dx) = 3.35113737458069e-07
mean(dx)= 1.0309416396980722e-08
vdws = 15
atoms = 10
pairs = 41
 geom_x = 0.10715940536199348
 geom_a = 0
 geom_q = 0
 geom_c = 0.0
f1, 0= 1.0716e-01
                          N restraints  r.m.s.d.  r.m.s.Z  Mn(sigma)
Bond distances, non H                4     0.001    0.073      0.013
Bond distances, H                    6     0.000    0.000      0.016
Bond angles, non H                   5     0.267    0.154      2.100
Bond angles, H                      14     0.171    0.073      1.929
Torsion angles, period 3             1     0.000    0.000     10.000
Chiral centres                       1     0.000    0.004      0.089



====== CYCLE 29 ======

 weight = 1.0000e+00
 geom_x = 0.10715940536199348
 geom_a = 0
 geom_q = 0
 geom_c = 0.0
f0= 1.0716e-01
using cgsolve in c++, ic=False
diag(geom) min= 432.439902 max= 17334.474766
diag(all) min= 432.439902 max= 17334.474766
Trying gamma equal 0.042000
Convergence reached after 17 iterations with no gamma cycles
min(dx) = -2.5387932245538553e-07
max(dx) = 2.893686240654067e-07
mean(dx)= 8.901466073679159e-09
vdws = 15
atoms = 10
pairs = 41
 geom_x = 0.10715940531721102
 geom_a = 0
 geom_q = 0
 geom_c = 0.0
f1, 0= 1.0716e-01
                          N restraints  r.m.s.d.  r.m.s.Z  Mn(sigma)
Bond distances, non H                4     0.001    0.073      0.013
Bond distances, H                    6     0.000    0.000      0.016
Bond angles, non H                   5     0.267    0.154      2.100
Bond angles, H                      14     0.171    0.073      1.929
Torsion angles, period 3             1     0.000    0.000     10.000
Chiral centres                       1     0.000    0.004      0.089



====== CYCLE 30 ======

 weight = 1.0000e+00
 geom_x = 0.10715940531721102
 geom_a = 0
 geom_q = 0
 geom_c = 0.0
f0= 1.0716e-01
using cgsolve in c++, ic=False
diag(geom) min= 432.440244 max= 17334.474791
diag(all) min= 432.440244 max= 17334.474791
Trying gamma equal 0.042000
Convergence reached after 15 iterations with no gamma cycles
min(dx) = -2.192214438024898e-07
max(dx) = 2.4986678225387057e-07
mean(dx)= 7.68708185752787e-09
vdws = 15
atoms = 10
pairs = 41
 geom_x = 0.10715940528382609
 geom_a = 0
 geom_q = 0
 geom_c = 0.0
f1, 0= 1.0716e-01
                          N restraints  r.m.s.d.  r.m.s.Z  Mn(sigma)
Bond distances, non H                4     0.001    0.073      0.013
Bond distances, H                    6     0.000    0.000      0.016
Bond angles, non H                   5     0.267    0.154      2.100
Bond angles, H                      14     0.171    0.073      1.929
Torsion angles, period 3             1     0.000    0.000     10.000
Chiral centres                       1     0.000    0.004      0.089


$TABLE: stats vs cycle :
$GRAPHS
: Geometry :A:1,2,4:
: Geometry Z :A:1,3,5:
$$
 Ncyc  rmsBOND  zBOND  rmsANGL  zANGL
$$
$$
    0   0.0008 0.0729   0.2650 0.1538
    1   0.0008 0.0729   0.2666 0.1541
    2   0.0008 0.0729   0.2670 0.1542
    3   0.0008 0.0729   0.2671 0.1542
    4   0.0008 0.0729   0.2672 0.1542
    5   0.0008 0.0729   0.2672 0.1542
    6   0.0008 0.0729   0.2672 0.1542
    7   0.0008 0.0729   0.2672 0.1542
    8   0.0008 0.0729   0.2672 0.1542
    9   0.0008 0.0729   0.2672 0.1542
   10   0.0008 0.0729   0.2672 0.1542
   11   0.0008 0.0729   0.2672 0.1542
   12   0.0008 0.0729   0.2672 0.1542
   13   0.0008 0.0729   0.2672 0.1542
   14   0.0008 0.0729   0.2672 0.1542
   15   0.0008 0.0729   0.2672 0.1542
   16   0.0008 0.0729   0.2672 0.1542
   17   0.0008 0.0729   0.2672 0.1542
   18   0.0008 0.0729   0.2672 0.1542
   19   0.0008 0.0729   0.2672 0.1542
   20   0.0008 0.0729   0.2672 0.1542
   21   0.0008 0.0729   0.2672 0.1542
   22   0.0008 0.0729   0.2672 0.1542
   23   0.0008 0.0729   0.2672 0.1542
   24   0.0008 0.0729   0.2672 0.1542
   25   0.0008 0.0729   0.2672 0.1542
   26   0.0008 0.0729   0.2672 0.1542
   27   0.0008 0.0729   0.2672 0.1542
   28   0.0008 0.0729   0.2672 0.1542
   29   0.0008 0.0729   0.2672 0.1542
   30   0.0008 0.0729   0.2672 0.1542
$$

Updated dictionary saved: EPX_MODEL_TMP/mol_1_conf_17_updated.cif
Refinement statistics saved: EPX_MODEL_TMP/mol_1_conf_17_stats.json

# Finished on 2026-06-14 11:41:36.803608

=========END OF PROCESS INFORMATION ==========
