
============ PROCESS INFORMATION =============
# Servalcat ver. 0.4.128 (Python 3.9.18)
# Library vers. gemmi 0.7.4, scipy 1.7.3, numpy 1.19.5, pandas 1.3.5
# Started on 2026-06-14 11:41:18.303508
# Host: Mac.lan User: hilgersmt
# Command-line:
# servalcat --logfile EPX_MODEL_TMP/servalcat.log refine_geom --update_dictionary EPX_MODEL_TMP/mol_1_conf_7_init.cif -o EPX_MODEL_TMP/mol_1_conf_7 --randomize 0.01
Config loaded
--
refine:
  atom_selection:
    xyz:
      include:
      - '*'
      exclude: []
      exclude_restraint: []
    adp:
      include: []
      exclude: []
      exclude_restraint: []
    occ:
      include: []
      exclude: []
      exclude_restraint: []
    dfrac:
      include: []
      exclude: []
      exclude_restraint: []
  occ_groups: []
  occ_group_constraints: []
  occ_group_const_mu: 10.0
  occ_group_const_mu_update_factor: 1.1
  occ_group_const_mu_update_tol_rel: 0.25
  occ_group_const_mu_update_tol_abs: 0.01
  initialisation:
    adp: {}
    occ: {}
    dfrac: {}
  write_trajectory: false
--
Reading monomers from /Applications/ccp4-9/lib/data/monomers/
Monomer not in the library: EPX.
Reading monomer: EPX_MODEL_TMP/mol_1_conf_7_init.cif
Monomer library loaded: 1 monomers, 109 links, 133 modifications
       loaded monomers: EPX

Checking if unknown atoms exist..
Creating restraints..

Chain info:
 chain 
  ligands: EPX (1 residues)

Number of refinement parameters:
       n_params  n_atoms  n_atoms_geom_only  n_atoms_data_only
xyz           4        4                  0                  0
adp           0        0                  0                  0
occ           0        0                  0                  0
dfrac         0        0                  0                  0

Randomizing structure with rmsd of 0.01
Torsion angle rules:
 include:
  {'group': 'peptide', 'tors_name': 'chi*'}
  {'link': '*', 'tors_name': 'omega'}
  {'residue': '*', 'tors_name': 'sp2_sp2*'}
  {'link': '*', 'tors_name': 'sp2_sp2*'}
 exclude:
  none
External restraints from Refmac instructions
 Number of distances          : 0
 Number of angles             : 0
 Number of torsions           : 0
 Number of chirals            : 0
 Number of planes             : 0
 Number of intervals          : 0
 Number of stackings          : 0
 Number of harmonics          : 0
 Number of special positions  : 0

Running 10 cycles with wchir=4 wvdw=2 without hydrogen
Geometry weights
vdws = 0
atoms = 4
pairs = 6
 *** Bond distances outliers (Z >= 5) ***

    atom1     atom2  value  ideal  sigma      z
/EPX 1/C2 /EPX 1/O1  1.399  1.460  0.011 -5.738

 *** Chiral centres outliers (Z >= 5) ***

    atomc     atom1     atom2     atom3  value  ideal  sigma  both      z
/EPX 1/C2 /EPX 1/O1 /EPX 1/C3 /EPX 1/C1  2.341 -2.102  0.089 False 49.702

                       N restraints  r.m.s.d.  r.m.s.Z  Mn(sigma)
Bond distances, non H             4     0.041    3.321      0.013
Bond angles, non H                5     5.242    1.899      2.100
Chiral centres                    1     4.443   49.702      0.089


====== CYCLE  1 ======

 weight = 1.0000e+00
 geom_x = 19793.028112372514
 geom_a = 0
 geom_q = 0
 geom_c = 0.0
f0= 1.9793e+04
using cgsolve in c++, ic=False
diag(geom) min= 2647.287992 max= 22129.571882
diag(all) min= 2647.287992 max= 22129.571882
Trying gamma equal 0.000000
Convergence reached after 6 iterations with no gamma cycles
min(dx) = -1.0344252980598299
max(dx) = 1.0819526538647313
mean(dx)= 0.11956616342064251
vdws = 0
atoms = 4
pairs = 6
 geom_x = 4316.501213902877
 geom_a = 0
 geom_q = 0
 geom_c = 0.0
f1, 0= 4.3165e+03
                       N restraints  r.m.s.d.  r.m.s.Z  Mn(sigma)
Bond distances, non H             4     0.491   29.541      0.013
Bond angles, non H                5     9.048    5.725      2.100
Chiral centres                    1     1.577   17.639      0.089



====== CYCLE  2 ======

 weight = 1.0000e+00
 geom_x = 4316.501213902877
 geom_a = 0
 geom_q = 0
 geom_c = 0.0
f0= 4.3165e+03
using cgsolve in c++, ic=False
diag(geom) min= 2769.962553 max= 38683.676261
diag(all) min= 2769.962553 max= 38683.676261
Trying gamma equal 0.000000
Convergence reached after 6 iterations with no gamma cycles
min(dx) = -0.9848107840568663
max(dx) = 0.2661520124994031
mean(dx)= -0.0354647057168551
vdws = 0
atoms = 4
pairs = 6
 geom_x = 17.785945910586907
 geom_a = 0
 geom_q = 0
 geom_c = 0.0
f1, 0= 1.7786e+01
                       N restraints  r.m.s.d.  r.m.s.Z  Mn(sigma)
Bond distances, non H             4     0.020    1.606      0.013
Bond angles, non H                5     1.142    0.605      2.100
Chiral centres                    1     0.108    1.210      0.089



====== CYCLE  3 ======

 weight = 1.0000e+00
 geom_x = 17.785945910586907
 geom_a = 0
 geom_q = 0
 geom_c = 0.0
f0= 1.7786e+01
using cgsolve in c++, ic=False
diag(geom) min= 2135.721974 max= 22831.342377
diag(all) min= 2135.721974 max= 22831.342377
Trying gamma equal 0.000000
Convergence reached after 6 iterations with no gamma cycles
min(dx) = -0.03098370285820134
max(dx) = 0.015433006507828896
mean(dx)= -0.002450491631584733
vdws = 0
atoms = 4
pairs = 6
 geom_x = 0.06946776767149379
 geom_a = 0
 geom_q = 0
 geom_c = 0.0
f1, 0= 6.9468e-02
                       N restraints  r.m.s.d.  r.m.s.Z  Mn(sigma)
Bond distances, non H             4     0.001    0.079      0.013
Bond angles, non H                5     0.246    0.149      2.100
Chiral centres                    1     0.001    0.015      0.089



====== CYCLE  4 ======

 weight = 1.0000e+00
 geom_x = 0.06946776767149379
 geom_a = 0
 geom_q = 0
 geom_c = 0.0
f0= 6.9468e-02
using cgsolve in c++, ic=False
diag(geom) min= 2132.261981 max= 21770.192228
diag(all) min= 2132.261981 max= 21770.192228
Trying gamma equal 0.000000
Convergence reached after 6 iterations with no gamma cycles
min(dx) = -0.0005149187292052284
max(dx) = 0.0001622303639317505
mean(dx)= -4.4922507003575734e-05
vdws = 0
atoms = 4
pairs = 6
 geom_x = 0.06817595754941243
 geom_a = 0
 geom_q = 0
 geom_c = 0.0
f1, 0= 6.8176e-02
                       N restraints  r.m.s.d.  r.m.s.Z  Mn(sigma)
Bond distances, non H             4     0.001    0.077      0.013
Bond angles, non H                5     0.246    0.150      2.100
Chiral centres                    1     0.001    0.006      0.089



====== CYCLE  5 ======

 weight = 1.0000e+00
 geom_x = 0.06817595754941243
 geom_a = 0
 geom_q = 0
 geom_c = 0.0
f0= 6.8176e-02
using cgsolve in c++, ic=False
diag(geom) min= 2131.926802 max= 21759.841546
diag(all) min= 2131.926802 max= 21759.841546
Trying gamma equal 0.000000
Convergence reached after 6 iterations with no gamma cycles
min(dx) = -1.6235462515915138e-06
max(dx) = 5.781707114494746e-07
mean(dx)= -1.8105869473305168e-07
vdws = 0
atoms = 4
pairs = 6
 geom_x = 0.06817595556782471
 geom_a = 0
 geom_q = 0
 geom_c = 0.0
f1, 0= 6.8176e-02
                       N restraints  r.m.s.d.  r.m.s.Z  Mn(sigma)
Bond distances, non H             4     0.001    0.077      0.013
Bond angles, non H                5     0.246    0.150      2.100
Chiral centres                    1     0.001    0.006      0.089



====== CYCLE  6 ======

 weight = 1.0000e+00
 geom_x = 0.06817595556782471
 geom_a = 0
 geom_q = 0
 geom_c = 0.0
f0= 6.8176e-02
using cgsolve in c++, ic=False
diag(geom) min= 2131.926852 max= 21759.820004
diag(all) min= 2131.926852 max= 21759.820004
Trying gamma equal 0.000000
Not converging with gamma equal 0.000000
Trying gamma equal 0.052500
Gamma decreased to 0.042000
min(dx) = -1.2243186678936048e-08
max(dx) = 5.64670677659783e-09
mean(dx)= -9.98166983557555e-10
vdws = 0
atoms = 4
pairs = 6
 geom_x = 0.06817595556763366
 geom_a = 0
 geom_q = 0
 geom_c = 0.0
f1, 0= 6.8176e-02
                       N restraints  r.m.s.d.  r.m.s.Z  Mn(sigma)
Bond distances, non H             4     0.001    0.077      0.013
Bond angles, non H                5     0.246    0.150      2.100
Chiral centres                    1     0.001    0.006      0.089



====== CYCLE  7 ======

 weight = 1.0000e+00
 geom_x = 0.06817595556763366
 geom_a = 0
 geom_q = 0
 geom_c = 0.0
f0= 6.8176e-02
using cgsolve in c++, ic=False
diag(geom) min= 2131.926853 max= 21759.819883
diag(all) min= 2131.926853 max= 21759.819883
Trying gamma equal 0.042000
Convergence reached after 6 iterations with no gamma cycles
min(dx) = -6.21583627767485e-09
max(dx) = 2.903379579268182e-09
mean(dx)= -4.728873408179357e-10
vdws = 0
atoms = 4
pairs = 6
 geom_x = 0.06817595556759155
 geom_a = 0
 geom_q = 0
 geom_c = 0.0
f1, 0= 6.8176e-02
                       N restraints  r.m.s.d.  r.m.s.Z  Mn(sigma)
Bond distances, non H             4     0.001    0.077      0.013
Bond angles, non H                5     0.246    0.150      2.100
Chiral centres                    1     0.001    0.006      0.089



====== CYCLE  8 ======

 weight = 1.0000e+00
 geom_x = 0.06817595556759155
 geom_a = 0
 geom_q = 0
 geom_c = 0.0
f0= 6.8176e-02
using cgsolve in c++, ic=False
diag(geom) min= 2131.926854 max= 21759.819826
diag(all) min= 2131.926854 max= 21759.819826
Trying gamma equal 0.042000
Convergence reached after 6 iterations with no gamma cycles
min(dx) = -2.520761876113027e-09
max(dx) = 1.1749674077632072e-09
mean(dx)= -1.8900583136618382e-10
vdws = 0
atoms = 4
pairs = 6
 geom_x = 0.0681759555675831
 geom_a = 0
 geom_q = 0
 geom_c = 0.0
f1, 0= 6.8176e-02
                       N restraints  r.m.s.d.  r.m.s.Z  Mn(sigma)
Bond distances, non H             4     0.001    0.077      0.013
Bond angles, non H                5     0.246    0.150      2.100
Chiral centres                    1     0.001    0.006      0.089



====== CYCLE  9 ======

 weight = 1.0000e+00
 geom_x = 0.0681759555675831
 geom_a = 0
 geom_q = 0
 geom_c = 0.0
f0= 6.8176e-02
using cgsolve in c++, ic=False
diag(geom) min= 2131.926854 max= 21759.819804
diag(all) min= 2131.926854 max= 21759.819804
Trying gamma equal 0.042000
Convergence reached after 6 iterations with no gamma cycles
min(dx) = -1.021314682538706e-09
max(dx) = 4.75716381888373e-10
mean(dx)= -7.63508884196079e-11
vdws = 0
atoms = 4
pairs = 6
 geom_x = 0.06817595556758238
 geom_a = 0
 geom_q = 0
 geom_c = 0.0
f1, 0= 6.8176e-02
                       N restraints  r.m.s.d.  r.m.s.Z  Mn(sigma)
Bond distances, non H             4     0.001    0.077      0.013
Bond angles, non H                5     0.246    0.150      2.100
Chiral centres                    1     0.001    0.006      0.089



====== CYCLE 10 ======

 weight = 1.0000e+00
 geom_x = 0.06817595556758238
 geom_a = 0
 geom_q = 0
 geom_c = 0.0
f0= 6.8176e-02
using cgsolve in c++, ic=False
diag(geom) min= 2131.926855 max= 21759.819795
diag(all) min= 2131.926855 max= 21759.819795
Trying gamma equal 0.042000
Convergence reached after 6 iterations with no gamma cycles
min(dx) = -4.137310884582528e-10
max(dx) = 1.926800702323317e-10
mean(dx)= -3.0910828040687767e-11
vdws = 0
atoms = 4
pairs = 6
 geom_x = 0.06817595556758509
 geom_a = 0
 geom_q = 0
 geom_c = 0.0
f1, 0= 6.8176e-02
min(dx) = -2.068655442291264e-10
max(dx) = 9.634003511616585e-11
mean(dx)= -1.5455414020343883e-11
vdws = 0
atoms = 4
pairs = 6
 geom_x = 0.06817595556758256
 geom_a = 0
 geom_q = 0
 geom_c = 0.0
f1, 1= 6.8176e-02
min(dx) = -1.034327721145632e-10
max(dx) = 4.8170017558082924e-11
mean(dx)= -7.727707010171942e-12
vdws = 0
atoms = 4
pairs = 6
 geom_x = 0.06817595556758073
 geom_a = 0
 geom_q = 0
 geom_c = 0.0
f1, 2= 6.8176e-02
                       N restraints  r.m.s.d.  r.m.s.Z  Mn(sigma)
Bond distances, non H             4     0.001    0.077      0.013
Bond angles, non H                5     0.246    0.150      2.100
Chiral centres                    1     0.001    0.006      0.089


$TABLE: stats vs cycle :
$GRAPHS
: Geometry :A:1,2,4:
: Geometry Z :A:1,5,3:
$$
 Ncyc  rmsBOND   zBOND  rmsANGL  zANGL
$$
$$
    0   0.0409  3.3213   5.2416 1.8985
    1   0.4912 29.5412   9.0477 5.7254
    2   0.0196  1.6063   1.1420 0.6053
    3   0.0008  0.0788   0.2462 0.1488
    4   0.0009  0.0770   0.2461 0.1497
    5   0.0009  0.0770   0.2460 0.1497
    6   0.0009  0.0770   0.2460 0.1497
    7   0.0009  0.0770   0.2460 0.1497
    8   0.0009  0.0770   0.2460 0.1497
    9   0.0009  0.0770   0.2460 0.1497
   10   0.0009  0.0770   0.2460 0.1497
$$

Running 30 cycles with wchir=1 wvdw=2 without hydrogen
Geometry weights
vdws = 0
atoms = 4
pairs = 6
                       N restraints  r.m.s.d.  r.m.s.Z  Mn(sigma)
Bond distances, non H             4     0.001    0.077      0.013
Bond angles, non H                5     0.246    0.150      2.100
Chiral centres                    1     0.001    0.006      0.089


====== CYCLE  1 ======

 weight = 1.0000e+00
 geom_x = 0.0678932719493674
 geom_a = 0
 geom_q = 0
 geom_c = 0.0
f0= 6.7893e-02
using cgsolve in c++, ic=False
diag(geom) min= 720.881288 max= 15386.693619
diag(all) min= 720.881288 max= 15386.693619
Trying gamma equal 0.042000
Convergence reached after 6 iterations with no gamma cycles
min(dx) = -0.0009373278924042143
max(dx) = 0.0009015674531024017
mean(dx)= -8.034703069911512e-05
vdws = 0
atoms = 4
pairs = 6
 geom_x = 0.06587072824428619
 geom_a = 0
 geom_q = 0
 geom_c = 0.0
f1, 0= 6.5871e-02
                       N restraints  r.m.s.d.  r.m.s.Z  Mn(sigma)
Bond distances, non H             4     0.001    0.076      0.013
Bond angles, non H                5     0.226    0.146      2.100
Chiral centres                    1     0.004    0.048      0.089



====== CYCLE  2 ======

 weight = 1.0000e+00
 geom_x = 0.06587072824428619
 geom_a = 0
 geom_q = 0
 geom_c = 0.0
f0= 6.5871e-02
using cgsolve in c++, ic=False
diag(geom) min= 722.076530 max= 15380.250868
diag(all) min= 722.076530 max= 15380.250868
Trying gamma equal 0.042000
Convergence reached after 6 iterations with no gamma cycles
min(dx) = -0.00011614451638222018
max(dx) = 9.970566522652223e-05
mean(dx)= -2.6007940759227907e-06
vdws = 0
atoms = 4
pairs = 6
 geom_x = 0.06586118518264339
 geom_a = 0
 geom_q = 0
 geom_c = 0.0
f1, 0= 6.5861e-02
                       N restraints  r.m.s.d.  r.m.s.Z  Mn(sigma)
Bond distances, non H             4     0.001    0.076      0.013
Bond angles, non H                5     0.225    0.146      2.100
Chiral centres                    1     0.004    0.050      0.089



====== CYCLE  3 ======

 weight = 1.0000e+00
 geom_x = 0.06586118518264339
 geom_a = 0
 geom_q = 0
 geom_c = 0.0
f0= 6.5861e-02
using cgsolve in c++, ic=False
diag(geom) min= 722.100720 max= 15379.764272
diag(all) min= 722.100720 max= 15379.764272
Trying gamma equal 0.042000
Convergence reached after 6 iterations with no gamma cycles
min(dx) = -1.3578684071983983e-05
max(dx) = 1.852004630024381e-05
mean(dx)= 7.531883648729389e-07
vdws = 0
atoms = 4
pairs = 6
 geom_x = 0.06586103162734876
 geom_a = 0
 geom_q = 0
 geom_c = 0.0
f1, 0= 6.5861e-02
                       N restraints  r.m.s.d.  r.m.s.Z  Mn(sigma)
Bond distances, non H             4     0.001    0.076      0.013
Bond angles, non H                5     0.225    0.146      2.100
Chiral centres                    1     0.004    0.050      0.089



====== CYCLE  4 ======

 weight = 1.0000e+00
 geom_x = 0.06586103162734876
 geom_a = 0
 geom_q = 0
 geom_c = 0.0
f0= 6.5861e-02
using cgsolve in c++, ic=False
diag(geom) min= 722.091723 max= 15379.714359
diag(all) min= 722.091723 max= 15379.714359
Trying gamma equal 0.042000
Convergence reached after 6 iterations with no gamma cycles
min(dx) = -1.794303250061706e-06
max(dx) = 3.520759066114677e-06
mean(dx)= 2.4947005726276557e-07
vdws = 0
atoms = 4
pairs = 6
 geom_x = 0.06586102757123073
 geom_a = 0
 geom_q = 0
 geom_c = 0.0
f1, 0= 6.5861e-02
                       N restraints  r.m.s.d.  r.m.s.Z  Mn(sigma)
Bond distances, non H             4     0.001    0.076      0.013
Bond angles, non H                5     0.225    0.146      2.100
Chiral centres                    1     0.004    0.050      0.089



====== CYCLE  5 ======

 weight = 1.0000e+00
 geom_x = 0.06586102757123073
 geom_a = 0
 geom_q = 0
 geom_c = 0.0
f0= 6.5861e-02
using cgsolve in c++, ic=False
diag(geom) min= 722.088916 max= 15379.708347
diag(all) min= 722.088916 max= 15379.708347
Trying gamma equal 0.042000
Convergence reached after 6 iterations with no gamma cycles
min(dx) = -2.704981902539309e-07
max(dx) = 6.641814289780542e-07
mean(dx)= 5.6065411382216743e-08
vdws = 0
atoms = 4
pairs = 6
 geom_x = 0.06586102743927495
 geom_a = 0
 geom_q = 0
 geom_c = 0.0
f1, 0= 6.5861e-02
                       N restraints  r.m.s.d.  r.m.s.Z  Mn(sigma)
Bond distances, non H             4     0.001    0.076      0.013
Bond angles, non H                5     0.225    0.146      2.100
Chiral centres                    1     0.004    0.050      0.089



====== CYCLE  6 ======

 weight = 1.0000e+00
 geom_x = 0.06586102743927495
 geom_a = 0
 geom_q = 0
 geom_c = 0.0
f0= 6.5861e-02
using cgsolve in c++, ic=False
diag(geom) min= 722.088294 max= 15379.707508
diag(all) min= 722.088294 max= 15379.707508
Trying gamma equal 0.042000
Convergence reached after 6 iterations with no gamma cycles
min(dx) = -4.4939783640468363e-08
max(dx) = 1.2470732912901273e-07
mean(dx)= 1.1299192103619515e-08
vdws = 0
atoms = 4
pairs = 6
 geom_x = 0.06586102743473457
 geom_a = 0
 geom_q = 0
 geom_c = 0.0
f1, 0= 6.5861e-02
                       N restraints  r.m.s.d.  r.m.s.Z  Mn(sigma)
Bond distances, non H             4     0.001    0.076      0.013
Bond angles, non H                5     0.225    0.146      2.100
Chiral centres                    1     0.004    0.050      0.089



====== CYCLE  7 ======

 weight = 1.0000e+00
 geom_x = 0.06586102743473457
 geom_a = 0
 geom_q = 0
 geom_c = 0.0
f0= 6.5861e-02
using cgsolve in c++, ic=False
diag(geom) min= 722.088170 max= 15379.707376
diag(all) min= 722.088170 max= 15379.707376
Trying gamma equal 0.042000
Convergence reached after 6 iterations with no gamma cycles
min(dx) = -7.914235783638574e-09
max(dx) = 2.3362770067107385e-08
mean(dx)= 2.1834272225574284e-09
vdws = 0
atoms = 4
pairs = 6
 geom_x = 0.0658610274345768
 geom_a = 0
 geom_q = 0
 geom_c = 0.0
f1, 0= 6.5861e-02
                       N restraints  r.m.s.d.  r.m.s.Z  Mn(sigma)
Bond distances, non H             4     0.001    0.076      0.013
Bond angles, non H                5     0.225    0.146      2.100
Chiral centres                    1     0.004    0.050      0.089



====== CYCLE  8 ======

 weight = 1.0000e+00
 geom_x = 0.0658610274345768
 geom_a = 0
 geom_q = 0
 geom_c = 0.0
f0= 6.5861e-02
using cgsolve in c++, ic=False
diag(geom) min= 722.088146 max= 15379.707354
diag(all) min= 722.088146 max= 15379.707354
Trying gamma equal 0.042000
Convergence reached after 6 iterations with no gamma cycles
min(dx) = -1.437462280301382e-09
max(dx) = 4.372259160561437e-09
mean(dx)= 4.143826728425463e-10
vdws = 0
atoms = 4
pairs = 6
 geom_x = 0.0658610274345712
 geom_a = 0
 geom_q = 0
 geom_c = 0.0
f1, 0= 6.5861e-02
                       N restraints  r.m.s.d.  r.m.s.Z  Mn(sigma)
Bond distances, non H             4     0.001    0.076      0.013
Bond angles, non H                5     0.225    0.146      2.100
Chiral centres                    1     0.004    0.050      0.089



====== CYCLE  9 ======

 weight = 1.0000e+00
 geom_x = 0.0658610274345712
 geom_a = 0
 geom_q = 0
 geom_c = 0.0
f0= 6.5861e-02
using cgsolve in c++, ic=False
diag(geom) min= 722.088141 max= 15379.707350
diag(all) min= 722.088141 max= 15379.707350
Trying gamma equal 0.042000
Convergence reached after 6 iterations with no gamma cycles
min(dx) = -2.6510697960928193e-10
max(dx) = 8.178597913735861e-10
mean(dx)= 7.801185163851648e-11
vdws = 0
atoms = 4
pairs = 6
 geom_x = 0.06586102743457224
 geom_a = 0
 geom_q = 0
 geom_c = 0.0
f1, 0= 6.5861e-02
min(dx) = -1.3255348980464096e-10
max(dx) = 4.0892989568679307e-10
mean(dx)= 3.900592581925824e-11
vdws = 0
atoms = 4
pairs = 6
 geom_x = 0.06586102743457561
 geom_a = 0
 geom_q = 0
 geom_c = 0.0
f1, 1= 6.5861e-02
min(dx) = -6.627674490232048e-11
max(dx) = 2.0446494784339654e-10
mean(dx)= 1.950296290962912e-11
vdws = 0
atoms = 4
pairs = 6
 geom_x = 0.0658610274345746
 geom_a = 0
 geom_q = 0
 geom_c = 0.0
f1, 2= 6.5861e-02
WARNING: function not minimised
                       N restraints  r.m.s.d.  r.m.s.Z  Mn(sigma)
Bond distances, non H             4     0.001    0.076      0.013
Bond angles, non H                5     0.225    0.146      2.100
Chiral centres                    1     0.004    0.050      0.089



====== CYCLE 10 ======

 weight = 1.0000e+00
 geom_x = 0.0658610274345746
 geom_a = 0
 geom_q = 0
 geom_c = 0.0
f0= 6.5861e-02
using cgsolve in c++, ic=False
diag(geom) min= 722.088141 max= 15379.707349
diag(all) min= 722.088141 max= 15379.707349
Trying gamma equal 0.042000
Convergence reached after 6 iterations with no gamma cycles
min(dx) = -2.1114316226854065e-10
max(dx) = 6.516332044845012e-10
mean(dx)= 6.216709131431413e-11
vdws = 0
atoms = 4
pairs = 6
 geom_x = 0.06586102743457421
 geom_a = 0
 geom_q = 0
 geom_c = 0.0
f1, 0= 6.5861e-02
                       N restraints  r.m.s.d.  r.m.s.Z  Mn(sigma)
Bond distances, non H             4     0.001    0.076      0.013
Bond angles, non H                5     0.225    0.146      2.100
Chiral centres                    1     0.004    0.050      0.089



====== CYCLE 11 ======

 weight = 1.0000e+00
 geom_x = 0.06586102743457421
 geom_a = 0
 geom_q = 0
 geom_c = 0.0
f0= 6.5861e-02
using cgsolve in c++, ic=False
diag(geom) min= 722.088140 max= 15379.707349
diag(all) min= 722.088140 max= 15379.707349
Trying gamma equal 0.042000
Convergence reached after 6 iterations with no gamma cycles
min(dx) = -3.923415455664566e-11
max(dx) = 1.2186427290059692e-10
mean(dx)= 1.1659424963078715e-11
vdws = 0
atoms = 4
pairs = 6
 geom_x = 0.06586102743457377
 geom_a = 0
 geom_q = 0
 geom_c = 0.0
f1, 0= 6.5861e-02
                       N restraints  r.m.s.d.  r.m.s.Z  Mn(sigma)
Bond distances, non H             4     0.001    0.076      0.013
Bond angles, non H                5     0.225    0.146      2.100
Chiral centres                    1     0.004    0.050      0.089



====== CYCLE 12 ======

 weight = 1.0000e+00
 geom_x = 0.06586102743457377
 geom_a = 0
 geom_q = 0
 geom_c = 0.0
f0= 6.5861e-02
using cgsolve in c++, ic=False
diag(geom) min= 722.088140 max= 15379.707349
diag(all) min= 722.088140 max= 15379.707349
Trying gamma equal 0.042000
Convergence reached after 6 iterations with no gamma cycles
min(dx) = -7.314927128945047e-12
max(dx) = 2.2788068590530265e-11
mean(dx)= 2.183131178876213e-12
vdws = 0
atoms = 4
pairs = 6
 geom_x = 0.0658610274345732
 geom_a = 0
 geom_q = 0
 geom_c = 0.0
f1, 0= 6.5861e-02
                       N restraints  r.m.s.d.  r.m.s.Z  Mn(sigma)
Bond distances, non H             4     0.001    0.076      0.013
Bond angles, non H                5     0.225    0.146      2.100
Chiral centres                    1     0.004    0.050      0.089



====== CYCLE 13 ======

 weight = 1.0000e+00
 geom_x = 0.0658610274345732
 geom_a = 0
 geom_q = 0
 geom_c = 0.0
f0= 6.5861e-02
using cgsolve in c++, ic=False
diag(geom) min= 722.088140 max= 15379.707349
diag(all) min= 722.088140 max= 15379.707349
Trying gamma equal 0.042000
Convergence reached after 6 iterations with no gamma cycles
min(dx) = -1.3656821593652645e-12
max(dx) = 4.26091933674523e-12
mean(dx)= 4.0845489900953376e-13
vdws = 0
atoms = 4
pairs = 6
 geom_x = 0.06586102743456951
 geom_a = 0
 geom_q = 0
 geom_c = 0.0
f1, 0= 6.5861e-02
                       N restraints  r.m.s.d.  r.m.s.Z  Mn(sigma)
Bond distances, non H             4     0.001    0.076      0.013
Bond angles, non H                5     0.225    0.146      2.100
Chiral centres                    1     0.004    0.050      0.089



====== CYCLE 14 ======

 weight = 1.0000e+00
 geom_x = 0.06586102743456951
 geom_a = 0
 geom_q = 0
 geom_c = 0.0
f0= 6.5861e-02
using cgsolve in c++, ic=False
diag(geom) min= 722.088140 max= 15379.707349
diag(all) min= 722.088140 max= 15379.707349
Trying gamma equal 0.042000
Convergence reached after 6 iterations with no gamma cycles
min(dx) = -2.553254756225391e-13
max(dx) = 7.970901198233694e-13
mean(dx)= 7.642190683673392e-14
vdws = 0
atoms = 4
pairs = 6
 geom_x = 0.0658610274345733
 geom_a = 0
 geom_q = 0
 geom_c = 0.0
f1, 0= 6.5861e-02
min(dx) = -1.2766273781126954e-13
max(dx) = 3.985450599116847e-13
mean(dx)= 3.821095341836696e-14
vdws = 0
atoms = 4
pairs = 6
 geom_x = 0.06586102743457165
 geom_a = 0
 geom_q = 0
 geom_c = 0.0
f1, 1= 6.5861e-02
min(dx) = -6.383136890563477e-14
max(dx) = 1.9927252995584235e-13
mean(dx)= 1.910547670918348e-14
vdws = 0
atoms = 4
pairs = 6
 geom_x = 0.06586102743456865
 geom_a = 0
 geom_q = 0
 geom_c = 0.0
f1, 2= 6.5861e-02
                       N restraints  r.m.s.d.  r.m.s.Z  Mn(sigma)
Bond distances, non H             4     0.001    0.076      0.013
Bond angles, non H                5     0.225    0.146      2.100
Chiral centres                    1     0.004    0.050      0.089



====== CYCLE 15 ======

 weight = 1.0000e+00
 geom_x = 0.06586102743456865
 geom_a = 0
 geom_q = 0
 geom_c = 0.0
f0= 6.5861e-02
using cgsolve in c++, ic=False
diag(geom) min= 722.088140 max= 15379.707349
diag(all) min= 722.088140 max= 15379.707349
Trying gamma equal 0.042000
Convergence reached after 6 iterations with no gamma cycles
min(dx) = -2.035624488564672e-13
max(dx) = 6.345453027846126e-13
mean(dx)= 6.08366337001927e-14
vdws = 0
atoms = 4
pairs = 6
 geom_x = 0.06586102743457227
 geom_a = 0
 geom_q = 0
 geom_c = 0.0
f1, 0= 6.5861e-02
min(dx) = -1.017812244282336e-13
max(dx) = 3.172726513923063e-13
mean(dx)= 3.041831685009635e-14
vdws = 0
atoms = 4
pairs = 6
 geom_x = 0.06586102743457704
 geom_a = 0
 geom_q = 0
 geom_c = 0.0
f1, 1= 6.5861e-02
min(dx) = -5.08906122141168e-14
max(dx) = 1.5863632569615316e-13
mean(dx)= 1.5209158425048176e-14
vdws = 0
atoms = 4
pairs = 6
 geom_x = 0.06586102743457464
 geom_a = 0
 geom_q = 0
 geom_c = 0.0
f1, 2= 6.5861e-02
WARNING: function not minimised
                       N restraints  r.m.s.d.  r.m.s.Z  Mn(sigma)
Bond distances, non H             4     0.001    0.076      0.013
Bond angles, non H                5     0.225    0.146      2.100
Chiral centres                    1     0.004    0.050      0.089



====== CYCLE 16 ======

 weight = 1.0000e+00
 geom_x = 0.06586102743457464
 geom_a = 0
 geom_q = 0
 geom_c = 0.0
f0= 6.5861e-02
using cgsolve in c++, ic=False
diag(geom) min= 722.088140 max= 15379.707349
diag(all) min= 722.088140 max= 15379.707349
Trying gamma equal 0.042000
Convergence reached after 6 iterations with no gamma cycles
min(dx) = -1.6217421716270045e-13
max(dx) = 5.059993836901873e-13
mean(dx)= 4.8522995866587485e-14
vdws = 0
atoms = 4
pairs = 6
 geom_x = 0.06586102743457146
 geom_a = 0
 geom_q = 0
 geom_c = 0.0
f1, 0= 6.5861e-02
                       N restraints  r.m.s.d.  r.m.s.Z  Mn(sigma)
Bond distances, non H             4     0.001    0.076      0.013
Bond angles, non H                5     0.225    0.146      2.100
Chiral centres                    1     0.004    0.050      0.089



====== CYCLE 17 ======

 weight = 1.0000e+00
 geom_x = 0.06586102743457146
 geom_a = 0
 geom_q = 0
 geom_c = 0.0
f0= 6.5861e-02
using cgsolve in c++, ic=False
diag(geom) min= 722.088140 max= 15379.707349
diag(all) min= 722.088140 max= 15379.707349
Trying gamma equal 0.042000
Convergence reached after 6 iterations with no gamma cycles
min(dx) = -3.0331052742250177e-14
max(dx) = 9.461290848674898e-14
mean(dx)= 9.055523902676764e-15
vdws = 0
atoms = 4
pairs = 6
 geom_x = 0.06586102743457445
 geom_a = 0
 geom_q = 0
 geom_c = 0.0
f1, 0= 6.5861e-02
min(dx) = -1.5165526371125088e-14
max(dx) = 4.730645424337449e-14
mean(dx)= 4.527761951338382e-15
vdws = 0
atoms = 4
pairs = 6
 geom_x = 0.06586102743456934
 geom_a = 0
 geom_q = 0
 geom_c = 0.0
f1, 1= 6.5861e-02
                       N restraints  r.m.s.d.  r.m.s.Z  Mn(sigma)
Bond distances, non H             4     0.001    0.076      0.013
Bond angles, non H                5     0.225    0.146      2.100
Chiral centres                    1     0.004    0.050      0.089



====== CYCLE 18 ======

 weight = 1.0000e+00
 geom_x = 0.06586102743456934
 geom_a = 0
 geom_q = 0
 geom_c = 0.0
f0= 6.5861e-02
using cgsolve in c++, ic=False
diag(geom) min= 722.088140 max= 15379.707349
diag(all) min= 722.088140 max= 15379.707349
Trying gamma equal 0.042000
Convergence reached after 6 iterations with no gamma cycles
min(dx) = -1.793830412211892e-14
max(dx) = 5.593766302414874e-14
mean(dx)= 5.374371202189417e-15
vdws = 0
atoms = 4
pairs = 6
 geom_x = 0.06586102743457159
 geom_a = 0
 geom_q = 0
 geom_c = 0.0
f1, 0= 6.5861e-02
min(dx) = -8.96915206105946e-15
max(dx) = 2.796883151207437e-14
mean(dx)= 2.6871856010947084e-15
vdws = 0
atoms = 4
pairs = 6
 geom_x = 0.06586102743457037
 geom_a = 0
 geom_q = 0
 geom_c = 0.0
f1, 1= 6.5861e-02
min(dx) = -4.48457603052973e-15
max(dx) = 1.3984415756037185e-14
mean(dx)= 1.3435928005473542e-15
vdws = 0
atoms = 4
pairs = 6
 geom_x = 0.06586102743457348
 geom_a = 0
 geom_q = 0
 geom_c = 0.0
f1, 2= 6.5861e-02
WARNING: function not minimised
                       N restraints  r.m.s.d.  r.m.s.Z  Mn(sigma)
Bond distances, non H             4     0.001    0.076      0.013
Bond angles, non H                5     0.225    0.146      2.100
Chiral centres                    1     0.004    0.050      0.089



====== CYCLE 19 ======

 weight = 1.0000e+00
 geom_x = 0.06586102743457348
 geom_a = 0
 geom_q = 0
 geom_c = 0.0
f0= 6.5861e-02
using cgsolve in c++, ic=False
diag(geom) min= 722.088140 max= 15379.707349
diag(all) min= 722.088140 max= 15379.707349
Trying gamma equal 0.042000
Convergence reached after 6 iterations with no gamma cycles
min(dx) = -1.4235060203799817e-14
max(dx) = 4.4458839015375203e-14
mean(dx)= 4.281610011120316e-15
vdws = 0
atoms = 4
pairs = 6
 geom_x = 0.06586102743457345
 geom_a = 0
 geom_q = 0
 geom_c = 0.0
f1, 0= 6.5861e-02
                       N restraints  r.m.s.d.  r.m.s.Z  Mn(sigma)
Bond distances, non H             4     0.001    0.076      0.013
Bond angles, non H                5     0.225    0.146      2.100
Chiral centres                    1     0.004    0.050      0.089



====== CYCLE 20 ======

 weight = 1.0000e+00
 geom_x = 0.06586102743457345
 geom_a = 0
 geom_q = 0
 geom_c = 0.0
f0= 6.5861e-02
using cgsolve in c++, ic=False
diag(geom) min= 722.088140 max= 15379.707349
diag(all) min= 722.088140 max= 15379.707349
Trying gamma equal 0.042000
Convergence reached after 7 iterations with no gamma cycles
min(dx) = -2.7491534095036017e-15
max(dx) = 8.581917776664557e-15
mean(dx)= 8.140538848761051e-16
vdws = 0
atoms = 4
pairs = 6
 geom_x = 0.06586102743456865
 geom_a = 0
 geom_q = 0
 geom_c = 0.0
f1, 0= 6.5861e-02
                       N restraints  r.m.s.d.  r.m.s.Z  Mn(sigma)
Bond distances, non H             4     0.001    0.076      0.013
Bond angles, non H                5     0.225    0.146      2.100
Chiral centres                    1     0.004    0.050      0.089



====== CYCLE 21 ======

 weight = 1.0000e+00
 geom_x = 0.06586102743456865
 geom_a = 0
 geom_q = 0
 geom_c = 0.0
f0= 6.5861e-02
using cgsolve in c++, ic=False
diag(geom) min= 722.088140 max= 15379.707349
diag(all) min= 722.088140 max= 15379.707349
Trying gamma equal 0.042000
Convergence reached after 7 iterations with no gamma cycles
min(dx) = -5.79179723909959e-16
max(dx) = 1.588160236401729e-15
mean(dx)= 1.3402475077989574e-16
vdws = 0
atoms = 4
pairs = 6
 geom_x = 0.06586102743457442
 geom_a = 0
 geom_q = 0
 geom_c = 0.0
f1, 0= 6.5861e-02
min(dx) = -2.895898619549795e-16
max(dx) = 7.940801182008645e-16
mean(dx)= 6.701237538994787e-17
vdws = 0
atoms = 4
pairs = 6
 geom_x = 0.06586102743457449
 geom_a = 0
 geom_q = 0
 geom_c = 0.0
f1, 1= 6.5861e-02
min(dx) = -1.4479493097748976e-16
max(dx) = 3.9704005910043226e-16
mean(dx)= 3.3506187694973934e-17
vdws = 0
atoms = 4
pairs = 6
 geom_x = 0.06586102743457072
 geom_a = 0
 geom_q = 0
 geom_c = 0.0
f1, 2= 6.5861e-02
WARNING: function not minimised
                       N restraints  r.m.s.d.  r.m.s.Z  Mn(sigma)
Bond distances, non H             4     0.001    0.076      0.013
Bond angles, non H                5     0.225    0.146      2.100
Chiral centres                    1     0.004    0.050      0.089



====== CYCLE 22 ======

 weight = 1.0000e+00
 geom_x = 0.06586102743457072
 geom_a = 0
 geom_q = 0
 geom_c = 0.0
f0= 6.5861e-02
using cgsolve in c++, ic=False
diag(geom) min= 722.088140 max= 15379.707349
diag(all) min= 722.088140 max= 15379.707349
Trying gamma equal 0.042000
Convergence reached after 7 iterations with no gamma cycles
min(dx) = -4.554736415505411e-16
max(dx) = 1.1571250443789178e-15
mean(dx)= 9.347365370134391e-17
vdws = 0
atoms = 4
pairs = 6
 geom_x = 0.06586102743457203
 geom_a = 0
 geom_q = 0
 geom_c = 0.0
f1, 0= 6.5861e-02
min(dx) = -2.2773682077527057e-16
max(dx) = 5.785625221894589e-16
mean(dx)= 4.6736826850671955e-17
vdws = 0
atoms = 4
pairs = 6
 geom_x = 0.0658610274345709
 geom_a = 0
 geom_q = 0
 geom_c = 0.0
f1, 1= 6.5861e-02
min(dx) = -1.1386841038763528e-16
max(dx) = 2.8928126109472945e-16
mean(dx)= 2.3368413425335978e-17
vdws = 0
atoms = 4
pairs = 6
 geom_x = 0.06586102743456687
 geom_a = 0
 geom_q = 0
 geom_c = 0.0
f1, 2= 6.5861e-02
                       N restraints  r.m.s.d.  r.m.s.Z  Mn(sigma)
Bond distances, non H             4     0.001    0.076      0.013
Bond angles, non H                5     0.225    0.146      2.100
Chiral centres                    1     0.004    0.050      0.089



====== CYCLE 23 ======

 weight = 1.0000e+00
 geom_x = 0.06586102743456687
 geom_a = 0
 geom_q = 0
 geom_c = 0.0
f0= 6.5861e-02
using cgsolve in c++, ic=False
diag(geom) min= 722.088140 max= 15379.707349
diag(all) min= 722.088140 max= 15379.707349
Trying gamma equal 0.042000
Convergence reached after 7 iterations with no gamma cycles
min(dx) = -2.5216579250957493e-16
max(dx) = 9.418256365651375e-16
mean(dx)= 9.899110177072398e-17
vdws = 0
atoms = 4
pairs = 6
 geom_x = 0.06586102743456729
 geom_a = 0
 geom_q = 0
 geom_c = 0.0
f1, 0= 6.5861e-02
min(dx) = -1.2608289625478746e-16
max(dx) = 4.709128182825687e-16
mean(dx)= 4.949555088536199e-17
vdws = 0
atoms = 4
pairs = 6
 geom_x = 0.0658610274345709
 geom_a = 0
 geom_q = 0
 geom_c = 0.0
f1, 1= 6.5861e-02
min(dx) = -6.304144812739373e-17
max(dx) = 2.3545640914128437e-16
mean(dx)= 2.4747775442680996e-17
vdws = 0
atoms = 4
pairs = 6
 geom_x = 0.0658610274345709
 geom_a = 0
 geom_q = 0
 geom_c = 0.0
f1, 2= 6.5861e-02
WARNING: function not minimised
                       N restraints  r.m.s.d.  r.m.s.Z  Mn(sigma)
Bond distances, non H             4     0.001    0.076      0.013
Bond angles, non H                5     0.225    0.146      2.100
Chiral centres                    1     0.004    0.050      0.089



====== CYCLE 24 ======

 weight = 1.0000e+00
 geom_x = 0.0658610274345709
 geom_a = 0
 geom_q = 0
 geom_c = 0.0
f0= 6.5861e-02
using cgsolve in c++, ic=False
diag(geom) min= 722.088140 max= 15379.707349
diag(all) min= 722.088140 max= 15379.707349
Trying gamma equal 0.042000
Convergence reached after 7 iterations with no gamma cycles
min(dx) = -2.579727791846348e-16
max(dx) = 6.594704098783725e-16
mean(dx)= 5.973984362646914e-17
vdws = 0
atoms = 4
pairs = 6
 geom_x = 0.06586102743457084
 geom_a = 0
 geom_q = 0
 geom_c = 0.0
f1, 0= 6.5861e-02
                       N restraints  r.m.s.d.  r.m.s.Z  Mn(sigma)
Bond distances, non H             4     0.001    0.076      0.013
Bond angles, non H                5     0.225    0.146      2.100
Chiral centres                    1     0.004    0.050      0.089



====== CYCLE 25 ======

 weight = 1.0000e+00
 geom_x = 0.06586102743457084
 geom_a = 0
 geom_q = 0
 geom_c = 0.0
f0= 6.5861e-02
using cgsolve in c++, ic=False
diag(geom) min= 722.088140 max= 15379.707349
diag(all) min= 722.088140 max= 15379.707349
Trying gamma equal 0.042000
Convergence reached after 7 iterations with no gamma cycles
min(dx) = -1.0764242342017376e-16
max(dx) = 9.648456369605519e-17
mean(dx)= 1.6310042663135186e-18
vdws = 0
atoms = 4
pairs = 6
 geom_x = 0.06586102743457059
 geom_a = 0
 geom_q = 0
 geom_c = 0.0
f1, 0= 6.5861e-02
                       N restraints  r.m.s.d.  r.m.s.Z  Mn(sigma)
Bond distances, non H             4     0.001    0.076      0.013
Bond angles, non H                5     0.225    0.146      2.100
Chiral centres                    1     0.004    0.050      0.089



====== CYCLE 26 ======

 weight = 1.0000e+00
 geom_x = 0.06586102743457059
 geom_a = 0
 geom_q = 0
 geom_c = 0.0
f0= 6.5861e-02
using cgsolve in c++, ic=False
diag(geom) min= 722.088140 max= 15379.707349
diag(all) min= 722.088140 max= 15379.707349
Trying gamma equal 0.042000
Convergence reached after 7 iterations with no gamma cycles
min(dx) = -1.5554111034915056e-16
max(dx) = 7.53367023946539e-17
mean(dx)= -2.481722322424671e-18
vdws = 0
atoms = 4
pairs = 6
 geom_x = 0.06586102743456965
 geom_a = 0
 geom_q = 0
 geom_c = 0.0
f1, 0= 6.5861e-02
                       N restraints  r.m.s.d.  r.m.s.Z  Mn(sigma)
Bond distances, non H             4     0.001    0.076      0.013
Bond angles, non H                5     0.225    0.146      2.100
Chiral centres                    1     0.004    0.050      0.089



====== CYCLE 27 ======

 weight = 1.0000e+00
 geom_x = 0.06586102743456965
 geom_a = 0
 geom_q = 0
 geom_c = 0.0
f0= 6.5861e-02
using cgsolve in c++, ic=False
diag(geom) min= 722.088140 max= 15379.707349
diag(all) min= 722.088140 max= 15379.707349
Trying gamma equal 0.042000
Convergence reached after 7 iterations with no gamma cycles
min(dx) = -9.57643109332779e-17
max(dx) = 1.0424333569634528e-16
mean(dx)= 1.1452587396495115e-17
vdws = 0
atoms = 4
pairs = 6
 geom_x = 0.06586102743456934
 geom_a = 0
 geom_q = 0
 geom_c = 0.0
f1, 0= 6.5861e-02
                       N restraints  r.m.s.d.  r.m.s.Z  Mn(sigma)
Bond distances, non H             4     0.001    0.076      0.013
Bond angles, non H                5     0.225    0.146      2.100
Chiral centres                    1     0.004    0.050      0.089



====== CYCLE 28 ======

 weight = 1.0000e+00
 geom_x = 0.06586102743456934
 geom_a = 0
 geom_q = 0
 geom_c = 0.0
f0= 6.5861e-02
using cgsolve in c++, ic=False
diag(geom) min= 722.088140 max= 15379.707349
diag(all) min= 722.088140 max= 15379.707349
Trying gamma equal 0.042000
Convergence reached after 7 iterations with no gamma cycles
min(dx) = -1.0811635582120755e-16
max(dx) = 1.142989793439914e-16
mean(dx)= 3.715316810125629e-18
vdws = 0
atoms = 4
pairs = 6
 geom_x = 0.06586102743456695
 geom_a = 0
 geom_q = 0
 geom_c = 0.0
f1, 0= 6.5861e-02
                       N restraints  r.m.s.d.  r.m.s.Z  Mn(sigma)
Bond distances, non H             4     0.001    0.076      0.013
Bond angles, non H                5     0.225    0.146      2.100
Chiral centres                    1     0.004    0.050      0.089



====== CYCLE 29 ======

 weight = 1.0000e+00
 geom_x = 0.06586102743456695
 geom_a = 0
 geom_q = 0
 geom_c = 0.0
f0= 6.5861e-02
using cgsolve in c++, ic=False
diag(geom) min= 722.088140 max= 15379.707349
diag(all) min= 722.088140 max= 15379.707349
Trying gamma equal 0.042000
Convergence reached after 7 iterations with no gamma cycles
min(dx) = -1.1550376189267348e-16
max(dx) = 8.762318897677126e-17
mean(dx)= 1.5065033785728866e-18
vdws = 0
atoms = 4
pairs = 6
 geom_x = 0.06586102743457077
 geom_a = 0
 geom_q = 0
 geom_c = 0.0
f1, 0= 6.5861e-02
min(dx) = -5.775188094633674e-17
max(dx) = 4.381159448838563e-17
mean(dx)= 7.532516892864433e-19
vdws = 0
atoms = 4
pairs = 6
 geom_x = 0.06586102743456983
 geom_a = 0
 geom_q = 0
 geom_c = 0.0
f1, 1= 6.5861e-02
min(dx) = -2.887594047316837e-17
max(dx) = 2.1905797244192814e-17
mean(dx)= 3.7662584464322164e-19
vdws = 0
atoms = 4
pairs = 6
 geom_x = 0.06586102743456733
 geom_a = 0
 geom_q = 0
 geom_c = 0.0
f1, 2= 6.5861e-02
WARNING: function not minimised
                       N restraints  r.m.s.d.  r.m.s.Z  Mn(sigma)
Bond distances, non H             4     0.001    0.076      0.013
Bond angles, non H                5     0.225    0.146      2.100
Chiral centres                    1     0.004    0.050      0.089



====== CYCLE 30 ======

 weight = 1.0000e+00
 geom_x = 0.06586102743456733
 geom_a = 0
 geom_q = 0
 geom_c = 0.0
f0= 6.5861e-02
using cgsolve in c++, ic=False
diag(geom) min= 722.088140 max= 15379.707349
diag(all) min= 722.088140 max= 15379.707349
Trying gamma equal 0.042000
Convergence reached after 7 iterations with no gamma cycles
min(dx) = -3.165475122273543e-16
max(dx) = 1.0275159647239325e-16
mean(dx)= -2.794747028255638e-17
vdws = 0
atoms = 4
pairs = 6
 geom_x = 0.06586102743456959
 geom_a = 0
 geom_q = 0
 geom_c = 0.0
f1, 0= 6.5861e-02
min(dx) = -1.5827375611367714e-16
max(dx) = 5.1375798236196626e-17
mean(dx)= -1.397373514127819e-17
vdws = 0
atoms = 4
pairs = 6
 geom_x = 0.06586102743456924
 geom_a = 0
 geom_q = 0
 geom_c = 0.0
f1, 1= 6.5861e-02
min(dx) = -7.913687805683857e-17
max(dx) = 2.5687899118098313e-17
mean(dx)= -6.986867570639094e-18
vdws = 0
atoms = 4
pairs = 6
 geom_x = 0.06586102743456945
 geom_a = 0
 geom_q = 0
 geom_c = 0.0
f1, 2= 6.5861e-02
WARNING: function not minimised
                       N restraints  r.m.s.d.  r.m.s.Z  Mn(sigma)
Bond distances, non H             4     0.001    0.076      0.013
Bond angles, non H                5     0.225    0.146      2.100
Chiral centres                    1     0.004    0.050      0.089


$TABLE: stats vs cycle :
$GRAPHS
: Geometry :A:1,2,4:
: Geometry Z :A:1,5,3:
$$
 Ncyc  rmsBOND  zBOND  rmsANGL  zANGL
$$
$$
    0   0.0009 0.0770   0.2460 0.1497
    1   0.0008 0.0758   0.2257 0.1459
    2   0.0008 0.0758   0.2247 0.1458
    3   0.0008 0.0758   0.2246 0.1458
    4   0.0008 0.0758   0.2246 0.1458
    5   0.0008 0.0758   0.2246 0.1458
    6   0.0008 0.0758   0.2246 0.1458
    7   0.0008 0.0758   0.2246 0.1458
    8   0.0008 0.0758   0.2246 0.1458
    9   0.0008 0.0758   0.2246 0.1458
   10   0.0008 0.0758   0.2246 0.1458
   11   0.0008 0.0758   0.2246 0.1458
   12   0.0008 0.0758   0.2246 0.1458
   13   0.0008 0.0758   0.2246 0.1458
   14   0.0008 0.0758   0.2246 0.1458
   15   0.0008 0.0758   0.2246 0.1458
   16   0.0008 0.0758   0.2246 0.1458
   17   0.0008 0.0758   0.2246 0.1458
   18   0.0008 0.0758   0.2246 0.1458
   19   0.0008 0.0758   0.2246 0.1458
   20   0.0008 0.0758   0.2246 0.1458
   21   0.0008 0.0758   0.2246 0.1458
   22   0.0008 0.0758   0.2246 0.1458
   23   0.0008 0.0758   0.2246 0.1458
   24   0.0008 0.0758   0.2246 0.1458
   25   0.0008 0.0758   0.2246 0.1458
   26   0.0008 0.0758   0.2246 0.1458
   27   0.0008 0.0758   0.2246 0.1458
   28   0.0008 0.0758   0.2246 0.1458
   29   0.0008 0.0758   0.2246 0.1458
   30   0.0008 0.0758   0.2246 0.1458
$$

Creating restraints..

Chain info:
 chain 
  ligands: EPX (1 residues)

Number of refinement parameters:
       n_params  n_atoms  n_atoms_geom_only  n_atoms_data_only
xyz          10       10                  6                  0
adp           0        0                  0                  0
occ           0        0                  0                  0
dfrac         0        0                  0                  0

Randomizing structure with rmsd of 0.01
Torsion angle rules:
 include:
  {'group': 'peptide', 'tors_name': 'chi*'}
  {'link': '*', 'tors_name': 'omega'}
  {'residue': '*', 'tors_name': 'sp2_sp2*'}
  {'link': '*', 'tors_name': 'sp2_sp2*'}
 exclude:
  none
External restraints from Refmac instructions
 Number of distances          : 0
 Number of angles             : 0
 Number of torsions           : 0
 Number of chirals            : 0
 Number of planes             : 0
 Number of intervals          : 0
 Number of stackings          : 0
 Number of harmonics          : 0
 Number of special positions  : 0

Running 10 cycles with wchir=4 wvdw=2 with hydrogen
Geometry weights
vdws = 15
atoms = 10
pairs = 41
                          N restraints  r.m.s.d.  r.m.s.Z  Mn(sigma)
Bond distances, non H                4     0.006    0.407      0.013
Bond distances, H                    6     0.008    0.424      0.016
Bond angles, non H                   5     0.731    0.361      2.100
Bond angles, H                      14     0.817    0.436      1.929
Torsion angles, period 3             1     0.284    0.028     10.000
Chiral centres                       1     0.053    0.595      0.089
VDW torsion                          1     0.011    0.057      0.200


====== CYCLE  1 ======

 weight = 1.0000e+00
 geom_x = 5.363117553826994
 geom_a = 0
 geom_q = 0
 geom_c = 0.0
f0= 5.3631e+00
using cgsolve in c++, ic=False
diag(geom) min= 1231.379879 max= 30400.187898
diag(all) min= 1231.379879 max= 30400.187898
Trying gamma equal 0.000000
Not converging with gamma equal 0.000000
Trying gamma equal 0.052500
Gamma decreased to 0.042000
min(dx) = -0.011843964732319991
max(dx) = 0.008128596156230392
mean(dx)= -0.0009417131675861538
vdws = 15
atoms = 10
pairs = 41
 geom_x = 0.11996630104808925
 geom_a = 0
 geom_q = 0
 geom_c = 0.0
f1, 0= 1.1997e-01
                          N restraints  r.m.s.d.  r.m.s.Z  Mn(sigma)
Bond distances, non H                4     0.001    0.075      0.013
Bond distances, H                    6     0.000    0.020      0.016
Bond angles, non H                   5     0.235    0.151      2.100
Bond angles, H                      14     0.202    0.082      1.929
Torsion angles, period 3             1     0.074    0.007     10.000
Chiral centres                       1     0.002    0.022      0.089
VDW torsion                          1     0.001    0.003      0.200



====== CYCLE  2 ======

 weight = 1.0000e+00
 geom_x = 0.11996630104808925
 geom_a = 0
 geom_q = 0
 geom_c = 0.0
f0= 1.1997e-01
using cgsolve in c++, ic=False
diag(geom) min= 1185.433486 max= 30258.909049
diag(all) min= 1185.433486 max= 30258.909049
Trying gamma equal 0.042000
Convergence reached after 19 iterations with no gamma cycles
min(dx) = -0.0012418648883849516
max(dx) = 0.0016993577148388854
mean(dx)= 8.791207058670455e-05
vdws = 15
atoms = 10
pairs = 41
 geom_x = 0.10800112208763771
 geom_a = 0
 geom_q = 0
 geom_c = 0.0
f1, 0= 1.0800e-01
                          N restraints  r.m.s.d.  r.m.s.Z  Mn(sigma)
Bond distances, non H                4     0.001    0.073      0.013
Bond distances, H                    6     0.000    0.001      0.016
Bond angles, non H                   5     0.254    0.152      2.100
Bond angles, H                      14     0.180    0.075      1.929
Torsion angles, period 3             1     0.041    0.004     10.000
Chiral centres                       1     0.000    0.002      0.089



====== CYCLE  3 ======

 weight = 1.0000e+00
 geom_x = 0.10800112208763771
 geom_a = 0
 geom_q = 0
 geom_c = 0.0
f0= 1.0800e-01
using cgsolve in c++, ic=False
diag(geom) min= 1185.625098 max= 30281.397537
diag(all) min= 1185.625098 max= 30281.397537
Trying gamma equal 0.042000
Convergence reached after 21 iterations with no gamma cycles
min(dx) = -0.0005110350359415664
max(dx) = 0.000726463962815545
mean(dx)= 3.594157780784577e-05
vdws = 15
atoms = 10
pairs = 41
 geom_x = 0.10726576110227662
 geom_a = 0
 geom_q = 0
 geom_c = 0.0
f1, 0= 1.0727e-01
                          N restraints  r.m.s.d.  r.m.s.Z  Mn(sigma)
Bond distances, non H                4     0.001    0.073      0.013
Bond distances, H                    6     0.000    0.000      0.016
Bond angles, non H                   5     0.261    0.153      2.100
Bond angles, H                      14     0.175    0.074      1.929
Torsion angles, period 3             1     0.029    0.003     10.000
Chiral centres                       1     0.000    0.000      0.089



====== CYCLE  4 ======

 weight = 1.0000e+00
 geom_x = 0.10726576110227662
 geom_a = 0
 geom_q = 0
 geom_c = 0.0
f0= 1.0727e-01
using cgsolve in c++, ic=False
diag(geom) min= 1186.104916 max= 30287.948417
diag(all) min= 1186.104916 max= 30287.948417
Trying gamma equal 0.042000
Convergence reached after 20 iterations with no gamma cycles
min(dx) = -0.0001486662070843833
max(dx) = 0.0002535040107013917
mean(dx)= 1.1420070705573369e-05
vdws = 15
atoms = 10
pairs = 41
 geom_x = 0.10718776435413967
 geom_a = 0
 geom_q = 0
 geom_c = 0.0
f1, 0= 1.0719e-01
                          N restraints  r.m.s.d.  r.m.s.Z  Mn(sigma)
Bond distances, non H                4     0.001    0.073      0.013
Bond distances, H                    6     0.000    0.000      0.016
Bond angles, non H                   5     0.264    0.154      2.100
Bond angles, H                      14     0.173    0.073      1.929
Torsion angles, period 3             1     0.023    0.002     10.000
Chiral centres                       1     0.000    0.000      0.089



====== CYCLE  5 ======

 weight = 1.0000e+00
 geom_x = 0.10718776435413967
 geom_a = 0
 geom_q = 0
 geom_c = 0.0
f0= 1.0719e-01
using cgsolve in c++, ic=False
diag(geom) min= 1186.275477 max= 30289.601581
diag(all) min= 1186.275477 max= 30289.601581
Trying gamma equal 0.042000
Convergence reached after 19 iterations with no gamma cycles
min(dx) = -4.893695728106046e-05
max(dx) = 9.432227699200446e-05
mean(dx)= 3.337742694280662e-06
vdws = 15
atoms = 10
pairs = 41
 geom_x = 0.10717870831342562
 geom_a = 0
 geom_q = 0
 geom_c = 0.0
f1, 0= 1.0718e-01
                          N restraints  r.m.s.d.  r.m.s.Z  Mn(sigma)
Bond distances, non H                4     0.001    0.073      0.013
Bond distances, H                    6     0.000    0.000      0.016
Bond angles, non H                   5     0.265    0.154      2.100
Bond angles, H                      14     0.173    0.073      1.929
Torsion angles, period 3             1     0.020    0.002     10.000
Chiral centres                       1     0.000    0.000      0.089



====== CYCLE  6 ======

 weight = 1.0000e+00
 geom_x = 0.10717870831342562
 geom_a = 0
 geom_q = 0
 geom_c = 0.0
f0= 1.0718e-01
using cgsolve in c++, ic=False
diag(geom) min= 1186.339795 max= 30289.881158
diag(all) min= 1186.339795 max= 30289.881158
Trying gamma equal 0.042000
Not converging with gamma equal 0.042000
Trying gamma equal 0.094500
Not converging with gamma equal 0.094500
Trying gamma equal 0.149625
Gamma decreased to 0.138600
min(dx) = -8.880855366848437e-06
max(dx) = 1.8488979054061445e-05
mean(dx)= 5.432451535806122e-07
vdws = 15
atoms = 10
pairs = 41
 geom_x = 0.10717792906255402
 geom_a = 0
 geom_q = 0
 geom_c = 0.0
f1, 0= 1.0718e-01
                          N restraints  r.m.s.d.  r.m.s.Z  Mn(sigma)
Bond distances, non H                4     0.001    0.073      0.013
Bond distances, H                    6     0.000    0.000      0.016
Bond angles, non H                   5     0.265    0.154      2.100
Bond angles, H                      14     0.173    0.073      1.929
Torsion angles, period 3             1     0.019    0.002     10.000
Chiral centres                       1     0.000    0.001      0.089



====== CYCLE  7 ======

 weight = 1.0000e+00
 geom_x = 0.10717792906255402
 geom_a = 0
 geom_q = 0
 geom_c = 0.0
f0= 1.0718e-01
using cgsolve in c++, ic=False
diag(geom) min= 1186.352528 max= 30289.894758
diag(all) min= 1186.352528 max= 30289.894758
Trying gamma equal 0.138600
Convergence reached after 14 iterations with no gamma cycles
min(dx) = -9.298198792543268e-06
max(dx) = 1.4180930389672639e-05
mean(dx)= 3.238570947636948e-07
vdws = 15
atoms = 10
pairs = 41
 geom_x = 0.10717750383780558
 geom_a = 0
 geom_q = 0
 geom_c = 0.0
f1, 0= 1.0718e-01
                          N restraints  r.m.s.d.  r.m.s.Z  Mn(sigma)
Bond distances, non H                4     0.001    0.073      0.013
Bond distances, H                    6     0.000    0.000      0.016
Bond angles, non H                   5     0.265    0.154      2.100
Bond angles, H                      14     0.173    0.073      1.929
Torsion angles, period 3             1     0.018    0.002     10.000
Chiral centres                       1     0.000    0.001      0.089



====== CYCLE  8 ======

 weight = 1.0000e+00
 geom_x = 0.10717750383780558
 geom_a = 0
 geom_q = 0
 geom_c = 0.0
f0= 1.0718e-01
using cgsolve in c++, ic=False
diag(geom) min= 1186.362128 max= 30289.867762
diag(all) min= 1186.362128 max= 30289.867762
Trying gamma equal 0.138600
Convergence reached after 14 iterations with no gamma cycles
min(dx) = -9.535931633775036e-06
max(dx) = 1.0841542303484334e-05
mean(dx)= 1.721990147438623e-07
vdws = 15
atoms = 10
pairs = 41
 geom_x = 0.10717725122302478
 geom_a = 0
 geom_q = 0
 geom_c = 0.0
f1, 0= 1.0718e-01
                          N restraints  r.m.s.d.  r.m.s.Z  Mn(sigma)
Bond distances, non H                4     0.001    0.073      0.013
Bond distances, H                    6     0.000    0.000      0.016
Bond angles, non H                   5     0.265    0.154      2.100
Bond angles, H                      14     0.173    0.073      1.929
Torsion angles, period 3             1     0.017    0.002     10.000
Chiral centres                       1     0.000    0.001      0.089



====== CYCLE  9 ======

 weight = 1.0000e+00
 geom_x = 0.10717725122302478
 geom_a = 0
 geom_q = 0
 geom_c = 0.0
f0= 1.0718e-01
using cgsolve in c++, ic=False
diag(geom) min= 1186.368989 max= 30289.817954
diag(all) min= 1186.368989 max= 30289.817954
Trying gamma equal 0.138600
Convergence reached after 14 iterations with no gamma cycles
min(dx) = -9.51723656569669e-06
max(dx) = 9.923633090101776e-06
mean(dx)= 8.56344489764777e-08
vdws = 15
atoms = 10
pairs = 41
 geom_x = 0.10717707251118597
 geom_a = 0
 geom_q = 0
 geom_c = 0.0
f1, 0= 1.0718e-01
                          N restraints  r.m.s.d.  r.m.s.Z  Mn(sigma)
Bond distances, non H                4     0.001    0.073      0.013
Bond distances, H                    6     0.000    0.000      0.016
Bond angles, non H                   5     0.265    0.154      2.100
Bond angles, H                      14     0.173    0.073      1.929
Torsion angles, period 3             1     0.017    0.002     10.000
Chiral centres                       1     0.000    0.001      0.089



====== CYCLE 10 ======

 weight = 1.0000e+00
 geom_x = 0.10717707251118597
 geom_a = 0
 geom_q = 0
 geom_c = 0.0
f0= 1.0718e-01
using cgsolve in c++, ic=False
diag(geom) min= 1186.374021 max= 30289.756396
diag(all) min= 1186.374021 max= 30289.756396
Trying gamma equal 0.138600
Convergence reached after 14 iterations with no gamma cycles
min(dx) = -9.349276958888029e-06
max(dx) = 9.234628049965775e-06
mean(dx)= 3.715512954474738e-08
vdws = 15
atoms = 10
pairs = 41
 geom_x = 0.10717692905075646
 geom_a = 0
 geom_q = 0
 geom_c = 0.0
f1, 0= 1.0718e-01
                          N restraints  r.m.s.d.  r.m.s.Z  Mn(sigma)
Bond distances, non H                4     0.001    0.073      0.013
Bond distances, H                    6     0.000    0.000      0.016
Bond angles, non H                   5     0.265    0.154      2.100
Bond angles, H                      14     0.173    0.073      1.929
Torsion angles, period 3             1     0.016    0.002     10.000
Chiral centres                       1     0.000    0.001      0.089


$TABLE: stats vs cycle :
$GRAPHS
: Geometry :A:1,2,4:
: Geometry Z :A:1,5,3:
$$
 Ncyc  rmsBOND  zBOND  rmsANGL  zANGL
$$
$$
    0   0.0061 0.4072   0.7314 0.3614
    1   0.0009 0.0752   0.2353 0.1508
    2   0.0008 0.0733   0.2538 0.1520
    3   0.0008 0.0727   0.2614 0.1532
    4   0.0008 0.0728   0.2638 0.1536
    5   0.0008 0.0729   0.2646 0.1537
    6   0.0008 0.0729   0.2648 0.1538
    7   0.0008 0.0729   0.2649 0.1538
    8   0.0008 0.0729   0.2649 0.1538
    9   0.0008 0.0729   0.2650 0.1538
   10   0.0008 0.0729   0.2650 0.1538
$$

Running 30 cycles with wchir=1 wvdw=2 with hydrogen
Geometry weights
vdws = 15
atoms = 10
pairs = 41
                          N restraints  r.m.s.d.  r.m.s.Z  Mn(sigma)
Bond distances, non H                4     0.001    0.073      0.013
Bond distances, H                    6     0.000    0.000      0.016
Bond angles, non H                   5     0.265    0.154      2.100
Bond angles, H                      14     0.173    0.073      1.929
Torsion angles, period 3             1     0.016    0.002     10.000
Chiral centres                       1     0.000    0.001      0.089


====== CYCLE  1 ======

 weight = 1.0000e+00
 geom_x = 0.10717472473761945
 geom_a = 0
 geom_q = 0
 geom_c = 0.0
f0= 1.0717e-01
using cgsolve in c++, ic=False
diag(geom) min= 1186.377821 max= 17465.663686
diag(all) min= 1186.377821 max= 17465.663686
Trying gamma equal 0.138600
Convergence reached after 17 iterations with no gamma cycles
min(dx) = -2.8697667806079095e-05
max(dx) = 3.173283093562135e-05
mean(dx)= 1.2931681165476626e-06
vdws = 15
atoms = 10
pairs = 41
 geom_x = 0.10716396144503985
 geom_a = 0
 geom_q = 0
 geom_c = 0.0
f1, 0= 1.0716e-01
                          N restraints  r.m.s.d.  r.m.s.Z  Mn(sigma)
Bond distances, non H                4     0.001    0.073      0.013
Bond distances, H                    6     0.000    0.000      0.016
Bond angles, non H                   5     0.266    0.154      2.100
Bond angles, H                      14     0.172    0.073      1.929
Torsion angles, period 3             1     0.015    0.001     10.000
Chiral centres                       1     0.000    0.003      0.089



====== CYCLE  2 ======

 weight = 1.0000e+00
 geom_x = 0.10716396144503985
 geom_a = 0
 geom_q = 0
 geom_c = 0.0
f0= 1.0716e-01
using cgsolve in c++, ic=False
diag(geom) min= 1186.385842 max= 17465.940906
diag(all) min= 1186.385842 max= 17465.940906
Trying gamma equal 0.138600
Convergence reached after 17 iterations with no gamma cycles
min(dx) = -2.1309552176903308e-05
max(dx) = 2.2165022845046776e-05
mean(dx)= 1.0100650845213323e-06
vdws = 15
atoms = 10
pairs = 41
 geom_x = 0.10716197365300581
 geom_a = 0
 geom_q = 0
 geom_c = 0.0
f1, 0= 1.0716e-01
                          N restraints  r.m.s.d.  r.m.s.Z  Mn(sigma)
Bond distances, non H                4     0.001    0.073      0.013
Bond distances, H                    6     0.000    0.000      0.016
Bond angles, non H                   5     0.267    0.154      2.100
Bond angles, H                      14     0.172    0.073      1.929
Torsion angles, period 3             1     0.014    0.001     10.000
Chiral centres                       1     0.000    0.003      0.089



====== CYCLE  3 ======

 weight = 1.0000e+00
 geom_x = 0.10716197365300581
 geom_a = 0
 geom_q = 0
 geom_c = 0.0
f0= 1.0716e-01
using cgsolve in c++, ic=False
diag(geom) min= 1186.407618 max= 17466.062086
diag(all) min= 1186.407618 max= 17466.062086
Trying gamma equal 0.138600
Convergence reached after 16 iterations with no gamma cycles
min(dx) = -1.4248656775235315e-05
max(dx) = 1.733000439138182e-05
mean(dx)= 6.543965661783054e-07
vdws = 15
atoms = 10
pairs = 41
 geom_x = 0.10716119728849548
 geom_a = 0
 geom_q = 0
 geom_c = 0.0
f1, 0= 1.0716e-01
                          N restraints  r.m.s.d.  r.m.s.Z  Mn(sigma)
Bond distances, non H                4     0.001    0.073      0.013
Bond distances, H                    6     0.000    0.000      0.016
Bond angles, non H                   5     0.267    0.154      2.100
Bond angles, H                      14     0.172    0.073      1.929
Torsion angles, period 3             1     0.013    0.001     10.000
Chiral centres                       1     0.000    0.003      0.089



====== CYCLE  4 ======

 weight = 1.0000e+00
 geom_x = 0.10716119728849548
 geom_a = 0
 geom_q = 0
 geom_c = 0.0
f0= 1.0716e-01
using cgsolve in c++, ic=False
diag(geom) min= 1186.419788 max= 17466.125846
diag(all) min= 1186.419788 max= 17466.125846
Trying gamma equal 0.138600
Convergence reached after 15 iterations with no gamma cycles
min(dx) = -9.751473601966665e-06
max(dx) = 1.3169550373343055e-05
mean(dx)= 3.84323013332711e-07
vdws = 15
atoms = 10
pairs = 41
 geom_x = 0.10716080135499848
 geom_a = 0
 geom_q = 0
 geom_c = 0.0
f1, 0= 1.0716e-01
                          N restraints  r.m.s.d.  r.m.s.Z  Mn(sigma)
Bond distances, non H                4     0.001    0.073      0.013
Bond distances, H                    6     0.000    0.000      0.016
Bond angles, non H                   5     0.267    0.154      2.100
Bond angles, H                      14     0.171    0.073      1.929
Torsion angles, period 3             1     0.013    0.001     10.000
Chiral centres                       1     0.000    0.004      0.089



====== CYCLE  5 ======

 weight = 1.0000e+00
 geom_x = 0.10716080135499848
 geom_a = 0
 geom_q = 0
 geom_c = 0.0
f0= 1.0716e-01
using cgsolve in c++, ic=False
diag(geom) min= 1186.426241 max= 17466.162370
diag(all) min= 1186.426241 max= 17466.162370
Trying gamma equal 0.138600
Convergence reached after 14 iterations with no gamma cycles
min(dx) = -7.961753443026043e-06
max(dx) = 1.0113657547425122e-05
mean(dx)= 2.077353762444288e-07
vdws = 15
atoms = 10
pairs = 41
 geom_x = 0.10716056570454044
 geom_a = 0
 geom_q = 0
 geom_c = 0.0
f1, 0= 1.0716e-01
                          N restraints  r.m.s.d.  r.m.s.Z  Mn(sigma)
Bond distances, non H                4     0.001    0.073      0.013
Bond distances, H                    6     0.000    0.000      0.016
Bond angles, non H                   5     0.267    0.154      2.100
Bond angles, H                      14     0.171    0.073      1.929
Torsion angles, period 3             1     0.012    0.001     10.000
Chiral centres                       1     0.000    0.004      0.089



====== CYCLE  6 ======

 weight = 1.0000e+00
 geom_x = 0.10716056570454044
 geom_a = 0
 geom_q = 0
 geom_c = 0.0
f0= 1.0716e-01
using cgsolve in c++, ic=False
diag(geom) min= 1186.430055 max= 17466.184476
diag(all) min= 1186.430055 max= 17466.184476
Trying gamma equal 0.138600
Convergence reached after 13 iterations with no gamma cycles
min(dx) = -7.773112724684582e-06
max(dx) = 7.961681117070148e-06
mean(dx)= 9.752470177782668e-08
vdws = 15
atoms = 10
pairs = 41
 geom_x = 0.10716040754719677
 geom_a = 0
 geom_q = 0
 geom_c = 0.0
f1, 0= 1.0716e-01
                          N restraints  r.m.s.d.  r.m.s.Z  Mn(sigma)
Bond distances, non H                4     0.001    0.073      0.013
Bond distances, H                    6     0.000    0.000      0.016
Bond angles, non H                   5     0.267    0.154      2.100
Bond angles, H                      14     0.171    0.073      1.929
Torsion angles, period 3             1     0.012    0.001     10.000
Chiral centres                       1     0.000    0.004      0.089



====== CYCLE  7 ======

 weight = 1.0000e+00
 geom_x = 0.10716040754719677
 geom_a = 0
 geom_q = 0
 geom_c = 0.0
f0= 1.0716e-01
using cgsolve in c++, ic=False
diag(geom) min= 1186.432617 max= 17466.198354
diag(all) min= 1186.432617 max= 17466.198354
Trying gamma equal 0.138600
Convergence reached after 13 iterations with no gamma cycles
min(dx) = -7.5437584327490936e-06
max(dx) = 6.894828172834828e-06
mean(dx)= 3.075876924112361e-08
vdws = 15
atoms = 10
pairs = 41
 geom_x = 0.10716029060872437
 geom_a = 0
 geom_q = 0
 geom_c = 0.0
f1, 0= 1.0716e-01
                          N restraints  r.m.s.d.  r.m.s.Z  Mn(sigma)
Bond distances, non H                4     0.001    0.073      0.013
Bond distances, H                    6     0.000    0.000      0.016
Bond angles, non H                   5     0.267    0.154      2.100
Bond angles, H                      14     0.171    0.073      1.929
Torsion angles, period 3             1     0.011    0.001     10.000
Chiral centres                       1     0.000    0.004      0.089



====== CYCLE  8 ======

 weight = 1.0000e+00
 geom_x = 0.10716029060872437
 geom_a = 0
 geom_q = 0
 geom_c = 0.0
f0= 1.0716e-01
using cgsolve in c++, ic=False
diag(geom) min= 1186.434524 max= 17466.207315
diag(all) min= 1186.434524 max= 17466.207315
Trying gamma equal 0.138600
Convergence reached after 13 iterations with no gamma cycles
min(dx) = -7.27734713386406e-06
max(dx) = 6.380643774898313e-06
mean(dx)= -8.21478940665112e-09
vdws = 15
atoms = 10
pairs = 41
 geom_x = 0.10716019775290027
 geom_a = 0
 geom_q = 0
 geom_c = 0.0
f1, 0= 1.0716e-01
                          N restraints  r.m.s.d.  r.m.s.Z  Mn(sigma)
Bond distances, non H                4     0.001    0.073      0.013
Bond distances, H                    6     0.000    0.000      0.016
Bond angles, non H                   5     0.267    0.154      2.100
Bond angles, H                      14     0.171    0.073      1.929
Torsion angles, period 3             1     0.011    0.001     10.000
Chiral centres                       1     0.000    0.004      0.089



====== CYCLE  9 ======

 weight = 1.0000e+00
 geom_x = 0.10716019775290027
 geom_a = 0
 geom_q = 0
 geom_c = 0.0
f0= 1.0716e-01
using cgsolve in c++, ic=False
diag(geom) min= 1186.436049 max= 17466.213268
diag(all) min= 1186.436049 max= 17466.213268
Trying gamma equal 0.138600
Convergence reached after 13 iterations with no gamma cycles
min(dx) = -6.9886241498101435e-06
max(dx) = 5.990589449481682e-06
mean(dx)= -2.9673312073865148e-08
vdws = 15
atoms = 10
pairs = 41
 geom_x = 0.10716012037656845
 geom_a = 0
 geom_q = 0
 geom_c = 0.0
f1, 0= 1.0716e-01
                          N restraints  r.m.s.d.  r.m.s.Z  Mn(sigma)
Bond distances, non H                4     0.001    0.073      0.013
Bond distances, H                    6     0.000    0.000      0.016
Bond angles, non H                   5     0.267    0.154      2.100
Bond angles, H                      14     0.171    0.073      1.929
Torsion angles, period 3             1     0.011    0.001     10.000
Chiral centres                       1     0.000    0.004      0.089



====== CYCLE 10 ======

 weight = 1.0000e+00
 geom_x = 0.10716012037656845
 geom_a = 0
 geom_q = 0
 geom_c = 0.0
f0= 1.0716e-01
using cgsolve in c++, ic=False
diag(geom) min= 1186.437332 max= 17466.217367
diag(all) min= 1186.437332 max= 17466.217367
Trying gamma equal 0.138600
Convergence reached after 13 iterations with no gamma cycles
min(dx) = -6.69095070096296e-06
max(dx) = 5.677647721166836e-06
mean(dx)= -4.026610932672891e-08
vdws = 15
atoms = 10
pairs = 41
 geom_x = 0.1071600538593091
 geom_a = 0
 geom_q = 0
 geom_c = 0.0
f1, 0= 1.0716e-01
                          N restraints  r.m.s.d.  r.m.s.Z  Mn(sigma)
Bond distances, non H                4     0.001    0.073      0.013
Bond distances, H                    6     0.000    0.000      0.016
Bond angles, non H                   5     0.267    0.154      2.100
Bond angles, H                      14     0.171    0.073      1.929
Torsion angles, period 3             1     0.010    0.001     10.000
Chiral centres                       1     0.000    0.004      0.089



====== CYCLE 11 ======

 weight = 1.0000e+00
 geom_x = 0.1071600538593091
 geom_a = 0
 geom_q = 0
 geom_c = 0.0
f0= 1.0716e-01
using cgsolve in c++, ic=False
diag(geom) min= 1186.438450 max= 17466.220326
diag(all) min= 1186.438450 max= 17466.220326
Trying gamma equal 0.138600
Convergence reached after 12 iterations with no gamma cycles
min(dx) = -6.393851421568033e-06
max(dx) = 5.413918175857891e-06
mean(dx)= -4.426696059160612e-08
vdws = 15
atoms = 10
pairs = 41
 geom_x = 0.10715999552317468
 geom_a = 0
 geom_q = 0
 geom_c = 0.0
f1, 0= 1.0716e-01
                          N restraints  r.m.s.d.  r.m.s.Z  Mn(sigma)
Bond distances, non H                4     0.001    0.073      0.013
Bond distances, H                    6     0.000    0.000      0.016
Bond angles, non H                   5     0.267    0.154      2.100
Bond angles, H                      14     0.171    0.073      1.929
Torsion angles, period 3             1     0.010    0.001     10.000
Chiral centres                       1     0.000    0.004      0.089



====== CYCLE 12 ======

 weight = 1.0000e+00
 geom_x = 0.10715999552317468
 geom_a = 0
 geom_q = 0
 geom_c = 0.0
f0= 1.0716e-01
using cgsolve in c++, ic=False
diag(geom) min= 1186.439452 max= 17466.222592
diag(all) min= 1186.439452 max= 17466.222592
Trying gamma equal 0.138600
Convergence reached after 12 iterations with no gamma cycles
min(dx) = -6.103443948172516e-06
max(dx) = 5.182096011029395e-06
mean(dx)= -4.4390989352907685e-08
vdws = 15
atoms = 10
pairs = 41
 geom_x = 0.10715994368876272
 geom_a = 0
 geom_q = 0
 geom_c = 0.0
f1, 0= 1.0716e-01
                          N restraints  r.m.s.d.  r.m.s.Z  Mn(sigma)
Bond distances, non H                4     0.001    0.073      0.013
Bond distances, H                    6     0.000    0.000      0.016
Bond angles, non H                   5     0.267    0.154      2.100
Bond angles, H                      14     0.171    0.073      1.929
Torsion angles, period 3             1     0.009    0.001     10.000
Chiral centres                       1     0.000    0.004      0.089



====== CYCLE 13 ======

 weight = 1.0000e+00
 geom_x = 0.10715994368876272
 geom_a = 0
 geom_q = 0
 geom_c = 0.0
f0= 1.0716e-01
using cgsolve in c++, ic=False
diag(geom) min= 1186.440367 max= 17466.224440
diag(all) min= 1186.440367 max= 17466.224440
Trying gamma equal 0.138600
Convergence reached after 12 iterations with no gamma cycles
min(dx) = -5.823206119847523e-06
max(dx) = 4.9717952759027485e-06
mean(dx)= -4.236485627044983e-08
vdws = 15
atoms = 10
pairs = 41
 geom_x = 0.10715989722273868
 geom_a = 0
 geom_q = 0
 geom_c = 0.0
f1, 0= 1.0716e-01
                          N restraints  r.m.s.d.  r.m.s.Z  Mn(sigma)
Bond distances, non H                4     0.001    0.073      0.013
Bond distances, H                    6     0.000    0.000      0.016
Bond angles, non H                   5     0.267    0.154      2.100
Bond angles, H                      14     0.171    0.073      1.929
Torsion angles, period 3             1     0.009    0.001     10.000
Chiral centres                       1     0.000    0.004      0.089



====== CYCLE 14 ======

 weight = 1.0000e+00
 geom_x = 0.10715989722273868
 geom_a = 0
 geom_q = 0
 geom_c = 0.0
f0= 1.0716e-01
using cgsolve in c++, ic=False
diag(geom) min= 1186.441214 max= 17466.226045
diag(all) min= 1186.441214 max= 17466.226045
Trying gamma equal 0.138600
Convergence reached after 12 iterations with no gamma cycles
min(dx) = -5.555013099687311e-06
max(dx) = 4.776376904319324e-06
mean(dx)= -3.9250881694961314e-08
vdws = 15
atoms = 10
pairs = 41
 geom_x = 0.1071598553110486
 geom_a = 0
 geom_q = 0
 geom_c = 0.0
f1, 0= 1.0716e-01
                          N restraints  r.m.s.d.  r.m.s.Z  Mn(sigma)
Bond distances, non H                4     0.001    0.073      0.013
Bond distances, H                    6     0.000    0.000      0.016
Bond angles, non H                   5     0.267    0.154      2.100
Bond angles, H                      14     0.171    0.073      1.929
Torsion angles, period 3             1     0.009    0.001     10.000
Chiral centres                       1     0.000    0.004      0.089



====== CYCLE 15 ======

 weight = 1.0000e+00
 geom_x = 0.1071598553110486
 geom_a = 0
 geom_q = 0
 geom_c = 0.0
f0= 1.0716e-01
using cgsolve in c++, ic=False
diag(geom) min= 1186.442007 max= 17466.227509
diag(all) min= 1186.442007 max= 17466.227509
Trying gamma equal 0.138600
Convergence reached after 12 iterations with no gamma cycles
min(dx) = -5.299597610323038e-06
max(dx) = 4.591766985577304e-06
mean(dx)= -3.5697237936031974e-08
vdws = 15
atoms = 10
pairs = 41
 geom_x = 0.10715981733892511
 geom_a = 0
 geom_q = 0
 geom_c = 0.0
f1, 0= 1.0716e-01
                          N restraints  r.m.s.d.  r.m.s.Z  Mn(sigma)
Bond distances, non H                4     0.001    0.073      0.013
Bond distances, H                    6     0.000    0.000      0.016
Bond angles, non H                   5     0.267    0.154      2.100
Bond angles, H                      14     0.171    0.073      1.929
Torsion angles, period 3             1     0.008    0.001     10.000
Chiral centres                       1     0.000    0.004      0.089



====== CYCLE 16 ======

 weight = 1.0000e+00
 geom_x = 0.10715981733892511
 geom_a = 0
 geom_q = 0
 geom_c = 0.0
f0= 1.0716e-01
using cgsolve in c++, ic=False
diag(geom) min= 1186.442754 max= 17466.228894
diag(all) min= 1186.442754 max= 17466.228894
Trying gamma equal 0.138600
Convergence reached after 12 iterations with no gamma cycles
min(dx) = -5.057023577994385e-06
max(dx) = 4.415478630307923e-06
mean(dx)= -3.2086140880090345e-08
vdws = 15
atoms = 10
pairs = 41
 geom_x = 0.10715978282347145
 geom_a = 0
 geom_q = 0
 geom_c = 0.0
f1, 0= 1.0716e-01
                          N restraints  r.m.s.d.  r.m.s.Z  Mn(sigma)
Bond distances, non H                4     0.001    0.073      0.013
Bond distances, H                    6     0.000    0.000      0.016
Bond angles, non H                   5     0.267    0.154      2.100
Bond angles, H                      14     0.171    0.073      1.929
Torsion angles, period 3             1     0.008    0.001     10.000
Chiral centres                       1     0.000    0.004      0.089



====== CYCLE 17 ======

 weight = 1.0000e+00
 geom_x = 0.10715978282347145
 geom_a = 0
 geom_q = 0
 geom_c = 0.0
f0= 1.0716e-01
using cgsolve in c++, ic=False
diag(geom) min= 1186.443462 max= 17466.230236
diag(all) min= 1186.443462 max= 17466.230236
Trying gamma equal 0.138600
Convergence reached after 11 iterations with no gamma cycles
min(dx) = -4.8270023823106155e-06
max(dx) = 4.2459988672154165e-06
mean(dx)= -2.863443982160509e-08
vdws = 15
atoms = 10
pairs = 41
 geom_x = 0.1071597513734478
 geom_a = 0
 geom_q = 0
 geom_c = 0.0
f1, 0= 1.0716e-01
                          N restraints  r.m.s.d.  r.m.s.Z  Mn(sigma)
Bond distances, non H                4     0.001    0.073      0.013
Bond distances, H                    6     0.000    0.000      0.016
Bond angles, non H                   5     0.267    0.154      2.100
Bond angles, H                      14     0.171    0.073      1.929
Torsion angles, period 3             1     0.008    0.001     10.000
Chiral centres                       1     0.000    0.004      0.089



====== CYCLE 18 ======

 weight = 1.0000e+00
 geom_x = 0.1071597513734478
 geom_a = 0
 geom_q = 0
 geom_c = 0.0
f0= 1.0716e-01
using cgsolve in c++, ic=False
diag(geom) min= 1186.444135 max= 17466.231552
diag(all) min= 1186.444135 max= 17466.231552
Trying gamma equal 0.138600
Convergence reached after 11 iterations with no gamma cycles
min(dx) = -4.608886611119891e-06
max(dx) = 4.08248316253802e-06
mean(dx)= -2.5443789522021282e-08
vdws = 15
atoms = 10
pairs = 41
 geom_x = 0.10715972266396182
 geom_a = 0
 geom_q = 0
 geom_c = 0.0
f1, 0= 1.0716e-01
                          N restraints  r.m.s.d.  r.m.s.Z  Mn(sigma)
Bond distances, non H                4     0.001    0.073      0.013
Bond distances, H                    6     0.000    0.000      0.016
Bond angles, non H                   5     0.267    0.154      2.100
Bond angles, H                      14     0.171    0.073      1.929
Torsion angles, period 3             1     0.007    0.001     10.000
Chiral centres                       1     0.000    0.004      0.089



====== CYCLE 19 ======

 weight = 1.0000e+00
 geom_x = 0.10715972266396182
 geom_a = 0
 geom_q = 0
 geom_c = 0.0
f0= 1.0716e-01
using cgsolve in c++, ic=False
diag(geom) min= 1186.444777 max= 17466.232852
diag(all) min= 1186.444777 max= 17466.232852
Trying gamma equal 0.138600
Convergence reached after 11 iterations with no gamma cycles
min(dx) = -4.402126230832578e-06
max(dx) = 3.92438177210033e-06
mean(dx)= -2.2567582168694337e-08
vdws = 15
atoms = 10
pairs = 41
 geom_x = 0.10715969641975483
 geom_a = 0
 geom_q = 0
 geom_c = 0.0
f1, 0= 1.0716e-01
                          N restraints  r.m.s.d.  r.m.s.Z  Mn(sigma)
Bond distances, non H                4     0.001    0.073      0.013
Bond distances, H                    6     0.000    0.000      0.016
Bond angles, non H                   5     0.267    0.154      2.100
Bond angles, H                      14     0.171    0.073      1.929
Torsion angles, period 3             1     0.007    0.001     10.000
Chiral centres                       1     0.000    0.004      0.089



====== CYCLE 20 ======

 weight = 1.0000e+00
 geom_x = 0.10715969641975483
 geom_a = 0
 geom_q = 0
 geom_c = 0.0
f0= 1.0716e-01
using cgsolve in c++, ic=False
diag(geom) min= 1186.445390 max= 17466.234137
diag(all) min= 1186.445390 max= 17466.234137
Trying gamma equal 0.138600
Convergence reached after 11 iterations with no gamma cycles
min(dx) = -4.2060296816006e-06
max(dx) = 3.7714085558530247e-06
mean(dx)= -2.001199218228864e-08
vdws = 15
atoms = 10
pairs = 41
 geom_x = 0.10715967240379597
 geom_a = 0
 geom_q = 0
 geom_c = 0.0
f1, 0= 1.0716e-01
                          N restraints  r.m.s.d.  r.m.s.Z  Mn(sigma)
Bond distances, non H                4     0.001    0.073      0.013
Bond distances, H                    6     0.000    0.000      0.016
Bond angles, non H                   5     0.267    0.154      2.100
Bond angles, H                      14     0.171    0.073      1.929
Torsion angles, period 3             1     0.007    0.001     10.000
Chiral centres                       1     0.000    0.004      0.089



====== CYCLE 21 ======

 weight = 1.0000e+00
 geom_x = 0.10715967240379597
 geom_a = 0
 geom_q = 0
 geom_c = 0.0
f0= 1.0716e-01
using cgsolve in c++, ic=False
diag(geom) min= 1186.445975 max= 17466.235408
diag(all) min= 1186.445975 max= 17466.235408
Trying gamma equal 0.138600
Convergence reached after 11 iterations with no gamma cycles
min(dx) = -4.019920607538789e-06
max(dx) = 3.623396571934242e-06
mean(dx)= -1.7763935378084517e-08
vdws = 15
atoms = 10
pairs = 41
 geom_x = 0.10715965040924921
 geom_a = 0
 geom_q = 0
 geom_c = 0.0
f1, 0= 1.0716e-01
                          N restraints  r.m.s.d.  r.m.s.Z  Mn(sigma)
Bond distances, non H                4     0.001    0.073      0.013
Bond distances, H                    6     0.000    0.000      0.016
Bond angles, non H                   5     0.267    0.154      2.100
Bond angles, H                      14     0.171    0.073      1.929
Torsion angles, period 3             1     0.007    0.001     10.000
Chiral centres                       1     0.000    0.004      0.089



====== CYCLE 22 ======

 weight = 1.0000e+00
 geom_x = 0.10715965040924921
 geom_a = 0
 geom_q = 0
 geom_c = 0.0
f0= 1.0716e-01
using cgsolve in c++, ic=False
diag(geom) min= 1186.446536 max= 17466.236661
diag(all) min= 1186.446536 max= 17466.236661
Trying gamma equal 0.138600
Convergence reached after 11 iterations with no gamma cycles
min(dx) = -3.843156844100703e-06
max(dx) = 3.480243781925968e-06
mean(dx)= -1.5799684308595657e-08
vdws = 15
atoms = 10
pairs = 41
 geom_x = 0.10715963025364607
 geom_a = 0
 geom_q = 0
 geom_c = 0.0
f1, 0= 1.0716e-01
                          N restraints  r.m.s.d.  r.m.s.Z  Mn(sigma)
Bond distances, non H                4     0.001    0.073      0.013
Bond distances, H                    6     0.000    0.000      0.016
Bond angles, non H                   5     0.267    0.154      2.100
Bond angles, H                      14     0.171    0.073      1.929
Torsion angles, period 3             1     0.006    0.001     10.000
Chiral centres                       1     0.000    0.004      0.089



====== CYCLE 23 ======

 weight = 1.0000e+00
 geom_x = 0.10715963025364607
 geom_a = 0
 geom_q = 0
 geom_c = 0.0
f0= 1.0716e-01
using cgsolve in c++, ic=False
diag(geom) min= 1186.447073 max= 17466.237895
diag(all) min= 1186.447073 max= 17466.237895
Trying gamma equal 0.138600
Convergence reached after 11 iterations with no gamma cycles
min(dx) = -3.6751363599072155e-06
max(dx) = 3.341879372136735e-06
mean(dx)= -1.4090704126973802e-08
vdws = 15
atoms = 10
pairs = 41
 geom_x = 0.10715961177464528
 geom_a = 0
 geom_q = 0
 geom_c = 0.0
f1, 0= 1.0716e-01
                          N restraints  r.m.s.d.  r.m.s.Z  Mn(sigma)
Bond distances, non H                4     0.001    0.073      0.013
Bond distances, H                    6     0.000    0.000      0.016
Bond angles, non H                   5     0.267    0.154      2.100
Bond angles, H                      14     0.171    0.073      1.929
Torsion angles, period 3             1     0.006    0.001     10.000
Chiral centres                       1     0.000    0.004      0.089



====== CYCLE 24 ======

 weight = 1.0000e+00
 geom_x = 0.10715961177464528
 geom_a = 0
 geom_q = 0
 geom_c = 0.0
f0= 1.0716e-01
using cgsolve in c++, ic=False
diag(geom) min= 1186.447587 max= 17466.239106
diag(all) min= 1186.447587 max= 17466.239106
Trying gamma equal 0.138600
Convergence reached after 11 iterations with no gamma cycles
min(dx) = -3.5153010794497057e-06
max(dx) = 3.208243217632096e-06
mean(dx)= -1.2607369718592711e-08
vdws = 15
atoms = 10
pairs = 41
 geom_x = 0.1071595948267674
 geom_a = 0
 geom_q = 0
 geom_c = 0.0
f1, 0= 1.0716e-01
                          N restraints  r.m.s.d.  r.m.s.Z  Mn(sigma)
Bond distances, non H                4     0.001    0.073      0.013
Bond distances, H                    6     0.000    0.000      0.016
Bond angles, non H                   5     0.267    0.154      2.100
Bond angles, H                      14     0.171    0.073      1.929
Torsion angles, period 3             1     0.006    0.001     10.000
Chiral centres                       1     0.000    0.004      0.089



====== CYCLE 25 ======

 weight = 1.0000e+00
 geom_x = 0.1071595948267674
 geom_a = 0
 geom_q = 0
 geom_c = 0.0
f0= 1.0716e-01
using cgsolve in c++, ic=False
diag(geom) min= 1186.448079 max= 17466.240291
diag(all) min= 1186.448079 max= 17466.240291
Trying gamma equal 0.138600
Convergence reached after 11 iterations with no gamma cycles
min(dx) = -3.3631374547765214e-06
max(dx) = 3.0792741071938537e-06
mean(dx)= -1.1321126610288108e-08
vdws = 15
atoms = 10
pairs = 41
 geom_x = 0.10715957927896252
 geom_a = 0
 geom_q = 0
 geom_c = 0.0
f1, 0= 1.0716e-01
                          N restraints  r.m.s.d.  r.m.s.Z  Mn(sigma)
Bond distances, non H                4     0.001    0.073      0.013
Bond distances, H                    6     0.000    0.000      0.016
Bond angles, non H                   5     0.267    0.154      2.100
Bond angles, H                      14     0.171    0.073      1.929
Torsion angles, period 3             1     0.006    0.001     10.000
Chiral centres                       1     0.000    0.004      0.089



====== CYCLE 26 ======

 weight = 1.0000e+00
 geom_x = 0.10715957927896252
 geom_a = 0
 geom_q = 0
 geom_c = 0.0
f0= 1.0716e-01
using cgsolve in c++, ic=False
diag(geom) min= 1186.448551 max= 17466.241448
diag(all) min= 1186.448551 max= 17466.241448
Trying gamma equal 0.138600
Convergence reached after 11 iterations with no gamma cycles
min(dx) = -3.2181747555794387e-06
max(dx) = 2.954903653214621e-06
mean(dx)= -1.0205618065868597e-08
vdws = 15
atoms = 10
pairs = 41
 geom_x = 0.1071595650126416
 geom_a = 0
 geom_q = 0
 geom_c = 0.0
f1, 0= 1.0716e-01
                          N restraints  r.m.s.d.  r.m.s.Z  Mn(sigma)
Bond distances, non H                4     0.001    0.073      0.013
Bond distances, H                    6     0.000    0.000      0.016
Bond angles, non H                   5     0.267    0.154      2.100
Bond angles, H                      14     0.171    0.073      1.929
Torsion angles, period 3             1     0.005    0.001     10.000
Chiral centres                       1     0.000    0.004      0.089



====== CYCLE 27 ======

 weight = 1.0000e+00
 geom_x = 0.1071595650126416
 geom_a = 0
 geom_q = 0
 geom_c = 0.0
f0= 1.0716e-01
using cgsolve in c++, ic=False
diag(geom) min= 1186.449003 max= 17466.242575
diag(all) min= 1186.449003 max= 17466.242575
Trying gamma equal 0.138600
Convergence reached after 11 iterations with no gamma cycles
min(dx) = -3.0799821278587294e-06
max(dx) = 2.835053793078864e-06
mean(dx)= -9.237168607684236e-09
vdws = 15
atoms = 10
pairs = 41
 geom_x = 0.1071595519201348
 geom_a = 0
 geom_q = 0
 geom_c = 0.0
f1, 0= 1.0716e-01
                          N restraints  r.m.s.d.  r.m.s.Z  Mn(sigma)
Bond distances, non H                4     0.001    0.073      0.013
Bond distances, H                    6     0.000    0.000      0.016
Bond angles, non H                   5     0.267    0.154      2.100
Bond angles, H                      14     0.171    0.073      1.929
Torsion angles, period 3             1     0.005    0.001     10.000
Chiral centres                       1     0.000    0.004      0.089



====== CYCLE 28 ======

 weight = 1.0000e+00
 geom_x = 0.1071595519201348
 geom_a = 0
 geom_q = 0
 geom_c = 0.0
f0= 1.0716e-01
using cgsolve in c++, ic=False
diag(geom) min= 1186.449436 max= 17466.243671
diag(all) min= 1186.449436 max= 17466.243671
Trying gamma equal 0.138600
Convergence reached after 11 iterations with no gamma cycles
min(dx) = -2.948165141484916e-06
max(dx) = 2.719636396543268e-06
mean(dx)= -8.394892446917878e-09
vdws = 15
atoms = 10
pairs = 41
 geom_x = 0.10715953990343
 geom_a = 0
 geom_q = 0
 geom_c = 0.0
f1, 0= 1.0716e-01
                          N restraints  r.m.s.d.  r.m.s.Z  Mn(sigma)
Bond distances, non H                4     0.001    0.073      0.013
Bond distances, H                    6     0.000    0.000      0.016
Bond angles, non H                   5     0.267    0.154      2.100
Bond angles, H                      14     0.171    0.073      1.929
Torsion angles, period 3             1     0.005    0.000     10.000
Chiral centres                       1     0.000    0.004      0.089



====== CYCLE 29 ======

 weight = 1.0000e+00
 geom_x = 0.10715953990343
 geom_a = 0
 geom_q = 0
 geom_c = 0.0
f0= 1.0716e-01
using cgsolve in c++, ic=False
diag(geom) min= 1186.449851 max= 17466.244735
diag(all) min= 1186.449851 max= 17466.244735
Trying gamma equal 0.138600
Convergence reached after 11 iterations with no gamma cycles
min(dx) = -2.822362248147912e-06
max(dx) = 2.6085540153582937e-06
mean(dx)= -7.660594954038018e-09
vdws = 15
atoms = 10
pairs = 41
 geom_x = 0.10715952887313242
 geom_a = 0
 geom_q = 0
 geom_c = 0.0
f1, 0= 1.0716e-01
                          N restraints  r.m.s.d.  r.m.s.Z  Mn(sigma)
Bond distances, non H                4     0.001    0.073      0.013
Bond distances, H                    6     0.000    0.000      0.016
Bond angles, non H                   5     0.267    0.154      2.100
Bond angles, H                      14     0.171    0.073      1.929
Torsion angles, period 3             1     0.005    0.000     10.000
Chiral centres                       1     0.000    0.004      0.089



====== CYCLE 30 ======

 weight = 1.0000e+00
 geom_x = 0.10715952887313242
 geom_a = 0
 geom_q = 0
 geom_c = 0.0
f0= 1.0716e-01
using cgsolve in c++, ic=False
diag(geom) min= 1186.450249 max= 17466.245765
diag(all) min= 1186.450249 max= 17466.245765
Trying gamma equal 0.138600
Convergence reached after 11 iterations with no gamma cycles
min(dx) = -2.7022413724179547e-06
max(dx) = 2.501701191682717e-06
mean(dx)= -7.018567188436916e-09
vdws = 15
atoms = 10
pairs = 41
 geom_x = 0.10715951874757473
 geom_a = 0
 geom_q = 0
 geom_c = 0.0
f1, 0= 1.0716e-01
                          N restraints  r.m.s.d.  r.m.s.Z  Mn(sigma)
Bond distances, non H                4     0.001    0.073      0.013
Bond distances, H                    6     0.000    0.000      0.016
Bond angles, non H                   5     0.267    0.154      2.100
Bond angles, H                      14     0.171    0.073      1.929
Torsion angles, period 3             1     0.005    0.000     10.000
Chiral centres                       1     0.000    0.004      0.089


$TABLE: stats vs cycle :
$GRAPHS
: Geometry :A:1,2,4:
: Geometry Z :A:1,5,3:
$$
 Ncyc  rmsBOND  zBOND  rmsANGL  zANGL
$$
$$
    0   0.0008 0.0729   0.2650 0.1538
    1   0.0008 0.0729   0.2661 0.1540
    2   0.0008 0.0729   0.2665 0.1541
    3   0.0008 0.0729   0.2668 0.1541
    4   0.0008 0.0729   0.2670 0.1542
    5   0.0008 0.0729   0.2671 0.1542
    6   0.0008 0.0729   0.2671 0.1542
    7   0.0008 0.0729   0.2672 0.1542
    8   0.0008 0.0729   0.2672 0.1542
    9   0.0008 0.0729   0.2672 0.1542
   10   0.0008 0.0729   0.2672 0.1542
   11   0.0008 0.0729   0.2672 0.1542
   12   0.0008 0.0729   0.2672 0.1542
   13   0.0008 0.0729   0.2672 0.1542
   14   0.0008 0.0729   0.2673 0.1542
   15   0.0008 0.0729   0.2673 0.1542
   16   0.0008 0.0729   0.2673 0.1542
   17   0.0008 0.0729   0.2673 0.1542
   18   0.0008 0.0729   0.2673 0.1542
   19   0.0008 0.0729   0.2673 0.1542
   20   0.0008 0.0729   0.2673 0.1542
   21   0.0008 0.0729   0.2673 0.1542
   22   0.0008 0.0729   0.2673 0.1542
   23   0.0008 0.0729   0.2673 0.1542
   24   0.0008 0.0729   0.2673 0.1542
   25   0.0008 0.0729   0.2672 0.1542
   26   0.0008 0.0729   0.2672 0.1542
   27   0.0008 0.0729   0.2672 0.1542
   28   0.0008 0.0729   0.2672 0.1542
   29   0.0008 0.0729   0.2672 0.1542
   30   0.0008 0.0729   0.2672 0.1542
$$

Updated dictionary saved: EPX_MODEL_TMP/mol_1_conf_7_updated.cif
Refinement statistics saved: EPX_MODEL_TMP/mol_1_conf_7_stats.json

# Finished on 2026-06-14 11:41:18.435971

=========END OF PROCESS INFORMATION ==========
