
============ PROCESS INFORMATION =============
# Servalcat ver. 0.4.128 (Python 3.9.18)
# Library vers. gemmi 0.7.4, scipy 1.7.3, numpy 1.19.5, pandas 1.3.5
# Started on 2026-06-14 11:41:14.619332
# Host: Mac.lan User: hilgersmt
# Command-line:
# servalcat --logfile EPX_MODEL_TMP/servalcat.log refine_geom --update_dictionary EPX_MODEL_TMP/mol_1_conf_5_init.cif -o EPX_MODEL_TMP/mol_1_conf_5 --randomize 0.01
Config loaded
--
refine:
  atom_selection:
    xyz:
      include:
      - '*'
      exclude: []
      exclude_restraint: []
    adp:
      include: []
      exclude: []
      exclude_restraint: []
    occ:
      include: []
      exclude: []
      exclude_restraint: []
    dfrac:
      include: []
      exclude: []
      exclude_restraint: []
  occ_groups: []
  occ_group_constraints: []
  occ_group_const_mu: 10.0
  occ_group_const_mu_update_factor: 1.1
  occ_group_const_mu_update_tol_rel: 0.25
  occ_group_const_mu_update_tol_abs: 0.01
  initialisation:
    adp: {}
    occ: {}
    dfrac: {}
  write_trajectory: false
--
Reading monomers from /Applications/ccp4-9/lib/data/monomers/
Monomer not in the library: EPX.
Reading monomer: EPX_MODEL_TMP/mol_1_conf_5_init.cif
Monomer library loaded: 1 monomers, 109 links, 133 modifications
       loaded monomers: EPX

Checking if unknown atoms exist..
Creating restraints..

Chain info:
 chain 
  ligands: EPX (1 residues)

Number of refinement parameters:
       n_params  n_atoms  n_atoms_geom_only  n_atoms_data_only
xyz           4        4                  0                  0
adp           0        0                  0                  0
occ           0        0                  0                  0
dfrac         0        0                  0                  0

Randomizing structure with rmsd of 0.01
Torsion angle rules:
 include:
  {'group': 'peptide', 'tors_name': 'chi*'}
  {'link': '*', 'tors_name': 'omega'}
  {'residue': '*', 'tors_name': 'sp2_sp2*'}
  {'link': '*', 'tors_name': 'sp2_sp2*'}
 exclude:
  none
External restraints from Refmac instructions
 Number of distances          : 0
 Number of angles             : 0
 Number of torsions           : 0
 Number of chirals            : 0
 Number of planes             : 0
 Number of intervals          : 0
 Number of stackings          : 0
 Number of harmonics          : 0
 Number of special positions  : 0

Running 10 cycles with wchir=4 wvdw=2 without hydrogen
Geometry weights
vdws = 0
atoms = 4
pairs = 6
                       N restraints  r.m.s.d.  r.m.s.Z  Mn(sigma)
Bond distances, non H             4     0.033    2.283      0.013
Bond angles, non H                5     5.384    1.839      2.100
Chiral centres                    1     0.296    3.308      0.089


====== CYCLE  1 ======

 weight = 1.0000e+00
 geom_x = 106.40227714274785
 geom_a = 0
 geom_q = 0
 geom_c = 0.0
f0= 1.0640e+02
using cgsolve in c++, ic=False
diag(geom) min= 2249.391759 max= 16481.294334
diag(all) min= 2249.391759 max= 16481.294334
Trying gamma equal 0.000000
Convergence reached after 6 iterations with no gamma cycles
min(dx) = -0.09778539464189505
max(dx) = 0.09120221358384703
mean(dx)= 0.009642678732740842
vdws = 0
atoms = 4
pairs = 6
 geom_x = 0.8266428671350201
 geom_a = 0
 geom_q = 0
 geom_c = 0.0
f1, 0= 8.2664e-01
                       N restraints  r.m.s.d.  r.m.s.Z  Mn(sigma)
Bond distances, non H             4     0.004    0.267      0.013
Bond angles, non H                5     0.757    0.269      2.100
Chiral centres                    1     0.022    0.251      0.089



====== CYCLE  2 ======

 weight = 1.0000e+00
 geom_x = 0.8266428671350201
 geom_a = 0
 geom_q = 0
 geom_c = 0.0
f0= 8.2664e-01
using cgsolve in c++, ic=False
diag(geom) min= 2282.553163 max= 17127.675678
diag(all) min= 2282.553163 max= 17127.675678
Trying gamma equal 0.000000
Not converging with gamma equal 0.000000
Trying gamma equal 0.052500
Gamma decreased to 0.042000
min(dx) = -0.007552152525213878
max(dx) = 0.01660341836076007
mean(dx)= 0.00016715778126876946
vdws = 0
atoms = 4
pairs = 6
 geom_x = 0.07677714296987202
 geom_a = 0
 geom_q = 0
 geom_c = 0.0
f1, 0= 7.6777e-02
                       N restraints  r.m.s.d.  r.m.s.Z  Mn(sigma)
Bond distances, non H             4     0.001    0.084      0.013
Bond angles, non H                5     0.297    0.158      2.100
Chiral centres                    1     0.001    0.006      0.089



====== CYCLE  3 ======

 weight = 1.0000e+00
 geom_x = 0.07677714296987202
 geom_a = 0
 geom_q = 0
 geom_c = 0.0
f0= 7.6777e-02
using cgsolve in c++, ic=False
diag(geom) min= 2276.368475 max= 16929.432485
diag(all) min= 2276.368475 max= 16929.432485
Trying gamma equal 0.042000
Convergence reached after 6 iterations with no gamma cycles
min(dx) = -0.0016473345767673128
max(dx) = 0.002182458566685212
mean(dx)= 0.0001543518552537097
vdws = 0
atoms = 4
pairs = 6
 geom_x = 0.06877902089264597
 geom_a = 0
 geom_q = 0
 geom_c = 0.0
f1, 0= 6.8779e-02
                       N restraints  r.m.s.d.  r.m.s.Z  Mn(sigma)
Bond distances, non H             4     0.001    0.077      0.013
Bond angles, non H                5     0.253    0.151      2.100
Chiral centres                    1     0.000    0.005      0.089



====== CYCLE  4 ======

 weight = 1.0000e+00
 geom_x = 0.06877902089264597
 geom_a = 0
 geom_q = 0
 geom_c = 0.0
f0= 6.8779e-02
using cgsolve in c++, ic=False
diag(geom) min= 2276.042729 max= 16902.186720
diag(all) min= 2276.042729 max= 16902.186720
Trying gamma equal 0.042000
Convergence reached after 6 iterations with no gamma cycles
min(dx) = -0.0005370897620454024
max(dx) = 0.0008001047627443161
mean(dx)= 4.760260761717305e-05
vdws = 0
atoms = 4
pairs = 6
 geom_x = 0.06826030597008498
 geom_a = 0
 geom_q = 0
 geom_c = 0.0
f1, 0= 6.8260e-02
                       N restraints  r.m.s.d.  r.m.s.Z  Mn(sigma)
Bond distances, non H             4     0.001    0.077      0.013
Bond angles, non H                5     0.247    0.150      2.100
Chiral centres                    1     0.001    0.006      0.089



====== CYCLE  5 ======

 weight = 1.0000e+00
 geom_x = 0.06826030597008498
 geom_a = 0
 geom_q = 0
 geom_c = 0.0
f0= 6.8260e-02
using cgsolve in c++, ic=False
diag(geom) min= 2276.230342 max= 16899.971868
diag(all) min= 2276.230342 max= 16899.971868
Trying gamma equal 0.042000
Convergence reached after 6 iterations with no gamma cycles
min(dx) = -0.0001994834168579384
max(dx) = 0.0003210772714730227
mean(dx)= 1.7044326357312012e-05
vdws = 0
atoms = 4
pairs = 6
 geom_x = 0.06818840594860463
 geom_a = 0
 geom_q = 0
 geom_c = 0.0
f1, 0= 6.8188e-02
                       N restraints  r.m.s.d.  r.m.s.Z  Mn(sigma)
Bond distances, non H             4     0.001    0.077      0.013
Bond angles, non H                5     0.246    0.150      2.100
Chiral centres                    1     0.001    0.006      0.089



====== CYCLE  6 ======

 weight = 1.0000e+00
 geom_x = 0.06818840594860463
 geom_a = 0
 geom_q = 0
 geom_c = 0.0
f0= 6.8188e-02
using cgsolve in c++, ic=False
diag(geom) min= 2276.329913 max= 16899.854714
diag(all) min= 2276.329913 max= 16899.854714
Trying gamma equal 0.042000
Convergence reached after 6 iterations with no gamma cycles
min(dx) = -7.616246401390658e-05
max(dx) = 0.0001246713243559796
mean(dx)= 6.445103274900483e-06
vdws = 0
atoms = 4
pairs = 6
 geom_x = 0.06817779894299743
 geom_a = 0
 geom_q = 0
 geom_c = 0.0
f1, 0= 6.8178e-02
                       N restraints  r.m.s.d.  r.m.s.Z  Mn(sigma)
Bond distances, non H             4     0.001    0.077      0.013
Bond angles, non H                5     0.246    0.150      2.100
Chiral centres                    1     0.001    0.006      0.089



====== CYCLE  7 ======

 weight = 1.0000e+00
 geom_x = 0.06817779894299743
 geom_a = 0
 geom_q = 0
 geom_c = 0.0
f0= 6.8178e-02
using cgsolve in c++, ic=False
diag(geom) min= 2276.370543 max= 16899.873313
diag(all) min= 2276.370543 max= 16899.873313
Trying gamma equal 0.042000
Convergence reached after 6 iterations with no gamma cycles
min(dx) = -2.9256714443558658e-05
max(dx) = 4.8074971240964506e-05
mean(dx)= 2.4703034747240433e-06
vdws = 0
atoms = 4
pairs = 6
 geom_x = 0.06817622856153957
 geom_a = 0
 geom_q = 0
 geom_c = 0.0
f1, 0= 6.8176e-02
                       N restraints  r.m.s.d.  r.m.s.Z  Mn(sigma)
Bond distances, non H             4     0.001    0.077      0.013
Bond angles, non H                5     0.246    0.150      2.100
Chiral centres                    1     0.001    0.006      0.089



====== CYCLE  8 ======

 weight = 1.0000e+00
 geom_x = 0.06817622856153957
 geom_a = 0
 geom_q = 0
 geom_c = 0.0
f0= 6.8176e-02
using cgsolve in c++, ic=False
diag(geom) min= 2276.386373 max= 16899.886047
diag(all) min= 2276.386373 max= 16899.886047
Trying gamma equal 0.042000
Convergence reached after 5 iterations with no gamma cycles
min(dx) = -1.1254264326264497e-05
max(dx) = 1.850989401430257e-05
mean(dx)= 9.497761818967082e-07
vdws = 0
atoms = 4
pairs = 6
 geom_x = 0.06817599599835515
 geom_a = 0
 geom_q = 0
 geom_c = 0.0
f1, 0= 6.8176e-02
                       N restraints  r.m.s.d.  r.m.s.Z  Mn(sigma)
Bond distances, non H             4     0.001    0.077      0.013
Bond angles, non H                5     0.246    0.150      2.100
Chiral centres                    1     0.001    0.006      0.089



====== CYCLE  9 ======

 weight = 1.0000e+00
 geom_x = 0.06817599599835515
 geom_a = 0
 geom_q = 0
 geom_c = 0.0
f0= 6.8176e-02
using cgsolve in c++, ic=False
diag(geom) min= 2276.392482 max= 16899.891449
diag(all) min= 2276.392482 max= 16899.891449
Trying gamma equal 0.042000
Convergence reached after 5 iterations with no gamma cycles
min(dx) = -4.3306323541822204e-06
max(dx) = 7.124221776783385e-06
mean(dx)= 3.6543615402596727e-07
vdws = 0
atoms = 4
pairs = 6
 geom_x = 0.06817596155552416
 geom_a = 0
 geom_q = 0
 geom_c = 0.0
f1, 0= 6.8176e-02
                       N restraints  r.m.s.d.  r.m.s.Z  Mn(sigma)
Bond distances, non H             4     0.001    0.077      0.013
Bond angles, non H                5     0.246    0.150      2.100
Chiral centres                    1     0.001    0.006      0.089



====== CYCLE 10 ======

 weight = 1.0000e+00
 geom_x = 0.06817596155552416
 geom_a = 0
 geom_q = 0
 geom_c = 0.0
f0= 6.8176e-02
using cgsolve in c++, ic=False
diag(geom) min= 2276.394834 max= 16899.893574
diag(all) min= 2276.394834 max= 16899.893574
Trying gamma equal 0.042000
Convergence reached after 5 iterations with no gamma cycles
min(dx) = -1.666567195542109e-06
max(dx) = 2.7417875491203733e-06
mean(dx)= 1.4062675225160262e-07
vdws = 0
atoms = 4
pairs = 6
 geom_x = 0.06817595645442238
 geom_a = 0
 geom_q = 0
 geom_c = 0.0
f1, 0= 6.8176e-02
                       N restraints  r.m.s.d.  r.m.s.Z  Mn(sigma)
Bond distances, non H             4     0.001    0.077      0.013
Bond angles, non H                5     0.246    0.150      2.100
Chiral centres                    1     0.001    0.006      0.089


$TABLE: stats vs cycle :
$GRAPHS
: Geometry :A:1,4,2:
: Geometry Z :A:1,3,5:
$$
 Ncyc  rmsBOND  zBOND  rmsANGL  zANGL
$$
$$
    0   0.0333 2.2827   5.3842 1.8392
    1   0.0039 0.2667   0.7570 0.2686
    2   0.0009 0.0845   0.2970 0.1578
    3   0.0008 0.0767   0.2530 0.1508
    4   0.0009 0.0770   0.2472 0.1498
    5   0.0009 0.0770   0.2463 0.1497
    6   0.0009 0.0770   0.2461 0.1497
    7   0.0009 0.0770   0.2461 0.1497
    8   0.0009 0.0770   0.2461 0.1497
    9   0.0009 0.0770   0.2460 0.1497
   10   0.0009 0.0770   0.2460 0.1497
$$

Running 30 cycles with wchir=1 wvdw=2 without hydrogen
Geometry weights
vdws = 0
atoms = 4
pairs = 6
                       N restraints  r.m.s.d.  r.m.s.Z  Mn(sigma)
Bond distances, non H             4     0.001    0.077      0.013
Bond angles, non H                5     0.246    0.150      2.100
Chiral centres                    1     0.001    0.006      0.089


====== CYCLE  1 ======

 weight = 1.0000e+00
 geom_x = 0.06789333253466717
 geom_a = 0
 geom_q = 0
 geom_c = 0.0
f0= 6.7893e-02
using cgsolve in c++, ic=False
diag(geom) min= 547.067680 max= 15776.261606
diag(all) min= 547.067680 max= 15776.261606
Trying gamma equal 0.042000
Convergence reached after 6 iterations with no gamma cycles
min(dx) = -0.001099228638392907
max(dx) = 0.0008411477435499668
mean(dx)= -5.362351754381781e-05
vdws = 0
atoms = 4
pairs = 6
 geom_x = 0.06587084751185839
 geom_a = 0
 geom_q = 0
 geom_c = 0.0
f1, 0= 6.5871e-02
                       N restraints  r.m.s.d.  r.m.s.Z  Mn(sigma)
Bond distances, non H             4     0.001    0.076      0.013
Bond angles, non H                5     0.226    0.146      2.100
Chiral centres                    1     0.004    0.048      0.089



====== CYCLE  2 ======

 weight = 1.0000e+00
 geom_x = 0.06587084751185839
 geom_a = 0
 geom_q = 0
 geom_c = 0.0
f0= 6.5871e-02
using cgsolve in c++, ic=False
diag(geom) min= 547.665082 max= 15769.518094
diag(all) min= 547.665082 max= 15769.518094
Trying gamma equal 0.042000
Convergence reached after 6 iterations with no gamma cycles
min(dx) = -0.00010711048269372609
max(dx) = 0.00010213442643102728
mean(dx)= 3.7448498802762117e-06
vdws = 0
atoms = 4
pairs = 6
 geom_x = 0.06586117542483588
 geom_a = 0
 geom_q = 0
 geom_c = 0.0
f1, 0= 6.5861e-02
                       N restraints  r.m.s.d.  r.m.s.Z  Mn(sigma)
Bond distances, non H             4     0.001    0.076      0.013
Bond angles, non H                5     0.225    0.146      2.100
Chiral centres                    1     0.004    0.050      0.089



====== CYCLE  3 ======

 weight = 1.0000e+00
 geom_x = 0.06586117542483588
 geom_a = 0
 geom_q = 0
 geom_c = 0.0
f0= 6.5861e-02
using cgsolve in c++, ic=False
diag(geom) min= 547.629261 max= 15769.014393
diag(all) min= 547.629261 max= 15769.014393
Trying gamma equal 0.042000
Convergence reached after 6 iterations with no gamma cycles
min(dx) = -1.6235505508838873e-05
max(dx) = 1.4167922205990871e-05
mean(dx)= 7.984811535582918e-07
vdws = 0
atoms = 4
pairs = 6
 geom_x = 0.0658610306254541
 geom_a = 0
 geom_q = 0
 geom_c = 0.0
f1, 0= 6.5861e-02
                       N restraints  r.m.s.d.  r.m.s.Z  Mn(sigma)
Bond distances, non H             4     0.001    0.076      0.013
Bond angles, non H                5     0.225    0.146      2.100
Chiral centres                    1     0.004    0.050      0.089



====== CYCLE  4 ======

 weight = 1.0000e+00
 geom_x = 0.0658610306254541
 geom_a = 0
 geom_q = 0
 geom_c = 0.0
f0= 6.5861e-02
using cgsolve in c++, ic=False
diag(geom) min= 547.614916 max= 15768.963672
diag(all) min= 547.614916 max= 15768.963672
Trying gamma equal 0.042000
Convergence reached after 6 iterations with no gamma cycles
min(dx) = -2.6263768427096887e-06
max(dx) = 2.87888391767553e-06
mean(dx)= 1.3766674634717958e-07
vdws = 0
atoms = 4
pairs = 6
 geom_x = 0.06586102751644418
 geom_a = 0
 geom_q = 0
 geom_c = 0.0
f1, 0= 6.5861e-02
                       N restraints  r.m.s.d.  r.m.s.Z  Mn(sigma)
Bond distances, non H             4     0.001    0.076      0.013
Bond angles, non H                5     0.225    0.146      2.100
Chiral centres                    1     0.004    0.050      0.089



====== CYCLE  5 ======

 weight = 1.0000e+00
 geom_x = 0.06586102751644418
 geom_a = 0
 geom_q = 0
 geom_c = 0.0
f0= 6.5861e-02
using cgsolve in c++, ic=False
diag(geom) min= 547.611826 max= 15768.957911
diag(all) min= 547.611826 max= 15768.957911
Trying gamma equal 0.042000
Convergence reached after 6 iterations with no gamma cycles
min(dx) = -4.32053530554555e-07
max(dx) = 5.251933484829847e-07
mean(dx)= 2.3246137443976395e-08
vdws = 0
atoms = 4
pairs = 6
 geom_x = 0.06586102743680444
 geom_a = 0
 geom_q = 0
 geom_c = 0.0
f1, 0= 6.5861e-02
                       N restraints  r.m.s.d.  r.m.s.Z  Mn(sigma)
Bond distances, non H             4     0.001    0.076      0.013
Bond angles, non H                5     0.225    0.146      2.100
Chiral centres                    1     0.004    0.050      0.089



====== CYCLE  6 ======

 weight = 1.0000e+00
 geom_x = 0.06586102743680444
 geom_a = 0
 geom_q = 0
 geom_c = 0.0
f0= 6.5861e-02
using cgsolve in c++, ic=False
diag(geom) min= 547.611249 max= 15768.957184
diag(all) min= 547.611249 max= 15768.957184
Trying gamma equal 0.042000
Convergence reached after 6 iterations with no gamma cycles
min(dx) = -7.161674012948277e-08
max(dx) = 9.164109123612811e-08
mean(dx)= 3.904732138293627e-09
vdws = 0
atoms = 4
pairs = 6
 geom_x = 0.06586102743463464
 geom_a = 0
 geom_q = 0
 geom_c = 0.0
f1, 0= 6.5861e-02
                       N restraints  r.m.s.d.  r.m.s.Z  Mn(sigma)
Bond distances, non H             4     0.001    0.076      0.013
Bond angles, non H                5     0.225    0.146      2.100
Chiral centres                    1     0.004    0.050      0.089



====== CYCLE  7 ======

 weight = 1.0000e+00
 geom_x = 0.06586102743463464
 geom_a = 0
 geom_q = 0
 geom_c = 0.0
f0= 6.5861e-02
using cgsolve in c++, ic=False
diag(geom) min= 547.611147 max= 15768.957083
diag(all) min= 547.611147 max= 15768.957083
Trying gamma equal 0.042000
Convergence reached after 6 iterations with no gamma cycles
min(dx) = -1.1918112986284254e-08
max(dx) = 1.5656522176726832e-08
mean(dx)= 6.543483654424044e-10
vdws = 0
atoms = 4
pairs = 6
 geom_x = 0.06586102743457022
 geom_a = 0
 geom_q = 0
 geom_c = 0.0
f1, 0= 6.5861e-02
                       N restraints  r.m.s.d.  r.m.s.Z  Mn(sigma)
Bond distances, non H             4     0.001    0.076      0.013
Bond angles, non H                5     0.225    0.146      2.100
Chiral centres                    1     0.004    0.050      0.089



====== CYCLE  8 ======

 weight = 1.0000e+00
 geom_x = 0.06586102743457022
 geom_a = 0
 geom_q = 0
 geom_c = 0.0
f0= 6.5861e-02
using cgsolve in c++, ic=False
diag(geom) min= 547.611130 max= 15768.957068
diag(all) min= 547.611130 max= 15768.957068
Trying gamma equal 0.042000
Convergence reached after 6 iterations with no gamma cycles
min(dx) = -1.9875044411420473e-09
max(dx) = 2.646766341694365e-09
mean(dx)= 1.0952210112132552e-10
vdws = 0
atoms = 4
pairs = 6
 geom_x = 0.06586102743457257
 geom_a = 0
 geom_q = 0
 geom_c = 0.0
f1, 0= 6.5861e-02
min(dx) = -9.937522205710236e-10
max(dx) = 1.3233831708471826e-09
mean(dx)= 5.476105056066276e-11
vdws = 0
atoms = 4
pairs = 6
 geom_x = 0.06586102743457213
 geom_a = 0
 geom_q = 0
 geom_c = 0.0
f1, 1= 6.5861e-02
min(dx) = -4.968761102855118e-10
max(dx) = 6.616915854235913e-10
mean(dx)= 2.738052528033138e-11
vdws = 0
atoms = 4
pairs = 6
 geom_x = 0.06586102743457208
 geom_a = 0
 geom_q = 0
 geom_c = 0.0
f1, 2= 6.5861e-02
WARNING: function not minimised
                       N restraints  r.m.s.d.  r.m.s.Z  Mn(sigma)
Bond distances, non H             4     0.001    0.076      0.013
Bond angles, non H                5     0.225    0.146      2.100
Chiral centres                    1     0.004    0.050      0.089



====== CYCLE  9 ======

 weight = 1.0000e+00
 geom_x = 0.06586102743457208
 geom_a = 0
 geom_q = 0
 geom_c = 0.0
f0= 6.5861e-02
using cgsolve in c++, ic=False
diag(geom) min= 547.611129 max= 15768.957067
diag(all) min= 547.611129 max= 15768.957067
Trying gamma equal 0.042000
Convergence reached after 6 iterations with no gamma cycles
min(dx) = -1.5735805182061266e-09
max(dx) = 2.0963312073700278e-09
mean(dx)= 8.672147746849775e-11
vdws = 0
atoms = 4
pairs = 6
 geom_x = 0.065861027434572
 geom_a = 0
 geom_q = 0
 geom_c = 0.0
f1, 0= 6.5861e-02
                       N restraints  r.m.s.d.  r.m.s.Z  Mn(sigma)
Bond distances, non H             4     0.001    0.076      0.013
Bond angles, non H                5     0.225    0.146      2.100
Chiral centres                    1     0.004    0.050      0.089



====== CYCLE 10 ======

 weight = 1.0000e+00
 geom_x = 0.065861027434572
 geom_a = 0
 geom_q = 0
 geom_c = 0.0
f0= 6.5861e-02
using cgsolve in c++, ic=False
diag(geom) min= 547.611126 max= 15768.957066
diag(all) min= 547.611126 max= 15768.957066
Trying gamma equal 0.042000
Convergence reached after 6 iterations with no gamma cycles
min(dx) = -2.6271347483274464e-10
max(dx) = 3.524246304365653e-10
mean(dx)= 1.4505685547010001e-11
vdws = 0
atoms = 4
pairs = 6
 geom_x = 0.06586102743457257
 geom_a = 0
 geom_q = 0
 geom_c = 0.0
f1, 0= 6.5861e-02
min(dx) = -1.3135673741637232e-10
max(dx) = 1.7621231521828265e-10
mean(dx)= 7.252842773505001e-12
vdws = 0
atoms = 4
pairs = 6
 geom_x = 0.06586102743457477
 geom_a = 0
 geom_q = 0
 geom_c = 0.0
f1, 1= 6.5861e-02
min(dx) = -6.567836870818616e-11
max(dx) = 8.810615760914133e-11
mean(dx)= 3.6264213867525004e-12
vdws = 0
atoms = 4
pairs = 6
 geom_x = 0.065861027434571
 geom_a = 0
 geom_q = 0
 geom_c = 0.0
f1, 2= 6.5861e-02
                       N restraints  r.m.s.d.  r.m.s.Z  Mn(sigma)
Bond distances, non H             4     0.001    0.076      0.013
Bond angles, non H                5     0.225    0.146      2.100
Chiral centres                    1     0.004    0.050      0.089



====== CYCLE 11 ======

 weight = 1.0000e+00
 geom_x = 0.065861027434571
 geom_a = 0
 geom_q = 0
 geom_c = 0.0
f0= 6.5861e-02
using cgsolve in c++, ic=False
diag(geom) min= 547.611126 max= 15768.957065
diag(all) min= 547.611126 max= 15768.957065
Trying gamma equal 0.042000
Convergence reached after 6 iterations with no gamma cycles
min(dx) = -2.0800671791898414e-10
max(dx) = 2.7909021590004503e-10
mean(dx)= 1.1485657230988775e-11
vdws = 0
atoms = 4
pairs = 6
 geom_x = 0.06586102743457382
 geom_a = 0
 geom_q = 0
 geom_c = 0.0
f1, 0= 6.5861e-02
min(dx) = -1.0400335895949207e-10
max(dx) = 1.3954510795002252e-10
mean(dx)= 5.7428286154943874e-12
vdws = 0
atoms = 4
pairs = 6
 geom_x = 0.06586102743457155
 geom_a = 0
 geom_q = 0
 geom_c = 0.0
f1, 1= 6.5861e-02
min(dx) = -5.2001679479746035e-11
max(dx) = 6.977255397501126e-11
mean(dx)= 2.8714143077471937e-12
vdws = 0
atoms = 4
pairs = 6
 geom_x = 0.06586102743457294
 geom_a = 0
 geom_q = 0
 geom_c = 0.0
f1, 2= 6.5861e-02
WARNING: function not minimised
                       N restraints  r.m.s.d.  r.m.s.Z  Mn(sigma)
Bond distances, non H             4     0.001    0.076      0.013
Bond angles, non H                5     0.225    0.146      2.100
Chiral centres                    1     0.004    0.050      0.089



====== CYCLE 12 ======

 weight = 1.0000e+00
 geom_x = 0.06586102743457294
 geom_a = 0
 geom_q = 0
 geom_c = 0.0
f0= 6.5861e-02
using cgsolve in c++, ic=False
diag(geom) min= 547.611126 max= 15768.957065
diag(all) min= 547.611126 max= 15768.957065
Trying gamma equal 0.042000
Convergence reached after 6 iterations with no gamma cycles
min(dx) = -1.6469203721279532e-10
max(dx) = 2.2101432135585964e-10
mean(dx)= 9.094357848521434e-12
vdws = 0
atoms = 4
pairs = 6
 geom_x = 0.06586102743457234
 geom_a = 0
 geom_q = 0
 geom_c = 0.0
f1, 0= 6.5861e-02
                       N restraints  r.m.s.d.  r.m.s.Z  Mn(sigma)
Bond distances, non H             4     0.001    0.076      0.013
Bond angles, non H                5     0.225    0.146      2.100
Chiral centres                    1     0.004    0.050      0.089



====== CYCLE 13 ======

 weight = 1.0000e+00
 geom_x = 0.06586102743457234
 geom_a = 0
 geom_q = 0
 geom_c = 0.0
f0= 6.5861e-02
using cgsolve in c++, ic=False
diag(geom) min= 547.611126 max= 15768.957065
diag(all) min= 547.611126 max= 15768.957065
Trying gamma equal 0.042000
Convergence reached after 6 iterations with no gamma cycles
min(dx) = -2.7512036590689998e-11
max(dx) = 3.704863868180831e-11
mean(dx)= 1.520669783599661e-12
vdws = 0
atoms = 4
pairs = 6
 geom_x = 0.06586102743457524
 geom_a = 0
 geom_q = 0
 geom_c = 0.0
f1, 0= 6.5861e-02
min(dx) = -1.3756018295344999e-11
max(dx) = 1.8524319340904156e-11
mean(dx)= 7.603348917998305e-13
vdws = 0
atoms = 4
pairs = 6
 geom_x = 0.06586102743457152
 geom_a = 0
 geom_q = 0
 geom_c = 0.0
f1, 1= 6.5861e-02
                       N restraints  r.m.s.d.  r.m.s.Z  Mn(sigma)
Bond distances, non H             4     0.001    0.076      0.013
Bond angles, non H                5     0.225    0.146      2.100
Chiral centres                    1     0.004    0.050      0.089



====== CYCLE 14 ======

 weight = 1.0000e+00
 geom_x = 0.06586102743457152
 geom_a = 0
 geom_q = 0
 geom_c = 0.0
f0= 6.5861e-02
using cgsolve in c++, ic=False
diag(geom) min= 547.611126 max= 15768.957065
diag(all) min= 547.611126 max= 15768.957065
Trying gamma equal 0.042000
Convergence reached after 6 iterations with no gamma cycles
min(dx) = -1.6054822173612254e-11
max(dx) = 2.162544034882827e-11
mean(dx)= 8.874533193028247e-13
vdws = 0
atoms = 4
pairs = 6
 geom_x = 0.06586102743457346
 geom_a = 0
 geom_q = 0
 geom_c = 0.0
f1, 0= 6.5861e-02
min(dx) = -8.027411086806127e-12
max(dx) = 1.0812720174414135e-11
mean(dx)= 4.4372665965141233e-13
vdws = 0
atoms = 4
pairs = 6
 geom_x = 0.06586102743457678
 geom_a = 0
 geom_q = 0
 geom_c = 0.0
f1, 1= 6.5861e-02
min(dx) = -4.0137055434030635e-12
max(dx) = 5.4063600872070674e-12
mean(dx)= 2.2186332982570616e-13
vdws = 0
atoms = 4
pairs = 6
 geom_x = 0.06586102743457269
 geom_a = 0
 geom_q = 0
 geom_c = 0.0
f1, 2= 6.5861e-02
WARNING: function not minimised
                       N restraints  r.m.s.d.  r.m.s.Z  Mn(sigma)
Bond distances, non H             4     0.001    0.076      0.013
Bond angles, non H                5     0.225    0.146      2.100
Chiral centres                    1     0.004    0.050      0.089



====== CYCLE 15 ======

 weight = 1.0000e+00
 geom_x = 0.06586102743457269
 geom_a = 0
 geom_q = 0
 geom_c = 0.0
f0= 6.5861e-02
using cgsolve in c++, ic=False
diag(geom) min= 547.611126 max= 15768.957065
diag(all) min= 547.611126 max= 15768.957065
Trying gamma equal 0.042000
Convergence reached after 6 iterations with no gamma cycles
min(dx) = -1.2711971656920635e-11
max(dx) = 1.712441902421837e-11
mean(dx)= 7.027100116115592e-13
vdws = 0
atoms = 4
pairs = 6
 geom_x = 0.06586102743456873
 geom_a = 0
 geom_q = 0
 geom_c = 0.0
f1, 0= 6.5861e-02
                       N restraints  r.m.s.d.  r.m.s.Z  Mn(sigma)
Bond distances, non H             4     0.001    0.076      0.013
Bond angles, non H                5     0.225    0.146      2.100
Chiral centres                    1     0.004    0.050      0.089



====== CYCLE 16 ======

 weight = 1.0000e+00
 geom_x = 0.06586102743456873
 geom_a = 0
 geom_q = 0
 geom_c = 0.0
f0= 6.5861e-02
using cgsolve in c++, ic=False
diag(geom) min= 547.611126 max= 15768.957065
diag(all) min= 547.611126 max= 15768.957065
Trying gamma equal 0.042000
Convergence reached after 6 iterations with no gamma cycles
min(dx) = -2.124107643434555e-12
max(dx) = 2.866231007176961e-12
mean(dx)= 1.1747987941852761e-13
vdws = 0
atoms = 4
pairs = 6
 geom_x = 0.06586102743457439
 geom_a = 0
 geom_q = 0
 geom_c = 0.0
f1, 0= 6.5861e-02
min(dx) = -1.0620538217172775e-12
max(dx) = 1.4331155035884804e-12
mean(dx)= 5.873993970926381e-14
vdws = 0
atoms = 4
pairs = 6
 geom_x = 0.0658610274345734
 geom_a = 0
 geom_q = 0
 geom_c = 0.0
f1, 1= 6.5861e-02
min(dx) = -5.310269108586387e-13
max(dx) = 7.165577517942402e-13
mean(dx)= 2.9369969854631904e-14
vdws = 0
atoms = 4
pairs = 6
 geom_x = 0.06586102743457332
 geom_a = 0
 geom_q = 0
 geom_c = 0.0
f1, 2= 6.5861e-02
WARNING: function not minimised
                       N restraints  r.m.s.d.  r.m.s.Z  Mn(sigma)
Bond distances, non H             4     0.001    0.076      0.013
Bond angles, non H                5     0.225    0.146      2.100
Chiral centres                    1     0.004    0.050      0.089



====== CYCLE 17 ======

 weight = 1.0000e+00
 geom_x = 0.06586102743457332
 geom_a = 0
 geom_q = 0
 geom_c = 0.0
f0= 6.5861e-02
using cgsolve in c++, ic=False
diag(geom) min= 547.611126 max= 15768.957065
diag(all) min= 547.611126 max= 15768.957065
Trying gamma equal 0.042000
Convergence reached after 6 iterations with no gamma cycles
min(dx) = -1.6818751196536818e-12
max(dx) = 2.269256111067344e-12
mean(dx)= 9.29990897331313e-14
vdws = 0
atoms = 4
pairs = 6
 geom_x = 0.0658610274345735
 geom_a = 0
 geom_q = 0
 geom_c = 0.0
f1, 0= 6.5861e-02
min(dx) = -8.409375598268409e-13
max(dx) = 1.134628055533672e-12
mean(dx)= 4.649954486656565e-14
vdws = 0
atoms = 4
pairs = 6
 geom_x = 0.06586102743457213
 geom_a = 0
 geom_q = 0
 geom_c = 0.0
f1, 1= 6.5861e-02
                       N restraints  r.m.s.d.  r.m.s.Z  Mn(sigma)
Bond distances, non H             4     0.001    0.076      0.013
Bond angles, non H                5     0.225    0.146      2.100
Chiral centres                    1     0.004    0.050      0.089



====== CYCLE 18 ======

 weight = 1.0000e+00
 geom_x = 0.06586102743457213
 geom_a = 0
 geom_q = 0
 geom_c = 0.0
f0= 6.5861e-02
using cgsolve in c++, ic=False
diag(geom) min= 547.611126 max= 15768.957065
diag(all) min= 547.611126 max= 15768.957065
Trying gamma equal 0.042000
Convergence reached after 6 iterations with no gamma cycles
min(dx) = -9.81780684112313e-13
max(dx) = 1.3246772862924726e-12
mean(dx)= 5.4266508646986836e-14
vdws = 0
atoms = 4
pairs = 6
 geom_x = 0.06586102743457423
 geom_a = 0
 geom_q = 0
 geom_c = 0.0
f1, 0= 6.5861e-02
min(dx) = -4.908903420561565e-13
max(dx) = 6.623386431462363e-13
mean(dx)= 2.7133254323493418e-14
vdws = 0
atoms = 4
pairs = 6
 geom_x = 0.06586102743457423
 geom_a = 0
 geom_q = 0
 geom_c = 0.0
f1, 1= 6.5861e-02
min(dx) = -2.4544517102807824e-13
max(dx) = 3.3116932157311816e-13
mean(dx)= 1.3566627161746709e-14
vdws = 0
atoms = 4
pairs = 6
 geom_x = 0.06586102743456734
 geom_a = 0
 geom_q = 0
 geom_c = 0.0
f1, 2= 6.5861e-02
                       N restraints  r.m.s.d.  r.m.s.Z  Mn(sigma)
Bond distances, non H             4     0.001    0.076      0.013
Bond angles, non H                5     0.225    0.146      2.100
Chiral centres                    1     0.004    0.050      0.089



====== CYCLE 19 ======

 weight = 1.0000e+00
 geom_x = 0.06586102743456734
 geom_a = 0
 geom_q = 0
 geom_c = 0.0
f0= 6.5861e-02
using cgsolve in c++, ic=False
diag(geom) min= 547.611126 max= 15768.957065
diag(all) min= 547.611126 max= 15768.957065
Trying gamma equal 0.042000
Convergence reached after 6 iterations with no gamma cycles
min(dx) = -7.771240693968278e-13
max(dx) = 1.0486065229133607e-12
mean(dx)= 4.296635379904848e-14
vdws = 0
atoms = 4
pairs = 6
 geom_x = 0.06586102743457173
 geom_a = 0
 geom_q = 0
 geom_c = 0.0
f1, 0= 6.5861e-02
min(dx) = -3.885620346984139e-13
max(dx) = 5.243032614566803e-13
mean(dx)= 2.148317689952424e-14
vdws = 0
atoms = 4
pairs = 6
 geom_x = 0.06586102743456679
 geom_a = 0
 geom_q = 0
 geom_c = 0.0
f1, 1= 6.5861e-02
                       N restraints  r.m.s.d.  r.m.s.Z  Mn(sigma)
Bond distances, non H             4     0.001    0.076      0.013
Bond angles, non H                5     0.225    0.146      2.100
Chiral centres                    1     0.004    0.050      0.089



====== CYCLE 20 ======

 weight = 1.0000e+00
 geom_x = 0.06586102743456679
 geom_a = 0
 geom_q = 0
 geom_c = 0.0
f0= 6.5861e-02
using cgsolve in c++, ic=False
diag(geom) min= 547.611126 max= 15768.957065
diag(all) min= 547.611126 max= 15768.957065
Trying gamma equal 0.042000
Convergence reached after 6 iterations with no gamma cycles
min(dx) = -4.5354876697578686e-13
max(dx) = 6.120445092011632e-13
mean(dx)= 2.507872755454536e-14
vdws = 0
atoms = 4
pairs = 6
 geom_x = 0.06586102743457344
 geom_a = 0
 geom_q = 0
 geom_c = 0.0
f1, 0= 6.5861e-02
min(dx) = -2.2677438348789343e-13
max(dx) = 3.060222546005816e-13
mean(dx)= 1.253936377727268e-14
vdws = 0
atoms = 4
pairs = 6
 geom_x = 0.06586102743457523
 geom_a = 0
 geom_q = 0
 geom_c = 0.0
f1, 1= 6.5861e-02
min(dx) = -1.1338719174394672e-13
max(dx) = 1.530111273002908e-13
mean(dx)= 6.26968188863634e-15
vdws = 0
atoms = 4
pairs = 6
 geom_x = 0.06586102743456883
 geom_a = 0
 geom_q = 0
 geom_c = 0.0
f1, 2= 6.5861e-02
WARNING: function not minimised
                       N restraints  r.m.s.d.  r.m.s.Z  Mn(sigma)
Bond distances, non H             4     0.001    0.076      0.013
Bond angles, non H                5     0.225    0.146      2.100
Chiral centres                    1     0.004    0.050      0.089



====== CYCLE 21 ======

 weight = 1.0000e+00
 geom_x = 0.06586102743456883
 geom_a = 0
 geom_q = 0
 geom_c = 0.0
f0= 6.5861e-02
using cgsolve in c++, ic=False
diag(geom) min= 547.611126 max= 15768.957065
diag(all) min= 547.611126 max= 15768.957065
Trying gamma equal 0.042000
Convergence reached after 6 iterations with no gamma cycles
min(dx) = -3.5913109581825524e-13
max(dx) = 4.848408521251049e-13
mean(dx)= 1.9875094933541166e-14
vdws = 0
atoms = 4
pairs = 6
 geom_x = 0.0658610274345726
 geom_a = 0
 geom_q = 0
 geom_c = 0.0
f1, 0= 6.5861e-02
min(dx) = -1.7956554790912762e-13
max(dx) = 2.4242042606255246e-13
mean(dx)= 9.937547466770583e-15
vdws = 0
atoms = 4
pairs = 6
 geom_x = 0.06586102743457517
 geom_a = 0
 geom_q = 0
 geom_c = 0.0
f1, 1= 6.5861e-02
min(dx) = -8.978277395456381e-14
max(dx) = 1.2121021303127623e-13
mean(dx)= 4.9687737333852915e-15
vdws = 0
atoms = 4
pairs = 6
 geom_x = 0.0658610274345724
 geom_a = 0
 geom_q = 0
 geom_c = 0.0
f1, 2= 6.5861e-02
WARNING: function not minimised
                       N restraints  r.m.s.d.  r.m.s.Z  Mn(sigma)
Bond distances, non H             4     0.001    0.076      0.013
Bond angles, non H                5     0.225    0.146      2.100
Chiral centres                    1     0.004    0.050      0.089



====== CYCLE 22 ======

 weight = 1.0000e+00
 geom_x = 0.0658610274345724
 geom_a = 0
 geom_q = 0
 geom_c = 0.0
f0= 6.5861e-02
using cgsolve in c++, ic=False
diag(geom) min= 547.611126 max= 15768.957065
diag(all) min= 547.611126 max= 15768.957065
Trying gamma equal 0.042000
Convergence reached after 6 iterations with no gamma cycles
min(dx) = -2.8428190196375415e-13
max(dx) = 3.8386181260432137e-13
mean(dx)= 1.5724937774771013e-14
vdws = 0
atoms = 4
pairs = 6
 geom_x = 0.06586102743457029
 geom_a = 0
 geom_q = 0
 geom_c = 0.0
f1, 0= 6.5861e-02
                       N restraints  r.m.s.d.  r.m.s.Z  Mn(sigma)
Bond distances, non H             4     0.001    0.076      0.013
Bond angles, non H                5     0.225    0.146      2.100
Chiral centres                    1     0.004    0.050      0.089



====== CYCLE 23 ======

 weight = 1.0000e+00
 geom_x = 0.06586102743457029
 geom_a = 0
 geom_q = 0
 geom_c = 0.0
f0= 6.5861e-02
using cgsolve in c++, ic=False
diag(geom) min= 547.611126 max= 15768.957065
diag(all) min= 547.611126 max= 15768.957065
Trying gamma equal 0.042000
Convergence reached after 6 iterations with no gamma cycles
min(dx) = -4.753317274441037e-14
max(dx) = 6.384759047871003e-14
mean(dx)= 2.6018794727738027e-15
vdws = 0
atoms = 4
pairs = 6
 geom_x = 0.0658610274345715
 geom_a = 0
 geom_q = 0
 geom_c = 0.0
f1, 0= 6.5861e-02
min(dx) = -2.3766586372205185e-14
max(dx) = 3.192379523935502e-14
mean(dx)= 1.3009397363869013e-15
vdws = 0
atoms = 4
pairs = 6
 geom_x = 0.06586102743457373
 geom_a = 0
 geom_q = 0
 geom_c = 0.0
f1, 1= 6.5861e-02
min(dx) = -1.1883293186102593e-14
max(dx) = 1.596189761967751e-14
mean(dx)= 6.504698681934507e-16
vdws = 0
atoms = 4
pairs = 6
 geom_x = 0.06586102743456962
 geom_a = 0
 geom_q = 0
 geom_c = 0.0
f1, 2= 6.5861e-02
                       N restraints  r.m.s.d.  r.m.s.Z  Mn(sigma)
Bond distances, non H             4     0.001    0.076      0.013
Bond angles, non H                5     0.225    0.146      2.100
Chiral centres                    1     0.004    0.050      0.089



====== CYCLE 24 ======

 weight = 1.0000e+00
 geom_x = 0.06586102743456962
 geom_a = 0
 geom_q = 0
 geom_c = 0.0
f0= 6.5861e-02
using cgsolve in c++, ic=False
diag(geom) min= 547.611126 max= 15768.957065
diag(all) min= 547.611126 max= 15768.957065
Trying gamma equal 0.042000
Convergence reached after 6 iterations with no gamma cycles
min(dx) = -3.7883958664361393e-14
max(dx) = 5.0845351904035825e-14
mean(dx)= 2.081923324286694e-15
vdws = 0
atoms = 4
pairs = 6
 geom_x = 0.06586102743456991
 geom_a = 0
 geom_q = 0
 geom_c = 0.0
f1, 0= 6.5861e-02
min(dx) = -1.8941979332180697e-14
max(dx) = 2.5422675952017912e-14
mean(dx)= 1.040961662143347e-15
vdws = 0
atoms = 4
pairs = 6
 geom_x = 0.06586102743457256
 geom_a = 0
 geom_q = 0
 geom_c = 0.0
f1, 1= 6.5861e-02
min(dx) = -9.470989666090348e-15
max(dx) = 1.2711337976008956e-14
mean(dx)= 5.204808310716735e-16
vdws = 0
atoms = 4
pairs = 6
 geom_x = 0.06586102743457409
 geom_a = 0
 geom_q = 0
 geom_c = 0.0
f1, 2= 6.5861e-02
WARNING: function not minimised
                       N restraints  r.m.s.d.  r.m.s.Z  Mn(sigma)
Bond distances, non H             4     0.001    0.076      0.013
Bond angles, non H                5     0.225    0.146      2.100
Chiral centres                    1     0.004    0.050      0.089



====== CYCLE 25 ======

 weight = 1.0000e+00
 geom_x = 0.06586102743457409
 geom_a = 0
 geom_q = 0
 geom_c = 0.0
f0= 6.5861e-02
using cgsolve in c++, ic=False
diag(geom) min= 547.611126 max= 15768.957065
diag(all) min= 547.611126 max= 15768.957065
Trying gamma equal 0.042000
Convergence reached after 6 iterations with no gamma cycles
min(dx) = -2.9898663418900266e-14
max(dx) = 4.006926227907974e-14
mean(dx)= 1.6346164272021537e-15
vdws = 0
atoms = 4
pairs = 6
 geom_x = 0.06586102743457406
 geom_a = 0
 geom_q = 0
 geom_c = 0.0
f1, 0= 6.5861e-02
                       N restraints  r.m.s.d.  r.m.s.Z  Mn(sigma)
Bond distances, non H             4     0.001    0.076      0.013
Bond angles, non H                5     0.225    0.146      2.100
Chiral centres                    1     0.004    0.050      0.089



====== CYCLE 26 ======

 weight = 1.0000e+00
 geom_x = 0.06586102743457406
 geom_a = 0
 geom_q = 0
 geom_c = 0.0
f0= 6.5861e-02
using cgsolve in c++, ic=False
diag(geom) min= 547.611126 max= 15768.957065
diag(all) min= 547.611126 max= 15768.957065
Trying gamma equal 0.042000
Convergence reached after 7 iterations with no gamma cycles
min(dx) = -4.972164470280914e-15
max(dx) = 7.020887015293161e-15
mean(dx)= 3.027376393669706e-16
vdws = 0
atoms = 4
pairs = 6
 geom_x = 0.0658610274345722
 geom_a = 0
 geom_q = 0
 geom_c = 0.0
f1, 0= 6.5861e-02
                       N restraints  r.m.s.d.  r.m.s.Z  Mn(sigma)
Bond distances, non H             4     0.001    0.076      0.013
Bond angles, non H                5     0.225    0.146      2.100
Chiral centres                    1     0.004    0.050      0.089



====== CYCLE 27 ======

 weight = 1.0000e+00
 geom_x = 0.0658610274345722
 geom_a = 0
 geom_q = 0
 geom_c = 0.0
f0= 6.5861e-02
using cgsolve in c++, ic=False
diag(geom) min= 547.611126 max= 15768.957065
diag(all) min= 547.611126 max= 15768.957065
Trying gamma equal 0.042000
Convergence reached after 7 iterations with no gamma cycles
min(dx) = -6.939835465238029e-16
max(dx) = 9.059516893850097e-16
mean(dx)= 5.1016267585333964e-17
vdws = 0
atoms = 4
pairs = 6
 geom_x = 0.06586102743456813
 geom_a = 0
 geom_q = 0
 geom_c = 0.0
f1, 0= 6.5861e-02
                       N restraints  r.m.s.d.  r.m.s.Z  Mn(sigma)
Bond distances, non H             4     0.001    0.076      0.013
Bond angles, non H                5     0.225    0.146      2.100
Chiral centres                    1     0.004    0.050      0.089



====== CYCLE 28 ======

 weight = 1.0000e+00
 geom_x = 0.06586102743456813
 geom_a = 0
 geom_q = 0
 geom_c = 0.0
f0= 6.5861e-02
using cgsolve in c++, ic=False
diag(geom) min= 547.611126 max= 15768.957065
diag(all) min= 547.611126 max= 15768.957065
Trying gamma equal 0.042000
Convergence reached after 7 iterations with no gamma cycles
min(dx) = -2.227842352467386e-16
max(dx) = 5.678838167412792e-16
mean(dx)= 2.79252311495499e-17
vdws = 0
atoms = 4
pairs = 6
 geom_x = 0.06586102743456972
 geom_a = 0
 geom_q = 0
 geom_c = 0.0
f1, 0= 6.5861e-02
min(dx) = -1.113921176233693e-16
max(dx) = 2.839419083706396e-16
mean(dx)= 1.396261557477495e-17
vdws = 0
atoms = 4
pairs = 6
 geom_x = 0.06586102743456859
 geom_a = 0
 geom_q = 0
 geom_c = 0.0
f1, 1= 6.5861e-02
min(dx) = -5.569605881168465e-17
max(dx) = 1.419709541853198e-16
mean(dx)= 6.981307787387474e-18
vdws = 0
atoms = 4
pairs = 6
 geom_x = 0.06586102743456813
 geom_a = 0
 geom_q = 0
 geom_c = 0.0
f1, 2= 6.5861e-02
WARNING: function not minimised
                       N restraints  r.m.s.d.  r.m.s.Z  Mn(sigma)
Bond distances, non H             4     0.001    0.076      0.013
Bond angles, non H                5     0.225    0.146      2.100
Chiral centres                    1     0.004    0.050      0.089



====== CYCLE 29 ======

 weight = 1.0000e+00
 geom_x = 0.06586102743456813
 geom_a = 0
 geom_q = 0
 geom_c = 0.0
f0= 6.5861e-02
using cgsolve in c++, ic=False
diag(geom) min= 547.611126 max= 15768.957065
diag(all) min= 547.611126 max= 15768.957065
Trying gamma equal 0.042000
Convergence reached after 7 iterations with no gamma cycles
min(dx) = -2.230000647804044e-16
max(dx) = 5.660412577083305e-16
mean(dx)= 2.7898604692971607e-17
vdws = 0
atoms = 4
pairs = 6
 geom_x = 0.06586102743457009
 geom_a = 0
 geom_q = 0
 geom_c = 0.0
f1, 0= 6.5861e-02
min(dx) = -1.115000323902022e-16
max(dx) = 2.8302062885416523e-16
mean(dx)= 1.3949302346485803e-17
vdws = 0
atoms = 4
pairs = 6
 geom_x = 0.06586102743456972
 geom_a = 0
 geom_q = 0
 geom_c = 0.0
f1, 1= 6.5861e-02
min(dx) = -5.57500161951011e-17
max(dx) = 1.4151031442708262e-16
mean(dx)= 6.974651173242902e-18
vdws = 0
atoms = 4
pairs = 6
 geom_x = 0.06586102743456834
 geom_a = 0
 geom_q = 0
 geom_c = 0.0
f1, 2= 6.5861e-02
WARNING: function not minimised
                       N restraints  r.m.s.d.  r.m.s.Z  Mn(sigma)
Bond distances, non H             4     0.001    0.076      0.013
Bond angles, non H                5     0.225    0.146      2.100
Chiral centres                    1     0.004    0.050      0.089



====== CYCLE 30 ======

 weight = 1.0000e+00
 geom_x = 0.06586102743456834
 geom_a = 0
 geom_q = 0
 geom_c = 0.0
f0= 6.5861e-02
using cgsolve in c++, ic=False
diag(geom) min= 547.611126 max= 15768.957065
diag(all) min= 547.611126 max= 15768.957065
Trying gamma equal 0.042000
Convergence reached after 7 iterations with no gamma cycles
min(dx) = -4.247074470650223e-17
max(dx) = 1.1961395077900356e-16
mean(dx)= 1.0635399692128277e-17
vdws = 0
atoms = 4
pairs = 6
 geom_x = 0.06586102743457059
 geom_a = 0
 geom_q = 0
 geom_c = 0.0
f1, 0= 6.5861e-02
min(dx) = -2.1235372353251114e-17
max(dx) = 5.980697538950178e-17
mean(dx)= 5.317699846064139e-18
vdws = 0
atoms = 4
pairs = 6
 geom_x = 0.06586102743456972
 geom_a = 0
 geom_q = 0
 geom_c = 0.0
f1, 1= 6.5861e-02
min(dx) = -1.0617686176625557e-17
max(dx) = 2.990348769475089e-17
mean(dx)= 2.6588499230320694e-18
vdws = 0
atoms = 4
pairs = 6
 geom_x = 0.06586102743456834
 geom_a = 0
 geom_q = 0
 geom_c = 0.0
f1, 2= 6.5861e-02
WARNING: function not minimised
                       N restraints  r.m.s.d.  r.m.s.Z  Mn(sigma)
Bond distances, non H             4     0.001    0.076      0.013
Bond angles, non H                5     0.225    0.146      2.100
Chiral centres                    1     0.004    0.050      0.089


$TABLE: stats vs cycle :
$GRAPHS
: Geometry :A:1,4,2:
: Geometry Z :A:1,3,5:
$$
 Ncyc  rmsBOND  zBOND  rmsANGL  zANGL
$$
$$
    0   0.0009 0.0770   0.2460 0.1497
    1   0.0008 0.0758   0.2257 0.1459
    2   0.0008 0.0758   0.2247 0.1458
    3   0.0008 0.0758   0.2246 0.1458
    4   0.0008 0.0758   0.2246 0.1458
    5   0.0008 0.0758   0.2246 0.1458
    6   0.0008 0.0758   0.2246 0.1458
    7   0.0008 0.0758   0.2246 0.1458
    8   0.0008 0.0758   0.2246 0.1458
    9   0.0008 0.0758   0.2246 0.1458
   10   0.0008 0.0758   0.2246 0.1458
   11   0.0008 0.0758   0.2246 0.1458
   12   0.0008 0.0758   0.2246 0.1458
   13   0.0008 0.0758   0.2246 0.1458
   14   0.0008 0.0758   0.2246 0.1458
   15   0.0008 0.0758   0.2246 0.1458
   16   0.0008 0.0758   0.2246 0.1458
   17   0.0008 0.0758   0.2246 0.1458
   18   0.0008 0.0758   0.2246 0.1458
   19   0.0008 0.0758   0.2246 0.1458
   20   0.0008 0.0758   0.2246 0.1458
   21   0.0008 0.0758   0.2246 0.1458
   22   0.0008 0.0758   0.2246 0.1458
   23   0.0008 0.0758   0.2246 0.1458
   24   0.0008 0.0758   0.2246 0.1458
   25   0.0008 0.0758   0.2246 0.1458
   26   0.0008 0.0758   0.2246 0.1458
   27   0.0008 0.0758   0.2246 0.1458
   28   0.0008 0.0758   0.2246 0.1458
   29   0.0008 0.0758   0.2246 0.1458
   30   0.0008 0.0758   0.2246 0.1458
$$

Creating restraints..

Chain info:
 chain 
  ligands: EPX (1 residues)

Number of refinement parameters:
       n_params  n_atoms  n_atoms_geom_only  n_atoms_data_only
xyz          10       10                  6                  0
adp           0        0                  0                  0
occ           0        0                  0                  0
dfrac         0        0                  0                  0

Randomizing structure with rmsd of 0.01
Torsion angle rules:
 include:
  {'group': 'peptide', 'tors_name': 'chi*'}
  {'link': '*', 'tors_name': 'omega'}
  {'residue': '*', 'tors_name': 'sp2_sp2*'}
  {'link': '*', 'tors_name': 'sp2_sp2*'}
 exclude:
  none
External restraints from Refmac instructions
 Number of distances          : 0
 Number of angles             : 0
 Number of torsions           : 0
 Number of chirals            : 0
 Number of planes             : 0
 Number of intervals          : 0
 Number of stackings          : 0
 Number of harmonics          : 0
 Number of special positions  : 0

Running 10 cycles with wchir=4 wvdw=2 with hydrogen
Geometry weights
vdws = 15
atoms = 10
pairs = 41
                          N restraints  r.m.s.d.  r.m.s.Z  Mn(sigma)
Bond distances, non H                4     0.010    0.949      0.013
Bond distances, H                    6     0.006    0.388      0.016
Bond angles, non H                   5     0.521    0.279      2.100
Bond angles, H                      14     0.729    0.441      1.929
Torsion angles, period 3             1     0.602    0.060     10.000
Chiral centres                       1     0.019    0.215      0.089


====== CYCLE  1 ======

 weight = 1.0000e+00
 geom_x = 4.180931114217179
 geom_a = 0
 geom_q = 0
 geom_c = 0.0
f0= 4.1809e+00
using cgsolve in c++, ic=False
diag(geom) min= 1178.115212 max= 24710.184061
diag(all) min= 1178.115212 max= 24710.184061
Trying gamma equal 0.000000
Not converging with gamma equal 0.000000
Trying gamma equal 0.052500
Gamma decreased to 0.042000
min(dx) = -0.013242749312853484
max(dx) = 0.007839902415187078
mean(dx)= -0.0015129876707440165
vdws = 15
atoms = 10
pairs = 41
 geom_x = 0.12074042677487228
 geom_a = 0
 geom_q = 0
 geom_c = 0.0
f1, 0= 1.2074e-01
                          N restraints  r.m.s.d.  r.m.s.Z  Mn(sigma)
Bond distances, non H                4     0.001    0.084      0.013
Bond distances, H                    6     0.000    0.015      0.016
Bond angles, non H                   5     0.292    0.158      2.100
Bond angles, H                      14     0.183    0.077      1.929
Torsion angles, period 3             1     0.618    0.062     10.000
Chiral centres                       1     0.000    0.004      0.089



====== CYCLE  2 ======

 weight = 1.0000e+00
 geom_x = 0.12074042677487228
 geom_a = 0
 geom_q = 0
 geom_c = 0.0
f0= 1.2074e-01
using cgsolve in c++, ic=False
diag(geom) min= 1205.331336 max= 24451.350406
diag(all) min= 1205.331336 max= 24451.350406
Trying gamma equal 0.042000
Convergence reached after 21 iterations with no gamma cycles
min(dx) = -0.0014918581155522288
max(dx) = 0.001192064387172936
mean(dx)= -0.00012132253219621073
vdws = 15
atoms = 10
pairs = 41
 geom_x = 0.11054446715261756
 geom_a = 0
 geom_q = 0
 geom_c = 0.0
f1, 0= 1.1054e-01
                          N restraints  r.m.s.d.  r.m.s.Z  Mn(sigma)
Bond distances, non H                4     0.001    0.073      0.013
Bond distances, H                    6     0.000    0.001      0.016
Bond angles, non H                   5     0.274    0.156      2.100
Bond angles, H                      14     0.176    0.074      1.929
Torsion angles, period 3             1     0.483    0.048     10.000
Chiral centres                       1     0.000    0.002      0.089



====== CYCLE  3 ======

 weight = 1.0000e+00
 geom_x = 0.11054446715261756
 geom_a = 0
 geom_q = 0
 geom_c = 0.0
f0= 1.1054e-01
using cgsolve in c++, ic=False
diag(geom) min= 1207.018548 max= 24442.693108
diag(all) min= 1207.018548 max= 24442.693108
Trying gamma equal 0.042000
Convergence reached after 21 iterations with no gamma cycles
min(dx) = -0.0008595419079605405
max(dx) = 0.0011084939608904116
mean(dx)= -2.9036457130243382e-05
vdws = 15
atoms = 10
pairs = 41
 geom_x = 0.1086974647472885
 geom_a = 0
 geom_q = 0
 geom_c = 0.0
f1, 0= 1.0870e-01
                          N restraints  r.m.s.d.  r.m.s.Z  Mn(sigma)
Bond distances, non H                4     0.001    0.073      0.013
Bond distances, H                    6     0.000    0.000      0.016
Bond angles, non H                   5     0.268    0.154      2.100
Bond angles, H                      14     0.174    0.073      1.929
Torsion angles, period 3             1     0.377    0.038     10.000
Chiral centres                       1     0.000    0.001      0.089



====== CYCLE  4 ======

 weight = 1.0000e+00
 geom_x = 0.1086974647472885
 geom_a = 0
 geom_q = 0
 geom_c = 0.0
f0= 1.0870e-01
using cgsolve in c++, ic=False
diag(geom) min= 1207.381672 max= 24439.571062
diag(all) min= 1207.381672 max= 24439.571062
Trying gamma equal 0.042000
Convergence reached after 19 iterations with no gamma cycles
min(dx) = -0.0005473662812265246
max(dx) = 0.0008306174591105805
mean(dx)= -1.2088490730257774e-05
vdws = 15
atoms = 10
pairs = 41
 geom_x = 0.10792888430381413
 geom_a = 0
 geom_q = 0
 geom_c = 0.0
f1, 0= 1.0793e-01
                          N restraints  r.m.s.d.  r.m.s.Z  Mn(sigma)
Bond distances, non H                4     0.001    0.073      0.013
Bond distances, H                    6     0.000    0.000      0.016
Bond angles, non H                   5     0.266    0.154      2.100
Bond angles, H                      14     0.173    0.073      1.929
Torsion angles, period 3             1     0.301    0.030     10.000
Chiral centres                       1     0.000    0.001      0.089



====== CYCLE  5 ======

 weight = 1.0000e+00
 geom_x = 0.10792888430381413
 geom_a = 0
 geom_q = 0
 geom_c = 0.0
f0= 1.0793e-01
using cgsolve in c++, ic=False
diag(geom) min= 1207.558752 max= 24437.765302
diag(all) min= 1207.558752 max= 24437.765302
Trying gamma equal 0.042000
Convergence reached after 19 iterations with no gamma cycles
min(dx) = -0.00038308938035660773
max(dx) = 0.0006326875345822876
mean(dx)= -5.533748387924941e-06
vdws = 15
atoms = 10
pairs = 41
 geom_x = 0.10758238895488058
 geom_a = 0
 geom_q = 0
 geom_c = 0.0
f1, 0= 1.0758e-01
                          N restraints  r.m.s.d.  r.m.s.Z  Mn(sigma)
Bond distances, non H                4     0.001    0.073      0.013
Bond distances, H                    6     0.000    0.000      0.016
Bond angles, non H                   5     0.266    0.154      2.100
Bond angles, H                      14     0.173    0.073      1.929
Torsion angles, period 3             1     0.245    0.025     10.000
Chiral centres                       1     0.000    0.001      0.089



====== CYCLE  6 ======

 weight = 1.0000e+00
 geom_x = 0.10758238895488058
 geom_a = 0
 geom_q = 0
 geom_c = 0.0
f0= 1.0758e-01
using cgsolve in c++, ic=False
diag(geom) min= 1207.656059 max= 24437.126101
diag(all) min= 1207.656059 max= 24437.126101
Trying gamma equal 0.042000
Convergence reached after 18 iterations with no gamma cycles
min(dx) = -0.00027908677079684075
max(dx) = 0.000494051333167584
mean(dx)= -2.2841991855307546e-06
vdws = 15
atoms = 10
pairs = 41
 geom_x = 0.1074159286519784
 geom_a = 0
 geom_q = 0
 geom_c = 0.0
f1, 0= 1.0742e-01
                          N restraints  r.m.s.d.  r.m.s.Z  Mn(sigma)
Bond distances, non H                4     0.001    0.073      0.013
Bond distances, H                    6     0.000    0.000      0.016
Bond angles, non H                   5     0.265    0.154      2.100
Bond angles, H                      14     0.173    0.073      1.929
Torsion angles, period 3             1     0.202    0.020     10.000
Chiral centres                       1     0.000    0.001      0.089



====== CYCLE  7 ======

 weight = 1.0000e+00
 geom_x = 0.1074159286519784
 geom_a = 0
 geom_q = 0
 geom_c = 0.0
f0= 1.0742e-01
using cgsolve in c++, ic=False
diag(geom) min= 1207.712462 max= 24437.321408
diag(all) min= 1207.712462 max= 24437.321408
Trying gamma equal 0.042000
Convergence reached after 16 iterations with no gamma cycles
min(dx) = -0.00022618040558199768
max(dx) = 0.00039426520732367676
mean(dx)= -5.511841795161725e-07
vdws = 15
atoms = 10
pairs = 41
 geom_x = 0.10732965183770861
 geom_a = 0
 geom_q = 0
 geom_c = 0.0
f1, 0= 1.0733e-01
                          N restraints  r.m.s.d.  r.m.s.Z  Mn(sigma)
Bond distances, non H                4     0.001    0.073      0.013
Bond distances, H                    6     0.000    0.000      0.016
Bond angles, non H                   5     0.265    0.154      2.100
Bond angles, H                      14     0.173    0.073      1.929
Torsion angles, period 3             1     0.169    0.017     10.000
Chiral centres                       1     0.000    0.001      0.089



====== CYCLE  8 ======

 weight = 1.0000e+00
 geom_x = 0.10732965183770861
 geom_a = 0
 geom_q = 0
 geom_c = 0.0
f0= 1.0733e-01
using cgsolve in c++, ic=False
diag(geom) min= 1207.746562 max= 24438.031478
diag(all) min= 1207.746562 max= 24438.031478
Trying gamma equal 0.042000
Convergence reached after 18 iterations with no gamma cycles
min(dx) = -0.00018628248422213582
max(dx) = 0.00032045624732880956
mean(dx)= 3.839096575037954e-07
vdws = 15
atoms = 10
pairs = 41
 geom_x = 0.107280858110228
 geom_a = 0
 geom_q = 0
 geom_c = 0.0
f1, 0= 1.0728e-01
                          N restraints  r.m.s.d.  r.m.s.Z  Mn(sigma)
Bond distances, non H                4     0.001    0.073      0.013
Bond distances, H                    6     0.000    0.000      0.016
Bond angles, non H                   5     0.265    0.154      2.100
Bond angles, H                      14     0.173    0.073      1.929
Torsion angles, period 3             1     0.143    0.014     10.000
Chiral centres                       1     0.000    0.001      0.089



====== CYCLE  9 ======

 weight = 1.0000e+00
 geom_x = 0.107280858110228
 geom_a = 0
 geom_q = 0
 geom_c = 0.0
f0= 1.0728e-01
using cgsolve in c++, ic=False
diag(geom) min= 1207.767782 max= 24439.018875
diag(all) min= 1207.767782 max= 24439.018875
Trying gamma equal 0.042000
Convergence reached after 18 iterations with no gamma cycles
min(dx) = -0.00015545527540506267
max(dx) = 0.00026448917149768836
mean(dx)= 8.708576757206285e-07
vdws = 15
atoms = 10
pairs = 41
 geom_x = 0.10725076313142554
 geom_a = 0
 geom_q = 0
 geom_c = 0.0
f1, 0= 1.0725e-01
                          N restraints  r.m.s.d.  r.m.s.Z  Mn(sigma)
Bond distances, non H                4     0.001    0.073      0.013
Bond distances, H                    6     0.000    0.000      0.016
Bond angles, non H                   5     0.265    0.154      2.100
Bond angles, H                      14     0.173    0.073      1.929
Torsion angles, period 3             1     0.121    0.012     10.000
Chiral centres                       1     0.000    0.001      0.089



====== CYCLE 10 ======

 weight = 1.0000e+00
 geom_x = 0.10725076313142554
 geom_a = 0
 geom_q = 0
 geom_c = 0.0
f0= 1.0725e-01
using cgsolve in c++, ic=False
diag(geom) min= 1207.781255 max= 24440.125511
diag(all) min= 1207.781255 max= 24440.125511
Trying gamma equal 0.042000
Convergence reached after 16 iterations with no gamma cycles
min(dx) = -0.0001311090669069427
max(dx) = 0.0002210673131430086
mean(dx)= 1.0985869855102144e-06
vdws = 15
atoms = 10
pairs = 41
 geom_x = 0.10723078828251707
 geom_a = 0
 geom_q = 0
 geom_c = 0.0
f1, 0= 1.0723e-01
                          N restraints  r.m.s.d.  r.m.s.Z  Mn(sigma)
Bond distances, non H                4     0.001    0.073      0.013
Bond distances, H                    6     0.000    0.000      0.016
Bond angles, non H                   5     0.265    0.154      2.100
Bond angles, H                      14     0.173    0.073      1.929
Torsion angles, period 3             1     0.104    0.010     10.000
Chiral centres                       1     0.000    0.001      0.089


$TABLE: stats vs cycle :
$GRAPHS
: Geometry :A:1,4,2:
: Geometry Z :A:1,3,5:
$$
 Ncyc  rmsBOND  zBOND  rmsANGL  zANGL
$$
$$
    0   0.0101 0.9495   0.5207 0.2786
    1   0.0009 0.0838   0.2925 0.1584
    2   0.0008 0.0728   0.2741 0.1556
    3   0.0008 0.0731   0.2683 0.1544
    4   0.0008 0.0730   0.2663 0.1540
    5   0.0008 0.0730   0.2655 0.1539
    6   0.0008 0.0729   0.2653 0.1539
    7   0.0008 0.0729   0.2652 0.1539
    8   0.0008 0.0729   0.2652 0.1539
    9   0.0008 0.0729   0.2652 0.1539
   10   0.0008 0.0729   0.2652 0.1539
$$

Running 30 cycles with wchir=1 wvdw=2 with hydrogen
Geometry weights
vdws = 15
atoms = 10
pairs = 41
                          N restraints  r.m.s.d.  r.m.s.Z  Mn(sigma)
Bond distances, non H                4     0.001    0.073      0.013
Bond distances, H                    6     0.000    0.000      0.016
Bond angles, non H                   5     0.265    0.154      2.100
Bond angles, H                      14     0.173    0.073      1.929
Torsion angles, period 3             1     0.104    0.010     10.000
Chiral centres                       1     0.000    0.001      0.089


====== CYCLE  1 ======

 weight = 1.0000e+00
 geom_x = 0.1072280732565144
 geom_a = 0
 geom_q = 0
 geom_c = 0.0
f0= 1.0723e-01
using cgsolve in c++, ic=False
diag(geom) min= 1207.789927 max= 17896.654858
diag(all) min= 1207.789927 max= 17896.654858
Trying gamma equal 0.042000
Convergence reached after 22 iterations with no gamma cycles
min(dx) = -0.00011773375536832589
max(dx) = 0.0002127388654554867
mean(dx)= 4.225405473931891e-06
vdws = 15
atoms = 10
pairs = 41
 geom_x = 0.10720025379778572
 geom_a = 0
 geom_q = 0
 geom_c = 0.0
f1, 0= 1.0720e-01
                          N restraints  r.m.s.d.  r.m.s.Z  Mn(sigma)
Bond distances, non H                4     0.001    0.073      0.013
Bond distances, H                    6     0.000    0.000      0.016
Bond angles, non H                   5     0.267    0.154      2.100
Bond angles, H                      14     0.172    0.073      1.929
Torsion angles, period 3             1     0.088    0.009     10.000
Chiral centres                       1     0.000    0.003      0.089



====== CYCLE  2 ======

 weight = 1.0000e+00
 geom_x = 0.10720025379778572
 geom_a = 0
 geom_q = 0
 geom_c = 0.0
f0= 1.0720e-01
using cgsolve in c++, ic=False
diag(geom) min= 1207.826170 max= 17897.186346
diag(all) min= 1207.826170 max= 17897.186346
Trying gamma equal 0.042000
Not converging with gamma equal 0.042000
Trying gamma equal 0.094500
Gamma decreased to 0.084000
min(dx) = -4.3546933786584195e-05
max(dx) = 7.985186549027667e-05
mean(dx)= 8.113056860002227e-07
vdws = 15
atoms = 10
pairs = 41
 geom_x = 0.1071948798794805
 geom_a = 0
 geom_q = 0
 geom_c = 0.0
f1, 0= 1.0719e-01
                          N restraints  r.m.s.d.  r.m.s.Z  Mn(sigma)
Bond distances, non H                4     0.001    0.073      0.013
Bond distances, H                    6     0.000    0.000      0.016
Bond angles, non H                   5     0.267    0.154      2.100
Bond angles, H                      14     0.171    0.073      1.929
Torsion angles, period 3             1     0.082    0.008     10.000
Chiral centres                       1     0.000    0.004      0.089



====== CYCLE  3 ======

 weight = 1.0000e+00
 geom_x = 0.1071948798794805
 geom_a = 0
 geom_q = 0
 geom_c = 0.0
f0= 1.0719e-01
using cgsolve in c++, ic=False
diag(geom) min= 1207.839559 max= 17897.281248
diag(all) min= 1207.839559 max= 17897.281248
Trying gamma equal 0.084000
Convergence reached after 17 iterations with no gamma cycles
min(dx) = -4.392974113342624e-05
max(dx) = 7.896363256738051e-05
mean(dx)= 5.837880289492297e-07
vdws = 15
atoms = 10
pairs = 41
 geom_x = 0.10719006050030805
 geom_a = 0
 geom_q = 0
 geom_c = 0.0
f1, 0= 1.0719e-01
                          N restraints  r.m.s.d.  r.m.s.Z  Mn(sigma)
Bond distances, non H                4     0.001    0.073      0.013
Bond distances, H                    6     0.000    0.000      0.016
Bond angles, non H                   5     0.267    0.154      2.100
Bond angles, H                      14     0.171    0.073      1.929
Torsion angles, period 3             1     0.076    0.008     10.000
Chiral centres                       1     0.000    0.004      0.089



====== CYCLE  4 ======

 weight = 1.0000e+00
 geom_x = 0.10719006050030805
 geom_a = 0
 geom_q = 0
 geom_c = 0.0
f0= 1.0719e-01
using cgsolve in c++, ic=False
diag(geom) min= 1207.844809 max= 17897.328611
diag(all) min= 1207.844809 max= 17897.328611
Trying gamma equal 0.084000
Convergence reached after 17 iterations with no gamma cycles
min(dx) = -4.159569889725117e-05
max(dx) = 7.149875313811017e-05
mean(dx)= 4.992083378172815e-07
vdws = 15
atoms = 10
pairs = 41
 geom_x = 0.10718598727034441
 geom_a = 0
 geom_q = 0
 geom_c = 0.0
f1, 0= 1.0719e-01
                          N restraints  r.m.s.d.  r.m.s.Z  Mn(sigma)
Bond distances, non H                4     0.001    0.073      0.013
Bond distances, H                    6     0.000    0.000      0.016
Bond angles, non H                   5     0.267    0.154      2.100
Bond angles, H                      14     0.171    0.073      1.929
Torsion angles, period 3             1     0.070    0.007     10.000
Chiral centres                       1     0.000    0.004      0.089



====== CYCLE  5 ======

 weight = 1.0000e+00
 geom_x = 0.10718598727034441
 geom_a = 0
 geom_q = 0
 geom_c = 0.0
f0= 1.0719e-01
using cgsolve in c++, ic=False
diag(geom) min= 1207.846364 max= 17897.351319
diag(all) min= 1207.846364 max= 17897.351319
Trying gamma equal 0.084000
Convergence reached after 16 iterations with no gamma cycles
min(dx) = -3.896878536770514e-05
max(dx) = 6.559898878415093e-05
mean(dx)= 4.6313539088755607e-07
vdws = 15
atoms = 10
pairs = 41
 geom_x = 0.10718248188177007
 geom_a = 0
 geom_q = 0
 geom_c = 0.0
f1, 0= 1.0718e-01
                          N restraints  r.m.s.d.  r.m.s.Z  Mn(sigma)
Bond distances, non H                4     0.001    0.073      0.013
Bond distances, H                    6     0.000    0.000      0.016
Bond angles, non H                   5     0.267    0.154      2.100
Bond angles, H                      14     0.171    0.073      1.929
Torsion angles, period 3             1     0.065    0.007     10.000
Chiral centres                       1     0.000    0.004      0.089



====== CYCLE  6 ======

 weight = 1.0000e+00
 geom_x = 0.10718248188177007
 geom_a = 0
 geom_q = 0
 geom_c = 0.0
f0= 1.0718e-01
using cgsolve in c++, ic=False
diag(geom) min= 1207.846650 max= 17897.362474
diag(all) min= 1207.846650 max= 17897.362474
Trying gamma equal 0.084000
Convergence reached after 16 iterations with no gamma cycles
min(dx) = -3.638002139796283e-05
max(dx) = 6.057679731020688e-05
mean(dx)= 4.35978933546791e-07
vdws = 15
atoms = 10
pairs = 41
 geom_x = 0.10717944721375362
 geom_a = 0
 geom_q = 0
 geom_c = 0.0
f1, 0= 1.0718e-01
                          N restraints  r.m.s.d.  r.m.s.Z  Mn(sigma)
Bond distances, non H                4     0.001    0.073      0.013
Bond distances, H                    6     0.000    0.000      0.016
Bond angles, non H                   5     0.267    0.154      2.100
Bond angles, H                      14     0.171    0.073      1.929
Torsion angles, period 3             1     0.061    0.006     10.000
Chiral centres                       1     0.000    0.004      0.089



====== CYCLE  7 ======

 weight = 1.0000e+00
 geom_x = 0.10717944721375362
 geom_a = 0
 geom_q = 0
 geom_c = 0.0
f0= 1.0718e-01
using cgsolve in c++, ic=False
diag(geom) min= 1207.846474 max= 17897.367808
diag(all) min= 1207.846474 max= 17897.367808
Trying gamma equal 0.084000
Convergence reached after 14 iterations with no gamma cycles
min(dx) = -3.413618603088416e-05
max(dx) = 5.6135843734161575e-05
mean(dx)= 4.104153008609333e-07
vdws = 15
atoms = 10
pairs = 41
 geom_x = 0.10717681453413923
 geom_a = 0
 geom_q = 0
 geom_c = 0.0
f1, 0= 1.0718e-01
                          N restraints  r.m.s.d.  r.m.s.Z  Mn(sigma)
Bond distances, non H                4     0.001    0.073      0.013
Bond distances, H                    6     0.000    0.000      0.016
Bond angles, non H                   5     0.267    0.154      2.100
Bond angles, H                      14     0.171    0.073      1.929
Torsion angles, period 3             1     0.057    0.006     10.000
Chiral centres                       1     0.000    0.004      0.089



====== CYCLE  8 ======

 weight = 1.0000e+00
 geom_x = 0.10717681453413923
 geom_a = 0
 geom_q = 0
 geom_c = 0.0
f0= 1.0718e-01
using cgsolve in c++, ic=False
diag(geom) min= 1207.846128 max= 17897.370112
diag(all) min= 1207.846128 max= 17897.370112
Trying gamma equal 0.084000
Convergence reached after 14 iterations with no gamma cycles
min(dx) = -3.19837461239277e-05
max(dx) = 5.212673989462951e-05
mean(dx)= 3.857690145513799e-07
vdws = 15
atoms = 10
pairs = 41
 geom_x = 0.10717452878905658
 geom_a = 0
 geom_q = 0
 geom_c = 0.0
f1, 0= 1.0717e-01
                          N restraints  r.m.s.d.  r.m.s.Z  Mn(sigma)
Bond distances, non H                4     0.001    0.073      0.013
Bond distances, H                    6     0.000    0.000      0.016
Bond angles, non H                   5     0.267    0.154      2.100
Bond angles, H                      14     0.171    0.073      1.929
Torsion angles, period 3             1     0.053    0.005     10.000
Chiral centres                       1     0.000    0.004      0.089



====== CYCLE  9 ======

 weight = 1.0000e+00
 geom_x = 0.10717452878905658
 geom_a = 0
 geom_q = 0
 geom_c = 0.0
f0= 1.0717e-01
using cgsolve in c++, ic=False
diag(geom) min= 1207.845715 max= 17897.370803
diag(all) min= 1207.845715 max= 17897.370803
Trying gamma equal 0.084000
Convergence reached after 13 iterations with no gamma cycles
min(dx) = -2.992105508635216e-05
max(dx) = 4.846410323222136e-05
mean(dx)= 3.6195720230885067e-07
vdws = 15
atoms = 10
pairs = 41
 geom_x = 0.10717254362033124
 geom_a = 0
 geom_q = 0
 geom_c = 0.0
f1, 0= 1.0717e-01
                          N restraints  r.m.s.d.  r.m.s.Z  Mn(sigma)
Bond distances, non H                4     0.001    0.073      0.013
Bond distances, H                    6     0.000    0.000      0.016
Bond angles, non H                   5     0.267    0.154      2.100
Bond angles, H                      14     0.171    0.073      1.929
Torsion angles, period 3             1     0.049    0.005     10.000
Chiral centres                       1     0.000    0.004      0.089



====== CYCLE 10 ======

 weight = 1.0000e+00
 geom_x = 0.10717254362033124
 geom_a = 0
 geom_q = 0
 geom_c = 0.0
f0= 1.0717e-01
using cgsolve in c++, ic=False
diag(geom) min= 1207.845284 max= 17897.370637
diag(all) min= 1207.845284 max= 17897.370637
Trying gamma equal 0.084000
Convergence reached after 13 iterations with no gamma cycles
min(dx) = -2.796377531573731e-05
max(dx) = 4.5093690612239735e-05
mean(dx)= 3.390966117723981e-07
vdws = 15
atoms = 10
pairs = 41
 geom_x = 0.10717081925139058
 geom_a = 0
 geom_q = 0
 geom_c = 0.0
f1, 0= 1.0717e-01
                          N restraints  r.m.s.d.  r.m.s.Z  Mn(sigma)
Bond distances, non H                4     0.001    0.073      0.013
Bond distances, H                    6     0.000    0.000      0.016
Bond angles, non H                   5     0.267    0.154      2.100
Bond angles, H                      14     0.171    0.073      1.929
Torsion angles, period 3             1     0.046    0.005     10.000
Chiral centres                       1     0.000    0.004      0.089



====== CYCLE 11 ======

 weight = 1.0000e+00
 geom_x = 0.10717081925139058
 geom_a = 0
 geom_q = 0
 geom_c = 0.0
f0= 1.0717e-01
using cgsolve in c++, ic=False
diag(geom) min= 1207.844856 max= 17897.370018
diag(all) min= 1207.844856 max= 17897.370018
Trying gamma equal 0.084000
Convergence reached after 13 iterations with no gamma cycles
min(dx) = -2.6116511818348495e-05
max(dx) = 4.197887030994025e-05
mean(dx)= 3.1740291988431735e-07
vdws = 15
atoms = 10
pairs = 41
 geom_x = 0.10716932131038609
 geom_a = 0
 geom_q = 0
 geom_c = 0.0
f1, 0= 1.0717e-01
                          N restraints  r.m.s.d.  r.m.s.Z  Mn(sigma)
Bond distances, non H                4     0.001    0.073      0.013
Bond distances, H                    6     0.000    0.000      0.016
Bond angles, non H                   5     0.267    0.154      2.100
Bond angles, H                      14     0.171    0.073      1.929
Torsion angles, period 3             1     0.043    0.004     10.000
Chiral centres                       1     0.000    0.004      0.089



====== CYCLE 12 ======

 weight = 1.0000e+00
 geom_x = 0.10716932131038609
 geom_a = 0
 geom_q = 0
 geom_c = 0.0
f0= 1.0717e-01
using cgsolve in c++, ic=False
diag(geom) min= 1207.844441 max= 17897.369171
diag(all) min= 1207.844441 max= 17897.369171
Trying gamma equal 0.084000
Convergence reached after 13 iterations with no gamma cycles
min(dx) = -2.4379632817792167e-05
max(dx) = 3.90923662575461e-05
mean(dx)= 2.9687808260395347e-07
vdws = 15
atoms = 10
pairs = 41
 geom_x = 0.10716802001236181
 geom_a = 0
 geom_q = 0
 geom_c = 0.0
f1, 0= 1.0717e-01
                          N restraints  r.m.s.d.  r.m.s.Z  Mn(sigma)
Bond distances, non H                4     0.001    0.073      0.013
Bond distances, H                    6     0.000    0.000      0.016
Bond angles, non H                   5     0.267    0.154      2.100
Bond angles, H                      14     0.171    0.073      1.929
Torsion angles, period 3             1     0.040    0.004     10.000
Chiral centres                       1     0.000    0.004      0.089



====== CYCLE 13 ======

 weight = 1.0000e+00
 geom_x = 0.10716802001236181
 geom_a = 0
 geom_q = 0
 geom_c = 0.0
f0= 1.0717e-01
using cgsolve in c++, ic=False
diag(geom) min= 1207.844043 max= 17897.368220
diag(all) min= 1207.844043 max= 17897.368220
Trying gamma equal 0.084000
Convergence reached after 13 iterations with no gamma cycles
min(dx) = -2.275050025183309e-05
max(dx) = 3.641269845304864e-05
mean(dx)= 2.775107214498247e-07
vdws = 15
atoms = 10
pairs = 41
 geom_x = 0.10716688951593217
 geom_a = 0
 geom_q = 0
 geom_c = 0.0
f1, 0= 1.0717e-01
                          N restraints  r.m.s.d.  r.m.s.Z  Mn(sigma)
Bond distances, non H                4     0.001    0.073      0.013
Bond distances, H                    6     0.000    0.000      0.016
Bond angles, non H                   5     0.267    0.154      2.100
Bond angles, H                      14     0.171    0.073      1.929
Torsion angles, period 3             1     0.037    0.004     10.000
Chiral centres                       1     0.000    0.004      0.089



====== CYCLE 14 ======

 weight = 1.0000e+00
 geom_x = 0.10716688951593217
 geom_a = 0
 geom_q = 0
 geom_c = 0.0
f0= 1.0717e-01
using cgsolve in c++, ic=False
diag(geom) min= 1207.843665 max= 17897.367234
diag(all) min= 1207.843665 max= 17897.367234
Trying gamma equal 0.084000
Convergence reached after 13 iterations with no gamma cycles
min(dx) = -2.122492894780706e-05
max(dx) = 3.392215185730207e-05
mean(dx)= 2.5927707667708813e-07
vdws = 15
atoms = 10
pairs = 41
 geom_x = 0.1071659073881097
 geom_a = 0
 geom_q = 0
 geom_c = 0.0
f1, 0= 1.0717e-01
                          N restraints  r.m.s.d.  r.m.s.Z  Mn(sigma)
Bond distances, non H                4     0.001    0.073      0.013
Bond distances, H                    6     0.000    0.000      0.016
Bond angles, non H                   5     0.267    0.154      2.100
Bond angles, H                      14     0.171    0.073      1.929
Torsion angles, period 3             1     0.034    0.003     10.000
Chiral centres                       1     0.000    0.004      0.089



====== CYCLE 15 ======

 weight = 1.0000e+00
 geom_x = 0.1071659073881097
 geom_a = 0
 geom_q = 0
 geom_c = 0.0
f0= 1.0717e-01
using cgsolve in c++, ic=False
diag(geom) min= 1207.843307 max= 17897.366252
diag(all) min= 1207.843307 max= 17897.366252
Trying gamma equal 0.084000
Convergence reached after 13 iterations with no gamma cycles
min(dx) = -1.9797930308242975e-05
max(dx) = 3.160561764180521e-05
mean(dx)= 2.421414988733456e-07
vdws = 15
atoms = 10
pairs = 41
 geom_x = 0.10716505414879152
 geom_a = 0
 geom_q = 0
 geom_c = 0.0
f1, 0= 1.0717e-01
                          N restraints  r.m.s.d.  r.m.s.Z  Mn(sigma)
Bond distances, non H                4     0.001    0.073      0.013
Bond distances, H                    6     0.000    0.000      0.016
Bond angles, non H                   5     0.267    0.154      2.100
Bond angles, H                      14     0.171    0.073      1.929
Torsion angles, period 3             1     0.032    0.003     10.000
Chiral centres                       1     0.000    0.004      0.089



====== CYCLE 16 ======

 weight = 1.0000e+00
 geom_x = 0.10716505414879152
 geom_a = 0
 geom_q = 0
 geom_c = 0.0
f0= 1.0717e-01
using cgsolve in c++, ic=False
diag(geom) min= 1207.842970 max= 17897.365295
diag(all) min= 1207.842970 max= 17897.365295
Trying gamma equal 0.084000
Convergence reached after 12 iterations with no gamma cycles
min(dx) = -1.8464239117833506e-05
max(dx) = 2.9449936538278683e-05
mean(dx)= 2.260693941435894e-07
vdws = 15
atoms = 10
pairs = 41
 geom_x = 0.10716431287908873
 geom_a = 0
 geom_q = 0
 geom_c = 0.0
f1, 0= 1.0716e-01
                          N restraints  r.m.s.d.  r.m.s.Z  Mn(sigma)
Bond distances, non H                4     0.001    0.073      0.013
Bond distances, H                    6     0.000    0.000      0.016
Bond angles, non H                   5     0.267    0.154      2.100
Bond angles, H                      14     0.171    0.073      1.929
Torsion angles, period 3             1     0.030    0.003     10.000
Chiral centres                       1     0.000    0.004      0.089



====== CYCLE 17 ======

 weight = 1.0000e+00
 geom_x = 0.10716431287908873
 geom_a = 0
 geom_q = 0
 geom_c = 0.0
f0= 1.0716e-01
using cgsolve in c++, ic=False
diag(geom) min= 1207.842651 max= 17897.364373
diag(all) min= 1207.842651 max= 17897.364373
Trying gamma equal 0.084000
Convergence reached after 11 iterations with no gamma cycles
min(dx) = -1.721822232491268e-05
max(dx) = 2.7442892446947268e-05
mean(dx)= 2.1096961912533113e-07
vdws = 15
atoms = 10
pairs = 41
 geom_x = 0.10716366888296133
 geom_a = 0
 geom_q = 0
 geom_c = 0.0
f1, 0= 1.0716e-01
                          N restraints  r.m.s.d.  r.m.s.Z  Mn(sigma)
Bond distances, non H                4     0.001    0.073      0.013
Bond distances, H                    6     0.000    0.000      0.016
Bond angles, non H                   5     0.267    0.154      2.100
Bond angles, H                      14     0.171    0.073      1.929
Torsion angles, period 3             1     0.028    0.003     10.000
Chiral centres                       1     0.000    0.004      0.089



====== CYCLE 18 ======

 weight = 1.0000e+00
 geom_x = 0.10716366888296133
 geom_a = 0
 geom_q = 0
 geom_c = 0.0
f0= 1.0716e-01
using cgsolve in c++, ic=False
diag(geom) min= 1207.842351 max= 17897.363493
diag(all) min= 1207.842351 max= 17897.363493
Trying gamma equal 0.084000
Convergence reached after 11 iterations with no gamma cycles
min(dx) = -1.605516457919671e-05
max(dx) = 2.5573902651151457e-05
mean(dx)= 1.9685976346414924e-07
vdws = 15
atoms = 10
pairs = 41
 geom_x = 0.107163109394295
 geom_a = 0
 geom_q = 0
 geom_c = 0.0
f1, 0= 1.0716e-01
                          N restraints  r.m.s.d.  r.m.s.Z  Mn(sigma)
Bond distances, non H                4     0.001    0.073      0.013
Bond distances, H                    6     0.000    0.000      0.016
Bond angles, non H                   5     0.267    0.154      2.100
Bond angles, H                      14     0.171    0.073      1.929
Torsion angles, period 3             1     0.026    0.003     10.000
Chiral centres                       1     0.000    0.004      0.089



====== CYCLE 19 ======

 weight = 1.0000e+00
 geom_x = 0.107163109394295
 geom_a = 0
 geom_q = 0
 geom_c = 0.0
f0= 1.0716e-01
using cgsolve in c++, ic=False
diag(geom) min= 1207.842071 max= 17897.362661
diag(all) min= 1207.842071 max= 17897.362661
Trying gamma equal 0.084000
Convergence reached after 11 iterations with no gamma cycles
min(dx) = -1.4969605310955053e-05
max(dx) = 2.3833130760685232e-05
mean(dx)= 1.836615761914597e-07
vdws = 15
atoms = 10
pairs = 41
 geom_x = 0.10716262332301457
 geom_a = 0
 geom_q = 0
 geom_c = 0.0
f1, 0= 1.0716e-01
                          N restraints  r.m.s.d.  r.m.s.Z  Mn(sigma)
Bond distances, non H                4     0.001    0.073      0.013
Bond distances, H                    6     0.000    0.000      0.016
Bond angles, non H                   5     0.267    0.154      2.100
Bond angles, H                      14     0.171    0.073      1.929
Torsion angles, period 3             1     0.024    0.002     10.000
Chiral centres                       1     0.000    0.004      0.089



====== CYCLE 20 ======

 weight = 1.0000e+00
 geom_x = 0.10716262332301457
 geom_a = 0
 geom_q = 0
 geom_c = 0.0
f0= 1.0716e-01
using cgsolve in c++, ic=False
diag(geom) min= 1207.841808 max= 17897.361875
diag(all) min= 1207.841808 max= 17897.361875
Trying gamma equal 0.084000
Convergence reached after 11 iterations with no gamma cycles
min(dx) = -1.3956618068070714e-05
max(dx) = 2.2211570259936143e-05
mean(dx)= 1.7131875564266704e-07
vdws = 15
atoms = 10
pairs = 41
 geom_x = 0.10716220103475438
 geom_a = 0
 geom_q = 0
 geom_c = 0.0
f1, 0= 1.0716e-01
                          N restraints  r.m.s.d.  r.m.s.Z  Mn(sigma)
Bond distances, non H                4     0.001    0.073      0.013
Bond distances, H                    6     0.000    0.000      0.016
Bond angles, non H                   5     0.267    0.154      2.100
Bond angles, H                      14     0.171    0.073      1.929
Torsion angles, period 3             1     0.023    0.002     10.000
Chiral centres                       1     0.000    0.004      0.089



====== CYCLE 21 ======

 weight = 1.0000e+00
 geom_x = 0.10716220103475438
 geom_a = 0
 geom_q = 0
 geom_c = 0.0
f0= 1.0716e-01
using cgsolve in c++, ic=False
diag(geom) min= 1207.841562 max= 17897.361135
diag(all) min= 1207.841562 max= 17897.361135
Trying gamma equal 0.084000
Convergence reached after 11 iterations with no gamma cycles
min(dx) = -1.301155041438487e-05
max(dx) = 2.0700866200466472e-05
mean(dx)= 1.5978156907172762e-07
vdws = 15
atoms = 10
pairs = 41
 geom_x = 0.1071618341596257
 geom_a = 0
 geom_q = 0
 geom_c = 0.0
f1, 0= 1.0716e-01
                          N restraints  r.m.s.d.  r.m.s.Z  Mn(sigma)
Bond distances, non H                4     0.001    0.073      0.013
Bond distances, H                    6     0.000    0.000      0.016
Bond angles, non H                   5     0.267    0.154      2.100
Bond angles, H                      14     0.171    0.073      1.929
Torsion angles, period 3             1     0.021    0.002     10.000
Chiral centres                       1     0.000    0.004      0.089



====== CYCLE 22 ======

 weight = 1.0000e+00
 geom_x = 0.1071618341596257
 geom_a = 0
 geom_q = 0
 geom_c = 0.0
f0= 1.0716e-01
using cgsolve in c++, ic=False
diag(geom) min= 1207.841331 max= 17897.360440
diag(all) min= 1207.841331 max= 17897.360440
Trying gamma equal 0.084000
Convergence reached after 11 iterations with no gamma cycles
min(dx) = -1.2130007985369821e-05
max(dx) = 1.92933018585383e-05
mean(dx)= 1.490028115516298e-07
vdws = 15
atoms = 10
pairs = 41
 geom_x = 0.10716151542619956
 geom_a = 0
 geom_q = 0
 geom_c = 0.0
f1, 0= 1.0716e-01
                          N restraints  r.m.s.d.  r.m.s.Z  Mn(sigma)
Bond distances, non H                4     0.001    0.073      0.013
Bond distances, H                    6     0.000    0.000      0.016
Bond angles, non H                   5     0.267    0.154      2.100
Bond angles, H                      14     0.171    0.073      1.929
Torsion angles, period 3             1     0.020    0.002     10.000
Chiral centres                       1     0.000    0.004      0.089



====== CYCLE 23 ======

 weight = 1.0000e+00
 geom_x = 0.10716151542619956
 geom_a = 0
 geom_q = 0
 geom_c = 0.0
f0= 1.0716e-01
using cgsolve in c++, ic=False
diag(geom) min= 1207.841116 max= 17897.359788
diag(all) min= 1207.841116 max= 17897.359788
Trying gamma equal 0.084000
Convergence reached after 11 iterations with no gamma cycles
min(dx) = -1.1307838518822235e-05
max(dx) = 1.798173494225507e-05
mean(dx)= 1.3893699632613538e-07
vdws = 15
atoms = 10
pairs = 41
 geom_x = 0.10716123851724363
 geom_a = 0
 geom_q = 0
 geom_c = 0.0
f1, 0= 1.0716e-01
                          N restraints  r.m.s.d.  r.m.s.Z  Mn(sigma)
Bond distances, non H                4     0.001    0.073      0.013
Bond distances, H                    6     0.000    0.000      0.016
Bond angles, non H                   5     0.267    0.154      2.100
Bond angles, H                      14     0.171    0.073      1.929
Torsion angles, period 3             1     0.018    0.002     10.000
Chiral centres                       1     0.000    0.004      0.089



====== CYCLE 24 ======

 weight = 1.0000e+00
 geom_x = 0.10716123851724363
 geom_a = 0
 geom_q = 0
 geom_c = 0.0
f0= 1.0716e-01
using cgsolve in c++, ic=False
diag(geom) min= 1207.840914 max= 17897.359177
diag(all) min= 1207.840914 max= 17897.359177
Trying gamma equal 0.084000
Convergence reached after 11 iterations with no gamma cycles
min(dx) = -1.0541130440563344e-05
max(dx) = 1.6759544255584424e-05
mean(dx)= 1.2954065669403564e-07
vdws = 15
atoms = 10
pairs = 41
 geom_x = 0.10716099794452977
 geom_a = 0
 geom_q = 0
 geom_c = 0.0
f1, 0= 1.0716e-01
                          N restraints  r.m.s.d.  r.m.s.Z  Mn(sigma)
Bond distances, non H                4     0.001    0.073      0.013
Bond distances, H                    6     0.000    0.000      0.016
Bond angles, non H                   5     0.267    0.154      2.100
Bond angles, H                      14     0.171    0.073      1.929
Torsion angles, period 3             1     0.017    0.002     10.000
Chiral centres                       1     0.000    0.004      0.089



====== CYCLE 25 ======

 weight = 1.0000e+00
 geom_x = 0.10716099794452977
 geom_a = 0
 geom_q = 0
 geom_c = 0.0
f0= 1.0716e-01
using cgsolve in c++, ic=False
diag(geom) min= 1207.840726 max= 17897.358606
diag(all) min= 1207.840726 max= 17897.358606
Trying gamma equal 0.084000
Convergence reached after 11 iterations with no gamma cycles
min(dx) = -9.826207179625339e-06
max(dx) = 1.5620585029738825e-05
mean(dx)= 1.207719424808692e-07
vdws = 15
atoms = 10
pairs = 41
 geom_x = 0.10716078893999936
 geom_a = 0
 geom_q = 0
 geom_c = 0.0
f1, 0= 1.0716e-01
                          N restraints  r.m.s.d.  r.m.s.Z  Mn(sigma)
Bond distances, non H                4     0.001    0.073      0.013
Bond distances, H                    6     0.000    0.000      0.016
Bond angles, non H                   5     0.267    0.154      2.100
Bond angles, H                      14     0.171    0.073      1.929
Torsion angles, period 3             1     0.016    0.002     10.000
Chiral centres                       1     0.000    0.004      0.089



====== CYCLE 26 ======

 weight = 1.0000e+00
 geom_x = 0.10716078893999936
 geom_a = 0
 geom_q = 0
 geom_c = 0.0
f0= 1.0716e-01
using cgsolve in c++, ic=False
diag(geom) min= 1207.840550 max= 17897.358071
diag(all) min= 1207.840550 max= 17897.358071
Trying gamma equal 0.084000
Convergence reached after 11 iterations with no gamma cycles
min(dx) = -9.159619505504418e-06
max(dx) = 1.4559148655175091e-05
mean(dx)= 1.1259104658420199e-07
vdws = 15
atoms = 10
pairs = 41
 geom_x = 0.10716060736126726
 geom_a = 0
 geom_q = 0
 geom_c = 0.0
f1, 0= 1.0716e-01
                          N restraints  r.m.s.d.  r.m.s.Z  Mn(sigma)
Bond distances, non H                4     0.001    0.073      0.013
Bond distances, H                    6     0.000    0.000      0.016
Bond angles, non H                   5     0.267    0.154      2.100
Bond angles, H                      14     0.171    0.073      1.929
Torsion angles, period 3             1     0.015    0.001     10.000
Chiral centres                       1     0.000    0.004      0.089



====== CYCLE 27 ======

 weight = 1.0000e+00
 geom_x = 0.10716060736126726
 geom_a = 0
 geom_q = 0
 geom_c = 0.0
f0= 1.0716e-01
using cgsolve in c++, ic=False
diag(geom) min= 1207.840386 max= 17897.357572
diag(all) min= 1207.840386 max= 17897.357572
Trying gamma equal 0.084000
Convergence reached after 11 iterations with no gamma cycles
min(dx) = -8.538135632222613e-06
max(dx) = 1.3569928732130355e-05
mean(dx)= 1.0496000602999986e-07
vdws = 15
atoms = 10
pairs = 41
 geom_x = 0.10716044960950386
 geom_a = 0
 geom_q = 0
 geom_c = 0.0
f1, 0= 1.0716e-01
                          N restraints  r.m.s.d.  r.m.s.Z  Mn(sigma)
Bond distances, non H                4     0.001    0.073      0.013
Bond distances, H                    6     0.000    0.000      0.016
Bond angles, non H                   5     0.267    0.154      2.100
Bond angles, H                      14     0.171    0.073      1.929
Torsion angles, period 3             1     0.014    0.001     10.000
Chiral centres                       1     0.000    0.004      0.089



====== CYCLE 28 ======

 weight = 1.0000e+00
 geom_x = 0.10716044960950386
 geom_a = 0
 geom_q = 0
 geom_c = 0.0
f0= 1.0716e-01
using cgsolve in c++, ic=False
diag(geom) min= 1207.840233 max= 17897.357105
diag(all) min= 1207.840233 max= 17897.357105
Trying gamma equal 0.084000
Convergence reached after 11 iterations with no gamma cycles
min(dx) = -7.958731064402356e-06
max(dx) = 1.2647989228864155e-05
mean(dx)= 9.78430579497741e-08
vdws = 15
atoms = 10
pairs = 41
 geom_x = 0.10716031255813221
 geom_a = 0
 geom_q = 0
 geom_c = 0.0
f1, 0= 1.0716e-01
                          N restraints  r.m.s.d.  r.m.s.Z  Mn(sigma)
Bond distances, non H                4     0.001    0.073      0.013
Bond distances, H                    6     0.000    0.000      0.016
Bond angles, non H                   5     0.267    0.154      2.100
Bond angles, H                      14     0.171    0.073      1.929
Torsion angles, period 3             1     0.013    0.001     10.000
Chiral centres                       1     0.000    0.004      0.089



====== CYCLE 29 ======

 weight = 1.0000e+00
 geom_x = 0.10716031255813221
 geom_a = 0
 geom_q = 0
 geom_c = 0.0
f0= 1.0716e-01
using cgsolve in c++, ic=False
diag(geom) min= 1207.840090 max= 17897.356670
diag(all) min= 1207.840090 max= 17897.356670
Trying gamma equal 0.084000
Convergence reached after 11 iterations with no gamma cycles
min(dx) = -7.418577193237088e-06
max(dx) = 1.1788737660523677e-05
mean(dx)= 9.120629019658881e-08
vdws = 15
atoms = 10
pairs = 41
 geom_x = 0.10716019349084283
 geom_a = 0
 geom_q = 0
 geom_c = 0.0
f1, 0= 1.0716e-01
                          N restraints  r.m.s.d.  r.m.s.Z  Mn(sigma)
Bond distances, non H                4     0.001    0.073      0.013
Bond distances, H                    6     0.000    0.000      0.016
Bond angles, non H                   5     0.267    0.154      2.100
Bond angles, H                      14     0.171    0.073      1.929
Torsion angles, period 3             1     0.012    0.001     10.000
Chiral centres                       1     0.000    0.004      0.089



====== CYCLE 30 ======

 weight = 1.0000e+00
 geom_x = 0.10716019349084283
 geom_a = 0
 geom_q = 0
 geom_c = 0.0
f0= 1.0716e-01
using cgsolve in c++, ic=False
diag(geom) min= 1207.839957 max= 17897.356263
diag(all) min= 1207.839957 max= 17897.356263
Trying gamma equal 0.084000
Convergence reached after 11 iterations with no gamma cycles
min(dx) = -6.915030891230434e-06
max(dx) = 1.0987898489933076e-05
mean(dx)= 8.501804062603451e-08
vdws = 15
atoms = 10
pairs = 41
 geom_x = 0.10716009004774014
 geom_a = 0
 geom_q = 0
 geom_c = 0.0
f1, 0= 1.0716e-01
                          N restraints  r.m.s.d.  r.m.s.Z  Mn(sigma)
Bond distances, non H                4     0.001    0.073      0.013
Bond distances, H                    6     0.000    0.000      0.016
Bond angles, non H                   5     0.267    0.154      2.100
Bond angles, H                      14     0.171    0.073      1.929
Torsion angles, period 3             1     0.011    0.001     10.000
Chiral centres                       1     0.000    0.004      0.089


$TABLE: stats vs cycle :
$GRAPHS
: Geometry :A:1,4,2:
: Geometry Z :A:1,3,5:
$$
 Ncyc  rmsBOND  zBOND  rmsANGL  zANGL
$$
$$
    0   0.0008 0.0729   0.2652 0.1539
    1   0.0008 0.0728   0.2669 0.1542
    2   0.0008 0.0728   0.2672 0.1543
    3   0.0008 0.0728   0.2674 0.1543
    4   0.0008 0.0728   0.2674 0.1543
    5   0.0008 0.0729   0.2675 0.1543
    6   0.0008 0.0729   0.2675 0.1543
    7   0.0008 0.0729   0.2674 0.1543
    8   0.0008 0.0729   0.2674 0.1543
    9   0.0008 0.0729   0.2674 0.1543
   10   0.0008 0.0729   0.2674 0.1543
   11   0.0008 0.0729   0.2674 0.1543
   12   0.0008 0.0729   0.2674 0.1543
   13   0.0008 0.0729   0.2674 0.1543
   14   0.0008 0.0729   0.2674 0.1543
   15   0.0008 0.0729   0.2674 0.1543
   16   0.0008 0.0729   0.2673 0.1543
   17   0.0008 0.0729   0.2673 0.1543
   18   0.0008 0.0729   0.2673 0.1542
   19   0.0008 0.0729   0.2673 0.1542
   20   0.0008 0.0729   0.2673 0.1542
   21   0.0008 0.0729   0.2673 0.1542
   22   0.0008 0.0729   0.2673 0.1542
   23   0.0008 0.0729   0.2673 0.1542
   24   0.0008 0.0729   0.2673 0.1542
   25   0.0008 0.0729   0.2673 0.1542
   26   0.0008 0.0729   0.2673 0.1542
   27   0.0008 0.0729   0.2673 0.1542
   28   0.0008 0.0729   0.2673 0.1542
   29   0.0008 0.0729   0.2673 0.1542
   30   0.0008 0.0729   0.2673 0.1542
$$

Updated dictionary saved: EPX_MODEL_TMP/mol_1_conf_5_updated.cif
Refinement statistics saved: EPX_MODEL_TMP/mol_1_conf_5_stats.json

# Finished on 2026-06-14 11:41:14.755097

=========END OF PROCESS INFORMATION ==========
