
============ PROCESS INFORMATION =============
# Servalcat ver. 0.4.128 (Python 3.9.18)
# Library vers. gemmi 0.7.4, scipy 1.7.3, numpy 1.19.5, pandas 1.3.5
# Started on 2026-06-14 11:41:31.153237
# Host: Mac.lan User: hilgersmt
# Command-line:
# servalcat --logfile EPX_MODEL_TMP/servalcat.log refine_geom --update_dictionary EPX_MODEL_TMP/mol_1_conf_14_init.cif -o EPX_MODEL_TMP/mol_1_conf_14 --randomize 0.01
Config loaded
--
refine:
  atom_selection:
    xyz:
      include:
      - '*'
      exclude: []
      exclude_restraint: []
    adp:
      include: []
      exclude: []
      exclude_restraint: []
    occ:
      include: []
      exclude: []
      exclude_restraint: []
    dfrac:
      include: []
      exclude: []
      exclude_restraint: []
  occ_groups: []
  occ_group_constraints: []
  occ_group_const_mu: 10.0
  occ_group_const_mu_update_factor: 1.1
  occ_group_const_mu_update_tol_rel: 0.25
  occ_group_const_mu_update_tol_abs: 0.01
  initialisation:
    adp: {}
    occ: {}
    dfrac: {}
  write_trajectory: false
--
Reading monomers from /Applications/ccp4-9/lib/data/monomers/
Monomer not in the library: EPX.
Reading monomer: EPX_MODEL_TMP/mol_1_conf_14_init.cif
Monomer library loaded: 1 monomers, 109 links, 133 modifications
       loaded monomers: EPX

Checking if unknown atoms exist..
Creating restraints..

Chain info:
 chain 
  ligands: EPX (1 residues)

Number of refinement parameters:
       n_params  n_atoms  n_atoms_geom_only  n_atoms_data_only
xyz           4        4                  0                  0
adp           0        0                  0                  0
occ           0        0                  0                  0
dfrac         0        0                  0                  0

Randomizing structure with rmsd of 0.01
Torsion angle rules:
 include:
  {'group': 'peptide', 'tors_name': 'chi*'}
  {'link': '*', 'tors_name': 'omega'}
  {'residue': '*', 'tors_name': 'sp2_sp2*'}
  {'link': '*', 'tors_name': 'sp2_sp2*'}
 exclude:
  none
External restraints from Refmac instructions
 Number of distances          : 0
 Number of angles             : 0
 Number of torsions           : 0
 Number of chirals            : 0
 Number of planes             : 0
 Number of intervals          : 0
 Number of stackings          : 0
 Number of harmonics          : 0
 Number of special positions  : 0

Running 10 cycles with wchir=4 wvdw=2 without hydrogen
Geometry weights
vdws = 0
atoms = 4
pairs = 6
 *** Chiral centres outliers (Z >= 5) ***

    atomc     atom1     atom2     atom3  value  ideal  sigma  both      z
/EPX 1/C2 /EPX 1/O1 /EPX 1/C3 /EPX 1/C1  2.414 -2.102  0.089 False 50.523

                       N restraints  r.m.s.d.  r.m.s.Z  Mn(sigma)
Bond distances, non H             4     0.032    2.198      0.013
Bond angles, non H                5     5.566    1.911      2.100
Chiral centres                    1     4.517   50.523      0.089


====== CYCLE  1 ======

 weight = 1.0000e+00
 geom_x = 20439.638432295396
 geom_a = 0
 geom_q = 0
 geom_c = 0.0
f0= 2.0440e+04
using cgsolve in c++, ic=False
diag(geom) min= 1934.407422 max= 27043.935044
diag(all) min= 1934.407422 max= 27043.935044
Trying gamma equal 0.000000
Convergence reached after 6 iterations with no gamma cycles
min(dx) = -1.2563570709625502
max(dx) = 0.48248166038139834
mean(dx)= -0.23803018671232437
vdws = 0
atoms = 4
pairs = 6
 geom_x = 3101.3003771450076
 geom_a = 0
 geom_q = 0
 geom_c = 0.0
f1, 0= 3.1013e+03
                       N restraints  r.m.s.d.  r.m.s.Z  Mn(sigma)
Bond distances, non H             4     0.484   29.717      0.013
Bond angles, non H                5    10.416    5.979      2.100
Chiral centres                    1     1.116   12.479      0.089



====== CYCLE  2 ======

 weight = 1.0000e+00
 geom_x = 3101.3003771450076
 geom_a = 0
 geom_q = 0
 geom_c = 0.0
f0= 3.1013e+03
using cgsolve in c++, ic=False
diag(geom) min= 2120.980547 max= 23675.202534
diag(all) min= 2120.980547 max= 23675.202534
Trying gamma equal 0.000000
Convergence reached after 6 iterations with no gamma cycles
min(dx) = -0.2569599410239178
max(dx) = 0.960154366459859
mean(dx)= 0.10289910875717469
vdws = 0
atoms = 4
pairs = 6
 geom_x = 5.104397820805535
 geom_a = 0
 geom_q = 0
 geom_c = 0.0
f1, 0= 5.1044e+00
                       N restraints  r.m.s.d.  r.m.s.Z  Mn(sigma)
Bond distances, non H             4     0.018    1.324      0.013
Bond angles, non H                5     1.942    0.739      2.100
Chiral centres                    1     0.015    0.170      0.089



====== CYCLE  3 ======

 weight = 1.0000e+00
 geom_x = 5.104397820805535
 geom_a = 0
 geom_q = 0
 geom_c = 0.0
f0= 5.1044e+00
using cgsolve in c++, ic=False
diag(geom) min= 1791.500090 max= 17711.475400
diag(all) min= 1791.500090 max= 17711.475400
Trying gamma equal 0.000000
Convergence reached after 6 iterations with no gamma cycles
min(dx) = -0.028002453958781755
max(dx) = 0.05144403658437049
mean(dx)= 0.003280243163770884
vdws = 0
atoms = 4
pairs = 6
 geom_x = 0.08844522792497175
 geom_a = 0
 geom_q = 0
 geom_c = 0.0
f1, 0= 8.8445e-02
                       N restraints  r.m.s.d.  r.m.s.Z  Mn(sigma)
Bond distances, non H             4     0.001    0.067      0.013
Bond angles, non H                5     0.314    0.166      2.100
Chiral centres                    1     0.003    0.036      0.089



====== CYCLE  4 ======

 weight = 1.0000e+00
 geom_x = 0.08844522792497175
 geom_a = 0
 geom_q = 0
 geom_c = 0.0
f0= 8.8445e-02
using cgsolve in c++, ic=False
diag(geom) min= 1761.869042 max= 17534.584619
diag(all) min= 1761.869042 max= 17534.584619
Trying gamma equal 0.000000
Convergence reached after 6 iterations with no gamma cycles
min(dx) = -0.0017136651845992372
max(dx) = 0.003237745434577123
mean(dx)= 0.00013410464127208035
vdws = 0
atoms = 4
pairs = 6
 geom_x = 0.06817651214031686
 geom_a = 0
 geom_q = 0
 geom_c = 0.0
f1, 0= 6.8177e-02
                       N restraints  r.m.s.d.  r.m.s.Z  Mn(sigma)
Bond distances, non H             4     0.001    0.077      0.013
Bond angles, non H                5     0.246    0.150      2.100
Chiral centres                    1     0.001    0.006      0.089



====== CYCLE  5 ======

 weight = 1.0000e+00
 geom_x = 0.06817651214031686
 geom_a = 0
 geom_q = 0
 geom_c = 0.0
f0= 6.8177e-02
using cgsolve in c++, ic=False
diag(geom) min= 1759.465726 max= 17524.245743
diag(all) min= 1759.465726 max= 17524.245743
Trying gamma equal 0.000000
Not converging with gamma equal 0.000000
Trying gamma equal 0.052500
Gamma decreased to 0.042000
min(dx) = -1.0593723964489854e-05
max(dx) = 1.7580958684444575e-05
mean(dx)= 1.2578729423739087e-06
vdws = 0
atoms = 4
pairs = 6
 geom_x = 0.06817599887609087
 geom_a = 0
 geom_q = 0
 geom_c = 0.0
f1, 0= 6.8176e-02
                       N restraints  r.m.s.d.  r.m.s.Z  Mn(sigma)
Bond distances, non H             4     0.001    0.077      0.013
Bond angles, non H                5     0.246    0.150      2.100
Chiral centres                    1     0.001    0.006      0.089



====== CYCLE  6 ======

 weight = 1.0000e+00
 geom_x = 0.06817599887609087
 geom_a = 0
 geom_q = 0
 geom_c = 0.0
f0= 6.8176e-02
using cgsolve in c++, ic=False
diag(geom) min= 1759.454524 max= 17524.184879
diag(all) min= 1759.454524 max= 17524.184879
Trying gamma equal 0.042000
Convergence reached after 6 iterations with no gamma cycles
min(dx) = -4.19596478277386e-06
max(dx) = 6.596427309385535e-06
mean(dx)= 4.90233446678822e-07
vdws = 0
atoms = 4
pairs = 6
 geom_x = 0.06817596182545474
 geom_a = 0
 geom_q = 0
 geom_c = 0.0
f1, 0= 6.8176e-02
                       N restraints  r.m.s.d.  r.m.s.Z  Mn(sigma)
Bond distances, non H             4     0.001    0.077      0.013
Bond angles, non H                5     0.246    0.150      2.100
Chiral centres                    1     0.001    0.006      0.089



====== CYCLE  7 ======

 weight = 1.0000e+00
 geom_x = 0.06817596182545474
 geom_a = 0
 geom_q = 0
 geom_c = 0.0
f0= 6.8176e-02
using cgsolve in c++, ic=False
diag(geom) min= 1759.454323 max= 17524.169859
diag(all) min= 1759.454323 max= 17524.169859
Trying gamma equal 0.042000
Convergence reached after 6 iterations with no gamma cycles
min(dx) = -1.596143441118621e-06
max(dx) = 2.6771213293587565e-06
mean(dx)= 1.7526100394534717e-07
vdws = 0
atoms = 4
pairs = 6
 geom_x = 0.06817595651219553
 geom_a = 0
 geom_q = 0
 geom_c = 0.0
f1, 0= 6.8176e-02
                       N restraints  r.m.s.d.  r.m.s.Z  Mn(sigma)
Bond distances, non H             4     0.001    0.077      0.013
Bond angles, non H                5     0.246    0.150      2.100
Chiral centres                    1     0.001    0.006      0.089



====== CYCLE  8 ======

 weight = 1.0000e+00
 geom_x = 0.06817595651219553
 geom_a = 0
 geom_q = 0
 geom_c = 0.0
f0= 6.8176e-02
using cgsolve in c++, ic=False
diag(geom) min= 1759.454622 max= 17524.165128
diag(all) min= 1759.454622 max= 17524.165128
Trying gamma equal 0.042000
Convergence reached after 6 iterations with no gamma cycles
min(dx) = -6.184221094619821e-07
max(dx) = 1.0484741358365817e-06
mean(dx)= 6.696558552102437e-08
vdws = 0
atoms = 4
pairs = 6
 geom_x = 0.0681759557103867
 geom_a = 0
 geom_q = 0
 geom_c = 0.0
f1, 0= 6.8176e-02
                       N restraints  r.m.s.d.  r.m.s.Z  Mn(sigma)
Bond distances, non H             4     0.001    0.077      0.013
Bond angles, non H                5     0.246    0.150      2.100
Chiral centres                    1     0.001    0.006      0.089



====== CYCLE  9 ======

 weight = 1.0000e+00
 geom_x = 0.0681759557103867
 geom_a = 0
 geom_q = 0
 geom_c = 0.0
f0= 6.8176e-02
using cgsolve in c++, ic=False
diag(geom) min= 1759.454765 max= 17524.163369
diag(all) min= 1759.454765 max= 17524.163369
Trying gamma equal 0.042000
Convergence reached after 6 iterations with no gamma cycles
min(dx) = -2.4030279863024464e-07
max(dx) = 4.0819990758633425e-07
mean(dx)= 2.5952293179462347e-08
vdws = 0
atoms = 4
pairs = 6
 geom_x = 0.06817595558917135
 geom_a = 0
 geom_q = 0
 geom_c = 0.0
f1, 0= 6.8176e-02
                       N restraints  r.m.s.d.  r.m.s.Z  Mn(sigma)
Bond distances, non H             4     0.001    0.077      0.013
Bond angles, non H                5     0.246    0.150      2.100
Chiral centres                    1     0.001    0.006      0.089



====== CYCLE 10 ======

 weight = 1.0000e+00
 geom_x = 0.06817595558917135
 geom_a = 0
 geom_q = 0
 geom_c = 0.0
f0= 6.8176e-02
using cgsolve in c++, ic=False
diag(geom) min= 1759.454822 max= 17524.162690
diag(all) min= 1759.454822 max= 17524.162690
Trying gamma equal 0.042000
Convergence reached after 6 iterations with no gamma cycles
min(dx) = -9.342367383743554e-08
max(dx) = 1.5875400441580724e-07
mean(dx)= 1.0084667462812015e-08
vdws = 0
atoms = 4
pairs = 6
 geom_x = 0.0681759555708467
 geom_a = 0
 geom_q = 0
 geom_c = 0.0
f1, 0= 6.8176e-02
                       N restraints  r.m.s.d.  r.m.s.Z  Mn(sigma)
Bond distances, non H             4     0.001    0.077      0.013
Bond angles, non H                5     0.246    0.150      2.100
Chiral centres                    1     0.001    0.006      0.089


$TABLE: stats vs cycle :
$GRAPHS
: Geometry :A:1,2,4:
: Geometry Z :A:1,3,5:
$$
 Ncyc  rmsBOND   zBOND  rmsANGL  zANGL
$$
$$
    0   0.0324  2.1980   5.5663 1.9112
    1   0.4835 29.7166  10.4157 5.9788
    2   0.0178  1.3244   1.9422 0.7389
    3   0.0007  0.0671   0.3138 0.1659
    4   0.0009  0.0769   0.2463 0.1497
    5   0.0009  0.0770   0.2461 0.1497
    6   0.0009  0.0770   0.2460 0.1497
    7   0.0009  0.0770   0.2460 0.1497
    8   0.0009  0.0770   0.2460 0.1497
    9   0.0009  0.0770   0.2460 0.1497
   10   0.0009  0.0770   0.2460 0.1497
$$

Running 30 cycles with wchir=1 wvdw=2 without hydrogen
Geometry weights
vdws = 0
atoms = 4
pairs = 6
                       N restraints  r.m.s.d.  r.m.s.Z  Mn(sigma)
Bond distances, non H             4     0.001    0.077      0.013
Bond angles, non H                5     0.246    0.150      2.100
Chiral centres                    1     0.001    0.006      0.089


====== CYCLE  1 ======

 weight = 1.0000e+00
 geom_x = 0.0678932749851858
 geom_a = 0
 geom_q = 0
 geom_c = 0.0
f0= 6.7893e-02
using cgsolve in c++, ic=False
diag(geom) min= 549.828818 max= 15862.671366
diag(all) min= 549.828818 max= 15862.671366
Trying gamma equal 0.042000
Convergence reached after 6 iterations with no gamma cycles
min(dx) = -0.0008128370961117978
max(dx) = 0.0009386513797464629
mean(dx)= -2.648670923807545e-05
vdws = 0
atoms = 4
pairs = 6
 geom_x = 0.0658709872154489
 geom_a = 0
 geom_q = 0
 geom_c = 0.0
f1, 0= 6.5871e-02
                       N restraints  r.m.s.d.  r.m.s.Z  Mn(sigma)
Bond distances, non H             4     0.001    0.076      0.013
Bond angles, non H                5     0.226    0.146      2.100
Chiral centres                    1     0.004    0.048      0.089



====== CYCLE  2 ======

 weight = 1.0000e+00
 geom_x = 0.0658709872154489
 geom_a = 0
 geom_q = 0
 geom_c = 0.0
f0= 6.5871e-02
using cgsolve in c++, ic=False
diag(geom) min= 550.531026 max= 15857.183621
diag(all) min= 550.531026 max= 15857.183621
Trying gamma equal 0.042000
Convergence reached after 6 iterations with no gamma cycles
min(dx) = -8.816921640068284e-05
max(dx) = 0.00011074277242052551
mean(dx)= 7.1961147799748315e-06
vdws = 0
atoms = 4
pairs = 6
 geom_x = 0.06586120691110507
 geom_a = 0
 geom_q = 0
 geom_c = 0.0
f1, 0= 6.5861e-02
                       N restraints  r.m.s.d.  r.m.s.Z  Mn(sigma)
Bond distances, non H             4     0.001    0.076      0.013
Bond angles, non H                5     0.225    0.146      2.100
Chiral centres                    1     0.004    0.050      0.089



====== CYCLE  3 ======

 weight = 1.0000e+00
 geom_x = 0.06586120691110507
 geom_a = 0
 geom_q = 0
 geom_c = 0.0
f0= 6.5861e-02
using cgsolve in c++, ic=False
diag(geom) min= 550.487244 max= 15856.762669
diag(all) min= 550.487244 max= 15856.762669
Trying gamma equal 0.042000
Convergence reached after 6 iterations with no gamma cycles
min(dx) = -1.542206559544961e-05
max(dx) = 1.7872520582621743e-05
mean(dx)= 1.39115553090533e-06
vdws = 0
atoms = 4
pairs = 6
 geom_x = 0.06586103232063269
 geom_a = 0
 geom_q = 0
 geom_c = 0.0
f1, 0= 6.5861e-02
                       N restraints  r.m.s.d.  r.m.s.Z  Mn(sigma)
Bond distances, non H             4     0.001    0.076      0.013
Bond angles, non H                5     0.225    0.146      2.100
Chiral centres                    1     0.004    0.050      0.089



====== CYCLE  4 ======

 weight = 1.0000e+00
 geom_x = 0.06586103232063269
 geom_a = 0
 geom_q = 0
 geom_c = 0.0
f0= 6.5861e-02
using cgsolve in c++, ic=False
diag(geom) min= 550.469173 max= 15856.717866
diag(all) min= 550.469173 max= 15856.717866
Trying gamma equal 0.042000
Convergence reached after 6 iterations with no gamma cycles
min(dx) = -2.7798410607930176e-06
max(dx) = 3.7870640979055356e-06
mean(dx)= 2.473758844914466e-07
vdws = 0
atoms = 4
pairs = 6
 geom_x = 0.06586102758539286
 geom_a = 0
 geom_q = 0
 geom_c = 0.0
f1, 0= 6.5861e-02
                       N restraints  r.m.s.d.  r.m.s.Z  Mn(sigma)
Bond distances, non H             4     0.001    0.076      0.013
Bond angles, non H                5     0.225    0.146      2.100
Chiral centres                    1     0.004    0.050      0.089



====== CYCLE  5 ======

 weight = 1.0000e+00
 geom_x = 0.06586102758539286
 geom_a = 0
 geom_q = 0
 geom_c = 0.0
f0= 6.5861e-02
using cgsolve in c++, ic=False
diag(geom) min= 550.465164 max= 15856.712144
diag(all) min= 550.465164 max= 15856.712144
Trying gamma equal 0.042000
Convergence reached after 6 iterations with no gamma cycles
min(dx) = -4.994697604598369e-07
max(dx) = 7.234975287736152e-07
mean(dx)= 4.4008236029332455e-08
vdws = 0
atoms = 4
pairs = 6
 geom_x = 0.06586102743936036
 geom_a = 0
 geom_q = 0
 geom_c = 0.0
f1, 0= 6.5861e-02
                       N restraints  r.m.s.d.  r.m.s.Z  Mn(sigma)
Bond distances, non H             4     0.001    0.076      0.013
Bond angles, non H                5     0.225    0.146      2.100
Chiral centres                    1     0.004    0.050      0.089



====== CYCLE  6 ======

 weight = 1.0000e+00
 geom_x = 0.06586102743936036
 geom_a = 0
 geom_q = 0
 geom_c = 0.0
f0= 6.5861e-02
using cgsolve in c++, ic=False
diag(geom) min= 550.464386 max= 15856.711302
diag(all) min= 550.464386 max= 15856.711302
Trying gamma equal 0.042000
Convergence reached after 6 iterations with no gamma cycles
min(dx) = -8.951233488984518e-08
max(dx) = 1.330578473345341e-07
mean(dx)= 7.850152029114504e-09
vdws = 0
atoms = 4
pairs = 6
 geom_x = 0.0658610274347242
 geom_a = 0
 geom_q = 0
 geom_c = 0.0
f1, 0= 6.5861e-02
                       N restraints  r.m.s.d.  r.m.s.Z  Mn(sigma)
Bond distances, non H             4     0.001    0.076      0.013
Bond angles, non H                5     0.225    0.146      2.100
Chiral centres                    1     0.004    0.050      0.089



====== CYCLE  7 ======

 weight = 1.0000e+00
 geom_x = 0.0658610274347242
 geom_a = 0
 geom_q = 0
 geom_c = 0.0
f0= 6.5861e-02
using cgsolve in c++, ic=False
diag(geom) min= 550.464242 max= 15856.711166
diag(all) min= 550.464242 max= 15856.711166
Trying gamma equal 0.042000
Convergence reached after 6 iterations with no gamma cycles
min(dx) = -1.6022411859791373e-08
max(dx) = 2.4086969293234143e-08
mean(dx)= 1.4022109978414717e-09
vdws = 0
atoms = 4
pairs = 6
 geom_x = 0.06586102743457933
 geom_a = 0
 geom_q = 0
 geom_c = 0.0
f1, 0= 6.5861e-02
                       N restraints  r.m.s.d.  r.m.s.Z  Mn(sigma)
Bond distances, non H             4     0.001    0.076      0.013
Bond angles, non H                5     0.225    0.146      2.100
Chiral centres                    1     0.004    0.050      0.089



====== CYCLE  8 ======

 weight = 1.0000e+00
 geom_x = 0.06586102743457933
 geom_a = 0
 geom_q = 0
 geom_c = 0.0
f0= 6.5861e-02
using cgsolve in c++, ic=False
diag(geom) min= 550.464216 max= 15856.711142
diag(all) min= 550.464216 max= 15856.711142
Trying gamma equal 0.042000
Convergence reached after 6 iterations with no gamma cycles
min(dx) = -2.8663936815017604e-09
max(dx) = 4.330648949510664e-09
mean(dx)= 2.506200950587004e-10
vdws = 0
atoms = 4
pairs = 6
 geom_x = 0.06586102743457732
 geom_a = 0
 geom_q = 0
 geom_c = 0.0
f1, 0= 6.5861e-02
                       N restraints  r.m.s.d.  r.m.s.Z  Mn(sigma)
Bond distances, non H             4     0.001    0.076      0.013
Bond angles, non H                5     0.225    0.146      2.100
Chiral centres                    1     0.004    0.050      0.089



====== CYCLE  9 ======

 weight = 1.0000e+00
 geom_x = 0.06586102743457732
 geom_a = 0
 geom_q = 0
 geom_c = 0.0
f0= 6.5861e-02
using cgsolve in c++, ic=False
diag(geom) min= 550.464211 max= 15856.711138
diag(all) min= 550.464211 max= 15856.711138
Trying gamma equal 0.042000
Convergence reached after 6 iterations with no gamma cycles
min(dx) = -5.126705247144152e-10
max(dx) = 7.762754185264433e-10
mean(dx)= 4.480613407562786e-11
vdws = 0
atoms = 4
pairs = 6
 geom_x = 0.0658610274345734
 geom_a = 0
 geom_q = 0
 geom_c = 0.0
f1, 0= 6.5861e-02
                       N restraints  r.m.s.d.  r.m.s.Z  Mn(sigma)
Bond distances, non H             4     0.001    0.076      0.013
Bond angles, non H                5     0.225    0.146      2.100
Chiral centres                    1     0.004    0.050      0.089



====== CYCLE 10 ======

 weight = 1.0000e+00
 geom_x = 0.0658610274345734
 geom_a = 0
 geom_q = 0
 geom_c = 0.0
f0= 6.5861e-02
using cgsolve in c++, ic=False
diag(geom) min= 550.464210 max= 15856.711138
diag(all) min= 550.464210 max= 15856.711138
Trying gamma equal 0.042000
Convergence reached after 6 iterations with no gamma cycles
min(dx) = -9.168400207205252e-11
max(dx) = 1.3896303439712505e-10
mean(dx)= 8.011479584225161e-12
vdws = 0
atoms = 4
pairs = 6
 geom_x = 0.06586102743457047
 geom_a = 0
 geom_q = 0
 geom_c = 0.0
f1, 0= 6.5861e-02
                       N restraints  r.m.s.d.  r.m.s.Z  Mn(sigma)
Bond distances, non H             4     0.001    0.076      0.013
Bond angles, non H                5     0.225    0.146      2.100
Chiral centres                    1     0.004    0.050      0.089



====== CYCLE 11 ======

 weight = 1.0000e+00
 geom_x = 0.06586102743457047
 geom_a = 0
 geom_q = 0
 geom_c = 0.0
f0= 6.5861e-02
using cgsolve in c++, ic=False
diag(geom) min= 550.464210 max= 15856.711138
diag(all) min= 550.464210 max= 15856.711138
Trying gamma equal 0.042000
Convergence reached after 6 iterations with no gamma cycles
min(dx) = -1.639557059116258e-11
max(dx) = 2.486106711774253e-11
mean(dx)= 1.4325618919884421e-12
vdws = 0
atoms = 4
pairs = 6
 geom_x = 0.0658610274345742
 geom_a = 0
 geom_q = 0
 geom_c = 0.0
f1, 0= 6.5861e-02
min(dx) = -8.19778529558129e-12
max(dx) = 1.2430533558871265e-11
mean(dx)= 7.162809459942211e-13
vdws = 0
atoms = 4
pairs = 6
 geom_x = 0.06586102743457102
 geom_a = 0
 geom_q = 0
 geom_c = 0.0
f1, 1= 6.5861e-02
min(dx) = -4.098892647790645e-12
max(dx) = 6.215266779435633e-12
mean(dx)= 3.5814047299711053e-13
vdws = 0
atoms = 4
pairs = 6
 geom_x = 0.06586102743457604
 geom_a = 0
 geom_q = 0
 geom_c = 0.0
f1, 2= 6.5861e-02
WARNING: function not minimised
                       N restraints  r.m.s.d.  r.m.s.Z  Mn(sigma)
Bond distances, non H             4     0.001    0.076      0.013
Bond angles, non H                5     0.225    0.146      2.100
Chiral centres                    1     0.004    0.050      0.089



====== CYCLE 12 ======

 weight = 1.0000e+00
 geom_x = 0.06586102743457604
 geom_a = 0
 geom_q = 0
 geom_c = 0.0
f0= 6.5861e-02
using cgsolve in c++, ic=False
diag(geom) min= 550.464210 max= 15856.711138
diag(all) min= 550.464210 max= 15856.711138
Trying gamma equal 0.042000
Convergence reached after 6 iterations with no gamma cycles
min(dx) = -1.3029722729638979e-11
max(dx) = 1.975776023549166e-11
mean(dx)= 1.1384765046491058e-12
vdws = 0
atoms = 4
pairs = 6
 geom_x = 0.0658610274345725
 geom_a = 0
 geom_q = 0
 geom_c = 0.0
f1, 0= 6.5861e-02
                       N restraints  r.m.s.d.  r.m.s.Z  Mn(sigma)
Bond distances, non H             4     0.001    0.076      0.013
Bond angles, non H                5     0.225    0.146      2.100
Chiral centres                    1     0.004    0.050      0.089



====== CYCLE 13 ======

 weight = 1.0000e+00
 geom_x = 0.0658610274345725
 geom_a = 0
 geom_q = 0
 geom_c = 0.0
f0= 6.5861e-02
using cgsolve in c++, ic=False
diag(geom) min= 550.464210 max= 15856.711138
diag(all) min= 550.464210 max= 15856.711138
Trying gamma equal 0.042000
Convergence reached after 6 iterations with no gamma cycles
min(dx) = -2.3298180547296563e-12
max(dx) = 3.5334331589513863e-12
mean(dx)= 2.0354603818659034e-13
vdws = 0
atoms = 4
pairs = 6
 geom_x = 0.06586102743456991
 geom_a = 0
 geom_q = 0
 geom_c = 0.0
f1, 0= 6.5861e-02
                       N restraints  r.m.s.d.  r.m.s.Z  Mn(sigma)
Bond distances, non H             4     0.001    0.076      0.013
Bond angles, non H                5     0.225    0.146      2.100
Chiral centres                    1     0.004    0.050      0.089



====== CYCLE 14 ======

 weight = 1.0000e+00
 geom_x = 0.06586102743456991
 geom_a = 0
 geom_q = 0
 geom_c = 0.0
f0= 6.5861e-02
using cgsolve in c++, ic=False
diag(geom) min= 550.464210 max= 15856.711138
diag(all) min= 550.464210 max= 15856.711138
Trying gamma equal 0.042000
Convergence reached after 6 iterations with no gamma cycles
min(dx) = -4.1690550834303844e-13
max(dx) = 6.321229083808206e-13
mean(dx)= 3.6390906898546086e-14
vdws = 0
atoms = 4
pairs = 6
 geom_x = 0.06586102743457163
 geom_a = 0
 geom_q = 0
 geom_c = 0.0
f1, 0= 6.5861e-02
min(dx) = -2.0845275417151922e-13
max(dx) = 3.160614541904103e-13
mean(dx)= 1.8195453449273043e-14
vdws = 0
atoms = 4
pairs = 6
 geom_x = 0.06586102743457449
 geom_a = 0
 geom_q = 0
 geom_c = 0.0
f1, 1= 6.5861e-02
min(dx) = -1.0422637708575961e-13
max(dx) = 1.5803072709520515e-13
mean(dx)= 9.097726724636522e-15
vdws = 0
atoms = 4
pairs = 6
 geom_x = 0.0658610274345714
 geom_a = 0
 geom_q = 0
 geom_c = 0.0
f1, 2= 6.5861e-02
WARNING: function not minimised
                       N restraints  r.m.s.d.  r.m.s.Z  Mn(sigma)
Bond distances, non H             4     0.001    0.076      0.013
Bond angles, non H                5     0.225    0.146      2.100
Chiral centres                    1     0.004    0.050      0.089



====== CYCLE 15 ======

 weight = 1.0000e+00
 geom_x = 0.0658610274345714
 geom_a = 0
 geom_q = 0
 geom_c = 0.0
f0= 6.5861e-02
using cgsolve in c++, ic=False
diag(geom) min= 550.464210 max= 15856.711138
diag(all) min= 550.464210 max= 15856.711138
Trying gamma equal 0.042000
Convergence reached after 6 iterations with no gamma cycles
min(dx) = -3.311322916493867e-13
max(dx) = 5.020817425772356e-13
mean(dx)= 2.891729389069009e-14
vdws = 0
atoms = 4
pairs = 6
 geom_x = 0.06586102743457117
 geom_a = 0
 geom_q = 0
 geom_c = 0.0
f1, 0= 6.5861e-02
                       N restraints  r.m.s.d.  r.m.s.Z  Mn(sigma)
Bond distances, non H             4     0.001    0.076      0.013
Bond angles, non H                5     0.225    0.146      2.100
Chiral centres                    1     0.004    0.050      0.089



====== CYCLE 16 ======

 weight = 1.0000e+00
 geom_x = 0.06586102743457117
 geom_a = 0
 geom_q = 0
 geom_c = 0.0
f0= 6.5861e-02
using cgsolve in c++, ic=False
diag(geom) min= 550.464210 max= 15856.711138
diag(all) min= 550.464210 max= 15856.711138
Trying gamma equal 0.042000
Convergence reached after 6 iterations with no gamma cycles
min(dx) = -5.899706198904951e-14
max(dx) = 8.98478698386419e-14
mean(dx)= 5.192428968233223e-15
vdws = 0
atoms = 4
pairs = 6
 geom_x = 0.06586102743457174
 geom_a = 0
 geom_q = 0
 geom_c = 0.0
f1, 0= 6.5861e-02
min(dx) = -2.9498530994524756e-14
max(dx) = 4.492393491932095e-14
mean(dx)= 2.5962144841166115e-15
vdws = 0
atoms = 4
pairs = 6
 geom_x = 0.06586102743457078
 geom_a = 0
 geom_q = 0
 geom_c = 0.0
f1, 1= 6.5861e-02
                       N restraints  r.m.s.d.  r.m.s.Z  Mn(sigma)
Bond distances, non H             4     0.001    0.076      0.013
Bond angles, non H                5     0.225    0.146      2.100
Chiral centres                    1     0.004    0.050      0.089



====== CYCLE 17 ======

 weight = 1.0000e+00
 geom_x = 0.06586102743457078
 geom_a = 0
 geom_q = 0
 geom_c = 0.0
f0= 6.5861e-02
using cgsolve in c++, ic=False
diag(geom) min= 550.464210 max= 15856.711138
diag(all) min= 550.464210 max= 15856.711138
Trying gamma equal 0.042000
Convergence reached after 6 iterations with no gamma cycles
min(dx) = -3.496301369625136e-14
max(dx) = 5.3025790404582363e-14
mean(dx)= 3.042944672274061e-15
vdws = 0
atoms = 4
pairs = 6
 geom_x = 0.06586102743457507
 geom_a = 0
 geom_q = 0
 geom_c = 0.0
f1, 0= 6.5861e-02
min(dx) = -1.748150684812568e-14
max(dx) = 2.6512895202291182e-14
mean(dx)= 1.5214723361370304e-15
vdws = 0
atoms = 4
pairs = 6
 geom_x = 0.06586102743457463
 geom_a = 0
 geom_q = 0
 geom_c = 0.0
f1, 1= 6.5861e-02
min(dx) = -8.74075342406284e-15
max(dx) = 1.3256447601145591e-14
mean(dx)= 7.607361680685152e-16
vdws = 0
atoms = 4
pairs = 6
 geom_x = 0.06586102743457634
 geom_a = 0
 geom_q = 0
 geom_c = 0.0
f1, 2= 6.5861e-02
WARNING: function not minimised
                       N restraints  r.m.s.d.  r.m.s.Z  Mn(sigma)
Bond distances, non H             4     0.001    0.076      0.013
Bond angles, non H                5     0.225    0.146      2.100
Chiral centres                    1     0.004    0.050      0.089



====== CYCLE 18 ======

 weight = 1.0000e+00
 geom_x = 0.06586102743457634
 geom_a = 0
 geom_q = 0
 geom_c = 0.0
f0= 6.5861e-02
using cgsolve in c++, ic=False
diag(geom) min= 550.464210 max= 15856.711138
diag(all) min= 550.464210 max= 15856.711138
Trying gamma equal 0.042000
Convergence reached after 6 iterations with no gamma cycles
min(dx) = -2.785388169720655e-14
max(dx) = 4.208942798052363e-14
mean(dx)= 2.4086867061189498e-15
vdws = 0
atoms = 4
pairs = 6
 geom_x = 0.065861027434571
 geom_a = 0
 geom_q = 0
 geom_c = 0.0
f1, 0= 6.5861e-02
                       N restraints  r.m.s.d.  r.m.s.Z  Mn(sigma)
Bond distances, non H             4     0.001    0.076      0.013
Bond angles, non H                5     0.225    0.146      2.100
Chiral centres                    1     0.004    0.050      0.089



====== CYCLE 19 ======

 weight = 1.0000e+00
 geom_x = 0.065861027434571
 geom_a = 0
 geom_q = 0
 geom_c = 0.0
f0= 6.5861e-02
using cgsolve in c++, ic=False
diag(geom) min= 550.464210 max= 15856.711138
diag(all) min= 550.464210 max= 15856.711138
Trying gamma equal 0.042000
Convergence reached after 7 iterations with no gamma cycles
min(dx) = -4.750045781902637e-15
max(dx) = 7.591912117869164e-15
mean(dx)= 4.668645766148824e-16
vdws = 0
atoms = 4
pairs = 6
 geom_x = 0.06586102743457212
 geom_a = 0
 geom_q = 0
 geom_c = 0.0
f1, 0= 6.5861e-02
min(dx) = -2.3750228909513185e-15
max(dx) = 3.795956058934582e-15
mean(dx)= 2.334322883074412e-16
vdws = 0
atoms = 4
pairs = 6
 geom_x = 0.06586102743457133
 geom_a = 0
 geom_q = 0
 geom_c = 0.0
f1, 1= 6.5861e-02
min(dx) = -1.1875114454756592e-15
max(dx) = 1.897978029467291e-15
mean(dx)= 1.167161441537206e-16
vdws = 0
atoms = 4
pairs = 6
 geom_x = 0.0658610274345721
 geom_a = 0
 geom_q = 0
 geom_c = 0.0
f1, 2= 6.5861e-02
WARNING: function not minimised
                       N restraints  r.m.s.d.  r.m.s.Z  Mn(sigma)
Bond distances, non H             4     0.001    0.076      0.013
Bond angles, non H                5     0.225    0.146      2.100
Chiral centres                    1     0.004    0.050      0.089



====== CYCLE 20 ======

 weight = 1.0000e+00
 geom_x = 0.0658610274345721
 geom_a = 0
 geom_q = 0
 geom_c = 0.0
f0= 6.5861e-02
using cgsolve in c++, ic=False
diag(geom) min= 550.464210 max= 15856.711138
diag(all) min= 550.464210 max= 15856.711138
Trying gamma equal 0.042000
Convergence reached after 7 iterations with no gamma cycles
min(dx) = -3.76726362700617e-15
max(dx) = 6.017291759830283e-15
mean(dx)= 3.585724915041761e-16
vdws = 0
atoms = 4
pairs = 6
 geom_x = 0.06586102743457077
 geom_a = 0
 geom_q = 0
 geom_c = 0.0
f1, 0= 6.5861e-02
                       N restraints  r.m.s.d.  r.m.s.Z  Mn(sigma)
Bond distances, non H             4     0.001    0.076      0.013
Bond angles, non H                5     0.225    0.146      2.100
Chiral centres                    1     0.004    0.050      0.089



====== CYCLE 21 ======

 weight = 1.0000e+00
 geom_x = 0.06586102743457077
 geom_a = 0
 geom_q = 0
 geom_c = 0.0
f0= 6.5861e-02
using cgsolve in c++, ic=False
diag(geom) min= 550.464210 max= 15856.711138
diag(all) min= 550.464210 max= 15856.711138
Trying gamma equal 0.042000
Convergence reached after 7 iterations with no gamma cycles
min(dx) = -5.020321227580795e-16
max(dx) = 8.624929644877063e-16
mean(dx)= 8.050447145492e-17
vdws = 0
atoms = 4
pairs = 6
 geom_x = 0.06586102743457257
 geom_a = 0
 geom_q = 0
 geom_c = 0.0
f1, 0= 6.5861e-02
min(dx) = -2.5101606137903975e-16
max(dx) = 4.3124648224385317e-16
mean(dx)= 4.025223572746e-17
vdws = 0
atoms = 4
pairs = 6
 geom_x = 0.06586102743457076
 geom_a = 0
 geom_q = 0
 geom_c = 0.0
f1, 1= 6.5861e-02
                       N restraints  r.m.s.d.  r.m.s.Z  Mn(sigma)
Bond distances, non H             4     0.001    0.076      0.013
Bond angles, non H                5     0.225    0.146      2.100
Chiral centres                    1     0.004    0.050      0.089



====== CYCLE 22 ======

 weight = 1.0000e+00
 geom_x = 0.06586102743457076
 geom_a = 0
 geom_q = 0
 geom_c = 0.0
f0= 6.5861e-02
using cgsolve in c++, ic=False
diag(geom) min= 550.464210 max= 15856.711138
diag(all) min= 550.464210 max= 15856.711138
Trying gamma equal 0.042000
Convergence reached after 7 iterations with no gamma cycles
min(dx) = -4.244834033627742e-16
max(dx) = 7.057825181170044e-16
mean(dx)= 4.6255951511536794e-17
vdws = 0
atoms = 4
pairs = 6
 geom_x = 0.06586102743457177
 geom_a = 0
 geom_q = 0
 geom_c = 0.0
f1, 0= 6.5861e-02
min(dx) = -2.122417016813871e-16
max(dx) = 3.528912590585022e-16
mean(dx)= 2.3127975755768397e-17
vdws = 0
atoms = 4
pairs = 6
 geom_x = 0.06586102743457214
 geom_a = 0
 geom_q = 0
 geom_c = 0.0
f1, 1= 6.5861e-02
min(dx) = -1.0612085084069355e-16
max(dx) = 1.764456295292511e-16
mean(dx)= 1.1563987877884199e-17
vdws = 0
atoms = 4
pairs = 6
 geom_x = 0.06586102743457113
 geom_a = 0
 geom_q = 0
 geom_c = 0.0
f1, 2= 6.5861e-02
WARNING: function not minimised
                       N restraints  r.m.s.d.  r.m.s.Z  Mn(sigma)
Bond distances, non H             4     0.001    0.076      0.013
Bond angles, non H                5     0.225    0.146      2.100
Chiral centres                    1     0.004    0.050      0.089



====== CYCLE 23 ======

 weight = 1.0000e+00
 geom_x = 0.06586102743457113
 geom_a = 0
 geom_q = 0
 geom_c = 0.0
f0= 6.5861e-02
using cgsolve in c++, ic=False
diag(geom) min= 550.464210 max= 15856.711138
diag(all) min= 550.464210 max= 15856.711138
Trying gamma equal 0.042000
Convergence reached after 7 iterations with no gamma cycles
min(dx) = -3.1405088974770136e-16
max(dx) = 2.1580308601360229e-16
mean(dx)= 4.81812051084062e-18
vdws = 0
atoms = 4
pairs = 6
 geom_x = 0.06586102743457084
 geom_a = 0
 geom_q = 0
 geom_c = 0.0
f1, 0= 6.5861e-02
                       N restraints  r.m.s.d.  r.m.s.Z  Mn(sigma)
Bond distances, non H             4     0.001    0.076      0.013
Bond angles, non H                5     0.225    0.146      2.100
Chiral centres                    1     0.004    0.050      0.089



====== CYCLE 24 ======

 weight = 1.0000e+00
 geom_x = 0.06586102743457084
 geom_a = 0
 geom_q = 0
 geom_c = 0.0
f0= 6.5861e-02
using cgsolve in c++, ic=False
diag(geom) min= 550.464210 max= 15856.711138
diag(all) min= 550.464210 max= 15856.711138
Trying gamma equal 0.042000
Convergence reached after 7 iterations with no gamma cycles
min(dx) = -3.5708151560244115e-17
max(dx) = 1.2853147863707012e-16
mean(dx)= 1.3348592841011416e-17
vdws = 0
atoms = 4
pairs = 6
 geom_x = 0.06586102743457221
 geom_a = 0
 geom_q = 0
 geom_c = 0.0
f1, 0= 6.5861e-02
min(dx) = -1.7854075780122058e-17
max(dx) = 6.426573931853506e-17
mean(dx)= 6.674296420505708e-18
vdws = 0
atoms = 4
pairs = 6
 geom_x = 0.06586102743457084
 geom_a = 0
 geom_q = 0
 geom_c = 0.0
f1, 1= 6.5861e-02
min(dx) = -8.927037890061029e-18
max(dx) = 3.213286965926753e-17
mean(dx)= 3.337148210252854e-18
vdws = 0
atoms = 4
pairs = 6
 geom_x = 0.06586102743457084
 geom_a = 0
 geom_q = 0
 geom_c = 0.0
f1, 2= 6.5861e-02
WARNING: function not minimised
                       N restraints  r.m.s.d.  r.m.s.Z  Mn(sigma)
Bond distances, non H             4     0.001    0.076      0.013
Bond angles, non H                5     0.225    0.146      2.100
Chiral centres                    1     0.004    0.050      0.089



====== CYCLE 25 ======

 weight = 1.0000e+00
 geom_x = 0.06586102743457084
 geom_a = 0
 geom_q = 0
 geom_c = 0.0
f0= 6.5861e-02
using cgsolve in c++, ic=False
diag(geom) min= 550.464210 max= 15856.711138
diag(all) min= 550.464210 max= 15856.711138
Trying gamma equal 0.042000
Convergence reached after 7 iterations with no gamma cycles
min(dx) = -3.562012520617167e-17
max(dx) = 1.2876811437022176e-16
mean(dx)= 1.3433983643696512e-17
vdws = 0
atoms = 4
pairs = 6
 geom_x = 0.06586102743457184
 geom_a = 0
 geom_q = 0
 geom_c = 0.0
f1, 0= 6.5861e-02
min(dx) = -1.7810062603085836e-17
max(dx) = 6.438405718511088e-17
mean(dx)= 6.716991821848256e-18
vdws = 0
atoms = 4
pairs = 6
 geom_x = 0.06586102743457221
 geom_a = 0
 geom_q = 0
 geom_c = 0.0
f1, 1= 6.5861e-02
min(dx) = -8.905031301542918e-18
max(dx) = 3.219202859255544e-17
mean(dx)= 3.358495910924128e-18
vdws = 0
atoms = 4
pairs = 6
 geom_x = 0.06586102743457084
 geom_a = 0
 geom_q = 0
 geom_c = 0.0
f1, 2= 6.5861e-02
WARNING: function not minimised
                       N restraints  r.m.s.d.  r.m.s.Z  Mn(sigma)
Bond distances, non H             4     0.001    0.076      0.013
Bond angles, non H                5     0.225    0.146      2.100
Chiral centres                    1     0.004    0.050      0.089



====== CYCLE 26 ======

 weight = 1.0000e+00
 geom_x = 0.06586102743457084
 geom_a = 0
 geom_q = 0
 geom_c = 0.0
f0= 6.5861e-02
using cgsolve in c++, ic=False
diag(geom) min= 550.464210 max= 15856.711138
diag(all) min= 550.464210 max= 15856.711138
Trying gamma equal 0.042000
Convergence reached after 7 iterations with no gamma cycles
min(dx) = -3.676208635683518e-17
max(dx) = 1.264597728032936e-16
mean(dx)= 1.3010873420715566e-17
vdws = 0
atoms = 4
pairs = 6
 geom_x = 0.06586102743457184
 geom_a = 0
 geom_q = 0
 geom_c = 0.0
f1, 0= 6.5861e-02
min(dx) = -1.838104317841759e-17
max(dx) = 6.32298864016468e-17
mean(dx)= 6.505436710357783e-18
vdws = 0
atoms = 4
pairs = 6
 geom_x = 0.06586102743457221
 geom_a = 0
 geom_q = 0
 geom_c = 0.0
f1, 1= 6.5861e-02
min(dx) = -9.190521589208795e-18
max(dx) = 3.16149432008234e-17
mean(dx)= 3.2527183551788915e-18
vdws = 0
atoms = 4
pairs = 6
 geom_x = 0.06586102743457221
 geom_a = 0
 geom_q = 0
 geom_c = 0.0
f1, 2= 6.5861e-02
WARNING: function not minimised
                       N restraints  r.m.s.d.  r.m.s.Z  Mn(sigma)
Bond distances, non H             4     0.001    0.076      0.013
Bond angles, non H                5     0.225    0.146      2.100
Chiral centres                    1     0.004    0.050      0.089



====== CYCLE 27 ======

 weight = 1.0000e+00
 geom_x = 0.06586102743457221
 geom_a = 0
 geom_q = 0
 geom_c = 0.0
f0= 6.5861e-02
using cgsolve in c++, ic=False
diag(geom) min= 550.464210 max= 15856.711138
diag(all) min= 550.464210 max= 15856.711138
Trying gamma equal 0.042000
Convergence reached after 7 iterations with no gamma cycles
min(dx) = -2.892791078474381e-17
max(dx) = 1.366912514244163e-16
mean(dx)= 1.3452598846281394e-17
vdws = 0
atoms = 4
pairs = 6
 geom_x = 0.06586102743457196
 geom_a = 0
 geom_q = 0
 geom_c = 0.0
f1, 0= 6.5861e-02
                       N restraints  r.m.s.d.  r.m.s.Z  Mn(sigma)
Bond distances, non H             4     0.001    0.076      0.013
Bond angles, non H                5     0.225    0.146      2.100
Chiral centres                    1     0.004    0.050      0.089



====== CYCLE 28 ======

 weight = 1.0000e+00
 geom_x = 0.06586102743457196
 geom_a = 0
 geom_q = 0
 geom_c = 0.0
f0= 6.5861e-02
using cgsolve in c++, ic=False
diag(geom) min= 550.464210 max= 15856.711138
diag(all) min= 550.464210 max= 15856.711138
Trying gamma equal 0.042000
Convergence reached after 7 iterations with no gamma cycles
min(dx) = -6.458866823097367e-17
max(dx) = 1.5189496676305046e-16
mean(dx)= 1.224507598917291e-17
vdws = 0
atoms = 4
pairs = 6
 geom_x = 0.06586102743457184
 geom_a = 0
 geom_q = 0
 geom_c = 0.0
f1, 0= 6.5861e-02
                       N restraints  r.m.s.d.  r.m.s.Z  Mn(sigma)
Bond distances, non H             4     0.001    0.076      0.013
Bond angles, non H                5     0.225    0.146      2.100
Chiral centres                    1     0.004    0.050      0.089



====== CYCLE 29 ======

 weight = 1.0000e+00
 geom_x = 0.06586102743457184
 geom_a = 0
 geom_q = 0
 geom_c = 0.0
f0= 6.5861e-02
using cgsolve in c++, ic=False
diag(geom) min= 550.464210 max= 15856.711138
diag(all) min= 550.464210 max= 15856.711138
Trying gamma equal 0.042000
Convergence reached after 7 iterations with no gamma cycles
min(dx) = -7.125450809479952e-17
max(dx) = 1.5337294445348954e-16
mean(dx)= 1.980880313102414e-17
vdws = 0
atoms = 4
pairs = 6
 geom_x = 0.06586102743457196
 geom_a = 0
 geom_q = 0
 geom_c = 0.0
f1, 0= 6.5861e-02
min(dx) = -3.562725404739976e-17
max(dx) = 7.668647222674477e-17
mean(dx)= 9.90440156551207e-18
vdws = 0
atoms = 4
pairs = 6
 geom_x = 0.06586102743457184
 geom_a = 0
 geom_q = 0
 geom_c = 0.0
f1, 1= 6.5861e-02
min(dx) = -1.781362702369988e-17
max(dx) = 3.8343236113372386e-17
mean(dx)= 4.952200782756035e-18
vdws = 0
atoms = 4
pairs = 6
 geom_x = 0.06586102743457184
 geom_a = 0
 geom_q = 0
 geom_c = 0.0
f1, 2= 6.5861e-02
WARNING: function not minimised
                       N restraints  r.m.s.d.  r.m.s.Z  Mn(sigma)
Bond distances, non H             4     0.001    0.076      0.013
Bond angles, non H                5     0.225    0.146      2.100
Chiral centres                    1     0.004    0.050      0.089



====== CYCLE 30 ======

 weight = 1.0000e+00
 geom_x = 0.06586102743457184
 geom_a = 0
 geom_q = 0
 geom_c = 0.0
f0= 6.5861e-02
using cgsolve in c++, ic=False
diag(geom) min= 550.464210 max= 15856.711138
diag(all) min= 550.464210 max= 15856.711138
Trying gamma equal 0.042000
Convergence reached after 7 iterations with no gamma cycles
min(dx) = -7.21651592992541e-17
max(dx) = 1.4987069809872502e-16
mean(dx)= 1.967395114635308e-17
vdws = 0
atoms = 4
pairs = 6
 geom_x = 0.06586102743457059
 geom_a = 0
 geom_q = 0
 geom_c = 0.0
f1, 0= 6.5861e-02
                       N restraints  r.m.s.d.  r.m.s.Z  Mn(sigma)
Bond distances, non H             4     0.001    0.076      0.013
Bond angles, non H                5     0.225    0.146      2.100
Chiral centres                    1     0.004    0.050      0.089


$TABLE: stats vs cycle :
$GRAPHS
: Geometry :A:1,2,4:
: Geometry Z :A:1,3,5:
$$
 Ncyc  rmsBOND  zBOND  rmsANGL  zANGL
$$
$$
    0   0.0009 0.0770   0.2460 0.1497
    1   0.0008 0.0757   0.2257 0.1459
    2   0.0008 0.0758   0.2247 0.1458
    3   0.0008 0.0758   0.2246 0.1458
    4   0.0008 0.0758   0.2246 0.1458
    5   0.0008 0.0758   0.2246 0.1458
    6   0.0008 0.0758   0.2246 0.1458
    7   0.0008 0.0758   0.2246 0.1458
    8   0.0008 0.0758   0.2246 0.1458
    9   0.0008 0.0758   0.2246 0.1458
   10   0.0008 0.0758   0.2246 0.1458
   11   0.0008 0.0758   0.2246 0.1458
   12   0.0008 0.0758   0.2246 0.1458
   13   0.0008 0.0758   0.2246 0.1458
   14   0.0008 0.0758   0.2246 0.1458
   15   0.0008 0.0758   0.2246 0.1458
   16   0.0008 0.0758   0.2246 0.1458
   17   0.0008 0.0758   0.2246 0.1458
   18   0.0008 0.0758   0.2246 0.1458
   19   0.0008 0.0758   0.2246 0.1458
   20   0.0008 0.0758   0.2246 0.1458
   21   0.0008 0.0758   0.2246 0.1458
   22   0.0008 0.0758   0.2246 0.1458
   23   0.0008 0.0758   0.2246 0.1458
   24   0.0008 0.0758   0.2246 0.1458
   25   0.0008 0.0758   0.2246 0.1458
   26   0.0008 0.0758   0.2246 0.1458
   27   0.0008 0.0758   0.2246 0.1458
   28   0.0008 0.0758   0.2246 0.1458
   29   0.0008 0.0758   0.2246 0.1458
   30   0.0008 0.0758   0.2246 0.1458
$$

Creating restraints..

Chain info:
 chain 
  ligands: EPX (1 residues)

Number of refinement parameters:
       n_params  n_atoms  n_atoms_geom_only  n_atoms_data_only
xyz          10       10                  6                  0
adp           0        0                  0                  0
occ           0        0                  0                  0
dfrac         0        0                  0                  0

Randomizing structure with rmsd of 0.01
Torsion angle rules:
 include:
  {'group': 'peptide', 'tors_name': 'chi*'}
  {'link': '*', 'tors_name': 'omega'}
  {'residue': '*', 'tors_name': 'sp2_sp2*'}
  {'link': '*', 'tors_name': 'sp2_sp2*'}
 exclude:
  none
External restraints from Refmac instructions
 Number of distances          : 0
 Number of angles             : 0
 Number of torsions           : 0
 Number of chirals            : 0
 Number of planes             : 0
 Number of intervals          : 0
 Number of stackings          : 0
 Number of harmonics          : 0
 Number of special positions  : 0

Running 10 cycles with wchir=4 wvdw=2 with hydrogen
Geometry weights
vdws = 15
atoms = 10
pairs = 41
                          N restraints  r.m.s.d.  r.m.s.Z  Mn(sigma)
Bond distances, non H                4     0.011    0.996      0.013
Bond distances, H                    6     0.006    0.405      0.016
Bond angles, non H                   5     0.478    0.253      2.100
Bond angles, H                      14     0.732    0.437      1.929
Torsion angles, period 3             1     0.589    0.059     10.000
Chiral centres                       1     0.023    0.254      0.089


====== CYCLE  1 ======

 weight = 1.0000e+00
 geom_x = 4.493319149953102
 geom_a = 0
 geom_q = 0
 geom_c = 0.0
f0= 4.4933e+00
using cgsolve in c++, ic=False
diag(geom) min= 1477.541335 max= 23193.792774
diag(all) min= 1477.541335 max= 23193.792774
Trying gamma equal 0.000000
Not converging with gamma equal 0.000000
Trying gamma equal 0.052500
Gamma decreased to 0.042000
min(dx) = -0.013200345225501873
max(dx) = 0.008314691730303742
mean(dx)= -0.0014912321160372541
vdws = 15
atoms = 10
pairs = 41
 geom_x = 0.12077398206567257
 geom_a = 0
 geom_q = 0
 geom_c = 0.0
f1, 0= 1.2077e-01
                          N restraints  r.m.s.d.  r.m.s.Z  Mn(sigma)
Bond distances, non H                4     0.001    0.086      0.013
Bond distances, H                    6     0.000    0.015      0.016
Bond angles, non H                   5     0.287    0.156      2.100
Bond angles, H                      14     0.186    0.078      1.929
Torsion angles, period 3             1     0.597    0.060     10.000
Chiral centres                       1     0.000    0.002      0.089



====== CYCLE  2 ======

 weight = 1.0000e+00
 geom_x = 0.12077398206567257
 geom_a = 0
 geom_q = 0
 geom_c = 0.0
f0= 1.2077e-01
using cgsolve in c++, ic=False
diag(geom) min= 1513.194393 max= 23196.666749
diag(all) min= 1513.194393 max= 23196.666749
Trying gamma equal 0.042000
Convergence reached after 23 iterations with no gamma cycles
min(dx) = -0.001522229715976607
max(dx) = 0.0012044842639530478
mean(dx)= -0.00011029391527742527
vdws = 15
atoms = 10
pairs = 41
 geom_x = 0.11046213169786714
 geom_a = 0
 geom_q = 0
 geom_c = 0.0
f1, 0= 1.1046e-01
                          N restraints  r.m.s.d.  r.m.s.Z  Mn(sigma)
Bond distances, non H                4     0.001    0.073      0.013
Bond distances, H                    6     0.000    0.001      0.016
Bond angles, non H                   5     0.272    0.155      2.100
Bond angles, H                      14     0.177    0.074      1.929
Torsion angles, period 3             1     0.465    0.047     10.000
Chiral centres                       1     0.000    0.002      0.089



====== CYCLE  3 ======

 weight = 1.0000e+00
 geom_x = 0.11046213169786714
 geom_a = 0
 geom_q = 0
 geom_c = 0.0
f0= 1.1046e-01
using cgsolve in c++, ic=False
diag(geom) min= 1515.877405 max= 23215.711570
diag(all) min= 1515.877405 max= 23215.711570
Trying gamma equal 0.042000
Convergence reached after 21 iterations with no gamma cycles
min(dx) = -0.000918163278434462
max(dx) = 0.0010846268579979357
mean(dx)= -1.8061685661922373e-05
vdws = 15
atoms = 10
pairs = 41
 geom_x = 0.10862417495976182
 geom_a = 0
 geom_q = 0
 geom_c = 0.0
f1, 0= 1.0862e-01
                          N restraints  r.m.s.d.  r.m.s.Z  Mn(sigma)
Bond distances, non H                4     0.001    0.073      0.013
Bond distances, H                    6     0.000    0.000      0.016
Bond angles, non H                   5     0.268    0.154      2.100
Bond angles, H                      14     0.174    0.073      1.929
Torsion angles, period 3             1     0.363    0.036     10.000
Chiral centres                       1     0.000    0.001      0.089



====== CYCLE  4 ======

 weight = 1.0000e+00
 geom_x = 0.10862417495976182
 geom_a = 0
 geom_q = 0
 geom_c = 0.0
f0= 1.0862e-01
using cgsolve in c++, ic=False
diag(geom) min= 1516.422438 max= 23225.118450
diag(all) min= 1516.422438 max= 23225.118450
Trying gamma equal 0.042000
Convergence reached after 20 iterations with no gamma cycles
min(dx) = -0.0005671597677913282
max(dx) = 0.0008029755636442804
mean(dx)= -3.2687017834456346e-06
vdws = 15
atoms = 10
pairs = 41
 geom_x = 0.10788295082876889
 geom_a = 0
 geom_q = 0
 geom_c = 0.0
f1, 0= 1.0788e-01
                          N restraints  r.m.s.d.  r.m.s.Z  Mn(sigma)
Bond distances, non H                4     0.001    0.073      0.013
Bond distances, H                    6     0.000    0.000      0.016
Bond angles, non H                   5     0.266    0.154      2.100
Bond angles, H                      14     0.173    0.073      1.929
Torsion angles, period 3             1     0.289    0.029     10.000
Chiral centres                       1     0.000    0.001      0.089



====== CYCLE  5 ======

 weight = 1.0000e+00
 geom_x = 0.10788295082876889
 geom_a = 0
 geom_q = 0
 geom_c = 0.0
f0= 1.0788e-01
using cgsolve in c++, ic=False
diag(geom) min= 1516.644681 max= 23229.844649
diag(all) min= 1516.644681 max= 23229.844649
Trying gamma equal 0.042000
Convergence reached after 19 iterations with no gamma cycles
min(dx) = -0.00039814399549437086
max(dx) = 0.0006078504848833976
mean(dx)= 8.241157367360105e-07
vdws = 15
atoms = 10
pairs = 41
 geom_x = 0.1075531730845421
 geom_a = 0
 geom_q = 0
 geom_c = 0.0
f1, 0= 1.0755e-01
                          N restraints  r.m.s.d.  r.m.s.Z  Mn(sigma)
Bond distances, non H                4     0.001    0.073      0.013
Bond distances, H                    6     0.000    0.000      0.016
Bond angles, non H                   5     0.265    0.154      2.100
Bond angles, H                      14     0.173    0.073      1.929
Torsion angles, period 3             1     0.234    0.023     10.000
Chiral centres                       1     0.000    0.001      0.089



====== CYCLE  6 ======

 weight = 1.0000e+00
 geom_x = 0.1075531730845421
 geom_a = 0
 geom_q = 0
 geom_c = 0.0
f0= 1.0755e-01
using cgsolve in c++, ic=False
diag(geom) min= 1516.757153 max= 23231.981346
diag(all) min= 1516.757153 max= 23231.981346
Trying gamma equal 0.042000
Convergence reached after 19 iterations with no gamma cycles
min(dx) = -0.0002847637020684936
max(dx) = 0.0004718539067769178
mean(dx)= 2.0532891486949536e-06
vdws = 15
atoms = 10
pairs = 41
 geom_x = 0.10739622313619783
 geom_a = 0
 geom_q = 0
 geom_c = 0.0
f1, 0= 1.0740e-01
                          N restraints  r.m.s.d.  r.m.s.Z  Mn(sigma)
Bond distances, non H                4     0.001    0.073      0.013
Bond distances, H                    6     0.000    0.000      0.016
Bond angles, non H                   5     0.265    0.154      2.100
Bond angles, H                      14     0.173    0.073      1.929
Torsion angles, period 3             1     0.193    0.019     10.000
Chiral centres                       1     0.000    0.001      0.089



====== CYCLE  7 ======

 weight = 1.0000e+00
 geom_x = 0.10739622313619783
 geom_a = 0
 geom_q = 0
 geom_c = 0.0
f0= 1.0740e-01
using cgsolve in c++, ic=False
diag(geom) min= 1516.826478 max= 23232.628303
diag(all) min= 1516.826478 max= 23232.628303
Trying gamma equal 0.042000
Convergence reached after 19 iterations with no gamma cycles
min(dx) = -0.0002073760990916325
max(dx) = 0.0003753862287060315
mean(dx)= 2.32470514304928e-06
vdws = 15
atoms = 10
pairs = 41
 geom_x = 0.10731570277511208
 geom_a = 0
 geom_q = 0
 geom_c = 0.0
f1, 0= 1.0732e-01
                          N restraints  r.m.s.d.  r.m.s.Z  Mn(sigma)
Bond distances, non H                4     0.001    0.073      0.013
Bond distances, H                    6     0.000    0.000      0.016
Bond angles, non H                   5     0.265    0.154      2.100
Bond angles, H                      14     0.173    0.073      1.929
Torsion angles, period 3             1     0.161    0.016     10.000
Chiral centres                       1     0.000    0.001      0.089



====== CYCLE  8 ======

 weight = 1.0000e+00
 geom_x = 0.10731570277511208
 geom_a = 0
 geom_q = 0
 geom_c = 0.0
f0= 1.0732e-01
using cgsolve in c++, ic=False
diag(geom) min= 1516.877455 max= 23232.419895
diag(all) min= 1516.877455 max= 23232.419895
Trying gamma equal 0.042000
Convergence reached after 18 iterations with no gamma cycles
min(dx) = -0.00015415916564002924
max(dx) = 0.000304389305403658
mean(dx)= 2.260482592774924e-06
vdws = 15
atoms = 10
pairs = 41
 geom_x = 0.10727066996958919
 geom_a = 0
 geom_q = 0
 geom_c = 0.0
f1, 0= 1.0727e-01
                          N restraints  r.m.s.d.  r.m.s.Z  Mn(sigma)
Bond distances, non H                4     0.001    0.073      0.013
Bond distances, H                    6     0.000    0.000      0.016
Bond angles, non H                   5     0.265    0.154      2.100
Bond angles, H                      14     0.173    0.073      1.929
Torsion angles, period 3             1     0.135    0.014     10.000
Chiral centres                       1     0.000    0.001      0.089



====== CYCLE  9 ======

 weight = 1.0000e+00
 geom_x = 0.10727066996958919
 geom_a = 0
 geom_q = 0
 geom_c = 0.0
f0= 1.0727e-01
using cgsolve in c++, ic=False
diag(geom) min= 1516.919345 max= 23231.739203
diag(all) min= 1516.919345 max= 23231.739203
Trying gamma equal 0.042000
Convergence reached after 18 iterations with no gamma cycles
min(dx) = -0.00011811930403037856
max(dx) = 0.0002507606798695418
mean(dx)= 2.083154869548195e-06
vdws = 15
atoms = 10
pairs = 41
 geom_x = 0.10724318424532818
 geom_a = 0
 geom_q = 0
 geom_c = 0.0
f1, 0= 1.0724e-01
                          N restraints  r.m.s.d.  r.m.s.Z  Mn(sigma)
Bond distances, non H                4     0.001    0.073      0.013
Bond distances, H                    6     0.000    0.000      0.016
Bond angles, non H                   5     0.265    0.154      2.100
Bond angles, H                      14     0.173    0.073      1.929
Torsion angles, period 3             1     0.115    0.012     10.000
Chiral centres                       1     0.000    0.001      0.089



====== CYCLE 10 ======

 weight = 1.0000e+00
 geom_x = 0.10724318424532818
 geom_a = 0
 geom_q = 0
 geom_c = 0.0
f0= 1.0724e-01
using cgsolve in c++, ic=False
diag(geom) min= 1516.955620 max= 23230.821091
diag(all) min= 1516.955620 max= 23230.821091
Trying gamma equal 0.042000
Convergence reached after 18 iterations with no gamma cycles
min(dx) = -0.00010055622953516692
max(dx) = 0.00020928477445955246
mean(dx)= 1.8756051905650733e-06
vdws = 15
atoms = 10
pairs = 41
 geom_x = 0.10722509257257194
 geom_a = 0
 geom_q = 0
 geom_c = 0.0
f1, 0= 1.0723e-01
                          N restraints  r.m.s.d.  r.m.s.Z  Mn(sigma)
Bond distances, non H                4     0.001    0.073      0.013
Bond distances, H                    6     0.000    0.000      0.016
Bond angles, non H                   5     0.265    0.154      2.100
Bond angles, H                      14     0.173    0.073      1.929
Torsion angles, period 3             1     0.099    0.010     10.000
Chiral centres                       1     0.000    0.001      0.089


$TABLE: stats vs cycle :
$GRAPHS
: Geometry :A:1,2,4:
: Geometry Z :A:1,3,5:
$$
 Ncyc  rmsBOND  zBOND  rmsANGL  zANGL
$$
$$
    0   0.0106 0.9961   0.4777 0.2531
    1   0.0010 0.0864   0.2869 0.1565
    2   0.0008 0.0730   0.2724 0.1552
    3   0.0008 0.0731   0.2677 0.1543
    4   0.0008 0.0731   0.2660 0.1540
    5   0.0008 0.0730   0.2654 0.1539
    6   0.0008 0.0729   0.2652 0.1538
    7   0.0008 0.0729   0.2652 0.1539
    8   0.0008 0.0729   0.2652 0.1539
    9   0.0008 0.0729   0.2652 0.1539
   10   0.0008 0.0729   0.2652 0.1539
$$

Running 30 cycles with wchir=1 wvdw=2 with hydrogen
Geometry weights
vdws = 15
atoms = 10
pairs = 41
                          N restraints  r.m.s.d.  r.m.s.Z  Mn(sigma)
Bond distances, non H                4     0.001    0.073      0.013
Bond distances, H                    6     0.000    0.000      0.016
Bond angles, non H                   5     0.265    0.154      2.100
Bond angles, H                      14     0.173    0.073      1.929
Torsion angles, period 3             1     0.099    0.010     10.000
Chiral centres                       1     0.000    0.001      0.089


====== CYCLE  1 ======

 weight = 1.0000e+00
 geom_x = 0.10722241780384674
 geom_a = 0
 geom_q = 0
 geom_c = 0.0
f0= 1.0722e-01
using cgsolve in c++, ic=False
diag(geom) min= 1516.987642 max= 18283.972131
diag(all) min= 1516.987642 max= 18283.972131
Trying gamma equal 0.042000
Convergence reached after 22 iterations with no gamma cycles
min(dx) = -0.0001345860637349097
max(dx) = 0.00020385663456458247
mean(dx)= 3.905489495062625e-06
vdws = 15
atoms = 10
pairs = 41
 geom_x = 0.10719608340145222
 geom_a = 0
 geom_q = 0
 geom_c = 0.0
f1, 0= 1.0720e-01
                          N restraints  r.m.s.d.  r.m.s.Z  Mn(sigma)
Bond distances, non H                4     0.001    0.073      0.013
Bond distances, H                    6     0.000    0.000      0.016
Bond angles, non H                   5     0.267    0.154      2.100
Bond angles, H                      14     0.172    0.073      1.929
Torsion angles, period 3             1     0.083    0.008     10.000
Chiral centres                       1     0.000    0.003      0.089



====== CYCLE  2 ======

 weight = 1.0000e+00
 geom_x = 0.10719608340145222
 geom_a = 0
 geom_q = 0
 geom_c = 0.0
f0= 1.0720e-01
using cgsolve in c++, ic=False
diag(geom) min= 1517.047870 max= 18284.471904
diag(all) min= 1517.047870 max= 18284.471904
Trying gamma equal 0.042000
Not converging with gamma equal 0.042000
Trying gamma equal 0.094500
Gamma decreased to 0.084000
min(dx) = -5.036016768991598e-05
max(dx) = 7.609135287447266e-05
mean(dx)= 7.537351969093905e-07
vdws = 15
atoms = 10
pairs = 41
 geom_x = 0.10719121193030454
 geom_a = 0
 geom_q = 0
 geom_c = 0.0
f1, 0= 1.0719e-01
                          N restraints  r.m.s.d.  r.m.s.Z  Mn(sigma)
Bond distances, non H                4     0.001    0.073      0.013
Bond distances, H                    6     0.000    0.000      0.016
Bond angles, non H                   5     0.267    0.154      2.100
Bond angles, H                      14     0.171    0.073      1.929
Torsion angles, period 3             1     0.077    0.008     10.000
Chiral centres                       1     0.000    0.004      0.089



====== CYCLE  3 ======

 weight = 1.0000e+00
 geom_x = 0.10719121193030454
 geom_a = 0
 geom_q = 0
 geom_c = 0.0
f0= 1.0719e-01
using cgsolve in c++, ic=False
diag(geom) min= 1517.075286 max= 18284.587347
diag(all) min= 1517.075286 max= 18284.587347
Trying gamma equal 0.084000
Convergence reached after 18 iterations with no gamma cycles
min(dx) = -4.6695029164328687e-05
max(dx) = 7.49530480720884e-05
mean(dx)= 5.75333258721844e-07
vdws = 15
atoms = 10
pairs = 41
 geom_x = 0.10718687960932177
 geom_a = 0
 geom_q = 0
 geom_c = 0.0
f1, 0= 1.0719e-01
                          N restraints  r.m.s.d.  r.m.s.Z  Mn(sigma)
Bond distances, non H                4     0.001    0.073      0.013
Bond distances, H                    6     0.000    0.000      0.016
Bond angles, non H                   5     0.267    0.154      2.100
Bond angles, H                      14     0.171    0.073      1.929
Torsion angles, period 3             1     0.072    0.007     10.000
Chiral centres                       1     0.000    0.004      0.089



====== CYCLE  4 ======

 weight = 1.0000e+00
 geom_x = 0.10718687960932177
 geom_a = 0
 geom_q = 0
 geom_c = 0.0
f0= 1.0719e-01
using cgsolve in c++, ic=False
diag(geom) min= 1517.093678 max= 18284.665497
diag(all) min= 1517.093678 max= 18284.665497
Trying gamma equal 0.084000
Convergence reached after 17 iterations with no gamma cycles
min(dx) = -4.052256117369692e-05
max(dx) = 6.771835032454253e-05
mean(dx)= 5.130284980369933e-07
vdws = 15
atoms = 10
pairs = 41
 geom_x = 0.10718322835128959
 geom_a = 0
 geom_q = 0
 geom_c = 0.0
f1, 0= 1.0718e-01
                          N restraints  r.m.s.d.  r.m.s.Z  Mn(sigma)
Bond distances, non H                4     0.001    0.073      0.013
Bond distances, H                    6     0.000    0.000      0.016
Bond angles, non H                   5     0.267    0.154      2.100
Bond angles, H                      14     0.171    0.073      1.929
Torsion angles, period 3             1     0.067    0.007     10.000
Chiral centres                       1     0.000    0.004      0.089



====== CYCLE  5 ======

 weight = 1.0000e+00
 geom_x = 0.10718322835128959
 geom_a = 0
 geom_q = 0
 geom_c = 0.0
f0= 1.0718e-01
using cgsolve in c++, ic=False
diag(geom) min= 1517.106932 max= 18284.720357
diag(all) min= 1517.106932 max= 18284.720357
Trying gamma equal 0.084000
Convergence reached after 16 iterations with no gamma cycles
min(dx) = -3.853138091500881e-05
max(dx) = 6.205357859545002e-05
mean(dx)= 4.844859811559193e-07
vdws = 15
atoms = 10
pairs = 41
 geom_x = 0.1071800887456488
 geom_a = 0
 geom_q = 0
 geom_c = 0.0
f1, 0= 1.0718e-01
                          N restraints  r.m.s.d.  r.m.s.Z  Mn(sigma)
Bond distances, non H                4     0.001    0.073      0.013
Bond distances, H                    6     0.000    0.000      0.016
Bond angles, non H                   5     0.267    0.154      2.100
Bond angles, H                      14     0.171    0.073      1.929
Torsion angles, period 3             1     0.062    0.006     10.000
Chiral centres                       1     0.000    0.004      0.089



====== CYCLE  6 ======

 weight = 1.0000e+00
 geom_x = 0.1071800887456488
 geom_a = 0
 geom_q = 0
 geom_c = 0.0
f0= 1.0718e-01
using cgsolve in c++, ic=False
diag(geom) min= 1517.118159 max= 18284.763211
diag(all) min= 1517.118159 max= 18284.763211
Trying gamma equal 0.084000
Convergence reached after 14 iterations with no gamma cycles
min(dx) = -3.634782045468949e-05
max(dx) = 5.7264064527886316e-05
mean(dx)= 4.587900924913704e-07
vdws = 15
atoms = 10
pairs = 41
 geom_x = 0.10717737123772846
 geom_a = 0
 geom_q = 0
 geom_c = 0.0
f1, 0= 1.0718e-01
                          N restraints  r.m.s.d.  r.m.s.Z  Mn(sigma)
Bond distances, non H                4     0.001    0.073      0.013
Bond distances, H                    6     0.000    0.000      0.016
Bond angles, non H                   5     0.267    0.154      2.100
Bond angles, H                      14     0.171    0.073      1.929
Torsion angles, period 3             1     0.058    0.006     10.000
Chiral centres                       1     0.000    0.004      0.089



====== CYCLE  7 ======

 weight = 1.0000e+00
 geom_x = 0.10717737123772846
 geom_a = 0
 geom_q = 0
 geom_c = 0.0
f0= 1.0718e-01
using cgsolve in c++, ic=False
diag(geom) min= 1517.128333 max= 18284.799008
diag(all) min= 1517.128333 max= 18284.799008
Trying gamma equal 0.084000
Convergence reached after 14 iterations with no gamma cycles
min(dx) = -3.4141016613987865e-05
max(dx) = 5.304673652387781e-05
mean(dx)= 4.323845949779962e-07
vdws = 15
atoms = 10
pairs = 41
 geom_x = 0.10717501362305154
 geom_a = 0
 geom_q = 0
 geom_c = 0.0
f1, 0= 1.0718e-01
                          N restraints  r.m.s.d.  r.m.s.Z  Mn(sigma)
Bond distances, non H                4     0.001    0.073      0.013
Bond distances, H                    6     0.000    0.000      0.016
Bond angles, non H                   5     0.267    0.154      2.100
Bond angles, H                      14     0.171    0.073      1.929
Torsion angles, period 3             1     0.054    0.005     10.000
Chiral centres                       1     0.000    0.004      0.089



====== CYCLE  8 ======

 weight = 1.0000e+00
 geom_x = 0.10717501362305154
 geom_a = 0
 geom_q = 0
 geom_c = 0.0
f0= 1.0718e-01
using cgsolve in c++, ic=False
diag(geom) min= 1517.137756 max= 18284.830176
diag(all) min= 1517.137756 max= 18284.830176
Trying gamma equal 0.084000
Convergence reached after 14 iterations with no gamma cycles
min(dx) = -3.198829237886595e-05
max(dx) = 4.9249372996217364e-05
mean(dx)= 4.057384276048964e-07
vdws = 15
atoms = 10
pairs = 41
 geom_x = 0.10717296647108669
 geom_a = 0
 geom_q = 0
 geom_c = 0.0
f1, 0= 1.0717e-01
                          N restraints  r.m.s.d.  r.m.s.Z  Mn(sigma)
Bond distances, non H                4     0.001    0.073      0.013
Bond distances, H                    6     0.000    0.000      0.016
Bond angles, non H                   5     0.267    0.154      2.100
Bond angles, H                      14     0.171    0.073      1.929
Torsion angles, period 3             1     0.050    0.005     10.000
Chiral centres                       1     0.000    0.004      0.089



====== CYCLE  9 ======

 weight = 1.0000e+00
 geom_x = 0.10717296647108669
 geom_a = 0
 geom_q = 0
 geom_c = 0.0
f0= 1.0717e-01
using cgsolve in c++, ic=False
diag(geom) min= 1517.146542 max= 18284.858011
diag(all) min= 1517.146542 max= 18284.858011
Trying gamma equal 0.084000
Convergence reached after 13 iterations with no gamma cycles
min(dx) = -2.9924641160018127e-05
max(dx) = 4.578535422758939e-05
mean(dx)= 3.797433689604953e-07
vdws = 15
atoms = 10
pairs = 41
 geom_x = 0.1071711882768004
 geom_a = 0
 geom_q = 0
 geom_c = 0.0
f1, 0= 1.0717e-01
                          N restraints  r.m.s.d.  r.m.s.Z  Mn(sigma)
Bond distances, non H                4     0.001    0.073      0.013
Bond distances, H                    6     0.000    0.000      0.016
Bond angles, non H                   5     0.267    0.154      2.100
Bond angles, H                      14     0.171    0.073      1.929
Torsion angles, period 3             1     0.046    0.005     10.000
Chiral centres                       1     0.000    0.004      0.089



====== CYCLE 10 ======

 weight = 1.0000e+00
 geom_x = 0.1071711882768004
 geom_a = 0
 geom_q = 0
 geom_c = 0.0
f0= 1.0717e-01
using cgsolve in c++, ic=False
diag(geom) min= 1517.154744 max= 18284.883261
diag(all) min= 1517.154744 max= 18284.883261
Trying gamma equal 0.084000
Convergence reached after 13 iterations with no gamma cycles
min(dx) = -2.7966562207505644e-05
max(dx) = 4.260043570940895e-05
mean(dx)= 3.5480034767323265e-07
vdws = 15
atoms = 10
pairs = 41
 geom_x = 0.10716964346104195
 geom_a = 0
 geom_q = 0
 geom_c = 0.0
f1, 0= 1.0717e-01
                          N restraints  r.m.s.d.  r.m.s.Z  Mn(sigma)
Bond distances, non H                4     0.001    0.073      0.013
Bond distances, H                    6     0.000    0.000      0.016
Bond angles, non H                   5     0.267    0.154      2.100
Bond angles, H                      14     0.171    0.073      1.929
Torsion angles, period 3             1     0.043    0.004     10.000
Chiral centres                       1     0.000    0.004      0.089



====== CYCLE 11 ======

 weight = 1.0000e+00
 geom_x = 0.10716964346104195
 geom_a = 0
 geom_q = 0
 geom_c = 0.0
f0= 1.0717e-01
using cgsolve in c++, ic=False
diag(geom) min= 1517.162401 max= 18284.906386
diag(all) min= 1517.162401 max= 18284.906386
Trying gamma equal 0.084000
Convergence reached after 13 iterations with no gamma cycles
min(dx) = -2.61188960109435e-05
max(dx) = 3.965848381927866e-05
mean(dx)= 3.3123743862088385e-07
vdws = 15
atoms = 10
pairs = 41
 geom_x = 0.10716830128763574
 geom_a = 0
 geom_q = 0
 geom_c = 0.0
f1, 0= 1.0717e-01
                          N restraints  r.m.s.d.  r.m.s.Z  Mn(sigma)
Bond distances, non H                4     0.001    0.073      0.013
Bond distances, H                    6     0.000    0.000      0.016
Bond angles, non H                   5     0.267    0.154      2.100
Bond angles, H                      14     0.171    0.073      1.929
Torsion angles, period 3             1     0.040    0.004     10.000
Chiral centres                       1     0.000    0.004      0.089



====== CYCLE 12 ======

 weight = 1.0000e+00
 geom_x = 0.10716830128763574
 geom_a = 0
 geom_q = 0
 geom_c = 0.0
f0= 1.0717e-01
using cgsolve in c++, ic=False
diag(geom) min= 1517.169546 max= 18284.927691
diag(all) min= 1517.169546 max= 18284.927691
Trying gamma equal 0.084000
Convergence reached after 13 iterations with no gamma cycles
min(dx) = -2.4382040638779286e-05
max(dx) = 3.6932886251251495e-05
mean(dx)= 3.090821879187752e-07
vdws = 15
atoms = 10
pairs = 41
 geom_x = 0.10716713512336654
 geom_a = 0
 geom_q = 0
 geom_c = 0.0
f1, 0= 1.0717e-01
                          N restraints  r.m.s.d.  r.m.s.Z  Mn(sigma)
Bond distances, non H                4     0.001    0.073      0.013
Bond distances, H                    6     0.000    0.000      0.016
Bond angles, non H                   5     0.267    0.154      2.100
Bond angles, H                      14     0.171    0.073      1.929
Torsion angles, period 3             1     0.038    0.004     10.000
Chiral centres                       1     0.000    0.004      0.089



====== CYCLE 13 ======

 weight = 1.0000e+00
 geom_x = 0.10716713512336654
 geom_a = 0
 geom_q = 0
 geom_c = 0.0
f0= 1.0717e-01
using cgsolve in c++, ic=False
diag(geom) min= 1517.176211 max= 18284.947392
diag(all) min= 1517.176211 max= 18284.947392
Trying gamma equal 0.084000
Convergence reached after 13 iterations with no gamma cycles
min(dx) = -2.2753218968393856e-05
max(dx) = 3.4402941660168664e-05
mean(dx)= 2.88319419258542e-07
vdws = 15
atoms = 10
pairs = 41
 geom_x = 0.10716612186021961
 geom_a = 0
 geom_q = 0
 geom_c = 0.0
f1, 0= 1.0717e-01
                          N restraints  r.m.s.d.  r.m.s.Z  Mn(sigma)
Bond distances, non H                4     0.001    0.073      0.013
Bond distances, H                    6     0.000    0.000      0.016
Bond angles, non H                   5     0.267    0.154      2.100
Bond angles, H                      14     0.171    0.073      1.929
Torsion angles, period 3             1     0.035    0.004     10.000
Chiral centres                       1     0.000    0.004      0.089



====== CYCLE 14 ======

 weight = 1.0000e+00
 geom_x = 0.10716612186021961
 geom_a = 0
 geom_q = 0
 geom_c = 0.0
f0= 1.0717e-01
using cgsolve in c++, ic=False
diag(geom) min= 1517.182427 max= 18284.965656
diag(all) min= 1517.182427 max= 18284.965656
Trying gamma equal 0.084000
Convergence reached after 13 iterations with no gamma cycles
min(dx) = -2.12281413047249e-05
max(dx) = 3.2051712403812166e-05
mean(dx)= 2.689003683706661e-07
vdws = 15
atoms = 10
pairs = 41
 geom_x = 0.10716524143622383
 geom_a = 0
 geom_q = 0
 geom_c = 0.0
f1, 0= 1.0717e-01
                          N restraints  r.m.s.d.  r.m.s.Z  Mn(sigma)
Bond distances, non H                4     0.001    0.073      0.013
Bond distances, H                    6     0.000    0.000      0.016
Bond angles, non H                   5     0.267    0.154      2.100
Bond angles, H                      14     0.171    0.073      1.929
Torsion angles, period 3             1     0.033    0.003     10.000
Chiral centres                       1     0.000    0.004      0.089



====== CYCLE 15 ======

 weight = 1.0000e+00
 geom_x = 0.10716524143622383
 geom_a = 0
 geom_q = 0
 geom_c = 0.0
f0= 1.0717e-01
using cgsolve in c++, ic=False
diag(geom) min= 1517.188223 max= 18284.982611
diag(all) min= 1517.188223 max= 18284.982611
Trying gamma equal 0.084000
Convergence reached after 13 iterations with no gamma cycles
min(dx) = -1.9801742705895776e-05
max(dx) = 2.98648107317661e-05
mean(dx)= 2.507585226730468e-07
vdws = 15
atoms = 10
pairs = 41
 geom_x = 0.10716447642818995
 geom_a = 0
 geom_q = 0
 geom_c = 0.0
f1, 0= 1.0716e-01
                          N restraints  r.m.s.d.  r.m.s.Z  Mn(sigma)
Bond distances, non H                4     0.001    0.073      0.013
Bond distances, H                    6     0.000    0.000      0.016
Bond angles, non H                   5     0.267    0.154      2.100
Bond angles, H                      14     0.171    0.073      1.929
Torsion angles, period 3             1     0.030    0.003     10.000
Chiral centres                       1     0.000    0.004      0.089



====== CYCLE 16 ======

 weight = 1.0000e+00
 geom_x = 0.10716447642818995
 geom_a = 0
 geom_q = 0
 geom_c = 0.0
f0= 1.0716e-01
using cgsolve in c++, ic=False
diag(geom) min= 1517.193627 max= 18284.998368
diag(all) min= 1517.193627 max= 18284.998368
Trying gamma equal 0.084000
Convergence reached after 12 iterations with no gamma cycles
min(dx) = -1.8468709330033604e-05
max(dx) = 2.7829810371044758e-05
mean(dx)= 2.33831486180137e-07
vdws = 15
atoms = 10
pairs = 41
 geom_x = 0.10716381170164807
 geom_a = 0
 geom_q = 0
 geom_c = 0.0
f1, 0= 1.0716e-01
                          N restraints  r.m.s.d.  r.m.s.Z  Mn(sigma)
Bond distances, non H                4     0.001    0.073      0.013
Bond distances, H                    6     0.000    0.000      0.016
Bond angles, non H                   5     0.267    0.154      2.100
Bond angles, H                      14     0.171    0.073      1.929
Torsion angles, period 3             1     0.028    0.003     10.000
Chiral centres                       1     0.000    0.004      0.089



====== CYCLE 17 ======

 weight = 1.0000e+00
 geom_x = 0.10716381170164807
 geom_a = 0
 geom_q = 0
 geom_c = 0.0
f0= 1.0716e-01
using cgsolve in c++, ic=False
diag(geom) min= 1517.198663 max= 18285.013023
diag(all) min= 1517.198663 max= 18285.013023
Trying gamma equal 0.084000
Convergence reached after 12 iterations with no gamma cycles
min(dx) = -1.722338561396516e-05
max(dx) = 2.5934930564466073e-05
mean(dx)= 2.180110502341399e-07
vdws = 15
atoms = 10
pairs = 41
 geom_x = 0.1071632341086889
 geom_a = 0
 geom_q = 0
 geom_c = 0.0
f1, 0= 1.0716e-01
                          N restraints  r.m.s.d.  r.m.s.Z  Mn(sigma)
Bond distances, non H                4     0.001    0.073      0.013
Bond distances, H                    6     0.000    0.000      0.016
Bond angles, non H                   5     0.267    0.154      2.100
Bond angles, H                      14     0.171    0.073      1.929
Torsion angles, period 3             1     0.026    0.003     10.000
Chiral centres                       1     0.000    0.004      0.089



====== CYCLE 18 ======

 weight = 1.0000e+00
 geom_x = 0.1071632341086889
 geom_a = 0
 geom_q = 0
 geom_c = 0.0
f0= 1.0716e-01
using cgsolve in c++, ic=False
diag(geom) min= 1517.203358 max= 18285.026660
diag(all) min= 1517.203358 max= 18285.026660
Trying gamma equal 0.084000
Convergence reached after 11 iterations with no gamma cycles
min(dx) = -1.6060867328423717e-05
max(dx) = 2.4170407249557523e-05
mean(dx)= 2.0325208146973861e-07
vdws = 15
atoms = 10
pairs = 41
 geom_x = 0.10716273222630182
 geom_a = 0
 geom_q = 0
 geom_c = 0.0
f1, 0= 1.0716e-01
                          N restraints  r.m.s.d.  r.m.s.Z  Mn(sigma)
Bond distances, non H                4     0.001    0.073      0.013
Bond distances, H                    6     0.000    0.000      0.016
Bond angles, non H                   5     0.267    0.154      2.100
Bond angles, H                      14     0.171    0.073      1.929
Torsion angles, period 3             1     0.025    0.002     10.000
Chiral centres                       1     0.000    0.004      0.089



====== CYCLE 19 ======

 weight = 1.0000e+00
 geom_x = 0.10716273222630182
 geom_a = 0
 geom_q = 0
 geom_c = 0.0
f0= 1.0716e-01
using cgsolve in c++, ic=False
diag(geom) min= 1517.207735 max= 18285.039353
diag(all) min= 1517.207735 max= 18285.039353
Trying gamma equal 0.084000
Convergence reached after 11 iterations with no gamma cycles
min(dx) = -1.497589628566999e-05
max(dx) = 2.2526868268371736e-05
mean(dx)= 1.8949361578724822e-07
vdws = 15
atoms = 10
pairs = 41
 geom_x = 0.10716229612963561
 geom_a = 0
 geom_q = 0
 geom_c = 0.0
f1, 0= 1.0716e-01
                          N restraints  r.m.s.d.  r.m.s.Z  Mn(sigma)
Bond distances, non H                4     0.001    0.073      0.013
Bond distances, H                    6     0.000    0.000      0.016
Bond angles, non H                   5     0.267    0.154      2.100
Bond angles, H                      14     0.171    0.073      1.929
Torsion angles, period 3             1     0.023    0.002     10.000
Chiral centres                       1     0.000    0.004      0.089



====== CYCLE 20 ======

 weight = 1.0000e+00
 geom_x = 0.10716229612963561
 geom_a = 0
 geom_q = 0
 geom_c = 0.0
f0= 1.0716e-01
using cgsolve in c++, ic=False
diag(geom) min= 1517.211814 max= 18285.051172
diag(all) min= 1517.211814 max= 18285.051172
Trying gamma equal 0.084000
Convergence reached after 11 iterations with no gamma cycles
min(dx) = -1.396342790036913e-05
max(dx) = 2.0995780065515046e-05
mean(dx)= 1.7666759507012598e-07
vdws = 15
atoms = 10
pairs = 41
 geom_x = 0.10716191719522061
 geom_a = 0
 geom_q = 0
 geom_c = 0.0
f1, 0= 1.0716e-01
                          N restraints  r.m.s.d.  r.m.s.Z  Mn(sigma)
Bond distances, non H                4     0.001    0.073      0.013
Bond distances, H                    6     0.000    0.000      0.016
Bond angles, non H                   5     0.267    0.154      2.100
Bond angles, H                      14     0.171    0.073      1.929
Torsion angles, period 3             1     0.021    0.002     10.000
Chiral centres                       1     0.000    0.004      0.089



====== CYCLE 21 ======

 weight = 1.0000e+00
 geom_x = 0.10716191719522061
 geom_a = 0
 geom_q = 0
 geom_c = 0.0
f0= 1.0716e-01
using cgsolve in c++, ic=False
diag(geom) min= 1517.215617 max= 18285.062180
diag(all) min= 1517.215617 max= 18285.062180
Trying gamma equal 0.084000
Convergence reached after 11 iterations with no gamma cycles
min(dx) = -1.3018822498991327e-05
max(dx) = 1.9569274834584065e-05
mean(dx)= 1.6470291096115754e-07
vdws = 15
atoms = 10
pairs = 41
 geom_x = 0.10716158793019437
 geom_a = 0
 geom_q = 0
 geom_c = 0.0
f1, 0= 1.0716e-01
                          N restraints  r.m.s.d.  r.m.s.Z  Mn(sigma)
Bond distances, non H                4     0.001    0.073      0.013
Bond distances, H                    6     0.000    0.000      0.016
Bond angles, non H                   5     0.267    0.154      2.100
Bond angles, H                      14     0.171    0.073      1.929
Torsion angles, period 3             1     0.020    0.002     10.000
Chiral centres                       1     0.000    0.004      0.089



====== CYCLE 22 ======

 weight = 1.0000e+00
 geom_x = 0.10716158793019437
 geom_a = 0
 geom_q = 0
 geom_c = 0.0
f0= 1.0716e-01
using cgsolve in c++, ic=False
diag(geom) min= 1517.219162 max= 18285.072434
diag(all) min= 1517.219162 max= 18285.072434
Trying gamma equal 0.084000
Convergence reached after 11 iterations with no gamma cycles
min(dx) = -1.2137674392262962e-05
max(dx) = 1.824007726797361e-05
mean(dx)= 1.5354371646636783e-07
vdws = 15
atoms = 10
pairs = 41
 geom_x = 0.10716130182397375
 geom_a = 0
 geom_q = 0
 geom_c = 0.0
f1, 0= 1.0716e-01
                          N restraints  r.m.s.d.  r.m.s.Z  Mn(sigma)
Bond distances, non H                4     0.001    0.073      0.013
Bond distances, H                    6     0.000    0.000      0.016
Bond angles, non H                   5     0.267    0.154      2.100
Bond angles, H                      14     0.171    0.073      1.929
Torsion angles, period 3             1     0.019    0.002     10.000
Chiral centres                       1     0.000    0.004      0.089



====== CYCLE 23 ======

 weight = 1.0000e+00
 geom_x = 0.10716130182397375
 geom_a = 0
 geom_q = 0
 geom_c = 0.0
f0= 1.0716e-01
using cgsolve in c++, ic=False
diag(geom) min= 1517.222465 max= 18285.081987
diag(all) min= 1517.222465 max= 18285.081987
Trying gamma equal 0.084000
Convergence reached after 11 iterations with no gamma cycles
min(dx) = -1.1315831218568091e-05
max(dx) = 1.700145142884958e-05
mean(dx)= 1.4313701654736108e-07
vdws = 15
atoms = 10
pairs = 41
 geom_x = 0.107161053219419
 geom_a = 0
 geom_q = 0
 geom_c = 0.0
f1, 0= 1.0716e-01
                          N restraints  r.m.s.d.  r.m.s.Z  Mn(sigma)
Bond distances, non H                4     0.001    0.073      0.013
Bond distances, H                    6     0.000    0.000      0.016
Bond angles, non H                   5     0.267    0.154      2.100
Bond angles, H                      14     0.171    0.073      1.929
Torsion angles, period 3             1     0.017    0.002     10.000
Chiral centres                       1     0.000    0.004      0.089



====== CYCLE 24 ======

 weight = 1.0000e+00
 geom_x = 0.107161053219419
 geom_a = 0
 geom_q = 0
 geom_c = 0.0
f0= 1.0716e-01
using cgsolve in c++, ic=False
diag(geom) min= 1517.225545 max= 18285.090887
diag(all) min= 1517.225545 max= 18285.090887
Trying gamma equal 0.084000
Convergence reached after 11 iterations with no gamma cycles
min(dx) = -1.0549383877765567e-05
max(dx) = 1.584715269225314e-05
mean(dx)= 1.3343307485165897e-07
vdws = 15
atoms = 10
pairs = 41
 geom_x = 0.10716083720095755
 geom_a = 0
 geom_q = 0
 geom_c = 0.0
f1, 0= 1.0716e-01
                          N restraints  r.m.s.d.  r.m.s.Z  Mn(sigma)
Bond distances, non H                4     0.001    0.073      0.013
Bond distances, H                    6     0.000    0.000      0.016
Bond angles, non H                   5     0.267    0.154      2.100
Bond angles, H                      14     0.171    0.073      1.929
Torsion angles, period 3             1     0.016    0.002     10.000
Chiral centres                       1     0.000    0.004      0.089



====== CYCLE 25 ======

 weight = 1.0000e+00
 geom_x = 0.10716083720095755
 geom_a = 0
 geom_q = 0
 geom_c = 0.0
f0= 1.0716e-01
using cgsolve in c++, ic=False
diag(geom) min= 1517.228415 max= 18285.099181
diag(all) min= 1517.228415 max= 18285.099181
Trying gamma equal 0.084000
Convergence reached after 11 iterations with no gamma cycles
min(dx) = -9.83465978042599e-06
max(dx) = 1.4771385599664127e-05
mean(dx)= 1.243852683552475e-07
vdws = 15
atoms = 10
pairs = 41
 geom_x = 0.107160649497326
 geom_a = 0
 geom_q = 0
 geom_c = 0.0
f1, 0= 1.0716e-01
                          N restraints  r.m.s.d.  r.m.s.Z  Mn(sigma)
Bond distances, non H                4     0.001    0.073      0.013
Bond distances, H                    6     0.000    0.000      0.016
Bond angles, non H                   5     0.267    0.154      2.100
Bond angles, H                      14     0.171    0.073      1.929
Torsion angles, period 3             1     0.015    0.002     10.000
Chiral centres                       1     0.000    0.004      0.089



====== CYCLE 26 ======

 weight = 1.0000e+00
 geom_x = 0.107160649497326
 geom_a = 0
 geom_q = 0
 geom_c = 0.0
f0= 1.0716e-01
using cgsolve in c++, ic=False
diag(geom) min= 1517.231091 max= 18285.106910
diag(all) min= 1517.231091 max= 18285.106910
Trying gamma equal 0.084000
Convergence reached after 11 iterations with no gamma cycles
min(dx) = -9.168214526654161e-06
max(dx) = 1.3768767003087961e-05
mean(dx)= 1.1594963760027276e-07
vdws = 15
atoms = 10
pairs = 41
 geom_x = 0.10716048639715677
 geom_a = 0
 geom_q = 0
 geom_c = 0.0
f1, 0= 1.0716e-01
                          N restraints  r.m.s.d.  r.m.s.Z  Mn(sigma)
Bond distances, non H                4     0.001    0.073      0.013
Bond distances, H                    6     0.000    0.000      0.016
Bond angles, non H                   5     0.267    0.154      2.100
Bond angles, H                      14     0.171    0.073      1.929
Torsion angles, period 3             1     0.014    0.001     10.000
Chiral centres                       1     0.000    0.004      0.089



====== CYCLE 27 ======

 weight = 1.0000e+00
 geom_x = 0.10716048639715677
 geom_a = 0
 geom_q = 0
 geom_c = 0.0
f0= 1.0716e-01
using cgsolve in c++, ic=False
diag(geom) min= 1517.233585 max= 18285.114113
diag(all) min= 1517.233585 max= 18285.114113
Trying gamma equal 0.084000
Convergence reached after 11 iterations with no gamma cycles
min(dx) = -8.546821095372002e-06
max(dx) = 1.2834293140927074e-05
mean(dx)= 1.0808526606983664e-07
vdws = 15
atoms = 10
pairs = 41
 geom_x = 0.1071603446755307
 geom_a = 0
 geom_q = 0
 geom_c = 0.0
f1, 0= 1.0716e-01
                          N restraints  r.m.s.d.  r.m.s.Z  Mn(sigma)
Bond distances, non H                4     0.001    0.073      0.013
Bond distances, H                    6     0.000    0.000      0.016
Bond angles, non H                   5     0.267    0.154      2.100
Bond angles, H                      14     0.171    0.073      1.929
Torsion angles, period 3             1     0.013    0.001     10.000
Chiral centres                       1     0.000    0.004      0.089



====== CYCLE 28 ======

 weight = 1.0000e+00
 geom_x = 0.1071603446755307
 geom_a = 0
 geom_q = 0
 geom_c = 0.0
f0= 1.0716e-01
using cgsolve in c++, ic=False
diag(geom) min= 1517.235910 max= 18285.120826
diag(all) min= 1517.235910 max= 18285.120826
Trying gamma equal 0.084000
Convergence reached after 11 iterations with no gamma cycles
min(dx) = -7.96745995439444e-06
max(dx) = 1.1963309870175218e-05
mean(dx)= 1.0075370284614353e-07
vdws = 15
atoms = 10
pairs = 41
 geom_x = 0.1071602215302412
 geom_a = 0
 geom_q = 0
 geom_c = 0.0
f1, 0= 1.0716e-01
                          N restraints  r.m.s.d.  r.m.s.Z  Mn(sigma)
Bond distances, non H                4     0.001    0.073      0.013
Bond distances, H                    6     0.000    0.000      0.016
Bond angles, non H                   5     0.267    0.154      2.100
Bond angles, H                      14     0.171    0.073      1.929
Torsion angles, period 3             1     0.012    0.001     10.000
Chiral centres                       1     0.000    0.004      0.089



====== CYCLE 29 ======

 weight = 1.0000e+00
 geom_x = 0.1071602215302412
 geom_a = 0
 geom_q = 0
 geom_c = 0.0
f0= 1.0716e-01
using cgsolve in c++, ic=False
diag(geom) min= 1517.238077 max= 18285.127082
diag(all) min= 1517.238077 max= 18285.127082
Trying gamma equal 0.084000
Convergence reached after 11 iterations with no gamma cycles
min(dx) = -7.427307524496359e-06
max(dx) = 1.1151486621122336e-05
mean(dx)= 9.391903822425021e-08
vdws = 15
atoms = 10
pairs = 41
 geom_x = 0.10716011452638453
 geom_a = 0
 geom_q = 0
 geom_c = 0.0
f1, 0= 1.0716e-01
                          N restraints  r.m.s.d.  r.m.s.Z  Mn(sigma)
Bond distances, non H                4     0.001    0.073      0.013
Bond distances, H                    6     0.000    0.000      0.016
Bond angles, non H                   5     0.267    0.154      2.100
Bond angles, H                      14     0.171    0.073      1.929
Torsion angles, period 3             1     0.011    0.001     10.000
Chiral centres                       1     0.000    0.004      0.089



====== CYCLE 30 ======

 weight = 1.0000e+00
 geom_x = 0.10716011452638453
 geom_a = 0
 geom_q = 0
 geom_c = 0.0
f0= 1.0716e-01
using cgsolve in c++, ic=False
diag(geom) min= 1517.240097 max= 18285.132913
diag(all) min= 1517.240097 max= 18285.132913
Trying gamma equal 0.084000
Convergence reached after 11 iterations with no gamma cycles
min(dx) = -6.923725162689863e-06
max(dx) = 1.0394792381428734e-05
mean(dx)= 8.754772335784425e-08
vdws = 15
atoms = 10
pairs = 41
 geom_x = 0.10716002154820628
 geom_a = 0
 geom_q = 0
 geom_c = 0.0
f1, 0= 1.0716e-01
                          N restraints  r.m.s.d.  r.m.s.Z  Mn(sigma)
Bond distances, non H                4     0.001    0.073      0.013
Bond distances, H                    6     0.000    0.000      0.016
Bond angles, non H                   5     0.267    0.154      2.100
Bond angles, H                      14     0.171    0.073      1.929
Torsion angles, period 3             1     0.011    0.001     10.000
Chiral centres                       1     0.000    0.004      0.089


$TABLE: stats vs cycle :
$GRAPHS
: Geometry :A:1,2,4:
: Geometry Z :A:1,3,5:
$$
 Ncyc  rmsBOND  zBOND  rmsANGL  zANGL
$$
$$
    0   0.0008 0.0729   0.2652 0.1539
    1   0.0008 0.0728   0.2669 0.1542
    2   0.0008 0.0728   0.2672 0.1542
    3   0.0008 0.0728   0.2674 0.1543
    4   0.0008 0.0728   0.2674 0.1543
    5   0.0008 0.0729   0.2674 0.1543
    6   0.0008 0.0729   0.2674 0.1543
    7   0.0008 0.0729   0.2674 0.1543
    8   0.0008 0.0729   0.2674 0.1543
    9   0.0008 0.0729   0.2674 0.1543
   10   0.0008 0.0729   0.2674 0.1543
   11   0.0008 0.0729   0.2674 0.1543
   12   0.0008 0.0729   0.2674 0.1543
   13   0.0008 0.0729   0.2674 0.1543
   14   0.0008 0.0729   0.2674 0.1543
   15   0.0008 0.0729   0.2673 0.1543
   16   0.0008 0.0729   0.2673 0.1543
   17   0.0008 0.0729   0.2673 0.1542
   18   0.0008 0.0729   0.2673 0.1542
   19   0.0008 0.0729   0.2673 0.1542
   20   0.0008 0.0729   0.2673 0.1542
   21   0.0008 0.0729   0.2673 0.1542
   22   0.0008 0.0729   0.2673 0.1542
   23   0.0008 0.0729   0.2673 0.1542
   24   0.0008 0.0729   0.2673 0.1542
   25   0.0008 0.0729   0.2673 0.1542
   26   0.0008 0.0729   0.2673 0.1542
   27   0.0008 0.0729   0.2673 0.1542
   28   0.0008 0.0729   0.2673 0.1542
   29   0.0008 0.0729   0.2673 0.1542
   30   0.0008 0.0729   0.2673 0.1542
$$

Updated dictionary saved: EPX_MODEL_TMP/mol_1_conf_14_updated.cif
Refinement statistics saved: EPX_MODEL_TMP/mol_1_conf_14_stats.json

# Finished on 2026-06-14 11:41:31.286926

=========END OF PROCESS INFORMATION ==========
