
============ PROCESS INFORMATION =============
# Servalcat ver. 0.4.128 (Python 3.9.18)
# Library vers. gemmi 0.7.4, scipy 1.7.3, numpy 1.19.5, pandas 1.3.5
# Started on 2026-06-14 11:41:23.804306
# Host: Mac.lan User: hilgersmt
# Command-line:
# servalcat --logfile EPX_MODEL_TMP/servalcat.log refine_geom --update_dictionary EPX_MODEL_TMP/mol_1_conf_10_init.cif -o EPX_MODEL_TMP/mol_1_conf_10 --randomize 0.01
Config loaded
--
refine:
  atom_selection:
    xyz:
      include:
      - '*'
      exclude: []
      exclude_restraint: []
    adp:
      include: []
      exclude: []
      exclude_restraint: []
    occ:
      include: []
      exclude: []
      exclude_restraint: []
    dfrac:
      include: []
      exclude: []
      exclude_restraint: []
  occ_groups: []
  occ_group_constraints: []
  occ_group_const_mu: 10.0
  occ_group_const_mu_update_factor: 1.1
  occ_group_const_mu_update_tol_rel: 0.25
  occ_group_const_mu_update_tol_abs: 0.01
  initialisation:
    adp: {}
    occ: {}
    dfrac: {}
  write_trajectory: false
--
Reading monomers from /Applications/ccp4-9/lib/data/monomers/
Monomer not in the library: EPX.
Reading monomer: EPX_MODEL_TMP/mol_1_conf_10_init.cif
Monomer library loaded: 1 monomers, 109 links, 133 modifications
       loaded monomers: EPX

Checking if unknown atoms exist..
Creating restraints..

Chain info:
 chain 
  ligands: EPX (1 residues)

Number of refinement parameters:
       n_params  n_atoms  n_atoms_geom_only  n_atoms_data_only
xyz           4        4                  0                  0
adp           0        0                  0                  0
occ           0        0                  0                  0
dfrac         0        0                  0                  0

Randomizing structure with rmsd of 0.01
Torsion angle rules:
 include:
  {'group': 'peptide', 'tors_name': 'chi*'}
  {'link': '*', 'tors_name': 'omega'}
  {'residue': '*', 'tors_name': 'sp2_sp2*'}
  {'link': '*', 'tors_name': 'sp2_sp2*'}
 exclude:
  none
External restraints from Refmac instructions
 Number of distances          : 0
 Number of angles             : 0
 Number of torsions           : 0
 Number of chirals            : 0
 Number of planes             : 0
 Number of intervals          : 0
 Number of stackings          : 0
 Number of harmonics          : 0
 Number of special positions  : 0

Running 10 cycles with wchir=4 wvdw=2 without hydrogen
Geometry weights
vdws = 0
atoms = 4
pairs = 6
 *** Bond distances outliers (Z >= 5) ***

    atom1     atom2  value  ideal  sigma      z
/EPX 1/C2 /EPX 1/O1  1.401  1.460  0.011 -5.558

                       N restraints  r.m.s.d.  r.m.s.Z  Mn(sigma)
Bond distances, non H             4     0.043    3.361      0.013
Bond angles, non H                5     5.607    2.049      2.100
Chiral centres                    1     0.276    3.085      0.089


====== CYCLE  1 ======

 weight = 1.0000e+00
 geom_x = 109.2335357934256
 geom_a = 0
 geom_q = 0
 geom_c = 0.0
f0= 1.0923e+02
using cgsolve in c++, ic=False
diag(geom) min= 1443.295723 max= 18805.049406
diag(all) min= 1443.295723 max= 18805.049406
Trying gamma equal 0.000000
Convergence reached after 6 iterations with no gamma cycles
min(dx) = -0.12470244611809625
max(dx) = 0.059928662633704256
mean(dx)= -0.020069087293870906
vdws = 0
atoms = 4
pairs = 6
 geom_x = 1.2975566338761804
 geom_a = 0
 geom_q = 0
 geom_c = 0.0
f1, 0= 1.2976e+00
                       N restraints  r.m.s.d.  r.m.s.Z  Mn(sigma)
Bond distances, non H             4     0.004    0.286      0.013
Bond angles, non H                5     0.894    0.314      2.100
Chiral centres                    1     0.030    0.333      0.089



====== CYCLE  2 ======

 weight = 1.0000e+00
 geom_x = 1.2975566338761804
 geom_a = 0
 geom_q = 0
 geom_c = 0.0
f0= 1.2976e+00
using cgsolve in c++, ic=False
diag(geom) min= 1668.068651 max= 18522.072615
diag(all) min= 1668.068651 max= 18522.072615
Trying gamma equal 0.000000
Convergence reached after 6 iterations with no gamma cycles
min(dx) = -0.00844450078308968
max(dx) = 0.018936868363405218
mean(dx)= 0.0023966610132852987
vdws = 0
atoms = 4
pairs = 6
 geom_x = 0.06846576149266358
 geom_a = 0
 geom_q = 0
 geom_c = 0.0
f1, 0= 6.8466e-02
                       N restraints  r.m.s.d.  r.m.s.Z  Mn(sigma)
Bond distances, non H             4     0.001    0.076      0.013
Bond angles, non H                5     0.253    0.151      2.100
Chiral centres                    1     0.000    0.002      0.089



====== CYCLE  3 ======

 weight = 1.0000e+00
 geom_x = 0.06846576149266358
 geom_a = 0
 geom_q = 0
 geom_c = 0.0
f0= 6.8466e-02
using cgsolve in c++, ic=False
diag(geom) min= 1673.056536 max= 18276.074486
diag(all) min= 1673.056536 max= 18276.074486
Trying gamma equal 0.000000
Convergence reached after 6 iterations with no gamma cycles
min(dx) = -0.0001740068486083975
max(dx) = 0.00039318055171016
mean(dx)= 4.3218202991010935e-05
vdws = 0
atoms = 4
pairs = 6
 geom_x = 0.06817595925148644
 geom_a = 0
 geom_q = 0
 geom_c = 0.0
f1, 0= 6.8176e-02
                       N restraints  r.m.s.d.  r.m.s.Z  Mn(sigma)
Bond distances, non H             4     0.001    0.077      0.013
Bond angles, non H                5     0.246    0.150      2.100
Chiral centres                    1     0.001    0.006      0.089



====== CYCLE  4 ======

 weight = 1.0000e+00
 geom_x = 0.06817595925148644
 geom_a = 0
 geom_q = 0
 geom_c = 0.0
f0= 6.8176e-02
using cgsolve in c++, ic=False
diag(geom) min= 1673.290564 max= 18270.862410
diag(all) min= 1673.290564 max= 18270.862410
Trying gamma equal 0.000000
Convergence reached after 6 iterations with no gamma cycles
min(dx) = -2.796953740927815e-06
max(dx) = 2.0842860767710164e-06
mean(dx)= 3.317546701705961e-08
vdws = 0
atoms = 4
pairs = 6
 geom_x = 0.06817595556805921
 geom_a = 0
 geom_q = 0
 geom_c = 0.0
f1, 0= 6.8176e-02
                       N restraints  r.m.s.d.  r.m.s.Z  Mn(sigma)
Bond distances, non H             4     0.001    0.077      0.013
Bond angles, non H                5     0.246    0.150      2.100
Chiral centres                    1     0.001    0.006      0.089



====== CYCLE  5 ======

 weight = 1.0000e+00
 geom_x = 0.06817595556805921
 geom_a = 0
 geom_q = 0
 geom_c = 0.0
f0= 6.8176e-02
using cgsolve in c++, ic=False
diag(geom) min= 1673.294481 max= 18270.850516
diag(all) min= 1673.294481 max= 18270.850516
Trying gamma equal 0.000000
Not converging with gamma equal 0.000000
Trying gamma equal 0.052500
Not converging with gamma equal 0.052500
Trying gamma equal 0.107625
Gamma decreased to 0.096600
min(dx) = -1.91991677843408e-08
max(dx) = 1.052546653801207e-08
mean(dx)= -4.519983286726404e-10
vdws = 0
atoms = 4
pairs = 6
 geom_x = 0.06817595556774284
 geom_a = 0
 geom_q = 0
 geom_c = 0.0
f1, 0= 6.8176e-02
                       N restraints  r.m.s.d.  r.m.s.Z  Mn(sigma)
Bond distances, non H             4     0.001    0.077      0.013
Bond angles, non H                5     0.246    0.150      2.100
Chiral centres                    1     0.001    0.006      0.089



====== CYCLE  6 ======

 weight = 1.0000e+00
 geom_x = 0.06817595556774284
 geom_a = 0
 geom_q = 0
 geom_c = 0.0
f0= 6.8176e-02
using cgsolve in c++, ic=False
diag(geom) min= 1673.294507 max= 18270.850533
diag(all) min= 1673.294507 max= 18270.850533
Trying gamma equal 0.096600
Convergence reached after 6 iterations with no gamma cycles
min(dx) = -1.145506541418537e-08
max(dx) = 6.5248469594999995e-09
mean(dx)= -2.4184975223420545e-10
vdws = 0
atoms = 4
pairs = 6
 geom_x = 0.06817595556763574
 geom_a = 0
 geom_q = 0
 geom_c = 0.0
f1, 0= 6.8176e-02
                       N restraints  r.m.s.d.  r.m.s.Z  Mn(sigma)
Bond distances, non H             4     0.001    0.077      0.013
Bond angles, non H                5     0.246    0.150      2.100
Chiral centres                    1     0.001    0.006      0.089



====== CYCLE  7 ======

 weight = 1.0000e+00
 geom_x = 0.06817595556763574
 geom_a = 0
 geom_q = 0
 geom_c = 0.0
f0= 6.8176e-02
using cgsolve in c++, ic=False
diag(geom) min= 1673.294523 max= 18270.850539
diag(all) min= 1673.294523 max= 18270.850539
Trying gamma equal 0.096600
Convergence reached after 6 iterations with no gamma cycles
min(dx) = -6.24968663858451e-09
max(dx) = 3.5904381489020167e-09
mean(dx)= -1.2686500521788232e-10
vdws = 0
atoms = 4
pairs = 6
 geom_x = 0.06817595556760267
 geom_a = 0
 geom_q = 0
 geom_c = 0.0
f1, 0= 6.8176e-02
                       N restraints  r.m.s.d.  r.m.s.Z  Mn(sigma)
Bond distances, non H             4     0.001    0.077      0.013
Bond angles, non H                5     0.246    0.150      2.100
Chiral centres                    1     0.001    0.006      0.089



====== CYCLE  8 ======

 weight = 1.0000e+00
 geom_x = 0.06817595556760267
 geom_a = 0
 geom_q = 0
 geom_c = 0.0
f0= 6.8176e-02
using cgsolve in c++, ic=False
diag(geom) min= 1673.294531 max= 18270.850541
diag(all) min= 1673.294531 max= 18270.850541
Trying gamma equal 0.096600
Convergence reached after 5 iterations with no gamma cycles
min(dx) = -3.423868116212504e-09
max(dx) = 1.9725772990340427e-09
mean(dx)= -6.84692802698165e-11
vdws = 0
atoms = 4
pairs = 6
 geom_x = 0.06817595556759018
 geom_a = 0
 geom_q = 0
 geom_c = 0.0
f1, 0= 6.8176e-02
                       N restraints  r.m.s.d.  r.m.s.Z  Mn(sigma)
Bond distances, non H             4     0.001    0.077      0.013
Bond angles, non H                5     0.246    0.150      2.100
Chiral centres                    1     0.001    0.006      0.089



====== CYCLE  9 ======

 weight = 1.0000e+00
 geom_x = 0.06817595556759018
 geom_a = 0
 geom_q = 0
 geom_c = 0.0
f0= 6.8176e-02
using cgsolve in c++, ic=False
diag(geom) min= 1673.294535 max= 18270.850542
diag(all) min= 1673.294535 max= 18270.850542
Trying gamma equal 0.096600
Convergence reached after 6 iterations with no gamma cycles
min(dx) = -1.8783838361069547e-09
max(dx) = 1.0832985938199824e-09
mean(dx)= -3.735136242197357e-11
vdws = 0
atoms = 4
pairs = 6
 geom_x = 0.06817595556758102
 geom_a = 0
 geom_q = 0
 geom_c = 0.0
f1, 0= 6.8176e-02
                       N restraints  r.m.s.d.  r.m.s.Z  Mn(sigma)
Bond distances, non H             4     0.001    0.077      0.013
Bond angles, non H                5     0.246    0.150      2.100
Chiral centres                    1     0.001    0.006      0.089



====== CYCLE 10 ======

 weight = 1.0000e+00
 geom_x = 0.06817595556758102
 geom_a = 0
 geom_q = 0
 geom_c = 0.0
f0= 6.8176e-02
using cgsolve in c++, ic=False
diag(geom) min= 1673.294538 max= 18270.850543
diag(all) min= 1673.294538 max= 18270.850543
Trying gamma equal 0.096600
Convergence reached after 5 iterations with no gamma cycles
min(dx) = -1.0310357046559367e-09
max(dx) = 5.948492745053348e-10
mean(dx)= -2.045742270174696e-11
vdws = 0
atoms = 4
pairs = 6
 geom_x = 0.06817595556758055
 geom_a = 0
 geom_q = 0
 geom_c = 0.0
f1, 0= 6.8176e-02
                       N restraints  r.m.s.d.  r.m.s.Z  Mn(sigma)
Bond distances, non H             4     0.001    0.077      0.013
Bond angles, non H                5     0.246    0.150      2.100
Chiral centres                    1     0.001    0.006      0.089


$TABLE: stats vs cycle :
$GRAPHS
: Geometry :A:1,2,4:
: Geometry Z :A:1,5,3:
$$
 Ncyc  rmsBOND  zBOND  rmsANGL  zANGL
$$
$$
    0   0.0428 3.3607   5.6068 2.0492
    1   0.0042 0.2863   0.8941 0.3136
    2   0.0008 0.0755   0.2527 0.1510
    3   0.0009 0.0770   0.2461 0.1497
    4   0.0009 0.0770   0.2460 0.1497
    5   0.0009 0.0770   0.2460 0.1497
    6   0.0009 0.0770   0.2460 0.1497
    7   0.0009 0.0770   0.2460 0.1497
    8   0.0009 0.0770   0.2460 0.1497
    9   0.0009 0.0770   0.2460 0.1497
   10   0.0009 0.0770   0.2460 0.1497
$$

Running 30 cycles with wchir=1 wvdw=2 without hydrogen
Geometry weights
vdws = 0
atoms = 4
pairs = 6
                       N restraints  r.m.s.d.  r.m.s.Z  Mn(sigma)
Bond distances, non H             4     0.001    0.077      0.013
Bond angles, non H                5     0.246    0.150      2.100
Chiral centres                    1     0.001    0.006      0.089


====== CYCLE  1 ======

 weight = 1.0000e+00
 geom_x = 0.06789327201589149
 geom_a = 0
 geom_q = 0
 geom_c = 0.0
f0= 6.7893e-02
using cgsolve in c++, ic=False
diag(geom) min= 302.374653 max= 13586.185339
diag(all) min= 302.374653 max= 13586.185339
Trying gamma equal 0.096600
Convergence reached after 6 iterations with no gamma cycles
min(dx) = -0.0003318948085223556
max(dx) = 0.0012682329701524215
mean(dx)= 0.00020252956191855616
vdws = 0
atoms = 4
pairs = 6
 geom_x = 0.06589542823188879
 geom_a = 0
 geom_q = 0
 geom_c = 0.0
f1, 0= 6.5895e-02
                       N restraints  r.m.s.d.  r.m.s.Z  Mn(sigma)
Bond distances, non H             4     0.001    0.076      0.013
Bond angles, non H                5     0.227    0.146      2.100
Chiral centres                    1     0.004    0.046      0.089



====== CYCLE  2 ======

 weight = 1.0000e+00
 geom_x = 0.06589542823188879
 geom_a = 0
 geom_q = 0
 geom_c = 0.0
f0= 6.5895e-02
using cgsolve in c++, ic=False
diag(geom) min= 302.728731 max= 13579.809499
diag(all) min= 302.728731 max= 13579.809499
Trying gamma equal 0.096600
Convergence reached after 6 iterations with no gamma cycles
min(dx) = -5.476661179350164e-05
max(dx) = 0.00023150541081601346
mean(dx)= 2.1204321649761532e-05
vdws = 0
atoms = 4
pairs = 6
 geom_x = 0.06586338146013562
 geom_a = 0
 geom_q = 0
 geom_c = 0.0
f1, 0= 6.5863e-02
                       N restraints  r.m.s.d.  r.m.s.Z  Mn(sigma)
Bond distances, non H             4     0.001    0.076      0.013
Bond angles, non H                5     0.225    0.146      2.100
Chiral centres                    1     0.004    0.050      0.089



====== CYCLE  3 ======

 weight = 1.0000e+00
 geom_x = 0.06586338146013562
 geom_a = 0
 geom_q = 0
 geom_c = 0.0
f0= 6.5863e-02
using cgsolve in c++, ic=False
diag(geom) min= 302.701429 max= 13578.923412
diag(all) min= 302.701429 max= 13578.923412
Trying gamma equal 0.096600
Convergence reached after 5 iterations with no gamma cycles
min(dx) = -4.583314119628015e-05
max(dx) = 6.430516000034746e-05
mean(dx)= 3.2733136971203364e-06
vdws = 0
atoms = 4
pairs = 6
 geom_x = 0.06586121661419334
 geom_a = 0
 geom_q = 0
 geom_c = 0.0
f1, 0= 6.5861e-02
                       N restraints  r.m.s.d.  r.m.s.Z  Mn(sigma)
Bond distances, non H             4     0.001    0.076      0.013
Bond angles, non H                5     0.225    0.146      2.100
Chiral centres                    1     0.004    0.050      0.089



====== CYCLE  4 ======

 weight = 1.0000e+00
 geom_x = 0.06586121661419334
 geom_a = 0
 geom_q = 0
 geom_c = 0.0
f0= 6.5861e-02
using cgsolve in c++, ic=False
diag(geom) min= 302.680679 max= 13578.721282
diag(all) min= 302.680679 max= 13578.721282
Trying gamma equal 0.096600
Convergence reached after 5 iterations with no gamma cycles
min(dx) = -1.660193861129325e-05
max(dx) = 1.8732111828356606e-05
mean(dx)= 6.351856091107418e-07
vdws = 0
atoms = 4
pairs = 6
 geom_x = 0.06586104310474125
 geom_a = 0
 geom_q = 0
 geom_c = 0.0
f1, 0= 6.5861e-02
                       N restraints  r.m.s.d.  r.m.s.Z  Mn(sigma)
Bond distances, non H             4     0.001    0.076      0.013
Bond angles, non H                5     0.225    0.146      2.100
Chiral centres                    1     0.004    0.050      0.089



====== CYCLE  5 ======

 weight = 1.0000e+00
 geom_x = 0.06586104310474125
 geom_a = 0
 geom_q = 0
 geom_c = 0.0
f0= 6.5861e-02
using cgsolve in c++, ic=False
diag(geom) min= 302.673102 max= 13578.667844
diag(all) min= 302.673102 max= 13578.667844
Trying gamma equal 0.096600
Convergence reached after 5 iterations with no gamma cycles
min(dx) = -5.224046843564223e-06
max(dx) = 5.450173498315591e-06
mean(dx)= 1.4449172324678492e-07
vdws = 0
atoms = 4
pairs = 6
 geom_x = 0.06586102874105461
 geom_a = 0
 geom_q = 0
 geom_c = 0.0
f1, 0= 6.5861e-02
                       N restraints  r.m.s.d.  r.m.s.Z  Mn(sigma)
Bond distances, non H             4     0.001    0.076      0.013
Bond angles, non H                5     0.225    0.146      2.100
Chiral centres                    1     0.004    0.050      0.089



====== CYCLE  6 ======

 weight = 1.0000e+00
 geom_x = 0.06586102874105461
 geom_a = 0
 geom_q = 0
 geom_c = 0.0
f0= 6.5861e-02
using cgsolve in c++, ic=False
diag(geom) min= 302.670706 max= 13578.652995
diag(all) min= 302.670706 max= 13578.652995
Trying gamma equal 0.096600
Convergence reached after 5 iterations with no gamma cycles
min(dx) = -1.5658653251739607e-06
max(dx) = 1.580558282488207e-06
mean(dx)= 3.662799367086603e-08
vdws = 0
atoms = 4
pairs = 6
 geom_x = 0.06586102754364999
 geom_a = 0
 geom_q = 0
 geom_c = 0.0
f1, 0= 6.5861e-02
                       N restraints  r.m.s.d.  r.m.s.Z  Mn(sigma)
Bond distances, non H             4     0.001    0.076      0.013
Bond angles, non H                5     0.225    0.146      2.100
Chiral centres                    1     0.004    0.050      0.089



====== CYCLE  7 ======

 weight = 1.0000e+00
 geom_x = 0.06586102754364999
 geom_a = 0
 geom_q = 0
 geom_c = 0.0
f0= 6.5861e-02
using cgsolve in c++, ic=False
diag(geom) min= 302.669986 max= 13578.648780
diag(all) min= 302.669986 max= 13578.648780
Trying gamma equal 0.096600
Convergence reached after 5 iterations with no gamma cycles
min(dx) = -4.599982575288279e-07
max(dx) = 4.5752914659392126e-07
mean(dx)= 9.90398039888801e-09
vdws = 0
atoms = 4
pairs = 6
 geom_x = 0.06586102744368366
 geom_a = 0
 geom_q = 0
 geom_c = 0.0
f1, 0= 6.5861e-02
                       N restraints  r.m.s.d.  r.m.s.Z  Mn(sigma)
Bond distances, non H             4     0.001    0.076      0.013
Bond angles, non H                5     0.225    0.146      2.100
Chiral centres                    1     0.004    0.050      0.089



====== CYCLE  8 ======

 weight = 1.0000e+00
 geom_x = 0.06586102744368366
 geom_a = 0
 geom_q = 0
 geom_c = 0.0
f0= 6.5861e-02
using cgsolve in c++, ic=False
diag(geom) min= 302.669774 max= 13578.647572
diag(all) min= 302.669774 max= 13578.647572
Trying gamma equal 0.096600
Convergence reached after 5 iterations with no gamma cycles
min(dx) = -1.339344189994673e-07
max(dx) = 1.3232677888291552e-07
mean(dx)= 2.7714812866438518e-09
vdws = 0
atoms = 4
pairs = 6
 geom_x = 0.0658610274353378
 geom_a = 0
 geom_q = 0
 geom_c = 0.0
f1, 0= 6.5861e-02
                       N restraints  r.m.s.d.  r.m.s.Z  Mn(sigma)
Bond distances, non H             4     0.001    0.076      0.013
Bond angles, non H                5     0.225    0.146      2.100
Chiral centres                    1     0.004    0.050      0.089



====== CYCLE  9 ======

 weight = 1.0000e+00
 geom_x = 0.0658610274353378
 geom_a = 0
 geom_q = 0
 geom_c = 0.0
f0= 6.5861e-02
using cgsolve in c++, ic=False
diag(geom) min= 302.669712 max= 13578.647224
diag(all) min= 302.669712 max= 13578.647224
Trying gamma equal 0.096600
Convergence reached after 5 iterations with no gamma cycles
min(dx) = -3.883983454844297e-08
max(dx) = 3.8256046871428135e-08
mean(dx)= 7.888613623694447e-10
vdws = 0
atoms = 4
pairs = 6
 geom_x = 0.06586102743464019
 geom_a = 0
 geom_q = 0
 geom_c = 0.0
f1, 0= 6.5861e-02
                       N restraints  r.m.s.d.  r.m.s.Z  Mn(sigma)
Bond distances, non H             4     0.001    0.076      0.013
Bond angles, non H                5     0.225    0.146      2.100
Chiral centres                    1     0.004    0.050      0.089



====== CYCLE 10 ======

 weight = 1.0000e+00
 geom_x = 0.06586102743464019
 geom_a = 0
 geom_q = 0
 geom_c = 0.0
f0= 6.5861e-02
using cgsolve in c++, ic=False
diag(geom) min= 302.669694 max= 13578.647124
diag(all) min= 302.669694 max= 13578.647124
Trying gamma equal 0.096600
Convergence reached after 5 iterations with no gamma cycles
min(dx) = -1.1242458766922675e-08
max(dx) = 1.1057854417532433e-08
mean(dx)= 2.2636915839625879e-10
vdws = 0
atoms = 4
pairs = 6
 geom_x = 0.06586102743458316
 geom_a = 0
 geom_q = 0
 geom_c = 0.0
f1, 0= 6.5861e-02
                       N restraints  r.m.s.d.  r.m.s.Z  Mn(sigma)
Bond distances, non H             4     0.001    0.076      0.013
Bond angles, non H                5     0.225    0.146      2.100
Chiral centres                    1     0.004    0.050      0.089



====== CYCLE 11 ======

 weight = 1.0000e+00
 geom_x = 0.06586102743458316
 geom_a = 0
 geom_q = 0
 geom_c = 0.0
f0= 6.5861e-02
using cgsolve in c++, ic=False
diag(geom) min= 302.669689 max= 13578.647095
diag(all) min= 302.669689 max= 13578.647095
Trying gamma equal 0.096600
Convergence reached after 5 iterations with no gamma cycles
min(dx) = -3.251449026685753e-09
max(dx) = 3.195979690987089e-09
mean(dx)= 6.520606495671987e-11
vdws = 0
atoms = 4
pairs = 6
 geom_x = 0.06586102743457337
 geom_a = 0
 geom_q = 0
 geom_c = 0.0
f1, 0= 6.5861e-02
                       N restraints  r.m.s.d.  r.m.s.Z  Mn(sigma)
Bond distances, non H             4     0.001    0.076      0.013
Bond angles, non H                5     0.225    0.146      2.100
Chiral centres                    1     0.004    0.050      0.089



====== CYCLE 12 ======

 weight = 1.0000e+00
 geom_x = 0.06586102743457337
 geom_a = 0
 geom_q = 0
 geom_c = 0.0
f0= 6.5861e-02
using cgsolve in c++, ic=False
diag(geom) min= 302.669688 max= 13578.647087
diag(all) min= 302.669688 max= 13578.647087
Trying gamma equal 0.096600
Convergence reached after 5 iterations with no gamma cycles
min(dx) = -9.399897149981199e-10
max(dx) = 9.236767569653271e-10
mean(dx)= 1.8816033818280728e-11
vdws = 0
atoms = 4
pairs = 6
 geom_x = 0.06586102743457262
 geom_a = 0
 geom_q = 0
 geom_c = 0.0
f1, 0= 6.5861e-02
                       N restraints  r.m.s.d.  r.m.s.Z  Mn(sigma)
Bond distances, non H             4     0.001    0.076      0.013
Bond angles, non H                5     0.225    0.146      2.100
Chiral centres                    1     0.004    0.050      0.089



====== CYCLE 13 ======

 weight = 1.0000e+00
 geom_x = 0.06586102743457262
 geom_a = 0
 geom_q = 0
 geom_c = 0.0
f0= 6.5861e-02
using cgsolve in c++, ic=False
diag(geom) min= 302.669687 max= 13578.647084
diag(all) min= 302.669687 max= 13578.647084
Trying gamma equal 0.096600
Convergence reached after 5 iterations with no gamma cycles
min(dx) = -2.717007824820314e-10
max(dx) = 2.6694868972669663e-10
mean(dx)= 5.434057614926989e-12
vdws = 0
atoms = 4
pairs = 6
 geom_x = 0.06586102743457423
 geom_a = 0
 geom_q = 0
 geom_c = 0.0
f1, 0= 6.5861e-02
min(dx) = -1.358503912410157e-10
max(dx) = 1.3347434486334832e-10
mean(dx)= 2.7170288074634947e-12
vdws = 0
atoms = 4
pairs = 6
 geom_x = 0.06586102743457295
 geom_a = 0
 geom_q = 0
 geom_c = 0.0
f1, 1= 6.5861e-02
min(dx) = -6.792519562050785e-11
max(dx) = 6.673717243167416e-11
mean(dx)= 1.3585144037317473e-12
vdws = 0
atoms = 4
pairs = 6
 geom_x = 0.06586102743457223
 geom_a = 0
 geom_q = 0
 geom_c = 0.0
f1, 2= 6.5861e-02
                       N restraints  r.m.s.d.  r.m.s.Z  Mn(sigma)
Bond distances, non H             4     0.001    0.076      0.013
Bond angles, non H                5     0.225    0.146      2.100
Chiral centres                    1     0.004    0.050      0.089



====== CYCLE 14 ======

 weight = 1.0000e+00
 geom_x = 0.06586102743457223
 geom_a = 0
 geom_q = 0
 geom_c = 0.0
f0= 6.5861e-02
using cgsolve in c++, ic=False
diag(geom) min= 302.669687 max= 13578.647084
diag(all) min= 302.669687 max= 13578.647084
Trying gamma equal 0.096600
Convergence reached after 5 iterations with no gamma cycles
min(dx) = -2.2340761077728354e-10
max(dx) = 2.1949893520089141e-10
mean(dx)= 4.4680231219294995e-12
vdws = 0
atoms = 4
pairs = 6
 geom_x = 0.06586102743457568
 geom_a = 0
 geom_q = 0
 geom_c = 0.0
f1, 0= 6.5861e-02
min(dx) = -1.1170380538864177e-10
max(dx) = 1.0974946760044571e-10
mean(dx)= 2.2340115609647497e-12
vdws = 0
atoms = 4
pairs = 6
 geom_x = 0.06586102743457126
 geom_a = 0
 geom_q = 0
 geom_c = 0.0
f1, 1= 6.5861e-02
                       N restraints  r.m.s.d.  r.m.s.Z  Mn(sigma)
Bond distances, non H             4     0.001    0.076      0.013
Bond angles, non H                5     0.225    0.146      2.100
Chiral centres                    1     0.004    0.050      0.089



====== CYCLE 15 ======

 weight = 1.0000e+00
 geom_x = 0.06586102743457126
 geom_a = 0
 geom_q = 0
 geom_c = 0.0
f0= 6.5861e-02
using cgsolve in c++, ic=False
diag(geom) min= 302.669687 max= 13578.647084
diag(all) min= 302.669687 max= 13578.647084
Trying gamma equal 0.096600
Convergence reached after 5 iterations with no gamma cycles
min(dx) = -1.4398827265605736e-10
max(dx) = 1.4146727257643304e-10
mean(dx)= 2.8794633079518648e-12
vdws = 0
atoms = 4
pairs = 6
 geom_x = 0.06586102743457123
 geom_a = 0
 geom_q = 0
 geom_c = 0.0
f1, 0= 6.5861e-02
                       N restraints  r.m.s.d.  r.m.s.Z  Mn(sigma)
Bond distances, non H             4     0.001    0.076      0.013
Bond angles, non H                5     0.225    0.146      2.100
Chiral centres                    1     0.004    0.050      0.089



====== CYCLE 16 ======

 weight = 1.0000e+00
 geom_x = 0.06586102743457123
 geom_a = 0
 geom_q = 0
 geom_c = 0.0
f0= 6.5861e-02
using cgsolve in c++, ic=False
diag(geom) min= 302.669687 max= 13578.647084
diag(all) min= 302.669687 max= 13578.647084
Trying gamma equal 0.096600
Convergence reached after 5 iterations with no gamma cycles
min(dx) = -4.161544129879349e-11
max(dx) = 4.088488368467992e-11
mean(dx)= 8.319635120353851e-13
vdws = 0
atoms = 4
pairs = 6
 geom_x = 0.06586102743457035
 geom_a = 0
 geom_q = 0
 geom_c = 0.0
f1, 0= 6.5861e-02
                       N restraints  r.m.s.d.  r.m.s.Z  Mn(sigma)
Bond distances, non H             4     0.001    0.076      0.013
Bond angles, non H                5     0.225    0.146      2.100
Chiral centres                    1     0.004    0.050      0.089



====== CYCLE 17 ======

 weight = 1.0000e+00
 geom_x = 0.06586102743457035
 geom_a = 0
 geom_q = 0
 geom_c = 0.0
f0= 6.5861e-02
using cgsolve in c++, ic=False
diag(geom) min= 302.669687 max= 13578.647083
diag(all) min= 302.669687 max= 13578.647083
Trying gamma equal 0.096600
Convergence reached after 5 iterations with no gamma cycles
min(dx) = -1.2027620996220009e-11
max(dx) = 1.1815882976381996e-11
mean(dx)= 2.4037679042519544e-13
vdws = 0
atoms = 4
pairs = 6
 geom_x = 0.06586102743457084
 geom_a = 0
 geom_q = 0
 geom_c = 0.0
f1, 0= 6.5861e-02
min(dx) = -6.013810498110004e-12
max(dx) = 5.907941488190998e-12
mean(dx)= 1.2018839521259772e-13
vdws = 0
atoms = 4
pairs = 6
 geom_x = 0.06586102743456991
 geom_a = 0
 geom_q = 0
 geom_c = 0.0
f1, 1= 6.5861e-02
                       N restraints  r.m.s.d.  r.m.s.Z  Mn(sigma)
Bond distances, non H             4     0.001    0.076      0.013
Bond angles, non H                5     0.225    0.146      2.100
Chiral centres                    1     0.004    0.050      0.089



====== CYCLE 18 ======

 weight = 1.0000e+00
 geom_x = 0.06586102743456991
 geom_a = 0
 geom_q = 0
 geom_c = 0.0
f0= 6.5861e-02
using cgsolve in c++, ic=False
diag(geom) min= 302.669687 max= 13578.647083
diag(all) min= 302.669687 max= 13578.647083
Trying gamma equal 0.096600
Convergence reached after 5 iterations with no gamma cycles
min(dx) = -7.751898333492092e-12
max(dx) = 7.615226099896957e-12
mean(dx)= 1.5489700936900755e-13
vdws = 0
atoms = 4
pairs = 6
 geom_x = 0.06586102743457324
 geom_a = 0
 geom_q = 0
 geom_c = 0.0
f1, 0= 6.5861e-02
min(dx) = -3.875949166746046e-12
max(dx) = 3.8076130499484784e-12
mean(dx)= 7.744850468450378e-14
vdws = 0
atoms = 4
pairs = 6
 geom_x = 0.06586102743457314
 geom_a = 0
 geom_q = 0
 geom_c = 0.0
f1, 1= 6.5861e-02
min(dx) = -1.937974583373023e-12
max(dx) = 1.9038065249742392e-12
mean(dx)= 3.872425234225189e-14
vdws = 0
atoms = 4
pairs = 6
 geom_x = 0.06586102743457357
 geom_a = 0
 geom_q = 0
 geom_c = 0.0
f1, 2= 6.5861e-02
WARNING: function not minimised
                       N restraints  r.m.s.d.  r.m.s.Z  Mn(sigma)
Bond distances, non H             4     0.001    0.076      0.013
Bond angles, non H                5     0.225    0.146      2.100
Chiral centres                    1     0.004    0.050      0.089



====== CYCLE 19 ======

 weight = 1.0000e+00
 geom_x = 0.06586102743457357
 geom_a = 0
 geom_q = 0
 geom_c = 0.0
f0= 6.5861e-02
using cgsolve in c++, ic=False
diag(geom) min= 302.669687 max= 13578.647083
diag(all) min= 302.669687 max= 13578.647083
Trying gamma equal 0.096600
Convergence reached after 5 iterations with no gamma cycles
min(dx) = -6.373891085761842e-12
max(dx) = 6.261747363184622e-12
mean(dx)= 1.2738785727961865e-13
vdws = 0
atoms = 4
pairs = 6
 geom_x = 0.06586102743458236
 geom_a = 0
 geom_q = 0
 geom_c = 0.0
f1, 0= 6.5861e-02
min(dx) = -3.186945542880921e-12
max(dx) = 3.130873681592311e-12
mean(dx)= 6.369392863980933e-14
vdws = 0
atoms = 4
pairs = 6
 geom_x = 0.06586102743457334
 geom_a = 0
 geom_q = 0
 geom_c = 0.0
f1, 1= 6.5861e-02
                       N restraints  r.m.s.d.  r.m.s.Z  Mn(sigma)
Bond distances, non H             4     0.001    0.076      0.013
Bond angles, non H                5     0.225    0.146      2.100
Chiral centres                    1     0.004    0.050      0.089



====== CYCLE 20 ======

 weight = 1.0000e+00
 geom_x = 0.06586102743457334
 geom_a = 0
 geom_q = 0
 geom_c = 0.0
f0= 6.5861e-02
using cgsolve in c++, ic=False
diag(geom) min= 302.669687 max= 13578.647083
diag(all) min= 302.669687 max= 13578.647083
Trying gamma equal 0.096600
Convergence reached after 5 iterations with no gamma cycles
min(dx) = -4.108052515065122e-12
max(dx) = 4.035953909942398e-12
mean(dx)= 8.211902780816756e-14
vdws = 0
atoms = 4
pairs = 6
 geom_x = 0.0658610274345757
 geom_a = 0
 geom_q = 0
 geom_c = 0.0
f1, 0= 6.5861e-02
min(dx) = -2.054026257532561e-12
max(dx) = 2.017976954971199e-12
mean(dx)= 4.105951390408378e-14
vdws = 0
atoms = 4
pairs = 6
 geom_x = 0.06586102743457388
 geom_a = 0
 geom_q = 0
 geom_c = 0.0
f1, 1= 6.5861e-02
min(dx) = -1.0270131287662804e-12
max(dx) = 1.0089884774855994e-12
mean(dx)= 2.052975695204189e-14
vdws = 0
atoms = 4
pairs = 6
 geom_x = 0.06586102743457109
 geom_a = 0
 geom_q = 0
 geom_c = 0.0
f1, 2= 6.5861e-02
                       N restraints  r.m.s.d.  r.m.s.Z  Mn(sigma)
Bond distances, non H             4     0.001    0.076      0.013
Bond angles, non H                5     0.225    0.146      2.100
Chiral centres                    1     0.004    0.050      0.089



====== CYCLE 21 ======

 weight = 1.0000e+00
 geom_x = 0.06586102743457109
 geom_a = 0
 geom_q = 0
 geom_c = 0.0
f0= 6.5861e-02
using cgsolve in c++, ic=False
diag(geom) min= 302.669687 max= 13578.647083
diag(all) min= 302.669687 max= 13578.647083
Trying gamma equal 0.096600
Convergence reached after 5 iterations with no gamma cycles
min(dx) = -3.3777491703113413e-12
max(dx) = 3.3182163922876312e-12
mean(dx)= 6.750453740402043e-14
vdws = 0
atoms = 4
pairs = 6
 geom_x = 0.06586102743457362
 geom_a = 0
 geom_q = 0
 geom_c = 0.0
f1, 0= 6.5861e-02
min(dx) = -1.6888745851556707e-12
max(dx) = 1.6591081961438156e-12
mean(dx)= 3.3752268702010213e-14
vdws = 0
atoms = 4
pairs = 6
 geom_x = 0.0658610274345721
 geom_a = 0
 geom_q = 0
 geom_c = 0.0
f1, 1= 6.5861e-02
min(dx) = -8.444372925778353e-13
max(dx) = 8.295540980719078e-13
mean(dx)= 1.6876134351005107e-14
vdws = 0
atoms = 4
pairs = 6
 geom_x = 0.06586102743457495
 geom_a = 0
 geom_q = 0
 geom_c = 0.0
f1, 2= 6.5861e-02
WARNING: function not minimised
                       N restraints  r.m.s.d.  r.m.s.Z  Mn(sigma)
Bond distances, non H             4     0.001    0.076      0.013
Bond angles, non H                5     0.225    0.146      2.100
Chiral centres                    1     0.004    0.050      0.089



====== CYCLE 22 ======

 weight = 1.0000e+00
 geom_x = 0.06586102743457495
 geom_a = 0
 geom_q = 0
 geom_c = 0.0
f0= 6.5861e-02
using cgsolve in c++, ic=False
diag(geom) min= 302.669687 max= 13578.647083
diag(all) min= 302.669687 max= 13578.647083
Trying gamma equal 0.096600
Convergence reached after 5 iterations with no gamma cycles
min(dx) = -2.777359366284189e-12
max(dx) = 2.7285393952776255e-12
mean(dx)= 5.550457792083952e-14
vdws = 0
atoms = 4
pairs = 6
 geom_x = 0.06586102743457217
 geom_a = 0
 geom_q = 0
 geom_c = 0.0
f1, 0= 6.5861e-02
                       N restraints  r.m.s.d.  r.m.s.Z  Mn(sigma)
Bond distances, non H             4     0.001    0.076      0.013
Bond angles, non H                5     0.225    0.146      2.100
Chiral centres                    1     0.004    0.050      0.089



====== CYCLE 23 ======

 weight = 1.0000e+00
 geom_x = 0.06586102743457217
 geom_a = 0
 geom_q = 0
 geom_c = 0.0
f0= 6.5861e-02
using cgsolve in c++, ic=False
diag(geom) min= 302.669687 max= 13578.647083
diag(all) min= 302.669687 max= 13578.647083
Trying gamma equal 0.096600
Convergence reached after 5 iterations with no gamma cycles
min(dx) = -8.026668399073404e-13
max(dx) = 7.883686948839495e-13
mean(dx)= 1.60474507316786e-14
vdws = 0
atoms = 4
pairs = 6
 geom_x = 0.0658610274345765
 geom_a = 0
 geom_q = 0
 geom_c = 0.0
f1, 0= 6.5861e-02
min(dx) = -4.013334199536702e-13
max(dx) = 3.9418434744197473e-13
mean(dx)= 8.0237253658393e-15
vdws = 0
atoms = 4
pairs = 6
 geom_x = 0.0658610274345747
 geom_a = 0
 geom_q = 0
 geom_c = 0.0
f1, 1= 6.5861e-02
min(dx) = -2.006667099768351e-13
max(dx) = 1.9709217372098737e-13
mean(dx)= 4.01186268291965e-15
vdws = 0
atoms = 4
pairs = 6
 geom_x = 0.06586102743456844
 geom_a = 0
 geom_q = 0
 geom_c = 0.0
f1, 2= 6.5861e-02
                       N restraints  r.m.s.d.  r.m.s.Z  Mn(sigma)
Bond distances, non H             4     0.001    0.076      0.013
Bond angles, non H                5     0.225    0.146      2.100
Chiral centres                    1     0.004    0.050      0.089



====== CYCLE 24 ======

 weight = 1.0000e+00
 geom_x = 0.06586102743456844
 geom_a = 0
 geom_q = 0
 geom_c = 0.0
f0= 6.5861e-02
using cgsolve in c++, ic=False
diag(geom) min= 302.669687 max= 13578.647083
diag(all) min= 302.669687 max= 13578.647083
Trying gamma equal 0.096600
Convergence reached after 5 iterations with no gamma cycles
min(dx) = -6.602150241934511e-13
max(dx) = 6.482664071396789e-13
mean(dx)= 1.3175565447775315e-14
vdws = 0
atoms = 4
pairs = 6
 geom_x = 0.0658610274345729
 geom_a = 0
 geom_q = 0
 geom_c = 0.0
f1, 0= 6.5861e-02
min(dx) = -3.3010751209672554e-13
max(dx) = 3.2413320356983943e-13
mean(dx)= 6.5877827238876574e-15
vdws = 0
atoms = 4
pairs = 6
 geom_x = 0.06586102743457538
 geom_a = 0
 geom_q = 0
 geom_c = 0.0
f1, 1= 6.5861e-02
min(dx) = -1.6505375604836277e-13
max(dx) = 1.6206660178491972e-13
mean(dx)= 3.2938913619438287e-15
vdws = 0
atoms = 4
pairs = 6
 geom_x = 0.06586102743457097
 geom_a = 0
 geom_q = 0
 geom_c = 0.0
f1, 2= 6.5861e-02
WARNING: function not minimised
                       N restraints  r.m.s.d.  r.m.s.Z  Mn(sigma)
Bond distances, non H             4     0.001    0.076      0.013
Bond angles, non H                5     0.225    0.146      2.100
Chiral centres                    1     0.004    0.050      0.089



====== CYCLE 25 ======

 weight = 1.0000e+00
 geom_x = 0.06586102743457097
 geom_a = 0
 geom_q = 0
 geom_c = 0.0
f0= 6.5861e-02
using cgsolve in c++, ic=False
diag(geom) min= 302.669687 max= 13578.647083
diag(all) min= 302.669687 max= 13578.647083
Trying gamma equal 0.096600
Convergence reached after 5 iterations with no gamma cycles
min(dx) = -5.424486092911861e-13
max(dx) = 5.330886969883029e-13
mean(dx)= 1.0867357209235137e-14
vdws = 0
atoms = 4
pairs = 6
 geom_x = 0.06586102743457745
 geom_a = 0
 geom_q = 0
 geom_c = 0.0
f1, 0= 6.5861e-02
min(dx) = -2.7122430464559307e-13
max(dx) = 2.6654434849415145e-13
mean(dx)= 5.433678604617569e-15
vdws = 0
atoms = 4
pairs = 6
 geom_x = 0.06586102743457195
 geom_a = 0
 geom_q = 0
 geom_c = 0.0
f1, 1= 6.5861e-02
min(dx) = -1.3561215232279654e-13
max(dx) = 1.3327217424707573e-13
mean(dx)= 2.7168393023087844e-15
vdws = 0
atoms = 4
pairs = 6
 geom_x = 0.06586102743457142
 geom_a = 0
 geom_q = 0
 geom_c = 0.0
f1, 2= 6.5861e-02
WARNING: function not minimised
                       N restraints  r.m.s.d.  r.m.s.Z  Mn(sigma)
Bond distances, non H             4     0.001    0.076      0.013
Bond angles, non H                5     0.225    0.146      2.100
Chiral centres                    1     0.004    0.050      0.089



====== CYCLE 26 ======

 weight = 1.0000e+00
 geom_x = 0.06586102743457142
 geom_a = 0
 geom_q = 0
 geom_c = 0.0
f0= 6.5861e-02
using cgsolve in c++, ic=False
diag(geom) min= 302.669687 max= 13578.647083
diag(all) min= 302.669687 max= 13578.647083
Trying gamma equal 0.096600
Convergence reached after 5 iterations with no gamma cycles
min(dx) = -4.46261099637967e-13
max(dx) = 4.383035265301663e-13
mean(dx)= 8.89666730213577e-15
vdws = 0
atoms = 4
pairs = 6
 geom_x = 0.06586102743457276
 geom_a = 0
 geom_q = 0
 geom_c = 0.0
f1, 0= 6.5861e-02
min(dx) = -2.231305498189835e-13
max(dx) = 2.1915176326508316e-13
mean(dx)= 4.448333651067885e-15
vdws = 0
atoms = 4
pairs = 6
 geom_x = 0.06586102743457227
 geom_a = 0
 geom_q = 0
 geom_c = 0.0
f1, 1= 6.5861e-02
min(dx) = -1.1156527490949175e-13
max(dx) = 1.0957588163254158e-13
mean(dx)= 2.2241668255339427e-15
vdws = 0
atoms = 4
pairs = 6
 geom_x = 0.06586102743457439
 geom_a = 0
 geom_q = 0
 geom_c = 0.0
f1, 2= 6.5861e-02
WARNING: function not minimised
                       N restraints  r.m.s.d.  r.m.s.Z  Mn(sigma)
Bond distances, non H             4     0.001    0.076      0.013
Bond angles, non H                5     0.225    0.146      2.100
Chiral centres                    1     0.004    0.050      0.089



====== CYCLE 27 ======

 weight = 1.0000e+00
 geom_x = 0.06586102743457439
 geom_a = 0
 geom_q = 0
 geom_c = 0.0
f0= 6.5861e-02
using cgsolve in c++, ic=False
diag(geom) min= 302.669687 max= 13578.647083
diag(all) min= 302.669687 max= 13578.647083
Trying gamma equal 0.096600
Convergence reached after 5 iterations with no gamma cycles
min(dx) = -3.669998145533834e-13
max(dx) = 3.6061004960451653e-13
mean(dx)= 7.325875091091922e-15
vdws = 0
atoms = 4
pairs = 6
 geom_x = 0.06586102743457398
 geom_a = 0
 geom_q = 0
 geom_c = 0.0
f1, 0= 6.5861e-02
                       N restraints  r.m.s.d.  r.m.s.Z  Mn(sigma)
Bond distances, non H             4     0.001    0.076      0.013
Bond angles, non H                5     0.225    0.146      2.100
Chiral centres                    1     0.004    0.050      0.089



====== CYCLE 28 ======

 weight = 1.0000e+00
 geom_x = 0.06586102743457398
 geom_a = 0
 geom_q = 0
 geom_c = 0.0
f0= 6.5861e-02
using cgsolve in c++, ic=False
diag(geom) min= 302.669687 max= 13578.647083
diag(all) min= 302.669687 max= 13578.647083
Trying gamma equal 0.096600
Convergence reached after 6 iterations with no gamma cycles
min(dx) = -1.0580861064532137e-13
max(dx) = 1.0405149359826115e-13
mean(dx)= 2.1354723913668845e-15
vdws = 0
atoms = 4
pairs = 6
 geom_x = 0.06586102743457402
 geom_a = 0
 geom_q = 0
 geom_c = 0.0
f1, 0= 6.5861e-02
min(dx) = -5.2904305322660684e-14
max(dx) = 5.2025746799130577e-14
mean(dx)= 1.0677361956834422e-15
vdws = 0
atoms = 4
pairs = 6
 geom_x = 0.06586102743457291
 geom_a = 0
 geom_q = 0
 geom_c = 0.0
f1, 1= 6.5861e-02
                       N restraints  r.m.s.d.  r.m.s.Z  Mn(sigma)
Bond distances, non H             4     0.001    0.076      0.013
Bond angles, non H                5     0.225    0.146      2.100
Chiral centres                    1     0.004    0.050      0.089



====== CYCLE 29 ======

 weight = 1.0000e+00
 geom_x = 0.06586102743457291
 geom_a = 0
 geom_q = 0
 geom_c = 0.0
f0= 6.5861e-02
using cgsolve in c++, ic=False
diag(geom) min= 302.669687 max= 13578.647083
diag(all) min= 302.669687 max= 13578.647083
Trying gamma equal 0.096600
Convergence reached after 5 iterations with no gamma cycles
min(dx) = -6.852363338185007e-14
max(dx) = 6.714595104011413e-14
mean(dx)= 1.3514944439668338e-15
vdws = 0
atoms = 4
pairs = 6
 geom_x = 0.06586102743457434
 geom_a = 0
 geom_q = 0
 geom_c = 0.0
f1, 0= 6.5861e-02
min(dx) = -3.4261816690925034e-14
max(dx) = 3.3572975520057066e-14
mean(dx)= 6.757472219834169e-16
vdws = 0
atoms = 4
pairs = 6
 geom_x = 0.06586102743456868
 geom_a = 0
 geom_q = 0
 geom_c = 0.0
f1, 1= 6.5861e-02
                       N restraints  r.m.s.d.  r.m.s.Z  Mn(sigma)
Bond distances, non H             4     0.001    0.076      0.013
Bond angles, non H                5     0.225    0.146      2.100
Chiral centres                    1     0.004    0.050      0.089



====== CYCLE 30 ======

 weight = 1.0000e+00
 geom_x = 0.06586102743456868
 geom_a = 0
 geom_q = 0
 geom_c = 0.0
f0= 6.5861e-02
using cgsolve in c++, ic=False
diag(geom) min= 302.669687 max= 13578.647083
diag(all) min= 302.669687 max= 13578.647083
Trying gamma equal 0.096600
Convergence reached after 6 iterations with no gamma cycles
min(dx) = -4.3936492084230807e-14
max(dx) = 4.3215667229421503e-14
mean(dx)= 8.912740186329364e-16
vdws = 0
atoms = 4
pairs = 6
 geom_x = 0.0658610274345727
 geom_a = 0
 geom_q = 0
 geom_c = 0.0
f1, 0= 6.5861e-02
min(dx) = -2.1968246042115403e-14
max(dx) = 2.1607833614710752e-14
mean(dx)= 4.456370093164682e-16
vdws = 0
atoms = 4
pairs = 6
 geom_x = 0.06586102743457246
 geom_a = 0
 geom_q = 0
 geom_c = 0.0
f1, 1= 6.5861e-02
min(dx) = -1.0984123021057702e-14
max(dx) = 1.0803916807355376e-14
mean(dx)= 2.228185046582341e-16
vdws = 0
atoms = 4
pairs = 6
 geom_x = 0.06586102743457
 geom_a = 0
 geom_q = 0
 geom_c = 0.0
f1, 2= 6.5861e-02
WARNING: function not minimised
                       N restraints  r.m.s.d.  r.m.s.Z  Mn(sigma)
Bond distances, non H             4     0.001    0.076      0.013
Bond angles, non H                5     0.225    0.146      2.100
Chiral centres                    1     0.004    0.050      0.089


$TABLE: stats vs cycle :
$GRAPHS
: Geometry :A:1,2,4:
: Geometry Z :A:1,5,3:
$$
 Ncyc  rmsBOND  zBOND  rmsANGL  zANGL
$$
$$
    0   0.0009 0.0770   0.2460 0.1497
    1   0.0008 0.0758   0.2267 0.1461
    2   0.0008 0.0758   0.2250 0.1458
    3   0.0008 0.0758   0.2247 0.1458
    4   0.0008 0.0758   0.2246 0.1458
    5   0.0008 0.0758   0.2246 0.1458
    6   0.0008 0.0758   0.2246 0.1458
    7   0.0008 0.0758   0.2246 0.1458
    8   0.0008 0.0758   0.2246 0.1458
    9   0.0008 0.0758   0.2246 0.1458
   10   0.0008 0.0758   0.2246 0.1458
   11   0.0008 0.0758   0.2246 0.1458
   12   0.0008 0.0758   0.2246 0.1458
   13   0.0008 0.0758   0.2246 0.1458
   14   0.0008 0.0758   0.2246 0.1458
   15   0.0008 0.0758   0.2246 0.1458
   16   0.0008 0.0758   0.2246 0.1458
   17   0.0008 0.0758   0.2246 0.1458
   18   0.0008 0.0758   0.2246 0.1458
   19   0.0008 0.0758   0.2246 0.1458
   20   0.0008 0.0758   0.2246 0.1458
   21   0.0008 0.0758   0.2246 0.1458
   22   0.0008 0.0758   0.2246 0.1458
   23   0.0008 0.0758   0.2246 0.1458
   24   0.0008 0.0758   0.2246 0.1458
   25   0.0008 0.0758   0.2246 0.1458
   26   0.0008 0.0758   0.2246 0.1458
   27   0.0008 0.0758   0.2246 0.1458
   28   0.0008 0.0758   0.2246 0.1458
   29   0.0008 0.0758   0.2246 0.1458
   30   0.0008 0.0758   0.2246 0.1458
$$

Creating restraints..

Chain info:
 chain 
  ligands: EPX (1 residues)

Number of refinement parameters:
       n_params  n_atoms  n_atoms_geom_only  n_atoms_data_only
xyz          10       10                  6                  0
adp           0        0                  0                  0
occ           0        0                  0                  0
dfrac         0        0                  0                  0

Randomizing structure with rmsd of 0.01
Torsion angle rules:
 include:
  {'group': 'peptide', 'tors_name': 'chi*'}
  {'link': '*', 'tors_name': 'omega'}
  {'residue': '*', 'tors_name': 'sp2_sp2*'}
  {'link': '*', 'tors_name': 'sp2_sp2*'}
 exclude:
  none
External restraints from Refmac instructions
 Number of distances          : 0
 Number of angles             : 0
 Number of torsions           : 0
 Number of chirals            : 0
 Number of planes             : 0
 Number of intervals          : 0
 Number of stackings          : 0
 Number of harmonics          : 0
 Number of special positions  : 0

Running 10 cycles with wchir=4 wvdw=2 with hydrogen
Geometry weights
vdws = 15
atoms = 10
pairs = 41
                          N restraints  r.m.s.d.  r.m.s.Z  Mn(sigma)
Bond distances, non H                4     0.008    0.749      0.013
Bond distances, H                    6     0.007    0.469      0.016
Bond angles, non H                   5     0.602    0.312      2.100
Bond angles, H                      14     0.700    0.427      1.929
Torsion angles, period 3             1     0.375    0.038     10.000
Chiral centres                       1     0.003    0.032      0.089


====== CYCLE  1 ======

 weight = 1.0000e+00
 geom_x = 3.3086527490670052
 geom_a = 0
 geom_q = 0
 geom_c = 0.0
f0= 3.3087e+00
using cgsolve in c++, ic=False
diag(geom) min= 875.107993 max= 25947.519041
diag(all) min= 875.107993 max= 25947.519041
Trying gamma equal 0.000000
Convergence reached after 24 iterations with no gamma cycles
min(dx) = -0.013036590264244571
max(dx) = 0.008536055251954193
mean(dx)= -0.001777170376009743
vdws = 15
atoms = 10
pairs = 41
 geom_x = 0.10760060072516273
 geom_a = 0
 geom_q = 0
 geom_c = 0.0
f1, 0= 1.0760e-01
                          N restraints  r.m.s.d.  r.m.s.Z  Mn(sigma)
Bond distances, non H                4     0.001    0.075      0.013
Bond distances, H                    6     0.000    0.006      0.016
Bond angles, non H                   5     0.268    0.154      2.100
Bond angles, H                      14     0.170    0.073      1.929
Torsion angles, period 3             1     0.007    0.001     10.000
Chiral centres                       1     0.000    0.003      0.089



====== CYCLE  2 ======

 weight = 1.0000e+00
 geom_x = 0.10760060072516273
 geom_a = 0
 geom_q = 0
 geom_c = 0.0
f0= 1.0760e-01
using cgsolve in c++, ic=False
diag(geom) min= 861.767803 max= 26156.034394
diag(all) min= 861.767803 max= 26156.034394
Trying gamma equal 0.000000
Not converging with gamma equal 0.000000
Trying gamma equal 0.052500
Gamma decreased to 0.042000
min(dx) = -0.0002571160215227877
max(dx) = 0.00012435630667463135
mean(dx)= -2.619735351226314e-06
vdws = 15
atoms = 10
pairs = 41
 geom_x = 0.10718187953630885
 geom_a = 0
 geom_q = 0
 geom_c = 0.0
f1, 0= 1.0718e-01
                          N restraints  r.m.s.d.  r.m.s.Z  Mn(sigma)
Bond distances, non H                4     0.001    0.073      0.013
Bond distances, H                    6     0.000    0.000      0.016
Bond angles, non H                   5     0.266    0.154      2.100
Bond angles, H                      14     0.172    0.073      1.929
Torsion angles, period 3             1     0.003    0.000     10.000
Chiral centres                       1     0.000    0.001      0.089



====== CYCLE  3 ======

 weight = 1.0000e+00
 geom_x = 0.10718187953630885
 geom_a = 0
 geom_q = 0
 geom_c = 0.0
f0= 1.0718e-01
using cgsolve in c++, ic=False
diag(geom) min= 861.788372 max= 26155.640599
diag(all) min= 861.788372 max= 26155.640599
Trying gamma equal 0.042000
Convergence reached after 21 iterations with no gamma cycles
min(dx) = -4.3806912222300194e-05
max(dx) = 4.9151023651803956e-05
mean(dx)= 4.083420509114943e-06
vdws = 15
atoms = 10
pairs = 41
 geom_x = 0.10717640159966524
 geom_a = 0
 geom_q = 0
 geom_c = 0.0
f1, 0= 1.0718e-01
                          N restraints  r.m.s.d.  r.m.s.Z  Mn(sigma)
Bond distances, non H                4     0.001    0.073      0.013
Bond distances, H                    6     0.000    0.000      0.016
Bond angles, non H                   5     0.265    0.154      2.100
Bond angles, H                      14     0.172    0.073      1.929
Torsion angles, period 3             1     0.004    0.000     10.000
Chiral centres                       1     0.000    0.001      0.089



====== CYCLE  4 ======

 weight = 1.0000e+00
 geom_x = 0.10717640159966524
 geom_a = 0
 geom_q = 0
 geom_c = 0.0
f0= 1.0718e-01
using cgsolve in c++, ic=False
diag(geom) min= 861.777815 max= 26155.614043
diag(all) min= 861.777815 max= 26155.614043
Trying gamma equal 0.042000
Convergence reached after 20 iterations with no gamma cycles
min(dx) = -1.9055060025980493e-05
max(dx) = 1.6233841743367962e-05
mean(dx)= 1.42524914682655e-06
vdws = 15
atoms = 10
pairs = 41
 geom_x = 0.10717571070068559
 geom_a = 0
 geom_q = 0
 geom_c = 0.0
f1, 0= 1.0718e-01
                          N restraints  r.m.s.d.  r.m.s.Z  Mn(sigma)
Bond distances, non H                4     0.001    0.073      0.013
Bond distances, H                    6     0.000    0.000      0.016
Bond angles, non H                   5     0.265    0.154      2.100
Bond angles, H                      14     0.173    0.073      1.929
Torsion angles, period 3             1     0.004    0.000     10.000
Chiral centres                       1     0.000    0.001      0.089



====== CYCLE  5 ======

 weight = 1.0000e+00
 geom_x = 0.10717571070068559
 geom_a = 0
 geom_q = 0
 geom_c = 0.0
f0= 1.0718e-01
using cgsolve in c++, ic=False
diag(geom) min= 861.773211 max= 26155.694065
diag(all) min= 861.773211 max= 26155.694065
Trying gamma equal 0.042000
Convergence reached after 19 iterations with no gamma cycles
min(dx) = -8.7265189203642e-06
max(dx) = 8.22734824458485e-06
mean(dx)= 4.2724964923903817e-07
vdws = 15
atoms = 10
pairs = 41
 geom_x = 0.10717558694570183
 geom_a = 0
 geom_q = 0
 geom_c = 0.0
f1, 0= 1.0718e-01
                          N restraints  r.m.s.d.  r.m.s.Z  Mn(sigma)
Bond distances, non H                4     0.001    0.073      0.013
Bond distances, H                    6     0.000    0.000      0.016
Bond angles, non H                   5     0.265    0.154      2.100
Bond angles, H                      14     0.173    0.073      1.929
Torsion angles, period 3             1     0.004    0.000     10.000
Chiral centres                       1     0.000    0.001      0.089



====== CYCLE  6 ======

 weight = 1.0000e+00
 geom_x = 0.10717558694570183
 geom_a = 0
 geom_q = 0
 geom_c = 0.0
f0= 1.0718e-01
using cgsolve in c++, ic=False
diag(geom) min= 861.771313 max= 26155.782134
diag(all) min= 861.771313 max= 26155.782134
Trying gamma equal 0.042000
Not converging with gamma equal 0.042000
Trying gamma equal 0.094500
Gamma decreased to 0.084000
min(dx) = -3.621635967561021e-06
max(dx) = 3.091268915563401e-06
mean(dx)= 8.306889847430305e-08
vdws = 15
atoms = 10
pairs = 41
 geom_x = 0.10717556393955867
 geom_a = 0
 geom_q = 0
 geom_c = 0.0
f1, 0= 1.0718e-01
                          N restraints  r.m.s.d.  r.m.s.Z  Mn(sigma)
Bond distances, non H                4     0.001    0.073      0.013
Bond distances, H                    6     0.000    0.000      0.016
Bond angles, non H                   5     0.265    0.154      2.100
Bond angles, H                      14     0.173    0.073      1.929
Torsion angles, period 3             1     0.004    0.000     10.000
Chiral centres                       1     0.000    0.001      0.089



====== CYCLE  7 ======

 weight = 1.0000e+00
 geom_x = 0.10717556393955867
 geom_a = 0
 geom_q = 0
 geom_c = 0.0
f0= 1.0718e-01
using cgsolve in c++, ic=False
diag(geom) min= 861.770792 max= 26155.820014
diag(all) min= 861.770792 max= 26155.820014
Trying gamma equal 0.084000
Convergence reached after 17 iterations with no gamma cycles
min(dx) = -3.7770386282673316e-06
max(dx) = 3.0396407431849583e-06
mean(dx)= 2.418190253992813e-08
vdws = 15
atoms = 10
pairs = 41
 geom_x = 0.10717554773672933
 geom_a = 0
 geom_q = 0
 geom_c = 0.0
f1, 0= 1.0718e-01
                          N restraints  r.m.s.d.  r.m.s.Z  Mn(sigma)
Bond distances, non H                4     0.001    0.073      0.013
Bond distances, H                    6     0.000    0.000      0.016
Bond angles, non H                   5     0.265    0.154      2.100
Bond angles, H                      14     0.173    0.073      1.929
Torsion angles, period 3             1     0.004    0.000     10.000
Chiral centres                       1     0.000    0.001      0.089



====== CYCLE  8 ======

 weight = 1.0000e+00
 geom_x = 0.10717554773672933
 geom_a = 0
 geom_q = 0
 geom_c = 0.0
f0= 1.0718e-01
using cgsolve in c++, ic=False
diag(geom) min= 861.770446 max= 26155.859341
diag(all) min= 861.770446 max= 26155.859341
Trying gamma equal 0.084000
Convergence reached after 16 iterations with no gamma cycles
min(dx) = -3.5077972916270277e-06
max(dx) = 2.723934189324902e-06
mean(dx)= -1.0708172260160506e-08
vdws = 15
atoms = 10
pairs = 41
 geom_x = 0.1071755357393193
 geom_a = 0
 geom_q = 0
 geom_c = 0.0
f1, 0= 1.0718e-01
                          N restraints  r.m.s.d.  r.m.s.Z  Mn(sigma)
Bond distances, non H                4     0.001    0.073      0.013
Bond distances, H                    6     0.000    0.000      0.016
Bond angles, non H                   5     0.265    0.154      2.100
Bond angles, H                      14     0.173    0.073      1.929
Torsion angles, period 3             1     0.003    0.000     10.000
Chiral centres                       1     0.000    0.001      0.089



====== CYCLE  9 ======

 weight = 1.0000e+00
 geom_x = 0.1071755357393193
 geom_a = 0
 geom_q = 0
 geom_c = 0.0
f0= 1.0718e-01
using cgsolve in c++, ic=False
diag(geom) min= 861.770237 max= 26155.895308
diag(all) min= 861.770237 max= 26155.895308
Trying gamma equal 0.084000
Convergence reached after 16 iterations with no gamma cycles
min(dx) = -3.260614654204048e-06
max(dx) = 2.4780529895889705e-06
mean(dx)= -2.7597048194824815e-08
vdws = 15
atoms = 10
pairs = 41
 geom_x = 0.10717552598998481
 geom_a = 0
 geom_q = 0
 geom_c = 0.0
f1, 0= 1.0718e-01
                          N restraints  r.m.s.d.  r.m.s.Z  Mn(sigma)
Bond distances, non H                4     0.001    0.073      0.013
Bond distances, H                    6     0.000    0.000      0.016
Bond angles, non H                   5     0.265    0.154      2.100
Bond angles, H                      14     0.173    0.073      1.929
Torsion angles, period 3             1     0.003    0.000     10.000
Chiral centres                       1     0.000    0.001      0.089



====== CYCLE 10 ======

 weight = 1.0000e+00
 geom_x = 0.10717552598998481
 geom_a = 0
 geom_q = 0
 geom_c = 0.0
f0= 1.0718e-01
using cgsolve in c++, ic=False
diag(geom) min= 861.770108 max= 26155.928164
diag(all) min= 861.770108 max= 26155.928164
Trying gamma equal 0.084000
Convergence reached after 16 iterations with no gamma cycles
min(dx) = -3.032295481876981e-06
max(dx) = 2.2747048038492714e-06
mean(dx)= -3.5079010202496285e-08
vdws = 15
atoms = 10
pairs = 41
 geom_x = 0.10717551774754527
 geom_a = 0
 geom_q = 0
 geom_c = 0.0
f1, 0= 1.0718e-01
                          N restraints  r.m.s.d.  r.m.s.Z  Mn(sigma)
Bond distances, non H                4     0.001    0.073      0.013
Bond distances, H                    6     0.000    0.000      0.016
Bond angles, non H                   5     0.265    0.154      2.100
Bond angles, H                      14     0.173    0.073      1.929
Torsion angles, period 3             1     0.003    0.000     10.000
Chiral centres                       1     0.000    0.001      0.089


$TABLE: stats vs cycle :
$GRAPHS
: Geometry :A:1,2,4:
: Geometry Z :A:1,5,3:
$$
 Ncyc  rmsBOND  zBOND  rmsANGL  zANGL
$$
$$
    0   0.0077 0.7495   0.6020 0.3116
    1   0.0008 0.0748   0.2682 0.1539
    2   0.0008 0.0731   0.2659 0.1539
    3   0.0008 0.0730   0.2653 0.1538
    4   0.0008 0.0729   0.2651 0.1538
    5   0.0008 0.0729   0.2650 0.1538
    6   0.0008 0.0729   0.2650 0.1538
    7   0.0008 0.0729   0.2650 0.1538
    8   0.0008 0.0729   0.2650 0.1538
    9   0.0008 0.0729   0.2650 0.1538
   10   0.0008 0.0729   0.2650 0.1538
$$

Running 30 cycles with wchir=1 wvdw=2 with hydrogen
Geometry weights
vdws = 15
atoms = 10
pairs = 41
                          N restraints  r.m.s.d.  r.m.s.Z  Mn(sigma)
Bond distances, non H                4     0.001    0.073      0.013
Bond distances, H                    6     0.000    0.000      0.016
Bond angles, non H                   5     0.265    0.154      2.100
Bond angles, H                      14     0.173    0.073      1.929
Torsion angles, period 3             1     0.003    0.000     10.000
Chiral centres                       1     0.000    0.001      0.089


====== CYCLE  1 ======

 weight = 1.0000e+00
 geom_x = 0.10717325529851869
 geom_a = 0
 geom_q = 0
 geom_c = 0.0
f0= 1.0717e-01
using cgsolve in c++, ic=False
diag(geom) min= 861.770025 max= 17286.922842
diag(all) min= 861.770025 max= 17286.922842
Trying gamma equal 0.084000
Convergence reached after 18 iterations with no gamma cycles
min(dx) = -3.3694932013089955e-05
max(dx) = 3.905234403276571e-05
mean(dx)= -3.554559296061544e-06
vdws = 15
atoms = 10
pairs = 41
 geom_x = 0.10716154968132766
 geom_a = 0
 geom_q = 0
 geom_c = 0.0
f1, 0= 1.0716e-01
                          N restraints  r.m.s.d.  r.m.s.Z  Mn(sigma)
Bond distances, non H                4     0.001    0.073      0.013
Bond distances, H                    6     0.000    0.000      0.016
Bond angles, non H                   5     0.266    0.154      2.100
Bond angles, H                      14     0.172    0.073      1.929
Torsion angles, period 3             1     0.002    0.000     10.000
Chiral centres                       1     0.000    0.003      0.089



====== CYCLE  2 ======

 weight = 1.0000e+00
 geom_x = 0.10716154968132766
 geom_a = 0
 geom_q = 0
 geom_c = 0.0
f0= 1.0716e-01
using cgsolve in c++, ic=False
diag(geom) min= 861.767062 max= 17286.716565
diag(all) min= 861.767062 max= 17286.716565
Trying gamma equal 0.084000
Convergence reached after 20 iterations with no gamma cycles
min(dx) = -1.966211765123746e-05
max(dx) = 2.3503361464896214e-05
mean(dx)= -1.982881631240342e-06
vdws = 15
atoms = 10
pairs = 41
 geom_x = 0.10716014899915
 geom_a = 0
 geom_q = 0
 geom_c = 0.0
f1, 0= 1.0716e-01
                          N restraints  r.m.s.d.  r.m.s.Z  Mn(sigma)
Bond distances, non H                4     0.001    0.073      0.013
Bond distances, H                    6     0.000    0.000      0.016
Bond angles, non H                   5     0.267    0.154      2.100
Bond angles, H                      14     0.172    0.073      1.929
Torsion angles, period 3             1     0.001    0.000     10.000
Chiral centres                       1     0.000    0.003      0.089



====== CYCLE  3 ======

 weight = 1.0000e+00
 geom_x = 0.10716014899915
 geom_a = 0
 geom_q = 0
 geom_c = 0.0
f0= 1.0716e-01
using cgsolve in c++, ic=False
diag(geom) min= 861.768702 max= 17286.626421
diag(all) min= 861.768702 max= 17286.626421
Trying gamma equal 0.084000
Convergence reached after 19 iterations with no gamma cycles
min(dx) = -1.219042147301779e-05
max(dx) = 1.3716713408569607e-05
mean(dx)= -1.0871118246337446e-06
vdws = 15
atoms = 10
pairs = 41
 geom_x = 0.10715974117576103
 geom_a = 0
 geom_q = 0
 geom_c = 0.0
f1, 0= 1.0716e-01
                          N restraints  r.m.s.d.  r.m.s.Z  Mn(sigma)
Bond distances, non H                4     0.001    0.073      0.013
Bond distances, H                    6     0.000    0.000      0.016
Bond angles, non H                   5     0.267    0.154      2.100
Bond angles, H                      14     0.171    0.073      1.929
Torsion angles, period 3             1     0.001    0.000     10.000
Chiral centres                       1     0.000    0.004      0.089



====== CYCLE  4 ======

 weight = 1.0000e+00
 geom_x = 0.10715974117576103
 geom_a = 0
 geom_q = 0
 geom_c = 0.0
f0= 1.0716e-01
using cgsolve in c++, ic=False
diag(geom) min= 861.769746 max= 17286.574689
diag(all) min= 861.769746 max= 17286.574689
Trying gamma equal 0.084000
Convergence reached after 18 iterations with no gamma cycles
min(dx) = -7.28740322374767e-06
max(dx) = 8.544728173126839e-06
mean(dx)= -6.32042998279898e-07
vdws = 15
atoms = 10
pairs = 41
 geom_x = 0.10715957935947769
 geom_a = 0
 geom_q = 0
 geom_c = 0.0
f1, 0= 1.0716e-01
                          N restraints  r.m.s.d.  r.m.s.Z  Mn(sigma)
Bond distances, non H                4     0.001    0.073      0.013
Bond distances, H                    6     0.000    0.000      0.016
Bond angles, non H                   5     0.267    0.154      2.100
Bond angles, H                      14     0.171    0.073      1.929
Torsion angles, period 3             1     0.001    0.000     10.000
Chiral centres                       1     0.000    0.004      0.089



====== CYCLE  5 ======

 weight = 1.0000e+00
 geom_x = 0.10715957935947769
 geom_a = 0
 geom_q = 0
 geom_c = 0.0
f0= 1.0716e-01
using cgsolve in c++, ic=False
diag(geom) min= 861.770422 max= 17286.541162
diag(all) min= 861.770422 max= 17286.541162
Trying gamma equal 0.084000
Convergence reached after 17 iterations with no gamma cycles
min(dx) = -4.972470435438515e-06
max(dx) = 5.63301620691998e-06
mean(dx)= -3.871574324284854e-07
vdws = 15
atoms = 10
pairs = 41
 geom_x = 0.10715950412836611
 geom_a = 0
 geom_q = 0
 geom_c = 0.0
f1, 0= 1.0716e-01
                          N restraints  r.m.s.d.  r.m.s.Z  Mn(sigma)
Bond distances, non H                4     0.001    0.073      0.013
Bond distances, H                    6     0.000    0.000      0.016
Bond angles, non H                   5     0.267    0.154      2.100
Bond angles, H                      14     0.171    0.073      1.929
Torsion angles, period 3             1     0.001    0.000     10.000
Chiral centres                       1     0.000    0.004      0.089



====== CYCLE  6 ======

 weight = 1.0000e+00
 geom_x = 0.10715950412836611
 geom_a = 0
 geom_q = 0
 geom_c = 0.0
f0= 1.0716e-01
using cgsolve in c++, ic=False
diag(geom) min= 861.770838 max= 17286.517941
diag(all) min= 861.770838 max= 17286.517941
Trying gamma equal 0.084000
Convergence reached after 17 iterations with no gamma cycles
min(dx) = -3.5988332619918608e-06
max(dx) = 3.86892945980983e-06
mean(dx)= -2.4810637832958047e-07
vdws = 15
atoms = 10
pairs = 41
 geom_x = 0.10715946529805538
 geom_a = 0
 geom_q = 0
 geom_c = 0.0
f1, 0= 1.0716e-01
                          N restraints  r.m.s.d.  r.m.s.Z  Mn(sigma)
Bond distances, non H                4     0.001    0.073      0.013
Bond distances, H                    6     0.000    0.000      0.016
Bond angles, non H                   5     0.267    0.154      2.100
Bond angles, H                      14     0.171    0.073      1.929
Torsion angles, period 3             1     0.001    0.000     10.000
Chiral centres                       1     0.000    0.004      0.089



====== CYCLE  7 ======

 weight = 1.0000e+00
 geom_x = 0.10715946529805538
 geom_a = 0
 geom_q = 0
 geom_c = 0.0
f0= 1.0716e-01
using cgsolve in c++, ic=False
diag(geom) min= 861.771087 max= 17286.501255
diag(all) min= 861.771087 max= 17286.501255
Trying gamma equal 0.084000
Convergence reached after 17 iterations with no gamma cycles
min(dx) = -2.7453659498880607e-06
max(dx) = 2.7374580726010283e-06
mean(dx)= -1.657550298982506e-07
vdws = 15
atoms = 10
pairs = 41
 geom_x = 0.10715944377755536
 geom_a = 0
 geom_q = 0
 geom_c = 0.0
f1, 0= 1.0716e-01
                          N restraints  r.m.s.d.  r.m.s.Z  Mn(sigma)
Bond distances, non H                4     0.001    0.073      0.013
Bond distances, H                    6     0.000    0.000      0.016
Bond angles, non H                   5     0.267    0.154      2.100
Bond angles, H                      14     0.171    0.073      1.929
Torsion angles, period 3             1     0.001    0.000     10.000
Chiral centres                       1     0.000    0.004      0.089



====== CYCLE  8 ======

 weight = 1.0000e+00
 geom_x = 0.10715944377755536
 geom_a = 0
 geom_q = 0
 geom_c = 0.0
f0= 1.0716e-01
using cgsolve in c++, ic=False
diag(geom) min= 861.771232 max= 17286.488992
diag(all) min= 861.771232 max= 17286.488992
Trying gamma equal 0.084000
Convergence reached after 17 iterations with no gamma cycles
min(dx) = -2.1107981367805923e-06
max(dx) = 1.9801637237805713e-06
mean(dx)= -1.1515265875909582e-07
vdws = 15
atoms = 10
pairs = 41
 geom_x = 0.10715943123502505
 geom_a = 0
 geom_q = 0
 geom_c = 0.0
f1, 0= 1.0716e-01
                          N restraints  r.m.s.d.  r.m.s.Z  Mn(sigma)
Bond distances, non H                4     0.001    0.073      0.013
Bond distances, H                    6     0.000    0.000      0.016
Bond angles, non H                   5     0.267    0.154      2.100
Bond angles, H                      14     0.171    0.073      1.929
Torsion angles, period 3             1     0.001    0.000     10.000
Chiral centres                       1     0.000    0.004      0.089



====== CYCLE  9 ======

 weight = 1.0000e+00
 geom_x = 0.10715943123502505
 geom_a = 0
 geom_q = 0
 geom_c = 0.0
f0= 1.0716e-01
using cgsolve in c++, ic=False
diag(geom) min= 861.771316 max= 17286.479840
diag(all) min= 861.771316 max= 17286.479840
Trying gamma equal 0.084000
Convergence reached after 17 iterations with no gamma cycles
min(dx) = -1.8482601361313587e-06
max(dx) = 1.4563202999731311e-06
mean(dx)= -8.29578337128065e-08
vdws = 15
atoms = 10
pairs = 41
 geom_x = 0.1071594236231809
 geom_a = 0
 geom_q = 0
 geom_c = 0.0
f1, 0= 1.0716e-01
                          N restraints  r.m.s.d.  r.m.s.Z  Mn(sigma)
Bond distances, non H                4     0.001    0.073      0.013
Bond distances, H                    6     0.000    0.000      0.016
Bond angles, non H                   5     0.267    0.154      2.100
Bond angles, H                      14     0.171    0.073      1.929
Torsion angles, period 3             1     0.001    0.000     10.000
Chiral centres                       1     0.000    0.004      0.089



====== CYCLE 10 ======

 weight = 1.0000e+00
 geom_x = 0.1071594236231809
 geom_a = 0
 geom_q = 0
 geom_c = 0.0
f0= 1.0716e-01
using cgsolve in c++, ic=False
diag(geom) min= 861.771364 max= 17286.472929
diag(all) min= 861.771364 max= 17286.472929
Trying gamma equal 0.084000
Convergence reached after 17 iterations with no gamma cycles
min(dx) = -1.6312660300963726e-06
max(dx) = 1.1651531311062501e-06
mean(dx)= -6.176776944237959e-08
vdws = 15
atoms = 10
pairs = 41
 geom_x = 0.10715941882358852
 geom_a = 0
 geom_q = 0
 geom_c = 0.0
f1, 0= 1.0716e-01
                          N restraints  r.m.s.d.  r.m.s.Z  Mn(sigma)
Bond distances, non H                4     0.001    0.073      0.013
Bond distances, H                    6     0.000    0.000      0.016
Bond angles, non H                   5     0.267    0.154      2.100
Bond angles, H                      14     0.171    0.073      1.929
Torsion angles, period 3             1     0.001    0.000     10.000
Chiral centres                       1     0.000    0.004      0.089



====== CYCLE 11 ======

 weight = 1.0000e+00
 geom_x = 0.10715941882358852
 geom_a = 0
 geom_q = 0
 geom_c = 0.0
f0= 1.0716e-01
using cgsolve in c++, ic=False
diag(geom) min= 861.771390 max= 17286.467658
diag(all) min= 861.771390 max= 17286.467658
Trying gamma equal 0.084000
Convergence reached after 17 iterations with no gamma cycles
min(dx) = -1.4504831165745144e-06
max(dx) = 1.0493803196701781e-06
mean(dx)= -4.7356033240537867e-08
vdws = 15
atoms = 10
pairs = 41
 geom_x = 0.10715941567373766
 geom_a = 0
 geom_q = 0
 geom_c = 0.0
f1, 0= 1.0716e-01
                          N restraints  r.m.s.d.  r.m.s.Z  Mn(sigma)
Bond distances, non H                4     0.001    0.073      0.013
Bond distances, H                    6     0.000    0.000      0.016
Bond angles, non H                   5     0.267    0.154      2.100
Bond angles, H                      14     0.171    0.073      1.929
Torsion angles, period 3             1     0.001    0.000     10.000
Chiral centres                       1     0.000    0.004      0.089



====== CYCLE 12 ======

 weight = 1.0000e+00
 geom_x = 0.10715941567373766
 geom_a = 0
 geom_q = 0
 geom_c = 0.0
f0= 1.0716e-01
using cgsolve in c++, ic=False
diag(geom) min= 861.771403 max= 17286.463605
diag(all) min= 861.771403 max= 17286.463605
Trying gamma equal 0.084000
Convergence reached after 17 iterations with no gamma cycles
min(dx) = -1.2985331710530332e-06
max(dx) = 9.465404250513568e-07
mean(dx)= -3.724960783923544e-08
vdws = 15
atoms = 10
pairs = 41
 geom_x = 0.10715941351671059
 geom_a = 0
 geom_q = 0
 geom_c = 0.0
f1, 0= 1.0716e-01
                          N restraints  r.m.s.d.  r.m.s.Z  Mn(sigma)
Bond distances, non H                4     0.001    0.073      0.013
Bond distances, H                    6     0.000    0.000      0.016
Bond angles, non H                   5     0.267    0.154      2.100
Bond angles, H                      14     0.171    0.073      1.929
Torsion angles, period 3             1     0.001    0.000     10.000
Chiral centres                       1     0.000    0.004      0.089



====== CYCLE 13 ======

 weight = 1.0000e+00
 geom_x = 0.10715941351671059
 geom_a = 0
 geom_q = 0
 geom_c = 0.0
f0= 1.0716e-01
using cgsolve in c++, ic=False
diag(geom) min= 861.771409 max= 17286.460462
diag(all) min= 861.771409 max= 17286.460462
Trying gamma equal 0.084000
Convergence reached after 15 iterations with no gamma cycles
min(dx) = -1.169598985603388e-06
max(dx) = 8.562484666950009e-07
mean(dx)= -2.9960991544534115e-08
vdws = 15
atoms = 10
pairs = 41
 geom_x = 0.10715941197383068
 geom_a = 0
 geom_q = 0
 geom_c = 0.0
f1, 0= 1.0716e-01
                          N restraints  r.m.s.d.  r.m.s.Z  Mn(sigma)
Bond distances, non H                4     0.001    0.073      0.013
Bond distances, H                    6     0.000    0.000      0.016
Bond angles, non H                   5     0.267    0.154      2.100
Bond angles, H                      14     0.171    0.073      1.929
Torsion angles, period 3             1     0.001    0.000     10.000
Chiral centres                       1     0.000    0.004      0.089



====== CYCLE 14 ======

 weight = 1.0000e+00
 geom_x = 0.10715941197383068
 geom_a = 0
 geom_q = 0
 geom_c = 0.0
f0= 1.0716e-01
using cgsolve in c++, ic=False
diag(geom) min= 861.771411 max= 17286.458006
diag(all) min= 861.771411 max= 17286.458006
Trying gamma equal 0.084000
Convergence reached after 15 iterations with no gamma cycles
min(dx) = -1.0591256894914753e-06
max(dx) = 7.772246066854055e-07
mean(dx)= -2.457353462011629e-08
vdws = 15
atoms = 10
pairs = 41
 geom_x = 0.10715941082321673
 geom_a = 0
 geom_q = 0
 geom_c = 0.0
f1, 0= 1.0716e-01
                          N restraints  r.m.s.d.  r.m.s.Z  Mn(sigma)
Bond distances, non H                4     0.001    0.073      0.013
Bond distances, H                    6     0.000    0.000      0.016
Bond angles, non H                   5     0.267    0.154      2.100
Bond angles, H                      14     0.171    0.073      1.929
Torsion angles, period 3             1     0.001    0.000     10.000
Chiral centres                       1     0.000    0.004      0.089



====== CYCLE 15 ======

 weight = 1.0000e+00
 geom_x = 0.10715941082321673
 geom_a = 0
 geom_q = 0
 geom_c = 0.0
f0= 1.0716e-01
using cgsolve in c++, ic=False
diag(geom) min= 861.771410 max= 17286.456071
diag(all) min= 861.771410 max= 17286.456071
Trying gamma equal 0.084000
Convergence reached after 15 iterations with no gamma cycles
min(dx) = -9.635481434934183e-07
max(dx) = 7.07965883305906e-07
mean(dx)= -2.0501802525653768e-08
vdws = 15
atoms = 10
pairs = 41
 geom_x = 0.10715940993264073
 geom_a = 0
 geom_q = 0
 geom_c = 0.0
f1, 0= 1.0716e-01
                          N restraints  r.m.s.d.  r.m.s.Z  Mn(sigma)
Bond distances, non H                4     0.001    0.073      0.013
Bond distances, H                    6     0.000    0.000      0.016
Bond angles, non H                   5     0.267    0.154      2.100
Bond angles, H                      14     0.171    0.073      1.929
Torsion angles, period 3             1     0.001    0.000     10.000
Chiral centres                       1     0.000    0.004      0.089



====== CYCLE 16 ======

 weight = 1.0000e+00
 geom_x = 0.10715940993264073
 geom_a = 0
 geom_q = 0
 geom_c = 0.0
f0= 1.0716e-01
using cgsolve in c++, ic=False
diag(geom) min= 861.771408 max= 17286.454534
diag(all) min= 861.771408 max= 17286.454534
Trying gamma equal 0.084000
Convergence reached after 14 iterations with no gamma cycles
min(dx) = -8.800880654218702e-07
max(dx) = 6.470161689612664e-07
mean(dx)= -1.736403437247926e-08
vdws = 15
atoms = 10
pairs = 41
 geom_x = 0.10715940922170214
 geom_a = 0
 geom_q = 0
 geom_c = 0.0
f1, 0= 1.0716e-01
                          N restraints  r.m.s.d.  r.m.s.Z  Mn(sigma)
Bond distances, non H                4     0.001    0.073      0.013
Bond distances, H                    6     0.000    0.000      0.016
Bond angles, non H                   5     0.267    0.154      2.100
Bond angles, H                      14     0.171    0.073      1.929
Torsion angles, period 3             1     0.001    0.000     10.000
Chiral centres                       1     0.000    0.004      0.089



====== CYCLE 17 ======

 weight = 1.0000e+00
 geom_x = 0.10715940922170214
 geom_a = 0
 geom_q = 0
 geom_c = 0.0
f0= 1.0716e-01
using cgsolve in c++, ic=False
diag(geom) min= 861.771405 max= 17286.453301
diag(all) min= 861.771405 max= 17286.453301
Trying gamma equal 0.084000
Convergence reached after 14 iterations with no gamma cycles
min(dx) = -8.065750804846014e-07
max(dx) = 5.930909099364414e-07
mean(dx)= -1.490244718500998e-08
vdws = 15
atoms = 10
pairs = 41
 geom_x = 0.10715940864028534
 geom_a = 0
 geom_q = 0
 geom_c = 0.0
f1, 0= 1.0716e-01
                          N restraints  r.m.s.d.  r.m.s.Z  Mn(sigma)
Bond distances, non H                4     0.001    0.073      0.013
Bond distances, H                    6     0.000    0.000      0.016
Bond angles, non H                   5     0.267    0.154      2.100
Bond angles, H                      14     0.171    0.073      1.929
Torsion angles, period 3             1     0.001    0.000     10.000
Chiral centres                       1     0.000    0.004      0.089



====== CYCLE 18 ======

 weight = 1.0000e+00
 geom_x = 0.10715940864028534
 geom_a = 0
 geom_q = 0
 geom_c = 0.0
f0= 1.0716e-01
using cgsolve in c++, ic=False
diag(geom) min= 861.771402 max= 17286.452303
diag(all) min= 861.771402 max= 17286.452303
Trying gamma equal 0.084000
Convergence reached after 14 iterations with no gamma cycles
min(dx) = -7.413065540574765e-07
max(dx) = 5.45096483443071e-07
mean(dx)= -1.2940726427919872e-08
vdws = 15
atoms = 10
pairs = 41
 geom_x = 0.10715940815612574
 geom_a = 0
 geom_q = 0
 geom_c = 0.0
f1, 0= 1.0716e-01
                          N restraints  r.m.s.d.  r.m.s.Z  Mn(sigma)
Bond distances, non H                4     0.001    0.073      0.013
Bond distances, H                    6     0.000    0.000      0.016
Bond angles, non H                   5     0.267    0.154      2.100
Bond angles, H                      14     0.171    0.073      1.929
Torsion angles, period 3             1     0.001    0.000     10.000
Chiral centres                       1     0.000    0.004      0.089



====== CYCLE 19 ======

 weight = 1.0000e+00
 geom_x = 0.10715940815612574
 geom_a = 0
 geom_q = 0
 geom_c = 0.0
f0= 1.0716e-01
using cgsolve in c++, ic=False
diag(geom) min= 861.771399 max= 17286.451487
diag(all) min= 861.771399 max= 17286.451487
Trying gamma equal 0.084000
Convergence reached after 14 iterations with no gamma cycles
min(dx) = -6.829416253460807e-07
max(dx) = 5.0212754410831e-07
mean(dx)= -1.1354126205691453e-08
vdws = 15
atoms = 10
pairs = 41
 geom_x = 0.10715940774768215
 geom_a = 0
 geom_q = 0
 geom_c = 0.0
f1, 0= 1.0716e-01
                          N restraints  r.m.s.d.  r.m.s.Z  Mn(sigma)
Bond distances, non H                4     0.001    0.073      0.013
Bond distances, H                    6     0.000    0.000      0.016
Bond angles, non H                   5     0.267    0.154      2.100
Bond angles, H                      14     0.171    0.073      1.929
Torsion angles, period 3             1     0.001    0.000     10.000
Chiral centres                       1     0.000    0.004      0.089



====== CYCLE 20 ======

 weight = 1.0000e+00
 geom_x = 0.10715940774768215
 geom_a = 0
 geom_q = 0
 geom_c = 0.0
f0= 1.0716e-01
using cgsolve in c++, ic=False
diag(geom) min= 861.771395 max= 17286.450812
diag(all) min= 861.771395 max= 17286.450812
Trying gamma equal 0.084000
Convergence reached after 14 iterations with no gamma cycles
min(dx) = -6.304184758780282e-07
max(dx) = 4.634418625282739e-07
mean(dx)= -1.0052993464459962e-08
vdws = 15
atoms = 10
pairs = 41
 geom_x = 0.10715940739994996
 geom_a = 0
 geom_q = 0
 geom_c = 0.0
f1, 0= 1.0716e-01
                          N restraints  r.m.s.d.  r.m.s.Z  Mn(sigma)
Bond distances, non H                4     0.001    0.073      0.013
Bond distances, H                    6     0.000    0.000      0.016
Bond angles, non H                   5     0.267    0.154      2.100
Bond angles, H                      14     0.171    0.073      1.929
Torsion angles, period 3             1     0.001    0.000     10.000
Chiral centres                       1     0.000    0.004      0.089



====== CYCLE 21 ======

 weight = 1.0000e+00
 geom_x = 0.10715940739994996
 geom_a = 0
 geom_q = 0
 geom_c = 0.0
f0= 1.0716e-01
using cgsolve in c++, ic=False
diag(geom) min= 861.771392 max= 17286.450249
diag(all) min= 861.771392 max= 17286.450249
Trying gamma equal 0.084000
Convergence reached after 14 iterations with no gamma cycles
min(dx) = -5.828902110196203e-07
max(dx) = 4.284340600706437e-07
mean(dx)= -8.971802335160896e-09
vdws = 15
atoms = 10
pairs = 41
 geom_x = 0.10715940710205628
 geom_a = 0
 geom_q = 0
 geom_c = 0.0
f1, 0= 1.0716e-01
                          N restraints  r.m.s.d.  r.m.s.Z  Mn(sigma)
Bond distances, non H                4     0.001    0.073      0.013
Bond distances, H                    6     0.000    0.000      0.016
Bond angles, non H                   5     0.267    0.154      2.100
Bond angles, H                      14     0.171    0.073      1.929
Torsion angles, period 3             1     0.001    0.000     10.000
Chiral centres                       1     0.000    0.004      0.089



====== CYCLE 22 ======

 weight = 1.0000e+00
 geom_x = 0.10715940710205628
 geom_a = 0
 geom_q = 0
 geom_c = 0.0
f0= 1.0716e-01
using cgsolve in c++, ic=False
diag(geom) min= 861.771389 max= 17286.449774
diag(all) min= 861.771389 max= 17286.449774
Trying gamma equal 0.084000
Convergence reached after 14 iterations with no gamma cycles
min(dx) = -5.39675985660036e-07
max(dx) = 3.9661004966346574e-07
mean(dx)= -8.062042463728342e-09
vdws = 15
atoms = 10
pairs = 41
 geom_x = 0.10715940684575727
 geom_a = 0
 geom_q = 0
 geom_c = 0.0
f1, 0= 1.0716e-01
                          N restraints  r.m.s.d.  r.m.s.Z  Mn(sigma)
Bond distances, non H                4     0.001    0.073      0.013
Bond distances, H                    6     0.000    0.000      0.016
Bond angles, non H                   5     0.267    0.154      2.100
Bond angles, H                      14     0.171    0.073      1.929
Torsion angles, period 3             1     0.001    0.000     10.000
Chiral centres                       1     0.000    0.004      0.089



====== CYCLE 23 ======

 weight = 1.0000e+00
 geom_x = 0.10715940684575727
 geom_a = 0
 geom_q = 0
 geom_c = 0.0
f0= 1.0716e-01
using cgsolve in c++, ic=False
diag(geom) min= 861.771385 max= 17286.449368
diag(all) min= 861.771385 max= 17286.449368
Trying gamma equal 0.084000
Convergence reached after 14 iterations with no gamma cycles
min(dx) = -5.056733019899092e-07
max(dx) = 3.6756506039044225e-07
mean(dx)= -7.287404812379662e-09
vdws = 15
atoms = 10
pairs = 41
 geom_x = 0.10715940662460353
 geom_a = 0
 geom_q = 0
 geom_c = 0.0
f1, 0= 1.0716e-01
                          N restraints  r.m.s.d.  r.m.s.Z  Mn(sigma)
Bond distances, non H                4     0.001    0.073      0.013
Bond distances, H                    6     0.000    0.000      0.016
Bond angles, non H                   5     0.267    0.154      2.100
Bond angles, H                      14     0.171    0.073      1.929
Torsion angles, period 3             1     0.001    0.000     10.000
Chiral centres                       1     0.000    0.004      0.089



====== CYCLE 24 ======

 weight = 1.0000e+00
 geom_x = 0.10715940662460353
 geom_a = 0
 geom_q = 0
 geom_c = 0.0
f0= 1.0716e-01
using cgsolve in c++, ic=False
diag(geom) min= 861.771383 max= 17286.449018
diag(all) min= 861.771383 max= 17286.449018
Trying gamma equal 0.084000
Convergence reached after 14 iterations with no gamma cycles
min(dx) = -4.7344496240262015e-07
max(dx) = 3.4096551687778443e-07
mean(dx)= -6.620450919981732e-09
vdws = 15
atoms = 10
pairs = 41
 geom_x = 0.10715940643343176
 geom_a = 0
 geom_q = 0
 geom_c = 0.0
f1, 0= 1.0716e-01
                          N restraints  r.m.s.d.  r.m.s.Z  Mn(sigma)
Bond distances, non H                4     0.001    0.073      0.013
Bond distances, H                    6     0.000    0.000      0.016
Bond angles, non H                   5     0.267    0.154      2.100
Bond angles, H                      14     0.171    0.073      1.929
Torsion angles, period 3             1     0.000    0.000     10.000
Chiral centres                       1     0.000    0.004      0.089



====== CYCLE 25 ======

 weight = 1.0000e+00
 geom_x = 0.10715940643343176
 geom_a = 0
 geom_q = 0
 geom_c = 0.0
f0= 1.0716e-01
using cgsolve in c++, ic=False
diag(geom) min= 861.771380 max= 17286.448713
diag(all) min= 861.771380 max= 17286.448713
Trying gamma equal 0.084000
Convergence reached after 14 iterations with no gamma cycles
min(dx) = -4.428476406420173e-07
max(dx) = 3.165344226803148e-07
mean(dx)= -6.040266994923712e-09
vdws = 15
atoms = 10
pairs = 41
 geom_x = 0.10715940626794533
 geom_a = 0
 geom_q = 0
 geom_c = 0.0
f1, 0= 1.0716e-01
                          N restraints  r.m.s.d.  r.m.s.Z  Mn(sigma)
Bond distances, non H                4     0.001    0.073      0.013
Bond distances, H                    6     0.000    0.000      0.016
Bond angles, non H                   5     0.267    0.154      2.100
Bond angles, H                      14     0.171    0.073      1.929
Torsion angles, period 3             1     0.000    0.000     10.000
Chiral centres                       1     0.000    0.004      0.089



====== CYCLE 26 ======

 weight = 1.0000e+00
 geom_x = 0.10715940626794533
 geom_a = 0
 geom_q = 0
 geom_c = 0.0
f0= 1.0716e-01
using cgsolve in c++, ic=False
diag(geom) min= 861.771377 max= 17286.448446
diag(all) min= 861.771377 max= 17286.448446
Trying gamma equal 0.084000
Convergence reached after 14 iterations with no gamma cycles
min(dx) = -4.139079832954902e-07
max(dx) = 2.9403975465864653e-07
mean(dx)= -5.530784893774264e-09
vdws = 15
atoms = 10
pairs = 41
 geom_x = 0.1071594061245822
 geom_a = 0
 geom_q = 0
 geom_c = 0.0
f1, 0= 1.0716e-01
                          N restraints  r.m.s.d.  r.m.s.Z  Mn(sigma)
Bond distances, non H                4     0.001    0.073      0.013
Bond distances, H                    6     0.000    0.000      0.016
Bond angles, non H                   5     0.267    0.154      2.100
Bond angles, H                      14     0.171    0.073      1.929
Torsion angles, period 3             1     0.000    0.000     10.000
Chiral centres                       1     0.000    0.004      0.089



====== CYCLE 27 ======

 weight = 1.0000e+00
 geom_x = 0.1071594061245822
 geom_a = 0
 geom_q = 0
 geom_c = 0.0
f0= 1.0716e-01
using cgsolve in c++, ic=False
diag(geom) min= 861.771375 max= 17286.448209
diag(all) min= 861.771375 max= 17286.448209
Trying gamma equal 0.084000
Convergence reached after 14 iterations with no gamma cycles
min(dx) = -3.8661774700163783e-07
max(dx) = 2.7328532355930275e-07
mean(dx)= -5.079564261148487e-09
vdws = 15
atoms = 10
pairs = 41
 geom_x = 0.10715940600030627
 geom_a = 0
 geom_q = 0
 geom_c = 0.0
f1, 0= 1.0716e-01
                          N restraints  r.m.s.d.  r.m.s.Z  Mn(sigma)
Bond distances, non H                4     0.001    0.073      0.013
Bond distances, H                    6     0.000    0.000      0.016
Bond angles, non H                   5     0.267    0.154      2.100
Bond angles, H                      14     0.171    0.073      1.929
Torsion angles, period 3             1     0.000    0.000     10.000
Chiral centres                       1     0.000    0.004      0.089



====== CYCLE 28 ======

 weight = 1.0000e+00
 geom_x = 0.10715940600030627
 geom_a = 0
 geom_q = 0
 geom_c = 0.0
f0= 1.0716e-01
using cgsolve in c++, ic=False
diag(geom) min= 861.771372 max= 17286.447997
diag(all) min= 861.771372 max= 17286.447997
Trying gamma equal 0.084000
Convergence reached after 14 iterations with no gamma cycles
min(dx) = -3.609440029759286e-07
max(dx) = 2.541036231316142e-07
mean(dx)= -4.676898805523222e-09
vdws = 15
atoms = 10
pairs = 41
 geom_x = 0.1071594058925387
 geom_a = 0
 geom_q = 0
 geom_c = 0.0
f1, 0= 1.0716e-01
                          N restraints  r.m.s.d.  r.m.s.Z  Mn(sigma)
Bond distances, non H                4     0.001    0.073      0.013
Bond distances, H                    6     0.000    0.000      0.016
Bond angles, non H                   5     0.267    0.154      2.100
Bond angles, H                      14     0.171    0.073      1.929
Torsion angles, period 3             1     0.000    0.000     10.000
Chiral centres                       1     0.000    0.004      0.089



====== CYCLE 29 ======

 weight = 1.0000e+00
 geom_x = 0.1071594058925387
 geom_a = 0
 geom_q = 0
 geom_c = 0.0
f0= 1.0716e-01
using cgsolve in c++, ic=False
diag(geom) min= 861.771370 max= 17286.447807
diag(all) min= 861.771370 max= 17286.447807
Trying gamma equal 0.084000
Convergence reached after 14 iterations with no gamma cycles
min(dx) = -3.3683683814917744e-07
max(dx) = 2.3635024431885375e-07
mean(dx)= -4.315155134110726e-09
vdws = 15
atoms = 10
pairs = 41
 geom_x = 0.10715940579906749
 geom_a = 0
 geom_q = 0
 geom_c = 0.0
f1, 0= 1.0716e-01
                          N restraints  r.m.s.d.  r.m.s.Z  Mn(sigma)
Bond distances, non H                4     0.001    0.073      0.013
Bond distances, H                    6     0.000    0.000      0.016
Bond angles, non H                   5     0.267    0.154      2.100
Bond angles, H                      14     0.171    0.073      1.929
Torsion angles, period 3             1     0.000    0.000     10.000
Chiral centres                       1     0.000    0.004      0.089



====== CYCLE 30 ======

 weight = 1.0000e+00
 geom_x = 0.10715940579906749
 geom_a = 0
 geom_q = 0
 geom_c = 0.0
f0= 1.0716e-01
using cgsolve in c++, ic=False
diag(geom) min= 861.771368 max= 17286.447636
diag(all) min= 861.771368 max= 17286.447636
Trying gamma equal 0.084000
Convergence reached after 14 iterations with no gamma cycles
min(dx) = -3.1423511708794236e-07
max(dx) = 2.19899518707356e-07
mean(dx)= -3.988278983118464e-09
vdws = 15
atoms = 10
pairs = 41
 geom_x = 0.10715940571798217
 geom_a = 0
 geom_q = 0
 geom_c = 0.0
f1, 0= 1.0716e-01
                          N restraints  r.m.s.d.  r.m.s.Z  Mn(sigma)
Bond distances, non H                4     0.001    0.073      0.013
Bond distances, H                    6     0.000    0.000      0.016
Bond angles, non H                   5     0.267    0.154      2.100
Bond angles, H                      14     0.171    0.073      1.929
Torsion angles, period 3             1     0.000    0.000     10.000
Chiral centres                       1     0.000    0.004      0.089


$TABLE: stats vs cycle :
$GRAPHS
: Geometry :A:1,2,4:
: Geometry Z :A:1,5,3:
$$
 Ncyc  rmsBOND  zBOND  rmsANGL  zANGL
$$
$$
    0   0.0008 0.0729   0.2650 0.1538
    1   0.0008 0.0729   0.2663 0.1540
    2   0.0008 0.0729   0.2667 0.1541
    3   0.0008 0.0729   0.2670 0.1542
    4   0.0008 0.0729   0.2671 0.1542
    5   0.0008 0.0729   0.2671 0.1542
    6   0.0008 0.0729   0.2672 0.1542
    7   0.0008 0.0729   0.2672 0.1542
    8   0.0008 0.0729   0.2672 0.1542
    9   0.0008 0.0729   0.2672 0.1542
   10   0.0008 0.0729   0.2672 0.1542
   11   0.0008 0.0729   0.2672 0.1542
   12   0.0008 0.0729   0.2672 0.1542
   13   0.0008 0.0729   0.2672 0.1542
   14   0.0008 0.0729   0.2672 0.1542
   15   0.0008 0.0729   0.2672 0.1542
   16   0.0008 0.0729   0.2672 0.1542
   17   0.0008 0.0729   0.2672 0.1542
   18   0.0008 0.0729   0.2672 0.1542
   19   0.0008 0.0729   0.2672 0.1542
   20   0.0008 0.0729   0.2672 0.1542
   21   0.0008 0.0729   0.2672 0.1542
   22   0.0008 0.0729   0.2672 0.1542
   23   0.0008 0.0729   0.2672 0.1542
   24   0.0008 0.0729   0.2672 0.1542
   25   0.0008 0.0729   0.2672 0.1542
   26   0.0008 0.0729   0.2672 0.1542
   27   0.0008 0.0729   0.2672 0.1542
   28   0.0008 0.0729   0.2672 0.1542
   29   0.0008 0.0729   0.2672 0.1542
   30   0.0008 0.0729   0.2672 0.1542
$$

Updated dictionary saved: EPX_MODEL_TMP/mol_1_conf_10_updated.cif
Refinement statistics saved: EPX_MODEL_TMP/mol_1_conf_10_stats.json

# Finished on 2026-06-14 11:41:23.937564

=========END OF PROCESS INFORMATION ==========
