
============ PROCESS INFORMATION =============
# Servalcat ver. 0.4.128 (Python 3.9.18)
# Library vers. gemmi 0.7.4, scipy 1.7.3, numpy 1.19.5, pandas 1.3.5
# Started on 2026-06-14 11:41:07.183758
# Host: Mac.lan User: hilgersmt
# Command-line:
# servalcat --logfile EPX_MODEL_TMP/servalcat.log refine_geom --update_dictionary EPX_MODEL_TMP/mol_1_conf_1_init.cif -o EPX_MODEL_TMP/mol_1_conf_1 --randomize 0.01
Config loaded
--
refine:
  atom_selection:
    xyz:
      include:
      - '*'
      exclude: []
      exclude_restraint: []
    adp:
      include: []
      exclude: []
      exclude_restraint: []
    occ:
      include: []
      exclude: []
      exclude_restraint: []
    dfrac:
      include: []
      exclude: []
      exclude_restraint: []
  occ_groups: []
  occ_group_constraints: []
  occ_group_const_mu: 10.0
  occ_group_const_mu_update_factor: 1.1
  occ_group_const_mu_update_tol_rel: 0.25
  occ_group_const_mu_update_tol_abs: 0.01
  initialisation:
    adp: {}
    occ: {}
    dfrac: {}
  write_trajectory: false
--
Reading monomers from /Applications/ccp4-9/lib/data/monomers/
Monomer not in the library: EPX.
Reading monomer: EPX_MODEL_TMP/mol_1_conf_1_init.cif
Monomer library loaded: 1 monomers, 109 links, 133 modifications
       loaded monomers: EPX

Checking if unknown atoms exist..
Creating restraints..

Chain info:
 chain 
  ligands: EPX (1 residues)

Number of refinement parameters:
       n_params  n_atoms  n_atoms_geom_only  n_atoms_data_only
xyz           4        4                  0                  0
adp           0        0                  0                  0
occ           0        0                  0                  0
dfrac         0        0                  0                  0

Randomizing structure with rmsd of 0.01
Torsion angle rules:
 include:
  {'group': 'peptide', 'tors_name': 'chi*'}
  {'link': '*', 'tors_name': 'omega'}
  {'residue': '*', 'tors_name': 'sp2_sp2*'}
  {'link': '*', 'tors_name': 'sp2_sp2*'}
 exclude:
  none
External restraints from Refmac instructions
 Number of distances          : 0
 Number of angles             : 0
 Number of torsions           : 0
 Number of chirals            : 0
 Number of planes             : 0
 Number of intervals          : 0
 Number of stackings          : 0
 Number of harmonics          : 0
 Number of special positions  : 0

Running 10 cycles with wchir=4 wvdw=2 without hydrogen
Geometry weights
vdws = 0
atoms = 4
pairs = 6
 *** Bond distances outliers (Z >= 5) ***

    atom1     atom2  value  ideal  sigma      z
/EPX 1/C2 /EPX 1/O1  1.406  1.460  0.011 -5.129

                       N restraints  r.m.s.d.  r.m.s.Z  Mn(sigma)
Bond distances, non H             4     0.042    3.248      0.013
Bond angles, non H                5     5.720    2.066      2.100
Chiral centres                    1     0.288    3.217      0.089


====== CYCLE  1 ======

 weight = 1.0000e+00
 geom_x = 114.56363831238652
 geom_a = 0
 geom_q = 0
 geom_c = 0.0
f0= 1.1456e+02
using cgsolve in c++, ic=False
diag(geom) min= 789.883327 max= 21573.620890
diag(all) min= 789.883327 max= 21573.620890
Trying gamma equal 0.000000
Convergence reached after 6 iterations with no gamma cycles
min(dx) = -0.12816673597067343
max(dx) = 0.060249350310405805
mean(dx)= -0.02054450066453863
vdws = 0
atoms = 4
pairs = 6
 geom_x = 1.4051762955979887
 geom_a = 0
 geom_q = 0
 geom_c = 0.0
f1, 0= 1.4052e+00
                       N restraints  r.m.s.d.  r.m.s.Z  Mn(sigma)
Bond distances, non H             4     0.004    0.351      0.013
Bond angles, non H                5     0.901    0.309      2.100
Chiral centres                    1     0.030    0.339      0.089



====== CYCLE  2 ======

 weight = 1.0000e+00
 geom_x = 1.4051762955979887
 geom_a = 0
 geom_q = 0
 geom_c = 0.0
f0= 1.4052e+00
using cgsolve in c++, ic=False
diag(geom) min= 914.415594 max= 23594.520975
diag(all) min= 914.415594 max= 23594.520975
Trying gamma equal 0.000000
Convergence reached after 6 iterations with no gamma cycles
min(dx) = -0.008804207429980927
max(dx) = 0.01846285144533859
mean(dx)= 0.0016622840635638276
vdws = 0
atoms = 4
pairs = 6
 geom_x = 0.06856168868218175
 geom_a = 0
 geom_q = 0
 geom_c = 0.0
f1, 0= 6.8562e-02
                       N restraints  r.m.s.d.  r.m.s.Z  Mn(sigma)
Bond distances, non H             4     0.001    0.076      0.013
Bond angles, non H                5     0.253    0.151      2.100
Chiral centres                    1     0.000    0.001      0.089



====== CYCLE  3 ======

 weight = 1.0000e+00
 geom_x = 0.06856168868218175
 geom_a = 0
 geom_q = 0
 geom_c = 0.0
f0= 6.8562e-02
using cgsolve in c++, ic=False
diag(geom) min= 922.316574 max= 23332.067297
diag(all) min= 922.316574 max= 23332.067297
Trying gamma equal 0.000000
Convergence reached after 6 iterations with no gamma cycles
min(dx) = -0.00026226572117124525
max(dx) = 0.0003916507714307657
mean(dx)= 3.0134343858646204e-05
vdws = 0
atoms = 4
pairs = 6
 geom_x = 0.06817596009143696
 geom_a = 0
 geom_q = 0
 geom_c = 0.0
f1, 0= 6.8176e-02
                       N restraints  r.m.s.d.  r.m.s.Z  Mn(sigma)
Bond distances, non H             4     0.001    0.077      0.013
Bond angles, non H                5     0.246    0.150      2.100
Chiral centres                    1     0.001    0.006      0.089



====== CYCLE  4 ======

 weight = 1.0000e+00
 geom_x = 0.06817596009143696
 geom_a = 0
 geom_q = 0
 geom_c = 0.0
f0= 6.8176e-02
using cgsolve in c++, ic=False
diag(geom) min= 922.404875 max= 23326.353226
diag(all) min= 922.404875 max= 23326.353226
Trying gamma equal 0.000000
Convergence reached after 6 iterations with no gamma cycles
min(dx) = -4.584339600452779e-06
max(dx) = 1.517030711568056e-06
mean(dx)= -1.565972976855913e-07
vdws = 0
atoms = 4
pairs = 6
 geom_x = 0.06817595556816956
 geom_a = 0
 geom_q = 0
 geom_c = 0.0
f1, 0= 6.8176e-02
                       N restraints  r.m.s.d.  r.m.s.Z  Mn(sigma)
Bond distances, non H             4     0.001    0.077      0.013
Bond angles, non H                5     0.246    0.150      2.100
Chiral centres                    1     0.001    0.006      0.089



====== CYCLE  5 ======

 weight = 1.0000e+00
 geom_x = 0.06817595556816956
 geom_a = 0
 geom_q = 0
 geom_c = 0.0
f0= 6.8176e-02
using cgsolve in c++, ic=False
diag(geom) min= 922.406954 max= 23326.344725
diag(all) min= 922.406954 max= 23326.344725
Trying gamma equal 0.000000
Convergence reached after 6 iterations with no gamma cycles
min(dx) = -6.387793971906547e-08
max(dx) = 1.6542046851439823e-08
mean(dx)= -3.6403831094145226e-09
vdws = 0
atoms = 4
pairs = 6
 geom_x = 0.06817595556758291
 geom_a = 0
 geom_q = 0
 geom_c = 0.0
f1, 0= 6.8176e-02
                       N restraints  r.m.s.d.  r.m.s.Z  Mn(sigma)
Bond distances, non H             4     0.001    0.077      0.013
Bond angles, non H                5     0.246    0.150      2.100
Chiral centres                    1     0.001    0.006      0.089



====== CYCLE  6 ======

 weight = 1.0000e+00
 geom_x = 0.06817595556758291
 geom_a = 0
 geom_q = 0
 geom_c = 0.0
f0= 6.8176e-02
using cgsolve in c++, ic=False
diag(geom) min= 922.406989 max= 23326.344846
diag(all) min= 922.406989 max= 23326.344846
Trying gamma equal 0.000000
Convergence reached after 6 iterations with no gamma cycles
min(dx) = -8.790160546306532e-10
max(dx) = 2.186735158422922e-10
mean(dx)= -5.3116243149981134e-11
vdws = 0
atoms = 4
pairs = 6
 geom_x = 0.06817595556758523
 geom_a = 0
 geom_q = 0
 geom_c = 0.0
f1, 0= 6.8176e-02
min(dx) = -4.395080273153266e-10
max(dx) = 1.093367579211461e-10
mean(dx)= -2.6558121574990567e-11
vdws = 0
atoms = 4
pairs = 6
 geom_x = 0.06817595556757546
 geom_a = 0
 geom_q = 0
 geom_c = 0.0
f1, 1= 6.8176e-02
                       N restraints  r.m.s.d.  r.m.s.Z  Mn(sigma)
Bond distances, non H             4     0.001    0.077      0.013
Bond angles, non H                5     0.246    0.150      2.100
Chiral centres                    1     0.001    0.006      0.089



====== CYCLE  7 ======

 weight = 1.0000e+00
 geom_x = 0.06817595556757546
 geom_a = 0
 geom_q = 0
 geom_c = 0.0
f0= 6.8176e-02
using cgsolve in c++, ic=False
diag(geom) min= 922.406989 max= 23326.344847
diag(all) min= 922.406989 max= 23326.344847
Trying gamma equal 0.000000
Convergence reached after 6 iterations with no gamma cycles
min(dx) = -4.455438259371552e-10
max(dx) = 1.1082898317588009e-10
mean(dx)= -2.6926030611724177e-11
vdws = 0
atoms = 4
pairs = 6
 geom_x = 0.06817595556758241
 geom_a = 0
 geom_q = 0
 geom_c = 0.0
f1, 0= 6.8176e-02
min(dx) = -2.227719129685776e-10
max(dx) = 5.5414491587940043e-11
mean(dx)= -1.3463015305862089e-11
vdws = 0
atoms = 4
pairs = 6
 geom_x = 0.06817595556758707
 geom_a = 0
 geom_q = 0
 geom_c = 0.0
f1, 1= 6.8176e-02
min(dx) = -1.113859564842888e-10
max(dx) = 2.7707245793970022e-11
mean(dx)= -6.731507652931044e-12
vdws = 0
atoms = 4
pairs = 6
 geom_x = 0.0681759555675863
 geom_a = 0
 geom_q = 0
 geom_c = 0.0
f1, 2= 6.8176e-02
WARNING: function not minimised
                       N restraints  r.m.s.d.  r.m.s.Z  Mn(sigma)
Bond distances, non H             4     0.001    0.077      0.013
Bond angles, non H                5     0.246    0.150      2.100
Chiral centres                    1     0.001    0.006      0.089



====== CYCLE  8 ======

 weight = 1.0000e+00
 geom_x = 0.0681759555675863
 geom_a = 0
 geom_q = 0
 geom_c = 0.0
f0= 6.8176e-02
using cgsolve in c++, ic=False
diag(geom) min= 922.406989 max= 23326.344847
diag(all) min= 922.406989 max= 23326.344847
Trying gamma equal 0.000000
Convergence reached after 6 iterations with no gamma cycles
min(dx) = -3.3568746682686957e-10
max(dx) = 8.349982528561004e-11
mean(dx)= -2.0287780742594338e-11
vdws = 0
atoms = 4
pairs = 6
 geom_x = 0.06817595556758088
 geom_a = 0
 geom_q = 0
 geom_c = 0.0
f1, 0= 6.8176e-02
                       N restraints  r.m.s.d.  r.m.s.Z  Mn(sigma)
Bond distances, non H             4     0.001    0.077      0.013
Bond angles, non H                5     0.246    0.150      2.100
Chiral centres                    1     0.001    0.006      0.089



====== CYCLE  9 ======

 weight = 1.0000e+00
 geom_x = 0.06817595556758088
 geom_a = 0
 geom_q = 0
 geom_c = 0.0
f0= 6.8176e-02
using cgsolve in c++, ic=False
diag(geom) min= 922.406989 max= 23326.344848
diag(all) min= 922.406989 max= 23326.344848
Trying gamma equal 0.000000
Convergence reached after 6 iterations with no gamma cycles
min(dx) = -4.609875682717368e-12
max(dx) = 1.1396831898297468e-12
mean(dx)= -2.80952235509249e-13
vdws = 0
atoms = 4
pairs = 6
 geom_x = 0.06817595556758241
 geom_a = 0
 geom_q = 0
 geom_c = 0.0
f1, 0= 6.8176e-02
min(dx) = -2.304937841358684e-12
max(dx) = 5.698415949148734e-13
mean(dx)= -1.404761177546245e-13
vdws = 0
atoms = 4
pairs = 6
 geom_x = 0.0681759555675796
 geom_a = 0
 geom_q = 0
 geom_c = 0.0
f1, 1= 6.8176e-02
                       N restraints  r.m.s.d.  r.m.s.Z  Mn(sigma)
Bond distances, non H             4     0.001    0.077      0.013
Bond angles, non H                5     0.246    0.150      2.100
Chiral centres                    1     0.001    0.006      0.089



====== CYCLE 10 ======

 weight = 1.0000e+00
 geom_x = 0.0681759555675796
 geom_a = 0
 geom_q = 0
 geom_c = 0.0
f0= 6.8176e-02
using cgsolve in c++, ic=False
diag(geom) min= 922.406989 max= 23326.344848
diag(all) min= 922.406989 max= 23326.344848
Trying gamma equal 0.000000
Convergence reached after 6 iterations with no gamma cycles
min(dx) = -2.336488253280738e-12
max(dx) = 5.778192216960791e-13
mean(dx)= -1.4240409729788818e-13
vdws = 0
atoms = 4
pairs = 6
 geom_x = 0.06817595556758448
 geom_a = 0
 geom_q = 0
 geom_c = 0.0
f1, 0= 6.8176e-02
min(dx) = -1.168244126640369e-12
max(dx) = 2.8890961084803954e-13
mean(dx)= -7.120204864894409e-14
vdws = 0
atoms = 4
pairs = 6
 geom_x = 0.06817595556758475
 geom_a = 0
 geom_q = 0
 geom_c = 0.0
f1, 1= 6.8176e-02
min(dx) = -5.841220633201845e-13
max(dx) = 1.4445480542401977e-13
mean(dx)= -3.5601024324472046e-14
vdws = 0
atoms = 4
pairs = 6
 geom_x = 0.06817595556758714
 geom_a = 0
 geom_q = 0
 geom_c = 0.0
f1, 2= 6.8176e-02
WARNING: function not minimised
                       N restraints  r.m.s.d.  r.m.s.Z  Mn(sigma)
Bond distances, non H             4     0.001    0.077      0.013
Bond angles, non H                5     0.246    0.150      2.100
Chiral centres                    1     0.001    0.006      0.089


$TABLE: stats vs cycle :
$GRAPHS
: Geometry :A:1,2,4:
: Geometry Z :A:1,5,3:
$$
 Ncyc  rmsBOND  zBOND  rmsANGL  zANGL
$$
$$
    0   0.0421 3.2481   5.7198 2.0659
    1   0.0041 0.3508   0.9015 0.3093
    2   0.0008 0.0759   0.2532 0.1510
    3   0.0009 0.0770   0.2461 0.1497
    4   0.0009 0.0770   0.2460 0.1497
    5   0.0009 0.0770   0.2460 0.1497
    6   0.0009 0.0770   0.2460 0.1497
    7   0.0009 0.0770   0.2460 0.1497
    8   0.0009 0.0770   0.2460 0.1497
    9   0.0009 0.0770   0.2460 0.1497
   10   0.0009 0.0770   0.2460 0.1497
$$

Running 30 cycles with wchir=1 wvdw=2 without hydrogen
Geometry weights
vdws = 0
atoms = 4
pairs = 6
                       N restraints  r.m.s.d.  r.m.s.Z  Mn(sigma)
Bond distances, non H             4     0.001    0.077      0.013
Bond angles, non H                5     0.246    0.150      2.100
Chiral centres                    1     0.001    0.006      0.089


====== CYCLE  1 ======

 weight = 1.0000e+00
 geom_x = 0.06789327195585333
 geom_a = 0
 geom_q = 0
 geom_c = 0.0
f0= 6.7893e-02
using cgsolve in c++, ic=False
diag(geom) min= 244.690924 max= 15038.818272
diag(all) min= 244.690924 max= 15038.818272
Trying gamma equal 0.000000
Convergence reached after 6 iterations with no gamma cycles
min(dx) = -0.0005421139366470019
max(dx) = 0.0013857042612371632
mean(dx)= 0.00015583086143762214
vdws = 0
atoms = 4
pairs = 6
 geom_x = 0.06586104033960277
 geom_a = 0
 geom_q = 0
 geom_c = 0.0
f1, 0= 6.5861e-02
                       N restraints  r.m.s.d.  r.m.s.Z  Mn(sigma)
Bond distances, non H             4     0.001    0.076      0.013
Bond angles, non H                5     0.225    0.146      2.100
Chiral centres                    1     0.004    0.050      0.089



====== CYCLE  2 ======

 weight = 1.0000e+00
 geom_x = 0.06586104033960277
 geom_a = 0
 geom_q = 0
 geom_c = 0.0
f0= 6.5861e-02
using cgsolve in c++, ic=False
diag(geom) min= 244.620830 max= 15030.103927
diag(all) min= 244.620830 max= 15030.103927
Trying gamma equal 0.000000
Convergence reached after 6 iterations with no gamma cycles
min(dx) = -3.405520509483185e-06
max(dx) = 4.236758834810383e-06
mean(dx)= 1.8843772886063513e-07
vdws = 0
atoms = 4
pairs = 6
 geom_x = 0.06586102743469546
 geom_a = 0
 geom_q = 0
 geom_c = 0.0
f1, 0= 6.5861e-02
                       N restraints  r.m.s.d.  r.m.s.Z  Mn(sigma)
Bond distances, non H             4     0.001    0.076      0.013
Bond angles, non H                5     0.225    0.146      2.100
Chiral centres                    1     0.004    0.050      0.089



====== CYCLE  3 ======

 weight = 1.0000e+00
 geom_x = 0.06586102743469546
 geom_a = 0
 geom_q = 0
 geom_c = 0.0
f0= 6.5861e-02
using cgsolve in c++, ic=False
diag(geom) min= 244.619264 max= 15030.083825
diag(all) min= 244.619264 max= 15030.083825
Trying gamma equal 0.000000
Convergence reached after 6 iterations with no gamma cycles
min(dx) = -2.8537692652551663e-08
max(dx) = 1.417053620869845e-08
mean(dx)= -8.647528765267135e-10
vdws = 0
atoms = 4
pairs = 6
 geom_x = 0.06586102743457031
 geom_a = 0
 geom_q = 0
 geom_c = 0.0
f1, 0= 6.5861e-02
                       N restraints  r.m.s.d.  r.m.s.Z  Mn(sigma)
Bond distances, non H             4     0.001    0.076      0.013
Bond angles, non H                5     0.225    0.146      2.100
Chiral centres                    1     0.004    0.050      0.089



====== CYCLE  4 ======

 weight = 1.0000e+00
 geom_x = 0.06586102743457031
 geom_a = 0
 geom_q = 0
 geom_c = 0.0
f0= 6.5861e-02
using cgsolve in c++, ic=False
diag(geom) min= 244.619249 max= 15030.083767
diag(all) min= 244.619249 max= 15030.083767
Trying gamma equal 0.000000
Convergence reached after 6 iterations with no gamma cycles
min(dx) = -2.1349632109744676e-10
max(dx) = 7.584290273183157e-11
mean(dx)= -1.1022642113006368e-11
vdws = 0
atoms = 4
pairs = 6
 geom_x = 0.06586102743457019
 geom_a = 0
 geom_q = 0
 geom_c = 0.0
f1, 0= 6.5861e-02
                       N restraints  r.m.s.d.  r.m.s.Z  Mn(sigma)
Bond distances, non H             4     0.001    0.076      0.013
Bond angles, non H                5     0.225    0.146      2.100
Chiral centres                    1     0.004    0.050      0.089



====== CYCLE  5 ======

 weight = 1.0000e+00
 geom_x = 0.06586102743457019
 geom_a = 0
 geom_q = 0
 geom_c = 0.0
f0= 6.5861e-02
using cgsolve in c++, ic=False
diag(geom) min= 244.619249 max= 15030.083767
diag(all) min= 244.619249 max= 15030.083767
Trying gamma equal 0.000000
Convergence reached after 6 iterations with no gamma cycles
min(dx) = -1.5383485694914056e-12
max(dx) = 4.844960698262039e-13
mean(dx)= -8.85015547886914e-14
vdws = 0
atoms = 4
pairs = 6
 geom_x = 0.06586102743456973
 geom_a = 0
 geom_q = 0
 geom_c = 0.0
f1, 0= 6.5861e-02
                       N restraints  r.m.s.d.  r.m.s.Z  Mn(sigma)
Bond distances, non H             4     0.001    0.076      0.013
Bond angles, non H                5     0.225    0.146      2.100
Chiral centres                    1     0.004    0.050      0.089



====== CYCLE  6 ======

 weight = 1.0000e+00
 geom_x = 0.06586102743456973
 geom_a = 0
 geom_q = 0
 geom_c = 0.0
f0= 6.5861e-02
using cgsolve in c++, ic=False
diag(geom) min= 244.619249 max= 15030.083767
diag(all) min= 244.619249 max= 15030.083767
Trying gamma equal 0.000000
Not converging with gamma equal 0.000000
Trying gamma equal 0.052500
Gamma decreased to 0.042000
min(dx) = -9.782212785108005e-15
max(dx) = 2.639958042472051e-15
mean(dx)= -5.909263987423664e-16
vdws = 0
atoms = 4
pairs = 6
 geom_x = 0.065861027434574
 geom_a = 0
 geom_q = 0
 geom_c = 0.0
f1, 0= 6.5861e-02
min(dx) = -4.8911063925540024e-15
max(dx) = 1.3199790212360255e-15
mean(dx)= -2.954631993711832e-16
vdws = 0
atoms = 4
pairs = 6
 geom_x = 0.06586102743457081
 geom_a = 0
 geom_q = 0
 geom_c = 0.0
f1, 1= 6.5861e-02
min(dx) = -2.4455531962770012e-15
max(dx) = 6.599895106180128e-16
mean(dx)= -1.477315996855916e-16
vdws = 0
atoms = 4
pairs = 6
 geom_x = 0.06586102743457084
 geom_a = 0
 geom_q = 0
 geom_c = 0.0
f1, 2= 6.5861e-02
WARNING: function not minimised
                       N restraints  r.m.s.d.  r.m.s.Z  Mn(sigma)
Bond distances, non H             4     0.001    0.076      0.013
Bond angles, non H                5     0.225    0.146      2.100
Chiral centres                    1     0.004    0.050      0.089



====== CYCLE  7 ======

 weight = 1.0000e+00
 geom_x = 0.06586102743457084
 geom_a = 0
 geom_q = 0
 geom_c = 0.0
f0= 6.5861e-02
using cgsolve in c++, ic=False
diag(geom) min= 244.619249 max= 15030.083767
diag(all) min= 244.619249 max= 15030.083767
Trying gamma equal 0.042000
Convergence reached after 7 iterations with no gamma cycles
min(dx) = -8.030727101239416e-15
max(dx) = 2.2453664208792418e-15
mean(dx)= -4.928420581624008e-16
vdws = 0
atoms = 4
pairs = 6
 geom_x = 0.0658610274345748
 geom_a = 0
 geom_q = 0
 geom_c = 0.0
f1, 0= 6.5861e-02
min(dx) = -4.015363550619708e-15
max(dx) = 1.1226832104396209e-15
mean(dx)= -2.464210290812004e-16
vdws = 0
atoms = 4
pairs = 6
 geom_x = 0.06586102743457203
 geom_a = 0
 geom_q = 0
 geom_c = 0.0
f1, 1= 6.5861e-02
min(dx) = -2.007681775309854e-15
max(dx) = 5.613416052198104e-16
mean(dx)= -1.232105145406002e-16
vdws = 0
atoms = 4
pairs = 6
 geom_x = 0.065861027434571
 geom_a = 0
 geom_q = 0
 geom_c = 0.0
f1, 2= 6.5861e-02
WARNING: function not minimised
                       N restraints  r.m.s.d.  r.m.s.Z  Mn(sigma)
Bond distances, non H             4     0.001    0.076      0.013
Bond angles, non H                5     0.225    0.146      2.100
Chiral centres                    1     0.004    0.050      0.089



====== CYCLE  8 ======

 weight = 1.0000e+00
 geom_x = 0.065861027434571
 geom_a = 0
 geom_q = 0
 geom_c = 0.0
f0= 6.5861e-02
using cgsolve in c++, ic=False
diag(geom) min= 244.619249 max= 15030.083767
diag(all) min= 244.619249 max= 15030.083767
Trying gamma equal 0.042000
Convergence reached after 7 iterations with no gamma cycles
min(dx) = -6.176918873419694e-15
max(dx) = 1.971696070926631e-15
mean(dx)= -3.4698533909176624e-16
vdws = 0
atoms = 4
pairs = 6
 geom_x = 0.0658610274345697
 geom_a = 0
 geom_q = 0
 geom_c = 0.0
f1, 0= 6.5861e-02
                       N restraints  r.m.s.d.  r.m.s.Z  Mn(sigma)
Bond distances, non H             4     0.001    0.076      0.013
Bond angles, non H                5     0.225    0.146      2.100
Chiral centres                    1     0.004    0.050      0.089



====== CYCLE  9 ======

 weight = 1.0000e+00
 geom_x = 0.0658610274345697
 geom_a = 0
 geom_q = 0
 geom_c = 0.0
f0= 6.5861e-02
using cgsolve in c++, ic=False
diag(geom) min= 244.619249 max= 15030.083767
diag(all) min= 244.619249 max= 15030.083767
Trying gamma equal 0.042000
Convergence reached after 7 iterations with no gamma cycles
min(dx) = -7.62347000912269e-16
max(dx) = 1.8687047874482027e-16
mean(dx)= -5.064379263199107e-17
vdws = 0
atoms = 4
pairs = 6
 geom_x = 0.06586102743456787
 geom_a = 0
 geom_q = 0
 geom_c = 0.0
f1, 0= 6.5861e-02
                       N restraints  r.m.s.d.  r.m.s.Z  Mn(sigma)
Bond distances, non H             4     0.001    0.076      0.013
Bond angles, non H                5     0.225    0.146      2.100
Chiral centres                    1     0.004    0.050      0.089



====== CYCLE 10 ======

 weight = 1.0000e+00
 geom_x = 0.06586102743456787
 geom_a = 0
 geom_q = 0
 geom_c = 0.0
f0= 6.5861e-02
using cgsolve in c++, ic=False
diag(geom) min= 244.619249 max= 15030.083767
diag(all) min= 244.619249 max= 15030.083767
Trying gamma equal 0.042000
Convergence reached after 7 iterations with no gamma cycles
min(dx) = -1.7912623588783426e-16
max(dx) = 1.194081314144471e-16
mean(dx)= -6.519632176456819e-18
vdws = 0
atoms = 4
pairs = 6
 geom_x = 0.06586102743456992
 geom_a = 0
 geom_q = 0
 geom_c = 0.0
f1, 0= 6.5861e-02
min(dx) = -8.956311794391713e-17
max(dx) = 5.970406570722355e-17
mean(dx)= -3.2598160882284097e-18
vdws = 0
atoms = 4
pairs = 6
 geom_x = 0.06586102743456922
 geom_a = 0
 geom_q = 0
 geom_c = 0.0
f1, 1= 6.5861e-02
min(dx) = -4.4781558971958564e-17
max(dx) = 2.9852032853611774e-17
mean(dx)= -1.6299080441142048e-18
vdws = 0
atoms = 4
pairs = 6
 geom_x = 0.06586102743456922
 geom_a = 0
 geom_q = 0
 geom_c = 0.0
f1, 2= 6.5861e-02
WARNING: function not minimised
                       N restraints  r.m.s.d.  r.m.s.Z  Mn(sigma)
Bond distances, non H             4     0.001    0.076      0.013
Bond angles, non H                5     0.225    0.146      2.100
Chiral centres                    1     0.004    0.050      0.089



====== CYCLE 11 ======

 weight = 1.0000e+00
 geom_x = 0.06586102743456922
 geom_a = 0
 geom_q = 0
 geom_c = 0.0
f0= 6.5861e-02
using cgsolve in c++, ic=False
diag(geom) min= 244.619249 max= 15030.083767
diag(all) min= 244.619249 max= 15030.083767
Trying gamma equal 0.042000
Convergence reached after 7 iterations with no gamma cycles
min(dx) = -1.1638168002095727e-16
max(dx) = 6.293621768077859e-16
mean(dx)= 5.337753446803283e-17
vdws = 0
atoms = 4
pairs = 6
 geom_x = 0.06586102743457212
 geom_a = 0
 geom_q = 0
 geom_c = 0.0
f1, 0= 6.5861e-02
min(dx) = -5.819084001047864e-17
max(dx) = 3.1468108840389297e-16
mean(dx)= 2.6688767234016415e-17
vdws = 0
atoms = 4
pairs = 6
 geom_x = 0.06586102743456926
 geom_a = 0
 geom_q = 0
 geom_c = 0.0
f1, 1= 6.5861e-02
min(dx) = -2.909542000523932e-17
max(dx) = 1.5734054420194648e-16
mean(dx)= 1.3344383617008207e-17
vdws = 0
atoms = 4
pairs = 6
 geom_x = 0.06586102743456926
 geom_a = 0
 geom_q = 0
 geom_c = 0.0
f1, 2= 6.5861e-02
WARNING: function not minimised
                       N restraints  r.m.s.d.  r.m.s.Z  Mn(sigma)
Bond distances, non H             4     0.001    0.076      0.013
Bond angles, non H                5     0.225    0.146      2.100
Chiral centres                    1     0.004    0.050      0.089



====== CYCLE 12 ======

 weight = 1.0000e+00
 geom_x = 0.06586102743456926
 geom_a = 0
 geom_q = 0
 geom_c = 0.0
f0= 6.5861e-02
using cgsolve in c++, ic=False
diag(geom) min= 244.619249 max= 15030.083767
diag(all) min= 244.619249 max= 15030.083767
Trying gamma equal 0.042000
Convergence reached after 7 iterations with no gamma cycles
min(dx) = -1.0490182517900857e-16
max(dx) = 5.1737678335836786e-17
mean(dx)= -2.536507722955197e-18
vdws = 0
atoms = 4
pairs = 6
 geom_x = 0.0658610274345677
 geom_a = 0
 geom_q = 0
 geom_c = 0.0
f1, 0= 6.5861e-02
                       N restraints  r.m.s.d.  r.m.s.Z  Mn(sigma)
Bond distances, non H             4     0.001    0.076      0.013
Bond angles, non H                5     0.225    0.146      2.100
Chiral centres                    1     0.004    0.050      0.089



====== CYCLE 13 ======

 weight = 1.0000e+00
 geom_x = 0.0658610274345677
 geom_a = 0
 geom_q = 0
 geom_c = 0.0
f0= 6.5861e-02
using cgsolve in c++, ic=False
diag(geom) min= 244.619249 max= 15030.083767
diag(all) min= 244.619249 max= 15030.083767
Trying gamma equal 0.042000
Convergence reached after 7 iterations with no gamma cycles
min(dx) = -1.8767856459210277e-16
max(dx) = 1.262772520231779e-16
mean(dx)= 2.212186914082519e-18
vdws = 0
atoms = 4
pairs = 6
 geom_x = 0.06586102743456937
 geom_a = 0
 geom_q = 0
 geom_c = 0.0
f1, 0= 6.5861e-02
min(dx) = -9.383928229605138e-17
max(dx) = 6.313862601158896e-17
mean(dx)= 1.1060934570412595e-18
vdws = 0
atoms = 4
pairs = 6
 geom_x = 0.0658610274345715
 geom_a = 0
 geom_q = 0
 geom_c = 0.0
f1, 1= 6.5861e-02
min(dx) = -4.691964114802569e-17
max(dx) = 3.156931300579448e-17
mean(dx)= 5.5304672852062975e-19
vdws = 0
atoms = 4
pairs = 6
 geom_x = 0.06586102743456773
 geom_a = 0
 geom_q = 0
 geom_c = 0.0
f1, 2= 6.5861e-02
WARNING: function not minimised
                       N restraints  r.m.s.d.  r.m.s.Z  Mn(sigma)
Bond distances, non H             4     0.001    0.076      0.013
Bond angles, non H                5     0.225    0.146      2.100
Chiral centres                    1     0.004    0.050      0.089



====== CYCLE 14 ======

 weight = 1.0000e+00
 geom_x = 0.06586102743456773
 geom_a = 0
 geom_q = 0
 geom_c = 0.0
f0= 6.5861e-02
using cgsolve in c++, ic=False
diag(geom) min= 244.619249 max= 15030.083767
diag(all) min= 244.619249 max= 15030.083767
Trying gamma equal 0.042000
Convergence reached after 7 iterations with no gamma cycles
min(dx) = -7.370155440499966e-17
max(dx) = 5.553274441007717e-16
mean(dx)= 5.0778634490892926e-17
vdws = 0
atoms = 4
pairs = 6
 geom_x = 0.06586102743456917
 geom_a = 0
 geom_q = 0
 geom_c = 0.0
f1, 0= 6.5861e-02
min(dx) = -3.685077720249983e-17
max(dx) = 2.7766372205038585e-16
mean(dx)= 2.5389317245446463e-17
vdws = 0
atoms = 4
pairs = 6
 geom_x = 0.0658610274345692
 geom_a = 0
 geom_q = 0
 geom_c = 0.0
f1, 1= 6.5861e-02
min(dx) = -1.8425388601249916e-17
max(dx) = 1.3883186102519292e-16
mean(dx)= 1.2694658622723231e-17
vdws = 0
atoms = 4
pairs = 6
 geom_x = 0.06586102743457169
 geom_a = 0
 geom_q = 0
 geom_c = 0.0
f1, 2= 6.5861e-02
WARNING: function not minimised
                       N restraints  r.m.s.d.  r.m.s.Z  Mn(sigma)
Bond distances, non H             4     0.001    0.076      0.013
Bond angles, non H                5     0.225    0.146      2.100
Chiral centres                    1     0.004    0.050      0.089



====== CYCLE 15 ======

 weight = 1.0000e+00
 geom_x = 0.06586102743457169
 geom_a = 0
 geom_q = 0
 geom_c = 0.0
f0= 6.5861e-02
using cgsolve in c++, ic=False
diag(geom) min= 244.619249 max= 15030.083767
diag(all) min= 244.619249 max= 15030.083767
Trying gamma equal 0.042000
Convergence reached after 7 iterations with no gamma cycles
min(dx) = -1.2053269274717849e-16
max(dx) = 1.305760057337905e-16
mean(dx)= 5.657255485864088e-18
vdws = 0
atoms = 4
pairs = 6
 geom_x = 0.0658610274345679
 geom_a = 0
 geom_q = 0
 geom_c = 0.0
f1, 0= 6.5861e-02
                       N restraints  r.m.s.d.  r.m.s.Z  Mn(sigma)
Bond distances, non H             4     0.001    0.076      0.013
Bond angles, non H                5     0.225    0.146      2.100
Chiral centres                    1     0.004    0.050      0.089



====== CYCLE 16 ======

 weight = 1.0000e+00
 geom_x = 0.0658610274345679
 geom_a = 0
 geom_q = 0
 geom_c = 0.0
f0= 6.5861e-02
using cgsolve in c++, ic=False
diag(geom) min= 244.619249 max= 15030.083767
diag(all) min= 244.619249 max= 15030.083767
Trying gamma equal 0.042000
Convergence reached after 7 iterations with no gamma cycles
min(dx) = -1.5661166020014626e-16
max(dx) = 1.5619407446047176e-16
mean(dx)= -6.230177995896393e-18
vdws = 0
atoms = 4
pairs = 6
 geom_x = 0.06586102743457169
 geom_a = 0
 geom_q = 0
 geom_c = 0.0
f1, 0= 6.5861e-02
min(dx) = -7.830583010007313e-17
max(dx) = 7.809703723023588e-17
mean(dx)= -3.1150889979481963e-18
vdws = 0
atoms = 4
pairs = 6
 geom_x = 0.0658610274345679
 geom_a = 0
 geom_q = 0
 geom_c = 0.0
f1, 1= 6.5861e-02
min(dx) = -3.9152915050036564e-17
max(dx) = 3.904851861511794e-17
mean(dx)= -1.5575444989740982e-18
vdws = 0
atoms = 4
pairs = 6
 geom_x = 0.0658610274345679
 geom_a = 0
 geom_q = 0
 geom_c = 0.0
f1, 2= 6.5861e-02
WARNING: function not minimised
                       N restraints  r.m.s.d.  r.m.s.Z  Mn(sigma)
Bond distances, non H             4     0.001    0.076      0.013
Bond angles, non H                5     0.225    0.146      2.100
Chiral centres                    1     0.004    0.050      0.089



====== CYCLE 17 ======

 weight = 1.0000e+00
 geom_x = 0.0658610274345679
 geom_a = 0
 geom_q = 0
 geom_c = 0.0
f0= 6.5861e-02
using cgsolve in c++, ic=False
diag(geom) min= 244.619249 max= 15030.083767
diag(all) min= 244.619249 max= 15030.083767
Trying gamma equal 0.042000
Convergence reached after 7 iterations with no gamma cycles
min(dx) = -1.5655957065508114e-16
max(dx) = 1.561823162437053e-16
mean(dx)= -6.18659005375491e-18
vdws = 0
atoms = 4
pairs = 6
 geom_x = 0.06586102743456919
 geom_a = 0
 geom_q = 0
 geom_c = 0.0
f1, 0= 6.5861e-02
min(dx) = -7.827978532754057e-17
max(dx) = 7.809115812185265e-17
mean(dx)= -3.093295026877455e-18
vdws = 0
atoms = 4
pairs = 6
 geom_x = 0.0658610274345677
 geom_a = 0
 geom_q = 0
 geom_c = 0.0
f1, 1= 6.5861e-02
                       N restraints  r.m.s.d.  r.m.s.Z  Mn(sigma)
Bond distances, non H             4     0.001    0.076      0.013
Bond angles, non H                5     0.225    0.146      2.100
Chiral centres                    1     0.004    0.050      0.089



====== CYCLE 18 ======

 weight = 1.0000e+00
 geom_x = 0.0658610274345677
 geom_a = 0
 geom_q = 0
 geom_c = 0.0
f0= 6.5861e-02
using cgsolve in c++, ic=False
diag(geom) min= 244.619249 max= 15030.083767
diag(all) min= 244.619249 max= 15030.083767
Trying gamma equal 0.042000
Convergence reached after 7 iterations with no gamma cycles
min(dx) = -1.3499075481074646e-16
max(dx) = 6.135813224190115e-17
mean(dx)= -4.9021055861953736e-18
vdws = 0
atoms = 4
pairs = 6
 geom_x = 0.06586102743456926
 geom_a = 0
 geom_q = 0
 geom_c = 0.0
f1, 0= 6.5861e-02
min(dx) = -6.749537740537323e-17
max(dx) = 3.067906612095057e-17
mean(dx)= -2.4510527930976868e-18
vdws = 0
atoms = 4
pairs = 6
 geom_x = 0.06586102743457169
 geom_a = 0
 geom_q = 0
 geom_c = 0.0
f1, 1= 6.5861e-02
min(dx) = -3.3747688702686616e-17
max(dx) = 1.5339533060475286e-17
mean(dx)= -1.2255263965488434e-18
vdws = 0
atoms = 4
pairs = 6
 geom_x = 0.06586102743457169
 geom_a = 0
 geom_q = 0
 geom_c = 0.0
f1, 2= 6.5861e-02
WARNING: function not minimised
                       N restraints  r.m.s.d.  r.m.s.Z  Mn(sigma)
Bond distances, non H             4     0.001    0.076      0.013
Bond angles, non H                5     0.225    0.146      2.100
Chiral centres                    1     0.004    0.050      0.089



====== CYCLE 19 ======

 weight = 1.0000e+00
 geom_x = 0.06586102743457169
 geom_a = 0
 geom_q = 0
 geom_c = 0.0
f0= 6.5861e-02
using cgsolve in c++, ic=False
diag(geom) min= 244.619249 max= 15030.083767
diag(all) min= 244.619249 max= 15030.083767
Trying gamma equal 0.042000
Convergence reached after 7 iterations with no gamma cycles
min(dx) = -1.3083851817028507e-16
max(dx) = 5.476335237122182e-17
mean(dx)= -1.633729469507716e-18
vdws = 0
atoms = 4
pairs = 6
 geom_x = 0.06586102743456668
 geom_a = 0
 geom_q = 0
 geom_c = 0.0
f1, 0= 6.5861e-02
                       N restraints  r.m.s.d.  r.m.s.Z  Mn(sigma)
Bond distances, non H             4     0.001    0.076      0.013
Bond angles, non H                5     0.225    0.146      2.100
Chiral centres                    1     0.004    0.050      0.089



====== CYCLE 20 ======

 weight = 1.0000e+00
 geom_x = 0.06586102743456668
 geom_a = 0
 geom_q = 0
 geom_c = 0.0
f0= 6.5861e-02
using cgsolve in c++, ic=False
diag(geom) min= 244.619249 max= 15030.083767
diag(all) min= 244.619249 max= 15030.083767
Trying gamma equal 0.042000
Convergence reached after 7 iterations with no gamma cycles
min(dx) = -2.4746749115006184e-16
max(dx) = 4.556610553263256e-16
mean(dx)= 4.6236155401056844e-17
vdws = 0
atoms = 4
pairs = 6
 geom_x = 0.06586102743457484
 geom_a = 0
 geom_q = 0
 geom_c = 0.0
f1, 0= 6.5861e-02
min(dx) = -1.2373374557503092e-16
max(dx) = 2.278305276631628e-16
mean(dx)= 2.3118077700528422e-17
vdws = 0
atoms = 4
pairs = 6
 geom_x = 0.06586102743456926
 geom_a = 0
 geom_q = 0
 geom_c = 0.0
f1, 1= 6.5861e-02
min(dx) = -6.186687278751546e-17
max(dx) = 1.139152638315814e-16
mean(dx)= 1.1559038850264211e-17
vdws = 0
atoms = 4
pairs = 6
 geom_x = 0.06586102743457176
 geom_a = 0
 geom_q = 0
 geom_c = 0.0
f1, 2= 6.5861e-02
WARNING: function not minimised
                       N restraints  r.m.s.d.  r.m.s.Z  Mn(sigma)
Bond distances, non H             4     0.001    0.076      0.013
Bond angles, non H                5     0.225    0.146      2.100
Chiral centres                    1     0.004    0.050      0.089



====== CYCLE 21 ======

 weight = 1.0000e+00
 geom_x = 0.06586102743457176
 geom_a = 0
 geom_q = 0
 geom_c = 0.0
f0= 6.5861e-02
using cgsolve in c++, ic=False
diag(geom) min= 244.619249 max= 15030.083767
diag(all) min= 244.619249 max= 15030.083767
Trying gamma equal 0.042000
Convergence reached after 7 iterations with no gamma cycles
min(dx) = -1.0950782503052618e-16
max(dx) = 4.8575932624775156e-17
mean(dx)= -1.6529607382209921e-18
vdws = 0
atoms = 4
pairs = 6
 geom_x = 0.06586102743456854
 geom_a = 0
 geom_q = 0
 geom_c = 0.0
f1, 0= 6.5861e-02
                       N restraints  r.m.s.d.  r.m.s.Z  Mn(sigma)
Bond distances, non H             4     0.001    0.076      0.013
Bond angles, non H                5     0.225    0.146      2.100
Chiral centres                    1     0.004    0.050      0.089



====== CYCLE 22 ======

 weight = 1.0000e+00
 geom_x = 0.06586102743456854
 geom_a = 0
 geom_q = 0
 geom_c = 0.0
f0= 6.5861e-02
using cgsolve in c++, ic=False
diag(geom) min= 244.619249 max= 15030.083767
diag(all) min= 244.619249 max= 15030.083767
Trying gamma equal 0.042000
Convergence reached after 7 iterations with no gamma cycles
min(dx) = -2.0502353365275863e-16
max(dx) = 1.2865736180747603e-16
mean(dx)= 8.305548940620401e-19
vdws = 0
atoms = 4
pairs = 6
 geom_x = 0.06586102743456937
 geom_a = 0
 geom_q = 0
 geom_c = 0.0
f1, 0= 6.5861e-02
min(dx) = -1.0251176682637931e-16
max(dx) = 6.432868090373802e-17
mean(dx)= 4.1527744703102006e-19
vdws = 0
atoms = 4
pairs = 6
 geom_x = 0.06586102743456718
 geom_a = 0
 geom_q = 0
 geom_c = 0.0
f1, 1= 6.5861e-02
                       N restraints  r.m.s.d.  r.m.s.Z  Mn(sigma)
Bond distances, non H             4     0.001    0.076      0.013
Bond angles, non H                5     0.225    0.146      2.100
Chiral centres                    1     0.004    0.050      0.089



====== CYCLE 23 ======

 weight = 1.0000e+00
 geom_x = 0.06586102743456718
 geom_a = 0
 geom_q = 0
 geom_c = 0.0
f0= 6.5861e-02
using cgsolve in c++, ic=False
diag(geom) min= 244.619249 max= 15030.083767
diag(all) min= 244.619249 max= 15030.083767
Trying gamma equal 0.042000
Convergence reached after 7 iterations with no gamma cycles
min(dx) = -7.43750716133935e-17
max(dx) = 5.565145973431457e-16
mean(dx)= 5.055108811086492e-17
vdws = 0
atoms = 4
pairs = 6
 geom_x = 0.06586102743457335
 geom_a = 0
 geom_q = 0
 geom_c = 0.0
f1, 0= 6.5861e-02
min(dx) = -3.718753580669675e-17
max(dx) = 2.7825729867157283e-16
mean(dx)= 2.527554405543246e-17
vdws = 0
atoms = 4
pairs = 6
 geom_x = 0.06586102743456926
 geom_a = 0
 geom_q = 0
 geom_c = 0.0
f1, 1= 6.5861e-02
min(dx) = -1.8593767903348374e-17
max(dx) = 1.3912864933578642e-16
mean(dx)= 1.263777202771623e-17
vdws = 0
atoms = 4
pairs = 6
 geom_x = 0.06586102743456697
 geom_a = 0
 geom_q = 0
 geom_c = 0.0
f1, 2= 6.5861e-02
                       N restraints  r.m.s.d.  r.m.s.Z  Mn(sigma)
Bond distances, non H             4     0.001    0.076      0.013
Bond angles, non H                5     0.225    0.146      2.100
Chiral centres                    1     0.004    0.050      0.089



====== CYCLE 24 ======

 weight = 1.0000e+00
 geom_x = 0.06586102743456697
 geom_a = 0
 geom_q = 0
 geom_c = 0.0
f0= 6.5861e-02
using cgsolve in c++, ic=False
diag(geom) min= 244.619249 max= 15030.083767
diag(all) min= 244.619249 max= 15030.083767
Trying gamma equal 0.042000
Convergence reached after 7 iterations with no gamma cycles
min(dx) = -5.003945249822878e-17
max(dx) = 6.561234202423061e-17
mean(dx)= 2.313496065863539e-18
vdws = 0
atoms = 4
pairs = 6
 geom_x = 0.06586102743456926
 geom_a = 0
 geom_q = 0
 geom_c = 0.0
f1, 0= 6.5861e-02
min(dx) = -2.501972624911439e-17
max(dx) = 3.2806171012115305e-17
mean(dx)= 1.1567480329317695e-18
vdws = 0
atoms = 4
pairs = 6
 geom_x = 0.06586102743456926
 geom_a = 0
 geom_q = 0
 geom_c = 0.0
f1, 1= 6.5861e-02
min(dx) = -1.2509863124557195e-17
max(dx) = 1.6403085506057652e-17
mean(dx)= 5.783740164658847e-19
vdws = 0
atoms = 4
pairs = 6
 geom_x = 0.06586102743457176
 geom_a = 0
 geom_q = 0
 geom_c = 0.0
f1, 2= 6.5861e-02
WARNING: function not minimised
                       N restraints  r.m.s.d.  r.m.s.Z  Mn(sigma)
Bond distances, non H             4     0.001    0.076      0.013
Bond angles, non H                5     0.225    0.146      2.100
Chiral centres                    1     0.004    0.050      0.089



====== CYCLE 25 ======

 weight = 1.0000e+00
 geom_x = 0.06586102743457176
 geom_a = 0
 geom_q = 0
 geom_c = 0.0
f0= 6.5861e-02
using cgsolve in c++, ic=False
diag(geom) min= 244.619249 max= 15030.083767
diag(all) min= 244.619249 max= 15030.083767
Trying gamma equal 0.042000
Convergence reached after 7 iterations with no gamma cycles
min(dx) = -1.0937702537260135e-16
max(dx) = 4.879317630242637e-17
mean(dx)= -1.6020559129089647e-18
vdws = 0
atoms = 4
pairs = 6
 geom_x = 0.06586102743456872
 geom_a = 0
 geom_q = 0
 geom_c = 0.0
f1, 0= 6.5861e-02
                       N restraints  r.m.s.d.  r.m.s.Z  Mn(sigma)
Bond distances, non H             4     0.001    0.076      0.013
Bond angles, non H                5     0.225    0.146      2.100
Chiral centres                    1     0.004    0.050      0.089



====== CYCLE 26 ======

 weight = 1.0000e+00
 geom_x = 0.06586102743456872
 geom_a = 0
 geom_q = 0
 geom_c = 0.0
f0= 6.5861e-02
using cgsolve in c++, ic=False
diag(geom) min= 244.619249 max= 15030.083767
diag(all) min= 244.619249 max= 15030.083767
Trying gamma equal 0.042000
Convergence reached after 7 iterations with no gamma cycles
min(dx) = -1.7469037953641688e-16
max(dx) = 1.6237826701620384e-16
mean(dx)= -7.378696440953615e-18
vdws = 0
atoms = 4
pairs = 6
 geom_x = 0.0658610274345715
 geom_a = 0
 geom_q = 0
 geom_c = 0.0
f1, 0= 6.5861e-02
min(dx) = -8.734518976820844e-17
max(dx) = 8.118913350810192e-17
mean(dx)= -3.6893482204768075e-18
vdws = 0
atoms = 4
pairs = 6
 geom_x = 0.06586102743456715
 geom_a = 0
 geom_q = 0
 geom_c = 0.0
f1, 1= 6.5861e-02
                       N restraints  r.m.s.d.  r.m.s.Z  Mn(sigma)
Bond distances, non H             4     0.001    0.076      0.013
Bond angles, non H                5     0.225    0.146      2.100
Chiral centres                    1     0.004    0.050      0.089



====== CYCLE 27 ======

 weight = 1.0000e+00
 geom_x = 0.06586102743456715
 geom_a = 0
 geom_q = 0
 geom_c = 0.0
f0= 6.5861e-02
using cgsolve in c++, ic=False
diag(geom) min= 244.619249 max= 15030.083767
diag(all) min= 244.619249 max= 15030.083767
Trying gamma equal 0.042000
Convergence reached after 7 iterations with no gamma cycles
min(dx) = -1.886102191762845e-16
max(dx) = 1.2967213540008546e-16
mean(dx)= 1.5982977396606828e-18
vdws = 0
atoms = 4
pairs = 6
 geom_x = 0.06586102743456937
 geom_a = 0
 geom_q = 0
 geom_c = 0.0
f1, 0= 6.5861e-02
min(dx) = -9.430510958814225e-17
max(dx) = 6.483606770004273e-17
mean(dx)= 7.991488698303414e-19
vdws = 0
atoms = 4
pairs = 6
 geom_x = 0.0658610274345715
 geom_a = 0
 geom_q = 0
 geom_c = 0.0
f1, 1= 6.5861e-02
min(dx) = -4.715255479407112e-17
max(dx) = 3.2418033850021364e-17
mean(dx)= 3.995744349151707e-19
vdws = 0
atoms = 4
pairs = 6
 geom_x = 0.06586102743456718
 geom_a = 0
 geom_q = 0
 geom_c = 0.0
f1, 2= 6.5861e-02
WARNING: function not minimised
                       N restraints  r.m.s.d.  r.m.s.Z  Mn(sigma)
Bond distances, non H             4     0.001    0.076      0.013
Bond angles, non H                5     0.225    0.146      2.100
Chiral centres                    1     0.004    0.050      0.089



====== CYCLE 28 ======

 weight = 1.0000e+00
 geom_x = 0.06586102743456718
 geom_a = 0
 geom_q = 0
 geom_c = 0.0
f0= 6.5861e-02
using cgsolve in c++, ic=False
diag(geom) min= 244.619249 max= 15030.083767
diag(all) min= 244.619249 max= 15030.083767
Trying gamma equal 0.042000
Convergence reached after 7 iterations with no gamma cycles
min(dx) = -7.43750716133935e-17
max(dx) = 5.565145973431457e-16
mean(dx)= 5.055108811086492e-17
vdws = 0
atoms = 4
pairs = 6
 geom_x = 0.06586102743457335
 geom_a = 0
 geom_q = 0
 geom_c = 0.0
f1, 0= 6.5861e-02
min(dx) = -3.718753580669675e-17
max(dx) = 2.7825729867157283e-16
mean(dx)= 2.527554405543246e-17
vdws = 0
atoms = 4
pairs = 6
 geom_x = 0.0658610274345692
 geom_a = 0
 geom_q = 0
 geom_c = 0.0
f1, 1= 6.5861e-02
min(dx) = -1.8593767903348374e-17
max(dx) = 1.3912864933578642e-16
mean(dx)= 1.263777202771623e-17
vdws = 0
atoms = 4
pairs = 6
 geom_x = 0.06586102743457169
 geom_a = 0
 geom_q = 0
 geom_c = 0.0
f1, 2= 6.5861e-02
WARNING: function not minimised
                       N restraints  r.m.s.d.  r.m.s.Z  Mn(sigma)
Bond distances, non H             4     0.001    0.076      0.013
Bond angles, non H                5     0.225    0.146      2.100
Chiral centres                    1     0.004    0.050      0.089



====== CYCLE 29 ======

 weight = 1.0000e+00
 geom_x = 0.06586102743457169
 geom_a = 0
 geom_q = 0
 geom_c = 0.0
f0= 6.5861e-02
using cgsolve in c++, ic=False
diag(geom) min= 244.619249 max= 15030.083767
diag(all) min= 244.619249 max= 15030.083767
Trying gamma equal 0.042000
Convergence reached after 7 iterations with no gamma cycles
min(dx) = -1.186022418957937e-16
max(dx) = 1.3088792597502364e-16
mean(dx)= 5.548852401562295e-18
vdws = 0
atoms = 4
pairs = 6
 geom_x = 0.06586102743456734
 geom_a = 0
 geom_q = 0
 geom_c = 0.0
f1, 0= 6.5861e-02
                       N restraints  r.m.s.d.  r.m.s.Z  Mn(sigma)
Bond distances, non H             4     0.001    0.076      0.013
Bond angles, non H                5     0.225    0.146      2.100
Chiral centres                    1     0.004    0.050      0.089



====== CYCLE 30 ======

 weight = 1.0000e+00
 geom_x = 0.06586102743456734
 geom_a = 0
 geom_q = 0
 geom_c = 0.0
f0= 6.5861e-02
using cgsolve in c++, ic=False
diag(geom) min= 244.619249 max= 15030.083767
diag(all) min= 244.619249 max= 15030.083767
Trying gamma equal 0.042000
Convergence reached after 7 iterations with no gamma cycles
min(dx) = -1.574988051502848e-16
max(dx) = 1.6138464323249472e-16
mean(dx)= -6.984888645058933e-18
vdws = 0
atoms = 4
pairs = 6
 geom_x = 0.06586102743457169
 geom_a = 0
 geom_q = 0
 geom_c = 0.0
f1, 0= 6.5861e-02
min(dx) = -7.87494025751424e-17
max(dx) = 8.069232161624736e-17
mean(dx)= -3.492444322529467e-18
vdws = 0
atoms = 4
pairs = 6
 geom_x = 0.06586102743456734
 geom_a = 0
 geom_q = 0
 geom_c = 0.0
f1, 1= 6.5861e-02
min(dx) = -3.93747012875712e-17
max(dx) = 4.034616080812368e-17
mean(dx)= -1.7462221612647333e-18
vdws = 0
atoms = 4
pairs = 6
 geom_x = 0.06586102743456734
 geom_a = 0
 geom_q = 0
 geom_c = 0.0
f1, 2= 6.5861e-02
WARNING: function not minimised
                       N restraints  r.m.s.d.  r.m.s.Z  Mn(sigma)
Bond distances, non H             4     0.001    0.076      0.013
Bond angles, non H                5     0.225    0.146      2.100
Chiral centres                    1     0.004    0.050      0.089


$TABLE: stats vs cycle :
$GRAPHS
: Geometry :A:1,2,4:
: Geometry Z :A:1,5,3:
$$
 Ncyc  rmsBOND  zBOND  rmsANGL  zANGL
$$
$$
    0   0.0009 0.0770   0.2460 0.1497
    1   0.0008 0.0757   0.2246 0.1458
    2   0.0008 0.0758   0.2246 0.1458
    3   0.0008 0.0758   0.2246 0.1458
    4   0.0008 0.0758   0.2246 0.1458
    5   0.0008 0.0758   0.2246 0.1458
    6   0.0008 0.0758   0.2246 0.1458
    7   0.0008 0.0758   0.2246 0.1458
    8   0.0008 0.0758   0.2246 0.1458
    9   0.0008 0.0758   0.2246 0.1458
   10   0.0008 0.0758   0.2246 0.1458
   11   0.0008 0.0758   0.2246 0.1458
   12   0.0008 0.0758   0.2246 0.1458
   13   0.0008 0.0758   0.2246 0.1458
   14   0.0008 0.0758   0.2246 0.1458
   15   0.0008 0.0758   0.2246 0.1458
   16   0.0008 0.0758   0.2246 0.1458
   17   0.0008 0.0758   0.2246 0.1458
   18   0.0008 0.0758   0.2246 0.1458
   19   0.0008 0.0758   0.2246 0.1458
   20   0.0008 0.0758   0.2246 0.1458
   21   0.0008 0.0758   0.2246 0.1458
   22   0.0008 0.0758   0.2246 0.1458
   23   0.0008 0.0758   0.2246 0.1458
   24   0.0008 0.0758   0.2246 0.1458
   25   0.0008 0.0758   0.2246 0.1458
   26   0.0008 0.0758   0.2246 0.1458
   27   0.0008 0.0758   0.2246 0.1458
   28   0.0008 0.0758   0.2246 0.1458
   29   0.0008 0.0758   0.2246 0.1458
   30   0.0008 0.0758   0.2246 0.1458
$$

Creating restraints..

Chain info:
 chain 
  ligands: EPX (1 residues)

Number of refinement parameters:
       n_params  n_atoms  n_atoms_geom_only  n_atoms_data_only
xyz          10       10                  6                  0
adp           0        0                  0                  0
occ           0        0                  0                  0
dfrac         0        0                  0                  0

Randomizing structure with rmsd of 0.01
Torsion angle rules:
 include:
  {'group': 'peptide', 'tors_name': 'chi*'}
  {'link': '*', 'tors_name': 'omega'}
  {'residue': '*', 'tors_name': 'sp2_sp2*'}
  {'link': '*', 'tors_name': 'sp2_sp2*'}
 exclude:
  none
External restraints from Refmac instructions
 Number of distances          : 0
 Number of angles             : 0
 Number of torsions           : 0
 Number of chirals            : 0
 Number of planes             : 0
 Number of intervals          : 0
 Number of stackings          : 0
 Number of harmonics          : 0
 Number of special positions  : 0

Running 10 cycles with wchir=4 wvdw=2 with hydrogen
Geometry weights
vdws = 15
atoms = 10
pairs = 41
                          N restraints  r.m.s.d.  r.m.s.Z  Mn(sigma)
Bond distances, non H                4     0.008    0.780      0.013
Bond distances, H                    6     0.008    0.506      0.016
Bond angles, non H                   5     0.524    0.271      2.100
Bond angles, H                      14     0.717    0.423      1.929
Torsion angles, period 3             1     0.086    0.009     10.000
Chiral centres                       1     0.015    0.171      0.089


====== CYCLE  1 ======

 weight = 1.0000e+00
 geom_x = 3.6544454564166533
 geom_a = 0
 geom_q = 0
 geom_c = 0.0
f0= 3.6544e+00
using cgsolve in c++, ic=False
diag(geom) min= 958.868234 max= 33385.495343
diag(all) min= 958.868234 max= 33385.495343
Trying gamma equal 0.000000
Not converging with gamma equal 0.000000
Trying gamma equal 0.052500
Gamma decreased to 0.042000
min(dx) = -0.011876916760350815
max(dx) = 0.010380651625484965
mean(dx)= -0.0019506688399725351
vdws = 15
atoms = 10
pairs = 41
 geom_x = 0.12493196566634687
 geom_a = 0
 geom_q = 0
 geom_c = 0.0
f1, 0= 1.2493e-01
                          N restraints  r.m.s.d.  r.m.s.Z  Mn(sigma)
Bond distances, non H                4     0.001    0.101      0.013
Bond distances, H                    6     0.000    0.011      0.016
Bond angles, non H                   5     0.288    0.152      2.100
Bond angles, H                      14     0.183    0.079      1.929
Torsion angles, period 3             1     0.596    0.060     10.000
Chiral centres                       1     0.001    0.011      0.089
VDW torsion                          1     0.002    0.010      0.200



====== CYCLE  2 ======

 weight = 1.0000e+00
 geom_x = 0.12493196566634687
 geom_a = 0
 geom_q = 0
 geom_c = 0.0
f0= 1.2493e-01
using cgsolve in c++, ic=False
diag(geom) min= 957.852605 max= 33523.871725
diag(all) min= 957.852605 max= 33523.871725
Trying gamma equal 0.042000
Convergence reached after 21 iterations with no gamma cycles
min(dx) = -0.0023374376881206073
max(dx) = 0.0013264855253062883
mean(dx)= -0.0001856843769687445
vdws = 15
atoms = 10
pairs = 41
 geom_x = 0.11133222375141358
 geom_a = 0
 geom_q = 0
 geom_c = 0.0
f1, 0= 1.1133e-01
                          N restraints  r.m.s.d.  r.m.s.Z  Mn(sigma)
Bond distances, non H                4     0.001    0.074      0.013
Bond distances, H                    6     0.000    0.002      0.016
Bond angles, non H                   5     0.276    0.156      2.100
Bond angles, H                      14     0.176    0.074      1.929
Torsion angles, period 3             1     0.477    0.048     10.000
Chiral centres                       1     0.000    0.003      0.089
VDW torsion                          1     0.000    0.002      0.200



====== CYCLE  3 ======

 weight = 1.0000e+00
 geom_x = 0.11133222375141358
 geom_a = 0
 geom_q = 0
 geom_c = 0.0
f0= 1.1133e-01
using cgsolve in c++, ic=False
diag(geom) min= 957.852640 max= 33548.691410
diag(all) min= 957.852640 max= 33548.691410
Trying gamma equal 0.042000
Convergence reached after 20 iterations with no gamma cycles
min(dx) = -0.0014549614217608513
max(dx) = 0.0012073122718443748
mean(dx)= -3.277499926791118e-05
vdws = 15
atoms = 10
pairs = 41
 geom_x = 0.10896708947917745
 geom_a = 0
 geom_q = 0
 geom_c = 0.0
f1, 0= 1.0897e-01
                          N restraints  r.m.s.d.  r.m.s.Z  Mn(sigma)
Bond distances, non H                4     0.001    0.073      0.013
Bond distances, H                    6     0.000    0.001      0.016
Bond angles, non H                   5     0.269    0.155      2.100
Bond angles, H                      14     0.174    0.074      1.929
Torsion angles, period 3             1     0.371    0.037     10.000
Chiral centres                       1     0.000    0.001      0.089



====== CYCLE  4 ======

 weight = 1.0000e+00
 geom_x = 0.10896708947917745
 geom_a = 0
 geom_q = 0
 geom_c = 0.0
f0= 1.0897e-01
using cgsolve in c++, ic=False
diag(geom) min= 957.681081 max= 33555.308241
diag(all) min= 957.681081 max= 33555.308241
Trying gamma equal 0.042000
Not converging with gamma equal 0.042000
Trying gamma equal 0.094500
Gamma decreased to 0.084000
min(dx) = -0.0005511601722901384
max(dx) = 0.0004733452724385219
mean(dx)= -6.517448805208972e-06
vdws = 15
atoms = 10
pairs = 41
 geom_x = 0.10835788036026046
 geom_a = 0
 geom_q = 0
 geom_c = 0.0
f1, 0= 1.0836e-01
                          N restraints  r.m.s.d.  r.m.s.Z  Mn(sigma)
Bond distances, non H                4     0.001    0.073      0.013
Bond distances, H                    6     0.000    0.001      0.016
Bond angles, non H                   5     0.267    0.154      2.100
Bond angles, H                      14     0.174    0.073      1.929
Torsion angles, period 3             1     0.330    0.033     10.000
Chiral centres                       1     0.000    0.001      0.089



====== CYCLE  5 ======

 weight = 1.0000e+00
 geom_x = 0.10835788036026046
 geom_a = 0
 geom_q = 0
 geom_c = 0.0
f0= 1.0836e-01
using cgsolve in c++, ic=False
diag(geom) min= 957.617386 max= 33557.669242
diag(all) min= 957.617386 max= 33557.669242
Trying gamma equal 0.084000
Convergence reached after 18 iterations with no gamma cycles
min(dx) = -0.00048657318714856744
max(dx) = 0.00045211064735129337
mean(dx)= -4.430423483430548e-06
vdws = 15
atoms = 10
pairs = 41
 geom_x = 0.10794427521400667
 geom_a = 0
 geom_q = 0
 geom_c = 0.0
f1, 0= 1.0794e-01
                          N restraints  r.m.s.d.  r.m.s.Z  Mn(sigma)
Bond distances, non H                4     0.001    0.073      0.013
Bond distances, H                    6     0.000    0.000      0.016
Bond angles, non H                   5     0.266    0.154      2.100
Bond angles, H                      14     0.173    0.073      1.929
Torsion angles, period 3             1     0.290    0.029     10.000
Chiral centres                       1     0.000    0.000      0.089



====== CYCLE  6 ======

 weight = 1.0000e+00
 geom_x = 0.10794427521400667
 geom_a = 0
 geom_q = 0
 geom_c = 0.0
f0= 1.0794e-01
using cgsolve in c++, ic=False
diag(geom) min= 957.563460 max= 33559.109174
diag(all) min= 957.563460 max= 33559.109174
Trying gamma equal 0.084000
Convergence reached after 17 iterations with no gamma cycles
min(dx) = -0.0003847680413268144
max(dx) = 0.0003844784823210781
mean(dx)= -2.4161382244144386e-06
vdws = 15
atoms = 10
pairs = 41
 geom_x = 0.10769279781212236
 geom_a = 0
 geom_q = 0
 geom_c = 0.0
f1, 0= 1.0769e-01
                          N restraints  r.m.s.d.  r.m.s.Z  Mn(sigma)
Bond distances, non H                4     0.001    0.073      0.013
Bond distances, H                    6     0.000    0.000      0.016
Bond angles, non H                   5     0.265    0.154      2.100
Bond angles, H                      14     0.173    0.073      1.929
Torsion angles, period 3             1     0.257    0.026     10.000
Chiral centres                       1     0.000    0.000      0.089



====== CYCLE  7 ======

 weight = 1.0000e+00
 geom_x = 0.10769279781212236
 geom_a = 0
 geom_q = 0
 geom_c = 0.0
f0= 1.0769e-01
using cgsolve in c++, ic=False
diag(geom) min= 957.523418 max= 33559.769383
diag(all) min= 957.523418 max= 33559.769383
Trying gamma equal 0.084000
Convergence reached after 16 iterations with no gamma cycles
min(dx) = -0.00030797013349411644
max(dx) = 0.0003288118986917322
mean(dx)= -1.2873307011430186e-06
vdws = 15
atoms = 10
pairs = 41
 geom_x = 0.10753674344402307
 geom_a = 0
 geom_q = 0
 geom_c = 0.0
f1, 0= 1.0754e-01
                          N restraints  r.m.s.d.  r.m.s.Z  Mn(sigma)
Bond distances, non H                4     0.001    0.073      0.013
Bond distances, H                    6     0.000    0.000      0.016
Bond angles, non H                   5     0.265    0.154      2.100
Bond angles, H                      14     0.173    0.073      1.929
Torsion angles, period 3             1     0.230    0.023     10.000
Chiral centres                       1     0.000    0.000      0.089



====== CYCLE  8 ======

 weight = 1.0000e+00
 geom_x = 0.10753674344402307
 geom_a = 0
 geom_q = 0
 geom_c = 0.0
f0= 1.0754e-01
using cgsolve in c++, ic=False
diag(geom) min= 957.494107 max= 33559.905929
diag(all) min= 957.494107 max= 33559.905929
Trying gamma equal 0.084000
Convergence reached after 16 iterations with no gamma cycles
min(dx) = -0.0002493508077485454
max(dx) = 0.0002832071441670119
mean(dx)= -6.550995250871226e-07
vdws = 15
atoms = 10
pairs = 41
 geom_x = 0.10743751551367406
 geom_a = 0
 geom_q = 0
 geom_c = 0.0
f1, 0= 1.0744e-01
                          N restraints  r.m.s.d.  r.m.s.Z  Mn(sigma)
Bond distances, non H                4     0.001    0.073      0.013
Bond distances, H                    6     0.000    0.000      0.016
Bond angles, non H                   5     0.265    0.154      2.100
Bond angles, H                      14     0.173    0.073      1.929
Torsion angles, period 3             1     0.206    0.021     10.000
Chiral centres                       1     0.000    0.000      0.089



====== CYCLE  9 ======

 weight = 1.0000e+00
 geom_x = 0.10743751551367406
 geom_a = 0
 geom_q = 0
 geom_c = 0.0
f0= 1.0744e-01
using cgsolve in c++, ic=False
diag(geom) min= 957.472995 max= 33559.686349
diag(all) min= 957.472995 max= 33559.686349
Trying gamma equal 0.084000
Convergence reached after 14 iterations with no gamma cycles
min(dx) = -0.0002040861934917315
max(dx) = 0.0002457971474147565
mean(dx)= -2.921109521253757e-07
vdws = 15
atoms = 10
pairs = 41
 geom_x = 0.10737253581910734
 geom_a = 0
 geom_q = 0
 geom_c = 0.0
f1, 0= 1.0737e-01
                          N restraints  r.m.s.d.  r.m.s.Z  Mn(sigma)
Bond distances, non H                4     0.001    0.073      0.013
Bond distances, H                    6     0.000    0.000      0.016
Bond angles, non H                   5     0.265    0.154      2.100
Bond angles, H                      14     0.173    0.073      1.929
Torsion angles, period 3             1     0.185    0.019     10.000
Chiral centres                       1     0.000    0.000      0.089



====== CYCLE 10 ======

 weight = 1.0000e+00
 geom_x = 0.10737253581910734
 geom_a = 0
 geom_q = 0
 geom_c = 0.0
f0= 1.0737e-01
using cgsolve in c++, ic=False
diag(geom) min= 957.458072 max= 33559.226014
diag(all) min= 957.458072 max= 33559.226014
Trying gamma equal 0.084000
Convergence reached after 14 iterations with no gamma cycles
min(dx) = -0.0001687902035351053
max(dx) = 0.00021496880425683927
mean(dx)= -7.996807006319029e-08
vdws = 15
atoms = 10
pairs = 41
 geom_x = 0.10732850524309527
 geom_a = 0
 geom_q = 0
 geom_c = 0.0
f1, 0= 1.0733e-01
                          N restraints  r.m.s.d.  r.m.s.Z  Mn(sigma)
Bond distances, non H                4     0.001    0.073      0.013
Bond distances, H                    6     0.000    0.000      0.016
Bond angles, non H                   5     0.265    0.154      2.100
Bond angles, H                      14     0.173    0.073      1.929
Torsion angles, period 3             1     0.168    0.017     10.000
Chiral centres                       1     0.000    0.000      0.089


$TABLE: stats vs cycle :
$GRAPHS
: Geometry :A:1,2,4:
: Geometry Z :A:1,5,3:
$$
 Ncyc  rmsBOND  zBOND  rmsANGL  zANGL
$$
$$
    0   0.0080 0.7796   0.5237 0.2711
    1   0.0011 0.1009   0.2881 0.1522
    2   0.0008 0.0744   0.2762 0.1558
    3   0.0008 0.0729   0.2688 0.1546
    4   0.0008 0.0729   0.2671 0.1542
    5   0.0008 0.0729   0.2659 0.1540
    6   0.0008 0.0729   0.2652 0.1538
    7   0.0008 0.0730   0.2648 0.1538
    8   0.0008 0.0730   0.2647 0.1537
    9   0.0008 0.0730   0.2646 0.1537
   10   0.0008 0.0730   0.2645 0.1537
$$

Running 30 cycles with wchir=1 wvdw=2 with hydrogen
Geometry weights
vdws = 15
atoms = 10
pairs = 41
                          N restraints  r.m.s.d.  r.m.s.Z  Mn(sigma)
Bond distances, non H                4     0.001    0.073      0.013
Bond distances, H                    6     0.000    0.000      0.016
Bond angles, non H                   5     0.265    0.154      2.100
Bond angles, H                      14     0.173    0.073      1.929
Torsion angles, period 3             1     0.168    0.017     10.000
Chiral centres                       1     0.000    0.000      0.089


====== CYCLE  1 ======

 weight = 1.0000e+00
 geom_x = 0.1073278238817892
 geom_a = 0
 geom_q = 0
 geom_c = 0.0
f0= 1.0733e-01
using cgsolve in c++, ic=False
diag(geom) min= 957.447765 max= 16935.354455
diag(all) min= 957.447765 max= 16935.354455
Trying gamma equal 0.084000
Convergence reached after 20 iterations with no gamma cycles
min(dx) = -0.00015576695878256837
max(dx) = 0.00018136261386411667
mean(dx)= -2.3034970850614077e-06
vdws = 15
atoms = 10
pairs = 41
 geom_x = 0.10728792024715492
 geom_a = 0
 geom_q = 0
 geom_c = 0.0
f1, 0= 1.0729e-01
                          N restraints  r.m.s.d.  r.m.s.Z  Mn(sigma)
Bond distances, non H                4     0.001    0.073      0.013
Bond distances, H                    6     0.000    0.000      0.016
Bond angles, non H                   5     0.265    0.154      2.100
Bond angles, H                      14     0.172    0.073      1.929
Torsion angles, period 3             1     0.152    0.015     10.000
Chiral centres                       1     0.000    0.002      0.089



====== CYCLE  2 ======

 weight = 1.0000e+00
 geom_x = 0.10728792024715492
 geom_a = 0
 geom_q = 0
 geom_c = 0.0
f0= 1.0729e-01
using cgsolve in c++, ic=False
diag(geom) min= 957.450478 max= 16935.535512
diag(all) min= 957.450478 max= 16935.535512
Trying gamma equal 0.084000
Convergence reached after 19 iterations with no gamma cycles
min(dx) = -0.00013377398169082117
max(dx) = 0.00016366145123572536
mean(dx)= -1.637130850309079e-06
vdws = 15
atoms = 10
pairs = 41
 geom_x = 0.10726205828916739
 geom_a = 0
 geom_q = 0
 geom_c = 0.0
f1, 0= 1.0726e-01
                          N restraints  r.m.s.d.  r.m.s.Z  Mn(sigma)
Bond distances, non H                4     0.001    0.073      0.013
Bond distances, H                    6     0.000    0.000      0.016
Bond angles, non H                   5     0.266    0.154      2.100
Bond angles, H                      14     0.172    0.073      1.929
Torsion angles, period 3             1     0.139    0.014     10.000
Chiral centres                       1     0.000    0.003      0.089



====== CYCLE  3 ======

 weight = 1.0000e+00
 geom_x = 0.10726205828916739
 geom_a = 0
 geom_q = 0
 geom_c = 0.0
f0= 1.0726e-01
using cgsolve in c++, ic=False
diag(geom) min= 957.453991 max= 16935.583080
diag(all) min= 957.453991 max= 16935.583080
Trying gamma equal 0.084000
Convergence reached after 18 iterations with no gamma cycles
min(dx) = -0.00011242961188248492
max(dx) = 0.00014701022124559405
mean(dx)= -1.1601631861562227e-06
vdws = 15
atoms = 10
pairs = 41
 geom_x = 0.10724332619659967
 geom_a = 0
 geom_q = 0
 geom_c = 0.0
f1, 0= 1.0724e-01
                          N restraints  r.m.s.d.  r.m.s.Z  Mn(sigma)
Bond distances, non H                4     0.001    0.073      0.013
Bond distances, H                    6     0.000    0.000      0.016
Bond angles, non H                   5     0.266    0.154      2.100
Bond angles, H                      14     0.172    0.073      1.929
Torsion angles, period 3             1     0.127    0.013     10.000
Chiral centres                       1     0.000    0.003      0.089



====== CYCLE  4 ======

 weight = 1.0000e+00
 geom_x = 0.10724332619659967
 geom_a = 0
 geom_q = 0
 geom_c = 0.0
f0= 1.0724e-01
using cgsolve in c++, ic=False
diag(geom) min= 957.454901 max= 16935.603453
diag(all) min= 957.454901 max= 16935.603453
Trying gamma equal 0.084000
Convergence reached after 16 iterations with no gamma cycles
min(dx) = -9.495319900036924e-05
max(dx) = 0.00013221701494402156
mean(dx)= -8.62580432355268e-07
vdws = 15
atoms = 10
pairs = 41
 geom_x = 0.1072291301609191
 geom_a = 0
 geom_q = 0
 geom_c = 0.0
f1, 0= 1.0723e-01
                          N restraints  r.m.s.d.  r.m.s.Z  Mn(sigma)
Bond distances, non H                4     0.001    0.073      0.013
Bond distances, H                    6     0.000    0.000      0.016
Bond angles, non H                   5     0.266    0.154      2.100
Bond angles, H                      14     0.172    0.073      1.929
Torsion angles, period 3             1     0.116    0.012     10.000
Chiral centres                       1     0.000    0.003      0.089



====== CYCLE  5 ======

 weight = 1.0000e+00
 geom_x = 0.1072291301609191
 geom_a = 0
 geom_q = 0
 geom_c = 0.0
f0= 1.0723e-01
using cgsolve in c++, ic=False
diag(geom) min= 957.455540 max= 16935.618291
diag(all) min= 957.455540 max= 16935.618291
Trying gamma equal 0.084000
Convergence reached after 14 iterations with no gamma cycles
min(dx) = -8.61784000981039e-05
max(dx) = 0.0001193502472621387
mean(dx)= -6.62907771175816e-07
vdws = 15
atoms = 10
pairs = 41
 geom_x = 0.10721799089245596
 geom_a = 0
 geom_q = 0
 geom_c = 0.0
f1, 0= 1.0722e-01
                          N restraints  r.m.s.d.  r.m.s.Z  Mn(sigma)
Bond distances, non H                4     0.001    0.073      0.013
Bond distances, H                    6     0.000    0.000      0.016
Bond angles, non H                   5     0.267    0.154      2.100
Bond angles, H                      14     0.172    0.073      1.929
Torsion angles, period 3             1     0.106    0.011     10.000
Chiral centres                       1     0.000    0.003      0.089



====== CYCLE  6 ======

 weight = 1.0000e+00
 geom_x = 0.10721799089245596
 geom_a = 0
 geom_q = 0
 geom_c = 0.0
f0= 1.0722e-01
using cgsolve in c++, ic=False
diag(geom) min= 957.456541 max= 16935.632808
diag(all) min= 957.456541 max= 16935.632808
Trying gamma equal 0.084000
Not converging with gamma equal 0.084000
Trying gamma equal 0.136500
Gamma decreased to 0.126000
min(dx) = -5.00644703980679e-05
max(dx) = 6.899313023125831e-05
mean(dx)= -3.4743493340746486e-07
vdws = 15
atoms = 10
pairs = 41
 geom_x = 0.107212147989853
 geom_a = 0
 geom_q = 0
 geom_c = 0.0
f1, 0= 1.0721e-01
                          N restraints  r.m.s.d.  r.m.s.Z  Mn(sigma)
Bond distances, non H                4     0.001    0.073      0.013
Bond distances, H                    6     0.000    0.000      0.016
Bond angles, non H                   5     0.267    0.154      2.100
Bond angles, H                      14     0.172    0.073      1.929
Torsion angles, period 3             1     0.101    0.010     10.000
Chiral centres                       1     0.000    0.003      0.089



====== CYCLE  7 ======

 weight = 1.0000e+00
 geom_x = 0.107212147989853
 geom_a = 0
 geom_q = 0
 geom_c = 0.0
f0= 1.0721e-01
using cgsolve in c++, ic=False
diag(geom) min= 957.457330 max= 16935.642042
diag(all) min= 957.457330 max= 16935.642042
Trying gamma equal 0.126000
Not converging with gamma equal 0.126000
Trying gamma equal 0.178500
Gamma decreased to 0.168000
min(dx) = -3.6655715388201105e-05
max(dx) = 5.0328023307925424e-05
mean(dx)= -2.3619834055492786e-07
vdws = 15
atoms = 10
pairs = 41
 geom_x = 0.10720813481993752
 geom_a = 0
 geom_q = 0
 geom_c = 0.0
f1, 0= 1.0721e-01
                          N restraints  r.m.s.d.  r.m.s.Z  Mn(sigma)
Bond distances, non H                4     0.001    0.073      0.013
Bond distances, H                    6     0.000    0.000      0.016
Bond angles, non H                   5     0.267    0.154      2.100
Bond angles, H                      14     0.172    0.073      1.929
Torsion angles, period 3             1     0.097    0.010     10.000
Chiral centres                       1     0.000    0.003      0.089



====== CYCLE  8 ======

 weight = 1.0000e+00
 geom_x = 0.10720813481993752
 geom_a = 0
 geom_q = 0
 geom_c = 0.0
f0= 1.0721e-01
using cgsolve in c++, ic=False
diag(geom) min= 957.458023 max= 16935.649319
diag(all) min= 957.458023 max= 16935.649319
Trying gamma equal 0.168000
Convergence reached after 10 iterations with no gamma cycles
min(dx) = -3.722349051420455e-05
max(dx) = 5.0917006484095976e-05
mean(dx)= -2.2306903756027373e-07
vdws = 15
atoms = 10
pairs = 41
 geom_x = 0.1072042723077834
 geom_a = 0
 geom_q = 0
 geom_c = 0.0
f1, 0= 1.0720e-01
                          N restraints  r.m.s.d.  r.m.s.Z  Mn(sigma)
Bond distances, non H                4     0.001    0.073      0.013
Bond distances, H                    6     0.000    0.000      0.016
Bond angles, non H                   5     0.267    0.154      2.100
Bond angles, H                      14     0.172    0.073      1.929
Torsion angles, period 3             1     0.093    0.009     10.000
Chiral centres                       1     0.000    0.004      0.089



====== CYCLE  9 ======

 weight = 1.0000e+00
 geom_x = 0.1072042723077834
 geom_a = 0
 geom_q = 0
 geom_c = 0.0
f0= 1.0720e-01
using cgsolve in c++, ic=False
diag(geom) min= 957.458844 max= 16935.657292
diag(all) min= 957.458844 max= 16935.657292
Trying gamma equal 0.168000
Convergence reached after 9 iterations with no gamma cycles
min(dx) = -3.560400277117952e-05
max(dx) = 4.853132462328745e-05
mean(dx)= -1.9929096436022115e-07
vdws = 15
atoms = 10
pairs = 41
 geom_x = 0.10720076310721675
 geom_a = 0
 geom_q = 0
 geom_c = 0.0
f1, 0= 1.0720e-01
                          N restraints  r.m.s.d.  r.m.s.Z  Mn(sigma)
Bond distances, non H                4     0.001    0.073      0.013
Bond distances, H                    6     0.000    0.000      0.016
Bond angles, non H                   5     0.267    0.154      2.100
Bond angles, H                      14     0.172    0.073      1.929
Torsion angles, period 3             1     0.089    0.009     10.000
Chiral centres                       1     0.000    0.004      0.089



====== CYCLE 10 ======

 weight = 1.0000e+00
 geom_x = 0.10720076310721675
 geom_a = 0
 geom_q = 0
 geom_c = 0.0
f0= 1.0720e-01
using cgsolve in c++, ic=False
diag(geom) min= 957.459739 max= 16935.665474
diag(all) min= 957.459739 max= 16935.665474
Trying gamma equal 0.168000
Convergence reached after 9 iterations with no gamma cycles
min(dx) = -3.407741516582296e-05
max(dx) = 4.630082737235072e-05
mean(dx)= -1.7881815509652003e-07
vdws = 15
atoms = 10
pairs = 41
 geom_x = 0.10719756314864291
 geom_a = 0
 geom_q = 0
 geom_c = 0.0
f1, 0= 1.0720e-01
                          N restraints  r.m.s.d.  r.m.s.Z  Mn(sigma)
Bond distances, non H                4     0.001    0.073      0.013
Bond distances, H                    6     0.000    0.000      0.016
Bond angles, non H                   5     0.267    0.154      2.100
Bond angles, H                      14     0.172    0.073      1.929
Torsion angles, period 3             1     0.085    0.009     10.000
Chiral centres                       1     0.000    0.004      0.089



====== CYCLE 11 ======

 weight = 1.0000e+00
 geom_x = 0.10719756314864291
 geom_a = 0
 geom_q = 0
 geom_c = 0.0
f0= 1.0720e-01
using cgsolve in c++, ic=False
diag(geom) min= 957.460691 max= 16935.673818
diag(all) min= 957.460691 max= 16935.673818
Trying gamma equal 0.168000
Convergence reached after 9 iterations with no gamma cycles
min(dx) = -3.263509830416864e-05
max(dx) = 4.4210534061653285e-05
mean(dx)= -1.6118232902804295e-07
vdws = 15
atoms = 10
pairs = 41
 geom_x = 0.10719463639859925
 geom_a = 0
 geom_q = 0
 geom_c = 0.0
f1, 0= 1.0719e-01
                          N restraints  r.m.s.d.  r.m.s.Z  Mn(sigma)
Bond distances, non H                4     0.001    0.073      0.013
Bond distances, H                    6     0.000    0.000      0.016
Bond angles, non H                   5     0.267    0.154      2.100
Bond angles, H                      14     0.172    0.073      1.929
Torsion angles, period 3             1     0.082    0.008     10.000
Chiral centres                       1     0.000    0.004      0.089



====== CYCLE 12 ======

 weight = 1.0000e+00
 geom_x = 0.10719463639859925
 geom_a = 0
 geom_q = 0
 geom_c = 0.0
f0= 1.0719e-01
using cgsolve in c++, ic=False
diag(geom) min= 957.461688 max= 16935.682270
diag(all) min= 957.461688 max= 16935.682270
Trying gamma equal 0.168000
Convergence reached after 8 iterations with no gamma cycles
min(dx) = -3.127020524492617e-05
max(dx) = 4.224757282017689e-05
mean(dx)= -1.4590157612138025e-07
vdws = 15
atoms = 10
pairs = 41
 geom_x = 0.10719195299141372
 geom_a = 0
 geom_q = 0
 geom_c = 0.0
f1, 0= 1.0719e-01
                          N restraints  r.m.s.d.  r.m.s.Z  Mn(sigma)
Bond distances, non H                4     0.001    0.073      0.013
Bond distances, H                    6     0.000    0.000      0.016
Bond angles, non H                   5     0.267    0.154      2.100
Bond angles, H                      14     0.172    0.073      1.929
Torsion angles, period 3             1     0.079    0.008     10.000
Chiral centres                       1     0.000    0.004      0.089



====== CYCLE 13 ======

 weight = 1.0000e+00
 geom_x = 0.10719195299141372
 geom_a = 0
 geom_q = 0
 geom_c = 0.0
f0= 1.0719e-01
using cgsolve in c++, ic=False
diag(geom) min= 957.462718 max= 16935.690778
diag(all) min= 957.462718 max= 16935.690778
Trying gamma equal 0.168000
Convergence reached after 8 iterations with no gamma cycles
min(dx) = -2.9975682285195996e-05
max(dx) = 4.040044632248358e-05
mean(dx)= -1.3261364065070698e-07
vdws = 15
atoms = 10
pairs = 41
 geom_x = 0.10718948783932888
 geom_a = 0
 geom_q = 0
 geom_c = 0.0
f1, 0= 1.0719e-01
                          N restraints  r.m.s.d.  r.m.s.Z  Mn(sigma)
Bond distances, non H                4     0.001    0.073      0.013
Bond distances, H                    6     0.000    0.000      0.016
Bond angles, non H                   5     0.267    0.154      2.100
Bond angles, H                      14     0.172    0.073      1.929
Torsion angles, period 3             1     0.076    0.008     10.000
Chiral centres                       1     0.000    0.004      0.089



====== CYCLE 14 ======

 weight = 1.0000e+00
 geom_x = 0.10718948783932888
 geom_a = 0
 geom_q = 0
 geom_c = 0.0
f0= 1.0719e-01
using cgsolve in c++, ic=False
diag(geom) min= 957.463770 max= 16935.699296
diag(all) min= 957.463770 max= 16935.699296
Trying gamma equal 0.168000
Convergence reached after 7 iterations with no gamma cycles
min(dx) = -2.8746877097398372e-05
max(dx) = 3.865884865636193e-05
mean(dx)= -1.210288576642267e-07
vdws = 15
atoms = 10
pairs = 41
 geom_x = 0.1071872195945611
 geom_a = 0
 geom_q = 0
 geom_c = 0.0
f1, 0= 1.0719e-01
                          N restraints  r.m.s.d.  r.m.s.Z  Mn(sigma)
Bond distances, non H                4     0.001    0.073      0.013
Bond distances, H                    6     0.000    0.000      0.016
Bond angles, non H                   5     0.267    0.154      2.100
Bond angles, H                      14     0.171    0.073      1.929
Torsion angles, period 3             1     0.073    0.007     10.000
Chiral centres                       1     0.000    0.004      0.089



====== CYCLE 15 ======

 weight = 1.0000e+00
 geom_x = 0.1071872195945611
 geom_a = 0
 geom_q = 0
 geom_c = 0.0
f0= 1.0719e-01
using cgsolve in c++, ic=False
diag(geom) min= 957.464834 max= 16935.707781
diag(all) min= 957.464834 max= 16935.707781
Trying gamma equal 0.168000
Convergence reached after 7 iterations with no gamma cycles
min(dx) = -2.7578497951136063e-05
max(dx) = 3.701387341308256e-05
mean(dx)= -1.1085774135862476e-07
vdws = 15
atoms = 10
pairs = 41
 geom_x = 0.1071851298706481
 geom_a = 0
 geom_q = 0
 geom_c = 0.0
f1, 0= 1.0719e-01
                          N restraints  r.m.s.d.  r.m.s.Z  Mn(sigma)
Bond distances, non H                4     0.001    0.073      0.013
Bond distances, H                    6     0.000    0.000      0.016
Bond angles, non H                   5     0.267    0.154      2.100
Bond angles, H                      14     0.171    0.073      1.929
Torsion angles, period 3             1     0.070    0.007     10.000
Chiral centres                       1     0.000    0.004      0.089



====== CYCLE 16 ======

 weight = 1.0000e+00
 geom_x = 0.1071851298706481
 geom_a = 0
 geom_q = 0
 geom_c = 0.0
f0= 1.0719e-01
using cgsolve in c++, ic=False
diag(geom) min= 957.465904 max= 16935.716197
diag(all) min= 957.465904 max= 16935.716197
Trying gamma equal 0.168000
Convergence reached after 7 iterations with no gamma cycles
min(dx) = -2.6466298487446908e-05
max(dx) = 3.5457394078545074e-05
mean(dx)= -1.0188183369560912e-07
vdws = 15
atoms = 10
pairs = 41
 geom_x = 0.10718320265528677
 geom_a = 0
 geom_q = 0
 geom_c = 0.0
f1, 0= 1.0718e-01
                          N restraints  r.m.s.d.  r.m.s.Z  Mn(sigma)
Bond distances, non H                4     0.001    0.073      0.013
Bond distances, H                    6     0.000    0.000      0.016
Bond angles, non H                   5     0.267    0.154      2.100
Bond angles, H                      14     0.171    0.073      1.929
Torsion angles, period 3             1     0.067    0.007     10.000
Chiral centres                       1     0.000    0.004      0.089



====== CYCLE 17 ======

 weight = 1.0000e+00
 geom_x = 0.10718320265528677
 geom_a = 0
 geom_q = 0
 geom_c = 0.0
f0= 1.0718e-01
using cgsolve in c++, ic=False
diag(geom) min= 957.466973 max= 16935.724515
diag(all) min= 957.466973 max= 16935.724515
Trying gamma equal 0.168000
Convergence reached after 7 iterations with no gamma cycles
min(dx) = -2.5406514278289534e-05
max(dx) = 3.398218977200576e-05
mean(dx)= -9.3996514309099e-08
vdws = 15
atoms = 10
pairs = 41
 geom_x = 0.10718142386472121
 geom_a = 0
 geom_q = 0
 geom_c = 0.0
f1, 0= 1.0718e-01
                          N restraints  r.m.s.d.  r.m.s.Z  Mn(sigma)
Bond distances, non H                4     0.001    0.073      0.013
Bond distances, H                    6     0.000    0.000      0.016
Bond angles, non H                   5     0.267    0.154      2.100
Bond angles, H                      14     0.171    0.073      1.929
Torsion angles, period 3             1     0.064    0.006     10.000
Chiral centres                       1     0.000    0.004      0.089



====== CYCLE 18 ======

 weight = 1.0000e+00
 geom_x = 0.10718142386472121
 geom_a = 0
 geom_q = 0
 geom_c = 0.0
f0= 1.0718e-01
using cgsolve in c++, ic=False
diag(geom) min= 957.468034 max= 16935.732707
diag(all) min= 957.468034 max= 16935.732707
Trying gamma equal 0.168000
Convergence reached after 8 iterations with no gamma cycles
min(dx) = -2.4395083030795583e-05
max(dx) = 3.258254639965879e-05
mean(dx)= -8.693748044961859e-08
vdws = 15
atoms = 10
pairs = 41
 geom_x = 0.10717978100297502
 geom_a = 0
 geom_q = 0
 geom_c = 0.0
f1, 0= 1.0718e-01
                          N restraints  r.m.s.d.  r.m.s.Z  Mn(sigma)
Bond distances, non H                4     0.001    0.073      0.013
Bond distances, H                    6     0.000    0.000      0.016
Bond angles, non H                   5     0.267    0.154      2.100
Bond angles, H                      14     0.171    0.073      1.929
Torsion angles, period 3             1     0.062    0.006     10.000
Chiral centres                       1     0.000    0.004      0.089



====== CYCLE 19 ======

 weight = 1.0000e+00
 geom_x = 0.10717978100297502
 geom_a = 0
 geom_q = 0
 geom_c = 0.0
f0= 1.0718e-01
using cgsolve in c++, ic=False
diag(geom) min= 957.469085 max= 16935.740754
diag(all) min= 957.469085 max= 16935.740754
Trying gamma equal 0.168000
Convergence reached after 8 iterations with no gamma cycles
min(dx) = -2.3429695285028196e-05
max(dx) = 3.1252253787717145e-05
mean(dx)= -8.070851285166404e-08
vdws = 15
atoms = 10
pairs = 41
 geom_x = 0.10717826289919904
 geom_a = 0
 geom_q = 0
 geom_c = 0.0
f1, 0= 1.0718e-01
                          N restraints  r.m.s.d.  r.m.s.Z  Mn(sigma)
Bond distances, non H                4     0.001    0.073      0.013
Bond distances, H                    6     0.000    0.000      0.016
Bond angles, non H                   5     0.267    0.154      2.100
Bond angles, H                      14     0.171    0.073      1.929
Torsion angles, period 3             1     0.059    0.006     10.000
Chiral centres                       1     0.000    0.004      0.089



====== CYCLE 20 ======

 weight = 1.0000e+00
 geom_x = 0.10717826289919904
 geom_a = 0
 geom_q = 0
 geom_c = 0.0
f0= 1.0718e-01
using cgsolve in c++, ic=False
diag(geom) min= 957.470120 max= 16935.748636
diag(all) min= 957.470120 max= 16935.748636
Trying gamma equal 0.168000
Convergence reached after 8 iterations with no gamma cycles
min(dx) = -2.2507156281577377e-05
max(dx) = 2.998650721301789e-05
mean(dx)= -7.514590644603222e-08
vdws = 15
atoms = 10
pairs = 41
 geom_x = 0.10717685950304776
 geom_a = 0
 geom_q = 0
 geom_c = 0.0
f1, 0= 1.0718e-01
                          N restraints  r.m.s.d.  r.m.s.Z  Mn(sigma)
Bond distances, non H                4     0.001    0.073      0.013
Bond distances, H                    6     0.000    0.000      0.016
Bond angles, non H                   5     0.267    0.154      2.100
Bond angles, H                      14     0.171    0.073      1.929
Torsion angles, period 3             1     0.057    0.006     10.000
Chiral centres                       1     0.000    0.004      0.089



====== CYCLE 21 ======

 weight = 1.0000e+00
 geom_x = 0.10717685950304776
 geom_a = 0
 geom_q = 0
 geom_c = 0.0
f0= 1.0718e-01
using cgsolve in c++, ic=False
diag(geom) min= 957.471136 max= 16935.756340
diag(all) min= 957.471136 max= 16935.756340
Trying gamma equal 0.168000
Convergence reached after 8 iterations with no gamma cycles
min(dx) = -2.1624889883194722e-05
max(dx) = 2.878082022687304e-05
mean(dx)= -7.015533733218704e-08
vdws = 15
atoms = 10
pairs = 41
 geom_x = 0.10717556172365704
 geom_a = 0
 geom_q = 0
 geom_c = 0.0
f1, 0= 1.0718e-01
                          N restraints  r.m.s.d.  r.m.s.Z  Mn(sigma)
Bond distances, non H                4     0.001    0.073      0.013
Bond distances, H                    6     0.000    0.000      0.016
Bond angles, non H                   5     0.267    0.154      2.100
Bond angles, H                      14     0.171    0.073      1.929
Torsion angles, period 3             1     0.055    0.005     10.000
Chiral centres                       1     0.000    0.004      0.089



====== CYCLE 22 ======

 weight = 1.0000e+00
 geom_x = 0.10717556172365704
 geom_a = 0
 geom_q = 0
 geom_c = 0.0
f0= 1.0718e-01
using cgsolve in c++, ic=False
diag(geom) min= 957.472133 max= 16935.763856
diag(all) min= 957.472133 max= 16935.763856
Trying gamma equal 0.168000
Convergence reached after 8 iterations with no gamma cycles
min(dx) = -2.0780632172205854e-05
max(dx) = 2.7631177008212558e-05
mean(dx)= -6.566534771299811e-08
vdws = 15
atoms = 10
pairs = 41
 geom_x = 0.107174361301257
 geom_a = 0
 geom_q = 0
 geom_c = 0.0
f1, 0= 1.0717e-01
                          N restraints  r.m.s.d.  r.m.s.Z  Mn(sigma)
Bond distances, non H                4     0.001    0.073      0.013
Bond distances, H                    6     0.000    0.000      0.016
Bond angles, non H                   5     0.267    0.154      2.100
Bond angles, H                      14     0.171    0.073      1.929
Torsion angles, period 3             1     0.053    0.005     10.000
Chiral centres                       1     0.000    0.004      0.089



====== CYCLE 23 ======

 weight = 1.0000e+00
 geom_x = 0.107174361301257
 geom_a = 0
 geom_q = 0
 geom_c = 0.0
f0= 1.0717e-01
using cgsolve in c++, ic=False
diag(geom) min= 957.473107 max= 16935.771177
diag(all) min= 957.473107 max= 16935.771177
Trying gamma equal 0.168000
Convergence reached after 9 iterations with no gamma cycles
min(dx) = -1.9972402340721738e-05
max(dx) = 2.653391363425968e-05
mean(dx)= -6.163880967528203e-08
vdws = 15
atoms = 10
pairs = 41
 geom_x = 0.10717325070367059
 geom_a = 0
 geom_q = 0
 geom_c = 0.0
f1, 0= 1.0717e-01
                          N restraints  r.m.s.d.  r.m.s.Z  Mn(sigma)
Bond distances, non H                4     0.001    0.073      0.013
Bond distances, H                    6     0.000    0.000      0.016
Bond angles, non H                   5     0.267    0.154      2.100
Bond angles, H                      14     0.171    0.073      1.929
Torsion angles, period 3             1     0.051    0.005     10.000
Chiral centres                       1     0.000    0.004      0.089



====== CYCLE 24 ======

 weight = 1.0000e+00
 geom_x = 0.10717325070367059
 geom_a = 0
 geom_q = 0
 geom_c = 0.0
f0= 1.0717e-01
using cgsolve in c++, ic=False
diag(geom) min= 957.474057 max= 16935.778298
diag(all) min= 957.474057 max= 16935.778298
Trying gamma equal 0.168000
Convergence reached after 9 iterations with no gamma cycles
min(dx) = -1.9197900024370982e-05
max(dx) = 2.548590747448433e-05
mean(dx)= -5.794914934743624e-08
vdws = 15
atoms = 10
pairs = 41
 geom_x = 0.10717222304158215
 geom_a = 0
 geom_q = 0
 geom_c = 0.0
f1, 0= 1.0717e-01
                          N restraints  r.m.s.d.  r.m.s.Z  Mn(sigma)
Bond distances, non H                4     0.001    0.073      0.013
Bond distances, H                    6     0.000    0.000      0.016
Bond angles, non H                   5     0.267    0.154      2.100
Bond angles, H                      14     0.171    0.073      1.929
Torsion angles, period 3             1     0.049    0.005     10.000
Chiral centres                       1     0.000    0.004      0.089



====== CYCLE 25 ======

 weight = 1.0000e+00
 geom_x = 0.10717222304158215
 geom_a = 0
 geom_q = 0
 geom_c = 0.0
f0= 1.0717e-01
using cgsolve in c++, ic=False
diag(geom) min= 957.474983 max= 16935.785214
diag(all) min= 957.474983 max= 16935.785214
Trying gamma equal 0.168000
Convergence reached after 9 iterations with no gamma cycles
min(dx) = -1.845565799159862e-05
max(dx) = 2.4483973741509113e-05
mean(dx)= -5.4605706032249534e-08
vdws = 15
atoms = 10
pairs = 41
 geom_x = 0.10717127199834686
 geom_a = 0
 geom_q = 0
 geom_c = 0.0
f1, 0= 1.0717e-01
                          N restraints  r.m.s.d.  r.m.s.Z  Mn(sigma)
Bond distances, non H                4     0.001    0.073      0.013
Bond distances, H                    6     0.000    0.000      0.016
Bond angles, non H                   5     0.267    0.154      2.100
Bond angles, H                      14     0.171    0.073      1.929
Torsion angles, period 3             1     0.047    0.005     10.000
Chiral centres                       1     0.000    0.004      0.089



====== CYCLE 26 ======

 weight = 1.0000e+00
 geom_x = 0.10717127199834686
 geom_a = 0
 geom_q = 0
 geom_c = 0.0
f0= 1.0717e-01
using cgsolve in c++, ic=False
diag(geom) min= 957.475883 max= 16935.791926
diag(all) min= 957.475883 max= 16935.791926
Trying gamma equal 0.168000
Convergence reached after 9 iterations with no gamma cycles
min(dx) = -1.774393667237955e-05
max(dx) = 2.352565190609463e-05
mean(dx)= -5.1551321656028046e-08
vdws = 15
atoms = 10
pairs = 41
 geom_x = 0.10717039177097358
 geom_a = 0
 geom_q = 0
 geom_c = 0.0
f1, 0= 1.0717e-01
                          N restraints  r.m.s.d.  r.m.s.Z  Mn(sigma)
Bond distances, non H                4     0.001    0.073      0.013
Bond distances, H                    6     0.000    0.000      0.016
Bond angles, non H                   5     0.267    0.154      2.100
Bond angles, H                      14     0.171    0.073      1.929
Torsion angles, period 3             1     0.045    0.005     10.000
Chiral centres                       1     0.000    0.004      0.089



====== CYCLE 27 ======

 weight = 1.0000e+00
 geom_x = 0.10717039177097358
 geom_a = 0
 geom_q = 0
 geom_c = 0.0
f0= 1.0717e-01
using cgsolve in c++, ic=False
diag(geom) min= 957.476758 max= 16935.798432
diag(all) min= 957.476758 max= 16935.798432
Trying gamma equal 0.168000
Convergence reached after 9 iterations with no gamma cycles
min(dx) = -1.7061280326279023e-05
max(dx) = 2.2608260697286642e-05
mean(dx)= -4.876089320347086e-08
vdws = 15
atoms = 10
pairs = 41
 geom_x = 0.10716957701991442
 geom_a = 0
 geom_q = 0
 geom_c = 0.0
f1, 0= 1.0717e-01
                          N restraints  r.m.s.d.  r.m.s.Z  Mn(sigma)
Bond distances, non H                4     0.001    0.073      0.013
Bond distances, H                    6     0.000    0.000      0.016
Bond angles, non H                   5     0.267    0.154      2.100
Bond angles, H                      14     0.171    0.073      1.929
Torsion angles, period 3             1     0.043    0.004     10.000
Chiral centres                       1     0.000    0.004      0.089



====== CYCLE 28 ======

 weight = 1.0000e+00
 geom_x = 0.10716957701991442
 geom_a = 0
 geom_q = 0
 geom_c = 0.0
f0= 1.0717e-01
using cgsolve in c++, ic=False
diag(geom) min= 957.477607 max= 16935.804734
diag(all) min= 957.477607 max= 16935.804734
Trying gamma equal 0.168000
Convergence reached after 9 iterations with no gamma cycles
min(dx) = -1.6406197886479208e-05
max(dx) = 2.1729804944083893e-05
mean(dx)= -4.6190363202952805e-08
vdws = 15
atoms = 10
pairs = 41
 geom_x = 0.10716882282583494
 geom_a = 0
 geom_q = 0
 geom_c = 0.0
f1, 0= 1.0717e-01
                          N restraints  r.m.s.d.  r.m.s.Z  Mn(sigma)
Bond distances, non H                4     0.001    0.073      0.013
Bond distances, H                    6     0.000    0.000      0.016
Bond angles, non H                   5     0.267    0.154      2.100
Bond angles, H                      14     0.171    0.073      1.929
Torsion angles, period 3             1     0.042    0.004     10.000
Chiral centres                       1     0.000    0.004      0.089



====== CYCLE 29 ======

 weight = 1.0000e+00
 geom_x = 0.10716882282583494
 geom_a = 0
 geom_q = 0
 geom_c = 0.0
f0= 1.0717e-01
using cgsolve in c++, ic=False
diag(geom) min= 957.478429 max= 16935.810832
diag(all) min= 957.478429 max= 16935.810832
Trying gamma equal 0.168000
Convergence reached after 9 iterations with no gamma cycles
min(dx) = -1.5777471540118595e-05
max(dx) = 2.088793073598784e-05
mean(dx)= -4.3829423009546016e-08
vdws = 15
atoms = 10
pairs = 41
 geom_x = 0.10716812465191156
 geom_a = 0
 geom_q = 0
 geom_c = 0.0
f1, 0= 1.0717e-01
                          N restraints  r.m.s.d.  r.m.s.Z  Mn(sigma)
Bond distances, non H                4     0.001    0.073      0.013
Bond distances, H                    6     0.000    0.000      0.016
Bond angles, non H                   5     0.267    0.154      2.100
Bond angles, H                      14     0.171    0.073      1.929
Torsion angles, period 3             1     0.040    0.004     10.000
Chiral centres                       1     0.000    0.004      0.089



====== CYCLE 30 ======

 weight = 1.0000e+00
 geom_x = 0.10716812465191156
 geom_a = 0
 geom_q = 0
 geom_c = 0.0
f0= 1.0717e-01
using cgsolve in c++, ic=False
diag(geom) min= 957.479226 max= 16935.816731
diag(all) min= 957.479226 max= 16935.816731
Trying gamma equal 0.168000
Convergence reached after 9 iterations with no gamma cycles
min(dx) = -1.5173780685270778e-05
max(dx) = 2.008106690784181e-05
mean(dx)= -4.163710964958704e-08
vdws = 15
atoms = 10
pairs = 41
 geom_x = 0.10716747831072233
 geom_a = 0
 geom_q = 0
 geom_c = 0.0
f1, 0= 1.0717e-01
                          N restraints  r.m.s.d.  r.m.s.Z  Mn(sigma)
Bond distances, non H                4     0.001    0.073      0.013
Bond distances, H                    6     0.000    0.000      0.016
Bond angles, non H                   5     0.267    0.154      2.100
Bond angles, H                      14     0.171    0.073      1.929
Torsion angles, period 3             1     0.039    0.004     10.000
Chiral centres                       1     0.000    0.004      0.089


$TABLE: stats vs cycle :
$GRAPHS
: Geometry :A:1,2,4:
: Geometry Z :A:1,5,3:
$$
 Ncyc  rmsBOND  zBOND  rmsANGL  zANGL
$$
$$
    0   0.0008 0.0730   0.2645 0.1537
    1   0.0008 0.0730   0.2654 0.1538
    2   0.0008 0.0730   0.2659 0.1539
    3   0.0008 0.0730   0.2662 0.1540
    4   0.0008 0.0730   0.2664 0.1540
    5   0.0008 0.0730   0.2665 0.1541
    6   0.0008 0.0730   0.2666 0.1541
    7   0.0008 0.0730   0.2666 0.1541
    8   0.0008 0.0730   0.2667 0.1541
    9   0.0008 0.0730   0.2667 0.1541
   10   0.0008 0.0730   0.2668 0.1541
   11   0.0008 0.0730   0.2668 0.1541
   12   0.0008 0.0730   0.2668 0.1541
   13   0.0008 0.0730   0.2669 0.1541
   14   0.0008 0.0730   0.2669 0.1541
   15   0.0008 0.0730   0.2669 0.1541
   16   0.0008 0.0730   0.2669 0.1541
   17   0.0008 0.0730   0.2670 0.1541
   18   0.0008 0.0730   0.2670 0.1541
   19   0.0008 0.0730   0.2670 0.1542
   20   0.0008 0.0730   0.2670 0.1542
   21   0.0008 0.0730   0.2670 0.1542
   22   0.0008 0.0730   0.2670 0.1542
   23   0.0008 0.0730   0.2670 0.1542
   24   0.0008 0.0730   0.2670 0.1542
   25   0.0008 0.0730   0.2671 0.1542
   26   0.0008 0.0730   0.2671 0.1542
   27   0.0008 0.0730   0.2671 0.1542
   28   0.0008 0.0730   0.2671 0.1542
   29   0.0008 0.0730   0.2671 0.1542
   30   0.0008 0.0730   0.2671 0.1542
$$

Updated dictionary saved: EPX_MODEL_TMP/mol_1_conf_1_updated.cif
Refinement statistics saved: EPX_MODEL_TMP/mol_1_conf_1_stats.json

# Finished on 2026-06-14 11:41:07.334321

=========END OF PROCESS INFORMATION ==========
