
============ PROCESS INFORMATION =============
# Servalcat ver. 0.4.128 (Python 3.9.18)
# Library vers. gemmi 0.7.4, scipy 1.7.3, numpy 1.19.5, pandas 1.3.5
# Started on 2026-06-14 11:41:40.360782
# Host: Mac.lan User: hilgersmt
# Command-line:
# servalcat --logfile EPX_MODEL_TMP/servalcat.log refine_geom --update_dictionary EPX_MODEL_TMP/mol_1_conf_19_init.cif -o EPX_MODEL_TMP/mol_1_conf_19 --randomize 0.01
Config loaded
--
refine:
  atom_selection:
    xyz:
      include:
      - '*'
      exclude: []
      exclude_restraint: []
    adp:
      include: []
      exclude: []
      exclude_restraint: []
    occ:
      include: []
      exclude: []
      exclude_restraint: []
    dfrac:
      include: []
      exclude: []
      exclude_restraint: []
  occ_groups: []
  occ_group_constraints: []
  occ_group_const_mu: 10.0
  occ_group_const_mu_update_factor: 1.1
  occ_group_const_mu_update_tol_rel: 0.25
  occ_group_const_mu_update_tol_abs: 0.01
  initialisation:
    adp: {}
    occ: {}
    dfrac: {}
  write_trajectory: false
--
Reading monomers from /Applications/ccp4-9/lib/data/monomers/
Monomer not in the library: EPX.
Reading monomer: EPX_MODEL_TMP/mol_1_conf_19_init.cif
Monomer library loaded: 1 monomers, 109 links, 133 modifications
       loaded monomers: EPX

Checking if unknown atoms exist..
Creating restraints..

Chain info:
 chain 
  ligands: EPX (1 residues)

Number of refinement parameters:
       n_params  n_atoms  n_atoms_geom_only  n_atoms_data_only
xyz           4        4                  0                  0
adp           0        0                  0                  0
occ           0        0                  0                  0
dfrac         0        0                  0                  0

Randomizing structure with rmsd of 0.01
Torsion angle rules:
 include:
  {'group': 'peptide', 'tors_name': 'chi*'}
  {'link': '*', 'tors_name': 'omega'}
  {'residue': '*', 'tors_name': 'sp2_sp2*'}
  {'link': '*', 'tors_name': 'sp2_sp2*'}
 exclude:
  none
External restraints from Refmac instructions
 Number of distances          : 0
 Number of angles             : 0
 Number of torsions           : 0
 Number of chirals            : 0
 Number of planes             : 0
 Number of intervals          : 0
 Number of stackings          : 0
 Number of harmonics          : 0
 Number of special positions  : 0

Running 10 cycles with wchir=4 wvdw=2 without hydrogen
Geometry weights
vdws = 0
atoms = 4
pairs = 6
 *** Chiral centres outliers (Z >= 5) ***

    atomc     atom1     atom2     atom3  value  ideal  sigma  both      z
/EPX 1/C2 /EPX 1/O1 /EPX 1/C3 /EPX 1/C1  2.425 -2.102  0.089 False 50.642

                       N restraints  r.m.s.d.  r.m.s.Z  Mn(sigma)
Bond distances, non H             4     0.038    2.680      0.013
Bond angles, non H                5     5.874    2.054      2.100
Chiral centres                    1     4.528   50.642      0.089


====== CYCLE  1 ======

 weight = 1.0000e+00
 geom_x = 20541.681846706975
 geom_a = 0
 geom_q = 0
 geom_c = 0.0
f0= 2.0542e+04
using cgsolve in c++, ic=False
diag(geom) min= 1975.950903 max= 29290.649393
diag(all) min= 1975.950903 max= 29290.649393
Trying gamma equal 0.000000
Convergence reached after 6 iterations with no gamma cycles
min(dx) = -0.9589822032450276
max(dx) = 1.7859492408782522
mean(dx)= 0.1041889632154956
vdws = 0
atoms = 4
pairs = 6
 geom_x = 1125.3378846706785
 geom_a = 0
 geom_q = 0
 geom_c = 0.0
f1, 0= 1.1253e+03
                       N restraints  r.m.s.d.  r.m.s.Z  Mn(sigma)
Bond distances, non H             4     0.391   22.873      0.013
Bond angles, non H                5    11.695    5.422      2.100
Chiral centres                    1     0.074    0.826      0.089



====== CYCLE  2 ======

 weight = 1.0000e+00
 geom_x = 1125.3378846706785
 geom_a = 0
 geom_q = 0
 geom_c = 0.0
f0= 1.1253e+03
using cgsolve in c++, ic=False
diag(geom) min= 1735.214310 max= 19898.590238
diag(all) min= 1735.214310 max= 19898.590238
Trying gamma equal 0.000000
Convergence reached after 6 iterations with no gamma cycles
min(dx) = -0.14253926347329543
max(dx) = 0.8583214858770973
mean(dx)= 0.08525437910789095
vdws = 0
atoms = 4
pairs = 6
 geom_x = 24.16826072971722
 geom_a = 0
 geom_q = 0
 geom_c = 0.0
f1, 0= 2.4168e+01
                       N restraints  r.m.s.d.  r.m.s.Z  Mn(sigma)
Bond distances, non H             4     0.024    1.330      0.013
Bond angles, non H                5     5.061    1.704      2.100
Chiral centres                    1     0.116    1.293      0.089



====== CYCLE  3 ======

 weight = 1.0000e+00
 geom_x = 24.16826072971722
 geom_a = 0
 geom_q = 0
 geom_c = 0.0
f0= 2.4168e+01
using cgsolve in c++, ic=False
diag(geom) min= 1208.060259 max= 18845.074219
diag(all) min= 1208.060259 max= 18845.074219
Trying gamma equal 0.000000
Convergence reached after 6 iterations with no gamma cycles
min(dx) = -0.05307634787339371
max(dx) = 0.11514118239860911
mean(dx)= 0.01863302273485339
vdws = 0
atoms = 4
pairs = 6
 geom_x = 1.2137258347026787
 geom_a = 0
 geom_q = 0
 geom_c = 0.0
f1, 0= 1.2137e+00
                       N restraints  r.m.s.d.  r.m.s.Z  Mn(sigma)
Bond distances, non H             4     0.004    0.273      0.013
Bond angles, non H                5     1.006    0.379      2.100
Chiral centres                    1     0.027    0.297      0.089



====== CYCLE  4 ======

 weight = 1.0000e+00
 geom_x = 1.2137258347026787
 geom_a = 0
 geom_q = 0
 geom_c = 0.0
f0= 1.2137e+00
using cgsolve in c++, ic=False
diag(geom) min= 1031.092022 max= 18464.338409
diag(all) min= 1031.092022 max= 18464.338409
Trying gamma equal 0.000000
Convergence reached after 6 iterations with no gamma cycles
min(dx) = -0.0069573830784976694
max(dx) = 0.02814755613961671
mean(dx)= 0.0033443940896753805
vdws = 0
atoms = 4
pairs = 6
 geom_x = 0.06914749721425623
 geom_a = 0
 geom_q = 0
 geom_c = 0.0
f1, 0= 6.9147e-02
                       N restraints  r.m.s.d.  r.m.s.Z  Mn(sigma)
Bond distances, non H             4     0.001    0.074      0.013
Bond angles, non H                5     0.259    0.153      2.100
Chiral centres                    1     0.000    0.003      0.089



====== CYCLE  5 ======

 weight = 1.0000e+00
 geom_x = 0.06914749721425623
 geom_a = 0
 geom_q = 0
 geom_c = 0.0
f0= 6.9147e-02
using cgsolve in c++, ic=False
diag(geom) min= 984.458632 max= 18366.812747
diag(all) min= 984.458632 max= 18366.812747
Trying gamma equal 0.000000
Convergence reached after 6 iterations with no gamma cycles
min(dx) = -0.00018666270366371555
max(dx) = 0.0009294113800764946
mean(dx)= 0.00010341715300952812
vdws = 0
atoms = 4
pairs = 6
 geom_x = 0.06817597303808151
 geom_a = 0
 geom_q = 0
 geom_c = 0.0
f1, 0= 6.8176e-02
                       N restraints  r.m.s.d.  r.m.s.Z  Mn(sigma)
Bond distances, non H             4     0.001    0.077      0.013
Bond angles, non H                5     0.246    0.150      2.100
Chiral centres                    1     0.001    0.006      0.089



====== CYCLE  6 ======

 weight = 1.0000e+00
 geom_x = 0.06817597303808151
 geom_a = 0
 geom_q = 0
 geom_c = 0.0
f0= 6.8176e-02
using cgsolve in c++, ic=False
diag(geom) min= 983.031591 max= 18364.041636
diag(all) min= 983.031591 max= 18364.041636
Trying gamma equal 0.000000
Convergence reached after 6 iterations with no gamma cycles
min(dx) = -2.305233342041636e-06
max(dx) = 5.612676730585824e-06
mean(dx)= 9.264791780652953e-07
vdws = 0
atoms = 4
pairs = 6
 geom_x = 0.06817595556995193
 geom_a = 0
 geom_q = 0
 geom_c = 0.0
f1, 0= 6.8176e-02
                       N restraints  r.m.s.d.  r.m.s.Z  Mn(sigma)
Bond distances, non H             4     0.001    0.077      0.013
Bond angles, non H                5     0.246    0.150      2.100
Chiral centres                    1     0.001    0.006      0.089



====== CYCLE  7 ======

 weight = 1.0000e+00
 geom_x = 0.06817595556995193
 geom_a = 0
 geom_q = 0
 geom_c = 0.0
f0= 6.8176e-02
using cgsolve in c++, ic=False
diag(geom) min= 983.024146 max= 18364.014762
diag(all) min= 983.024146 max= 18364.014762
Trying gamma equal 0.000000
Convergence reached after 6 iterations with no gamma cycles
min(dx) = -3.510461759848772e-08
max(dx) = 8.512340452116625e-08
mean(dx)= 1.0803414870405728e-08
vdws = 0
atoms = 4
pairs = 6
 geom_x = 0.0681759555675874
 geom_a = 0
 geom_q = 0
 geom_c = 0.0
f1, 0= 6.8176e-02
                       N restraints  r.m.s.d.  r.m.s.Z  Mn(sigma)
Bond distances, non H             4     0.001    0.077      0.013
Bond angles, non H                5     0.246    0.150      2.100
Chiral centres                    1     0.001    0.006      0.089



====== CYCLE  8 ======

 weight = 1.0000e+00
 geom_x = 0.0681759555675874
 geom_a = 0
 geom_q = 0
 geom_c = 0.0
f0= 6.8176e-02
using cgsolve in c++, ic=False
diag(geom) min= 983.024081 max= 18364.014450
diag(all) min= 983.024081 max= 18364.014450
Trying gamma equal 0.000000
Convergence reached after 6 iterations with no gamma cycles
min(dx) = -4.905512181752971e-10
max(dx) = 1.1840170792803883e-09
mean(dx)= 1.4406925872480972e-10
vdws = 0
atoms = 4
pairs = 6
 geom_x = 0.06817595556758133
 geom_a = 0
 geom_q = 0
 geom_c = 0.0
f1, 0= 6.8176e-02
                       N restraints  r.m.s.d.  r.m.s.Z  Mn(sigma)
Bond distances, non H             4     0.001    0.077      0.013
Bond angles, non H                5     0.246    0.150      2.100
Chiral centres                    1     0.001    0.006      0.089



====== CYCLE  9 ======

 weight = 1.0000e+00
 geom_x = 0.06817595556758133
 geom_a = 0
 geom_q = 0
 geom_c = 0.0
f0= 6.8176e-02
using cgsolve in c++, ic=False
diag(geom) min= 983.024080 max= 18364.014446
diag(all) min= 983.024080 max= 18364.014446
Trying gamma equal 0.000000
Convergence reached after 6 iterations with no gamma cycles
min(dx) = -6.7529468837619454e-12
max(dx) = 1.6285677741490102e-11
mean(dx)= 1.96888751450825e-12
vdws = 0
atoms = 4
pairs = 6
 geom_x = 0.06817595556757974
 geom_a = 0
 geom_q = 0
 geom_c = 0.0
f1, 0= 6.8176e-02
                       N restraints  r.m.s.d.  r.m.s.Z  Mn(sigma)
Bond distances, non H             4     0.001    0.077      0.013
Bond angles, non H                5     0.246    0.150      2.100
Chiral centres                    1     0.001    0.006      0.089



====== CYCLE 10 ======

 weight = 1.0000e+00
 geom_x = 0.06817595556757974
 geom_a = 0
 geom_q = 0
 geom_c = 0.0
f0= 6.8176e-02
using cgsolve in c++, ic=False
diag(geom) min= 983.024080 max= 18364.014446
diag(all) min= 983.024080 max= 18364.014446
Trying gamma equal 0.000000
Convergence reached after 6 iterations with no gamma cycles
min(dx) = -9.274359497269136e-14
max(dx) = 2.2380208311369142e-13
mean(dx)= 2.703000247190425e-14
vdws = 0
atoms = 4
pairs = 6
 geom_x = 0.06817595556757977
 geom_a = 0
 geom_q = 0
 geom_c = 0.0
f1, 0= 6.8176e-02
min(dx) = -4.637179748634568e-14
max(dx) = 1.1190104155684571e-13
mean(dx)= 1.3515001235952125e-14
vdws = 0
atoms = 4
pairs = 6
 geom_x = 0.06817595556758298
 geom_a = 0
 geom_q = 0
 geom_c = 0.0
f1, 1= 6.8176e-02
min(dx) = -2.318589874317284e-14
max(dx) = 5.5950520778422854e-14
mean(dx)= 6.757500617976063e-15
vdws = 0
atoms = 4
pairs = 6
 geom_x = 0.0681759555675854
 geom_a = 0
 geom_q = 0
 geom_c = 0.0
f1, 2= 6.8176e-02
WARNING: function not minimised
                       N restraints  r.m.s.d.  r.m.s.Z  Mn(sigma)
Bond distances, non H             4     0.001    0.077      0.013
Bond angles, non H                5     0.246    0.150      2.100
Chiral centres                    1     0.001    0.006      0.089


$TABLE: stats vs cycle :
$GRAPHS
: Geometry :A:1,4,2:
: Geometry Z :A:1,3,5:
$$
 Ncyc  rmsBOND   zBOND  rmsANGL  zANGL
$$
$$
    0   0.0379  2.6799   5.8740 2.0541
    1   0.3913 22.8734  11.6947 5.4220
    2   0.0243  1.3304   5.0609 1.7043
    3   0.0041  0.2729   1.0065 0.3792
    4   0.0008  0.0736   0.2588 0.1526
    5   0.0009  0.0770   0.2461 0.1497
    6   0.0009  0.0770   0.2460 0.1497
    7   0.0009  0.0770   0.2460 0.1497
    8   0.0009  0.0770   0.2460 0.1497
    9   0.0009  0.0770   0.2460 0.1497
   10   0.0009  0.0770   0.2460 0.1497
$$

Running 30 cycles with wchir=1 wvdw=2 without hydrogen
Geometry weights
vdws = 0
atoms = 4
pairs = 6
                       N restraints  r.m.s.d.  r.m.s.Z  Mn(sigma)
Bond distances, non H             4     0.001    0.077      0.013
Bond angles, non H                5     0.246    0.150      2.100
Chiral centres                    1     0.001    0.006      0.089


====== CYCLE  1 ======

 weight = 1.0000e+00
 geom_x = 0.06789327195583512
 geom_a = 0
 geom_q = 0
 geom_c = 0.0
f0= 6.7893e-02
using cgsolve in c++, ic=False
diag(geom) min= 447.924409 max= 14554.051550
diag(all) min= 447.924409 max= 14554.051550
Trying gamma equal 0.000000
Convergence reached after 6 iterations with no gamma cycles
min(dx) = -0.000835793006035891
max(dx) = 0.0011918433658383353
mean(dx)= 8.042325969528008e-05
vdws = 0
atoms = 4
pairs = 6
 geom_x = 0.06586104004880577
 geom_a = 0
 geom_q = 0
 geom_c = 0.0
f1, 0= 6.5861e-02
                       N restraints  r.m.s.d.  r.m.s.Z  Mn(sigma)
Bond distances, non H             4     0.001    0.076      0.013
Bond angles, non H                5     0.225    0.146      2.100
Chiral centres                    1     0.004    0.050      0.089



====== CYCLE  2 ======

 weight = 1.0000e+00
 geom_x = 0.06586104004880577
 geom_a = 0
 geom_q = 0
 geom_c = 0.0
f0= 6.5861e-02
using cgsolve in c++, ic=False
diag(geom) min= 448.610330 max= 14552.395966
diag(all) min= 448.610330 max= 14552.395966
Trying gamma equal 0.000000
Convergence reached after 6 iterations with no gamma cycles
min(dx) = -1.0551266752257677e-06
max(dx) = 5.262856413922228e-06
mean(dx)= 5.976691144394516e-07
vdws = 0
atoms = 4
pairs = 6
 geom_x = 0.06586102743468966
 geom_a = 0
 geom_q = 0
 geom_c = 0.0
f1, 0= 6.5861e-02
                       N restraints  r.m.s.d.  r.m.s.Z  Mn(sigma)
Bond distances, non H             4     0.001    0.076      0.013
Bond angles, non H                5     0.225    0.146      2.100
Chiral centres                    1     0.004    0.050      0.089



====== CYCLE  3 ======

 weight = 1.0000e+00
 geom_x = 0.06586102743468966
 geom_a = 0
 geom_q = 0
 geom_c = 0.0
f0= 6.5861e-02
using cgsolve in c++, ic=False
diag(geom) min= 448.610137 max= 14552.391303
diag(all) min= 448.610137 max= 14552.391303
Trying gamma equal 0.000000
Convergence reached after 6 iterations with no gamma cycles
min(dx) = -5.255865499460904e-09
max(dx) = 1.743225527210158e-08
mean(dx)= 3.2641958987891795e-09
vdws = 0
atoms = 4
pairs = 6
 geom_x = 0.06586102743457478
 geom_a = 0
 geom_q = 0
 geom_c = 0.0
f1, 0= 6.5861e-02
                       N restraints  r.m.s.d.  r.m.s.Z  Mn(sigma)
Bond distances, non H             4     0.001    0.076      0.013
Bond angles, non H                5     0.225    0.146      2.100
Chiral centres                    1     0.004    0.050      0.089



====== CYCLE  4 ======

 weight = 1.0000e+00
 geom_x = 0.06586102743457478
 geom_a = 0
 geom_q = 0
 geom_c = 0.0
f0= 6.5861e-02
using cgsolve in c++, ic=False
diag(geom) min= 448.610123 max= 14552.391298
diag(all) min= 448.610123 max= 14552.391298
Trying gamma equal 0.000000
Convergence reached after 6 iterations with no gamma cycles
min(dx) = -2.955996978017411e-11
max(dx) = 1.4838270722441015e-10
mean(dx)= 2.1405982351012346e-11
vdws = 0
atoms = 4
pairs = 6
 geom_x = 0.06586102743457145
 geom_a = 0
 geom_q = 0
 geom_c = 0.0
f1, 0= 6.5861e-02
                       N restraints  r.m.s.d.  r.m.s.Z  Mn(sigma)
Bond distances, non H             4     0.001    0.076      0.013
Bond angles, non H                5     0.225    0.146      2.100
Chiral centres                    1     0.004    0.050      0.089



====== CYCLE  5 ======

 weight = 1.0000e+00
 geom_x = 0.06586102743457145
 geom_a = 0
 geom_q = 0
 geom_c = 0.0
f0= 6.5861e-02
using cgsolve in c++, ic=False
diag(geom) min= 448.610123 max= 14552.391298
diag(all) min= 448.610123 max= 14552.391298
Trying gamma equal 0.000000
Convergence reached after 6 iterations with no gamma cycles
min(dx) = -1.920996831719524e-13
max(dx) = 1.105308444012051e-12
mean(dx)= 1.4817331348329445e-13
vdws = 0
atoms = 4
pairs = 6
 geom_x = 0.0658610274345733
 geom_a = 0
 geom_q = 0
 geom_c = 0.0
f1, 0= 6.5861e-02
min(dx) = -9.60498415859762e-14
max(dx) = 5.526542220060255e-13
mean(dx)= 7.408665674164723e-14
vdws = 0
atoms = 4
pairs = 6
 geom_x = 0.06586102743457255
 geom_a = 0
 geom_q = 0
 geom_c = 0.0
f1, 1= 6.5861e-02
min(dx) = -4.80249207929881e-14
max(dx) = 2.7632711100301276e-13
mean(dx)= 3.704332837082361e-14
vdws = 0
atoms = 4
pairs = 6
 geom_x = 0.06586102743457006
 geom_a = 0
 geom_q = 0
 geom_c = 0.0
f1, 2= 6.5861e-02
                       N restraints  r.m.s.d.  r.m.s.Z  Mn(sigma)
Bond distances, non H             4     0.001    0.076      0.013
Bond angles, non H                5     0.225    0.146      2.100
Chiral centres                    1     0.004    0.050      0.089



====== CYCLE  6 ======

 weight = 1.0000e+00
 geom_x = 0.06586102743457006
 geom_a = 0
 geom_q = 0
 geom_c = 0.0
f0= 6.5861e-02
using cgsolve in c++, ic=False
diag(geom) min= 448.610123 max= 14552.391298
diag(all) min= 448.610123 max= 14552.391298
Trying gamma equal 0.000000
Convergence reached after 6 iterations with no gamma cycles
min(dx) = -1.444539556974427e-13
max(dx) = 8.310122482530679e-13
mean(dx)= 1.1139057330188088e-13
vdws = 0
atoms = 4
pairs = 6
 geom_x = 0.06586102743457319
 geom_a = 0
 geom_q = 0
 geom_c = 0.0
f1, 0= 6.5861e-02
min(dx) = -7.222697784872136e-14
max(dx) = 4.155061241265339e-13
mean(dx)= 5.569528665094044e-14
vdws = 0
atoms = 4
pairs = 6
 geom_x = 0.06586102743457087
 geom_a = 0
 geom_q = 0
 geom_c = 0.0
f1, 1= 6.5861e-02
min(dx) = -3.611348892436068e-14
max(dx) = 2.0775306206326696e-13
mean(dx)= 2.784764332547022e-14
vdws = 0
atoms = 4
pairs = 6
 geom_x = 0.0658610274345665
 geom_a = 0
 geom_q = 0
 geom_c = 0.0
f1, 2= 6.5861e-02
                       N restraints  r.m.s.d.  r.m.s.Z  Mn(sigma)
Bond distances, non H             4     0.001    0.076      0.013
Bond angles, non H                5     0.225    0.146      2.100
Chiral centres                    1     0.004    0.050      0.089



====== CYCLE  7 ======

 weight = 1.0000e+00
 geom_x = 0.0658610274345665
 geom_a = 0
 geom_q = 0
 geom_c = 0.0
f0= 6.5861e-02
using cgsolve in c++, ic=False
diag(geom) min= 448.610123 max= 14552.391298
diag(all) min= 448.610123 max= 14552.391298
Trying gamma equal 0.000000
Convergence reached after 6 iterations with no gamma cycles
min(dx) = -1.0872060214081692e-13
max(dx) = 6.250837169948855e-13
mean(dx)= 8.379830297385498e-14
vdws = 0
atoms = 4
pairs = 6
 geom_x = 0.06586102743457414
 geom_a = 0
 geom_q = 0
 geom_c = 0.0
f1, 0= 6.5861e-02
min(dx) = -5.436030107040846e-14
max(dx) = 3.1254185849744277e-13
mean(dx)= 4.189915148692749e-14
vdws = 0
atoms = 4
pairs = 6
 geom_x = 0.06586102743457423
 geom_a = 0
 geom_q = 0
 geom_c = 0.0
f1, 1= 6.5861e-02
min(dx) = -2.718015053520423e-14
max(dx) = 1.5627092924872138e-13
mean(dx)= 2.0949575743463745e-14
vdws = 0
atoms = 4
pairs = 6
 geom_x = 0.06586102743457102
 geom_a = 0
 geom_q = 0
 geom_c = 0.0
f1, 2= 6.5861e-02
WARNING: function not minimised
                       N restraints  r.m.s.d.  r.m.s.Z  Mn(sigma)
Bond distances, non H             4     0.001    0.076      0.013
Bond angles, non H                5     0.225    0.146      2.100
Chiral centres                    1     0.004    0.050      0.089



====== CYCLE  8 ======

 weight = 1.0000e+00
 geom_x = 0.06586102743457102
 geom_a = 0
 geom_q = 0
 geom_c = 0.0
f0= 6.5861e-02
using cgsolve in c++, ic=False
diag(geom) min= 448.610123 max= 14552.391298
diag(all) min= 448.610123 max= 14552.391298
Trying gamma equal 0.000000
Convergence reached after 6 iterations with no gamma cycles
min(dx) = -8.149092733933867e-14
max(dx) = 4.69191821316762e-13
mean(dx)= 6.289008539267488e-14
vdws = 0
atoms = 4
pairs = 6
 geom_x = 0.06586102743457223
 geom_a = 0
 geom_q = 0
 geom_c = 0.0
f1, 0= 6.5861e-02
min(dx) = -4.0745463669669336e-14
max(dx) = 2.34595910658381e-13
mean(dx)= 3.144504269633744e-14
vdws = 0
atoms = 4
pairs = 6
 geom_x = 0.06586102743457214
 geom_a = 0
 geom_q = 0
 geom_c = 0.0
f1, 1= 6.5861e-02
min(dx) = -2.0372731834834668e-14
max(dx) = 1.172979553291905e-13
mean(dx)= 1.572252134816872e-14
vdws = 0
atoms = 4
pairs = 6
 geom_x = 0.0658610274345752
 geom_a = 0
 geom_q = 0
 geom_c = 0.0
f1, 2= 6.5861e-02
WARNING: function not minimised
                       N restraints  r.m.s.d.  r.m.s.Z  Mn(sigma)
Bond distances, non H             4     0.001    0.076      0.013
Bond angles, non H                5     0.225    0.146      2.100
Chiral centres                    1     0.004    0.050      0.089



====== CYCLE  9 ======

 weight = 1.0000e+00
 geom_x = 0.0658610274345752
 geom_a = 0
 geom_q = 0
 geom_c = 0.0
f0= 6.5861e-02
using cgsolve in c++, ic=False
diag(geom) min= 448.610123 max= 14552.391298
diag(all) min= 448.610123 max= 14552.391298
Trying gamma equal 0.000000
Convergence reached after 6 iterations with no gamma cycles
min(dx) = -6.135832178380856e-14
max(dx) = 3.529915562767733e-13
mean(dx)= 4.731719931717716e-14
vdws = 0
atoms = 4
pairs = 6
 geom_x = 0.06586102743457195
 geom_a = 0
 geom_q = 0
 geom_c = 0.0
f1, 0= 6.5861e-02
                       N restraints  r.m.s.d.  r.m.s.Z  Mn(sigma)
Bond distances, non H             4     0.001    0.076      0.013
Bond angles, non H                5     0.225    0.146      2.100
Chiral centres                    1     0.004    0.050      0.089



====== CYCLE 10 ======

 weight = 1.0000e+00
 geom_x = 0.06586102743457195
 geom_a = 0
 geom_q = 0
 geom_c = 0.0
f0= 6.5861e-02
using cgsolve in c++, ic=False
diag(geom) min= 448.610123 max= 14552.391298
diag(all) min= 448.610123 max= 14552.391298
Trying gamma equal 0.000000
Not converging with gamma equal 0.000000
Trying gamma equal 0.052500
Gamma decreased to 0.042000
min(dx) = -3.1159325826902653e-16
max(dx) = 1.99988262919527e-15
mean(dx)= 2.53769371291748e-16
vdws = 0
atoms = 4
pairs = 6
 geom_x = 0.0658610274345721
 geom_a = 0
 geom_q = 0
 geom_c = 0.0
f1, 0= 6.5861e-02
min(dx) = -1.5579662913451327e-16
max(dx) = 9.99941314597635e-16
mean(dx)= 1.26884685645874e-16
vdws = 0
atoms = 4
pairs = 6
 geom_x = 0.06586102743456815
 geom_a = 0
 geom_q = 0
 geom_c = 0.0
f1, 1= 6.5861e-02
                       N restraints  r.m.s.d.  r.m.s.Z  Mn(sigma)
Bond distances, non H             4     0.001    0.076      0.013
Bond angles, non H                5     0.225    0.146      2.100
Chiral centres                    1     0.004    0.050      0.089



====== CYCLE 11 ======

 weight = 1.0000e+00
 geom_x = 0.06586102743456815
 geom_a = 0
 geom_q = 0
 geom_c = 0.0
f0= 6.5861e-02
using cgsolve in c++, ic=False
diag(geom) min= 448.610123 max= 14552.391298
diag(all) min= 448.610123 max= 14552.391298
Trying gamma equal 0.042000
Convergence reached after 7 iterations with no gamma cycles
min(dx) = -2.3627414065805863e-16
max(dx) = 1.6463665895059768e-15
mean(dx)= 2.2529767192291493e-16
vdws = 0
atoms = 4
pairs = 6
 geom_x = 0.06586102743456661
 geom_a = 0
 geom_q = 0
 geom_c = 0.0
f1, 0= 6.5861e-02
                       N restraints  r.m.s.d.  r.m.s.Z  Mn(sigma)
Bond distances, non H             4     0.001    0.076      0.013
Bond angles, non H                5     0.225    0.146      2.100
Chiral centres                    1     0.004    0.050      0.089



====== CYCLE 12 ======

 weight = 1.0000e+00
 geom_x = 0.06586102743456661
 geom_a = 0
 geom_q = 0
 geom_c = 0.0
f0= 6.5861e-02
using cgsolve in c++, ic=False
diag(geom) min= 448.610123 max= 14552.391298
diag(all) min= 448.610123 max= 14552.391298
Trying gamma equal 0.042000
Convergence reached after 7 iterations with no gamma cycles
min(dx) = -7.91128322422912e-17
max(dx) = 1.1403041628459638e-16
mean(dx)= -1.387947607310615e-17
vdws = 0
atoms = 4
pairs = 6
 geom_x = 0.06586102743457184
 geom_a = 0
 geom_q = 0
 geom_c = 0.0
f1, 0= 6.5861e-02
min(dx) = -3.95564161211456e-17
max(dx) = 5.701520814229819e-17
mean(dx)= -6.939738036553075e-18
vdws = 0
atoms = 4
pairs = 6
 geom_x = 0.06586102743457037
 geom_a = 0
 geom_q = 0
 geom_c = 0.0
f1, 1= 6.5861e-02
min(dx) = -1.97782080605728e-17
max(dx) = 2.8507604071149096e-17
mean(dx)= -3.4698690182765375e-18
vdws = 0
atoms = 4
pairs = 6
 geom_x = 0.06586102743457037
 geom_a = 0
 geom_q = 0
 geom_c = 0.0
f1, 2= 6.5861e-02
WARNING: function not minimised
                       N restraints  r.m.s.d.  r.m.s.Z  Mn(sigma)
Bond distances, non H             4     0.001    0.076      0.013
Bond angles, non H                5     0.225    0.146      2.100
Chiral centres                    1     0.004    0.050      0.089



====== CYCLE 13 ======

 weight = 1.0000e+00
 geom_x = 0.06586102743457037
 geom_a = 0
 geom_q = 0
 geom_c = 0.0
f0= 6.5861e-02
using cgsolve in c++, ic=False
diag(geom) min= 448.610123 max= 14552.391298
diag(all) min= 448.610123 max= 14552.391298
Trying gamma equal 0.042000
Convergence reached after 7 iterations with no gamma cycles
min(dx) = -9.25653346927755e-17
max(dx) = 5.621949456386315e-17
mean(dx)= -7.475663385594525e-18
vdws = 0
atoms = 4
pairs = 6
 geom_x = 0.06586102743456962
 geom_a = 0
 geom_q = 0
 geom_c = 0.0
f1, 0= 6.5861e-02
                       N restraints  r.m.s.d.  r.m.s.Z  Mn(sigma)
Bond distances, non H             4     0.001    0.076      0.013
Bond angles, non H                5     0.225    0.146      2.100
Chiral centres                    1     0.004    0.050      0.089



====== CYCLE 14 ======

 weight = 1.0000e+00
 geom_x = 0.06586102743456962
 geom_a = 0
 geom_q = 0
 geom_c = 0.0
f0= 6.5861e-02
using cgsolve in c++, ic=False
diag(geom) min= 448.610123 max= 14552.391298
diag(all) min= 448.610123 max= 14552.391298
Trying gamma equal 0.042000
Convergence reached after 7 iterations with no gamma cycles
min(dx) = -8.432424638907075e-17
max(dx) = 1.0676923617057097e-16
mean(dx)= 2.346253073934051e-18
vdws = 0
atoms = 4
pairs = 6
 geom_x = 0.06586102743456836
 geom_a = 0
 geom_q = 0
 geom_c = 0.0
f1, 0= 6.5861e-02
                       N restraints  r.m.s.d.  r.m.s.Z  Mn(sigma)
Bond distances, non H             4     0.001    0.076      0.013
Bond angles, non H                5     0.225    0.146      2.100
Chiral centres                    1     0.004    0.050      0.089



====== CYCLE 15 ======

 weight = 1.0000e+00
 geom_x = 0.06586102743456836
 geom_a = 0
 geom_q = 0
 geom_c = 0.0
f0= 6.5861e-02
using cgsolve in c++, ic=False
diag(geom) min= 448.610123 max= 14552.391298
diag(all) min= 448.610123 max= 14552.391298
Trying gamma equal 0.042000
Convergence reached after 7 iterations with no gamma cycles
min(dx) = -1.116211505459987e-16
max(dx) = 1.0072850648953019e-16
mean(dx)= -3.5846958969756135e-18
vdws = 0
atoms = 4
pairs = 6
 geom_x = 0.06586102743456958
 geom_a = 0
 geom_q = 0
 geom_c = 0.0
f1, 0= 6.5861e-02
min(dx) = -5.581057527299935e-17
max(dx) = 5.0364253244765095e-17
mean(dx)= -1.7923479484878067e-18
vdws = 0
atoms = 4
pairs = 6
 geom_x = 0.06586102743456927
 geom_a = 0
 geom_q = 0
 geom_c = 0.0
f1, 1= 6.5861e-02
min(dx) = -2.7905287636499676e-17
max(dx) = 2.5182126622382548e-17
mean(dx)= -8.961739742439034e-19
vdws = 0
atoms = 4
pairs = 6
 geom_x = 0.06586102743456937
 geom_a = 0
 geom_q = 0
 geom_c = 0.0
f1, 2= 6.5861e-02
WARNING: function not minimised
                       N restraints  r.m.s.d.  r.m.s.Z  Mn(sigma)
Bond distances, non H             4     0.001    0.076      0.013
Bond angles, non H                5     0.225    0.146      2.100
Chiral centres                    1     0.004    0.050      0.089



====== CYCLE 16 ======

 weight = 1.0000e+00
 geom_x = 0.06586102743456937
 geom_a = 0
 geom_q = 0
 geom_c = 0.0
f0= 6.5861e-02
using cgsolve in c++, ic=False
diag(geom) min= 448.610123 max= 14552.391298
diag(all) min= 448.610123 max= 14552.391298
Trying gamma equal 0.042000
Convergence reached after 7 iterations with no gamma cycles
min(dx) = -7.32727415519297e-17
max(dx) = 9.17387678364769e-17
mean(dx)= 6.667731676608589e-18
vdws = 0
atoms = 4
pairs = 6
 geom_x = 0.0658610274345709
 geom_a = 0
 geom_q = 0
 geom_c = 0.0
f1, 0= 6.5861e-02
min(dx) = -3.663637077596485e-17
max(dx) = 4.586938391823845e-17
mean(dx)= 3.3338658383042945e-18
vdws = 0
atoms = 4
pairs = 6
 geom_x = 0.06586102743456924
 geom_a = 0
 geom_q = 0
 geom_c = 0.0
f1, 1= 6.5861e-02
                       N restraints  r.m.s.d.  r.m.s.Z  Mn(sigma)
Bond distances, non H             4     0.001    0.076      0.013
Bond angles, non H                5     0.225    0.146      2.100
Chiral centres                    1     0.004    0.050      0.089



====== CYCLE 17 ======

 weight = 1.0000e+00
 geom_x = 0.06586102743456924
 geom_a = 0
 geom_q = 0
 geom_c = 0.0
f0= 6.5861e-02
using cgsolve in c++, ic=False
diag(geom) min= 448.610123 max= 14552.391298
diag(all) min= 448.610123 max= 14552.391298
Trying gamma equal 0.042000
Convergence reached after 7 iterations with no gamma cycles
min(dx) = -7.460337540313003e-17
max(dx) = 1.177833881925693e-16
mean(dx)= 1.1157007694557513e-17
vdws = 0
atoms = 4
pairs = 6
 geom_x = 0.06586102743456952
 geom_a = 0
 geom_q = 0
 geom_c = 0.0
f1, 0= 6.5861e-02
min(dx) = -3.730168770156501e-17
max(dx) = 5.889169409628465e-17
mean(dx)= 5.578503847278756e-18
vdws = 0
atoms = 4
pairs = 6
 geom_x = 0.06586102743456924
 geom_a = 0
 geom_q = 0
 geom_c = 0.0
f1, 1= 6.5861e-02
min(dx) = -1.8650843850782507e-17
max(dx) = 2.944584704814233e-17
mean(dx)= 2.789251923639378e-18
vdws = 0
atoms = 4
pairs = 6
 geom_x = 0.06586102743456924
 geom_a = 0
 geom_q = 0
 geom_c = 0.0
f1, 2= 6.5861e-02
WARNING: function not minimised
                       N restraints  r.m.s.d.  r.m.s.Z  Mn(sigma)
Bond distances, non H             4     0.001    0.076      0.013
Bond angles, non H                5     0.225    0.146      2.100
Chiral centres                    1     0.004    0.050      0.089



====== CYCLE 18 ======

 weight = 1.0000e+00
 geom_x = 0.06586102743456924
 geom_a = 0
 geom_q = 0
 geom_c = 0.0
f0= 6.5861e-02
using cgsolve in c++, ic=False
diag(geom) min= 448.610123 max= 14552.391298
diag(all) min= 448.610123 max= 14552.391298
Trying gamma equal 0.042000
Convergence reached after 7 iterations with no gamma cycles
min(dx) = -7.435725416974912e-17
max(dx) = 1.1779414513645475e-16
mean(dx)= 1.0922488339919657e-17
vdws = 0
atoms = 4
pairs = 6
 geom_x = 0.06586102743456927
 geom_a = 0
 geom_q = 0
 geom_c = 0.0
f1, 0= 6.5861e-02
min(dx) = -3.717862708487456e-17
max(dx) = 5.889707256822737e-17
mean(dx)= 5.4612441699598285e-18
vdws = 0
atoms = 4
pairs = 6
 geom_x = 0.06586102743456945
 geom_a = 0
 geom_q = 0
 geom_c = 0.0
f1, 1= 6.5861e-02
min(dx) = -1.858931354243728e-17
max(dx) = 2.944853628411369e-17
mean(dx)= 2.7306220849799143e-18
vdws = 0
atoms = 4
pairs = 6
 geom_x = 0.06586102743456945
 geom_a = 0
 geom_q = 0
 geom_c = 0.0
f1, 2= 6.5861e-02
WARNING: function not minimised
                       N restraints  r.m.s.d.  r.m.s.Z  Mn(sigma)
Bond distances, non H             4     0.001    0.076      0.013
Bond angles, non H                5     0.225    0.146      2.100
Chiral centres                    1     0.004    0.050      0.089



====== CYCLE 19 ======

 weight = 1.0000e+00
 geom_x = 0.06586102743456945
 geom_a = 0
 geom_q = 0
 geom_c = 0.0
f0= 6.5861e-02
using cgsolve in c++, ic=False
diag(geom) min= 448.610123 max= 14552.391298
diag(all) min= 448.610123 max= 14552.391298
Trying gamma equal 0.042000
Convergence reached after 7 iterations with no gamma cycles
min(dx) = -3.7003871824995895e-16
max(dx) = 6.171214677277398e-17
mean(dx)= -3.527939938527893e-17
vdws = 0
atoms = 4
pairs = 6
 geom_x = 0.06586102743456931
 geom_a = 0
 geom_q = 0
 geom_c = 0.0
f1, 0= 6.5861e-02
                       N restraints  r.m.s.d.  r.m.s.Z  Mn(sigma)
Bond distances, non H             4     0.001    0.076      0.013
Bond angles, non H                5     0.225    0.146      2.100
Chiral centres                    1     0.004    0.050      0.089



====== CYCLE 20 ======

 weight = 1.0000e+00
 geom_x = 0.06586102743456931
 geom_a = 0
 geom_q = 0
 geom_c = 0.0
f0= 6.5861e-02
using cgsolve in c++, ic=False
diag(geom) min= 448.610123 max= 14552.391298
diag(all) min= 448.610123 max= 14552.391298
Trying gamma equal 0.042000
Convergence reached after 7 iterations with no gamma cycles
min(dx) = -2.5517864251443763e-17
max(dx) = 1.7337697770538203e-16
mean(dx)= 1.9711628787675575e-17
vdws = 0
atoms = 4
pairs = 6
 geom_x = 0.0658610274345667
 geom_a = 0
 geom_q = 0
 geom_c = 0.0
f1, 0= 6.5861e-02
                       N restraints  r.m.s.d.  r.m.s.Z  Mn(sigma)
Bond distances, non H             4     0.001    0.076      0.013
Bond angles, non H                5     0.225    0.146      2.100
Chiral centres                    1     0.004    0.050      0.089



====== CYCLE 21 ======

 weight = 1.0000e+00
 geom_x = 0.0658610274345667
 geom_a = 0
 geom_q = 0
 geom_c = 0.0
f0= 6.5861e-02
using cgsolve in c++, ic=False
diag(geom) min= 448.610123 max= 14552.391298
diag(all) min= 448.610123 max= 14552.391298
Trying gamma equal 0.042000
Convergence reached after 7 iterations with no gamma cycles
min(dx) = -6.039797469790547e-17
max(dx) = 1.7177202972172323e-16
mean(dx)= 1.7970166012186593e-17
vdws = 0
atoms = 4
pairs = 6
 geom_x = 0.06586102743456942
 geom_a = 0
 geom_q = 0
 geom_c = 0.0
f1, 0= 6.5861e-02
min(dx) = -3.0198987348952735e-17
max(dx) = 8.588601486086162e-17
mean(dx)= 8.985083006093296e-18
vdws = 0
atoms = 4
pairs = 6
 geom_x = 0.06586102743456924
 geom_a = 0
 geom_q = 0
 geom_c = 0.0
f1, 1= 6.5861e-02
min(dx) = -1.5099493674476367e-17
max(dx) = 4.294300743043081e-17
mean(dx)= 4.492541503046648e-18
vdws = 0
atoms = 4
pairs = 6
 geom_x = 0.0658610274345692
 geom_a = 0
 geom_q = 0
 geom_c = 0.0
f1, 2= 6.5861e-02
WARNING: function not minimised
                       N restraints  r.m.s.d.  r.m.s.Z  Mn(sigma)
Bond distances, non H             4     0.001    0.076      0.013
Bond angles, non H                5     0.225    0.146      2.100
Chiral centres                    1     0.004    0.050      0.089



====== CYCLE 22 ======

 weight = 1.0000e+00
 geom_x = 0.0658610274345692
 geom_a = 0
 geom_q = 0
 geom_c = 0.0
f0= 6.5861e-02
using cgsolve in c++, ic=False
diag(geom) min= 448.610123 max= 14552.391298
diag(all) min= 448.610123 max= 14552.391298
Trying gamma equal 0.042000
Convergence reached after 7 iterations with no gamma cycles
min(dx) = -5.606942333884653e-17
max(dx) = 1.7021150447712062e-16
mean(dx)= 1.814672075068917e-17
vdws = 0
atoms = 4
pairs = 6
 geom_x = 0.06586102743457643
 geom_a = 0
 geom_q = 0
 geom_c = 0.0
f1, 0= 6.5861e-02
min(dx) = -2.8034711669423266e-17
max(dx) = 8.510575223856031e-17
mean(dx)= 9.073360375344585e-18
vdws = 0
atoms = 4
pairs = 6
 geom_x = 0.06586102743457632
 geom_a = 0
 geom_q = 0
 geom_c = 0.0
f1, 1= 6.5861e-02
min(dx) = -1.4017355834711633e-17
max(dx) = 4.2552876119280154e-17
mean(dx)= 4.5366801876722924e-18
vdws = 0
atoms = 4
pairs = 6
 geom_x = 0.0658610274345692
 geom_a = 0
 geom_q = 0
 geom_c = 0.0
f1, 2= 6.5861e-02
WARNING: function not minimised
                       N restraints  r.m.s.d.  r.m.s.Z  Mn(sigma)
Bond distances, non H             4     0.001    0.076      0.013
Bond angles, non H                5     0.225    0.146      2.100
Chiral centres                    1     0.004    0.050      0.089



====== CYCLE 23 ======

 weight = 1.0000e+00
 geom_x = 0.0658610274345692
 geom_a = 0
 geom_q = 0
 geom_c = 0.0
f0= 6.5861e-02
using cgsolve in c++, ic=False
diag(geom) min= 448.610123 max= 14552.391298
diag(all) min= 448.610123 max= 14552.391298
Trying gamma equal 0.042000
Convergence reached after 7 iterations with no gamma cycles
min(dx) = -5.899259833801955e-17
max(dx) = 1.72601285865093e-16
mean(dx)= 1.7611388545716186e-17
vdws = 0
atoms = 4
pairs = 6
 geom_x = 0.06586102743457589
 geom_a = 0
 geom_q = 0
 geom_c = 0.0
f1, 0= 6.5861e-02
min(dx) = -2.9496299169009774e-17
max(dx) = 8.63006429325465e-17
mean(dx)= 8.805694272858093e-18
vdws = 0
atoms = 4
pairs = 6
 geom_x = 0.06586102743457632
 geom_a = 0
 geom_q = 0
 geom_c = 0.0
f1, 1= 6.5861e-02
min(dx) = -1.4748149584504887e-17
max(dx) = 4.315032146627325e-17
mean(dx)= 4.4028471364290465e-18
vdws = 0
atoms = 4
pairs = 6
 geom_x = 0.0658610274345692
 geom_a = 0
 geom_q = 0
 geom_c = 0.0
f1, 2= 6.5861e-02
WARNING: function not minimised
                       N restraints  r.m.s.d.  r.m.s.Z  Mn(sigma)
Bond distances, non H             4     0.001    0.076      0.013
Bond angles, non H                5     0.225    0.146      2.100
Chiral centres                    1     0.004    0.050      0.089



====== CYCLE 24 ======

 weight = 1.0000e+00
 geom_x = 0.0658610274345692
 geom_a = 0
 geom_q = 0
 geom_c = 0.0
f0= 6.5861e-02
using cgsolve in c++, ic=False
diag(geom) min= 448.610123 max= 14552.391298
diag(all) min= 448.610123 max= 14552.391298
Trying gamma equal 0.042000
Convergence reached after 7 iterations with no gamma cycles
min(dx) = -5.886809327894769e-17
max(dx) = 1.7263371343812796e-16
mean(dx)= 1.7655591915664068e-17
vdws = 0
atoms = 4
pairs = 6
 geom_x = 0.06586102743457589
 geom_a = 0
 geom_q = 0
 geom_c = 0.0
f1, 0= 6.5861e-02
min(dx) = -2.9434046639473845e-17
max(dx) = 8.631685671906398e-17
mean(dx)= 8.827795957832034e-18
vdws = 0
atoms = 4
pairs = 6
 geom_x = 0.06586102743457657
 geom_a = 0
 geom_q = 0
 geom_c = 0.0
f1, 1= 6.5861e-02
min(dx) = -1.4717023319736923e-17
max(dx) = 4.315842835953199e-17
mean(dx)= 4.413897978916017e-18
vdws = 0
atoms = 4
pairs = 6
 geom_x = 0.06586102743457614
 geom_a = 0
 geom_q = 0
 geom_c = 0.0
f1, 2= 6.5861e-02
WARNING: function not minimised
                       N restraints  r.m.s.d.  r.m.s.Z  Mn(sigma)
Bond distances, non H             4     0.001    0.076      0.013
Bond angles, non H                5     0.225    0.146      2.100
Chiral centres                    1     0.004    0.050      0.089



====== CYCLE 25 ======

 weight = 1.0000e+00
 geom_x = 0.06586102743457614
 geom_a = 0
 geom_q = 0
 geom_c = 0.0
f0= 6.5861e-02
using cgsolve in c++, ic=False
diag(geom) min= 448.610123 max= 14552.391298
diag(all) min= 448.610123 max= 14552.391298
Trying gamma equal 0.042000
Convergence reached after 7 iterations with no gamma cycles
min(dx) = -1.291240296229765e-16
max(dx) = 1.9218796375982928e-16
mean(dx)= 4.913493215859945e-18
vdws = 0
atoms = 4
pairs = 6
 geom_x = 0.06586102743457478
 geom_a = 0
 geom_q = 0
 geom_c = 0.0
f1, 0= 6.5861e-02
                       N restraints  r.m.s.d.  r.m.s.Z  Mn(sigma)
Bond distances, non H             4     0.001    0.076      0.013
Bond angles, non H                5     0.225    0.146      2.100
Chiral centres                    1     0.004    0.050      0.089



====== CYCLE 26 ======

 weight = 1.0000e+00
 geom_x = 0.06586102743457478
 geom_a = 0
 geom_q = 0
 geom_c = 0.0
f0= 6.5861e-02
using cgsolve in c++, ic=False
diag(geom) min= 448.610123 max= 14552.391298
diag(all) min= 448.610123 max= 14552.391298
Trying gamma equal 0.042000
Convergence reached after 7 iterations with no gamma cycles
min(dx) = -2.982604263828063e-16
max(dx) = 8.159902018269824e-17
mean(dx)= -2.3580738417649917e-17
vdws = 0
atoms = 4
pairs = 6
 geom_x = 0.06586102743457202
 geom_a = 0
 geom_q = 0
 geom_c = 0.0
f1, 0= 6.5861e-02
                       N restraints  r.m.s.d.  r.m.s.Z  Mn(sigma)
Bond distances, non H             4     0.001    0.076      0.013
Bond angles, non H                5     0.225    0.146      2.100
Chiral centres                    1     0.004    0.050      0.089



====== CYCLE 27 ======

 weight = 1.0000e+00
 geom_x = 0.06586102743457202
 geom_a = 0
 geom_q = 0
 geom_c = 0.0
f0= 6.5861e-02
using cgsolve in c++, ic=False
diag(geom) min= 448.610123 max= 14552.391298
diag(all) min= 448.610123 max= 14552.391298
Trying gamma equal 0.042000
Convergence reached after 7 iterations with no gamma cycles
min(dx) = -6.689157546135717e-17
max(dx) = 1.315361133609719e-16
mean(dx)= 1.422886693093643e-17
vdws = 0
atoms = 4
pairs = 6
 geom_x = 0.06586102743456965
 geom_a = 0
 geom_q = 0
 geom_c = 0.0
f1, 0= 6.5861e-02
                       N restraints  r.m.s.d.  r.m.s.Z  Mn(sigma)
Bond distances, non H             4     0.001    0.076      0.013
Bond angles, non H                5     0.225    0.146      2.100
Chiral centres                    1     0.004    0.050      0.089



====== CYCLE 28 ======

 weight = 1.0000e+00
 geom_x = 0.06586102743456965
 geom_a = 0
 geom_q = 0
 geom_c = 0.0
f0= 6.5861e-02
using cgsolve in c++, ic=False
diag(geom) min= 448.610123 max= 14552.391298
diag(all) min= 448.610123 max= 14552.391298
Trying gamma equal 0.042000
Convergence reached after 7 iterations with no gamma cycles
min(dx) = -3.521432654459646e-16
max(dx) = 1.2539883716089075e-16
mean(dx)= -3.105306902410317e-17
vdws = 0
atoms = 4
pairs = 6
 geom_x = 0.0658610274345695
 geom_a = 0
 geom_q = 0
 geom_c = 0.0
f1, 0= 6.5861e-02
                       N restraints  r.m.s.d.  r.m.s.Z  Mn(sigma)
Bond distances, non H             4     0.001    0.076      0.013
Bond angles, non H                5     0.225    0.146      2.100
Chiral centres                    1     0.004    0.050      0.089



====== CYCLE 29 ======

 weight = 1.0000e+00
 geom_x = 0.0658610274345695
 geom_a = 0
 geom_q = 0
 geom_c = 0.0
f0= 6.5861e-02
using cgsolve in c++, ic=False
diag(geom) min= 448.610123 max= 14552.391298
diag(all) min= 448.610123 max= 14552.391298
Trying gamma equal 0.042000
Convergence reached after 7 iterations with no gamma cycles
min(dx) = -1.2857711165471578e-16
max(dx) = 1.601821924704343e-16
mean(dx)= 8.170305156572787e-18
vdws = 0
atoms = 4
pairs = 6
 geom_x = 0.06586102743456906
 geom_a = 0
 geom_q = 0
 geom_c = 0.0
f1, 0= 6.5861e-02
                       N restraints  r.m.s.d.  r.m.s.Z  Mn(sigma)
Bond distances, non H             4     0.001    0.076      0.013
Bond angles, non H                5     0.225    0.146      2.100
Chiral centres                    1     0.004    0.050      0.089



====== CYCLE 30 ======

 weight = 1.0000e+00
 geom_x = 0.06586102743456906
 geom_a = 0
 geom_q = 0
 geom_c = 0.0
f0= 6.5861e-02
using cgsolve in c++, ic=False
diag(geom) min= 448.610123 max= 14552.391298
diag(all) min= 448.610123 max= 14552.391298
Trying gamma equal 0.042000
Convergence reached after 7 iterations with no gamma cycles
min(dx) = -2.7970076138955237e-17
max(dx) = 1.2580493747089576e-16
mean(dx)= 2.3251001911967406e-17
vdws = 0
atoms = 4
pairs = 6
 geom_x = 0.06586102743457066
 geom_a = 0
 geom_q = 0
 geom_c = 0.0
f1, 0= 6.5861e-02
min(dx) = -1.3985038069477618e-17
max(dx) = 6.290246873544788e-17
mean(dx)= 1.1625500955983703e-17
vdws = 0
atoms = 4
pairs = 6
 geom_x = 0.06586102743457066
 geom_a = 0
 geom_q = 0
 geom_c = 0.0
f1, 1= 6.5861e-02
min(dx) = -6.992519034738809e-18
max(dx) = 3.145123436772394e-17
mean(dx)= 5.8127504779918515e-18
vdws = 0
atoms = 4
pairs = 6
 geom_x = 0.06586102743457048
 geom_a = 0
 geom_q = 0
 geom_c = 0.0
f1, 2= 6.5861e-02
WARNING: function not minimised
                       N restraints  r.m.s.d.  r.m.s.Z  Mn(sigma)
Bond distances, non H             4     0.001    0.076      0.013
Bond angles, non H                5     0.225    0.146      2.100
Chiral centres                    1     0.004    0.050      0.089


$TABLE: stats vs cycle :
$GRAPHS
: Geometry :A:1,4,2:
: Geometry Z :A:1,3,5:
$$
 Ncyc  rmsBOND  zBOND  rmsANGL  zANGL
$$
$$
    0   0.0009 0.0770   0.2460 0.1497
    1   0.0008 0.0757   0.2246 0.1458
    2   0.0008 0.0758   0.2246 0.1458
    3   0.0008 0.0758   0.2246 0.1458
    4   0.0008 0.0758   0.2246 0.1458
    5   0.0008 0.0758   0.2246 0.1458
    6   0.0008 0.0758   0.2246 0.1458
    7   0.0008 0.0758   0.2246 0.1458
    8   0.0008 0.0758   0.2246 0.1458
    9   0.0008 0.0758   0.2246 0.1458
   10   0.0008 0.0758   0.2246 0.1458
   11   0.0008 0.0758   0.2246 0.1458
   12   0.0008 0.0758   0.2246 0.1458
   13   0.0008 0.0758   0.2246 0.1458
   14   0.0008 0.0758   0.2246 0.1458
   15   0.0008 0.0758   0.2246 0.1458
   16   0.0008 0.0758   0.2246 0.1458
   17   0.0008 0.0758   0.2246 0.1458
   18   0.0008 0.0758   0.2246 0.1458
   19   0.0008 0.0758   0.2246 0.1458
   20   0.0008 0.0758   0.2246 0.1458
   21   0.0008 0.0758   0.2246 0.1458
   22   0.0008 0.0758   0.2246 0.1458
   23   0.0008 0.0758   0.2246 0.1458
   24   0.0008 0.0758   0.2246 0.1458
   25   0.0008 0.0758   0.2246 0.1458
   26   0.0008 0.0758   0.2246 0.1458
   27   0.0008 0.0758   0.2246 0.1458
   28   0.0008 0.0758   0.2246 0.1458
   29   0.0008 0.0758   0.2246 0.1458
   30   0.0008 0.0758   0.2246 0.1458
$$

Creating restraints..

Chain info:
 chain 
  ligands: EPX (1 residues)

Number of refinement parameters:
       n_params  n_atoms  n_atoms_geom_only  n_atoms_data_only
xyz          10       10                  6                  0
adp           0        0                  0                  0
occ           0        0                  0                  0
dfrac         0        0                  0                  0

Randomizing structure with rmsd of 0.01
Torsion angle rules:
 include:
  {'group': 'peptide', 'tors_name': 'chi*'}
  {'link': '*', 'tors_name': 'omega'}
  {'residue': '*', 'tors_name': 'sp2_sp2*'}
  {'link': '*', 'tors_name': 'sp2_sp2*'}
 exclude:
  none
External restraints from Refmac instructions
 Number of distances          : 0
 Number of angles             : 0
 Number of torsions           : 0
 Number of chirals            : 0
 Number of planes             : 0
 Number of intervals          : 0
 Number of stackings          : 0
 Number of harmonics          : 0
 Number of special positions  : 0

Running 10 cycles with wchir=4 wvdw=2 with hydrogen
Geometry weights
vdws = 15
atoms = 10
pairs = 41
                          N restraints  r.m.s.d.  r.m.s.Z  Mn(sigma)
Bond distances, non H                4     0.008    0.586      0.013
Bond distances, H                    6     0.010    0.509      0.016
Bond angles, non H                   5     0.588    0.220      2.100
Bond angles, H                      14     0.417    0.235      1.929
Torsion angles, period 3             1     0.691    0.069     10.000
Chiral centres                       1     0.023    0.256      0.089


====== CYCLE  1 ======

 weight = 1.0000e+00
 geom_x = 2.49973141578347
 geom_a = 0
 geom_q = 0
 geom_c = 0.0
f0= 2.4997e+00
using cgsolve in c++, ic=False
diag(geom) min= 1864.695636 max= 24120.748747
diag(all) min= 1864.695636 max= 24120.748747
Trying gamma equal 0.000000
Convergence reached after 21 iterations with no gamma cycles
min(dx) = -0.012803424102016932
max(dx) = 0.006426313864616966
mean(dx)= -0.0017332432241353435
vdws = 15
atoms = 10
pairs = 41
 geom_x = 0.10733882291471873
 geom_a = 0
 geom_q = 0
 geom_c = 0.0
f1, 0= 1.0734e-01
                          N restraints  r.m.s.d.  r.m.s.Z  Mn(sigma)
Bond distances, non H                4     0.001    0.074      0.013
Bond distances, H                    6     0.000    0.004      0.016
Bond angles, non H                   5     0.267    0.154      2.100
Bond angles, H                      14     0.171    0.073      1.929
Torsion angles, period 3             1     0.025    0.002     10.000
Chiral centres                       1     0.000    0.003      0.089



====== CYCLE  2 ======

 weight = 1.0000e+00
 geom_x = 0.10733882291471873
 geom_a = 0
 geom_q = 0
 geom_c = 0.0
f0= 1.0734e-01
using cgsolve in c++, ic=False
diag(geom) min= 1830.639596 max= 24004.908094
diag(all) min= 1830.639596 max= 24004.908094
Trying gamma equal 0.000000
Not converging with gamma equal 0.000000
Trying gamma equal 0.052500
Gamma decreased to 0.042000
min(dx) = -0.00010094229777073236
max(dx) = 9.338412436288094e-05
mean(dx)= -1.9328142626430353e-07
vdws = 15
atoms = 10
pairs = 41
 geom_x = 0.10717920767946966
 geom_a = 0
 geom_q = 0
 geom_c = 0.0
f1, 0= 1.0718e-01
                          N restraints  r.m.s.d.  r.m.s.Z  Mn(sigma)
Bond distances, non H                4     0.001    0.073      0.013
Bond distances, H                    6     0.000    0.000      0.016
Bond angles, non H                   5     0.266    0.154      2.100
Bond angles, H                      14     0.172    0.073      1.929
Torsion angles, period 3             1     0.017    0.002     10.000
Chiral centres                       1     0.000    0.001      0.089



====== CYCLE  3 ======

 weight = 1.0000e+00
 geom_x = 0.10717920767946966
 geom_a = 0
 geom_q = 0
 geom_c = 0.0
f0= 1.0718e-01
using cgsolve in c++, ic=False
diag(geom) min= 1830.606714 max= 24004.379149
diag(all) min= 1830.606714 max= 24004.379149
Trying gamma equal 0.042000
Convergence reached after 22 iterations with no gamma cycles
min(dx) = -4.34650457796783e-05
max(dx) = 4.784286896360346e-05
mean(dx)= -2.2671072816284602e-06
vdws = 15
atoms = 10
pairs = 41
 geom_x = 0.10717659768423927
 geom_a = 0
 geom_q = 0
 geom_c = 0.0
f1, 0= 1.0718e-01
                          N restraints  r.m.s.d.  r.m.s.Z  Mn(sigma)
Bond distances, non H                4     0.001    0.073      0.013
Bond distances, H                    6     0.000    0.000      0.016
Bond angles, non H                   5     0.265    0.154      2.100
Bond angles, H                      14     0.173    0.073      1.929
Torsion angles, period 3             1     0.013    0.001     10.000
Chiral centres                       1     0.000    0.001      0.089



====== CYCLE  4 ======

 weight = 1.0000e+00
 geom_x = 0.10717659768423927
 geom_a = 0
 geom_q = 0
 geom_c = 0.0
f0= 1.0718e-01
using cgsolve in c++, ic=False
diag(geom) min= 1830.554425 max= 24003.928449
diag(all) min= 1830.554425 max= 24003.928449
Trying gamma equal 0.042000
Convergence reached after 21 iterations with no gamma cycles
min(dx) = -2.8233057231294064e-05
max(dx) = 2.4222691906182904e-05
mean(dx)= -1.5242002143305818e-06
vdws = 15
atoms = 10
pairs = 41
 geom_x = 0.10717607176875826
 geom_a = 0
 geom_q = 0
 geom_c = 0.0
f1, 0= 1.0718e-01
                          N restraints  r.m.s.d.  r.m.s.Z  Mn(sigma)
Bond distances, non H                4     0.001    0.073      0.013
Bond distances, H                    6     0.000    0.000      0.016
Bond angles, non H                   5     0.265    0.154      2.100
Bond angles, H                      14     0.173    0.073      1.929
Torsion angles, period 3             1     0.011    0.001     10.000
Chiral centres                       1     0.000    0.001      0.089



====== CYCLE  5 ======

 weight = 1.0000e+00
 geom_x = 0.10717607176875826
 geom_a = 0
 geom_q = 0
 geom_c = 0.0
f0= 1.0718e-01
using cgsolve in c++, ic=False
diag(geom) min= 1830.535061 max= 24003.809108
diag(all) min= 1830.535061 max= 24003.809108
Trying gamma equal 0.042000
Not converging with gamma equal 0.042000
Trying gamma equal 0.094500
Gamma decreased to 0.084000
min(dx) = -1.0708055144645348e-05
max(dx) = 8.121196882408118e-06
mean(dx)= -5.460549149104114e-07
vdws = 15
atoms = 10
pairs = 41
 geom_x = 0.10717595294319218
 geom_a = 0
 geom_q = 0
 geom_c = 0.0
f1, 0= 1.0718e-01
                          N restraints  r.m.s.d.  r.m.s.Z  Mn(sigma)
Bond distances, non H                4     0.001    0.073      0.013
Bond distances, H                    6     0.000    0.000      0.016
Bond angles, non H                   5     0.265    0.154      2.100
Bond angles, H                      14     0.173    0.073      1.929
Torsion angles, period 3             1     0.010    0.001     10.000
Chiral centres                       1     0.000    0.001      0.089



====== CYCLE  6 ======

 weight = 1.0000e+00
 geom_x = 0.10717595294319218
 geom_a = 0
 geom_q = 0
 geom_c = 0.0
f0= 1.0718e-01
using cgsolve in c++, ic=False
diag(geom) min= 1830.529975 max= 24003.793437
diag(all) min= 1830.529975 max= 24003.793437
Trying gamma equal 0.084000
Convergence reached after 18 iterations with no gamma cycles
min(dx) = -1.0431334578168751e-05
max(dx) = 7.295345690005822e-06
mean(dx)= -4.75551766124423e-07
vdws = 15
atoms = 10
pairs = 41
 geom_x = 0.10717586205722911
 geom_a = 0
 geom_q = 0
 geom_c = 0.0
f1, 0= 1.0718e-01
                          N restraints  r.m.s.d.  r.m.s.Z  Mn(sigma)
Bond distances, non H                4     0.001    0.073      0.013
Bond distances, H                    6     0.000    0.000      0.016
Bond angles, non H                   5     0.265    0.154      2.100
Bond angles, H                      14     0.173    0.073      1.929
Torsion angles, period 3             1     0.009    0.001     10.000
Chiral centres                       1     0.000    0.001      0.089



====== CYCLE  7 ======

 weight = 1.0000e+00
 geom_x = 0.10717586205722911
 geom_a = 0
 geom_q = 0
 geom_c = 0.0
f0= 1.0718e-01
using cgsolve in c++, ic=False
diag(geom) min= 1830.526755 max= 24003.802412
diag(all) min= 1830.526755 max= 24003.802412
Trying gamma equal 0.084000
Convergence reached after 17 iterations with no gamma cycles
min(dx) = -9.215466069526474e-06
max(dx) = 6.2125760702168636e-06
mean(dx)= -3.6894211057769743e-07
vdws = 15
atoms = 10
pairs = 41
 geom_x = 0.10717579494415509
 geom_a = 0
 geom_q = 0
 geom_c = 0.0
f1, 0= 1.0718e-01
                          N restraints  r.m.s.d.  r.m.s.Z  Mn(sigma)
Bond distances, non H                4     0.001    0.073      0.013
Bond distances, H                    6     0.000    0.000      0.016
Bond angles, non H                   5     0.265    0.154      2.100
Bond angles, H                      14     0.173    0.073      1.929
Torsion angles, period 3             1     0.008    0.001     10.000
Chiral centres                       1     0.000    0.001      0.089



====== CYCLE  8 ======

 weight = 1.0000e+00
 geom_x = 0.10717579494415509
 geom_a = 0
 geom_q = 0
 geom_c = 0.0
f0= 1.0718e-01
using cgsolve in c++, ic=False
diag(geom) min= 1830.525062 max= 24003.826010
diag(all) min= 1830.525062 max= 24003.826010
Trying gamma equal 0.084000
Not converging with gamma equal 0.084000
Trying gamma equal 0.136500
Gamma decreased to 0.126000
min(dx) = -5.277237779740755e-06
max(dx) = 3.5229995972142236e-06
mean(dx)= -1.9332286774302406e-07
vdws = 15
atoms = 10
pairs = 41
 geom_x = 0.10717576074147458
 geom_a = 0
 geom_q = 0
 geom_c = 0.0
f1, 0= 1.0718e-01
                          N restraints  r.m.s.d.  r.m.s.Z  Mn(sigma)
Bond distances, non H                4     0.001    0.073      0.013
Bond distances, H                    6     0.000    0.000      0.016
Bond angles, non H                   5     0.265    0.154      2.100
Bond angles, H                      14     0.173    0.073      1.929
Torsion angles, period 3             1     0.008    0.001     10.000
Chiral centres                       1     0.000    0.001      0.089



====== CYCLE  9 ======

 weight = 1.0000e+00
 geom_x = 0.10717576074147458
 geom_a = 0
 geom_q = 0
 geom_c = 0.0
f0= 1.0718e-01
using cgsolve in c++, ic=False
diag(geom) min= 1830.524450 max= 24003.844177
diag(all) min= 1830.524450 max= 24003.844177
Trying gamma equal 0.126000
Convergence reached after 14 iterations with no gamma cycles
min(dx) = -5.316091016150065e-06
max(dx) = 3.549371743310083e-06
mean(dx)= -1.7597397224560934e-07
vdws = 15
atoms = 10
pairs = 41
 geom_x = 0.10717572902263342
 geom_a = 0
 geom_q = 0
 geom_c = 0.0
f1, 0= 1.0718e-01
                          N restraints  r.m.s.d.  r.m.s.Z  Mn(sigma)
Bond distances, non H                4     0.001    0.073      0.013
Bond distances, H                    6     0.000    0.000      0.016
Bond angles, non H                   5     0.265    0.154      2.100
Bond angles, H                      14     0.173    0.073      1.929
Torsion angles, period 3             1     0.007    0.001     10.000
Chiral centres                       1     0.000    0.001      0.089



====== CYCLE 10 ======

 weight = 1.0000e+00
 geom_x = 0.10717572902263342
 geom_a = 0
 geom_q = 0
 geom_c = 0.0
f0= 1.0718e-01
using cgsolve in c++, ic=False
diag(geom) min= 1830.524163 max= 24003.866645
diag(all) min= 1830.524163 max= 24003.866645
Trying gamma equal 0.126000
Convergence reached after 14 iterations with no gamma cycles
min(dx) = -4.962677534523736e-06
max(dx) = 3.334814157032684e-06
mean(dx)= -1.4818971060918513e-07
vdws = 15
atoms = 10
pairs = 41
 geom_x = 0.10717570160632017
 geom_a = 0
 geom_q = 0
 geom_c = 0.0
f1, 0= 1.0718e-01
                          N restraints  r.m.s.d.  r.m.s.Z  Mn(sigma)
Bond distances, non H                4     0.001    0.073      0.013
Bond distances, H                    6     0.000    0.000      0.016
Bond angles, non H                   5     0.265    0.154      2.100
Bond angles, H                      14     0.173    0.073      1.929
Torsion angles, period 3             1     0.007    0.001     10.000
Chiral centres                       1     0.000    0.001      0.089


$TABLE: stats vs cycle :
$GRAPHS
: Geometry :A:1,4,2:
: Geometry Z :A:1,3,5:
$$
 Ncyc  rmsBOND  zBOND  rmsANGL  zANGL
$$
$$
    0   0.0081 0.5864   0.5880 0.2200
    1   0.0008 0.0738   0.2674 0.1540
    2   0.0008 0.0730   0.2656 0.1539
    3   0.0008 0.0730   0.2651 0.1538
    4   0.0008 0.0730   0.2650 0.1538
    5   0.0008 0.0730   0.2650 0.1538
    6   0.0008 0.0730   0.2649 0.1538
    7   0.0008 0.0730   0.2649 0.1538
    8   0.0008 0.0730   0.2649 0.1538
    9   0.0008 0.0730   0.2649 0.1538
   10   0.0008 0.0730   0.2649 0.1538
$$

Running 30 cycles with wchir=1 wvdw=2 with hydrogen
Geometry weights
vdws = 15
atoms = 10
pairs = 41
                          N restraints  r.m.s.d.  r.m.s.Z  Mn(sigma)
Bond distances, non H                4     0.001    0.073      0.013
Bond distances, H                    6     0.000    0.000      0.016
Bond angles, non H                   5     0.265    0.154      2.100
Bond angles, H                      14     0.173    0.073      1.929
Torsion angles, period 3             1     0.007    0.001     10.000
Chiral centres                       1     0.000    0.001      0.089


====== CYCLE  1 ======

 weight = 1.0000e+00
 geom_x = 0.10717346399854287
 geom_a = 0
 geom_q = 0
 geom_c = 0.0
f0= 1.0717e-01
using cgsolve in c++, ic=False
diag(geom) min= 1830.524163 max= 19061.181016
diag(all) min= 1830.524163 max= 19061.181016
Trying gamma equal 0.126000
Convergence reached after 18 iterations with no gamma cycles
min(dx) = -3.274819919885337e-05
max(dx) = 3.316440457473153e-05
mean(dx)= -9.547191608896607e-07
vdws = 15
atoms = 10
pairs = 41
 geom_x = 0.1071626217044199
 geom_a = 0
 geom_q = 0
 geom_c = 0.0
f1, 0= 1.0716e-01
                          N restraints  r.m.s.d.  r.m.s.Z  Mn(sigma)
Bond distances, non H                4     0.001    0.073      0.013
Bond distances, H                    6     0.000    0.000      0.016
Bond angles, non H                   5     0.266    0.154      2.100
Bond angles, H                      14     0.172    0.073      1.929
Torsion angles, period 3             1     0.007    0.001     10.000
Chiral centres                       1     0.000    0.003      0.089



====== CYCLE  2 ======

 weight = 1.0000e+00
 geom_x = 0.1071626217044199
 geom_a = 0
 geom_q = 0
 geom_c = 0.0
f0= 1.0716e-01
using cgsolve in c++, ic=False
diag(geom) min= 1830.554154 max= 19061.172484
diag(all) min= 1830.554154 max= 19061.172484
Trying gamma equal 0.126000
Convergence reached after 18 iterations with no gamma cycles
min(dx) = -1.8397712536718542e-05
max(dx) = 1.7816670522686423e-05
mean(dx)= -8.541985385156445e-07
vdws = 15
atoms = 10
pairs = 41
 geom_x = 0.10716087764667444
 geom_a = 0
 geom_q = 0
 geom_c = 0.0
f1, 0= 1.0716e-01
                          N restraints  r.m.s.d.  r.m.s.Z  Mn(sigma)
Bond distances, non H                4     0.001    0.073      0.013
Bond distances, H                    6     0.000    0.000      0.016
Bond angles, non H                   5     0.267    0.154      2.100
Bond angles, H                      14     0.172    0.073      1.929
Torsion angles, period 3             1     0.007    0.001     10.000
Chiral centres                       1     0.000    0.003      0.089



====== CYCLE  3 ======

 weight = 1.0000e+00
 geom_x = 0.10716087764667444
 geom_a = 0
 geom_q = 0
 geom_c = 0.0
f0= 1.0716e-01
using cgsolve in c++, ic=False
diag(geom) min= 1830.576058 max= 19061.177536
diag(all) min= 1830.576058 max= 19061.177536
Trying gamma equal 0.126000
Convergence reached after 17 iterations with no gamma cycles
min(dx) = -1.5172357864433504e-05
max(dx) = 1.0916685576267564e-05
mean(dx)= -6.612622985607365e-07
vdws = 15
atoms = 10
pairs = 41
 geom_x = 0.10716024360717327
 geom_a = 0
 geom_q = 0
 geom_c = 0.0
f1, 0= 1.0716e-01
                          N restraints  r.m.s.d.  r.m.s.Z  Mn(sigma)
Bond distances, non H                4     0.001    0.073      0.013
Bond distances, H                    6     0.000    0.000      0.016
Bond angles, non H                   5     0.267    0.154      2.100
Bond angles, H                      14     0.172    0.073      1.929
Torsion angles, period 3             1     0.007    0.001     10.000
Chiral centres                       1     0.000    0.003      0.089



====== CYCLE  4 ======

 weight = 1.0000e+00
 geom_x = 0.10716024360717327
 geom_a = 0
 geom_q = 0
 geom_c = 0.0
f0= 1.0716e-01
using cgsolve in c++, ic=False
diag(geom) min= 1830.586461 max= 19061.190638
diag(all) min= 1830.586461 max= 19061.190638
Trying gamma equal 0.126000
Convergence reached after 16 iterations with no gamma cycles
min(dx) = -1.2199694200181988e-05
max(dx) = 7.514513567926655e-06
mean(dx)= -5.274817027732719e-07
vdws = 15
atoms = 10
pairs = 41
 geom_x = 0.10715994341373329
 geom_a = 0
 geom_q = 0
 geom_c = 0.0
f1, 0= 1.0716e-01
                          N restraints  r.m.s.d.  r.m.s.Z  Mn(sigma)
Bond distances, non H                4     0.001    0.073      0.013
Bond distances, H                    6     0.000    0.000      0.016
Bond angles, non H                   5     0.267    0.154      2.100
Bond angles, H                      14     0.172    0.073      1.929
Torsion angles, period 3             1     0.007    0.001     10.000
Chiral centres                       1     0.000    0.004      0.089



====== CYCLE  5 ======

 weight = 1.0000e+00
 geom_x = 0.10715994341373329
 geom_a = 0
 geom_q = 0
 geom_c = 0.0
f0= 1.0716e-01
using cgsolve in c++, ic=False
diag(geom) min= 1830.590756 max= 19061.206865
diag(all) min= 1830.590756 max= 19061.206865
Trying gamma equal 0.126000
Convergence reached after 15 iterations with no gamma cycles
min(dx) = -9.86309239208283e-06
max(dx) = 5.347260990233744e-06
mean(dx)= -4.297629603175307e-07
vdws = 15
atoms = 10
pairs = 41
 geom_x = 0.10715978071158176
 geom_a = 0
 geom_q = 0
 geom_c = 0.0
f1, 0= 1.0716e-01
                          N restraints  r.m.s.d.  r.m.s.Z  Mn(sigma)
Bond distances, non H                4     0.001    0.073      0.013
Bond distances, H                    6     0.000    0.000      0.016
Bond angles, non H                   5     0.267    0.154      2.100
Bond angles, H                      14     0.171    0.073      1.929
Torsion angles, period 3             1     0.006    0.001     10.000
Chiral centres                       1     0.000    0.004      0.089



====== CYCLE  6 ======

 weight = 1.0000e+00
 geom_x = 0.10715978071158176
 geom_a = 0
 geom_q = 0
 geom_c = 0.0
f0= 1.0716e-01
using cgsolve in c++, ic=False
diag(geom) min= 1830.592000 max= 19061.223696
diag(all) min= 1830.592000 max= 19061.223696
Trying gamma equal 0.126000
Convergence reached after 15 iterations with no gamma cycles
min(dx) = -8.083989827962179e-06
max(dx) = 3.915554590672384e-06
mean(dx)= -3.537183993634798e-07
vdws = 15
atoms = 10
pairs = 41
 geom_x = 0.10715968357282207
 geom_a = 0
 geom_q = 0
 geom_c = 0.0
f1, 0= 1.0716e-01
                          N restraints  r.m.s.d.  r.m.s.Z  Mn(sigma)
Bond distances, non H                4     0.001    0.073      0.013
Bond distances, H                    6     0.000    0.000      0.016
Bond angles, non H                   5     0.267    0.154      2.100
Bond angles, H                      14     0.171    0.073      1.929
Torsion angles, period 3             1     0.006    0.001     10.000
Chiral centres                       1     0.000    0.004      0.089



====== CYCLE  7 ======

 weight = 1.0000e+00
 geom_x = 0.10715968357282207
 geom_a = 0
 geom_q = 0
 geom_c = 0.0
f0= 1.0716e-01
using cgsolve in c++, ic=False
diag(geom) min= 1830.591775 max= 19061.239877
diag(all) min= 1830.591775 max= 19061.239877
Trying gamma equal 0.126000
Convergence reached after 14 iterations with no gamma cycles
min(dx) = -6.728366015440255e-06
max(dx) = 2.93171669230711e-06
mean(dx)= -2.9241308476858406e-07
vdws = 15
atoms = 10
pairs = 41
 geom_x = 0.10715962095952204
 geom_a = 0
 geom_q = 0
 geom_c = 0.0
f1, 0= 1.0716e-01
                          N restraints  r.m.s.d.  r.m.s.Z  Mn(sigma)
Bond distances, non H                4     0.001    0.073      0.013
Bond distances, H                    6     0.000    0.000      0.016
Bond angles, non H                   5     0.267    0.154      2.100
Bond angles, H                      14     0.171    0.073      1.929
Torsion angles, period 3             1     0.006    0.001     10.000
Chiral centres                       1     0.000    0.004      0.089



====== CYCLE  8 ======

 weight = 1.0000e+00
 geom_x = 0.10715962095952204
 geom_a = 0
 geom_q = 0
 geom_c = 0.0
f0= 1.0716e-01
using cgsolve in c++, ic=False
diag(geom) min= 1830.590913 max= 19061.254818
diag(all) min= 1830.590913 max= 19061.254818
Trying gamma equal 0.126000
Convergence reached after 14 iterations with no gamma cycles
min(dx) = -5.683059139240558e-06
max(dx) = 2.2337083688256244e-06
mean(dx)= -2.421303473350945e-07
vdws = 15
atoms = 10
pairs = 41
 geom_x = 0.107159578109178
 geom_a = 0
 geom_q = 0
 geom_c = 0.0
f1, 0= 1.0716e-01
                          N restraints  r.m.s.d.  r.m.s.Z  Mn(sigma)
Bond distances, non H                4     0.001    0.073      0.013
Bond distances, H                    6     0.000    0.000      0.016
Bond angles, non H                   5     0.267    0.154      2.100
Bond angles, H                      14     0.171    0.073      1.929
Torsion angles, period 3             1     0.005    0.001     10.000
Chiral centres                       1     0.000    0.004      0.089



====== CYCLE  9 ======

 weight = 1.0000e+00
 geom_x = 0.107159578109178
 geom_a = 0
 geom_q = 0
 geom_c = 0.0
f0= 1.0716e-01
using cgsolve in c++, ic=False
diag(geom) min= 1830.589851 max= 19061.268292
diag(all) min= 1830.589851 max= 19061.268292
Trying gamma equal 0.126000
Convergence reached after 14 iterations with no gamma cycles
min(dx) = -4.8645173248029605e-06
max(dx) = 1.8079967313278225e-06
mean(dx)= -2.0057874639089614e-07
vdws = 15
atoms = 10
pairs = 41
 geom_x = 0.10715954739592903
 geom_a = 0
 geom_q = 0
 geom_c = 0.0
f1, 0= 1.0716e-01
                          N restraints  r.m.s.d.  r.m.s.Z  Mn(sigma)
Bond distances, non H                4     0.001    0.073      0.013
Bond distances, H                    6     0.000    0.000      0.016
Bond angles, non H                   5     0.267    0.154      2.100
Bond angles, H                      14     0.171    0.073      1.929
Torsion angles, period 3             1     0.005    0.000     10.000
Chiral centres                       1     0.000    0.004      0.089



====== CYCLE 10 ======

 weight = 1.0000e+00
 geom_x = 0.10715954739592903
 geom_a = 0
 geom_q = 0
 geom_c = 0.0
f0= 1.0716e-01
using cgsolve in c++, ic=False
diag(geom) min= 1830.588819 max= 19061.280267
diag(all) min= 1830.588819 max= 19061.280267
Trying gamma equal 0.126000
Convergence reached after 14 iterations with no gamma cycles
min(dx) = -4.2130687071143135e-06
max(dx) = 1.657962738545451e-06
mean(dx)= -1.6613419579656772e-07
vdws = 15
atoms = 10
pairs = 41
 geom_x = 0.10715952456384702
 geom_a = 0
 geom_q = 0
 geom_c = 0.0
f1, 0= 1.0716e-01
                          N restraints  r.m.s.d.  r.m.s.Z  Mn(sigma)
Bond distances, non H                4     0.001    0.073      0.013
Bond distances, H                    6     0.000    0.000      0.016
Bond angles, non H                   5     0.267    0.154      2.100
Bond angles, H                      14     0.171    0.073      1.929
Torsion angles, period 3             1     0.005    0.000     10.000
Chiral centres                       1     0.000    0.004      0.089



====== CYCLE 11 ======

 weight = 1.0000e+00
 geom_x = 0.10715952456384702
 geom_a = 0
 geom_q = 0
 geom_c = 0.0
f0= 1.0716e-01
using cgsolve in c++, ic=False
diag(geom) min= 1830.587926 max= 19061.290816
diag(all) min= 1830.587926 max= 19061.290816
Trying gamma equal 0.126000
Convergence reached after 13 iterations with no gamma cycles
min(dx) = -3.686558646353937e-06
max(dx) = 1.5527309975401553e-06
mean(dx)= -1.3755120458564648e-07
vdws = 15
atoms = 10
pairs = 41
 geom_x = 0.10715950707097982
 geom_a = 0
 geom_q = 0
 geom_c = 0.0
f1, 0= 1.0716e-01
                          N restraints  r.m.s.d.  r.m.s.Z  Mn(sigma)
Bond distances, non H                4     0.001    0.073      0.013
Bond distances, H                    6     0.000    0.000      0.016
Bond angles, non H                   5     0.267    0.154      2.100
Bond angles, H                      14     0.171    0.073      1.929
Torsion angles, period 3             1     0.004    0.000     10.000
Chiral centres                       1     0.000    0.004      0.089



====== CYCLE 12 ======

 weight = 1.0000e+00
 geom_x = 0.10715950707097982
 geom_a = 0
 geom_q = 0
 geom_c = 0.0
f0= 1.0716e-01
using cgsolve in c++, ic=False
diag(geom) min= 1830.587217 max= 19061.300063
diag(all) min= 1830.587217 max= 19061.300063
Trying gamma equal 0.126000
Convergence reached after 13 iterations with no gamma cycles
min(dx) = -3.255130558845695e-06
max(dx) = 1.474081627770643e-06
mean(dx)= -1.1383353278675077e-07
vdws = 15
atoms = 10
pairs = 41
 geom_x = 0.10715949331479
 geom_a = 0
 geom_q = 0
 geom_c = 0.0
f1, 0= 1.0716e-01
                          N restraints  r.m.s.d.  r.m.s.Z  Mn(sigma)
Bond distances, non H                4     0.001    0.073      0.013
Bond distances, H                    6     0.000    0.000      0.016
Bond angles, non H                   5     0.267    0.154      2.100
Bond angles, H                      14     0.171    0.073      1.929
Torsion angles, period 3             1     0.004    0.000     10.000
Chiral centres                       1     0.000    0.004      0.089



====== CYCLE 13 ======

 weight = 1.0000e+00
 geom_x = 0.10715949331479
 geom_a = 0
 geom_q = 0
 geom_c = 0.0
f0= 1.0716e-01
using cgsolve in c++, ic=False
diag(geom) min= 1830.586700 max= 19061.308150
diag(all) min= 1830.586700 max= 19061.308150
Trying gamma equal 0.126000
Convergence reached after 12 iterations with no gamma cycles
min(dx) = -2.8971376139993576e-06
max(dx) = 1.4479901020846796e-06
mean(dx)= -9.41570371883885e-08
vdws = 15
atoms = 10
pairs = 41
 geom_x = 0.10715948224364921
 geom_a = 0
 geom_q = 0
 geom_c = 0.0
f1, 0= 1.0716e-01
                          N restraints  r.m.s.d.  r.m.s.Z  Mn(sigma)
Bond distances, non H                4     0.001    0.073      0.013
Bond distances, H                    6     0.000    0.000      0.016
Bond angles, non H                   5     0.267    0.154      2.100
Bond angles, H                      14     0.171    0.073      1.929
Torsion angles, period 3             1     0.004    0.000     10.000
Chiral centres                       1     0.000    0.004      0.089



====== CYCLE 14 ======

 weight = 1.0000e+00
 geom_x = 0.10715948224364921
 geom_a = 0
 geom_q = 0
 geom_c = 0.0
f0= 1.0716e-01
using cgsolve in c++, ic=False
diag(geom) min= 1830.586365 max= 19061.315218
diag(all) min= 1830.586365 max= 19061.315218
Trying gamma equal 0.126000
Convergence reached after 12 iterations with no gamma cycles
min(dx) = -2.597732596054569e-06
max(dx) = 1.4519922776570304e-06
mean(dx)= -7.78375526022021e-08
vdws = 15
atoms = 10
pairs = 41
 geom_x = 0.10715947314723205
 geom_a = 0
 geom_q = 0
 geom_c = 0.0
f1, 0= 1.0716e-01
                          N restraints  r.m.s.d.  r.m.s.Z  Mn(sigma)
Bond distances, non H                4     0.001    0.073      0.013
Bond distances, H                    6     0.000    0.000      0.016
Bond angles, non H                   5     0.267    0.154      2.100
Bond angles, H                      14     0.171    0.073      1.929
Torsion angles, period 3             1     0.004    0.000     10.000
Chiral centres                       1     0.000    0.004      0.089



====== CYCLE 15 ======

 weight = 1.0000e+00
 geom_x = 0.10715947314723205
 geom_a = 0
 geom_q = 0
 geom_c = 0.0
f0= 1.0716e-01
using cgsolve in c++, ic=False
diag(geom) min= 1830.586192 max= 19061.321402
diag(all) min= 1830.586192 max= 19061.321402
Trying gamma equal 0.126000
Convergence reached after 12 iterations with no gamma cycles
min(dx) = -2.4367888182949305e-06
max(dx) = 1.4364700830792191e-06
mean(dx)= -6.431320143653175e-08
vdws = 15
atoms = 10
pairs = 41
 geom_x = 0.1071594655353253
 geom_a = 0
 geom_q = 0
 geom_c = 0.0
f1, 0= 1.0716e-01
                          N restraints  r.m.s.d.  r.m.s.Z  Mn(sigma)
Bond distances, non H                4     0.001    0.073      0.013
Bond distances, H                    6     0.000    0.000      0.016
Bond angles, non H                   5     0.267    0.154      2.100
Bond angles, H                      14     0.171    0.073      1.929
Torsion angles, period 3             1     0.003    0.000     10.000
Chiral centres                       1     0.000    0.004      0.089



====== CYCLE 16 ======

 weight = 1.0000e+00
 geom_x = 0.1071594655353253
 geom_a = 0
 geom_q = 0
 geom_c = 0.0
f0= 1.0716e-01
using cgsolve in c++, ic=False
diag(geom) min= 1830.586159 max= 19061.326825
diag(all) min= 1830.586159 max= 19061.326825
Trying gamma equal 0.126000
Convergence reached after 12 iterations with no gamma cycles
min(dx) = -2.288217302415566e-06
max(dx) = 1.4082341411058827e-06
mean(dx)= -5.31097338178438e-08
vdws = 15
atoms = 10
pairs = 41
 geom_x = 0.10715945906365928
 geom_a = 0
 geom_q = 0
 geom_c = 0.0
f1, 0= 1.0716e-01
                          N restraints  r.m.s.d.  r.m.s.Z  Mn(sigma)
Bond distances, non H                4     0.001    0.073      0.013
Bond distances, H                    6     0.000    0.000      0.016
Bond angles, non H                   5     0.267    0.154      2.100
Bond angles, H                      14     0.171    0.073      1.929
Torsion angles, period 3             1     0.003    0.000     10.000
Chiral centres                       1     0.000    0.004      0.089



====== CYCLE 17 ======

 weight = 1.0000e+00
 geom_x = 0.10715945906365928
 geom_a = 0
 geom_q = 0
 geom_c = 0.0
f0= 1.0716e-01
using cgsolve in c++, ic=False
diag(geom) min= 1830.586243 max= 19061.331592
diag(all) min= 1830.586243 max= 19061.331592
Trying gamma equal 0.126000
Convergence reached after 12 iterations with no gamma cycles
min(dx) = -2.151331872250255e-06
max(dx) = 1.3718199500829996e-06
mean(dx)= -4.383304980167082e-08
vdws = 15
atoms = 10
pairs = 41
 geom_x = 0.10715945348665126
 geom_a = 0
 geom_q = 0
 geom_c = 0.0
f1, 0= 1.0716e-01
                          N restraints  r.m.s.d.  r.m.s.Z  Mn(sigma)
Bond distances, non H                4     0.001    0.073      0.013
Bond distances, H                    6     0.000    0.000      0.016
Bond angles, non H                   5     0.267    0.154      2.100
Bond angles, H                      14     0.171    0.073      1.929
Torsion angles, period 3             1     0.003    0.000     10.000
Chiral centres                       1     0.000    0.004      0.089



====== CYCLE 18 ======

 weight = 1.0000e+00
 geom_x = 0.10715945348665126
 geom_a = 0
 geom_q = 0
 geom_c = 0.0
f0= 1.0716e-01
using cgsolve in c++, ic=False
diag(geom) min= 1830.586422 max= 19061.335800
diag(all) min= 1830.586422 max= 19061.335800
Trying gamma equal 0.126000
Convergence reached after 11 iterations with no gamma cycles
min(dx) = -2.0252299639236865e-06
max(dx) = 1.3302798427655496e-06
mean(dx)= -3.615623382723736e-08
vdws = 15
atoms = 10
pairs = 41
 geom_x = 0.1071594486263556
 geom_a = 0
 geom_q = 0
 geom_c = 0.0
f1, 0= 1.0716e-01
                          N restraints  r.m.s.d.  r.m.s.Z  Mn(sigma)
Bond distances, non H                4     0.001    0.073      0.013
Bond distances, H                    6     0.000    0.000      0.016
Bond angles, non H                   5     0.267    0.154      2.100
Bond angles, H                      14     0.171    0.073      1.929
Torsion angles, period 3             1     0.003    0.000     10.000
Chiral centres                       1     0.000    0.004      0.089



====== CYCLE 19 ======

 weight = 1.0000e+00
 geom_x = 0.1071594486263556
 geom_a = 0
 geom_q = 0
 geom_c = 0.0
f0= 1.0716e-01
using cgsolve in c++, ic=False
diag(geom) min= 1830.586677 max= 19061.339527
diag(all) min= 1830.586677 max= 19061.339527
Trying gamma equal 0.126000
Convergence reached after 11 iterations with no gamma cycles
min(dx) = -1.908929284304441e-06
max(dx) = 1.2856555800462254e-06
mean(dx)= -2.9802295066374024e-08
vdws = 15
atoms = 10
pairs = 41
 geom_x = 0.10715944435169072
 geom_a = 0
 geom_q = 0
 geom_c = 0.0
f1, 0= 1.0716e-01
                          N restraints  r.m.s.d.  r.m.s.Z  Mn(sigma)
Bond distances, non H                4     0.001    0.073      0.013
Bond distances, H                    6     0.000    0.000      0.016
Bond angles, non H                   5     0.267    0.154      2.100
Bond angles, H                      14     0.171    0.073      1.929
Torsion angles, period 3             1     0.003    0.000     10.000
Chiral centres                       1     0.000    0.004      0.089



====== CYCLE 20 ======

 weight = 1.0000e+00
 geom_x = 0.10715944435169072
 geom_a = 0
 geom_q = 0
 geom_c = 0.0
f0= 1.0716e-01
using cgsolve in c++, ic=False
diag(geom) min= 1830.586992 max= 19061.342843
diag(all) min= 1830.586992 max= 19061.342843
Trying gamma equal 0.126000
Convergence reached after 11 iterations with no gamma cycles
min(dx) = -1.801491385449729e-06
max(dx) = 1.2393889006412195e-06
mean(dx)= -2.4548372944992233e-08
vdws = 15
atoms = 10
pairs = 41
 geom_x = 0.1071594405643527
 geom_a = 0
 geom_q = 0
 geom_c = 0.0
f1, 0= 1.0716e-01
                          N restraints  r.m.s.d.  r.m.s.Z  Mn(sigma)
Bond distances, non H                4     0.001    0.073      0.013
Bond distances, H                    6     0.000    0.000      0.016
Bond angles, non H                   5     0.267    0.154      2.100
Bond angles, H                      14     0.171    0.073      1.929
Torsion angles, period 3             1     0.003    0.000     10.000
Chiral centres                       1     0.000    0.004      0.089



====== CYCLE 21 ======

 weight = 1.0000e+00
 geom_x = 0.1071594405643527
 geom_a = 0
 geom_q = 0
 geom_c = 0.0
f0= 1.0716e-01
using cgsolve in c++, ic=False
diag(geom) min= 1830.587353 max= 19061.345807
diag(all) min= 1830.587353 max= 19061.345807
Trying gamma equal 0.126000
Convergence reached after 10 iterations with no gamma cycles
min(dx) = -1.7020170404989466e-06
max(dx) = 1.1924521151652062e-06
mean(dx)= -2.0204303376701364e-08
vdws = 15
atoms = 10
pairs = 41
 geom_x = 0.10715943718921163
 geom_a = 0
 geom_q = 0
 geom_c = 0.0
f1, 0= 1.0716e-01
                          N restraints  r.m.s.d.  r.m.s.Z  Mn(sigma)
Bond distances, non H                4     0.001    0.073      0.013
Bond distances, H                    6     0.000    0.000      0.016
Bond angles, non H                   5     0.267    0.154      2.100
Bond angles, H                      14     0.171    0.073      1.929
Torsion angles, period 3             1     0.002    0.000     10.000
Chiral centres                       1     0.000    0.004      0.089



====== CYCLE 22 ======

 weight = 1.0000e+00
 geom_x = 0.10715943718921163
 geom_a = 0
 geom_q = 0
 geom_c = 0.0
f0= 1.0716e-01
using cgsolve in c++, ic=False
diag(geom) min= 1830.587748 max= 19061.348468
diag(all) min= 1830.587748 max= 19061.348468
Trying gamma equal 0.126000
Convergence reached after 10 iterations with no gamma cycles
min(dx) = -1.6097091560138678e-06
max(dx) = 1.1455262284370435e-06
mean(dx)= -1.661497856430239e-08
vdws = 15
atoms = 10
pairs = 41
 geom_x = 0.10715943416767823
 geom_a = 0
 geom_q = 0
 geom_c = 0.0
f1, 0= 1.0716e-01
                          N restraints  r.m.s.d.  r.m.s.Z  Mn(sigma)
Bond distances, non H                4     0.001    0.073      0.013
Bond distances, H                    6     0.000    0.000      0.016
Bond angles, non H                   5     0.267    0.154      2.100
Bond angles, H                      14     0.171    0.073      1.929
Torsion angles, period 3             1     0.002    0.000     10.000
Chiral centres                       1     0.000    0.004      0.089



====== CYCLE 23 ======

 weight = 1.0000e+00
 geom_x = 0.10715943416767823
 geom_a = 0
 geom_q = 0
 geom_c = 0.0
f0= 1.0716e-01
using cgsolve in c++, ic=False
diag(geom) min= 1830.588166 max= 19061.350869
diag(all) min= 1830.588166 max= 19061.350869
Trying gamma equal 0.126000
Convergence reached after 10 iterations with no gamma cycles
min(dx) = -1.5238336597819297e-06
max(dx) = 1.0990918796212627e-06
mean(dx)= -1.364935970049583e-08
vdws = 15
atoms = 10
pairs = 41
 geom_x = 0.10715943145314763
 geom_a = 0
 geom_q = 0
 geom_c = 0.0
f1, 0= 1.0716e-01
                          N restraints  r.m.s.d.  r.m.s.Z  Mn(sigma)
Bond distances, non H                4     0.001    0.073      0.013
Bond distances, H                    6     0.000    0.000      0.016
Bond angles, non H                   5     0.267    0.154      2.100
Bond angles, H                      14     0.171    0.073      1.929
Torsion angles, period 3             1     0.002    0.000     10.000
Chiral centres                       1     0.000    0.004      0.089



====== CYCLE 24 ======

 weight = 1.0000e+00
 geom_x = 0.10715943145314763
 geom_a = 0
 geom_q = 0
 geom_c = 0.0
f0= 1.0716e-01
using cgsolve in c++, ic=False
diag(geom) min= 1830.588600 max= 19061.353043
diag(all) min= 1830.588600 max= 19061.353043
Trying gamma equal 0.126000
Convergence reached after 9 iterations with no gamma cycles
min(dx) = -1.44375983620457e-06
max(dx) = 1.0534987335519077e-06
mean(dx)= -1.1198375321664321e-08
vdws = 15
atoms = 10
pairs = 41
 geom_x = 0.10715942900777774
 geom_a = 0
 geom_q = 0
 geom_c = 0.0
f1, 0= 1.0716e-01
                          N restraints  r.m.s.d.  r.m.s.Z  Mn(sigma)
Bond distances, non H                4     0.001    0.073      0.013
Bond distances, H                    6     0.000    0.000      0.016
Bond angles, non H                   5     0.267    0.154      2.100
Bond angles, H                      14     0.171    0.073      1.929
Torsion angles, period 3             1     0.002    0.000     10.000
Chiral centres                       1     0.000    0.004      0.089



====== CYCLE 25 ======

 weight = 1.0000e+00
 geom_x = 0.10715942900777774
 geom_a = 0
 geom_q = 0
 geom_c = 0.0
f0= 1.0716e-01
using cgsolve in c++, ic=False
diag(geom) min= 1830.589043 max= 19061.355022
diag(all) min= 1830.589043 max= 19061.355022
Trying gamma equal 0.126000
Convergence reached after 8 iterations with no gamma cycles
min(dx) = -1.3689198828262517e-06
max(dx) = 1.008950498407361e-06
mean(dx)= -9.176201713294108e-09
vdws = 15
atoms = 10
pairs = 41
 geom_x = 0.10715942680028458
 geom_a = 0
 geom_q = 0
 geom_c = 0.0
f1, 0= 1.0716e-01
                          N restraints  r.m.s.d.  r.m.s.Z  Mn(sigma)
Bond distances, non H                4     0.001    0.073      0.013
Bond distances, H                    6     0.000    0.000      0.016
Bond angles, non H                   5     0.267    0.154      2.100
Bond angles, H                      14     0.171    0.073      1.929
Torsion angles, period 3             1     0.002    0.000     10.000
Chiral centres                       1     0.000    0.004      0.089



====== CYCLE 26 ======

 weight = 1.0000e+00
 geom_x = 0.10715942680028458
 geom_a = 0
 geom_q = 0
 geom_c = 0.0
f0= 1.0716e-01
using cgsolve in c++, ic=False
diag(geom) min= 1830.589489 max= 19061.356831
diag(all) min= 1830.589489 max= 19061.356831
Trying gamma equal 0.126000
Convergence reached after 8 iterations with no gamma cycles
min(dx) = -1.2988212204259276e-06
max(dx) = 9.65622969649444e-07
mean(dx)= -7.50807801327019e-09
vdws = 15
atoms = 10
pairs = 41
 geom_x = 0.10715942480436227
 geom_a = 0
 geom_q = 0
 geom_c = 0.0
f1, 0= 1.0716e-01
                          N restraints  r.m.s.d.  r.m.s.Z  Mn(sigma)
Bond distances, non H                4     0.001    0.073      0.013
Bond distances, H                    6     0.000    0.000      0.016
Bond angles, non H                   5     0.267    0.154      2.100
Bond angles, H                      14     0.171    0.073      1.929
Torsion angles, period 3             1     0.002    0.000     10.000
Chiral centres                       1     0.000    0.004      0.089



====== CYCLE 27 ======

 weight = 1.0000e+00
 geom_x = 0.10715942480436227
 geom_a = 0
 geom_q = 0
 geom_c = 0.0
f0= 1.0716e-01
using cgsolve in c++, ic=False
diag(geom) min= 1830.589934 max= 19061.358490
diag(all) min= 1830.589934 max= 19061.358490
Trying gamma equal 0.126000
Convergence reached after 8 iterations with no gamma cycles
min(dx) = -1.233038764552628e-06
max(dx) = 9.23622504458828e-07
mean(dx)= -6.132136600246637e-09
vdws = 15
atoms = 10
pairs = 41
 geom_x = 0.10715942299754413
 geom_a = 0
 geom_q = 0
 geom_c = 0.0
f1, 0= 1.0716e-01
                          N restraints  r.m.s.d.  r.m.s.Z  Mn(sigma)
Bond distances, non H                4     0.001    0.073      0.013
Bond distances, H                    6     0.000    0.000      0.016
Bond angles, non H                   5     0.267    0.154      2.100
Bond angles, H                      14     0.171    0.073      1.929
Torsion angles, period 3             1     0.002    0.000     10.000
Chiral centres                       1     0.000    0.004      0.089



====== CYCLE 28 ======

 weight = 1.0000e+00
 geom_x = 0.10715942299754413
 geom_a = 0
 geom_q = 0
 geom_c = 0.0
f0= 1.0716e-01
using cgsolve in c++, ic=False
diag(geom) min= 1830.590376 max= 19061.360018
diag(all) min= 1830.590376 max= 19061.360018
Trying gamma equal 0.126000
Convergence reached after 8 iterations with no gamma cycles
min(dx) = -1.1712001675964302e-06
max(dx) = 8.830254624754545e-07
mean(dx)= -4.997384269360975e-09
vdws = 15
atoms = 10
pairs = 41
 geom_x = 0.10715942136042873
 geom_a = 0
 geom_q = 0
 geom_c = 0.0
f1, 0= 1.0716e-01
                          N restraints  r.m.s.d.  r.m.s.Z  Mn(sigma)
Bond distances, non H                4     0.001    0.073      0.013
Bond distances, H                    6     0.000    0.000      0.016
Bond angles, non H                   5     0.267    0.154      2.100
Bond angles, H                      14     0.171    0.073      1.929
Torsion angles, period 3             1     0.002    0.000     10.000
Chiral centres                       1     0.000    0.004      0.089



====== CYCLE 29 ======

 weight = 1.0000e+00
 geom_x = 0.10715942136042873
 geom_a = 0
 geom_q = 0
 geom_c = 0.0
f0= 1.0716e-01
using cgsolve in c++, ic=False
diag(geom) min= 1830.590811 max= 19061.361431
diag(all) min= 1830.590811 max= 19061.361431
Trying gamma equal 0.126000
Convergence reached after 9 iterations with no gamma cycles
min(dx) = -1.112963532849887e-06
max(dx) = 8.438664518075502e-07
mean(dx)= -4.061152051928643e-09
vdws = 15
atoms = 10
pairs = 41
 geom_x = 0.1071594198760299
 geom_a = 0
 geom_q = 0
 geom_c = 0.0
f1, 0= 1.0716e-01
                          N restraints  r.m.s.d.  r.m.s.Z  Mn(sigma)
Bond distances, non H                4     0.001    0.073      0.013
Bond distances, H                    6     0.000    0.000      0.016
Bond angles, non H                   5     0.267    0.154      2.100
Bond angles, H                      14     0.171    0.073      1.929
Torsion angles, period 3             1     0.002    0.000     10.000
Chiral centres                       1     0.000    0.004      0.089



====== CYCLE 30 ======

 weight = 1.0000e+00
 geom_x = 0.1071594198760299
 geom_a = 0
 geom_q = 0
 geom_c = 0.0
f0= 1.0716e-01
using cgsolve in c++, ic=False
diag(geom) min= 1830.591236 max= 19061.362741
diag(all) min= 1830.591236 max= 19061.362741
Trying gamma equal 0.126000
Convergence reached after 10 iterations with no gamma cycles
min(dx) = -1.0580528736819925e-06
max(dx) = 8.061550904323257e-07
mean(dx)= -3.288528456303988e-09
vdws = 15
atoms = 10
pairs = 41
 geom_x = 0.10715941852940677
 geom_a = 0
 geom_q = 0
 geom_c = 0.0
f1, 0= 1.0716e-01
                          N restraints  r.m.s.d.  r.m.s.Z  Mn(sigma)
Bond distances, non H                4     0.001    0.073      0.013
Bond distances, H                    6     0.000    0.000      0.016
Bond angles, non H                   5     0.267    0.154      2.100
Bond angles, H                      14     0.171    0.073      1.929
Torsion angles, period 3             1     0.002    0.000     10.000
Chiral centres                       1     0.000    0.004      0.089


$TABLE: stats vs cycle :
$GRAPHS
: Geometry :A:1,4,2:
: Geometry Z :A:1,3,5:
$$
 Ncyc  rmsBOND  zBOND  rmsANGL  zANGL
$$
$$
    0   0.0008 0.0730   0.2649 0.1538
    1   0.0008 0.0729   0.2661 0.1540
    2   0.0008 0.0729   0.2665 0.1541
    3   0.0008 0.0729   0.2668 0.1541
    4   0.0008 0.0729   0.2669 0.1542
    5   0.0008 0.0729   0.2670 0.1542
    6   0.0008 0.0729   0.2671 0.1542
    7   0.0008 0.0729   0.2671 0.1542
    8   0.0008 0.0729   0.2671 0.1542
    9   0.0008 0.0729   0.2672 0.1542
   10   0.0008 0.0729   0.2672 0.1542
   11   0.0008 0.0729   0.2672 0.1542
   12   0.0008 0.0729   0.2672 0.1542
   13   0.0008 0.0729   0.2672 0.1542
   14   0.0008 0.0729   0.2672 0.1542
   15   0.0008 0.0729   0.2672 0.1542
   16   0.0008 0.0729   0.2672 0.1542
   17   0.0008 0.0729   0.2672 0.1542
   18   0.0008 0.0729   0.2672 0.1542
   19   0.0008 0.0729   0.2672 0.1542
   20   0.0008 0.0729   0.2672 0.1542
   21   0.0008 0.0729   0.2672 0.1542
   22   0.0008 0.0729   0.2672 0.1542
   23   0.0008 0.0729   0.2672 0.1542
   24   0.0008 0.0729   0.2672 0.1542
   25   0.0008 0.0729   0.2672 0.1542
   26   0.0008 0.0729   0.2672 0.1542
   27   0.0008 0.0729   0.2672 0.1542
   28   0.0008 0.0729   0.2672 0.1542
   29   0.0008 0.0729   0.2672 0.1542
   30   0.0008 0.0729   0.2672 0.1542
$$

Updated dictionary saved: EPX_MODEL_TMP/mol_1_conf_19_updated.cif
Refinement statistics saved: EPX_MODEL_TMP/mol_1_conf_19_stats.json

# Finished on 2026-06-14 11:41:40.497071

=========END OF PROCESS INFORMATION ==========
