
============ PROCESS INFORMATION =============
# Servalcat ver. 0.4.128 (Python 3.9.18)
# Library vers. gemmi 0.7.4, scipy 1.7.3, numpy 1.19.5, pandas 1.3.5
# Started on 2026-06-14 11:41:16.461200
# Host: Mac.lan User: hilgersmt
# Command-line:
# servalcat --logfile EPX_MODEL_TMP/servalcat.log refine_geom --update_dictionary EPX_MODEL_TMP/mol_1_conf_6_init.cif -o EPX_MODEL_TMP/mol_1_conf_6 --randomize 0.01
Config loaded
--
refine:
  atom_selection:
    xyz:
      include:
      - '*'
      exclude: []
      exclude_restraint: []
    adp:
      include: []
      exclude: []
      exclude_restraint: []
    occ:
      include: []
      exclude: []
      exclude_restraint: []
    dfrac:
      include: []
      exclude: []
      exclude_restraint: []
  occ_groups: []
  occ_group_constraints: []
  occ_group_const_mu: 10.0
  occ_group_const_mu_update_factor: 1.1
  occ_group_const_mu_update_tol_rel: 0.25
  occ_group_const_mu_update_tol_abs: 0.01
  initialisation:
    adp: {}
    occ: {}
    dfrac: {}
  write_trajectory: false
--
Reading monomers from /Applications/ccp4-9/lib/data/monomers/
Monomer not in the library: EPX.
Reading monomer: EPX_MODEL_TMP/mol_1_conf_6_init.cif
Monomer library loaded: 1 monomers, 109 links, 133 modifications
       loaded monomers: EPX

Checking if unknown atoms exist..
Creating restraints..

Chain info:
 chain 
  ligands: EPX (1 residues)

Number of refinement parameters:
       n_params  n_atoms  n_atoms_geom_only  n_atoms_data_only
xyz           4        4                  0                  0
adp           0        0                  0                  0
occ           0        0                  0                  0
dfrac         0        0                  0                  0

Randomizing structure with rmsd of 0.01
Torsion angle rules:
 include:
  {'group': 'peptide', 'tors_name': 'chi*'}
  {'link': '*', 'tors_name': 'omega'}
  {'residue': '*', 'tors_name': 'sp2_sp2*'}
  {'link': '*', 'tors_name': 'sp2_sp2*'}
 exclude:
  none
External restraints from Refmac instructions
 Number of distances          : 0
 Number of angles             : 0
 Number of torsions           : 0
 Number of chirals            : 0
 Number of planes             : 0
 Number of intervals          : 0
 Number of stackings          : 0
 Number of harmonics          : 0
 Number of special positions  : 0

Running 10 cycles with wchir=4 wvdw=2 without hydrogen
Geometry weights
vdws = 0
atoms = 4
pairs = 6
 *** Bond distances outliers (Z >= 5) ***

    atom1     atom2  value  ideal  sigma      z
/EPX 1/C2 /EPX 1/O1  1.404  1.460  0.011 -5.327

                       N restraints  r.m.s.d.  r.m.s.Z  Mn(sigma)
Bond distances, non H             4     0.041    3.290      0.013
Bond angles, non H                5     5.329    1.876      2.100
Chiral centres                    1     0.244    2.733      0.089


====== CYCLE  1 ======

 weight = 1.0000e+00
 geom_x = 90.1934577039621
 geom_a = 0
 geom_q = 0
 geom_c = 0.0
f0= 9.0193e+01
using cgsolve in c++, ic=False
diag(geom) min= 158.794514 max= 27252.508515
diag(all) min= 158.794514 max= 27252.508515
Trying gamma equal 0.000000
Convergence reached after 6 iterations with no gamma cycles
min(dx) = -0.1173639218619874
max(dx) = 0.06748938300470818
mean(dx)= -0.017661914943359128
vdws = 0
atoms = 4
pairs = 6
 geom_x = 1.031597381465887
 geom_a = 0
 geom_q = 0
 geom_c = 0.0
f1, 0= 1.0316e+00
                       N restraints  r.m.s.d.  r.m.s.Z  Mn(sigma)
Bond distances, non H             4     0.004    0.360      0.013
Bond angles, non H                5     0.757    0.259      2.100
Chiral centres                    1     0.025    0.275      0.089



====== CYCLE  2 ======

 weight = 1.0000e+00
 geom_x = 1.031597381465887
 geom_a = 0
 geom_q = 0
 geom_c = 0.0
f0= 1.0316e+00
using cgsolve in c++, ic=False
diag(geom) min= 160.559565 max= 28861.217010
diag(all) min= 160.559565 max= 28861.217010
Trying gamma equal 0.000000
Convergence reached after 6 iterations with no gamma cycles
min(dx) = -0.014625540000926529
max(dx) = 0.009872741335747105
mean(dx)= -0.00015720711558231325
vdws = 0
atoms = 4
pairs = 6
 geom_x = 0.06830940479961731
 geom_a = 0
 geom_q = 0
 geom_c = 0.0
f1, 0= 6.8309e-02
                       N restraints  r.m.s.d.  r.m.s.Z  Mn(sigma)
Bond distances, non H             4     0.001    0.078      0.013
Bond angles, non H                5     0.250    0.150      2.100
Chiral centres                    1     0.000    0.004      0.089



====== CYCLE  3 ======

 weight = 1.0000e+00
 geom_x = 0.06830940479961731
 geom_a = 0
 geom_q = 0
 geom_c = 0.0
f0= 6.8309e-02
using cgsolve in c++, ic=False
diag(geom) min= 166.526416 max= 28728.367437
diag(all) min= 166.526416 max= 28728.367437
Trying gamma equal 0.000000
Convergence reached after 6 iterations with no gamma cycles
min(dx) = -0.00036875591598336345
max(dx) = 0.00012714591033860634
mean(dx)= -2.5334550681966e-05
vdws = 0
atoms = 4
pairs = 6
 geom_x = 0.0681759586201447
 geom_a = 0
 geom_q = 0
 geom_c = 0.0
f1, 0= 6.8176e-02
                       N restraints  r.m.s.d.  r.m.s.Z  Mn(sigma)
Bond distances, non H             4     0.001    0.077      0.013
Bond angles, non H                5     0.246    0.150      2.100
Chiral centres                    1     0.001    0.006      0.089



====== CYCLE  4 ======

 weight = 1.0000e+00
 geom_x = 0.0681759586201447
 geom_a = 0
 geom_q = 0
 geom_c = 0.0
f0= 6.8176e-02
using cgsolve in c++, ic=False
diag(geom) min= 166.698459 max= 28724.848051
diag(all) min= 166.698459 max= 28724.848051
Trying gamma equal 0.000000
Convergence reached after 6 iterations with no gamma cycles
min(dx) = -5.660276230157816e-06
max(dx) = 4.31893332471598e-07
mean(dx)= -5.00590893382603e-07
vdws = 0
atoms = 4
pairs = 6
 geom_x = 0.06817595556806305
 geom_a = 0
 geom_q = 0
 geom_c = 0.0
f1, 0= 6.8176e-02
                       N restraints  r.m.s.d.  r.m.s.Z  Mn(sigma)
Bond distances, non H             4     0.001    0.077      0.013
Bond angles, non H                5     0.246    0.150      2.100
Chiral centres                    1     0.001    0.006      0.089



====== CYCLE  5 ======

 weight = 1.0000e+00
 geom_x = 0.06817595556806305
 geom_a = 0
 geom_q = 0
 geom_c = 0.0
f0= 6.8176e-02
using cgsolve in c++, ic=False
diag(geom) min= 166.700734 max= 28724.854187
diag(all) min= 166.700734 max= 28724.854187
Trying gamma equal 0.000000
Convergence reached after 6 iterations with no gamma cycles
min(dx) = -7.928184716299688e-08
max(dx) = 3.768911036027159e-09
mean(dx)= -7.161344077998046e-09
vdws = 0
atoms = 4
pairs = 6
 geom_x = 0.06817595556758363
 geom_a = 0
 geom_q = 0
 geom_c = 0.0
f1, 0= 6.8176e-02
                       N restraints  r.m.s.d.  r.m.s.Z  Mn(sigma)
Bond distances, non H             4     0.001    0.077      0.013
Bond angles, non H                5     0.246    0.150      2.100
Chiral centres                    1     0.001    0.006      0.089



====== CYCLE  6 ======

 weight = 1.0000e+00
 geom_x = 0.06817595556758363
 geom_a = 0
 geom_q = 0
 geom_c = 0.0
f0= 6.8176e-02
using cgsolve in c++, ic=False
diag(geom) min= 166.700765 max= 28724.854451
diag(all) min= 166.700765 max= 28724.854451
Trying gamma equal 0.000000
Convergence reached after 6 iterations with no gamma cycles
min(dx) = -1.092423456009884e-09
max(dx) = 4.669860036627689e-11
mean(dx)= -9.896534411417499e-11
vdws = 0
atoms = 4
pairs = 6
 geom_x = 0.06817595556758091
 geom_a = 0
 geom_q = 0
 geom_c = 0.0
f1, 0= 6.8176e-02
                       N restraints  r.m.s.d.  r.m.s.Z  Mn(sigma)
Bond distances, non H             4     0.001    0.077      0.013
Bond angles, non H                5     0.246    0.150      2.100
Chiral centres                    1     0.001    0.006      0.089



====== CYCLE  7 ======

 weight = 1.0000e+00
 geom_x = 0.06817595556758091
 geom_a = 0
 geom_q = 0
 geom_c = 0.0
f0= 6.8176e-02
using cgsolve in c++, ic=False
diag(geom) min= 166.700766 max= 28724.854455
diag(all) min= 166.700766 max= 28724.854455
Trying gamma equal 0.000000
Convergence reached after 6 iterations with no gamma cycles
min(dx) = -1.5004349693922255e-11
max(dx) = 6.314701493217766e-13
mean(dx)= -1.3599245985038677e-12
vdws = 0
atoms = 4
pairs = 6
 geom_x = 0.0681759555675804
 geom_a = 0
 geom_q = 0
 geom_c = 0.0
f1, 0= 6.8176e-02
                       N restraints  r.m.s.d.  r.m.s.Z  Mn(sigma)
Bond distances, non H             4     0.001    0.077      0.013
Bond angles, non H                5     0.246    0.150      2.100
Chiral centres                    1     0.001    0.006      0.089



====== CYCLE  8 ======

 weight = 1.0000e+00
 geom_x = 0.0681759555675804
 geom_a = 0
 geom_q = 0
 geom_c = 0.0
f0= 6.8176e-02
using cgsolve in c++, ic=False
diag(geom) min= 166.700766 max= 28724.854455
diag(all) min= 166.700766 max= 28724.854455
Trying gamma equal 0.000000
Convergence reached after 6 iterations with no gamma cycles
min(dx) = -2.0608481490450685e-13
max(dx) = 8.492551114973699e-15
mean(dx)= -1.8701000899705573e-14
vdws = 0
atoms = 4
pairs = 6
 geom_x = 0.06817595556758446
 geom_a = 0
 geom_q = 0
 geom_c = 0.0
f1, 0= 6.8176e-02
min(dx) = -1.0304240745225342e-13
max(dx) = 4.246275557486849e-15
mean(dx)= -9.350500449852787e-15
vdws = 0
atoms = 4
pairs = 6
 geom_x = 0.06817595556758727
 geom_a = 0
 geom_q = 0
 geom_c = 0.0
f1, 1= 6.8176e-02
min(dx) = -5.152120372612671e-14
max(dx) = 2.1231377787434247e-15
mean(dx)= -4.675250224926393e-15
vdws = 0
atoms = 4
pairs = 6
 geom_x = 0.0681759555675828
 geom_a = 0
 geom_q = 0
 geom_c = 0.0
f1, 2= 6.8176e-02
WARNING: function not minimised
                       N restraints  r.m.s.d.  r.m.s.Z  Mn(sigma)
Bond distances, non H             4     0.001    0.077      0.013
Bond angles, non H                5     0.246    0.150      2.100
Chiral centres                    1     0.001    0.006      0.089



====== CYCLE  9 ======

 weight = 1.0000e+00
 geom_x = 0.0681759555675828
 geom_a = 0
 geom_q = 0
 geom_c = 0.0
f0= 6.8176e-02
using cgsolve in c++, ic=False
diag(geom) min= 166.700766 max= 28724.854455
diag(all) min= 166.700766 max= 28724.854455
Trying gamma equal 0.000000
Convergence reached after 6 iterations with no gamma cycles
min(dx) = -1.5584204436516698e-13
max(dx) = 6.363186097762985e-15
mean(dx)= -1.4153649625478184e-14
vdws = 0
atoms = 4
pairs = 6
 geom_x = 0.0681759555675835
 geom_a = 0
 geom_q = 0
 geom_c = 0.0
f1, 0= 6.8176e-02
min(dx) = -7.792102218258349e-14
max(dx) = 3.1815930488814926e-15
mean(dx)= -7.076824812739092e-15
vdws = 0
atoms = 4
pairs = 6
 geom_x = 0.06817595556758466
 geom_a = 0
 geom_q = 0
 geom_c = 0.0
f1, 1= 6.8176e-02
min(dx) = -3.8960511091291744e-14
max(dx) = 1.5907965244407463e-15
mean(dx)= -3.538412406369546e-15
vdws = 0
atoms = 4
pairs = 6
 geom_x = 0.06817595556758624
 geom_a = 0
 geom_q = 0
 geom_c = 0.0
f1, 2= 6.8176e-02
WARNING: function not minimised
                       N restraints  r.m.s.d.  r.m.s.Z  Mn(sigma)
Bond distances, non H             4     0.001    0.077      0.013
Bond angles, non H                5     0.246    0.150      2.100
Chiral centres                    1     0.001    0.006      0.089



====== CYCLE 10 ======

 weight = 1.0000e+00
 geom_x = 0.06817595556758624
 geom_a = 0
 geom_q = 0
 geom_c = 0.0
f0= 6.8176e-02
using cgsolve in c++, ic=False
diag(geom) min= 166.700766 max= 28724.854455
diag(all) min= 166.700766 max= 28724.854455
Trying gamma equal 0.000000
Convergence reached after 6 iterations with no gamma cycles
min(dx) = -1.1772130369784867e-13
max(dx) = 4.788389576802124e-15
mean(dx)= -1.0711117801433409e-14
vdws = 0
atoms = 4
pairs = 6
 geom_x = 0.06817595556758335
 geom_a = 0
 geom_q = 0
 geom_c = 0.0
f1, 0= 6.8176e-02
                       N restraints  r.m.s.d.  r.m.s.Z  Mn(sigma)
Bond distances, non H             4     0.001    0.077      0.013
Bond angles, non H                5     0.246    0.150      2.100
Chiral centres                    1     0.001    0.006      0.089


$TABLE: stats vs cycle :
$GRAPHS
: Geometry :A:1,4,2:
: Geometry Z :A:1,5,3:
$$
 Ncyc  rmsBOND  zBOND  rmsANGL  zANGL
$$
$$
    0   0.0412 3.2903   5.3287 1.8758
    1   0.0038 0.3604   0.7571 0.2593
    2   0.0009 0.0775   0.2498 0.1499
    3   0.0009 0.0770   0.2461 0.1497
    4   0.0009 0.0770   0.2460 0.1497
    5   0.0009 0.0770   0.2460 0.1497
    6   0.0009 0.0770   0.2460 0.1497
    7   0.0009 0.0770   0.2460 0.1497
    8   0.0009 0.0770   0.2460 0.1497
    9   0.0009 0.0770   0.2460 0.1497
   10   0.0009 0.0770   0.2460 0.1497
$$

Running 30 cycles with wchir=1 wvdw=2 without hydrogen
Geometry weights
vdws = 0
atoms = 4
pairs = 6
                       N restraints  r.m.s.d.  r.m.s.Z  Mn(sigma)
Bond distances, non H             4     0.001    0.077      0.013
Bond angles, non H                5     0.246    0.150      2.100
Chiral centres                    1     0.001    0.006      0.089


====== CYCLE  1 ======

 weight = 1.0000e+00
 geom_x = 0.06789327195583032
 geom_a = 0
 geom_q = 0
 geom_c = 0.0
f0= 6.7893e-02
using cgsolve in c++, ic=False
diag(geom) min= 158.209387 max= 13929.798902
diag(all) min= 158.209387 max= 13929.798902
Trying gamma equal 0.000000
Convergence reached after 6 iterations with no gamma cycles
min(dx) = -0.0007314704125762529
max(dx) = 0.0014968657163708559
mean(dx)= 6.419814025308254e-05
vdws = 0
atoms = 4
pairs = 6
 geom_x = 0.06586104033443729
 geom_a = 0
 geom_q = 0
 geom_c = 0.0
f1, 0= 6.5861e-02
                       N restraints  r.m.s.d.  r.m.s.Z  Mn(sigma)
Bond distances, non H             4     0.001    0.076      0.013
Bond angles, non H                5     0.225    0.146      2.100
Chiral centres                    1     0.004    0.050      0.089



====== CYCLE  2 ======

 weight = 1.0000e+00
 geom_x = 0.06586104033443729
 geom_a = 0
 geom_q = 0
 geom_c = 0.0
f0= 6.5861e-02
using cgsolve in c++, ic=False
diag(geom) min= 158.115259 max= 13930.546833
diag(all) min= 158.115259 max= 13930.546833
Trying gamma equal 0.000000
Convergence reached after 6 iterations with no gamma cycles
min(dx) = -4.642119371964684e-06
max(dx) = 2.538132151999904e-06
mean(dx)= -3.571573007337576e-07
vdws = 0
atoms = 4
pairs = 6
 geom_x = 0.06586102743469531
 geom_a = 0
 geom_q = 0
 geom_c = 0.0
f1, 0= 6.5861e-02
                       N restraints  r.m.s.d.  r.m.s.Z  Mn(sigma)
Bond distances, non H             4     0.001    0.076      0.013
Bond angles, non H                5     0.225    0.146      2.100
Chiral centres                    1     0.004    0.050      0.089



====== CYCLE  3 ======

 weight = 1.0000e+00
 geom_x = 0.06586102743469531
 geom_a = 0
 geom_q = 0
 geom_c = 0.0
f0= 6.5861e-02
using cgsolve in c++, ic=False
diag(geom) min= 158.116886 max= 13930.548248
diag(all) min= 158.116886 max= 13930.548248
Trying gamma equal 0.000000
Convergence reached after 6 iterations with no gamma cycles
min(dx) = -3.169591564646579e-08
max(dx) = 7.716491085747068e-09
mean(dx)= -2.7218512145225425e-09
vdws = 0
atoms = 4
pairs = 6
 geom_x = 0.06586102743457271
 geom_a = 0
 geom_q = 0
 geom_c = 0.0
f1, 0= 6.5861e-02
                       N restraints  r.m.s.d.  r.m.s.Z  Mn(sigma)
Bond distances, non H             4     0.001    0.076      0.013
Bond angles, non H                5     0.225    0.146      2.100
Chiral centres                    1     0.004    0.050      0.089



====== CYCLE  4 ======

 weight = 1.0000e+00
 geom_x = 0.06586102743457271
 geom_a = 0
 geom_q = 0
 geom_c = 0.0
f0= 6.5861e-02
using cgsolve in c++, ic=False
diag(geom) min= 158.116899 max= 13930.548249
diag(all) min= 158.116899 max= 13930.548249
Trying gamma equal 0.000000
Convergence reached after 6 iterations with no gamma cycles
min(dx) = -2.323992560234389e-10
max(dx) = 2.409647187173031e-11
mean(dx)= -2.1046566563825795e-11
vdws = 0
atoms = 4
pairs = 6
 geom_x = 0.06586102743457081
 geom_a = 0
 geom_q = 0
 geom_c = 0.0
f1, 0= 6.5861e-02
                       N restraints  r.m.s.d.  r.m.s.Z  Mn(sigma)
Bond distances, non H             4     0.001    0.076      0.013
Bond angles, non H                5     0.225    0.146      2.100
Chiral centres                    1     0.004    0.050      0.089



====== CYCLE  5 ======

 weight = 1.0000e+00
 geom_x = 0.06586102743457081
 geom_a = 0
 geom_q = 0
 geom_c = 0.0
f0= 6.5861e-02
using cgsolve in c++, ic=False
diag(geom) min= 158.116899 max= 13930.548249
diag(all) min= 158.116899 max= 13930.548249
Trying gamma equal 0.000000
Convergence reached after 6 iterations with no gamma cycles
min(dx) = -1.6652746988789612e-12
max(dx) = 1.0383117299287422e-13
mean(dx)= -1.525983823211817e-13
vdws = 0
atoms = 4
pairs = 6
 geom_x = 0.06586102743456954
 geom_a = 0
 geom_q = 0
 geom_c = 0.0
f1, 0= 6.5861e-02
                       N restraints  r.m.s.d.  r.m.s.Z  Mn(sigma)
Bond distances, non H             4     0.001    0.076      0.013
Bond angles, non H                5     0.225    0.146      2.100
Chiral centres                    1     0.004    0.050      0.089



====== CYCLE  6 ======

 weight = 1.0000e+00
 geom_x = 0.06586102743456954
 geom_a = 0
 geom_q = 0
 geom_c = 0.0
f0= 6.5861e-02
using cgsolve in c++, ic=False
diag(geom) min= 158.116899 max= 13930.548249
diag(all) min= 158.116899 max= 13930.548249
Trying gamma equal 0.000000
Not converging with gamma equal 0.000000
Trying gamma equal 0.052500
Gamma decreased to 0.042000
min(dx) = -1.0825949561293124e-14
max(dx) = 4.866563196262843e-16
mean(dx)= -9.980175032300062e-16
vdws = 0
atoms = 4
pairs = 6
 geom_x = 0.06586102743456827
 geom_a = 0
 geom_q = 0
 geom_c = 0.0
f1, 0= 6.5861e-02
                       N restraints  r.m.s.d.  r.m.s.Z  Mn(sigma)
Bond distances, non H             4     0.001    0.076      0.013
Bond angles, non H                5     0.225    0.146      2.100
Chiral centres                    1     0.004    0.050      0.089



====== CYCLE  7 ======

 weight = 1.0000e+00
 geom_x = 0.06586102743456827
 geom_a = 0
 geom_q = 0
 geom_c = 0.0
f0= 6.5861e-02
using cgsolve in c++, ic=False
diag(geom) min= 158.116899 max= 13930.548249
diag(all) min= 158.116899 max= 13930.548249
Trying gamma equal 0.042000
Convergence reached after 7 iterations with no gamma cycles
min(dx) = -5.885256999709085e-16
max(dx) = 1.9102793516890552e-16
mean(dx)= -5.757897042514882e-17
vdws = 0
atoms = 4
pairs = 6
 geom_x = 0.06586102743457352
 geom_a = 0
 geom_q = 0
 geom_c = 0.0
f1, 0= 6.5861e-02
min(dx) = -2.9426284998545425e-16
max(dx) = 9.551396758445276e-17
mean(dx)= -2.878948521257441e-17
vdws = 0
atoms = 4
pairs = 6
 geom_x = 0.06586102743457357
 geom_a = 0
 geom_q = 0
 geom_c = 0.0
f1, 1= 6.5861e-02
min(dx) = -1.4713142499272712e-16
max(dx) = 4.775698379222638e-17
mean(dx)= -1.4394742606287206e-17
vdws = 0
atoms = 4
pairs = 6
 geom_x = 0.06586102743457291
 geom_a = 0
 geom_q = 0
 geom_c = 0.0
f1, 2= 6.5861e-02
WARNING: function not minimised
                       N restraints  r.m.s.d.  r.m.s.Z  Mn(sigma)
Bond distances, non H             4     0.001    0.076      0.013
Bond angles, non H                5     0.225    0.146      2.100
Chiral centres                    1     0.004    0.050      0.089



====== CYCLE  8 ======

 weight = 1.0000e+00
 geom_x = 0.06586102743457291
 geom_a = 0
 geom_q = 0
 geom_c = 0.0
f0= 6.5861e-02
using cgsolve in c++, ic=False
diag(geom) min= 158.116899 max= 13930.548249
diag(all) min= 158.116899 max= 13930.548249
Trying gamma equal 0.042000
Convergence reached after 7 iterations with no gamma cycles
min(dx) = -1.065994496519882e-15
max(dx) = 1.6877128403833415e-16
mean(dx)= -1.0085876099607638e-16
vdws = 0
atoms = 4
pairs = 6
 geom_x = 0.06586102743456906
 geom_a = 0
 geom_q = 0
 geom_c = 0.0
f1, 0= 6.5861e-02
                       N restraints  r.m.s.d.  r.m.s.Z  Mn(sigma)
Bond distances, non H             4     0.001    0.076      0.013
Bond angles, non H                5     0.225    0.146      2.100
Chiral centres                    1     0.004    0.050      0.089



====== CYCLE  9 ======

 weight = 1.0000e+00
 geom_x = 0.06586102743456906
 geom_a = 0
 geom_q = 0
 geom_c = 0.0
f0= 6.5861e-02
using cgsolve in c++, ic=False
diag(geom) min= 158.116899 max= 13930.548249
diag(all) min= 158.116899 max= 13930.548249
Trying gamma equal 0.042000
Convergence reached after 7 iterations with no gamma cycles
min(dx) = -1.3627261177521123e-16
max(dx) = 2.9155707813608875e-16
mean(dx)= 2.9955637028090304e-17
vdws = 0
atoms = 4
pairs = 6
 geom_x = 0.06586102743457231
 geom_a = 0
 geom_q = 0
 geom_c = 0.0
f1, 0= 6.5861e-02
min(dx) = -6.813630588760562e-17
max(dx) = 1.4577853906804438e-16
mean(dx)= 1.4977818514045152e-17
vdws = 0
atoms = 4
pairs = 6
 geom_x = 0.06586102743457345
 geom_a = 0
 geom_q = 0
 geom_c = 0.0
f1, 1= 6.5861e-02
min(dx) = -3.406815294380281e-17
max(dx) = 7.288926953402219e-17
mean(dx)= 7.488909257022576e-18
vdws = 0
atoms = 4
pairs = 6
 geom_x = 0.06586102743456657
 geom_a = 0
 geom_q = 0
 geom_c = 0.0
f1, 2= 6.5861e-02
                       N restraints  r.m.s.d.  r.m.s.Z  Mn(sigma)
Bond distances, non H             4     0.001    0.076      0.013
Bond angles, non H                5     0.225    0.146      2.100
Chiral centres                    1     0.004    0.050      0.089



====== CYCLE 10 ======

 weight = 1.0000e+00
 geom_x = 0.06586102743456657
 geom_a = 0
 geom_q = 0
 geom_c = 0.0
f0= 6.5861e-02
using cgsolve in c++, ic=False
diag(geom) min= 158.116899 max= 13930.548249
diag(all) min= 158.116899 max= 13930.548249
Trying gamma equal 0.042000
Convergence reached after 7 iterations with no gamma cycles
min(dx) = -1.3626532439299105e-16
max(dx) = 2.654694730271376e-16
mean(dx)= 2.950033730031762e-17
vdws = 0
atoms = 4
pairs = 6
 geom_x = 0.06586102743457231
 geom_a = 0
 geom_q = 0
 geom_c = 0.0
f1, 0= 6.5861e-02
min(dx) = -6.813266219649553e-17
max(dx) = 1.327347365135688e-16
mean(dx)= 1.475016865015881e-17
vdws = 0
atoms = 4
pairs = 6
 geom_x = 0.06586102743457345
 geom_a = 0
 geom_q = 0
 geom_c = 0.0
f1, 1= 6.5861e-02
min(dx) = -3.4066331098247764e-17
max(dx) = 6.63673682567844e-17
mean(dx)= 7.375084325079406e-18
vdws = 0
atoms = 4
pairs = 6
 geom_x = 0.0658610274345728
 geom_a = 0
 geom_q = 0
 geom_c = 0.0
f1, 2= 6.5861e-02
WARNING: function not minimised
                       N restraints  r.m.s.d.  r.m.s.Z  Mn(sigma)
Bond distances, non H             4     0.001    0.076      0.013
Bond angles, non H                5     0.225    0.146      2.100
Chiral centres                    1     0.004    0.050      0.089



====== CYCLE 11 ======

 weight = 1.0000e+00
 geom_x = 0.0658610274345728
 geom_a = 0
 geom_q = 0
 geom_c = 0.0
f0= 6.5861e-02
using cgsolve in c++, ic=False
diag(geom) min= 158.116899 max= 13930.548249
diag(all) min= 158.116899 max= 13930.548249
Trying gamma equal 0.042000
Convergence reached after 7 iterations with no gamma cycles
min(dx) = -3.5865437532326304e-16
max(dx) = 9.955524304312131e-17
mean(dx)= -2.5840561531636364e-17
vdws = 0
atoms = 4
pairs = 6
 geom_x = 0.06586102743457214
 geom_a = 0
 geom_q = 0
 geom_c = 0.0
f1, 0= 6.5861e-02
                       N restraints  r.m.s.d.  r.m.s.Z  Mn(sigma)
Bond distances, non H             4     0.001    0.076      0.013
Bond angles, non H                5     0.225    0.146      2.100
Chiral centres                    1     0.004    0.050      0.089



====== CYCLE 12 ======

 weight = 1.0000e+00
 geom_x = 0.06586102743457214
 geom_a = 0
 geom_q = 0
 geom_c = 0.0
f0= 6.5861e-02
using cgsolve in c++, ic=False
diag(geom) min= 158.116899 max= 13930.548249
diag(all) min= 158.116899 max= 13930.548249
Trying gamma equal 0.042000
Convergence reached after 7 iterations with no gamma cycles
min(dx) = -1.8623434045030372e-16
max(dx) = 9.164557116711089e-17
mean(dx)= -5.901030500528966e-18
vdws = 0
atoms = 4
pairs = 6
 geom_x = 0.06586102743457492
 geom_a = 0
 geom_q = 0
 geom_c = 0.0
f1, 0= 6.5861e-02
min(dx) = -9.311717022515186e-17
max(dx) = 4.5822785583555444e-17
mean(dx)= -2.950515250264483e-18
vdws = 0
atoms = 4
pairs = 6
 geom_x = 0.06586102743457203
 geom_a = 0
 geom_q = 0
 geom_c = 0.0
f1, 1= 6.5861e-02
                       N restraints  r.m.s.d.  r.m.s.Z  Mn(sigma)
Bond distances, non H             4     0.001    0.076      0.013
Bond angles, non H                5     0.225    0.146      2.100
Chiral centres                    1     0.004    0.050      0.089



====== CYCLE 13 ======

 weight = 1.0000e+00
 geom_x = 0.06586102743457203
 geom_a = 0
 geom_q = 0
 geom_c = 0.0
f0= 6.5861e-02
using cgsolve in c++, ic=False
diag(geom) min= 158.116899 max= 13930.548249
diag(all) min= 158.116899 max= 13930.548249
Trying gamma equal 0.042000
Convergence reached after 7 iterations with no gamma cycles
min(dx) = -8.487387917540465e-17
max(dx) = 6.151106493418194e-17
mean(dx)= -4.855809553331245e-18
vdws = 0
atoms = 4
pairs = 6
 geom_x = 0.06586102743457484
 geom_a = 0
 geom_q = 0
 geom_c = 0.0
f1, 0= 6.5861e-02
min(dx) = -4.2436939587702324e-17
max(dx) = 3.075553246709097e-17
mean(dx)= -2.4279047766656225e-18
vdws = 0
atoms = 4
pairs = 6
 geom_x = 0.0658610274345724
 geom_a = 0
 geom_q = 0
 geom_c = 0.0
f1, 1= 6.5861e-02
min(dx) = -2.1218469793851162e-17
max(dx) = 1.5377766233545485e-17
mean(dx)= -1.2139523883328113e-18
vdws = 0
atoms = 4
pairs = 6
 geom_x = 0.0658610274345724
 geom_a = 0
 geom_q = 0
 geom_c = 0.0
f1, 2= 6.5861e-02
WARNING: function not minimised
                       N restraints  r.m.s.d.  r.m.s.Z  Mn(sigma)
Bond distances, non H             4     0.001    0.076      0.013
Bond angles, non H                5     0.225    0.146      2.100
Chiral centres                    1     0.004    0.050      0.089



====== CYCLE 14 ======

 weight = 1.0000e+00
 geom_x = 0.0658610274345724
 geom_a = 0
 geom_q = 0
 geom_c = 0.0
f0= 6.5861e-02
using cgsolve in c++, ic=False
diag(geom) min= 158.116899 max= 13930.548249
diag(all) min= 158.116899 max= 13930.548249
Trying gamma equal 0.042000
Convergence reached after 7 iterations with no gamma cycles
min(dx) = -1.7528689827874436e-16
max(dx) = 7.312938556664957e-17
mean(dx)= -9.703953737409534e-18
vdws = 0
atoms = 4
pairs = 6
 geom_x = 0.06586102743457528
 geom_a = 0
 geom_q = 0
 geom_c = 0.0
f1, 0= 6.5861e-02
min(dx) = -8.764344913937218e-17
max(dx) = 3.656469278332478e-17
mean(dx)= -4.851976868704767e-18
vdws = 0
atoms = 4
pairs = 6
 geom_x = 0.06586102743457259
 geom_a = 0
 geom_q = 0
 geom_c = 0.0
f1, 1= 6.5861e-02
min(dx) = -4.382172456968609e-17
max(dx) = 1.828234639166239e-17
mean(dx)= -2.4259884343523835e-18
vdws = 0
atoms = 4
pairs = 6
 geom_x = 0.06586102743457259
 geom_a = 0
 geom_q = 0
 geom_c = 0.0
f1, 2= 6.5861e-02
WARNING: function not minimised
                       N restraints  r.m.s.d.  r.m.s.Z  Mn(sigma)
Bond distances, non H             4     0.001    0.076      0.013
Bond angles, non H                5     0.225    0.146      2.100
Chiral centres                    1     0.004    0.050      0.089



====== CYCLE 15 ======

 weight = 1.0000e+00
 geom_x = 0.06586102743457259
 geom_a = 0
 geom_q = 0
 geom_c = 0.0
f0= 6.5861e-02
using cgsolve in c++, ic=False
diag(geom) min= 158.116899 max= 13930.548249
diag(all) min= 158.116899 max= 13930.548249
Trying gamma equal 0.042000
Convergence reached after 7 iterations with no gamma cycles
min(dx) = -3.367232900949092e-17
max(dx) = 4.589608528681581e-16
mean(dx)= 5.303347785443628e-17
vdws = 0
atoms = 4
pairs = 6
 geom_x = 0.06586102743457456
 geom_a = 0
 geom_q = 0
 geom_c = 0.0
f1, 0= 6.5861e-02
min(dx) = -1.683616450474546e-17
max(dx) = 2.2948042643407907e-16
mean(dx)= 2.651673892721814e-17
vdws = 0
atoms = 4
pairs = 6
 geom_x = 0.0658610274345724
 geom_a = 0
 geom_q = 0
 geom_c = 0.0
f1, 1= 6.5861e-02
                       N restraints  r.m.s.d.  r.m.s.Z  Mn(sigma)
Bond distances, non H             4     0.001    0.076      0.013
Bond angles, non H                5     0.225    0.146      2.100
Chiral centres                    1     0.004    0.050      0.089



====== CYCLE 16 ======

 weight = 1.0000e+00
 geom_x = 0.0658610274345724
 geom_a = 0
 geom_q = 0
 geom_c = 0.0
f0= 6.5861e-02
using cgsolve in c++, ic=False
diag(geom) min= 158.116899 max= 13930.548249
diag(all) min= 158.116899 max= 13930.548249
Trying gamma equal 0.042000
Convergence reached after 7 iterations with no gamma cycles
min(dx) = -1.7380464712005738e-16
max(dx) = 7.330990970441007e-17
mean(dx)= -9.429125940214518e-18
vdws = 0
atoms = 4
pairs = 6
 geom_x = 0.06586102743457353
 geom_a = 0
 geom_q = 0
 geom_c = 0.0
f1, 0= 6.5861e-02
min(dx) = -8.690232356002869e-17
max(dx) = 3.665495485220503e-17
mean(dx)= -4.714562970107259e-18
vdws = 0
atoms = 4
pairs = 6
 geom_x = 0.0658610274345724
 geom_a = 0
 geom_q = 0
 geom_c = 0.0
f1, 1= 6.5861e-02
min(dx) = -4.3451161780014346e-17
max(dx) = 1.8327477426102516e-17
mean(dx)= -2.3572814850536296e-18
vdws = 0
atoms = 4
pairs = 6
 geom_x = 0.0658610274345735
 geom_a = 0
 geom_q = 0
 geom_c = 0.0
f1, 2= 6.5861e-02
WARNING: function not minimised
                       N restraints  r.m.s.d.  r.m.s.Z  Mn(sigma)
Bond distances, non H             4     0.001    0.076      0.013
Bond angles, non H                5     0.225    0.146      2.100
Chiral centres                    1     0.004    0.050      0.089



====== CYCLE 17 ======

 weight = 1.0000e+00
 geom_x = 0.0658610274345735
 geom_a = 0
 geom_q = 0
 geom_c = 0.0
f0= 6.5861e-02
using cgsolve in c++, ic=False
diag(geom) min= 158.116899 max= 13930.548249
diag(all) min= 158.116899 max= 13930.548249
Trying gamma equal 0.042000
Convergence reached after 7 iterations with no gamma cycles
min(dx) = -1.4818487710431354e-16
max(dx) = 8.183916874724492e-17
mean(dx)= -6.213841585350762e-18
vdws = 0
atoms = 4
pairs = 6
 geom_x = 0.06586102743457409
 geom_a = 0
 geom_q = 0
 geom_c = 0.0
f1, 0= 6.5861e-02
min(dx) = -7.409243855215677e-17
max(dx) = 4.091958437362246e-17
mean(dx)= -3.106920792675381e-18
vdws = 0
atoms = 4
pairs = 6
 geom_x = 0.0658610274345737
 geom_a = 0
 geom_q = 0
 geom_c = 0.0
f1, 1= 6.5861e-02
min(dx) = -3.7046219276078385e-17
max(dx) = 2.045979218681123e-17
mean(dx)= -1.5534603963376906e-18
vdws = 0
atoms = 4
pairs = 6
 geom_x = 0.0658610274345724
 geom_a = 0
 geom_q = 0
 geom_c = 0.0
f1, 2= 6.5861e-02
                       N restraints  r.m.s.d.  r.m.s.Z  Mn(sigma)
Bond distances, non H             4     0.001    0.076      0.013
Bond angles, non H                5     0.225    0.146      2.100
Chiral centres                    1     0.004    0.050      0.089



====== CYCLE 18 ======

 weight = 1.0000e+00
 geom_x = 0.0658610274345724
 geom_a = 0
 geom_q = 0
 geom_c = 0.0
f0= 6.5861e-02
using cgsolve in c++, ic=False
diag(geom) min= 158.116899 max= 13930.548249
diag(all) min= 158.116899 max= 13930.548249
Trying gamma equal 0.042000
Convergence reached after 7 iterations with no gamma cycles
min(dx) = -1.6285283508940516e-16
max(dx) = 7.45991904507084e-17
mean(dx)= -9.271528177505637e-18
vdws = 0
atoms = 4
pairs = 6
 geom_x = 0.06586102743457371
 geom_a = 0
 geom_q = 0
 geom_c = 0.0
f1, 0= 6.5861e-02
min(dx) = -8.142641754470258e-17
max(dx) = 3.72995952253542e-17
mean(dx)= -4.635764088752819e-18
vdws = 0
atoms = 4
pairs = 6
 geom_x = 0.06586102743457203
 geom_a = 0
 geom_q = 0
 geom_c = 0.0
f1, 1= 6.5861e-02
                       N restraints  r.m.s.d.  r.m.s.Z  Mn(sigma)
Bond distances, non H             4     0.001    0.076      0.013
Bond angles, non H                5     0.225    0.146      2.100
Chiral centres                    1     0.004    0.050      0.089



====== CYCLE 19 ======

 weight = 1.0000e+00
 geom_x = 0.06586102743457203
 geom_a = 0
 geom_q = 0
 geom_c = 0.0
f0= 6.5861e-02
using cgsolve in c++, ic=False
diag(geom) min= 158.116899 max= 13930.548249
diag(all) min= 158.116899 max= 13930.548249
Trying gamma equal 0.042000
Convergence reached after 7 iterations with no gamma cycles
min(dx) = -8.379951004284997e-17
max(dx) = 7.191141109048964e-17
mean(dx)= -4.652436396073618e-18
vdws = 0
atoms = 4
pairs = 6
 geom_x = 0.06586102743457092
 geom_a = 0
 geom_q = 0
 geom_c = 0.0
f1, 0= 6.5861e-02
                       N restraints  r.m.s.d.  r.m.s.Z  Mn(sigma)
Bond distances, non H             4     0.001    0.076      0.013
Bond angles, non H                5     0.225    0.146      2.100
Chiral centres                    1     0.004    0.050      0.089



====== CYCLE 20 ======

 weight = 1.0000e+00
 geom_x = 0.06586102743457092
 geom_a = 0
 geom_q = 0
 geom_c = 0.0
f0= 6.5861e-02
using cgsolve in c++, ic=False
diag(geom) min= 158.116899 max= 13930.548249
diag(all) min= 158.116899 max= 13930.548249
Trying gamma equal 0.042000
Convergence reached after 7 iterations with no gamma cycles
min(dx) = -1.4028082514501182e-16
max(dx) = 1.8382471156918578e-16
mean(dx)= 2.4519591509393654e-17
vdws = 0
atoms = 4
pairs = 6
 geom_x = 0.06586102743457053
 geom_a = 0
 geom_q = 0
 geom_c = 0.0
f1, 0= 6.5861e-02
                       N restraints  r.m.s.d.  r.m.s.Z  Mn(sigma)
Bond distances, non H             4     0.001    0.076      0.013
Bond angles, non H                5     0.225    0.146      2.100
Chiral centres                    1     0.004    0.050      0.089



====== CYCLE 21 ======

 weight = 1.0000e+00
 geom_x = 0.06586102743457053
 geom_a = 0
 geom_q = 0
 geom_c = 0.0
f0= 6.5861e-02
using cgsolve in c++, ic=False
diag(geom) min= 158.116899 max= 13930.548249
diag(all) min= 158.116899 max= 13930.548249
Trying gamma equal 0.042000
Convergence reached after 7 iterations with no gamma cycles
min(dx) = -1.2235271611461114e-16
max(dx) = 1.3794744260556105e-16
mean(dx)= 8.968133340861583e-18
vdws = 0
atoms = 4
pairs = 6
 geom_x = 0.06586102743457342
 geom_a = 0
 geom_q = 0
 geom_c = 0.0
f1, 0= 6.5861e-02
min(dx) = -6.117635805730557e-17
max(dx) = 6.897372130278052e-17
mean(dx)= 4.484066670430792e-18
vdws = 0
atoms = 4
pairs = 6
 geom_x = 0.06586102743456805
 geom_a = 0
 geom_q = 0
 geom_c = 0.0
f1, 1= 6.5861e-02
                       N restraints  r.m.s.d.  r.m.s.Z  Mn(sigma)
Bond distances, non H             4     0.001    0.076      0.013
Bond angles, non H                5     0.225    0.146      2.100
Chiral centres                    1     0.004    0.050      0.089



====== CYCLE 22 ======

 weight = 1.0000e+00
 geom_x = 0.06586102743456805
 geom_a = 0
 geom_q = 0
 geom_c = 0.0
f0= 6.5861e-02
using cgsolve in c++, ic=False
diag(geom) min= 158.116899 max= 13930.548249
diag(all) min= 158.116899 max= 13930.548249
Trying gamma equal 0.042000
Convergence reached after 7 iterations with no gamma cycles
min(dx) = -1.1366425640620097e-16
max(dx) = 1.224163536110285e-16
mean(dx)= 8.318172297517377e-18
vdws = 0
atoms = 4
pairs = 6
 geom_x = 0.065861027434575
 geom_a = 0
 geom_q = 0
 geom_c = 0.0
f1, 0= 6.5861e-02
min(dx) = -5.683212820310049e-17
max(dx) = 6.120817680551426e-17
mean(dx)= 4.159086148758688e-18
vdws = 0
atoms = 4
pairs = 6
 geom_x = 0.06586102743456825
 geom_a = 0
 geom_q = 0
 geom_c = 0.0
f1, 1= 6.5861e-02
min(dx) = -2.841606410155024e-17
max(dx) = 3.060408840275713e-17
mean(dx)= 2.079543074379344e-18
vdws = 0
atoms = 4
pairs = 6
 geom_x = 0.06586102743456805
 geom_a = 0
 geom_q = 0
 geom_c = 0.0
f1, 2= 6.5861e-02
WARNING: function not minimised
                       N restraints  r.m.s.d.  r.m.s.Z  Mn(sigma)
Bond distances, non H             4     0.001    0.076      0.013
Bond angles, non H                5     0.225    0.146      2.100
Chiral centres                    1     0.004    0.050      0.089



====== CYCLE 23 ======

 weight = 1.0000e+00
 geom_x = 0.06586102743456805
 geom_a = 0
 geom_q = 0
 geom_c = 0.0
f0= 6.5861e-02
using cgsolve in c++, ic=False
diag(geom) min= 158.116899 max= 13930.548249
diag(all) min= 158.116899 max= 13930.548249
Trying gamma equal 0.042000
Convergence reached after 7 iterations with no gamma cycles
min(dx) = -1.1368891584298175e-16
max(dx) = 1.224678115096574e-16
mean(dx)= 8.210049514795445e-18
vdws = 0
atoms = 4
pairs = 6
 geom_x = 0.06586102743456829
 geom_a = 0
 geom_q = 0
 geom_c = 0.0
f1, 0= 6.5861e-02
min(dx) = -5.684445792149087e-17
max(dx) = 6.12339057548287e-17
mean(dx)= 4.1050247573977226e-18
vdws = 0
atoms = 4
pairs = 6
 geom_x = 0.06586102743457094
 geom_a = 0
 geom_q = 0
 geom_c = 0.0
f1, 1= 6.5861e-02
min(dx) = -2.8422228960745436e-17
max(dx) = 3.061695287741435e-17
mean(dx)= 2.0525123786988613e-18
vdws = 0
atoms = 4
pairs = 6
 geom_x = 0.06586102743456805
 geom_a = 0
 geom_q = 0
 geom_c = 0.0
f1, 2= 6.5861e-02
WARNING: function not minimised
                       N restraints  r.m.s.d.  r.m.s.Z  Mn(sigma)
Bond distances, non H             4     0.001    0.076      0.013
Bond angles, non H                5     0.225    0.146      2.100
Chiral centres                    1     0.004    0.050      0.089



====== CYCLE 24 ======

 weight = 1.0000e+00
 geom_x = 0.06586102743456805
 geom_a = 0
 geom_q = 0
 geom_c = 0.0
f0= 6.5861e-02
using cgsolve in c++, ic=False
diag(geom) min= 158.116899 max= 13930.548249
diag(all) min= 158.116899 max= 13930.548249
Trying gamma equal 0.042000
Convergence reached after 7 iterations with no gamma cycles
min(dx) = -1.1368891584298175e-16
max(dx) = 1.224678115096574e-16
mean(dx)= 8.210049514795445e-18
vdws = 0
atoms = 4
pairs = 6
 geom_x = 0.06586102743456829
 geom_a = 0
 geom_q = 0
 geom_c = 0.0
f1, 0= 6.5861e-02
min(dx) = -5.684445792149087e-17
max(dx) = 6.12339057548287e-17
mean(dx)= 4.1050247573977226e-18
vdws = 0
atoms = 4
pairs = 6
 geom_x = 0.06586102743457094
 geom_a = 0
 geom_q = 0
 geom_c = 0.0
f1, 1= 6.5861e-02
min(dx) = -2.8422228960745436e-17
max(dx) = 3.061695287741435e-17
mean(dx)= 2.0525123786988613e-18
vdws = 0
atoms = 4
pairs = 6
 geom_x = 0.06586102743457094
 geom_a = 0
 geom_q = 0
 geom_c = 0.0
f1, 2= 6.5861e-02
WARNING: function not minimised
                       N restraints  r.m.s.d.  r.m.s.Z  Mn(sigma)
Bond distances, non H             4     0.001    0.076      0.013
Bond angles, non H                5     0.225    0.146      2.100
Chiral centres                    1     0.004    0.050      0.089



====== CYCLE 25 ======

 weight = 1.0000e+00
 geom_x = 0.06586102743457094
 geom_a = 0
 geom_q = 0
 geom_c = 0.0
f0= 6.5861e-02
using cgsolve in c++, ic=False
diag(geom) min= 158.116899 max= 13930.548249
diag(all) min= 158.116899 max= 13930.548249
Trying gamma equal 0.042000
Convergence reached after 7 iterations with no gamma cycles
min(dx) = -4.573585853298342e-17
max(dx) = 5.376345286251983e-16
mean(dx)= 6.059232256149897e-17
vdws = 0
atoms = 4
pairs = 6
 geom_x = 0.06586102743457072
 geom_a = 0
 geom_q = 0
 geom_c = 0.0
f1, 0= 6.5861e-02
                       N restraints  r.m.s.d.  r.m.s.Z  Mn(sigma)
Bond distances, non H             4     0.001    0.076      0.013
Bond angles, non H                5     0.225    0.146      2.100
Chiral centres                    1     0.004    0.050      0.089



====== CYCLE 26 ======

 weight = 1.0000e+00
 geom_x = 0.06586102743457072
 geom_a = 0
 geom_q = 0
 geom_c = 0.0
f0= 6.5861e-02
using cgsolve in c++, ic=False
diag(geom) min= 158.116899 max= 13930.548249
diag(all) min= 158.116899 max= 13930.548249
Trying gamma equal 0.042000
Convergence reached after 7 iterations with no gamma cycles
min(dx) = -6.267147686404332e-16
max(dx) = 1.3286200562217488e-16
mean(dx)= -6.636604128097625e-17
vdws = 0
atoms = 4
pairs = 6
 geom_x = 0.06586102743457259
 geom_a = 0
 geom_q = 0
 geom_c = 0.0
f1, 0= 6.5861e-02
min(dx) = -3.133573843202166e-16
max(dx) = 6.643100281108744e-17
mean(dx)= -3.318302064048813e-17
vdws = 0
atoms = 4
pairs = 6
 geom_x = 0.06586102743457187
 geom_a = 0
 geom_q = 0
 geom_c = 0.0
f1, 1= 6.5861e-02
min(dx) = -1.566786921601083e-16
max(dx) = 3.321550140554372e-17
mean(dx)= -1.6591510320244064e-17
vdws = 0
atoms = 4
pairs = 6
 geom_x = 0.06586102743457212
 geom_a = 0
 geom_q = 0
 geom_c = 0.0
f1, 2= 6.5861e-02
WARNING: function not minimised
                       N restraints  r.m.s.d.  r.m.s.Z  Mn(sigma)
Bond distances, non H             4     0.001    0.076      0.013
Bond angles, non H                5     0.225    0.146      2.100
Chiral centres                    1     0.004    0.050      0.089



====== CYCLE 27 ======

 weight = 1.0000e+00
 geom_x = 0.06586102743457212
 geom_a = 0
 geom_q = 0
 geom_c = 0.0
f0= 6.5861e-02
using cgsolve in c++, ic=False
diag(geom) min= 158.116899 max= 13930.548249
diag(all) min= 158.116899 max= 13930.548249
Trying gamma equal 0.042000
Convergence reached after 7 iterations with no gamma cycles
min(dx) = -1.3263676894191772e-16
max(dx) = 8.39674956669372e-17
mean(dx)= -4.882829665889622e-18
vdws = 0
atoms = 4
pairs = 6
 geom_x = 0.06586102743457092
 geom_a = 0
 geom_q = 0
 geom_c = 0.0
f1, 0= 6.5861e-02
                       N restraints  r.m.s.d.  r.m.s.Z  Mn(sigma)
Bond distances, non H             4     0.001    0.076      0.013
Bond angles, non H                5     0.225    0.146      2.100
Chiral centres                    1     0.004    0.050      0.089



====== CYCLE 28 ======

 weight = 1.0000e+00
 geom_x = 0.06586102743457092
 geom_a = 0
 geom_q = 0
 geom_c = 0.0
f0= 6.5861e-02
using cgsolve in c++, ic=False
diag(geom) min= 158.116899 max= 13930.548249
diag(all) min= 158.116899 max= 13930.548249
Trying gamma equal 0.042000
Convergence reached after 7 iterations with no gamma cycles
min(dx) = -1.2397328899521122e-16
max(dx) = 1.3183465986061423e-16
mean(dx)= -3.6709096474297996e-18
vdws = 0
atoms = 4
pairs = 6
 geom_x = 0.0658610274345724
 geom_a = 0
 geom_q = 0
 geom_c = 0.0
f1, 0= 6.5861e-02
min(dx) = -6.198664449760561e-17
max(dx) = 6.591732993030712e-17
mean(dx)= -1.8354548237148998e-18
vdws = 0
atoms = 4
pairs = 6
 geom_x = 0.0658610274345724
 geom_a = 0
 geom_q = 0
 geom_c = 0.0
f1, 1= 6.5861e-02
min(dx) = -3.0993322248802805e-17
max(dx) = 3.295866496515356e-17
mean(dx)= -9.177274118574499e-19
vdws = 0
atoms = 4
pairs = 6
 geom_x = 0.0658610274345724
 geom_a = 0
 geom_q = 0
 geom_c = 0.0
f1, 2= 6.5861e-02
WARNING: function not minimised
                       N restraints  r.m.s.d.  r.m.s.Z  Mn(sigma)
Bond distances, non H             4     0.001    0.076      0.013
Bond angles, non H                5     0.225    0.146      2.100
Chiral centres                    1     0.004    0.050      0.089



====== CYCLE 29 ======

 weight = 1.0000e+00
 geom_x = 0.0658610274345724
 geom_a = 0
 geom_q = 0
 geom_c = 0.0
f0= 6.5861e-02
using cgsolve in c++, ic=False
diag(geom) min= 158.116899 max= 13930.548249
diag(all) min= 158.116899 max= 13930.548249
Trying gamma equal 0.042000
Convergence reached after 7 iterations with no gamma cycles
min(dx) = -1.6227524887356102e-16
max(dx) = 7.475067640632636e-17
mean(dx)= -9.138519556019856e-18
vdws = 0
atoms = 4
pairs = 6
 geom_x = 0.06586102743456963
 geom_a = 0
 geom_q = 0
 geom_c = 0.0
f1, 0= 6.5861e-02
                       N restraints  r.m.s.d.  r.m.s.Z  Mn(sigma)
Bond distances, non H             4     0.001    0.076      0.013
Bond angles, non H                5     0.225    0.146      2.100
Chiral centres                    1     0.004    0.050      0.089



====== CYCLE 30 ======

 weight = 1.0000e+00
 geom_x = 0.06586102743456963
 geom_a = 0
 geom_q = 0
 geom_c = 0.0
f0= 6.5861e-02
using cgsolve in c++, ic=False
diag(geom) min= 158.116899 max= 13930.548249
diag(all) min= 158.116899 max= 13930.548249
Trying gamma equal 0.042000
Convergence reached after 7 iterations with no gamma cycles
min(dx) = -7.871128483319265e-17
max(dx) = 5.143029717430794e-16
mean(dx)= 4.832371985402455e-17
vdws = 0
atoms = 4
pairs = 6
 geom_x = 0.06586102743457184
 geom_a = 0
 geom_q = 0
 geom_c = 0.0
f1, 0= 6.5861e-02
min(dx) = -3.9355642416596327e-17
max(dx) = 2.571514858715397e-16
mean(dx)= 2.4161859927012274e-17
vdws = 0
atoms = 4
pairs = 6
 geom_x = 0.0658610274345724
 geom_a = 0
 geom_q = 0
 geom_c = 0.0
f1, 1= 6.5861e-02
min(dx) = -1.9677821208298163e-17
max(dx) = 1.2857574293576986e-16
mean(dx)= 1.2080929963506137e-17
vdws = 0
atoms = 4
pairs = 6
 geom_x = 0.06586102743457076
 geom_a = 0
 geom_q = 0
 geom_c = 0.0
f1, 2= 6.5861e-02
WARNING: function not minimised
                       N restraints  r.m.s.d.  r.m.s.Z  Mn(sigma)
Bond distances, non H             4     0.001    0.076      0.013
Bond angles, non H                5     0.225    0.146      2.100
Chiral centres                    1     0.004    0.050      0.089


$TABLE: stats vs cycle :
$GRAPHS
: Geometry :A:1,4,2:
: Geometry Z :A:1,5,3:
$$
 Ncyc  rmsBOND  zBOND  rmsANGL  zANGL
$$
$$
    0   0.0009 0.0770   0.2460 0.1497
    1   0.0008 0.0758   0.2246 0.1458
    2   0.0008 0.0758   0.2246 0.1458
    3   0.0008 0.0758   0.2246 0.1458
    4   0.0008 0.0758   0.2246 0.1458
    5   0.0008 0.0758   0.2246 0.1458
    6   0.0008 0.0758   0.2246 0.1458
    7   0.0008 0.0758   0.2246 0.1458
    8   0.0008 0.0758   0.2246 0.1458
    9   0.0008 0.0758   0.2246 0.1458
   10   0.0008 0.0758   0.2246 0.1458
   11   0.0008 0.0758   0.2246 0.1458
   12   0.0008 0.0758   0.2246 0.1458
   13   0.0008 0.0758   0.2246 0.1458
   14   0.0008 0.0758   0.2246 0.1458
   15   0.0008 0.0758   0.2246 0.1458
   16   0.0008 0.0758   0.2246 0.1458
   17   0.0008 0.0758   0.2246 0.1458
   18   0.0008 0.0758   0.2246 0.1458
   19   0.0008 0.0758   0.2246 0.1458
   20   0.0008 0.0758   0.2246 0.1458
   21   0.0008 0.0758   0.2246 0.1458
   22   0.0008 0.0758   0.2246 0.1458
   23   0.0008 0.0758   0.2246 0.1458
   24   0.0008 0.0758   0.2246 0.1458
   25   0.0008 0.0758   0.2246 0.1458
   26   0.0008 0.0758   0.2246 0.1458
   27   0.0008 0.0758   0.2246 0.1458
   28   0.0008 0.0758   0.2246 0.1458
   29   0.0008 0.0758   0.2246 0.1458
   30   0.0008 0.0758   0.2246 0.1458
$$

Creating restraints..

Chain info:
 chain 
  ligands: EPX (1 residues)

Number of refinement parameters:
       n_params  n_atoms  n_atoms_geom_only  n_atoms_data_only
xyz          10       10                  6                  0
adp           0        0                  0                  0
occ           0        0                  0                  0
dfrac         0        0                  0                  0

Randomizing structure with rmsd of 0.01
Torsion angle rules:
 include:
  {'group': 'peptide', 'tors_name': 'chi*'}
  {'link': '*', 'tors_name': 'omega'}
  {'residue': '*', 'tors_name': 'sp2_sp2*'}
  {'link': '*', 'tors_name': 'sp2_sp2*'}
 exclude:
  none
External restraints from Refmac instructions
 Number of distances          : 0
 Number of angles             : 0
 Number of torsions           : 0
 Number of chirals            : 0
 Number of planes             : 0
 Number of intervals          : 0
 Number of stackings          : 0
 Number of harmonics          : 0
 Number of special positions  : 0

Running 10 cycles with wchir=4 wvdw=2 with hydrogen
Geometry weights
vdws = 15
atoms = 10
pairs = 41
                          N restraints  r.m.s.d.  r.m.s.Z  Mn(sigma)
Bond distances, non H                4     0.006    0.537      0.013
Bond distances, H                    6     0.003    0.194      0.016
Bond angles, non H                   5     0.555    0.307      2.100
Bond angles, H                      14     0.715    0.445      1.929
Torsion angles, period 3             1     0.656    0.066     10.000
Chiral centres                       1     0.030    0.336      0.089
VDW torsion                          1     0.009    0.047      0.200


====== CYCLE  1 ======

 weight = 1.0000e+00
 geom_x = 3.2162887628751147
 geom_a = 0
 geom_q = 0
 geom_c = 0.0
f0= 3.2163e+00
using cgsolve in c++, ic=False
diag(geom) min= 374.861689 max= 40683.848934
diag(all) min= 374.861689 max= 40683.848934
Trying gamma equal 0.000000
Not converging with gamma equal 0.000000
Trying gamma equal 0.052500
Gamma decreased to 0.042000
min(dx) = -0.011242174642476961
max(dx) = 0.009952821657313236
mean(dx)= -0.0002299113893841919
vdws = 15
atoms = 10
pairs = 41
 geom_x = 0.11667127494553046
 geom_a = 0
 geom_q = 0
 geom_c = 0.0
f1, 0= 1.1667e-01
                          N restraints  r.m.s.d.  r.m.s.Z  Mn(sigma)
Bond distances, non H                4     0.001    0.064      0.013
Bond distances, H                    6     0.000    0.010      0.016
Bond angles, non H                   5     0.286    0.162      2.100
Bond angles, H                      14     0.182    0.078      1.929
Torsion angles, period 3             1     0.095    0.009     10.000
Chiral centres                       1     0.000    0.005      0.089



====== CYCLE  2 ======

 weight = 1.0000e+00
 geom_x = 0.11667127494553046
 geom_a = 0
 geom_q = 0
 geom_c = 0.0
f0= 1.1667e-01
using cgsolve in c++, ic=False
diag(geom) min= 382.317450 max= 40842.581180
diag(all) min= 382.317450 max= 40842.581180
Trying gamma equal 0.042000
Convergence reached after 21 iterations with no gamma cycles
min(dx) = -0.0016760965302078368
max(dx) = 0.0016610211304430105
mean(dx)= -4.0376494456532136e-05
vdws = 15
atoms = 10
pairs = 41
 geom_x = 0.10829549406874495
 geom_a = 0
 geom_q = 0
 geom_c = 0.0
f1, 0= 1.0830e-01
                          N restraints  r.m.s.d.  r.m.s.Z  Mn(sigma)
Bond distances, non H                4     0.001    0.073      0.013
Bond distances, H                    6     0.000    0.001      0.016
Bond angles, non H                   5     0.268    0.154      2.100
Bond angles, H                      14     0.175    0.074      1.929
Torsion angles, period 3             1     0.019    0.002     10.000
Chiral centres                       1     0.000    0.001      0.089



====== CYCLE  3 ======

 weight = 1.0000e+00
 geom_x = 0.10829549406874495
 geom_a = 0
 geom_q = 0
 geom_c = 0.0
f0= 1.0830e-01
using cgsolve in c++, ic=False
diag(geom) min= 383.077823 max= 40853.457086
diag(all) min= 383.077823 max= 40853.457086
Trying gamma equal 0.042000
Convergence reached after 20 iterations with no gamma cycles
min(dx) = -0.0008749688976092354
max(dx) = 0.0005014305240719194
mean(dx)= -3.609095806424963e-05
vdws = 15
atoms = 10
pairs = 41
 geom_x = 0.10754937402555405
 geom_a = 0
 geom_q = 0
 geom_c = 0.0
f1, 0= 1.0755e-01
                          N restraints  r.m.s.d.  r.m.s.Z  Mn(sigma)
Bond distances, non H                4     0.001    0.073      0.013
Bond distances, H                    6     0.000    0.000      0.016
Bond angles, non H                   5     0.266    0.154      2.100
Bond angles, H                      14     0.173    0.073      1.929
Torsion angles, period 3             1     0.057    0.006     10.000
Chiral centres                       1     0.000    0.001      0.089



====== CYCLE  4 ======

 weight = 1.0000e+00
 geom_x = 0.10754937402555405
 geom_a = 0
 geom_q = 0
 geom_c = 0.0
f0= 1.0755e-01
using cgsolve in c++, ic=False
diag(geom) min= 383.913032 max= 40857.283535
diag(all) min= 383.913032 max= 40857.283535
Trying gamma equal 0.042000
Convergence reached after 19 iterations with no gamma cycles
min(dx) = -0.00047811186441611836
max(dx) = 0.0002480943174843775
mean(dx)= -2.1632869933606246e-05
vdws = 15
atoms = 10
pairs = 41
 geom_x = 0.10732967070876755
 geom_a = 0
 geom_q = 0
 geom_c = 0.0
f1, 0= 1.0733e-01
                          N restraints  r.m.s.d.  r.m.s.Z  Mn(sigma)
Bond distances, non H                4     0.001    0.073      0.013
Bond distances, H                    6     0.000    0.000      0.016
Bond angles, non H                   5     0.265    0.154      2.100
Bond angles, H                      14     0.173    0.073      1.929
Torsion angles, period 3             1     0.069    0.007     10.000
Chiral centres                       1     0.000    0.001      0.089



====== CYCLE  5 ======

 weight = 1.0000e+00
 geom_x = 0.10732967070876755
 geom_a = 0
 geom_q = 0
 geom_c = 0.0
f0= 1.0733e-01
using cgsolve in c++, ic=False
diag(geom) min= 384.510996 max= 40858.008393
diag(all) min= 384.510996 max= 40858.008393
Trying gamma equal 0.042000
Convergence reached after 19 iterations with no gamma cycles
min(dx) = -0.0002734670906990445
max(dx) = 0.00015321977961193952
mean(dx)= -1.2556689705668443e-05
vdws = 15
atoms = 10
pairs = 41
 geom_x = 0.10725151439362705
 geom_a = 0
 geom_q = 0
 geom_c = 0.0
f1, 0= 1.0725e-01
                          N restraints  r.m.s.d.  r.m.s.Z  Mn(sigma)
Bond distances, non H                4     0.001    0.073      0.013
Bond distances, H                    6     0.000    0.000      0.016
Bond angles, non H                   5     0.265    0.154      2.100
Bond angles, H                      14     0.173    0.073      1.929
Torsion angles, period 3             1     0.071    0.007     10.000
Chiral centres                       1     0.000    0.001      0.089



====== CYCLE  6 ======

 weight = 1.0000e+00
 geom_x = 0.10725151439362705
 geom_a = 0
 geom_q = 0
 geom_c = 0.0
f0= 1.0725e-01
using cgsolve in c++, ic=False
diag(geom) min= 384.912762 max= 40857.757179
diag(all) min= 384.912762 max= 40857.757179
Trying gamma equal 0.042000
Convergence reached after 18 iterations with no gamma cycles
min(dx) = -0.00016568750084063405
max(dx) = 0.0001149994482665816
mean(dx)= -7.646002527593788e-06
vdws = 15
atoms = 10
pairs = 41
 geom_x = 0.10721941597466138
 geom_a = 0
 geom_q = 0
 geom_c = 0.0
f1, 0= 1.0722e-01
                          N restraints  r.m.s.d.  r.m.s.Z  Mn(sigma)
Bond distances, non H                4     0.001    0.073      0.013
Bond distances, H                    6     0.000    0.000      0.016
Bond angles, non H                   5     0.265    0.154      2.100
Bond angles, H                      14     0.173    0.073      1.929
Torsion angles, period 3             1     0.067    0.007     10.000
Chiral centres                       1     0.000    0.001      0.089



====== CYCLE  7 ======

 weight = 1.0000e+00
 geom_x = 0.10721941597466138
 geom_a = 0
 geom_q = 0
 geom_c = 0.0
f0= 1.0722e-01
using cgsolve in c++, ic=False
diag(geom) min= 385.196053 max= 40857.248255
diag(all) min= 385.196053 max= 40857.248255
Trying gamma equal 0.042000
Convergence reached after 18 iterations with no gamma cycles
min(dx) = -0.00012951051222150257
max(dx) = 9.391039815692155e-05
mean(dx)= -4.935632966473771e-06
vdws = 15
atoms = 10
pairs = 41
 geom_x = 0.10720391460599189
 geom_a = 0
 geom_q = 0
 geom_c = 0.0
f1, 0= 1.0720e-01
                          N restraints  r.m.s.d.  r.m.s.Z  Mn(sigma)
Bond distances, non H                4     0.001    0.073      0.013
Bond distances, H                    6     0.000    0.000      0.016
Bond angles, non H                   5     0.265    0.154      2.100
Bond angles, H                      14     0.173    0.073      1.929
Torsion angles, period 3             1     0.061    0.006     10.000
Chiral centres                       1     0.000    0.001      0.089



====== CYCLE  8 ======

 weight = 1.0000e+00
 geom_x = 0.10720391460599189
 geom_a = 0
 geom_q = 0
 geom_c = 0.0
f0= 1.0720e-01
using cgsolve in c++, ic=False
diag(geom) min= 385.407305 max= 40856.708088
diag(all) min= 385.407305 max= 40856.708088
Trying gamma equal 0.042000
Convergence reached after 18 iterations with no gamma cycles
min(dx) = -0.00010420752038276679
max(dx) = 8.446884396504243e-05
mean(dx)= -3.365657835856398e-06
vdws = 15
atoms = 10
pairs = 41
 geom_x = 0.10719513990945603
 geom_a = 0
 geom_q = 0
 geom_c = 0.0
f1, 0= 1.0720e-01
                          N restraints  r.m.s.d.  r.m.s.Z  Mn(sigma)
Bond distances, non H                4     0.001    0.073      0.013
Bond distances, H                    6     0.000    0.000      0.016
Bond angles, non H                   5     0.265    0.154      2.100
Bond angles, H                      14     0.173    0.073      1.929
Torsion angles, period 3             1     0.054    0.005     10.000
Chiral centres                       1     0.000    0.001      0.089



====== CYCLE  9 ======

 weight = 1.0000e+00
 geom_x = 0.10719513990945603
 geom_a = 0
 geom_q = 0
 geom_c = 0.0
f0= 1.0720e-01
using cgsolve in c++, ic=False
diag(geom) min= 385.571769 max= 40856.205378
diag(all) min= 385.571769 max= 40856.205378
Trying gamma equal 0.042000
Convergence reached after 17 iterations with no gamma cycles
min(dx) = -8.556427649593026e-05
max(dx) = 8.063698949257267e-05
mean(dx)= -2.41064191815673e-06
vdws = 15
atoms = 10
pairs = 41
 geom_x = 0.10718953898734668
 geom_a = 0
 geom_q = 0
 geom_c = 0.0
f1, 0= 1.0719e-01
                          N restraints  r.m.s.d.  r.m.s.Z  Mn(sigma)
Bond distances, non H                4     0.001    0.073      0.013
Bond distances, H                    6     0.000    0.000      0.016
Bond angles, non H                   5     0.265    0.154      2.100
Bond angles, H                      14     0.173    0.073      1.929
Torsion angles, period 3             1     0.048    0.005     10.000
Chiral centres                       1     0.000    0.001      0.089



====== CYCLE 10 ======

 weight = 1.0000e+00
 geom_x = 0.10718953898734668
 geom_a = 0
 geom_q = 0
 geom_c = 0.0
f0= 1.0719e-01
using cgsolve in c++, ic=False
diag(geom) min= 385.703775 max= 40855.757807
diag(all) min= 385.703775 max= 40855.757807
Trying gamma equal 0.042000
Convergence reached after 17 iterations with no gamma cycles
min(dx) = -7.255016554161246e-05
max(dx) = 7.383668348130038e-05
mean(dx)= -1.8019546048306705e-06
vdws = 15
atoms = 10
pairs = 41
 geom_x = 0.10718569515800414
 geom_a = 0
 geom_q = 0
 geom_c = 0.0
f1, 0= 1.0719e-01
                          N restraints  r.m.s.d.  r.m.s.Z  Mn(sigma)
Bond distances, non H                4     0.001    0.073      0.013
Bond distances, H                    6     0.000    0.000      0.016
Bond angles, non H                   5     0.265    0.154      2.100
Bond angles, H                      14     0.173    0.073      1.929
Torsion angles, period 3             1     0.042    0.004     10.000
Chiral centres                       1     0.000    0.001      0.089


$TABLE: stats vs cycle :
$GRAPHS
: Geometry :A:1,4,2:
: Geometry Z :A:1,5,3:
$$
 Ncyc  rmsBOND  zBOND  rmsANGL  zANGL
$$
$$
    0   0.0056 0.5371   0.5550 0.3072
    1   0.0007 0.0641   0.2857 0.1620
    2   0.0008 0.0728   0.2676 0.1543
    3   0.0008 0.0734   0.2656 0.1538
    4   0.0008 0.0733   0.2651 0.1537
    5   0.0008 0.0732   0.2649 0.1537
    6   0.0008 0.0731   0.2649 0.1537
    7   0.0008 0.0731   0.2648 0.1537
    8   0.0008 0.0731   0.2648 0.1537
    9   0.0008 0.0730   0.2648 0.1537
   10   0.0008 0.0730   0.2648 0.1537
$$

Running 30 cycles with wchir=1 wvdw=2 with hydrogen
Geometry weights
vdws = 15
atoms = 10
pairs = 41
                          N restraints  r.m.s.d.  r.m.s.Z  Mn(sigma)
Bond distances, non H                4     0.001    0.073      0.013
Bond distances, H                    6     0.000    0.000      0.016
Bond angles, non H                   5     0.265    0.154      2.100
Bond angles, H                      14     0.173    0.073      1.929
Torsion angles, period 3             1     0.042    0.004     10.000
Chiral centres                       1     0.000    0.001      0.089


====== CYCLE  1 ======

 weight = 1.0000e+00
 geom_x = 0.10718319782849492
 geom_a = 0
 geom_q = 0
 geom_c = 0.0
f0= 1.0718e-01
using cgsolve in c++, ic=False
diag(geom) min= 385.812001 max= 17655.154347
diag(all) min= 385.812001 max= 17655.154347
Trying gamma equal 0.042000
Convergence reached after 21 iterations with no gamma cycles
min(dx) = -9.890117572807958e-05
max(dx) = 7.685885180459146e-05
mean(dx)= -7.670564072413584e-06
vdws = 15
atoms = 10
pairs = 41
 geom_x = 0.10716739357338782
 geom_a = 0
 geom_q = 0
 geom_c = 0.0
f1, 0= 1.0717e-01
                          N restraints  r.m.s.d.  r.m.s.Z  Mn(sigma)
Bond distances, non H                4     0.001    0.073      0.013
Bond distances, H                    6     0.000    0.000      0.016
Bond angles, non H                   5     0.266    0.154      2.100
Bond angles, H                      14     0.172    0.073      1.929
Torsion angles, period 3             1     0.036    0.004     10.000
Chiral centres                       1     0.000    0.003      0.089



====== CYCLE  2 ======

 weight = 1.0000e+00
 geom_x = 0.10716739357338782
 geom_a = 0
 geom_q = 0
 geom_c = 0.0
f0= 1.0717e-01
using cgsolve in c++, ic=False
diag(geom) min= 385.952470 max= 17654.348165
diag(all) min= 385.952470 max= 17654.348165
Trying gamma equal 0.042000
Convergence reached after 20 iterations with no gamma cycles
min(dx) = -6.311608815975478e-05
max(dx) = 6.371721908262043e-05
mean(dx)= -2.9098681932440742e-06
vdws = 15
atoms = 10
pairs = 41
 geom_x = 0.1071646452337728
 geom_a = 0
 geom_q = 0
 geom_c = 0.0
f1, 0= 1.0716e-01
                          N restraints  r.m.s.d.  r.m.s.Z  Mn(sigma)
Bond distances, non H                4     0.001    0.073      0.013
Bond distances, H                    6     0.000    0.000      0.016
Bond angles, non H                   5     0.267    0.154      2.100
Bond angles, H                      14     0.171    0.073      1.929
Torsion angles, period 3             1     0.031    0.003     10.000
Chiral centres                       1     0.000    0.004      0.089



====== CYCLE  3 ======

 weight = 1.0000e+00
 geom_x = 0.1071646452337728
 geom_a = 0
 geom_q = 0
 geom_c = 0.0
f0= 1.0716e-01
using cgsolve in c++, ic=False
diag(geom) min= 386.061173 max= 17653.997016
diag(all) min= 386.061173 max= 17653.997016
Trying gamma equal 0.042000
Convergence reached after 18 iterations with no gamma cycles
min(dx) = -4.805124046396454e-05
max(dx) = 5.394958553943979e-05
mean(dx)= -1.488171030484409e-06
vdws = 15
atoms = 10
pairs = 41
 geom_x = 0.10716313172138918
 geom_a = 0
 geom_q = 0
 geom_c = 0.0
f1, 0= 1.0716e-01
                          N restraints  r.m.s.d.  r.m.s.Z  Mn(sigma)
Bond distances, non H                4     0.001    0.073      0.013
Bond distances, H                    6     0.000    0.000      0.016
Bond angles, non H                   5     0.267    0.154      2.100
Bond angles, H                      14     0.171    0.073      1.929
Torsion angles, period 3             1     0.026    0.003     10.000
Chiral centres                       1     0.000    0.004      0.089



====== CYCLE  4 ======

 weight = 1.0000e+00
 geom_x = 0.10716313172138918
 geom_a = 0
 geom_q = 0
 geom_c = 0.0
f0= 1.0716e-01
using cgsolve in c++, ic=False
diag(geom) min= 386.136756 max= 17653.788139
diag(all) min= 386.136756 max= 17653.788139
Trying gamma equal 0.042000
Convergence reached after 17 iterations with no gamma cycles
min(dx) = -3.929249713340701e-05
max(dx) = 4.549137156025692e-05
mean(dx)= -1.0084211708717016e-06
vdws = 15
atoms = 10
pairs = 41
 geom_x = 0.1071621003326716
 geom_a = 0
 geom_q = 0
 geom_c = 0.0
f1, 0= 1.0716e-01
                          N restraints  r.m.s.d.  r.m.s.Z  Mn(sigma)
Bond distances, non H                4     0.001    0.073      0.013
Bond distances, H                    6     0.000    0.000      0.016
Bond angles, non H                   5     0.267    0.154      2.100
Bond angles, H                      14     0.171    0.073      1.929
Torsion angles, period 3             1     0.022    0.002     10.000
Chiral centres                       1     0.000    0.004      0.089



====== CYCLE  5 ======

 weight = 1.0000e+00
 geom_x = 0.1071621003326716
 geom_a = 0
 geom_q = 0
 geom_c = 0.0
f0= 1.0716e-01
using cgsolve in c++, ic=False
diag(geom) min= 386.195558 max= 17653.640325
diag(all) min= 386.195558 max= 17653.640325
Trying gamma equal 0.042000
Convergence reached after 17 iterations with no gamma cycles
min(dx) = -3.292716212816891e-05
max(dx) = 3.835063796132376e-05
mean(dx)= -7.938205064825126e-07
vdws = 15
atoms = 10
pairs = 41
 geom_x = 0.10716136366480768
 geom_a = 0
 geom_q = 0
 geom_c = 0.0
f1, 0= 1.0716e-01
                          N restraints  r.m.s.d.  r.m.s.Z  Mn(sigma)
Bond distances, non H                4     0.001    0.073      0.013
Bond distances, H                    6     0.000    0.000      0.016
Bond angles, non H                   5     0.267    0.154      2.100
Bond angles, H                      14     0.171    0.073      1.929
Torsion angles, period 3             1     0.019    0.002     10.000
Chiral centres                       1     0.000    0.004      0.089



====== CYCLE  6 ======

 weight = 1.0000e+00
 geom_x = 0.10716136366480768
 geom_a = 0
 geom_q = 0
 geom_c = 0.0
f0= 1.0716e-01
using cgsolve in c++, ic=False
diag(geom) min= 386.244158 max= 17653.525112
diag(all) min= 386.244158 max= 17653.525112
Trying gamma equal 0.042000
Convergence reached after 17 iterations with no gamma cycles
min(dx) = -2.7863642459963234e-05
max(dx) = 3.23938207682074e-05
mean(dx)= -6.635042321913569e-07
vdws = 15
atoms = 10
pairs = 41
 geom_x = 0.10716083073184964
 geom_a = 0
 geom_q = 0
 geom_c = 0.0
f1, 0= 1.0716e-01
                          N restraints  r.m.s.d.  r.m.s.Z  Mn(sigma)
Bond distances, non H                4     0.001    0.073      0.013
Bond distances, H                    6     0.000    0.000      0.016
Bond angles, non H                   5     0.267    0.154      2.100
Bond angles, H                      14     0.171    0.073      1.929
Torsion angles, period 3             1     0.016    0.002     10.000
Chiral centres                       1     0.000    0.004      0.089



====== CYCLE  7 ======

 weight = 1.0000e+00
 geom_x = 0.10716083073184964
 geom_a = 0
 geom_q = 0
 geom_c = 0.0
f0= 1.0716e-01
using cgsolve in c++, ic=False
diag(geom) min= 386.285277 max= 17653.430916
diag(all) min= 386.285277 max= 17653.430916
Trying gamma equal 0.042000
Convergence reached after 17 iterations with no gamma cycles
min(dx) = -2.3680285454122955e-05
max(dx) = 2.7429147755918023e-05
mean(dx)= -5.66083734331113e-07
vdws = 15
atoms = 10
pairs = 41
 geom_x = 0.10716044352527614
 geom_a = 0
 geom_q = 0
 geom_c = 0.0
f1, 0= 1.0716e-01
                          N restraints  r.m.s.d.  r.m.s.Z  Mn(sigma)
Bond distances, non H                4     0.001    0.073      0.013
Bond distances, H                    6     0.000    0.000      0.016
Bond angles, non H                   5     0.267    0.154      2.100
Bond angles, H                      14     0.171    0.073      1.929
Torsion angles, period 3             1     0.014    0.001     10.000
Chiral centres                       1     0.000    0.004      0.089



====== CYCLE  8 ======

 weight = 1.0000e+00
 geom_x = 0.10716044352527614
 geom_a = 0
 geom_q = 0
 geom_c = 0.0
f0= 1.0716e-01
using cgsolve in c++, ic=False
diag(geom) min= 386.320349 max= 17653.352156
diag(all) min= 386.320349 max= 17653.352156
Trying gamma equal 0.042000
Convergence reached after 17 iterations with no gamma cycles
min(dx) = -2.0166073806218383e-05
max(dx) = 2.3276239480526486e-05
mean(dx)= -4.857257416973709e-07
vdws = 15
atoms = 10
pairs = 41
 geom_x = 0.10716016171764117
 geom_a = 0
 geom_q = 0
 geom_c = 0.0
f1, 0= 1.0716e-01
                          N restraints  r.m.s.d.  r.m.s.Z  Mn(sigma)
Bond distances, non H                4     0.001    0.073      0.013
Bond distances, H                    6     0.000    0.000      0.016
Bond angles, non H                   5     0.267    0.154      2.100
Bond angles, H                      14     0.171    0.073      1.929
Torsion angles, period 3             1     0.012    0.001     10.000
Chiral centres                       1     0.000    0.004      0.089



====== CYCLE  9 ======

 weight = 1.0000e+00
 geom_x = 0.10716016171764117
 geom_a = 0
 geom_q = 0
 geom_c = 0.0
f0= 1.0716e-01
using cgsolve in c++, ic=False
diag(geom) min= 386.350335 max= 17653.285613
diag(all) min= 386.350335 max= 17653.285613
Trying gamma equal 0.042000
Convergence reached after 17 iterations with no gamma cycles
min(dx) = -1.7191141418851122e-05
max(dx) = 1.9786226194748184e-05
mean(dx)= -4.1702130237919285e-07
vdws = 15
atoms = 10
pairs = 41
 geom_x = 0.10715995646774815
 geom_a = 0
 geom_q = 0
 geom_c = 0.0
f1, 0= 1.0716e-01
                          N restraints  r.m.s.d.  r.m.s.Z  Mn(sigma)
Bond distances, non H                4     0.001    0.073      0.013
Bond distances, H                    6     0.000    0.000      0.016
Bond angles, non H                   5     0.267    0.154      2.100
Bond angles, H                      14     0.171    0.073      1.929
Torsion angles, period 3             1     0.010    0.001     10.000
Chiral centres                       1     0.000    0.004      0.089



====== CYCLE 10 ======

 weight = 1.0000e+00
 geom_x = 0.10715995646774815
 geom_a = 0
 geom_q = 0
 geom_c = 0.0
f0= 1.0716e-01
using cgsolve in c++, ic=False
diag(geom) min= 386.375982 max= 17653.229114
diag(all) min= 386.375982 max= 17653.229114
Trying gamma equal 0.042000
Convergence reached after 17 iterations with no gamma cycles
min(dx) = -1.4663252339191709e-05
max(dx) = 1.68410256274348e-05
mean(dx)= -3.577084713008448e-07
vdws = 15
atoms = 10
pairs = 41
 geom_x = 0.10715980692776865
 geom_a = 0
 geom_q = 0
 geom_c = 0.0
f1, 0= 1.0716e-01
                          N restraints  r.m.s.d.  r.m.s.Z  Mn(sigma)
Bond distances, non H                4     0.001    0.073      0.013
Bond distances, H                    6     0.000    0.000      0.016
Bond angles, non H                   5     0.267    0.154      2.100
Bond angles, H                      14     0.171    0.073      1.929
Torsion angles, period 3             1     0.009    0.001     10.000
Chiral centres                       1     0.000    0.004      0.089



====== CYCLE 11 ======

 weight = 1.0000e+00
 geom_x = 0.10715980692776865
 geom_a = 0
 geom_q = 0
 geom_c = 0.0
f0= 1.0716e-01
using cgsolve in c++, ic=False
diag(geom) min= 386.397913 max= 17653.181025
diag(all) min= 386.397913 max= 17653.181025
Trying gamma equal 0.042000
Convergence reached after 17 iterations with no gamma cycles
min(dx) = -1.2511065835973398e-05
max(dx) = 1.4347352819940966e-05
mean(dx)= -3.064779233963904e-07
vdws = 15
atoms = 10
pairs = 41
 geom_x = 0.10715969796010073
 geom_a = 0
 geom_q = 0
 geom_c = 0.0
f1, 0= 1.0716e-01
                          N restraints  r.m.s.d.  r.m.s.Z  Mn(sigma)
Bond distances, non H                4     0.001    0.073      0.013
Bond distances, H                    6     0.000    0.000      0.016
Bond angles, non H                   5     0.267    0.154      2.100
Bond angles, H                      14     0.171    0.073      1.929
Torsion angles, period 3             1     0.007    0.001     10.000
Chiral centres                       1     0.000    0.004      0.089



====== CYCLE 12 ======

 weight = 1.0000e+00
 geom_x = 0.10715969796010073
 geom_a = 0
 geom_q = 0
 geom_c = 0.0
f0= 1.0716e-01
using cgsolve in c++, ic=False
diag(geom) min= 386.416660 max= 17653.140043
diag(all) min= 386.416660 max= 17653.140043
Trying gamma equal 0.042000
Convergence reached after 17 iterations with no gamma cycles
min(dx) = -1.0676806413041126e-05
max(dx) = 1.2230781273120103e-05
mean(dx)= -2.6232118429033927e-07
vdws = 15
atoms = 10
pairs = 41
 geom_x = 0.10715961855137664
 geom_a = 0
 geom_q = 0
 geom_c = 0.0
f1, 0= 1.0716e-01
                          N restraints  r.m.s.d.  r.m.s.Z  Mn(sigma)
Bond distances, non H                4     0.001    0.073      0.013
Bond distances, H                    6     0.000    0.000      0.016
Bond angles, non H                   5     0.267    0.154      2.100
Bond angles, H                      14     0.171    0.073      1.929
Torsion angles, period 3             1     0.006    0.001     10.000
Chiral centres                       1     0.000    0.004      0.089



====== CYCLE 13 ======

 weight = 1.0000e+00
 geom_x = 0.10715961855137664
 geom_a = 0
 geom_q = 0
 geom_c = 0.0
f0= 1.0716e-01
using cgsolve in c++, ic=False
diag(geom) min= 386.432679 max= 17653.105094
diag(all) min= 386.432679 max= 17653.105094
Trying gamma equal 0.042000
Convergence reached after 17 iterations with no gamma cycles
min(dx) = -9.112556560193687e-06
max(dx) = 1.0431105671477826e-05
mean(dx)= -2.2435292205338e-07
vdws = 15
atoms = 10
pairs = 41
 geom_x = 0.10715956068147588
 geom_a = 0
 geom_q = 0
 geom_c = 0.0
f1, 0= 1.0716e-01
                          N restraints  r.m.s.d.  r.m.s.Z  Mn(sigma)
Bond distances, non H                4     0.001    0.073      0.013
Bond distances, H                    6     0.000    0.000      0.016
Bond angles, non H                   5     0.267    0.154      2.100
Bond angles, H                      14     0.171    0.073      1.929
Torsion angles, period 3             1     0.005    0.001     10.000
Chiral centres                       1     0.000    0.004      0.089



====== CYCLE 14 ======

 weight = 1.0000e+00
 geom_x = 0.10715956068147588
 geom_a = 0
 geom_q = 0
 geom_c = 0.0
f0= 1.0716e-01
using cgsolve in c++, ic=False
diag(geom) min= 386.446363 max= 17653.075278
diag(all) min= 386.446363 max= 17653.075278
Trying gamma equal 0.042000
Convergence reached after 17 iterations with no gamma cycles
min(dx) = -7.778079514449184e-06
max(dx) = 8.898976156212872e-06
mean(dx)= -1.9177202407480904e-07
vdws = 15
atoms = 10
pairs = 41
 geom_x = 0.10715951850759231
 geom_a = 0
 geom_q = 0
 geom_c = 0.0
f1, 0= 1.0716e-01
                          N restraints  r.m.s.d.  r.m.s.Z  Mn(sigma)
Bond distances, non H                4     0.001    0.073      0.013
Bond distances, H                    6     0.000    0.000      0.016
Bond angles, non H                   5     0.267    0.154      2.100
Bond angles, H                      14     0.171    0.073      1.929
Torsion angles, period 3             1     0.005    0.000     10.000
Chiral centres                       1     0.000    0.004      0.089



====== CYCLE 15 ======

 weight = 1.0000e+00
 geom_x = 0.10715951850759231
 geom_a = 0
 geom_q = 0
 geom_c = 0.0
f0= 1.0716e-01
using cgsolve in c++, ic=False
diag(geom) min= 386.458051 max= 17653.049835
diag(all) min= 386.458051 max= 17653.049835
Trying gamma equal 0.042000
Convergence reached after 14 iterations with no gamma cycles
min(dx) = -6.639363443340305e-06
max(dx) = 7.593511591668354e-06
mean(dx)= -1.638577282771917e-07
vdws = 15
atoms = 10
pairs = 41
 geom_x = 0.10715948777230688
 geom_a = 0
 geom_q = 0
 geom_c = 0.0
f1, 0= 1.0716e-01
                          N restraints  r.m.s.d.  r.m.s.Z  Mn(sigma)
Bond distances, non H                4     0.001    0.073      0.013
Bond distances, H                    6     0.000    0.000      0.016
Bond angles, non H                   5     0.267    0.154      2.100
Bond angles, H                      14     0.171    0.073      1.929
Torsion angles, period 3             1     0.004    0.000     10.000
Chiral centres                       1     0.000    0.004      0.089



====== CYCLE 16 ======

 weight = 1.0000e+00
 geom_x = 0.10715948777230688
 geom_a = 0
 geom_q = 0
 geom_c = 0.0
f0= 1.0716e-01
using cgsolve in c++, ic=False
diag(geom) min= 386.468033 max= 17653.028121
diag(all) min= 386.468033 max= 17653.028121
Trying gamma equal 0.042000
Convergence reached after 14 iterations with no gamma cycles
min(dx) = -5.667512642764836e-06
max(dx) = 6.4803353128089484e-06
mean(dx)= -1.3997042431987586e-07
vdws = 15
atoms = 10
pairs = 41
 geom_x = 0.1071594653731132
 geom_a = 0
 geom_q = 0
 geom_c = 0.0
f1, 0= 1.0716e-01
                          N restraints  r.m.s.d.  r.m.s.Z  Mn(sigma)
Bond distances, non H                4     0.001    0.073      0.013
Bond distances, H                    6     0.000    0.000      0.016
Bond angles, non H                   5     0.267    0.154      2.100
Bond angles, H                      14     0.171    0.073      1.929
Torsion angles, period 3             1     0.003    0.000     10.000
Chiral centres                       1     0.000    0.004      0.089



====== CYCLE 17 ======

 weight = 1.0000e+00
 geom_x = 0.1071594653731132
 geom_a = 0
 geom_q = 0
 geom_c = 0.0
f0= 1.0716e-01
using cgsolve in c++, ic=False
diag(geom) min= 386.476556 max= 17653.009588
diag(all) min= 386.476556 max= 17653.009588
Trying gamma equal 0.042000
Convergence reached after 17 iterations with no gamma cycles
min(dx) = -4.838079406089369e-06
max(dx) = 5.53109791813288e-06
mean(dx)= -1.195353990889336e-07
vdws = 15
atoms = 10
pairs = 41
 geom_x = 0.10715944904908101
 geom_a = 0
 geom_q = 0
 geom_c = 0.0
f1, 0= 1.0716e-01
                          N restraints  r.m.s.d.  r.m.s.Z  Mn(sigma)
Bond distances, non H                4     0.001    0.073      0.013
Bond distances, H                    6     0.000    0.000      0.016
Bond angles, non H                   5     0.267    0.154      2.100
Bond angles, H                      14     0.171    0.073      1.929
Torsion angles, period 3             1     0.003    0.000     10.000
Chiral centres                       1     0.000    0.004      0.089



====== CYCLE 18 ======

 weight = 1.0000e+00
 geom_x = 0.10715944904908101
 geom_a = 0
 geom_q = 0
 geom_c = 0.0
f0= 1.0716e-01
using cgsolve in c++, ic=False
diag(geom) min= 386.483833 max= 17652.993768
diag(all) min= 386.483833 max= 17652.993768
Trying gamma equal 0.042000
Convergence reached after 17 iterations with no gamma cycles
min(dx) = -4.130067714564572e-06
max(dx) = 4.7211397875143565e-06
mean(dx)= -1.0207543324121696e-07
vdws = 15
atoms = 10
pairs = 41
 geom_x = 0.10715943715246157
 geom_a = 0
 geom_q = 0
 geom_c = 0.0
f1, 0= 1.0716e-01
                          N restraints  r.m.s.d.  r.m.s.Z  Mn(sigma)
Bond distances, non H                4     0.001    0.073      0.013
Bond distances, H                    6     0.000    0.000      0.016
Bond angles, non H                   5     0.267    0.154      2.100
Bond angles, H                      14     0.171    0.073      1.929
Torsion angles, period 3             1     0.002    0.000     10.000
Chiral centres                       1     0.000    0.004      0.089



====== CYCLE 19 ======

 weight = 1.0000e+00
 geom_x = 0.10715943715246157
 geom_a = 0
 geom_q = 0
 geom_c = 0.0
f0= 1.0716e-01
using cgsolve in c++, ic=False
diag(geom) min= 386.490046 max= 17652.980263
diag(all) min= 386.490046 max= 17652.980263
Trying gamma equal 0.042000
Convergence reached after 17 iterations with no gamma cycles
min(dx) = -3.5257037552134897e-06
max(dx) = 4.029972077667485e-06
mean(dx)= -8.715680558117295e-08
vdws = 15
atoms = 10
pairs = 41
 geom_x = 0.10715942848245837
 geom_a = 0
 geom_q = 0
 geom_c = 0.0
f1, 0= 1.0716e-01
                          N restraints  r.m.s.d.  r.m.s.Z  Mn(sigma)
Bond distances, non H                4     0.001    0.073      0.013
Bond distances, H                    6     0.000    0.000      0.016
Bond angles, non H                   5     0.267    0.154      2.100
Bond angles, H                      14     0.171    0.073      1.929
Torsion angles, period 3             1     0.002    0.000     10.000
Chiral centres                       1     0.000    0.004      0.089



====== CYCLE 20 ======

 weight = 1.0000e+00
 geom_x = 0.10715942848245837
 geom_a = 0
 geom_q = 0
 geom_c = 0.0
f0= 1.0716e-01
using cgsolve in c++, ic=False
diag(geom) min= 386.495351 max= 17652.968735
diag(all) min= 386.495351 max= 17652.968735
Trying gamma equal 0.042000
Convergence reached after 17 iterations with no gamma cycles
min(dx) = -3.0097988096361126e-06
max(dx) = 3.4400970578302847e-06
mean(dx)= -7.44140871200649e-08
vdws = 15
atoms = 10
pairs = 41
 geom_x = 0.10715942216394587
 geom_a = 0
 geom_q = 0
 geom_c = 0.0
f1, 0= 1.0716e-01
                          N restraints  r.m.s.d.  r.m.s.Z  Mn(sigma)
Bond distances, non H                4     0.001    0.073      0.013
Bond distances, H                    6     0.000    0.000      0.016
Bond angles, non H                   5     0.267    0.154      2.100
Bond angles, H                      14     0.171    0.073      1.929
Torsion angles, period 3             1     0.002    0.000     10.000
Chiral centres                       1     0.000    0.004      0.089



====== CYCLE 21 ======

 weight = 1.0000e+00
 geom_x = 0.10715942216394587
 geom_a = 0
 geom_q = 0
 geom_c = 0.0
f0= 1.0716e-01
using cgsolve in c++, ic=False
diag(geom) min= 386.499880 max= 17652.958895
diag(all) min= 386.499880 max= 17652.958895
Trying gamma equal 0.042000
Convergence reached after 17 iterations with no gamma cycles
min(dx) = -2.569396491670017e-06
max(dx) = 2.9366255539806992e-06
mean(dx)= -6.353178268856218e-08
vdws = 15
atoms = 10
pairs = 41
 geom_x = 0.10715941755914896
 geom_a = 0
 geom_q = 0
 geom_c = 0.0
f1, 0= 1.0716e-01
                          N restraints  r.m.s.d.  r.m.s.Z  Mn(sigma)
Bond distances, non H                4     0.001    0.073      0.013
Bond distances, H                    6     0.000    0.000      0.016
Bond angles, non H                   5     0.267    0.154      2.100
Bond angles, H                      14     0.171    0.073      1.929
Torsion angles, period 3             1     0.002    0.000     10.000
Chiral centres                       1     0.000    0.004      0.089



====== CYCLE 22 ======

 weight = 1.0000e+00
 geom_x = 0.10715941755914896
 geom_a = 0
 geom_q = 0
 geom_c = 0.0
f0= 1.0716e-01
using cgsolve in c++, ic=False
diag(geom) min= 386.503746 max= 17652.950494
diag(all) min= 386.503746 max= 17652.950494
Trying gamma equal 0.042000
Convergence reached after 17 iterations with no gamma cycles
min(dx) = -2.193441922486902e-06
max(dx) = 2.5068753776751196e-06
mean(dx)= -5.423936958018639e-08
vdws = 15
atoms = 10
pairs = 41
 geom_x = 0.10715941420327191
 geom_a = 0
 geom_q = 0
 geom_c = 0.0
f1, 0= 1.0716e-01
                          N restraints  r.m.s.d.  r.m.s.Z  Mn(sigma)
Bond distances, non H                4     0.001    0.073      0.013
Bond distances, H                    6     0.000    0.000      0.016
Bond angles, non H                   5     0.267    0.154      2.100
Bond angles, H                      14     0.171    0.073      1.929
Torsion angles, period 3             1     0.001    0.000     10.000
Chiral centres                       1     0.000    0.004      0.089



====== CYCLE 23 ======

 weight = 1.0000e+00
 geom_x = 0.10715941420327191
 geom_a = 0
 geom_q = 0
 geom_c = 0.0
f0= 1.0716e-01
using cgsolve in c++, ic=False
diag(geom) min= 386.507047 max= 17652.943322
diag(all) min= 386.507047 max= 17652.943322
Trying gamma equal 0.042000
Convergence reached after 17 iterations with no gamma cycles
min(dx) = -1.8725010082704497e-06
max(dx) = 2.140036635958274e-06
mean(dx)= -4.6305208409038983e-08
vdws = 15
atoms = 10
pairs = 41
 geom_x = 0.10715941175758141
 geom_a = 0
 geom_q = 0
 geom_c = 0.0
f1, 0= 1.0716e-01
                          N restraints  r.m.s.d.  r.m.s.Z  Mn(sigma)
Bond distances, non H                4     0.001    0.073      0.013
Bond distances, H                    6     0.000    0.000      0.016
Bond angles, non H                   5     0.267    0.154      2.100
Bond angles, H                      14     0.171    0.073      1.929
Torsion angles, period 3             1     0.001    0.000     10.000
Chiral centres                       1     0.000    0.004      0.089



====== CYCLE 24 ======

 weight = 1.0000e+00
 geom_x = 0.10715941175758141
 geom_a = 0
 geom_q = 0
 geom_c = 0.0
f0= 1.0716e-01
using cgsolve in c++, ic=False
diag(geom) min= 386.509865 max= 17652.937200
diag(all) min= 386.509865 max= 17652.937200
Trying gamma equal 0.042000
Convergence reached after 17 iterations with no gamma cycles
min(dx) = -1.5985218917113888e-06
max(dx) = 1.826890838641734e-06
mean(dx)= -3.9531141078042155e-08
vdws = 15
atoms = 10
pairs = 41
 geom_x = 0.10715940997521313
 geom_a = 0
 geom_q = 0
 geom_c = 0.0
f1, 0= 1.0716e-01
                          N restraints  r.m.s.d.  r.m.s.Z  Mn(sigma)
Bond distances, non H                4     0.001    0.073      0.013
Bond distances, H                    6     0.000    0.000      0.016
Bond angles, non H                   5     0.267    0.154      2.100
Bond angles, H                      14     0.171    0.073      1.929
Torsion angles, period 3             1     0.001    0.000     10.000
Chiral centres                       1     0.000    0.004      0.089



====== CYCLE 25 ======

 weight = 1.0000e+00
 geom_x = 0.10715940997521313
 geom_a = 0
 geom_q = 0
 geom_c = 0.0
f0= 1.0716e-01
using cgsolve in c++, ic=False
diag(geom) min= 386.512270 max= 17652.931974
diag(all) min= 386.512270 max= 17652.931974
Trying gamma equal 0.042000
Convergence reached after 17 iterations with no gamma cycles
min(dx) = -1.3646319081754076e-06
max(dx) = 1.5595739844331203e-06
mean(dx)= -3.374776253360419e-08
vdws = 15
atoms = 10
pairs = 41
 geom_x = 0.10715940867626339
 geom_a = 0
 geom_q = 0
 geom_c = 0.0
f1, 0= 1.0716e-01
                          N restraints  r.m.s.d.  r.m.s.Z  Mn(sigma)
Bond distances, non H                4     0.001    0.073      0.013
Bond distances, H                    6     0.000    0.000      0.016
Bond angles, non H                   5     0.267    0.154      2.100
Bond angles, H                      14     0.171    0.073      1.929
Torsion angles, period 3             1     0.001    0.000     10.000
Chiral centres                       1     0.000    0.004      0.089



====== CYCLE 26 ======

 weight = 1.0000e+00
 geom_x = 0.10715940867626339
 geom_a = 0
 geom_q = 0
 geom_c = 0.0
f0= 1.0716e-01
using cgsolve in c++, ic=False
diag(geom) min= 386.514324 max= 17652.927512
diag(all) min= 386.514324 max= 17652.927512
Trying gamma equal 0.042000
Convergence reached after 17 iterations with no gamma cycles
min(dx) = -1.164964588951866e-06
max(dx) = 1.3313760041020093e-06
mean(dx)= -2.8810314040736358e-08
vdws = 15
atoms = 10
pairs = 41
 geom_x = 0.10715940772961476
 geom_a = 0
 geom_q = 0
 geom_c = 0.0
f1, 0= 1.0716e-01
                          N restraints  r.m.s.d.  r.m.s.Z  Mn(sigma)
Bond distances, non H                4     0.001    0.073      0.013
Bond distances, H                    6     0.000    0.000      0.016
Bond angles, non H                   5     0.267    0.154      2.100
Bond angles, H                      14     0.171    0.073      1.929
Torsion angles, period 3             1     0.001    0.000     10.000
Chiral centres                       1     0.000    0.004      0.089



====== CYCLE 27 ======

 weight = 1.0000e+00
 geom_x = 0.10715940772961476
 geom_a = 0
 geom_q = 0
 geom_c = 0.0
f0= 1.0716e-01
using cgsolve in c++, ic=False
diag(geom) min= 386.516077 max= 17652.923703
diag(all) min= 386.516077 max= 17652.923703
Trying gamma equal 0.042000
Convergence reached after 17 iterations with no gamma cycles
min(dx) = -9.945121758904626e-07
max(dx) = 1.1365705394851993e-06
mean(dx)= -2.459513566872347e-08
vdws = 15
atoms = 10
pairs = 41
 geom_x = 0.10715940703972017
 geom_a = 0
 geom_q = 0
 geom_c = 0.0
f1, 0= 1.0716e-01
                          N restraints  r.m.s.d.  r.m.s.Z  Mn(sigma)
Bond distances, non H                4     0.001    0.073      0.013
Bond distances, H                    6     0.000    0.000      0.016
Bond angles, non H                   5     0.267    0.154      2.100
Bond angles, H                      14     0.171    0.073      1.929
Torsion angles, period 3             1     0.001    0.000     10.000
Chiral centres                       1     0.000    0.004      0.089



====== CYCLE 28 ======

 weight = 1.0000e+00
 geom_x = 0.10715940703972017
 geom_a = 0
 geom_q = 0
 geom_c = 0.0
f0= 1.0716e-01
using cgsolve in c++, ic=False
diag(geom) min= 386.517574 max= 17652.920452
diag(all) min= 386.517574 max= 17652.920452
Trying gamma equal 0.042000
Convergence reached after 17 iterations with no gamma cycles
min(dx) = -8.489998244933306e-07
max(dx) = 9.702702048286133e-07
mean(dx)= -2.0996613359898243e-08
vdws = 15
atoms = 10
pairs = 41
 geom_x = 0.10715940653693545
 geom_a = 0
 geom_q = 0
 geom_c = 0.0
f1, 0= 1.0716e-01
                          N restraints  r.m.s.d.  r.m.s.Z  Mn(sigma)
Bond distances, non H                4     0.001    0.073      0.013
Bond distances, H                    6     0.000    0.000      0.016
Bond angles, non H                   5     0.267    0.154      2.100
Bond angles, H                      14     0.171    0.073      1.929
Torsion angles, period 3             1     0.000    0.000     10.000
Chiral centres                       1     0.000    0.004      0.089



====== CYCLE 29 ======

 weight = 1.0000e+00
 geom_x = 0.10715940653693545
 geom_a = 0
 geom_q = 0
 geom_c = 0.0
f0= 1.0716e-01
using cgsolve in c++, ic=False
diag(geom) min= 386.518852 max= 17652.917676
diag(all) min= 386.518852 max= 17652.917676
Trying gamma equal 0.042000
Convergence reached after 17 iterations with no gamma cycles
min(dx) = -7.247782821088191e-07
max(dx) = 8.283033653580591e-07
mean(dx)= -1.7924558654141156e-08
vdws = 15
atoms = 10
pairs = 41
 geom_x = 0.10715940617051913
 geom_a = 0
 geom_q = 0
 geom_c = 0.0
f1, 0= 1.0716e-01
                          N restraints  r.m.s.d.  r.m.s.Z  Mn(sigma)
Bond distances, non H                4     0.001    0.073      0.013
Bond distances, H                    6     0.000    0.000      0.016
Bond angles, non H                   5     0.267    0.154      2.100
Bond angles, H                      14     0.171    0.073      1.929
Torsion angles, period 3             1     0.000    0.000     10.000
Chiral centres                       1     0.000    0.004      0.089



====== CYCLE 30 ======

 weight = 1.0000e+00
 geom_x = 0.10715940617051913
 geom_a = 0
 geom_q = 0
 geom_c = 0.0
f0= 1.0716e-01
using cgsolve in c++, ic=False
diag(geom) min= 386.519942 max= 17652.915306
diag(all) min= 386.519942 max= 17652.915306
Trying gamma equal 0.042000
Convergence reached after 17 iterations with no gamma cycles
min(dx) = -6.187323008672166e-07
max(dx) = 7.071091379162454e-07
mean(dx)= -1.530196295520578e-08
vdws = 15
atoms = 10
pairs = 41
 geom_x = 0.10715940590348418
 geom_a = 0
 geom_q = 0
 geom_c = 0.0
f1, 0= 1.0716e-01
                          N restraints  r.m.s.d.  r.m.s.Z  Mn(sigma)
Bond distances, non H                4     0.001    0.073      0.013
Bond distances, H                    6     0.000    0.000      0.016
Bond angles, non H                   5     0.267    0.154      2.100
Bond angles, H                      14     0.171    0.073      1.929
Torsion angles, period 3             1     0.000    0.000     10.000
Chiral centres                       1     0.000    0.004      0.089


$TABLE: stats vs cycle :
$GRAPHS
: Geometry :A:1,4,2:
: Geometry Z :A:1,5,3:
$$
 Ncyc  rmsBOND  zBOND  rmsANGL  zANGL
$$
$$
    0   0.0008 0.0730   0.2648 0.1537
    1   0.0008 0.0730   0.2665 0.1541
    2   0.0008 0.0730   0.2669 0.1541
    3   0.0008 0.0730   0.2671 0.1542
    4   0.0008 0.0730   0.2671 0.1542
    5   0.0008 0.0730   0.2672 0.1542
    6   0.0008 0.0730   0.2672 0.1542
    7   0.0008 0.0730   0.2672 0.1542
    8   0.0008 0.0730   0.2672 0.1542
    9   0.0008 0.0730   0.2672 0.1542
   10   0.0008 0.0729   0.2672 0.1542
   11   0.0008 0.0729   0.2672 0.1542
   12   0.0008 0.0729   0.2672 0.1542
   13   0.0008 0.0729   0.2672 0.1542
   14   0.0008 0.0729   0.2672 0.1542
   15   0.0008 0.0729   0.2672 0.1542
   16   0.0008 0.0729   0.2672 0.1542
   17   0.0008 0.0729   0.2672 0.1542
   18   0.0008 0.0729   0.2672 0.1542
   19   0.0008 0.0729   0.2672 0.1542
   20   0.0008 0.0729   0.2672 0.1542
   21   0.0008 0.0729   0.2672 0.1542
   22   0.0008 0.0729   0.2672 0.1542
   23   0.0008 0.0729   0.2672 0.1542
   24   0.0008 0.0729   0.2672 0.1542
   25   0.0008 0.0729   0.2672 0.1542
   26   0.0008 0.0729   0.2672 0.1542
   27   0.0008 0.0729   0.2672 0.1542
   28   0.0008 0.0729   0.2672 0.1542
   29   0.0008 0.0729   0.2672 0.1542
   30   0.0008 0.0729   0.2672 0.1542
$$

Updated dictionary saved: EPX_MODEL_TMP/mol_1_conf_6_updated.cif
Refinement statistics saved: EPX_MODEL_TMP/mol_1_conf_6_stats.json

# Finished on 2026-06-14 11:41:16.598159

=========END OF PROCESS INFORMATION ==========
