
============ PROCESS INFORMATION =============
# Servalcat ver. 0.4.128 (Python 3.9.18)
# Library vers. gemmi 0.7.4, scipy 1.7.3, numpy 1.19.5, pandas 1.3.5
# Started on 2026-06-14 11:41:12.788869
# Host: Mac.lan User: hilgersmt
# Command-line:
# servalcat --logfile EPX_MODEL_TMP/servalcat.log refine_geom --update_dictionary EPX_MODEL_TMP/mol_1_conf_4_init.cif -o EPX_MODEL_TMP/mol_1_conf_4 --randomize 0.01
Config loaded
--
refine:
  atom_selection:
    xyz:
      include:
      - '*'
      exclude: []
      exclude_restraint: []
    adp:
      include: []
      exclude: []
      exclude_restraint: []
    occ:
      include: []
      exclude: []
      exclude_restraint: []
    dfrac:
      include: []
      exclude: []
      exclude_restraint: []
  occ_groups: []
  occ_group_constraints: []
  occ_group_const_mu: 10.0
  occ_group_const_mu_update_factor: 1.1
  occ_group_const_mu_update_tol_rel: 0.25
  occ_group_const_mu_update_tol_abs: 0.01
  initialisation:
    adp: {}
    occ: {}
    dfrac: {}
  write_trajectory: false
--
Reading monomers from /Applications/ccp4-9/lib/data/monomers/
Monomer not in the library: EPX.
Reading monomer: EPX_MODEL_TMP/mol_1_conf_4_init.cif
Monomer library loaded: 1 monomers, 109 links, 133 modifications
       loaded monomers: EPX

Checking if unknown atoms exist..
Creating restraints..

Chain info:
 chain 
  ligands: EPX (1 residues)

Number of refinement parameters:
       n_params  n_atoms  n_atoms_geom_only  n_atoms_data_only
xyz           4        4                  0                  0
adp           0        0                  0                  0
occ           0        0                  0                  0
dfrac         0        0                  0                  0

Randomizing structure with rmsd of 0.01
Torsion angle rules:
 include:
  {'group': 'peptide', 'tors_name': 'chi*'}
  {'link': '*', 'tors_name': 'omega'}
  {'residue': '*', 'tors_name': 'sp2_sp2*'}
  {'link': '*', 'tors_name': 'sp2_sp2*'}
 exclude:
  none
External restraints from Refmac instructions
 Number of distances          : 0
 Number of angles             : 0
 Number of torsions           : 0
 Number of chirals            : 0
 Number of planes             : 0
 Number of intervals          : 0
 Number of stackings          : 0
 Number of harmonics          : 0
 Number of special positions  : 0

Running 10 cycles with wchir=4 wvdw=2 without hydrogen
Geometry weights
vdws = 0
atoms = 4
pairs = 6
                       N restraints  r.m.s.d.  r.m.s.Z  Mn(sigma)
Bond distances, non H             4     0.040    2.811      0.013
Bond angles, non H                5     6.138    2.133      2.100
Chiral centres                    1     0.329    3.675      0.089


====== CYCLE  1 ======

 weight = 1.0000e+00
 geom_x = 135.25200515796487
 geom_a = 0
 geom_q = 0
 geom_c = 0.0
f0= 1.3525e+02
using cgsolve in c++, ic=False
diag(geom) min= 689.832148 max= 22671.902512
diag(all) min= 689.832148 max= 22671.902512
Trying gamma equal 0.000000
Convergence reached after 6 iterations with no gamma cycles
min(dx) = -0.1528383163604705
max(dx) = 0.09774828163527848
mean(dx)= -0.004067106698121001
vdws = 0
atoms = 4
pairs = 6
 geom_x = 1.400989216514536
 geom_a = 0
 geom_q = 0
 geom_c = 0.0
f1, 0= 1.4010e+00
                       N restraints  r.m.s.d.  r.m.s.Z  Mn(sigma)
Bond distances, non H             4     0.005    0.340      0.013
Bond angles, non H                5     0.945    0.328      2.100
Chiral centres                    1     0.030    0.335      0.089



====== CYCLE  2 ======

 weight = 1.0000e+00
 geom_x = 1.400989216514536
 geom_a = 0
 geom_q = 0
 geom_c = 0.0
f0= 1.4010e+00
using cgsolve in c++, ic=False
diag(geom) min= 768.771987 max= 24383.137588
diag(all) min= 768.771987 max= 24383.137588
Trying gamma equal 0.000000
Convergence reached after 6 iterations with no gamma cycles
min(dx) = -0.018900770938117987
max(dx) = 0.0173406351143257
mean(dx)= 0.0006719173632486861
vdws = 0
atoms = 4
pairs = 6
 geom_x = 0.06856457868977607
 geom_a = 0
 geom_q = 0
 geom_c = 0.0
f1, 0= 6.8565e-02
                       N restraints  r.m.s.d.  r.m.s.Z  Mn(sigma)
Bond distances, non H             4     0.001    0.076      0.013
Bond angles, non H                5     0.253    0.151      2.100
Chiral centres                    1     0.000    0.001      0.089



====== CYCLE  3 ======

 weight = 1.0000e+00
 geom_x = 0.06856457868977607
 geom_a = 0
 geom_q = 0
 geom_c = 0.0
f0= 6.8565e-02
using cgsolve in c++, ic=False
diag(geom) min= 775.348988 max= 24100.077892
diag(all) min= 775.348988 max= 24100.077892
Trying gamma equal 0.000000
Convergence reached after 6 iterations with no gamma cycles
min(dx) = -0.00037254454083235355
max(dx) = 0.0003570778860520816
mean(dx)= 2.556329368640369e-05
vdws = 0
atoms = 4
pairs = 6
 geom_x = 0.06817595992127967
 geom_a = 0
 geom_q = 0
 geom_c = 0.0
f1, 0= 6.8176e-02
                       N restraints  r.m.s.d.  r.m.s.Z  Mn(sigma)
Bond distances, non H             4     0.001    0.077      0.013
Bond angles, non H                5     0.246    0.150      2.100
Chiral centres                    1     0.001    0.006      0.089



====== CYCLE  4 ======

 weight = 1.0000e+00
 geom_x = 0.06817595992127967
 geom_a = 0
 geom_q = 0
 geom_c = 0.0
f0= 6.8176e-02
using cgsolve in c++, ic=False
diag(geom) min= 775.480694 max= 24094.431666
diag(all) min= 775.480694 max= 24094.431666
Trying gamma equal 0.000000
Convergence reached after 6 iterations with no gamma cycles
min(dx) = -1.3249634611464022e-06
max(dx) = 4.3041356526638775e-06
mean(dx)= 3.7443449135744757e-07
vdws = 0
atoms = 4
pairs = 6
 geom_x = 0.06817595556812367
 geom_a = 0
 geom_q = 0
 geom_c = 0.0
f1, 0= 6.8176e-02
                       N restraints  r.m.s.d.  r.m.s.Z  Mn(sigma)
Bond distances, non H             4     0.001    0.077      0.013
Bond angles, non H                5     0.246    0.150      2.100
Chiral centres                    1     0.001    0.006      0.089



====== CYCLE  5 ======

 weight = 1.0000e+00
 geom_x = 0.06817595556812367
 geom_a = 0
 geom_q = 0
 geom_c = 0.0
f0= 6.8176e-02
using cgsolve in c++, ic=False
diag(geom) min= 775.482699 max= 24094.422571
diag(all) min= 775.482699 max= 24094.422571
Trying gamma equal 0.000000
Not converging with gamma equal 0.000000
Trying gamma equal 0.052500
Gamma decreased to 0.042000
min(dx) = -6.715848298393448e-09
max(dx) = 4.599268151165783e-08
mean(dx)= 3.821658995544444e-09
vdws = 0
atoms = 4
pairs = 6
 geom_x = 0.06817595556762983
 geom_a = 0
 geom_q = 0
 geom_c = 0.0
f1, 0= 6.8176e-02
                       N restraints  r.m.s.d.  r.m.s.Z  Mn(sigma)
Bond distances, non H             4     0.001    0.077      0.013
Bond angles, non H                5     0.246    0.150      2.100
Chiral centres                    1     0.001    0.006      0.089



====== CYCLE  6 ======

 weight = 1.0000e+00
 geom_x = 0.06817595556762983
 geom_a = 0
 geom_q = 0
 geom_c = 0.0
f0= 6.8176e-02
using cgsolve in c++, ic=False
diag(geom) min= 775.482721 max= 24094.422672
diag(all) min= 775.482721 max= 24094.422672
Trying gamma equal 0.042000
Convergence reached after 6 iterations with no gamma cycles
min(dx) = -1.8942232090813954e-09
max(dx) = 1.3671584249003776e-08
mean(dx)= 1.1577208231944974e-09
vdws = 0
atoms = 4
pairs = 6
 geom_x = 0.06817595556758661
 geom_a = 0
 geom_q = 0
 geom_c = 0.0
f1, 0= 6.8176e-02
                       N restraints  r.m.s.d.  r.m.s.Z  Mn(sigma)
Bond distances, non H             4     0.001    0.077      0.013
Bond angles, non H                5     0.246    0.150      2.100
Chiral centres                    1     0.001    0.006      0.089



====== CYCLE  7 ======

 weight = 1.0000e+00
 geom_x = 0.06817595556758661
 geom_a = 0
 geom_q = 0
 geom_c = 0.0
f0= 6.8176e-02
using cgsolve in c++, ic=False
diag(geom) min= 775.482727 max= 24094.422687
diag(all) min= 775.482727 max= 24094.422687
Trying gamma equal 0.042000
Convergence reached after 6 iterations with no gamma cycles
min(dx) = -5.541189270823863e-10
max(dx) = 3.4647732302128802e-09
mean(dx)= 2.940381498507363e-10
vdws = 0
atoms = 4
pairs = 6
 geom_x = 0.06817595556758074
 geom_a = 0
 geom_q = 0
 geom_c = 0.0
f1, 0= 6.8176e-02
                       N restraints  r.m.s.d.  r.m.s.Z  Mn(sigma)
Bond distances, non H             4     0.001    0.077      0.013
Bond angles, non H                5     0.246    0.150      2.100
Chiral centres                    1     0.001    0.006      0.089



====== CYCLE  8 ======

 weight = 1.0000e+00
 geom_x = 0.06817595556758074
 geom_a = 0
 geom_q = 0
 geom_c = 0.0
f0= 6.8176e-02
using cgsolve in c++, ic=False
diag(geom) min= 775.482729 max= 24094.422689
diag(all) min= 775.482729 max= 24094.422689
Trying gamma equal 0.042000
Convergence reached after 6 iterations with no gamma cycles
min(dx) = -1.5188710563999983e-10
max(dx) = 8.938594060289071e-10
mean(dx)= 7.589699479758701e-11
vdws = 0
atoms = 4
pairs = 6
 geom_x = 0.068175955567583
 geom_a = 0
 geom_q = 0
 geom_c = 0.0
f1, 0= 6.8176e-02
min(dx) = -7.594355281999992e-11
max(dx) = 4.4692970301445355e-10
mean(dx)= 3.7948497398793506e-11
vdws = 0
atoms = 4
pairs = 6
 geom_x = 0.0681759555675854
 geom_a = 0
 geom_q = 0
 geom_c = 0.0
f1, 1= 6.8176e-02
min(dx) = -3.797177640999996e-11
max(dx) = 2.2346485150722678e-10
mean(dx)= 1.8974248699396753e-11
vdws = 0
atoms = 4
pairs = 6
 geom_x = 0.06817595556758196
 geom_a = 0
 geom_q = 0
 geom_c = 0.0
f1, 2= 6.8176e-02
WARNING: function not minimised
                       N restraints  r.m.s.d.  r.m.s.Z  Mn(sigma)
Bond distances, non H             4     0.001    0.077      0.013
Bond angles, non H                5     0.246    0.150      2.100
Chiral centres                    1     0.001    0.006      0.089



====== CYCLE  9 ======

 weight = 1.0000e+00
 geom_x = 0.06817595556758196
 geom_a = 0
 geom_q = 0
 geom_c = 0.0
f0= 6.8176e-02
using cgsolve in c++, ic=False
diag(geom) min= 775.482729 max= 24094.422689
diag(all) min= 775.482729 max= 24094.422689
Trying gamma equal 0.042000
Convergence reached after 6 iterations with no gamma cycles
min(dx) = -1.2401023221694642e-10
max(dx) = 7.284448921253597e-10
mean(dx)= 6.185263973183896e-11
vdws = 0
atoms = 4
pairs = 6
 geom_x = 0.06817595556758682
 geom_a = 0
 geom_q = 0
 geom_c = 0.0
f1, 0= 6.8176e-02
min(dx) = -6.200511610847321e-11
max(dx) = 3.6422244606267986e-10
mean(dx)= 3.092631986591948e-11
vdws = 0
atoms = 4
pairs = 6
 geom_x = 0.06817595556758381
 geom_a = 0
 geom_q = 0
 geom_c = 0.0
f1, 1= 6.8176e-02
min(dx) = -3.1002558054236604e-11
max(dx) = 1.8211122303133993e-10
mean(dx)= 1.546315993295974e-11
vdws = 0
atoms = 4
pairs = 6
 geom_x = 0.06817595556758324
 geom_a = 0
 geom_q = 0
 geom_c = 0.0
f1, 2= 6.8176e-02
WARNING: function not minimised
                       N restraints  r.m.s.d.  r.m.s.Z  Mn(sigma)
Bond distances, non H             4     0.001    0.077      0.013
Bond angles, non H                5     0.246    0.150      2.100
Chiral centres                    1     0.001    0.006      0.089



====== CYCLE 10 ======

 weight = 1.0000e+00
 geom_x = 0.06817595556758324
 geom_a = 0
 geom_q = 0
 geom_c = 0.0
f0= 6.8176e-02
using cgsolve in c++, ic=False
diag(geom) min= 775.482729 max= 24094.422689
diag(all) min= 775.482729 max= 24094.422689
Trying gamma equal 0.042000
Convergence reached after 6 iterations with no gamma cycles
min(dx) = -1.0124246150737179e-10
max(dx) = 5.936527491177805e-10
mean(dx)= 5.040802451453904e-11
vdws = 0
atoms = 4
pairs = 6
 geom_x = 0.06817595556758334
 geom_a = 0
 geom_q = 0
 geom_c = 0.0
f1, 0= 6.8176e-02
min(dx) = -5.0621230753685894e-11
max(dx) = 2.9682637455889025e-10
mean(dx)= 2.520401225726952e-11
vdws = 0
atoms = 4
pairs = 6
 geom_x = 0.068175955567585
 geom_a = 0
 geom_q = 0
 geom_c = 0.0
f1, 1= 6.8176e-02
min(dx) = -2.5310615376842947e-11
max(dx) = 1.4841318727944513e-10
mean(dx)= 1.260200612863476e-11
vdws = 0
atoms = 4
pairs = 6
 geom_x = 0.0681759555675834
 geom_a = 0
 geom_q = 0
 geom_c = 0.0
f1, 2= 6.8176e-02
WARNING: function not minimised
                       N restraints  r.m.s.d.  r.m.s.Z  Mn(sigma)
Bond distances, non H             4     0.001    0.077      0.013
Bond angles, non H                5     0.246    0.150      2.100
Chiral centres                    1     0.001    0.006      0.089


$TABLE: stats vs cycle :
$GRAPHS
: Geometry :A:1,4,2:
: Geometry Z :A:1,3,5:
$$
 Ncyc  rmsBOND  zBOND  rmsANGL  zANGL
$$
$$
    0   0.0400 2.8112   6.1378 2.1332
    1   0.0051 0.3405   0.9451 0.3284
    2   0.0008 0.0758   0.2535 0.1511
    3   0.0009 0.0770   0.2461 0.1497
    4   0.0009 0.0770   0.2460 0.1497
    5   0.0009 0.0770   0.2460 0.1497
    6   0.0009 0.0770   0.2460 0.1497
    7   0.0009 0.0770   0.2460 0.1497
    8   0.0009 0.0770   0.2460 0.1497
    9   0.0009 0.0770   0.2460 0.1497
   10   0.0009 0.0770   0.2460 0.1497
$$

Running 30 cycles with wchir=1 wvdw=2 without hydrogen
Geometry weights
vdws = 0
atoms = 4
pairs = 6
                       N restraints  r.m.s.d.  r.m.s.Z  Mn(sigma)
Bond distances, non H             4     0.001    0.077      0.013
Bond angles, non H                5     0.246    0.150      2.100
Chiral centres                    1     0.001    0.006      0.089


====== CYCLE  1 ======

 weight = 1.0000e+00
 geom_x = 0.06789327199929597
 geom_a = 0
 geom_q = 0
 geom_c = 0.0
f0= 6.7893e-02
using cgsolve in c++, ic=False
diag(geom) min= 199.288150 max= 13080.932269
diag(all) min= 199.288150 max= 13080.932269
Trying gamma equal 0.042000
Convergence reached after 6 iterations with no gamma cycles
min(dx) = -0.0005942611234476938
max(dx) = 0.0017706526867026903
mean(dx)= 6.0536884810553714e-05
vdws = 0
atoms = 4
pairs = 6
 geom_x = 0.06586912517016268
 geom_a = 0
 geom_q = 0
 geom_c = 0.0
f1, 0= 6.5869e-02
                       N restraints  r.m.s.d.  r.m.s.Z  Mn(sigma)
Bond distances, non H             4     0.001    0.076      0.013
Bond angles, non H                5     0.226    0.146      2.100
Chiral centres                    1     0.004    0.048      0.089



====== CYCLE  2 ======

 weight = 1.0000e+00
 geom_x = 0.06586912517016268
 geom_a = 0
 geom_q = 0
 geom_c = 0.0
f0= 6.5869e-02
using cgsolve in c++, ic=False
diag(geom) min= 199.259125 max= 13073.718878
diag(all) min= 199.259125 max= 13073.718878
Trying gamma equal 0.042000
Convergence reached after 6 iterations with no gamma cycles
min(dx) = -7.43564954502541e-05
max(dx) = 0.00014271856125157504
mean(dx)= 1.285806209065146e-05
vdws = 0
atoms = 4
pairs = 6
 geom_x = 0.0658611342351206
 geom_a = 0
 geom_q = 0
 geom_c = 0.0
f1, 0= 6.5861e-02
                       N restraints  r.m.s.d.  r.m.s.Z  Mn(sigma)
Bond distances, non H             4     0.001    0.076      0.013
Bond angles, non H                5     0.225    0.146      2.100
Chiral centres                    1     0.004    0.050      0.089



====== CYCLE  3 ======

 weight = 1.0000e+00
 geom_x = 0.0658611342351206
 geom_a = 0
 geom_q = 0
 geom_c = 0.0
f0= 6.5861e-02
using cgsolve in c++, ic=False
diag(geom) min= 199.233736 max= 13073.230430
diag(all) min= 199.233736 max= 13073.230430
Trying gamma equal 0.042000
Convergence reached after 6 iterations with no gamma cycles
min(dx) = -8.594995013129163e-06
max(dx) = 1.6177227976750787e-05
mean(dx)= 1.8741341407317564e-06
vdws = 0
atoms = 4
pairs = 6
 geom_x = 0.06586102894925673
 geom_a = 0
 geom_q = 0
 geom_c = 0.0
f1, 0= 6.5861e-02
                       N restraints  r.m.s.d.  r.m.s.Z  Mn(sigma)
Bond distances, non H             4     0.001    0.076      0.013
Bond angles, non H                5     0.225    0.146      2.100
Chiral centres                    1     0.004    0.050      0.089



====== CYCLE  4 ======

 weight = 1.0000e+00
 geom_x = 0.06586102894925673
 geom_a = 0
 geom_q = 0
 geom_c = 0.0
f0= 6.5861e-02
using cgsolve in c++, ic=False
diag(geom) min= 199.229651 max= 13073.179568
diag(all) min= 199.229651 max= 13073.179568
Trying gamma equal 0.042000
Convergence reached after 6 iterations with no gamma cycles
min(dx) = -9.906487602208403e-07
max(dx) = 2.0209242041639785e-06
mean(dx)= 2.437317582557081e-07
vdws = 0
atoms = 4
pairs = 6
 geom_x = 0.06586102745626592
 geom_a = 0
 geom_q = 0
 geom_c = 0.0
f1, 0= 6.5861e-02
                       N restraints  r.m.s.d.  r.m.s.Z  Mn(sigma)
Bond distances, non H             4     0.001    0.076      0.013
Bond angles, non H                5     0.225    0.146      2.100
Chiral centres                    1     0.004    0.050      0.089



====== CYCLE  5 ======

 weight = 1.0000e+00
 geom_x = 0.06586102745626592
 geom_a = 0
 geom_q = 0
 geom_c = 0.0
f0= 6.5861e-02
using cgsolve in c++, ic=False
diag(geom) min= 199.229105 max= 13073.173716
diag(all) min= 199.229105 max= 13073.173716
Trying gamma equal 0.042000
Convergence reached after 6 iterations with no gamma cycles
min(dx) = -1.1612586831304549e-07
max(dx) = 2.541019252368194e-07
mean(dx)= 3.029927127611008e-08
vdws = 0
atoms = 4
pairs = 6
 geom_x = 0.06586102743488118
 geom_a = 0
 geom_q = 0
 geom_c = 0.0
f1, 0= 6.5861e-02
                       N restraints  r.m.s.d.  r.m.s.Z  Mn(sigma)
Bond distances, non H             4     0.001    0.076      0.013
Bond angles, non H                5     0.225    0.146      2.100
Chiral centres                    1     0.004    0.050      0.089



====== CYCLE  6 ======

 weight = 1.0000e+00
 geom_x = 0.06586102743488118
 geom_a = 0
 geom_q = 0
 geom_c = 0.0
f0= 6.5861e-02
using cgsolve in c++, ic=False
diag(geom) min= 199.229036 max= 13073.173025
diag(all) min= 199.229036 max= 13073.173025
Trying gamma equal 0.042000
Convergence reached after 6 iterations with no gamma cycles
min(dx) = -1.3762414503864365e-08
max(dx) = 3.111165596651017e-08
mean(dx)= 3.6928500470276552e-09
vdws = 0
atoms = 4
pairs = 6
 geom_x = 0.0658610274345778
 geom_a = 0
 geom_q = 0
 geom_c = 0.0
f1, 0= 6.5861e-02
                       N restraints  r.m.s.d.  r.m.s.Z  Mn(sigma)
Bond distances, non H             4     0.001    0.076      0.013
Bond angles, non H                5     0.225    0.146      2.100
Chiral centres                    1     0.004    0.050      0.089



====== CYCLE  7 ======

 weight = 1.0000e+00
 geom_x = 0.0658610274345778
 geom_a = 0
 geom_q = 0
 geom_c = 0.0
f0= 6.5861e-02
using cgsolve in c++, ic=False
diag(geom) min= 199.229028 max= 13073.172943
diag(all) min= 199.229028 max= 13073.172943
Trying gamma equal 0.042000
Convergence reached after 6 iterations with no gamma cycles
min(dx) = -1.640310755465083e-09
max(dx) = 3.765400486309267e-09
mean(dx)= 4.460295507411177e-10
vdws = 0
atoms = 4
pairs = 6
 geom_x = 0.06586102743457614
 geom_a = 0
 geom_q = 0
 geom_c = 0.0
f1, 0= 6.5861e-02
                       N restraints  r.m.s.d.  r.m.s.Z  Mn(sigma)
Bond distances, non H             4     0.001    0.076      0.013
Bond angles, non H                5     0.225    0.146      2.100
Chiral centres                    1     0.004    0.050      0.089



====== CYCLE  8 ======

 weight = 1.0000e+00
 geom_x = 0.06586102743457614
 geom_a = 0
 geom_q = 0
 geom_c = 0.0
f0= 6.5861e-02
using cgsolve in c++, ic=False
diag(geom) min= 199.229027 max= 13073.172933
diag(all) min= 199.229027 max= 13073.172933
Trying gamma equal 0.042000
Convergence reached after 6 iterations with no gamma cycles
min(dx) = -1.960483275475977e-10
max(dx) = 4.5330825593810004e-10
mean(dx)= 5.364572364052251e-11
vdws = 0
atoms = 4
pairs = 6
 geom_x = 0.06586102743456909
 geom_a = 0
 geom_q = 0
 geom_c = 0.0
f1, 0= 6.5861e-02
                       N restraints  r.m.s.d.  r.m.s.Z  Mn(sigma)
Bond distances, non H             4     0.001    0.076      0.013
Bond angles, non H                5     0.225    0.146      2.100
Chiral centres                    1     0.004    0.050      0.089



====== CYCLE  9 ======

 weight = 1.0000e+00
 geom_x = 0.06586102743456909
 geom_a = 0
 geom_q = 0
 geom_c = 0.0
f0= 6.5861e-02
using cgsolve in c++, ic=False
diag(geom) min= 199.229026 max= 13073.172932
diag(all) min= 199.229026 max= 13073.172932
Trying gamma equal 0.042000
Convergence reached after 6 iterations with no gamma cycles
min(dx) = -2.3462693943432032e-11
max(dx) = 5.443714116540576e-11
mean(dx)= 6.439398560681027e-12
vdws = 0
atoms = 4
pairs = 6
 geom_x = 0.06586102743457228
 geom_a = 0
 geom_q = 0
 geom_c = 0.0
f1, 0= 6.5861e-02
min(dx) = -1.1731346971716016e-11
max(dx) = 2.721857058270288e-11
mean(dx)= 3.2196992803405136e-12
vdws = 0
atoms = 4
pairs = 6
 geom_x = 0.06586102743457198
 geom_a = 0
 geom_q = 0
 geom_c = 0.0
f1, 1= 6.5861e-02
min(dx) = -5.865673485858008e-12
max(dx) = 1.360928529135144e-11
mean(dx)= 1.6098496401702568e-12
vdws = 0
atoms = 4
pairs = 6
 geom_x = 0.0658610274345707
 geom_a = 0
 geom_q = 0
 geom_c = 0.0
f1, 2= 6.5861e-02
WARNING: function not minimised
                       N restraints  r.m.s.d.  r.m.s.Z  Mn(sigma)
Bond distances, non H             4     0.001    0.076      0.013
Bond angles, non H                5     0.225    0.146      2.100
Chiral centres                    1     0.004    0.050      0.089



====== CYCLE 10 ======

 weight = 1.0000e+00
 geom_x = 0.0658610274345707
 geom_a = 0
 geom_q = 0
 geom_c = 0.0
f0= 6.5861e-02
using cgsolve in c++, ic=False
diag(geom) min= 199.229026 max= 13073.172932
diag(all) min= 199.229026 max= 13073.172932
Trying gamma equal 0.042000
Convergence reached after 6 iterations with no gamma cycles
min(dx) = -1.8299319783773132e-11
max(dx) = 4.2459711437840446e-11
mean(dx)= 5.022571332226366e-12
vdws = 0
atoms = 4
pairs = 6
 geom_x = 0.06586102743457914
 geom_a = 0
 geom_q = 0
 geom_c = 0.0
f1, 0= 6.5861e-02
min(dx) = -9.149659891886566e-12
max(dx) = 2.1229855718920223e-11
mean(dx)= 2.511285666113183e-12
vdws = 0
atoms = 4
pairs = 6
 geom_x = 0.06586102743457356
 geom_a = 0
 geom_q = 0
 geom_c = 0.0
f1, 1= 6.5861e-02
min(dx) = -4.574829945943283e-12
max(dx) = 1.0614927859460112e-11
mean(dx)= 1.2556428330565914e-12
vdws = 0
atoms = 4
pairs = 6
 geom_x = 0.06586102743457159
 geom_a = 0
 geom_q = 0
 geom_c = 0.0
f1, 2= 6.5861e-02
WARNING: function not minimised
                       N restraints  r.m.s.d.  r.m.s.Z  Mn(sigma)
Bond distances, non H             4     0.001    0.076      0.013
Bond angles, non H                5     0.225    0.146      2.100
Chiral centres                    1     0.004    0.050      0.089



====== CYCLE 11 ======

 weight = 1.0000e+00
 geom_x = 0.06586102743457159
 geom_a = 0
 geom_q = 0
 geom_c = 0.0
f0= 6.5861e-02
using cgsolve in c++, ic=False
diag(geom) min= 199.229026 max= 13073.172932
diag(all) min= 199.229026 max= 13073.172932
Trying gamma equal 0.042000
Convergence reached after 6 iterations with no gamma cycles
min(dx) = -1.4272638086793353e-11
max(dx) = 3.3118373532740654e-11
mean(dx)= 3.917537204832183e-12
vdws = 0
atoms = 4
pairs = 6
 geom_x = 0.06586102743457263
 geom_a = 0
 geom_q = 0
 geom_c = 0.0
f1, 0= 6.5861e-02
min(dx) = -7.1363190433966764e-12
max(dx) = 1.6559186766370327e-11
mean(dx)= 1.9587686024160913e-12
vdws = 0
atoms = 4
pairs = 6
 geom_x = 0.06586102743457178
 geom_a = 0
 geom_q = 0
 geom_c = 0.0
f1, 1= 6.5861e-02
min(dx) = -3.5681595216983382e-12
max(dx) = 8.279593383185164e-12
mean(dx)= 9.793843012080457e-13
vdws = 0
atoms = 4
pairs = 6
 geom_x = 0.06586102743456959
 geom_a = 0
 geom_q = 0
 geom_c = 0.0
f1, 2= 6.5861e-02
                       N restraints  r.m.s.d.  r.m.s.Z  Mn(sigma)
Bond distances, non H             4     0.001    0.076      0.013
Bond angles, non H                5     0.225    0.146      2.100
Chiral centres                    1     0.004    0.050      0.089



====== CYCLE 12 ======

 weight = 1.0000e+00
 geom_x = 0.06586102743456959
 geom_a = 0
 geom_q = 0
 geom_c = 0.0
f0= 6.5861e-02
using cgsolve in c++, ic=False
diag(geom) min= 199.229026 max= 13073.172932
diag(all) min= 199.229026 max= 13073.172932
Trying gamma equal 0.042000
Convergence reached after 6 iterations with no gamma cycles
min(dx) = -1.113156238748611e-11
max(dx) = 2.583160693646616e-11
mean(dx)= 3.055582301531679e-12
vdws = 0
atoms = 4
pairs = 6
 geom_x = 0.06586102743457356
 geom_a = 0
 geom_q = 0
 geom_c = 0.0
f1, 0= 6.5861e-02
min(dx) = -5.565781193743055e-12
max(dx) = 1.291580346823308e-11
mean(dx)= 1.5277911507658395e-12
vdws = 0
atoms = 4
pairs = 6
 geom_x = 0.06586102743457516
 geom_a = 0
 geom_q = 0
 geom_c = 0.0
f1, 1= 6.5861e-02
min(dx) = -2.7828905968715274e-12
max(dx) = 6.45790173411654e-12
mean(dx)= 7.638955753829198e-13
vdws = 0
atoms = 4
pairs = 6
 geom_x = 0.06586102743457381
 geom_a = 0
 geom_q = 0
 geom_c = 0.0
f1, 2= 6.5861e-02
WARNING: function not minimised
                       N restraints  r.m.s.d.  r.m.s.Z  Mn(sigma)
Bond distances, non H             4     0.001    0.076      0.013
Bond angles, non H                5     0.225    0.146      2.100
Chiral centres                    1     0.004    0.050      0.089



====== CYCLE 13 ======

 weight = 1.0000e+00
 geom_x = 0.06586102743457381
 geom_a = 0
 geom_q = 0
 geom_c = 0.0
f0= 6.5861e-02
using cgsolve in c++, ic=False
diag(geom) min= 199.229026 max= 13073.172932
diag(all) min= 199.229026 max= 13073.172932
Trying gamma equal 0.042000
Convergence reached after 6 iterations with no gamma cycles
min(dx) = -8.681869457130301e-12
max(dx) = 2.0148279641844678e-11
mean(dx)= 2.3832914695462646e-12
vdws = 0
atoms = 4
pairs = 6
 geom_x = 0.06586102743457319
 geom_a = 0
 geom_q = 0
 geom_c = 0.0
f1, 0= 6.5861e-02
                       N restraints  r.m.s.d.  r.m.s.Z  Mn(sigma)
Bond distances, non H             4     0.001    0.076      0.013
Bond angles, non H                5     0.225    0.146      2.100
Chiral centres                    1     0.004    0.050      0.089



====== CYCLE 14 ======

 weight = 1.0000e+00
 geom_x = 0.06586102743457319
 geom_a = 0
 geom_q = 0
 geom_c = 0.0
f0= 6.5861e-02
using cgsolve in c++, ic=False
diag(geom) min= 199.229026 max= 13073.172932
diag(all) min= 199.229026 max= 13073.172932
Trying gamma equal 0.042000
Convergence reached after 6 iterations with no gamma cycles
min(dx) = -1.0397457617480331e-12
max(dx) = 2.4171265717119133e-12
mean(dx)= 2.8582707046077306e-13
vdws = 0
atoms = 4
pairs = 6
 geom_x = 0.06586102743457056
 geom_a = 0
 geom_q = 0
 geom_c = 0.0
f1, 0= 6.5861e-02
                       N restraints  r.m.s.d.  r.m.s.Z  Mn(sigma)
Bond distances, non H             4     0.001    0.076      0.013
Bond angles, non H                5     0.225    0.146      2.100
Chiral centres                    1     0.004    0.050      0.089



====== CYCLE 15 ======

 weight = 1.0000e+00
 geom_x = 0.06586102743457056
 geom_a = 0
 geom_q = 0
 geom_c = 0.0
f0= 6.5861e-02
using cgsolve in c++, ic=False
diag(geom) min= 199.229026 max= 13073.172932
diag(all) min= 199.229026 max= 13073.172932
Trying gamma equal 0.042000
Convergence reached after 6 iterations with no gamma cycles
min(dx) = -1.2456065267368427e-13
max(dx) = 2.8948689851987666e-13
mean(dx)= 3.4239665917154514e-14
vdws = 0
atoms = 4
pairs = 6
 geom_x = 0.06586102743456784
 geom_a = 0
 geom_q = 0
 geom_c = 0.0
f1, 0= 6.5861e-02
                       N restraints  r.m.s.d.  r.m.s.Z  Mn(sigma)
Bond distances, non H             4     0.001    0.076      0.013
Bond angles, non H                5     0.225    0.146      2.100
Chiral centres                    1     0.004    0.050      0.089



====== CYCLE 16 ======

 weight = 1.0000e+00
 geom_x = 0.06586102743456784
 geom_a = 0
 geom_q = 0
 geom_c = 0.0
f0= 6.5861e-02
using cgsolve in c++, ic=False
diag(geom) min= 199.229026 max= 13073.172932
diag(all) min= 199.229026 max= 13073.172932
Trying gamma equal 0.042000
Convergence reached after 6 iterations with no gamma cycles
min(dx) = -1.4929148602536397e-14
max(dx) = 3.488124559635925e-14
mean(dx)= 4.138877635375645e-15
vdws = 0
atoms = 4
pairs = 6
 geom_x = 0.06586102743456704
 geom_a = 0
 geom_q = 0
 geom_c = 0.0
f1, 0= 6.5861e-02
                       N restraints  r.m.s.d.  r.m.s.Z  Mn(sigma)
Bond distances, non H             4     0.001    0.076      0.013
Bond angles, non H                5     0.225    0.146      2.100
Chiral centres                    1     0.004    0.050      0.089



====== CYCLE 17 ======

 weight = 1.0000e+00
 geom_x = 0.06586102743456704
 geom_a = 0
 geom_q = 0
 geom_c = 0.0
f0= 6.5861e-02
using cgsolve in c++, ic=False
diag(geom) min= 199.229026 max= 13073.172932
diag(all) min= 199.229026 max= 13073.172932
Trying gamma equal 0.042000
Convergence reached after 7 iterations with no gamma cycles
min(dx) = -1.846333708502674e-15
max(dx) = 3.5511252431917417e-15
mean(dx)= 4.270331094475952e-16
vdws = 0
atoms = 4
pairs = 6
 geom_x = 0.06586102743457076
 geom_a = 0
 geom_q = 0
 geom_c = 0.0
f1, 0= 6.5861e-02
min(dx) = -9.23166854251337e-16
max(dx) = 1.7755626215958709e-15
mean(dx)= 2.135165547237976e-16
vdws = 0
atoms = 4
pairs = 6
 geom_x = 0.06586102743456962
 geom_a = 0
 geom_q = 0
 geom_c = 0.0
f1, 1= 6.5861e-02
min(dx) = -4.615834271256685e-16
max(dx) = 8.877813107979354e-16
mean(dx)= 1.067582773618988e-16
vdws = 0
atoms = 4
pairs = 6
 geom_x = 0.06586102743456972
 geom_a = 0
 geom_q = 0
 geom_c = 0.0
f1, 2= 6.5861e-02
WARNING: function not minimised
                       N restraints  r.m.s.d.  r.m.s.Z  Mn(sigma)
Bond distances, non H             4     0.001    0.076      0.013
Bond angles, non H                5     0.225    0.146      2.100
Chiral centres                    1     0.004    0.050      0.089



====== CYCLE 18 ======

 weight = 1.0000e+00
 geom_x = 0.06586102743456972
 geom_a = 0
 geom_q = 0
 geom_c = 0.0
f0= 6.5861e-02
using cgsolve in c++, ic=False
diag(geom) min= 199.229026 max= 13073.172932
diag(all) min= 199.229026 max= 13073.172932
Trying gamma equal 0.042000
Convergence reached after 7 iterations with no gamma cycles
min(dx) = -1.3280410307897413e-15
max(dx) = 3.1605160232135616e-15
mean(dx)= 3.632655055602298e-16
vdws = 0
atoms = 4
pairs = 6
 geom_x = 0.06586102743457034
 geom_a = 0
 geom_q = 0
 geom_c = 0.0
f1, 0= 6.5861e-02
min(dx) = -6.640205153948706e-16
max(dx) = 1.5802580116067808e-15
mean(dx)= 1.816327527801149e-16
vdws = 0
atoms = 4
pairs = 6
 geom_x = 0.0658610274345694
 geom_a = 0
 geom_q = 0
 geom_c = 0.0
f1, 1= 6.5861e-02
                       N restraints  r.m.s.d.  r.m.s.Z  Mn(sigma)
Bond distances, non H             4     0.001    0.076      0.013
Bond angles, non H                5     0.225    0.146      2.100
Chiral centres                    1     0.004    0.050      0.089



====== CYCLE 19 ======

 weight = 1.0000e+00
 geom_x = 0.0658610274345694
 geom_a = 0
 geom_q = 0
 geom_c = 0.0
f0= 6.5861e-02
using cgsolve in c++, ic=False
diag(geom) min= 199.229026 max= 13073.172932
diag(all) min= 199.229026 max= 13073.172932
Trying gamma equal 0.042000
Convergence reached after 7 iterations with no gamma cycles
min(dx) = -8.143625830975174e-16
max(dx) = 1.7129684769382955e-15
mean(dx)= 2.0593986360905568e-16
vdws = 0
atoms = 4
pairs = 6
 geom_x = 0.06586102743456844
 geom_a = 0
 geom_q = 0
 geom_c = 0.0
f1, 0= 6.5861e-02
                       N restraints  r.m.s.d.  r.m.s.Z  Mn(sigma)
Bond distances, non H             4     0.001    0.076      0.013
Bond angles, non H                5     0.225    0.146      2.100
Chiral centres                    1     0.004    0.050      0.089



====== CYCLE 20 ======

 weight = 1.0000e+00
 geom_x = 0.06586102743456844
 geom_a = 0
 geom_q = 0
 geom_c = 0.0
f0= 6.5861e-02
using cgsolve in c++, ic=False
diag(geom) min= 199.229026 max= 13073.172932
diag(all) min= 199.229026 max= 13073.172932
Trying gamma equal 0.042000
Convergence reached after 7 iterations with no gamma cycles
min(dx) = -4.928096456283939e-17
max(dx) = 2.5998319868445646e-16
mean(dx)= 3.6945511492847504e-17
vdws = 0
atoms = 4
pairs = 6
 geom_x = 0.06586102743457095
 geom_a = 0
 geom_q = 0
 geom_c = 0.0
f1, 0= 6.5861e-02
min(dx) = -2.4640482281419694e-17
max(dx) = 1.2999159934222823e-16
mean(dx)= 1.8472755746423752e-17
vdws = 0
atoms = 4
pairs = 6
 geom_x = 0.06586102743457084
 geom_a = 0
 geom_q = 0
 geom_c = 0.0
f1, 1= 6.5861e-02
min(dx) = -1.2320241140709847e-17
max(dx) = 6.499579967111411e-17
mean(dx)= 9.236377873211876e-18
vdws = 0
atoms = 4
pairs = 6
 geom_x = 0.06586102743457084
 geom_a = 0
 geom_q = 0
 geom_c = 0.0
f1, 2= 6.5861e-02
WARNING: function not minimised
                       N restraints  r.m.s.d.  r.m.s.Z  Mn(sigma)
Bond distances, non H             4     0.001    0.076      0.013
Bond angles, non H                5     0.225    0.146      2.100
Chiral centres                    1     0.004    0.050      0.089



====== CYCLE 21 ======

 weight = 1.0000e+00
 geom_x = 0.06586102743457084
 geom_a = 0
 geom_q = 0
 geom_c = 0.0
f0= 6.5861e-02
using cgsolve in c++, ic=False
diag(geom) min= 199.229026 max= 13073.172932
diag(all) min= 199.229026 max= 13073.172932
Trying gamma equal 0.042000
Convergence reached after 7 iterations with no gamma cycles
min(dx) = -1.0983265854301236e-16
max(dx) = 1.451550103192394e-16
mean(dx)= 7.616945605621037e-18
vdws = 0
atoms = 4
pairs = 6
 geom_x = 0.06586102743457084
 geom_a = 0
 geom_q = 0
 geom_c = 0.0
f1, 0= 6.5861e-02
min(dx) = -5.491632927150618e-17
max(dx) = 7.25775051596197e-17
mean(dx)= 3.808472802810518e-18
vdws = 0
atoms = 4
pairs = 6
 geom_x = 0.06586102743457084
 geom_a = 0
 geom_q = 0
 geom_c = 0.0
f1, 1= 6.5861e-02
min(dx) = -2.745816463575309e-17
max(dx) = 3.628875257980985e-17
mean(dx)= 1.904236401405259e-18
vdws = 0
atoms = 4
pairs = 6
 geom_x = 0.06586102743457084
 geom_a = 0
 geom_q = 0
 geom_c = 0.0
f1, 2= 6.5861e-02
WARNING: function not minimised
                       N restraints  r.m.s.d.  r.m.s.Z  Mn(sigma)
Bond distances, non H             4     0.001    0.076      0.013
Bond angles, non H                5     0.225    0.146      2.100
Chiral centres                    1     0.004    0.050      0.089



====== CYCLE 22 ======

 weight = 1.0000e+00
 geom_x = 0.06586102743457084
 geom_a = 0
 geom_q = 0
 geom_c = 0.0
f0= 6.5861e-02
using cgsolve in c++, ic=False
diag(geom) min= 199.229026 max= 13073.172932
diag(all) min= 199.229026 max= 13073.172932
Trying gamma equal 0.042000
Convergence reached after 7 iterations with no gamma cycles
min(dx) = -1.0986421831750414e-16
max(dx) = 1.4598569457212647e-16
mean(dx)= 7.693110006185867e-18
vdws = 0
atoms = 4
pairs = 6
 geom_x = 0.06586102743457084
 geom_a = 0
 geom_q = 0
 geom_c = 0.0
f1, 0= 6.5861e-02
min(dx) = -5.493210915875207e-17
max(dx) = 7.299284728606324e-17
mean(dx)= 3.846555003092934e-18
vdws = 0
atoms = 4
pairs = 6
 geom_x = 0.06586102743457084
 geom_a = 0
 geom_q = 0
 geom_c = 0.0
f1, 1= 6.5861e-02
min(dx) = -2.7466054579376035e-17
max(dx) = 3.649642364303162e-17
mean(dx)= 1.923277501546467e-18
vdws = 0
atoms = 4
pairs = 6
 geom_x = 0.06586102743457084
 geom_a = 0
 geom_q = 0
 geom_c = 0.0
f1, 2= 6.5861e-02
WARNING: function not minimised
                       N restraints  r.m.s.d.  r.m.s.Z  Mn(sigma)
Bond distances, non H             4     0.001    0.076      0.013
Bond angles, non H                5     0.225    0.146      2.100
Chiral centres                    1     0.004    0.050      0.089



====== CYCLE 23 ======

 weight = 1.0000e+00
 geom_x = 0.06586102743457084
 geom_a = 0
 geom_q = 0
 geom_c = 0.0
f0= 6.5861e-02
using cgsolve in c++, ic=False
diag(geom) min= 199.229026 max= 13073.172932
diag(all) min= 199.229026 max= 13073.172932
Trying gamma equal 0.042000
Convergence reached after 7 iterations with no gamma cycles
min(dx) = -1.0999601887510654e-16
max(dx) = 1.466921570082326e-16
mean(dx)= 7.868832881415859e-18
vdws = 0
atoms = 4
pairs = 6
 geom_x = 0.06586102743457078
 geom_a = 0
 geom_q = 0
 geom_c = 0.0
f1, 0= 6.5861e-02
                       N restraints  r.m.s.d.  r.m.s.Z  Mn(sigma)
Bond distances, non H             4     0.001    0.076      0.013
Bond angles, non H                5     0.225    0.146      2.100
Chiral centres                    1     0.004    0.050      0.089



====== CYCLE 24 ======

 weight = 1.0000e+00
 geom_x = 0.06586102743457078
 geom_a = 0
 geom_q = 0
 geom_c = 0.0
f0= 6.5861e-02
using cgsolve in c++, ic=False
diag(geom) min= 199.229026 max= 13073.172932
diag(all) min= 199.229026 max= 13073.172932
Trying gamma equal 0.042000
Convergence reached after 7 iterations with no gamma cycles
min(dx) = -5.189119291132607e-16
max(dx) = 7.386061879051837e-17
mean(dx)= -4.621961208674331e-17
vdws = 0
atoms = 4
pairs = 6
 geom_x = 0.06586102743457094
 geom_a = 0
 geom_q = 0
 geom_c = 0.0
f1, 0= 6.5861e-02
min(dx) = -2.5945596455663036e-16
max(dx) = 3.6930309395259183e-17
mean(dx)= -2.3109806043371656e-17
vdws = 0
atoms = 4
pairs = 6
 geom_x = 0.06586102743457084
 geom_a = 0
 geom_q = 0
 geom_c = 0.0
f1, 1= 6.5861e-02
min(dx) = -1.2972798227831518e-16
max(dx) = 1.8465154697629592e-17
mean(dx)= -1.1554903021685828e-17
vdws = 0
atoms = 4
pairs = 6
 geom_x = 0.06586102743457084
 geom_a = 0
 geom_q = 0
 geom_c = 0.0
f1, 2= 6.5861e-02
WARNING: function not minimised
                       N restraints  r.m.s.d.  r.m.s.Z  Mn(sigma)
Bond distances, non H             4     0.001    0.076      0.013
Bond angles, non H                5     0.225    0.146      2.100
Chiral centres                    1     0.004    0.050      0.089



====== CYCLE 25 ======

 weight = 1.0000e+00
 geom_x = 0.06586102743457084
 geom_a = 0
 geom_q = 0
 geom_c = 0.0
f0= 6.5861e-02
using cgsolve in c++, ic=False
diag(geom) min= 199.229026 max= 13073.172932
diag(all) min= 199.229026 max= 13073.172932
Trying gamma equal 0.042000
Convergence reached after 7 iterations with no gamma cycles
min(dx) = -1.1002966276205171e-16
max(dx) = 1.4703790965625712e-16
mean(dx)= 7.364072437386763e-18
vdws = 0
atoms = 4
pairs = 6
 geom_x = 0.06586102743457059
 geom_a = 0
 geom_q = 0
 geom_c = 0.0
f1, 0= 6.5861e-02
                       N restraints  r.m.s.d.  r.m.s.Z  Mn(sigma)
Bond distances, non H             4     0.001    0.076      0.013
Bond angles, non H                5     0.225    0.146      2.100
Chiral centres                    1     0.004    0.050      0.089



====== CYCLE 26 ======

 weight = 1.0000e+00
 geom_x = 0.06586102743457059
 geom_a = 0
 geom_q = 0
 geom_c = 0.0
f0= 6.5861e-02
using cgsolve in c++, ic=False
diag(geom) min= 199.229026 max= 13073.172932
diag(all) min= 199.229026 max= 13073.172932
Trying gamma equal 0.042000
Convergence reached after 7 iterations with no gamma cycles
min(dx) = -1.343727693514249e-16
max(dx) = 1.2173666703044732e-16
mean(dx)= 1.0695245118514327e-17
vdws = 0
atoms = 4
pairs = 6
 geom_x = 0.06586102743457045
 geom_a = 0
 geom_q = 0
 geom_c = 0.0
f1, 0= 6.5861e-02
                       N restraints  r.m.s.d.  r.m.s.Z  Mn(sigma)
Bond distances, non H             4     0.001    0.076      0.013
Bond angles, non H                5     0.225    0.146      2.100
Chiral centres                    1     0.004    0.050      0.089



====== CYCLE 27 ======

 weight = 1.0000e+00
 geom_x = 0.06586102743457045
 geom_a = 0
 geom_q = 0
 geom_c = 0.0
f0= 6.5861e-02
using cgsolve in c++, ic=False
diag(geom) min= 199.229026 max= 13073.172932
diag(all) min= 199.229026 max= 13073.172932
Trying gamma equal 0.042000
Convergence reached after 7 iterations with no gamma cycles
min(dx) = -7.285914036574075e-17
max(dx) = 1.674227059269463e-16
mean(dx)= 9.817749581075406e-18
vdws = 0
atoms = 4
pairs = 6
 geom_x = 0.06586102743457273
 geom_a = 0
 geom_q = 0
 geom_c = 0.0
f1, 0= 6.5861e-02
min(dx) = -3.6429570182870375e-17
max(dx) = 8.371135296347315e-17
mean(dx)= 4.908874790537703e-18
vdws = 0
atoms = 4
pairs = 6
 geom_x = 0.06586102743457045
 geom_a = 0
 geom_q = 0
 geom_c = 0.0
f1, 1= 6.5861e-02
min(dx) = -1.8214785091435187e-17
max(dx) = 4.1855676481736574e-17
mean(dx)= 2.4544373952688514e-18
vdws = 0
atoms = 4
pairs = 6
 geom_x = 0.06586102743457045
 geom_a = 0
 geom_q = 0
 geom_c = 0.0
f1, 2= 6.5861e-02
WARNING: function not minimised
                       N restraints  r.m.s.d.  r.m.s.Z  Mn(sigma)
Bond distances, non H             4     0.001    0.076      0.013
Bond angles, non H                5     0.225    0.146      2.100
Chiral centres                    1     0.004    0.050      0.089



====== CYCLE 28 ======

 weight = 1.0000e+00
 geom_x = 0.06586102743457045
 geom_a = 0
 geom_q = 0
 geom_c = 0.0
f0= 6.5861e-02
using cgsolve in c++, ic=False
diag(geom) min= 199.229026 max= 13073.172932
diag(all) min= 199.229026 max= 13073.172932
Trying gamma equal 0.042000
Convergence reached after 7 iterations with no gamma cycles
min(dx) = -7.278682226748388e-17
max(dx) = 1.674562245899029e-16
mean(dx)= 9.828209782748386e-18
vdws = 0
atoms = 4
pairs = 6
 geom_x = 0.06586102743457273
 geom_a = 0
 geom_q = 0
 geom_c = 0.0
f1, 0= 6.5861e-02
min(dx) = -3.639341113374194e-17
max(dx) = 8.372811229495145e-17
mean(dx)= 4.914104891374193e-18
vdws = 0
atoms = 4
pairs = 6
 geom_x = 0.06586102743457056
 geom_a = 0
 geom_q = 0
 geom_c = 0.0
f1, 1= 6.5861e-02
min(dx) = -1.819670556687097e-17
max(dx) = 4.1864056147475724e-17
mean(dx)= 2.4570524456870964e-18
vdws = 0
atoms = 4
pairs = 6
 geom_x = 0.06586102743457056
 geom_a = 0
 geom_q = 0
 geom_c = 0.0
f1, 2= 6.5861e-02
WARNING: function not minimised
                       N restraints  r.m.s.d.  r.m.s.Z  Mn(sigma)
Bond distances, non H             4     0.001    0.076      0.013
Bond angles, non H                5     0.225    0.146      2.100
Chiral centres                    1     0.004    0.050      0.089



====== CYCLE 29 ======

 weight = 1.0000e+00
 geom_x = 0.06586102743457056
 geom_a = 0
 geom_q = 0
 geom_c = 0.0
f0= 6.5861e-02
using cgsolve in c++, ic=False
diag(geom) min= 199.229026 max= 13073.172932
diag(all) min= 199.229026 max= 13073.172932
Trying gamma equal 0.042000
Convergence reached after 7 iterations with no gamma cycles
min(dx) = -8.717477871121251e-17
max(dx) = 2.803735179267298e-16
mean(dx)= 4.450511260745155e-17
vdws = 0
atoms = 4
pairs = 6
 geom_x = 0.0658610274345721
 geom_a = 0
 geom_q = 0
 geom_c = 0.0
f1, 0= 6.5861e-02
min(dx) = -4.3587389355606254e-17
max(dx) = 1.401867589633649e-16
mean(dx)= 2.2252556303725776e-17
vdws = 0
atoms = 4
pairs = 6
 geom_x = 0.06586102743457052
 geom_a = 0
 geom_q = 0
 geom_c = 0.0
f1, 1= 6.5861e-02
                       N restraints  r.m.s.d.  r.m.s.Z  Mn(sigma)
Bond distances, non H             4     0.001    0.076      0.013
Bond angles, non H                5     0.225    0.146      2.100
Chiral centres                    1     0.004    0.050      0.089



====== CYCLE 30 ======

 weight = 1.0000e+00
 geom_x = 0.06586102743457052
 geom_a = 0
 geom_q = 0
 geom_c = 0.0
f0= 6.5861e-02
using cgsolve in c++, ic=False
diag(geom) min= 199.229026 max= 13073.172932
diag(all) min= 199.229026 max= 13073.172932
Trying gamma equal 0.042000
Convergence reached after 7 iterations with no gamma cycles
min(dx) = -1.7249690984768102e-16
max(dx) = 8.38696069268358e-17
mean(dx)= -6.711036600967126e-18
vdws = 0
atoms = 4
pairs = 6
 geom_x = 0.06586102743457292
 geom_a = 0
 geom_q = 0
 geom_c = 0.0
f1, 0= 6.5861e-02
min(dx) = -8.624845492384051e-17
max(dx) = 4.19348034634179e-17
mean(dx)= -3.355518300483563e-18
vdws = 0
atoms = 4
pairs = 6
 geom_x = 0.06586102743457059
 geom_a = 0
 geom_q = 0
 geom_c = 0.0
f1, 1= 6.5861e-02
min(dx) = -4.3124227461920256e-17
max(dx) = 2.096740173170895e-17
mean(dx)= -1.6777591502417815e-18
vdws = 0
atoms = 4
pairs = 6
 geom_x = 0.06586102743457059
 geom_a = 0
 geom_q = 0
 geom_c = 0.0
f1, 2= 6.5861e-02
WARNING: function not minimised
                       N restraints  r.m.s.d.  r.m.s.Z  Mn(sigma)
Bond distances, non H             4     0.001    0.076      0.013
Bond angles, non H                5     0.225    0.146      2.100
Chiral centres                    1     0.004    0.050      0.089


$TABLE: stats vs cycle :
$GRAPHS
: Geometry :A:1,4,2:
: Geometry Z :A:1,3,5:
$$
 Ncyc  rmsBOND  zBOND  rmsANGL  zANGL
$$
$$
    0   0.0009 0.0770   0.2460 0.1497
    1   0.0008 0.0758   0.2256 0.1459
    2   0.0008 0.0758   0.2247 0.1458
    3   0.0008 0.0758   0.2246 0.1458
    4   0.0008 0.0758   0.2246 0.1458
    5   0.0008 0.0758   0.2246 0.1458
    6   0.0008 0.0758   0.2246 0.1458
    7   0.0008 0.0758   0.2246 0.1458
    8   0.0008 0.0758   0.2246 0.1458
    9   0.0008 0.0758   0.2246 0.1458
   10   0.0008 0.0758   0.2246 0.1458
   11   0.0008 0.0758   0.2246 0.1458
   12   0.0008 0.0758   0.2246 0.1458
   13   0.0008 0.0758   0.2246 0.1458
   14   0.0008 0.0758   0.2246 0.1458
   15   0.0008 0.0758   0.2246 0.1458
   16   0.0008 0.0758   0.2246 0.1458
   17   0.0008 0.0758   0.2246 0.1458
   18   0.0008 0.0758   0.2246 0.1458
   19   0.0008 0.0758   0.2246 0.1458
   20   0.0008 0.0758   0.2246 0.1458
   21   0.0008 0.0758   0.2246 0.1458
   22   0.0008 0.0758   0.2246 0.1458
   23   0.0008 0.0758   0.2246 0.1458
   24   0.0008 0.0758   0.2246 0.1458
   25   0.0008 0.0758   0.2246 0.1458
   26   0.0008 0.0758   0.2246 0.1458
   27   0.0008 0.0758   0.2246 0.1458
   28   0.0008 0.0758   0.2246 0.1458
   29   0.0008 0.0758   0.2246 0.1458
   30   0.0008 0.0758   0.2246 0.1458
$$

Creating restraints..

Chain info:
 chain 
  ligands: EPX (1 residues)

Number of refinement parameters:
       n_params  n_atoms  n_atoms_geom_only  n_atoms_data_only
xyz          10       10                  6                  0
adp           0        0                  0                  0
occ           0        0                  0                  0
dfrac         0        0                  0                  0

Randomizing structure with rmsd of 0.01
Torsion angle rules:
 include:
  {'group': 'peptide', 'tors_name': 'chi*'}
  {'link': '*', 'tors_name': 'omega'}
  {'residue': '*', 'tors_name': 'sp2_sp2*'}
  {'link': '*', 'tors_name': 'sp2_sp2*'}
 exclude:
  none
External restraints from Refmac instructions
 Number of distances          : 0
 Number of angles             : 0
 Number of torsions           : 0
 Number of chirals            : 0
 Number of planes             : 0
 Number of intervals          : 0
 Number of stackings          : 0
 Number of harmonics          : 0
 Number of special positions  : 0

Running 10 cycles with wchir=4 wvdw=2 with hydrogen
Geometry weights
vdws = 15
atoms = 10
pairs = 41
                          N restraints  r.m.s.d.  r.m.s.Z  Mn(sigma)
Bond distances, non H                4     0.006    0.493      0.013
Bond distances, H                    6     0.011    0.617      0.016
Bond angles, non H                   5     0.726    0.329      2.100
Bond angles, H                      14     0.671    0.319      1.929
Torsion angles, period 3             1     0.144    0.014     10.000
Chiral centres                       1     0.061    0.686      0.089
VDW torsion                          1     0.012    0.061      0.200


====== CYCLE  1 ======

 weight = 1.0000e+00
 geom_x = 6.382663827457393
 geom_a = 0
 geom_q = 0
 geom_c = 0.0
f0= 6.3827e+00
using cgsolve in c++, ic=False
diag(geom) min= 941.602965 max= 34285.187083
diag(all) min= 941.602965 max= 34285.187083
Trying gamma equal 0.000000
Convergence reached after 19 iterations with no gamma cycles
min(dx) = -0.013952584683190071
max(dx) = 0.006877328931740103
mean(dx)= -0.002227348672078747
vdws = 15
atoms = 10
pairs = 41
 geom_x = 0.10739387737671727
 geom_a = 0
 geom_q = 0
 geom_c = 0.0
f1, 0= 1.0739e-01
                          N restraints  r.m.s.d.  r.m.s.Z  Mn(sigma)
Bond distances, non H                4     0.001    0.076      0.013
Bond distances, H                    6     0.000    0.004      0.016
Bond angles, non H                   5     0.264    0.153      2.100
Bond angles, H                      14     0.173    0.073      1.929
Torsion angles, period 3             1     0.013    0.001     10.000
Chiral centres                       1     0.000    0.001      0.089



====== CYCLE  2 ======

 weight = 1.0000e+00
 geom_x = 0.10739387737671727
 geom_a = 0
 geom_q = 0
 geom_c = 0.0
f0= 1.0739e-01
using cgsolve in c++, ic=False
diag(geom) min= 954.874475 max= 34011.826363
diag(all) min= 954.874475 max= 34011.826363
Trying gamma equal 0.000000
Convergence reached after 23 iterations with no gamma cycles
min(dx) = -0.0003897358190878279
max(dx) = 0.0003539200972549023
mean(dx)= -2.290207245365256e-05
vdws = 15
atoms = 10
pairs = 41
 geom_x = 0.10717546858893925
 geom_a = 0
 geom_q = 0
 geom_c = 0.0
f1, 0= 1.0718e-01
                          N restraints  r.m.s.d.  r.m.s.Z  Mn(sigma)
Bond distances, non H                4     0.001    0.073      0.013
Bond distances, H                    6     0.000    0.000      0.016
Bond angles, non H                   5     0.265    0.154      2.100
Bond angles, H                      14     0.173    0.073      1.929
Torsion angles, period 3             1     0.000    0.000     10.000
Chiral centres                       1     0.000    0.001      0.089



====== CYCLE  3 ======

 weight = 1.0000e+00
 geom_x = 0.10717546858893925
 geom_a = 0
 geom_q = 0
 geom_c = 0.0
f0= 1.0718e-01
using cgsolve in c++, ic=False
diag(geom) min= 955.180537 max= 34015.824903
diag(all) min= 955.180537 max= 34015.824903
Trying gamma equal 0.000000
Not converging with gamma equal 0.000000
Trying gamma equal 0.052500
Gamma decreased to 0.042000
min(dx) = -2.0178502732724385e-06
max(dx) = 6.163852517313821e-07
mean(dx)= -1.41802586115286e-07
vdws = 15
atoms = 10
pairs = 41
 geom_x = 0.10717546527470431
 geom_a = 0
 geom_q = 0
 geom_c = 0.0
f1, 0= 1.0718e-01
                          N restraints  r.m.s.d.  r.m.s.Z  Mn(sigma)
Bond distances, non H                4     0.001    0.073      0.013
Bond distances, H                    6     0.000    0.000      0.016
Bond angles, non H                   5     0.265    0.154      2.100
Bond angles, H                      14     0.173    0.073      1.929
Torsion angles, period 3             1     0.000    0.000     10.000
Chiral centres                       1     0.000    0.001      0.089



====== CYCLE  4 ======

 weight = 1.0000e+00
 geom_x = 0.10717546527470431
 geom_a = 0
 geom_q = 0
 geom_c = 0.0
f0= 1.0718e-01
using cgsolve in c++, ic=False
diag(geom) min= 955.179796 max= 34015.835099
diag(all) min= 955.179796 max= 34015.835099
Trying gamma equal 0.042000
Convergence reached after 20 iterations with no gamma cycles
min(dx) = -8.96913958539756e-07
max(dx) = 3.9601941049204176e-07
mean(dx)= -7.757117477799638e-08
vdws = 15
atoms = 10
pairs = 41
 geom_x = 0.10717546457403714
 geom_a = 0
 geom_q = 0
 geom_c = 0.0
f1, 0= 1.0718e-01
                          N restraints  r.m.s.d.  r.m.s.Z  Mn(sigma)
Bond distances, non H                4     0.001    0.073      0.013
Bond distances, H                    6     0.000    0.000      0.016
Bond angles, non H                   5     0.265    0.154      2.100
Bond angles, H                      14     0.173    0.073      1.929
Torsion angles, period 3             1     0.000    0.000     10.000
Chiral centres                       1     0.000    0.001      0.089



====== CYCLE  5 ======

 weight = 1.0000e+00
 geom_x = 0.10717546457403714
 geom_a = 0
 geom_q = 0
 geom_c = 0.0
f0= 1.0718e-01
using cgsolve in c++, ic=False
diag(geom) min= 955.179402 max= 34015.843339
diag(all) min= 955.179402 max= 34015.843339
Trying gamma equal 0.042000
Convergence reached after 19 iterations with no gamma cycles
min(dx) = -3.6282596845783027e-07
max(dx) = 2.372833345296582e-07
mean(dx)= -3.630063972063981e-08
vdws = 15
atoms = 10
pairs = 41
 geom_x = 0.10717546440568904
 geom_a = 0
 geom_q = 0
 geom_c = 0.0
f1, 0= 1.0718e-01
                          N restraints  r.m.s.d.  r.m.s.Z  Mn(sigma)
Bond distances, non H                4     0.001    0.073      0.013
Bond distances, H                    6     0.000    0.000      0.016
Bond angles, non H                   5     0.265    0.154      2.100
Bond angles, H                      14     0.173    0.073      1.929
Torsion angles, period 3             1     0.000    0.000     10.000
Chiral centres                       1     0.000    0.001      0.089



====== CYCLE  6 ======

 weight = 1.0000e+00
 geom_x = 0.10717546440568904
 geom_a = 0
 geom_q = 0
 geom_c = 0.0
f0= 1.0718e-01
using cgsolve in c++, ic=False
diag(geom) min= 955.179270 max= 34015.848512
diag(all) min= 955.179270 max= 34015.848512
Trying gamma equal 0.042000
Convergence reached after 18 iterations with no gamma cycles
min(dx) = -2.1486251135204842e-07
max(dx) = 1.4381961823452256e-07
mean(dx)= -1.8114947493054577e-08
vdws = 15
atoms = 10
pairs = 41
 geom_x = 0.10717546434614002
 geom_a = 0
 geom_q = 0
 geom_c = 0.0
f1, 0= 1.0718e-01
                          N restraints  r.m.s.d.  r.m.s.Z  Mn(sigma)
Bond distances, non H                4     0.001    0.073      0.013
Bond distances, H                    6     0.000    0.000      0.016
Bond angles, non H                   5     0.265    0.154      2.100
Bond angles, H                      14     0.173    0.073      1.929
Torsion angles, period 3             1     0.000    0.000     10.000
Chiral centres                       1     0.000    0.001      0.089



====== CYCLE  7 ======

 weight = 1.0000e+00
 geom_x = 0.10717546434614002
 geom_a = 0
 geom_q = 0
 geom_c = 0.0
f0= 1.0718e-01
using cgsolve in c++, ic=False
diag(geom) min= 955.179230 max= 34015.852101
diag(all) min= 955.179230 max= 34015.852101
Trying gamma equal 0.042000
Convergence reached after 18 iterations with no gamma cycles
min(dx) = -1.7843272084225604e-07
max(dx) = 1.2268376798827603e-07
mean(dx)= -9.483888073277166e-09
vdws = 15
atoms = 10
pairs = 41
 geom_x = 0.1071754643183266
 geom_a = 0
 geom_q = 0
 geom_c = 0.0
f1, 0= 1.0718e-01
                          N restraints  r.m.s.d.  r.m.s.Z  Mn(sigma)
Bond distances, non H                4     0.001    0.073      0.013
Bond distances, H                    6     0.000    0.000      0.016
Bond angles, non H                   5     0.265    0.154      2.100
Bond angles, H                      14     0.173    0.073      1.929
Torsion angles, period 3             1     0.000    0.000     10.000
Chiral centres                       1     0.000    0.001      0.089



====== CYCLE  8 ======

 weight = 1.0000e+00
 geom_x = 0.1071754643183266
 geom_a = 0
 geom_q = 0
 geom_c = 0.0
f0= 1.0718e-01
using cgsolve in c++, ic=False
diag(geom) min= 955.179220 max= 34015.854773
diag(all) min= 955.179220 max= 34015.854773
Trying gamma equal 0.042000
Convergence reached after 18 iterations with no gamma cycles
min(dx) = -1.4898415700081955e-07
max(dx) = 1.1946137717213685e-07
mean(dx)= -5.094820370722458e-09
vdws = 15
atoms = 10
pairs = 41
 geom_x = 0.10717546430283077
 geom_a = 0
 geom_q = 0
 geom_c = 0.0
f1, 0= 1.0718e-01
                          N restraints  r.m.s.d.  r.m.s.Z  Mn(sigma)
Bond distances, non H                4     0.001    0.073      0.013
Bond distances, H                    6     0.000    0.000      0.016
Bond angles, non H                   5     0.265    0.154      2.100
Bond angles, H                      14     0.173    0.073      1.929
Torsion angles, period 3             1     0.000    0.000     10.000
Chiral centres                       1     0.000    0.001      0.089



====== CYCLE  9 ======

 weight = 1.0000e+00
 geom_x = 0.10717546430283077
 geom_a = 0
 geom_q = 0
 geom_c = 0.0
f0= 1.0718e-01
using cgsolve in c++, ic=False
diag(geom) min= 955.179220 max= 34015.856854
diag(all) min= 955.179220 max= 34015.856854
Trying gamma equal 0.042000
Convergence reached after 18 iterations with no gamma cycles
min(dx) = -1.2530440443125314e-07
max(dx) = 1.1351488400697517e-07
mean(dx)= -2.7374216685856945e-09
vdws = 15
atoms = 10
pairs = 41
 geom_x = 0.10717546429312538
 geom_a = 0
 geom_q = 0
 geom_c = 0.0
f1, 0= 1.0718e-01
                          N restraints  r.m.s.d.  r.m.s.Z  Mn(sigma)
Bond distances, non H                4     0.001    0.073      0.013
Bond distances, H                    6     0.000    0.000      0.016
Bond angles, non H                   5     0.265    0.154      2.100
Bond angles, H                      14     0.173    0.073      1.929
Torsion angles, period 3             1     0.000    0.000     10.000
Chiral centres                       1     0.000    0.001      0.089



====== CYCLE 10 ======

 weight = 1.0000e+00
 geom_x = 0.10717546429312538
 geom_a = 0
 geom_q = 0
 geom_c = 0.0
f0= 1.0718e-01
using cgsolve in c++, ic=False
diag(geom) min= 955.179222 max= 34015.858522
diag(all) min= 955.179222 max= 34015.858522
Trying gamma equal 0.042000
Convergence reached after 18 iterations with no gamma cycles
min(dx) = -1.0611420277188195e-07
max(dx) = 1.0435163220412243e-07
mean(dx)= -1.4243435650084171e-09
vdws = 15
atoms = 10
pairs = 41
 geom_x = 0.10717546428656856
 geom_a = 0
 geom_q = 0
 geom_c = 0.0
f1, 0= 1.0718e-01
                          N restraints  r.m.s.d.  r.m.s.Z  Mn(sigma)
Bond distances, non H                4     0.001    0.073      0.013
Bond distances, H                    6     0.000    0.000      0.016
Bond angles, non H                   5     0.265    0.154      2.100
Bond angles, H                      14     0.173    0.073      1.929
Torsion angles, period 3             1     0.000    0.000     10.000
Chiral centres                       1     0.000    0.001      0.089


$TABLE: stats vs cycle :
$GRAPHS
: Geometry :A:1,4,2:
: Geometry Z :A:1,3,5:
$$
 Ncyc  rmsBOND  zBOND  rmsANGL  zANGL
$$
$$
    0   0.0058 0.4925   0.7262 0.3285
    1   0.0008 0.0762   0.2645 0.1528
    2   0.0008 0.0729   0.2650 0.1538
    3   0.0008 0.0729   0.2650 0.1538
    4   0.0008 0.0730   0.2650 0.1538
    5   0.0008 0.0730   0.2649 0.1538
    6   0.0008 0.0730   0.2649 0.1538
    7   0.0008 0.0730   0.2649 0.1538
    8   0.0008 0.0730   0.2649 0.1538
    9   0.0008 0.0730   0.2649 0.1538
   10   0.0008 0.0730   0.2649 0.1538
$$

Running 30 cycles with wchir=1 wvdw=2 with hydrogen
Geometry weights
vdws = 15
atoms = 10
pairs = 41
                          N restraints  r.m.s.d.  r.m.s.Z  Mn(sigma)
Bond distances, non H                4     0.001    0.073      0.013
Bond distances, H                    6     0.000    0.000      0.016
Bond angles, non H                   5     0.265    0.154      2.100
Bond angles, H                      14     0.173    0.073      1.929
Torsion angles, period 3             1     0.000    0.000     10.000
Chiral centres                       1     0.000    0.001      0.089


====== CYCLE  1 ======

 weight = 1.0000e+00
 geom_x = 0.10717320381918391
 geom_a = 0
 geom_q = 0
 geom_c = 0.0
f0= 1.0717e-01
using cgsolve in c++, ic=False
diag(geom) min= 955.179225 max= 17220.734094
diag(all) min= 955.179225 max= 17220.734094
Trying gamma equal 0.042000
Convergence reached after 19 iterations with no gamma cycles
min(dx) = -5.4743279201547306e-05
max(dx) = 4.2807723786534076e-05
mean(dx)= -3.948365308166669e-06
vdws = 15
atoms = 10
pairs = 41
 geom_x = 0.10716057252351836
 geom_a = 0
 geom_q = 0
 geom_c = 0.0
f1, 0= 1.0716e-01
                          N restraints  r.m.s.d.  r.m.s.Z  Mn(sigma)
Bond distances, non H                4     0.001    0.073      0.013
Bond distances, H                    6     0.000    0.000      0.016
Bond angles, non H                   5     0.267    0.154      2.100
Bond angles, H                      14     0.172    0.073      1.929
Torsion angles, period 3             1     0.001    0.000     10.000
Chiral centres                       1     0.000    0.003      0.089



====== CYCLE  2 ======

 weight = 1.0000e+00
 geom_x = 0.10716057252351836
 geom_a = 0
 geom_q = 0
 geom_c = 0.0
f0= 1.0716e-01
using cgsolve in c++, ic=False
diag(geom) min= 955.161143 max= 17220.554511
diag(all) min= 955.161143 max= 17220.554511
Trying gamma equal 0.042000
Convergence reached after 21 iterations with no gamma cycles
min(dx) = -2.4563460894096686e-05
max(dx) = 1.8090826593107836e-05
mean(dx)= -9.54663350093739e-07
vdws = 15
atoms = 10
pairs = 41
 geom_x = 0.10715968137320218
 geom_a = 0
 geom_q = 0
 geom_c = 0.0
f1, 0= 1.0716e-01
                          N restraints  r.m.s.d.  r.m.s.Z  Mn(sigma)
Bond distances, non H                4     0.001    0.073      0.013
Bond distances, H                    6     0.000    0.000      0.016
Bond angles, non H                   5     0.267    0.154      2.100
Bond angles, H                      14     0.171    0.073      1.929
Torsion angles, period 3             1     0.001    0.000     10.000
Chiral centres                       1     0.000    0.004      0.089



====== CYCLE  3 ======

 weight = 1.0000e+00
 geom_x = 0.10715968137320218
 geom_a = 0
 geom_q = 0
 geom_c = 0.0
f0= 1.0716e-01
using cgsolve in c++, ic=False
diag(geom) min= 955.161510 max= 17220.488068
diag(all) min= 955.161510 max= 17220.488068
Trying gamma equal 0.042000
Convergence reached after 20 iterations with no gamma cycles
min(dx) = -1.169245423007607e-05
max(dx) = 1.0747581570985826e-05
mean(dx)= -4.629904888253861e-07
vdws = 15
atoms = 10
pairs = 41
 geom_x = 0.10715949043108086
 geom_a = 0
 geom_q = 0
 geom_c = 0.0
f1, 0= 1.0716e-01
                          N restraints  r.m.s.d.  r.m.s.Z  Mn(sigma)
Bond distances, non H                4     0.001    0.073      0.013
Bond distances, H                    6     0.000    0.000      0.016
Bond angles, non H                   5     0.267    0.154      2.100
Bond angles, H                      14     0.171    0.073      1.929
Torsion angles, period 3             1     0.001    0.000     10.000
Chiral centres                       1     0.000    0.004      0.089



====== CYCLE  4 ======

 weight = 1.0000e+00
 geom_x = 0.10715949043108086
 geom_a = 0
 geom_q = 0
 geom_c = 0.0
f0= 1.0716e-01
using cgsolve in c++, ic=False
diag(geom) min= 955.163024 max= 17220.452029
diag(all) min= 955.163024 max= 17220.452029
Trying gamma equal 0.042000
Convergence reached after 19 iterations with no gamma cycles
min(dx) = -6.124167937845102e-06
max(dx) = 6.390414017334484e-06
mean(dx)= -2.981256144982852e-07
vdws = 15
atoms = 10
pairs = 41
 geom_x = 0.10715943437599786
 geom_a = 0
 geom_q = 0
 geom_c = 0.0
f1, 0= 1.0716e-01
                          N restraints  r.m.s.d.  r.m.s.Z  Mn(sigma)
Bond distances, non H                4     0.001    0.073      0.013
Bond distances, H                    6     0.000    0.000      0.016
Bond angles, non H                   5     0.267    0.154      2.100
Bond angles, H                      14     0.171    0.073      1.929
Torsion angles, period 3             1     0.001    0.000     10.000
Chiral centres                       1     0.000    0.004      0.089



====== CYCLE  5 ======

 weight = 1.0000e+00
 geom_x = 0.10715943437599786
 geom_a = 0
 geom_q = 0
 geom_c = 0.0
f0= 1.0716e-01
using cgsolve in c++, ic=False
diag(geom) min= 955.163982 max= 17220.431691
diag(all) min= 955.163982 max= 17220.431691
Trying gamma equal 0.042000
Convergence reached after 18 iterations with no gamma cycles
min(dx) = -3.4017253300777883e-06
max(dx) = 3.821049309274254e-06
mean(dx)= -1.9610406187777006e-07
vdws = 15
atoms = 10
pairs = 41
 geom_x = 0.1071594156802026
 geom_a = 0
 geom_q = 0
 geom_c = 0.0
f1, 0= 1.0716e-01
                          N restraints  r.m.s.d.  r.m.s.Z  Mn(sigma)
Bond distances, non H                4     0.001    0.073      0.013
Bond distances, H                    6     0.000    0.000      0.016
Bond angles, non H                   5     0.267    0.154      2.100
Bond angles, H                      14     0.171    0.073      1.929
Torsion angles, period 3             1     0.000    0.000     10.000
Chiral centres                       1     0.000    0.004      0.089



====== CYCLE  6 ======

 weight = 1.0000e+00
 geom_x = 0.1071594156802026
 geom_a = 0
 geom_q = 0
 geom_c = 0.0
f0= 1.0716e-01
using cgsolve in c++, ic=False
diag(geom) min= 955.164488 max= 17220.420141
diag(all) min= 955.164488 max= 17220.420141
Trying gamma equal 0.042000
Convergence reached after 19 iterations with no gamma cycles
min(dx) = -1.9540527663417854e-06
max(dx) = 2.315496340987162e-06
mean(dx)= -1.2631335381366658e-07
vdws = 15
atoms = 10
pairs = 41
 geom_x = 0.10715940907655566
 geom_a = 0
 geom_q = 0
 geom_c = 0.0
f1, 0= 1.0716e-01
                          N restraints  r.m.s.d.  r.m.s.Z  Mn(sigma)
Bond distances, non H                4     0.001    0.073      0.013
Bond distances, H                    6     0.000    0.000      0.016
Bond angles, non H                   5     0.267    0.154      2.100
Bond angles, H                      14     0.171    0.073      1.929
Torsion angles, period 3             1     0.000    0.000     10.000
Chiral centres                       1     0.000    0.004      0.089



====== CYCLE  7 ======

 weight = 1.0000e+00
 geom_x = 0.10715940907655566
 geom_a = 0
 geom_q = 0
 geom_c = 0.0
f0= 1.0716e-01
using cgsolve in c++, ic=False
diag(geom) min= 955.164747 max= 17220.413579
diag(all) min= 955.164747 max= 17220.413579
Trying gamma equal 0.042000
Convergence reached after 19 iterations with no gamma cycles
min(dx) = -1.1444963492097165e-06
max(dx) = 1.421451664508466e-06
mean(dx)= -7.988515203455262e-08
vdws = 15
atoms = 10
pairs = 41
 geom_x = 0.10715940667742258
 geom_a = 0
 geom_q = 0
 geom_c = 0.0
f1, 0= 1.0716e-01
                          N restraints  r.m.s.d.  r.m.s.Z  Mn(sigma)
Bond distances, non H                4     0.001    0.073      0.013
Bond distances, H                    6     0.000    0.000      0.016
Bond angles, non H                   5     0.267    0.154      2.100
Bond angles, H                      14     0.171    0.073      1.929
Torsion angles, period 3             1     0.000    0.000     10.000
Chiral centres                       1     0.000    0.004      0.089



====== CYCLE  8 ======

 weight = 1.0000e+00
 geom_x = 0.10715940667742258
 geom_a = 0
 geom_q = 0
 geom_c = 0.0
f0= 1.0716e-01
using cgsolve in c++, ic=False
diag(geom) min= 955.164880 max= 17220.409873
diag(all) min= 955.164880 max= 17220.409873
Trying gamma equal 0.042000
Convergence reached after 19 iterations with no gamma cycles
min(dx) = -6.898684068032841e-07
max(dx) = 8.840297044601178e-07
mean(dx)= -4.996777934504739e-08
vdws = 15
atoms = 10
pairs = 41
 geom_x = 0.10715940578789337
 geom_a = 0
 geom_q = 0
 geom_c = 0.0
f1, 0= 1.0716e-01
                          N restraints  r.m.s.d.  r.m.s.Z  Mn(sigma)
Bond distances, non H                4     0.001    0.073      0.013
Bond distances, H                    6     0.000    0.000      0.016
Bond angles, non H                   5     0.267    0.154      2.100
Bond angles, H                      14     0.171    0.073      1.929
Torsion angles, period 3             1     0.000    0.000     10.000
Chiral centres                       1     0.000    0.004      0.089



====== CYCLE  9 ======

 weight = 1.0000e+00
 geom_x = 0.10715940578789337
 geom_a = 0
 geom_q = 0
 geom_c = 0.0
f0= 1.0716e-01
using cgsolve in c++, ic=False
diag(geom) min= 955.164949 max= 17220.407815
diag(all) min= 955.164949 max= 17220.407815
Trying gamma equal 0.042000
Convergence reached after 19 iterations with no gamma cycles
min(dx) = -5.001217109219673e-07
max(dx) = 5.578939176600867e-07
mean(dx)= -3.110242988372244e-08
vdws = 15
atoms = 10
pairs = 41
 geom_x = 0.10715940544946001
 geom_a = 0
 geom_q = 0
 geom_c = 0.0
f1, 0= 1.0716e-01
                          N restraints  r.m.s.d.  r.m.s.Z  Mn(sigma)
Bond distances, non H                4     0.001    0.073      0.013
Bond distances, H                    6     0.000    0.000      0.016
Bond angles, non H                   5     0.267    0.154      2.100
Bond angles, H                      14     0.171    0.073      1.929
Torsion angles, period 3             1     0.000    0.000     10.000
Chiral centres                       1     0.000    0.004      0.089



====== CYCLE 10 ======

 weight = 1.0000e+00
 geom_x = 0.10715940544946001
 geom_a = 0
 geom_q = 0
 geom_c = 0.0
f0= 1.0716e-01
using cgsolve in c++, ic=False
diag(geom) min= 955.164985 max= 17220.406711
diag(all) min= 955.164985 max= 17220.406711
Trying gamma equal 0.042000
Convergence reached after 19 iterations with no gamma cycles
min(dx) = -3.7224030764198025e-07
max(dx) = 3.5832218288955286e-07
mean(dx)= -1.936104188217818e-08
vdws = 15
atoms = 10
pairs = 41
 geom_x = 0.10715940531508623
 geom_a = 0
 geom_q = 0
 geom_c = 0.0
f1, 0= 1.0716e-01
                          N restraints  r.m.s.d.  r.m.s.Z  Mn(sigma)
Bond distances, non H                4     0.001    0.073      0.013
Bond distances, H                    6     0.000    0.000      0.016
Bond angles, non H                   5     0.267    0.154      2.100
Bond angles, H                      14     0.171    0.073      1.929
Torsion angles, period 3             1     0.000    0.000     10.000
Chiral centres                       1     0.000    0.004      0.089



====== CYCLE 11 ======

 weight = 1.0000e+00
 geom_x = 0.10715940531508623
 geom_a = 0
 geom_q = 0
 geom_c = 0.0
f0= 1.0716e-01
using cgsolve in c++, ic=False
diag(geom) min= 955.165004 max= 17220.406156
diag(all) min= 955.165004 max= 17220.406156
Trying gamma equal 0.042000
Convergence reached after 16 iterations with no gamma cycles
min(dx) = -2.847938263776495e-07
max(dx) = 2.351263224461301e-07
mean(dx)= -1.2105269563996954e-08
vdws = 15
atoms = 10
pairs = 41
 geom_x = 0.10715940525780339
 geom_a = 0
 geom_q = 0
 geom_c = 0.0
f1, 0= 1.0716e-01
                          N restraints  r.m.s.d.  r.m.s.Z  Mn(sigma)
Bond distances, non H                4     0.001    0.073      0.013
Bond distances, H                    6     0.000    0.000      0.016
Bond angles, non H                   5     0.267    0.154      2.100
Bond angles, H                      14     0.171    0.073      1.929
Torsion angles, period 3             1     0.000    0.000     10.000
Chiral centres                       1     0.000    0.004      0.089



====== CYCLE 12 ======

 weight = 1.0000e+00
 geom_x = 0.10715940525780339
 geom_a = 0
 geom_q = 0
 geom_c = 0.0
f0= 1.0716e-01
using cgsolve in c++, ic=False
diag(geom) min= 955.165014 max= 17220.405915
diag(all) min= 955.165014 max= 17220.405915
Trying gamma equal 0.042000
Convergence reached after 19 iterations with no gamma cycles
min(dx) = -2.2362562638450215e-07
max(dx) = 1.582758919115919e-07
mean(dx)= -7.634140969499117e-09
vdws = 15
atoms = 10
pairs = 41
 geom_x = 0.10715940523070154
 geom_a = 0
 geom_q = 0
 geom_c = 0.0
f1, 0= 1.0716e-01
                          N restraints  r.m.s.d.  r.m.s.Z  Mn(sigma)
Bond distances, non H                4     0.001    0.073      0.013
Bond distances, H                    6     0.000    0.000      0.016
Bond angles, non H                   5     0.267    0.154      2.100
Bond angles, H                      14     0.171    0.073      1.929
Torsion angles, period 3             1     0.000    0.000     10.000
Chiral centres                       1     0.000    0.004      0.089



====== CYCLE 13 ======

 weight = 1.0000e+00
 geom_x = 0.10715940523070154
 geom_a = 0
 geom_q = 0
 geom_c = 0.0
f0= 1.0716e-01
using cgsolve in c++, ic=False
diag(geom) min= 955.165018 max= 17220.405850
diag(all) min= 955.165018 max= 17220.405850
Trying gamma equal 0.042000
Convergence reached after 19 iterations with no gamma cycles
min(dx) = -1.796283514819823e-07
max(dx) = 1.0970111587981424e-07
mean(dx)= -4.877597851322911e-09
vdws = 15
atoms = 10
pairs = 41
 geom_x = 0.10715940521616292
 geom_a = 0
 geom_q = 0
 geom_c = 0.0
f1, 0= 1.0716e-01
                          N restraints  r.m.s.d.  r.m.s.Z  Mn(sigma)
Bond distances, non H                4     0.001    0.073      0.013
Bond distances, H                    6     0.000    0.000      0.016
Bond angles, non H                   5     0.267    0.154      2.100
Bond angles, H                      14     0.171    0.073      1.929
Torsion angles, period 3             1     0.000    0.000     10.000
Chiral centres                       1     0.000    0.004      0.089



====== CYCLE 14 ======

 weight = 1.0000e+00
 geom_x = 0.10715940521616292
 geom_a = 0
 geom_q = 0
 geom_c = 0.0
f0= 1.0716e-01
using cgsolve in c++, ic=False
diag(geom) min= 955.165020 max= 17220.405881
diag(all) min= 955.165020 max= 17220.405881
Trying gamma equal 0.042000
Convergence reached after 19 iterations with no gamma cycles
min(dx) = -1.470191528320284e-07
max(dx) = 9.386294319141122e-08
mean(dx)= -3.1719506448242306e-09
vdws = 15
atoms = 10
pairs = 41
 geom_x = 0.10715940520737455
 geom_a = 0
 geom_q = 0
 geom_c = 0.0
f1, 0= 1.0716e-01
                          N restraints  r.m.s.d.  r.m.s.Z  Mn(sigma)
Bond distances, non H                4     0.001    0.073      0.013
Bond distances, H                    6     0.000    0.000      0.016
Bond angles, non H                   5     0.267    0.154      2.100
Bond angles, H                      14     0.171    0.073      1.929
Torsion angles, period 3             1     0.000    0.000     10.000
Chiral centres                       1     0.000    0.004      0.089



====== CYCLE 15 ======

 weight = 1.0000e+00
 geom_x = 0.10715940520737455
 geom_a = 0
 geom_q = 0
 geom_c = 0.0
f0= 1.0716e-01
using cgsolve in c++, ic=False
diag(geom) min= 955.165020 max= 17220.405959
diag(all) min= 955.165020 max= 17220.405959
Trying gamma equal 0.042000
Convergence reached after 18 iterations with no gamma cycles
min(dx) = -1.221251945648942e-07
max(dx) = 8.451441586011345e-08
mean(dx)= -2.109554873286275e-09
vdws = 15
atoms = 10
pairs = 41
 geom_x = 0.10715940520156189
 geom_a = 0
 geom_q = 0
 geom_c = 0.0
f1, 0= 1.0716e-01
                          N restraints  r.m.s.d.  r.m.s.Z  Mn(sigma)
Bond distances, non H                4     0.001    0.073      0.013
Bond distances, H                    6     0.000    0.000      0.016
Bond angles, non H                   5     0.267    0.154      2.100
Bond angles, H                      14     0.171    0.073      1.929
Torsion angles, period 3             1     0.000    0.000     10.000
Chiral centres                       1     0.000    0.004      0.089



====== CYCLE 16 ======

 weight = 1.0000e+00
 geom_x = 0.10715940520156189
 geom_a = 0
 geom_q = 0
 geom_c = 0.0
f0= 1.0716e-01
using cgsolve in c++, ic=False
diag(geom) min= 955.165019 max= 17220.406057
diag(all) min= 955.165019 max= 17220.406057
Trying gamma equal 0.042000
Convergence reached after 17 iterations with no gamma cycles
min(dx) = -1.0260004274471085e-07
max(dx) = 7.512147343757401e-08
mean(dx)= -1.441227141064416e-09
vdws = 15
atoms = 10
pairs = 41
 geom_x = 0.10715940519748397
 geom_a = 0
 geom_q = 0
 geom_c = 0.0
f1, 0= 1.0716e-01
                          N restraints  r.m.s.d.  r.m.s.Z  Mn(sigma)
Bond distances, non H                4     0.001    0.073      0.013
Bond distances, H                    6     0.000    0.000      0.016
Bond angles, non H                   5     0.267    0.154      2.100
Bond angles, H                      14     0.171    0.073      1.929
Torsion angles, period 3             1     0.000    0.000     10.000
Chiral centres                       1     0.000    0.004      0.089



====== CYCLE 17 ======

 weight = 1.0000e+00
 geom_x = 0.10715940519748397
 geom_a = 0
 geom_q = 0
 geom_c = 0.0
f0= 1.0716e-01
using cgsolve in c++, ic=False
diag(geom) min= 955.165018 max= 17220.406162
diag(all) min= 955.165018 max= 17220.406162
Trying gamma equal 0.042000
Not converging with gamma equal 0.042000
Trying gamma equal 0.094500
Not converging with gamma equal 0.094500
Trying gamma equal 0.149625
Gamma decreased to 0.138600
min(dx) = -2.7366715079507387e-08
max(dx) = 2.0351284397315888e-08
mean(dx)= -3.5943113215348846e-10
vdws = 15
atoms = 10
pairs = 41
 geom_x = 0.10715940519650942
 geom_a = 0
 geom_q = 0
 geom_c = 0.0
f1, 0= 1.0716e-01
                          N restraints  r.m.s.d.  r.m.s.Z  Mn(sigma)
Bond distances, non H                4     0.001    0.073      0.013
Bond distances, H                    6     0.000    0.000      0.016
Bond angles, non H                   5     0.267    0.154      2.100
Bond angles, H                      14     0.171    0.073      1.929
Torsion angles, period 3             1     0.000    0.000     10.000
Chiral centres                       1     0.000    0.004      0.089



====== CYCLE 18 ======

 weight = 1.0000e+00
 geom_x = 0.10715940519650942
 geom_a = 0
 geom_q = 0
 geom_c = 0.0
f0= 1.0716e-01
using cgsolve in c++, ic=False
diag(geom) min= 955.165018 max= 17220.406191
diag(all) min= 955.165018 max= 17220.406191
Trying gamma equal 0.138600
Convergence reached after 9 iterations with no gamma cycles
min(dx) = -2.799342324475675e-08
max(dx) = 2.112315361096115e-08
mean(dx)= -3.427204723533084e-10
vdws = 15
atoms = 10
pairs = 41
 geom_x = 0.10715940519555596
 geom_a = 0
 geom_q = 0
 geom_c = 0.0
f1, 0= 1.0716e-01
                          N restraints  r.m.s.d.  r.m.s.Z  Mn(sigma)
Bond distances, non H                4     0.001    0.073      0.013
Bond distances, H                    6     0.000    0.000      0.016
Bond angles, non H                   5     0.267    0.154      2.100
Bond angles, H                      14     0.171    0.073      1.929
Torsion angles, period 3             1     0.000    0.000     10.000
Chiral centres                       1     0.000    0.004      0.089



====== CYCLE 19 ======

 weight = 1.0000e+00
 geom_x = 0.10715940519555596
 geom_a = 0
 geom_q = 0
 geom_c = 0.0
f0= 1.0716e-01
using cgsolve in c++, ic=False
diag(geom) min= 955.165017 max= 17220.406223
diag(all) min= 955.165017 max= 17220.406223
Trying gamma equal 0.138600
Convergence reached after 9 iterations with no gamma cycles
min(dx) = -2.654938654505101e-08
max(dx) = 2.029086766572319e-08
mean(dx)= -3.042046975483647e-10
vdws = 15
atoms = 10
pairs = 41
 geom_x = 0.10715940519469962
 geom_a = 0
 geom_q = 0
 geom_c = 0.0
f1, 0= 1.0716e-01
                          N restraints  r.m.s.d.  r.m.s.Z  Mn(sigma)
Bond distances, non H                4     0.001    0.073      0.013
Bond distances, H                    6     0.000    0.000      0.016
Bond angles, non H                   5     0.267    0.154      2.100
Bond angles, H                      14     0.171    0.073      1.929
Torsion angles, period 3             1     0.000    0.000     10.000
Chiral centres                       1     0.000    0.004      0.089



====== CYCLE 20 ======

 weight = 1.0000e+00
 geom_x = 0.10715940519469962
 geom_a = 0
 geom_q = 0
 geom_c = 0.0
f0= 1.0716e-01
using cgsolve in c++, ic=False
diag(geom) min= 955.165017 max= 17220.406254
diag(all) min= 955.165017 max= 17220.406254
Trying gamma equal 0.138600
Convergence reached after 7 iterations with no gamma cycles
min(dx) = -2.5200842055053844e-08
max(dx) = 1.9476272572903134e-08
mean(dx)= -2.7130561176846847e-10
vdws = 15
atoms = 10
pairs = 41
 geom_x = 0.10715940519391198
 geom_a = 0
 geom_q = 0
 geom_c = 0.0
f1, 0= 1.0716e-01
                          N restraints  r.m.s.d.  r.m.s.Z  Mn(sigma)
Bond distances, non H                4     0.001    0.073      0.013
Bond distances, H                    6     0.000    0.000      0.016
Bond angles, non H                   5     0.267    0.154      2.100
Bond angles, H                      14     0.171    0.073      1.929
Torsion angles, period 3             1     0.000    0.000     10.000
Chiral centres                       1     0.000    0.004      0.089



====== CYCLE 21 ======

 weight = 1.0000e+00
 geom_x = 0.10715940519391198
 geom_a = 0
 geom_q = 0
 geom_c = 0.0
f0= 1.0716e-01
using cgsolve in c++, ic=False
diag(geom) min= 955.165016 max= 17220.406285
diag(all) min= 955.165016 max= 17220.406285
Trying gamma equal 0.138600
Convergence reached after 7 iterations with no gamma cycles
min(dx) = -2.393866287257592e-08
max(dx) = 1.868200859093815e-08
mean(dx)= -2.43145949661481e-10
vdws = 15
atoms = 10
pairs = 41
 geom_x = 0.1071594051932077
 geom_a = 0
 geom_q = 0
 geom_c = 0.0
f1, 0= 1.0716e-01
                          N restraints  r.m.s.d.  r.m.s.Z  Mn(sigma)
Bond distances, non H                4     0.001    0.073      0.013
Bond distances, H                    6     0.000    0.000      0.016
Bond angles, non H                   5     0.267    0.154      2.100
Bond angles, H                      14     0.171    0.073      1.929
Torsion angles, period 3             1     0.000    0.000     10.000
Chiral centres                       1     0.000    0.004      0.089



====== CYCLE 22 ======

 weight = 1.0000e+00
 geom_x = 0.1071594051932077
 geom_a = 0
 geom_q = 0
 geom_c = 0.0
f0= 1.0716e-01
using cgsolve in c++, ic=False
diag(geom) min= 955.165016 max= 17220.406316
diag(all) min= 955.165016 max= 17220.406316
Trying gamma equal 0.138600
Convergence reached after 8 iterations with no gamma cycles
min(dx) = -2.275465973642276e-08
max(dx) = 1.7909989144617753e-08
mean(dx)= -2.189194014910657e-10
vdws = 15
atoms = 10
pairs = 41
 geom_x = 0.10715940519256585
 geom_a = 0
 geom_q = 0
 geom_c = 0.0
f1, 0= 1.0716e-01
                          N restraints  r.m.s.d.  r.m.s.Z  Mn(sigma)
Bond distances, non H                4     0.001    0.073      0.013
Bond distances, H                    6     0.000    0.000      0.016
Bond angles, non H                   5     0.267    0.154      2.100
Bond angles, H                      14     0.171    0.073      1.929
Torsion angles, period 3             1     0.000    0.000     10.000
Chiral centres                       1     0.000    0.004      0.089



====== CYCLE 23 ======

 weight = 1.0000e+00
 geom_x = 0.10715940519256585
 geom_a = 0
 geom_q = 0
 geom_c = 0.0
f0= 1.0716e-01
using cgsolve in c++, ic=False
diag(geom) min= 955.165016 max= 17220.406345
diag(all) min= 955.165016 max= 17220.406345
Trying gamma equal 0.138600
Convergence reached after 8 iterations with no gamma cycles
min(dx) = -2.164160321009473e-08
max(dx) = 1.716115613326083e-08
mean(dx)= -1.9798573162833025e-10
vdws = 15
atoms = 10
pairs = 41
 geom_x = 0.10715940519197913
 geom_a = 0
 geom_q = 0
 geom_c = 0.0
f1, 0= 1.0716e-01
                          N restraints  r.m.s.d.  r.m.s.Z  Mn(sigma)
Bond distances, non H                4     0.001    0.073      0.013
Bond distances, H                    6     0.000    0.000      0.016
Bond angles, non H                   5     0.267    0.154      2.100
Bond angles, H                      14     0.171    0.073      1.929
Torsion angles, period 3             1     0.000    0.000     10.000
Chiral centres                       1     0.000    0.004      0.089



====== CYCLE 24 ======

 weight = 1.0000e+00
 geom_x = 0.10715940519197913
 geom_a = 0
 geom_q = 0
 geom_c = 0.0
f0= 1.0716e-01
using cgsolve in c++, ic=False
diag(geom) min= 955.165015 max= 17220.406374
diag(all) min= 955.165015 max= 17220.406374
Trying gamma equal 0.138600
Convergence reached after 8 iterations with no gamma cycles
min(dx) = -2.0593480696174376e-08
max(dx) = 1.6436574913136573e-08
mean(dx)= -1.7983863280622222e-10
vdws = 15
atoms = 10
pairs = 41
 geom_x = 0.10715940519144614
 geom_a = 0
 geom_q = 0
 geom_c = 0.0
f1, 0= 1.0716e-01
                          N restraints  r.m.s.d.  r.m.s.Z  Mn(sigma)
Bond distances, non H                4     0.001    0.073      0.013
Bond distances, H                    6     0.000    0.000      0.016
Bond angles, non H                   5     0.267    0.154      2.100
Bond angles, H                      14     0.171    0.073      1.929
Torsion angles, period 3             1     0.000    0.000     10.000
Chiral centres                       1     0.000    0.004      0.089



====== CYCLE 25 ======

 weight = 1.0000e+00
 geom_x = 0.10715940519144614
 geom_a = 0
 geom_q = 0
 geom_c = 0.0
f0= 1.0716e-01
using cgsolve in c++, ic=False
diag(geom) min= 955.165015 max= 17220.406402
diag(all) min= 955.165015 max= 17220.406402
Trying gamma equal 0.138600
Convergence reached after 9 iterations with no gamma cycles
min(dx) = -1.9604802701559302e-08
max(dx) = 1.573679434164481e-08
mean(dx)= -1.6402761368903288e-10
vdws = 15
atoms = 10
pairs = 41
 geom_x = 0.10715940519096115
 geom_a = 0
 geom_q = 0
 geom_c = 0.0
f1, 0= 1.0716e-01
                          N restraints  r.m.s.d.  r.m.s.Z  Mn(sigma)
Bond distances, non H                4     0.001    0.073      0.013
Bond distances, H                    6     0.000    0.000      0.016
Bond angles, non H                   5     0.267    0.154      2.100
Bond angles, H                      14     0.171    0.073      1.929
Torsion angles, period 3             1     0.000    0.000     10.000
Chiral centres                       1     0.000    0.004      0.089



====== CYCLE 26 ======

 weight = 1.0000e+00
 geom_x = 0.10715940519096115
 geom_a = 0
 geom_q = 0
 geom_c = 0.0
f0= 1.0716e-01
using cgsolve in c++, ic=False
diag(geom) min= 955.165015 max= 17220.406429
diag(all) min= 955.165015 max= 17220.406429
Trying gamma equal 0.138600
Convergence reached after 9 iterations with no gamma cycles
min(dx) = -1.8671042322241114e-08
max(dx) = 1.50616466458907e-08
mean(dx)= -1.5023639024205053e-10
vdws = 15
atoms = 10
pairs = 41
 geom_x = 0.10715940519051614
 geom_a = 0
 geom_q = 0
 geom_c = 0.0
f1, 0= 1.0716e-01
                          N restraints  r.m.s.d.  r.m.s.Z  Mn(sigma)
Bond distances, non H                4     0.001    0.073      0.013
Bond distances, H                    6     0.000    0.000      0.016
Bond angles, non H                   5     0.267    0.154      2.100
Bond angles, H                      14     0.171    0.073      1.929
Torsion angles, period 3             1     0.000    0.000     10.000
Chiral centres                       1     0.000    0.004      0.089



====== CYCLE 27 ======

 weight = 1.0000e+00
 geom_x = 0.10715940519051614
 geom_a = 0
 geom_q = 0
 geom_c = 0.0
f0= 1.0716e-01
using cgsolve in c++, ic=False
diag(geom) min= 955.165014 max= 17220.406455
diag(all) min= 955.165014 max= 17220.406455
Trying gamma equal 0.138600
Convergence reached after 9 iterations with no gamma cycles
min(dx) = -1.7787797366378425e-08
max(dx) = 1.4411515094732586e-08
mean(dx)= -1.3812175090947317e-10
vdws = 15
atoms = 10
pairs = 41
 geom_x = 0.1071594051901146
 geom_a = 0
 geom_q = 0
 geom_c = 0.0
f1, 0= 1.0716e-01
                          N restraints  r.m.s.d.  r.m.s.Z  Mn(sigma)
Bond distances, non H                4     0.001    0.073      0.013
Bond distances, H                    6     0.000    0.000      0.016
Bond angles, non H                   5     0.267    0.154      2.100
Bond angles, H                      14     0.171    0.073      1.929
Torsion angles, period 3             1     0.000    0.000     10.000
Chiral centres                       1     0.000    0.004      0.089



====== CYCLE 28 ======

 weight = 1.0000e+00
 geom_x = 0.1071594051901146
 geom_a = 0
 geom_q = 0
 geom_c = 0.0
f0= 1.0716e-01
using cgsolve in c++, ic=False
diag(geom) min= 955.165014 max= 17220.406480
diag(all) min= 955.165014 max= 17220.406480
Trying gamma equal 0.138600
Convergence reached after 9 iterations with no gamma cycles
min(dx) = -1.69514735431577e-08
max(dx) = 1.3786039725403618e-08
mean(dx)= -1.2744709725660604e-10
vdws = 15
atoms = 10
pairs = 41
 geom_x = 0.10715940518974756
 geom_a = 0
 geom_q = 0
 geom_c = 0.0
f1, 0= 1.0716e-01
                          N restraints  r.m.s.d.  r.m.s.Z  Mn(sigma)
Bond distances, non H                4     0.001    0.073      0.013
Bond distances, H                    6     0.000    0.000      0.016
Bond angles, non H                   5     0.267    0.154      2.100
Bond angles, H                      14     0.171    0.073      1.929
Torsion angles, period 3             1     0.000    0.000     10.000
Chiral centres                       1     0.000    0.004      0.089



====== CYCLE 29 ======

 weight = 1.0000e+00
 geom_x = 0.10715940518974756
 geom_a = 0
 geom_q = 0
 geom_c = 0.0
f0= 1.0716e-01
using cgsolve in c++, ic=False
diag(geom) min= 955.165013 max= 17220.406505
diag(all) min= 955.165013 max= 17220.406505
Trying gamma equal 0.138600
Convergence reached after 9 iterations with no gamma cycles
min(dx) = -1.6158735298912214e-08
max(dx) = 1.3184865255567858e-08
mean(dx)= -1.1799578029707328e-10
vdws = 15
atoms = 10
pairs = 41
 geom_x = 0.10715940518941906
 geom_a = 0
 geom_q = 0
 geom_c = 0.0
f1, 0= 1.0716e-01
                          N restraints  r.m.s.d.  r.m.s.Z  Mn(sigma)
Bond distances, non H                4     0.001    0.073      0.013
Bond distances, H                    6     0.000    0.000      0.016
Bond angles, non H                   5     0.267    0.154      2.100
Bond angles, H                      14     0.171    0.073      1.929
Torsion angles, period 3             1     0.000    0.000     10.000
Chiral centres                       1     0.000    0.004      0.089



====== CYCLE 30 ======

 weight = 1.0000e+00
 geom_x = 0.10715940518941906
 geom_a = 0
 geom_q = 0
 geom_c = 0.0
f0= 1.0716e-01
using cgsolve in c++, ic=False
diag(geom) min= 955.165013 max= 17220.406528
diag(all) min= 955.165013 max= 17220.406528
Trying gamma equal 0.138600
Convergence reached after 9 iterations with no gamma cycles
min(dx) = -1.5406667760900033e-08
max(dx) = 1.2607551370507736e-08
mean(dx)= -1.0958896984608007e-10
vdws = 15
atoms = 10
pairs = 41
 geom_x = 0.10715940518911113
 geom_a = 0
 geom_q = 0
 geom_c = 0.0
f1, 0= 1.0716e-01
                          N restraints  r.m.s.d.  r.m.s.Z  Mn(sigma)
Bond distances, non H                4     0.001    0.073      0.013
Bond distances, H                    6     0.000    0.000      0.016
Bond angles, non H                   5     0.267    0.154      2.100
Bond angles, H                      14     0.171    0.073      1.929
Torsion angles, period 3             1     0.000    0.000     10.000
Chiral centres                       1     0.000    0.004      0.089


$TABLE: stats vs cycle :
$GRAPHS
: Geometry :A:1,4,2:
: Geometry Z :A:1,3,5:
$$
 Ncyc  rmsBOND  zBOND  rmsANGL  zANGL
$$
$$
    0   0.0008 0.0730   0.2649 0.1538
    1   0.0008 0.0729   0.2665 0.1541
    2   0.0008 0.0729   0.2670 0.1542
    3   0.0008 0.0729   0.2671 0.1542
    4   0.0008 0.0729   0.2672 0.1542
    5   0.0008 0.0729   0.2672 0.1542
    6   0.0008 0.0729   0.2672 0.1542
    7   0.0008 0.0729   0.2672 0.1542
    8   0.0008 0.0729   0.2672 0.1542
    9   0.0008 0.0729   0.2672 0.1542
   10   0.0008 0.0729   0.2672 0.1542
   11   0.0008 0.0729   0.2672 0.1542
   12   0.0008 0.0729   0.2672 0.1542
   13   0.0008 0.0729   0.2672 0.1542
   14   0.0008 0.0729   0.2672 0.1542
   15   0.0008 0.0729   0.2672 0.1542
   16   0.0008 0.0729   0.2672 0.1542
   17   0.0008 0.0729   0.2672 0.1542
   18   0.0008 0.0729   0.2672 0.1542
   19   0.0008 0.0729   0.2672 0.1542
   20   0.0008 0.0729   0.2672 0.1542
   21   0.0008 0.0729   0.2672 0.1542
   22   0.0008 0.0729   0.2672 0.1542
   23   0.0008 0.0729   0.2672 0.1542
   24   0.0008 0.0729   0.2672 0.1542
   25   0.0008 0.0729   0.2672 0.1542
   26   0.0008 0.0729   0.2672 0.1542
   27   0.0008 0.0729   0.2672 0.1542
   28   0.0008 0.0729   0.2672 0.1542
   29   0.0008 0.0729   0.2672 0.1542
   30   0.0008 0.0729   0.2672 0.1542
$$

Updated dictionary saved: EPX_MODEL_TMP/mol_1_conf_4_updated.cif
Refinement statistics saved: EPX_MODEL_TMP/mol_1_conf_4_stats.json

# Finished on 2026-06-14 11:41:12.921142

=========END OF PROCESS INFORMATION ==========
