
============ PROCESS INFORMATION =============
# Servalcat ver. 0.4.128 (Python 3.9.18)
# Library vers. gemmi 0.7.4, scipy 1.7.3, numpy 1.19.5, pandas 1.3.5
# Started on 2026-06-14 11:41:27.480511
# Host: Mac.lan User: hilgersmt
# Command-line:
# servalcat --logfile EPX_MODEL_TMP/servalcat.log refine_geom --update_dictionary EPX_MODEL_TMP/mol_1_conf_12_init.cif -o EPX_MODEL_TMP/mol_1_conf_12 --randomize 0.01
Config loaded
--
refine:
  atom_selection:
    xyz:
      include:
      - '*'
      exclude: []
      exclude_restraint: []
    adp:
      include: []
      exclude: []
      exclude_restraint: []
    occ:
      include: []
      exclude: []
      exclude_restraint: []
    dfrac:
      include: []
      exclude: []
      exclude_restraint: []
  occ_groups: []
  occ_group_constraints: []
  occ_group_const_mu: 10.0
  occ_group_const_mu_update_factor: 1.1
  occ_group_const_mu_update_tol_rel: 0.25
  occ_group_const_mu_update_tol_abs: 0.01
  initialisation:
    adp: {}
    occ: {}
    dfrac: {}
  write_trajectory: false
--
Reading monomers from /Applications/ccp4-9/lib/data/monomers/
Monomer not in the library: EPX.
Reading monomer: EPX_MODEL_TMP/mol_1_conf_12_init.cif
Monomer library loaded: 1 monomers, 109 links, 133 modifications
       loaded monomers: EPX

Checking if unknown atoms exist..
Creating restraints..

Chain info:
 chain 
  ligands: EPX (1 residues)

Number of refinement parameters:
       n_params  n_atoms  n_atoms_geom_only  n_atoms_data_only
xyz           4        4                  0                  0
adp           0        0                  0                  0
occ           0        0                  0                  0
dfrac         0        0                  0                  0

Randomizing structure with rmsd of 0.01
Torsion angle rules:
 include:
  {'group': 'peptide', 'tors_name': 'chi*'}
  {'link': '*', 'tors_name': 'omega'}
  {'residue': '*', 'tors_name': 'sp2_sp2*'}
  {'link': '*', 'tors_name': 'sp2_sp2*'}
 exclude:
  none
External restraints from Refmac instructions
 Number of distances          : 0
 Number of angles             : 0
 Number of torsions           : 0
 Number of chirals            : 0
 Number of planes             : 0
 Number of intervals          : 0
 Number of stackings          : 0
 Number of harmonics          : 0
 Number of special positions  : 0

Running 10 cycles with wchir=4 wvdw=2 without hydrogen
Geometry weights
vdws = 0
atoms = 4
pairs = 6
                       N restraints  r.m.s.d.  r.m.s.Z  Mn(sigma)
Bond distances, non H             4     0.037    2.472      0.013
Bond angles, non H                5     5.790    1.976      2.100
Chiral centres                    1     0.321    3.586      0.089


====== CYCLE  1 ======

 weight = 1.0000e+00
 geom_x = 124.84036446944177
 geom_a = 0
 geom_q = 0
 geom_c = 0.0
f0= 1.2484e+02
using cgsolve in c++, ic=False
diag(geom) min= 276.248193 max= 26538.768277
diag(all) min= 276.248193 max= 26538.768277
Trying gamma equal 0.000000
Convergence reached after 6 iterations with no gamma cycles
min(dx) = -0.07360759179000802
max(dx) = 0.11013901809349531
mean(dx)= 0.013951470134748005
vdws = 0
atoms = 4
pairs = 6
 geom_x = 1.3899471942485673
 geom_a = 0
 geom_q = 0
 geom_c = 0.0
f1, 0= 1.3899e+00
                       N restraints  r.m.s.d.  r.m.s.Z  Mn(sigma)
Bond distances, non H             4     0.005    0.516      0.013
Bond angles, non H                5     0.834    0.282      2.100
Chiral centres                    1     0.026    0.287      0.089



====== CYCLE  2 ======

 weight = 1.0000e+00
 geom_x = 1.3899471942485673
 geom_a = 0
 geom_q = 0
 geom_c = 0.0
f0= 1.3899e+00
using cgsolve in c++, ic=False
diag(geom) min= 259.151054 max= 27957.806395
diag(all) min= 259.151054 max= 27957.806395
Trying gamma equal 0.000000
Convergence reached after 6 iterations with no gamma cycles
min(dx) = -0.016185214245025684
max(dx) = 0.018216821965280888
mean(dx)= -0.0020250980542610756
vdws = 0
atoms = 4
pairs = 6
 geom_x = 0.06840075120280173
 geom_a = 0
 geom_q = 0
 geom_c = 0.0
f1, 0= 6.8401e-02
                       N restraints  r.m.s.d.  r.m.s.Z  Mn(sigma)
Bond distances, non H             4     0.001    0.078      0.013
Bond angles, non H                5     0.251    0.150      2.100
Chiral centres                    1     0.000    0.003      0.089



====== CYCLE  3 ======

 weight = 1.0000e+00
 geom_x = 0.06840075120280173
 geom_a = 0
 geom_q = 0
 geom_c = 0.0
f0= 6.8401e-02
using cgsolve in c++, ic=False
diag(geom) min= 270.623138 max= 27772.946531
diag(all) min= 270.623138 max= 27772.946531
Trying gamma equal 0.000000
Convergence reached after 6 iterations with no gamma cycles
min(dx) = -0.0004124545451448512
max(dx) = 0.00044849261509406275
mean(dx)= -3.010606704703764e-05
vdws = 0
atoms = 4
pairs = 6
 geom_x = 0.06817596000185389
 geom_a = 0
 geom_q = 0
 geom_c = 0.0
f1, 0= 6.8176e-02
                       N restraints  r.m.s.d.  r.m.s.Z  Mn(sigma)
Bond distances, non H             4     0.001    0.077      0.013
Bond angles, non H                5     0.246    0.150      2.100
Chiral centres                    1     0.001    0.006      0.089



====== CYCLE  4 ======

 weight = 1.0000e+00
 geom_x = 0.06817596000185389
 geom_a = 0
 geom_q = 0
 geom_c = 0.0
f0= 6.8176e-02
using cgsolve in c++, ic=False
diag(geom) min= 270.867203 max= 27767.886840
diag(all) min= 270.867203 max= 27767.886840
Trying gamma equal 0.000000
Convergence reached after 6 iterations with no gamma cycles
min(dx) = -6.19439408234632e-06
max(dx) = 2.111863528783155e-06
mean(dx)= -3.6318655500016364e-07
vdws = 0
atoms = 4
pairs = 6
 geom_x = 0.06817595556824121
 geom_a = 0
 geom_q = 0
 geom_c = 0.0
f1, 0= 6.8176e-02
                       N restraints  r.m.s.d.  r.m.s.Z  Mn(sigma)
Bond distances, non H             4     0.001    0.077      0.013
Bond angles, non H                5     0.246    0.150      2.100
Chiral centres                    1     0.001    0.006      0.089



====== CYCLE  5 ======

 weight = 1.0000e+00
 geom_x = 0.06817595556824121
 geom_a = 0
 geom_q = 0
 geom_c = 0.0
f0= 6.8176e-02
using cgsolve in c++, ic=False
diag(geom) min= 270.869929 max= 27767.888739
diag(all) min= 270.869929 max= 27767.888739
Trying gamma equal 0.000000
Convergence reached after 6 iterations with no gamma cycles
min(dx) = -8.702630144804527e-08
max(dx) = 1.834028132879081e-08
mean(dx)= -5.166559687308942e-09
vdws = 0
atoms = 4
pairs = 6
 geom_x = 0.06817595556758431
 geom_a = 0
 geom_q = 0
 geom_c = 0.0
f1, 0= 6.8176e-02
                       N restraints  r.m.s.d.  r.m.s.Z  Mn(sigma)
Bond distances, non H             4     0.001    0.077      0.013
Bond angles, non H                5     0.246    0.150      2.100
Chiral centres                    1     0.001    0.006      0.089



====== CYCLE  6 ======

 weight = 1.0000e+00
 geom_x = 0.06817595556758431
 geom_a = 0
 geom_q = 0
 geom_c = 0.0
f0= 6.8176e-02
using cgsolve in c++, ic=False
diag(geom) min= 270.869966 max= 27767.889006
diag(all) min= 270.869966 max= 27767.889006
Trying gamma equal 0.000000
Convergence reached after 6 iterations with no gamma cycles
min(dx) = -1.1998769754649957e-09
max(dx) = 2.2844382867871873e-10
mean(dx)= -7.146577203155026e-11
vdws = 0
atoms = 4
pairs = 6
 geom_x = 0.06817595556758087
 geom_a = 0
 geom_q = 0
 geom_c = 0.0
f1, 0= 6.8176e-02
                       N restraints  r.m.s.d.  r.m.s.Z  Mn(sigma)
Bond distances, non H             4     0.001    0.077      0.013
Bond angles, non H                5     0.246    0.150      2.100
Chiral centres                    1     0.001    0.006      0.089



====== CYCLE  7 ======

 weight = 1.0000e+00
 geom_x = 0.06817595556758087
 geom_a = 0
 geom_q = 0
 geom_c = 0.0
f0= 6.8176e-02
using cgsolve in c++, ic=False
diag(geom) min= 270.869966 max= 27767.889011
diag(all) min= 270.869966 max= 27767.889011
Trying gamma equal 0.000000
Convergence reached after 6 iterations with no gamma cycles
min(dx) = -1.6482658847777132e-11
max(dx) = 3.088446197840759e-12
mean(dx)= -9.82176059332206e-13
vdws = 0
atoms = 4
pairs = 6
 geom_x = 0.06817595556758389
 geom_a = 0
 geom_q = 0
 geom_c = 0.0
f1, 0= 6.8176e-02
min(dx) = -8.241329423888566e-12
max(dx) = 1.5442230989203795e-12
mean(dx)= -4.91088029666103e-13
vdws = 0
atoms = 4
pairs = 6
 geom_x = 0.06817595556758106
 geom_a = 0
 geom_q = 0
 geom_c = 0.0
f1, 1= 6.8176e-02
min(dx) = -4.120664711944283e-12
max(dx) = 7.721115494601897e-13
mean(dx)= -2.455440148330515e-13
vdws = 0
atoms = 4
pairs = 6
 geom_x = 0.06817595556758357
 geom_a = 0
 geom_q = 0
 geom_c = 0.0
f1, 2= 6.8176e-02
WARNING: function not minimised
                       N restraints  r.m.s.d.  r.m.s.Z  Mn(sigma)
Bond distances, non H             4     0.001    0.077      0.013
Bond angles, non H                5     0.246    0.150      2.100
Chiral centres                    1     0.001    0.006      0.089



====== CYCLE  8 ======

 weight = 1.0000e+00
 geom_x = 0.06817595556758357
 geom_a = 0
 geom_q = 0
 geom_c = 0.0
f0= 6.8176e-02
using cgsolve in c++, ic=False
diag(geom) min= 270.869966 max= 27767.889011
diag(all) min= 270.869966 max= 27767.889011
Trying gamma equal 0.000000
Convergence reached after 6 iterations with no gamma cycles
min(dx) = -1.2418524400250728e-11
max(dx) = 2.3270123771795045e-12
mean(dx)= -7.399829498882683e-13
vdws = 0
atoms = 4
pairs = 6
 geom_x = 0.06817595556758681
 geom_a = 0
 geom_q = 0
 geom_c = 0.0
f1, 0= 6.8176e-02
min(dx) = -6.209262200125364e-12
max(dx) = 1.1635061885897523e-12
mean(dx)= -3.6999147494413417e-13
vdws = 0
atoms = 4
pairs = 6
 geom_x = 0.0681759555675866
 geom_a = 0
 geom_q = 0
 geom_c = 0.0
f1, 1= 6.8176e-02
min(dx) = -3.104631100062682e-12
max(dx) = 5.817530942948761e-13
mean(dx)= -1.8499573747206709e-13
vdws = 0
atoms = 4
pairs = 6
 geom_x = 0.06817595556757931
 geom_a = 0
 geom_q = 0
 geom_c = 0.0
f1, 2= 6.8176e-02
                       N restraints  r.m.s.d.  r.m.s.Z  Mn(sigma)
Bond distances, non H             4     0.001    0.077      0.013
Bond angles, non H                5     0.246    0.150      2.100
Chiral centres                    1     0.001    0.006      0.089



====== CYCLE  9 ======

 weight = 1.0000e+00
 geom_x = 0.06817595556757931
 geom_a = 0
 geom_q = 0
 geom_c = 0.0
f0= 6.8176e-02
using cgsolve in c++, ic=False
diag(geom) min= 270.869966 max= 27767.889011
diag(all) min= 270.869966 max= 27767.889011
Trying gamma equal 0.000000
Convergence reached after 6 iterations with no gamma cycles
min(dx) = -9.356427277679633e-12
max(dx) = 1.753266073247005e-12
mean(dx)= -5.575476844947053e-13
vdws = 0
atoms = 4
pairs = 6
 geom_x = 0.06817595556758561
 geom_a = 0
 geom_q = 0
 geom_c = 0.0
f1, 0= 6.8176e-02
min(dx) = -4.678213638839816e-12
max(dx) = 8.766330366235025e-13
mean(dx)= -2.7877384224735264e-13
vdws = 0
atoms = 4
pairs = 6
 geom_x = 0.06817595556758203
 geom_a = 0
 geom_q = 0
 geom_c = 0.0
f1, 1= 6.8176e-02
min(dx) = -2.339106819419908e-12
max(dx) = 4.3831651831175124e-13
mean(dx)= -1.3938692112367632e-13
vdws = 0
atoms = 4
pairs = 6
 geom_x = 0.06817595556758316
 geom_a = 0
 geom_q = 0
 geom_c = 0.0
f1, 2= 6.8176e-02
WARNING: function not minimised
                       N restraints  r.m.s.d.  r.m.s.Z  Mn(sigma)
Bond distances, non H             4     0.001    0.077      0.013
Bond angles, non H                5     0.246    0.150      2.100
Chiral centres                    1     0.001    0.006      0.089



====== CYCLE 10 ======

 weight = 1.0000e+00
 geom_x = 0.06817595556758316
 geom_a = 0
 geom_q = 0
 geom_c = 0.0
f0= 6.8176e-02
using cgsolve in c++, ic=False
diag(geom) min= 270.869966 max= 27767.889011
diag(all) min= 270.869966 max= 27767.889011
Trying gamma equal 0.000000
Convergence reached after 6 iterations with no gamma cycles
min(dx) = -7.049536091749494e-12
max(dx) = 1.321036418980456e-12
mean(dx)= -4.2006136818046405e-13
vdws = 0
atoms = 4
pairs = 6
 geom_x = 0.0681759555675806
 geom_a = 0
 geom_q = 0
 geom_c = 0.0
f1, 0= 6.8176e-02
                       N restraints  r.m.s.d.  r.m.s.Z  Mn(sigma)
Bond distances, non H             4     0.001    0.077      0.013
Bond angles, non H                5     0.246    0.150      2.100
Chiral centres                    1     0.001    0.006      0.089


$TABLE: stats vs cycle :
$GRAPHS
: Geometry :A:1,4,2:
: Geometry Z :A:1,3,5:
$$
 Ncyc  rmsBOND  zBOND  rmsANGL  zANGL
$$
$$
    0   0.0365 2.4722   5.7903 1.9761
    1   0.0053 0.5160   0.8345 0.2815
    2   0.0009 0.0778   0.2509 0.1500
    3   0.0009 0.0770   0.2461 0.1497
    4   0.0009 0.0770   0.2460 0.1497
    5   0.0009 0.0770   0.2460 0.1497
    6   0.0009 0.0770   0.2460 0.1497
    7   0.0009 0.0770   0.2460 0.1497
    8   0.0009 0.0770   0.2460 0.1497
    9   0.0009 0.0770   0.2460 0.1497
   10   0.0009 0.0770   0.2460 0.1497
$$

Running 30 cycles with wchir=1 wvdw=2 without hydrogen
Geometry weights
vdws = 0
atoms = 4
pairs = 6
                       N restraints  r.m.s.d.  r.m.s.Z  Mn(sigma)
Bond distances, non H             4     0.001    0.077      0.013
Bond angles, non H                5     0.246    0.150      2.100
Chiral centres                    1     0.001    0.006      0.089


====== CYCLE  1 ======

 weight = 1.0000e+00
 geom_x = 0.06789327195582895
 geom_a = 0
 geom_q = 0
 geom_c = 0.0
f0= 6.7893e-02
using cgsolve in c++, ic=False
diag(geom) min= 194.705320 max= 14870.617392
diag(all) min= 194.705320 max= 14870.617392
Trying gamma equal 0.000000
Convergence reached after 6 iterations with no gamma cycles
min(dx) = -0.001032130271646389
max(dx) = 0.0008064655708551029
mean(dx)= -0.00010707406474956018
vdws = 0
atoms = 4
pairs = 6
 geom_x = 0.0658610398786005
 geom_a = 0
 geom_q = 0
 geom_c = 0.0
f1, 0= 6.5861e-02
                       N restraints  r.m.s.d.  r.m.s.Z  Mn(sigma)
Bond distances, non H             4     0.001    0.076      0.013
Bond angles, non H                5     0.225    0.146      2.100
Chiral centres                    1     0.004    0.050      0.089



====== CYCLE  2 ======

 weight = 1.0000e+00
 geom_x = 0.0658610398786005
 geom_a = 0
 geom_q = 0
 geom_c = 0.0
f0= 6.5861e-02
using cgsolve in c++, ic=False
diag(geom) min= 194.708144 max= 14860.511322
diag(all) min= 194.708144 max= 14860.511322
Trying gamma equal 0.000000
Convergence reached after 6 iterations with no gamma cycles
min(dx) = -3.261401424990659e-06
max(dx) = 4.512042419015163e-06
mean(dx)= -1.4929467375043497e-07
vdws = 0
atoms = 4
pairs = 6
 geom_x = 0.06586102743468666
 geom_a = 0
 geom_q = 0
 geom_c = 0.0
f1, 0= 6.5861e-02
                       N restraints  r.m.s.d.  r.m.s.Z  Mn(sigma)
Bond distances, non H             4     0.001    0.076      0.013
Bond angles, non H                5     0.225    0.146      2.100
Chiral centres                    1     0.004    0.050      0.089



====== CYCLE  3 ======

 weight = 1.0000e+00
 geom_x = 0.06586102743468666
 geom_a = 0
 geom_q = 0
 geom_c = 0.0
f0= 6.5861e-02
using cgsolve in c++, ic=False
diag(geom) min= 194.710204 max= 14860.489026
diag(all) min= 194.710204 max= 14860.489026
Trying gamma equal 0.000000
Convergence reached after 6 iterations with no gamma cycles
min(dx) = -2.894494011896734e-08
max(dx) = 1.1954605534124858e-08
mean(dx)= -1.9807067797303255e-09
vdws = 0
atoms = 4
pairs = 6
 geom_x = 0.06586102743457037
 geom_a = 0
 geom_q = 0
 geom_c = 0.0
f1, 0= 6.5861e-02
                       N restraints  r.m.s.d.  r.m.s.Z  Mn(sigma)
Bond distances, non H             4     0.001    0.076      0.013
Bond angles, non H                5     0.225    0.146      2.100
Chiral centres                    1     0.004    0.050      0.089



====== CYCLE  4 ======

 weight = 1.0000e+00
 geom_x = 0.06586102743457037
 geom_a = 0
 geom_q = 0
 geom_c = 0.0
f0= 6.5861e-02
using cgsolve in c++, ic=False
diag(geom) min= 194.710220 max= 14860.488959
diag(all) min= 194.710220 max= 14860.488959
Trying gamma equal 0.000000
Convergence reached after 6 iterations with no gamma cycles
min(dx) = -2.1117468120813522e-10
max(dx) = 5.525510265105425e-11
mean(dx)= -1.3857553996484295e-11
vdws = 0
atoms = 4
pairs = 6
 geom_x = 0.06586102743456552
 geom_a = 0
 geom_q = 0
 geom_c = 0.0
f1, 0= 6.5861e-02
                       N restraints  r.m.s.d.  r.m.s.Z  Mn(sigma)
Bond distances, non H             4     0.001    0.076      0.013
Bond angles, non H                5     0.225    0.146      2.100
Chiral centres                    1     0.004    0.050      0.089



====== CYCLE  5 ======

 weight = 1.0000e+00
 geom_x = 0.06586102743456552
 geom_a = 0
 geom_q = 0
 geom_c = 0.0
f0= 6.5861e-02
using cgsolve in c++, ic=False
diag(geom) min= 194.710220 max= 14860.488959
diag(all) min= 194.710220 max= 14860.488959
Trying gamma equal 0.000000
Convergence reached after 6 iterations with no gamma cycles
min(dx) = -1.5133934426215532e-12
max(dx) = 3.2059996750293713e-13
mean(dx)= -9.884746436484917e-14
vdws = 0
atoms = 4
pairs = 6
 geom_x = 0.06586102743457135
 geom_a = 0
 geom_q = 0
 geom_c = 0.0
f1, 0= 6.5861e-02
min(dx) = -7.566967213107766e-13
max(dx) = 1.6029998375146856e-13
mean(dx)= -4.9423732182424585e-14
vdws = 0
atoms = 4
pairs = 6
 geom_x = 0.06586102743457127
 geom_a = 0
 geom_q = 0
 geom_c = 0.0
f1, 1= 6.5861e-02
min(dx) = -3.783483606553883e-13
max(dx) = 8.014999187573428e-14
mean(dx)= -2.4711866091212293e-14
vdws = 0
atoms = 4
pairs = 6
 geom_x = 0.06586102743457171
 geom_a = 0
 geom_q = 0
 geom_c = 0.0
f1, 2= 6.5861e-02
WARNING: function not minimised
                       N restraints  r.m.s.d.  r.m.s.Z  Mn(sigma)
Bond distances, non H             4     0.001    0.076      0.013
Bond angles, non H                5     0.225    0.146      2.100
Chiral centres                    1     0.004    0.050      0.089



====== CYCLE  6 ======

 weight = 1.0000e+00
 geom_x = 0.06586102743457171
 geom_a = 0
 geom_q = 0
 geom_c = 0.0
f0= 6.5861e-02
using cgsolve in c++, ic=False
diag(geom) min= 194.710220 max= 14860.488959
diag(all) min= 194.710220 max= 14860.488959
Trying gamma equal 0.000000
Convergence reached after 6 iterations with no gamma cycles
min(dx) = -1.1380630409404597e-12
max(dx) = 2.4134665532440046e-13
mean(dx)= -7.434031322630586e-14
vdws = 0
atoms = 4
pairs = 6
 geom_x = 0.06586102743457237
 geom_a = 0
 geom_q = 0
 geom_c = 0.0
f1, 0= 6.5861e-02
min(dx) = -5.690315204702298e-13
max(dx) = 1.2067332766220023e-13
mean(dx)= -3.717015661315293e-14
vdws = 0
atoms = 4
pairs = 6
 geom_x = 0.06586102743456868
 geom_a = 0
 geom_q = 0
 geom_c = 0.0
f1, 1= 6.5861e-02
                       N restraints  r.m.s.d.  r.m.s.Z  Mn(sigma)
Bond distances, non H             4     0.001    0.076      0.013
Bond angles, non H                5     0.225    0.146      2.100
Chiral centres                    1     0.004    0.050      0.089



====== CYCLE  7 ======

 weight = 1.0000e+00
 geom_x = 0.06586102743456868
 geom_a = 0
 geom_q = 0
 geom_c = 0.0
f0= 6.5861e-02
using cgsolve in c++, ic=False
diag(geom) min= 194.710220 max= 14860.488959
diag(all) min= 194.710220 max= 14860.488959
Trying gamma equal 0.000000
Convergence reached after 6 iterations with no gamma cycles
min(dx) = -5.728033263597707e-13
max(dx) = 1.2124177101326133e-13
mean(dx)= -3.741828848731399e-14
vdws = 0
atoms = 4
pairs = 6
 geom_x = 0.06586102743456565
 geom_a = 0
 geom_q = 0
 geom_c = 0.0
f1, 0= 6.5861e-02
                       N restraints  r.m.s.d.  r.m.s.Z  Mn(sigma)
Bond distances, non H             4     0.001    0.076      0.013
Bond angles, non H                5     0.225    0.146      2.100
Chiral centres                    1     0.004    0.050      0.089



====== CYCLE  8 ======

 weight = 1.0000e+00
 geom_x = 0.06586102743456565
 geom_a = 0
 geom_q = 0
 geom_c = 0.0
f0= 6.5861e-02
using cgsolve in c++, ic=False
diag(geom) min= 194.710220 max= 14860.488959
diag(all) min= 194.710220 max= 14860.488959
Trying gamma equal 0.000000
Not converging with gamma equal 0.000000
Trying gamma equal 0.052500
Gamma decreased to 0.042000
min(dx) = -3.796289575456037e-15
max(dx) = 7.10644240528615e-16
mean(dx)= -2.447723302643536e-16
vdws = 0
atoms = 4
pairs = 6
 geom_x = 0.06586102743457325
 geom_a = 0
 geom_q = 0
 geom_c = 0.0
f1, 0= 6.5861e-02
min(dx) = -1.8981447877280183e-15
max(dx) = 3.553221202643075e-16
mean(dx)= -1.223861651321768e-16
vdws = 0
atoms = 4
pairs = 6
 geom_x = 0.06586102743457452
 geom_a = 0
 geom_q = 0
 geom_c = 0.0
f1, 1= 6.5861e-02
min(dx) = -9.490723938640092e-16
max(dx) = 1.7766106013215374e-16
mean(dx)= -6.11930825660884e-17
vdws = 0
atoms = 4
pairs = 6
 geom_x = 0.06586102743456707
 geom_a = 0
 geom_q = 0
 geom_c = 0.0
f1, 2= 6.5861e-02
WARNING: function not minimised
                       N restraints  r.m.s.d.  r.m.s.Z  Mn(sigma)
Bond distances, non H             4     0.001    0.076      0.013
Bond angles, non H                5     0.225    0.146      2.100
Chiral centres                    1     0.004    0.050      0.089



====== CYCLE  9 ======

 weight = 1.0000e+00
 geom_x = 0.06586102743456707
 geom_a = 0
 geom_q = 0
 geom_c = 0.0
f0= 6.5861e-02
using cgsolve in c++, ic=False
diag(geom) min= 194.710220 max= 14860.488959
diag(all) min= 194.710220 max= 14860.488959
Trying gamma equal 0.042000
Convergence reached after 7 iterations with no gamma cycles
min(dx) = -2.7951711972518356e-15
max(dx) = 5.23865957066511e-16
mean(dx)= -1.9906390366510593e-16
vdws = 0
atoms = 4
pairs = 6
 geom_x = 0.06586102743457332
 geom_a = 0
 geom_q = 0
 geom_c = 0.0
f1, 0= 6.5861e-02
min(dx) = -1.3975855986259178e-15
max(dx) = 2.619329785332555e-16
mean(dx)= -9.953195183255297e-17
vdws = 0
atoms = 4
pairs = 6
 geom_x = 0.0658610274345745
 geom_a = 0
 geom_q = 0
 geom_c = 0.0
f1, 1= 6.5861e-02
min(dx) = -6.987927993129589e-16
max(dx) = 1.3096648926662775e-16
mean(dx)= -4.976597591627648e-17
vdws = 0
atoms = 4
pairs = 6
 geom_x = 0.06586102743456883
 geom_a = 0
 geom_q = 0
 geom_c = 0.0
f1, 2= 6.5861e-02
WARNING: function not minimised
                       N restraints  r.m.s.d.  r.m.s.Z  Mn(sigma)
Bond distances, non H             4     0.001    0.076      0.013
Bond angles, non H                5     0.225    0.146      2.100
Chiral centres                    1     0.004    0.050      0.089



====== CYCLE 10 ======

 weight = 1.0000e+00
 geom_x = 0.06586102743456883
 geom_a = 0
 geom_q = 0
 geom_c = 0.0
f0= 6.5861e-02
using cgsolve in c++, ic=False
diag(geom) min= 194.710220 max= 14860.488959
diag(all) min= 194.710220 max= 14860.488959
Trying gamma equal 0.042000
Convergence reached after 7 iterations with no gamma cycles
min(dx) = -2.563723560161767e-15
max(dx) = 4.44472221686869e-16
mean(dx)= -1.7713234979751346e-16
vdws = 0
atoms = 4
pairs = 6
 geom_x = 0.0658610274345725
 geom_a = 0
 geom_q = 0
 geom_c = 0.0
f1, 0= 6.5861e-02
min(dx) = -1.2818617800808834e-15
max(dx) = 2.222361108434345e-16
mean(dx)= -8.856617489875673e-17
vdws = 0
atoms = 4
pairs = 6
 geom_x = 0.06586102743457464
 geom_a = 0
 geom_q = 0
 geom_c = 0.0
f1, 1= 6.5861e-02
min(dx) = -6.409308900404417e-16
max(dx) = 1.1111805542171725e-16
mean(dx)= -4.4283087449378365e-17
vdws = 0
atoms = 4
pairs = 6
 geom_x = 0.06586102743456856
 geom_a = 0
 geom_q = 0
 geom_c = 0.0
f1, 2= 6.5861e-02
                       N restraints  r.m.s.d.  r.m.s.Z  Mn(sigma)
Bond distances, non H             4     0.001    0.076      0.013
Bond angles, non H                5     0.225    0.146      2.100
Chiral centres                    1     0.004    0.050      0.089



====== CYCLE 11 ======

 weight = 1.0000e+00
 geom_x = 0.06586102743456856
 geom_a = 0
 geom_q = 0
 geom_c = 0.0
f0= 6.5861e-02
using cgsolve in c++, ic=False
diag(geom) min= 194.710220 max= 14860.488959
diag(all) min= 194.710220 max= 14860.488959
Trying gamma equal 0.042000
Convergence reached after 7 iterations with no gamma cycles
min(dx) = -1.934325926439769e-15
max(dx) = 2.58526069218573e-16
mean(dx)= -1.3396836679757772e-16
vdws = 0
atoms = 4
pairs = 6
 geom_x = 0.06586102743457226
 geom_a = 0
 geom_q = 0
 geom_c = 0.0
f1, 0= 6.5861e-02
min(dx) = -9.671629632198845e-16
max(dx) = 1.292630346092865e-16
mean(dx)= -6.698418339878886e-17
vdws = 0
atoms = 4
pairs = 6
 geom_x = 0.06586102743456859
 geom_a = 0
 geom_q = 0
 geom_c = 0.0
f1, 1= 6.5861e-02
min(dx) = -4.835814816099422e-16
max(dx) = 6.463151730464326e-17
mean(dx)= -3.349209169939443e-17
vdws = 0
atoms = 4
pairs = 6
 geom_x = 0.06586102743456856
 geom_a = 0
 geom_q = 0
 geom_c = 0.0
f1, 2= 6.5861e-02
WARNING: function not minimised
                       N restraints  r.m.s.d.  r.m.s.Z  Mn(sigma)
Bond distances, non H             4     0.001    0.076      0.013
Bond angles, non H                5     0.225    0.146      2.100
Chiral centres                    1     0.004    0.050      0.089



====== CYCLE 12 ======

 weight = 1.0000e+00
 geom_x = 0.06586102743456856
 geom_a = 0
 geom_q = 0
 geom_c = 0.0
f0= 6.5861e-02
using cgsolve in c++, ic=False
diag(geom) min= 194.710220 max= 14860.488959
diag(all) min= 194.710220 max= 14860.488959
Trying gamma equal 0.042000
Convergence reached after 7 iterations with no gamma cycles
min(dx) = -1.9363895469468373e-15
max(dx) = 2.589585133498209e-16
mean(dx)= -1.3388473411292185e-16
vdws = 0
atoms = 4
pairs = 6
 geom_x = 0.06586102743456894
 geom_a = 0
 geom_q = 0
 geom_c = 0.0
f1, 0= 6.5861e-02
min(dx) = -9.681947734734187e-16
max(dx) = 1.2947925667491046e-16
mean(dx)= -6.694236705646092e-17
vdws = 0
atoms = 4
pairs = 6
 geom_x = 0.06586102743456859
 geom_a = 0
 geom_q = 0
 geom_c = 0.0
f1, 1= 6.5861e-02
min(dx) = -4.840973867367093e-16
max(dx) = 6.473962833745523e-17
mean(dx)= -3.347118352823046e-17
vdws = 0
atoms = 4
pairs = 6
 geom_x = 0.06586102743456895
 geom_a = 0
 geom_q = 0
 geom_c = 0.0
f1, 2= 6.5861e-02
WARNING: function not minimised
                       N restraints  r.m.s.d.  r.m.s.Z  Mn(sigma)
Bond distances, non H             4     0.001    0.076      0.013
Bond angles, non H                5     0.225    0.146      2.100
Chiral centres                    1     0.004    0.050      0.089



====== CYCLE 13 ======

 weight = 1.0000e+00
 geom_x = 0.06586102743456895
 geom_a = 0
 geom_q = 0
 geom_c = 0.0
f0= 6.5861e-02
using cgsolve in c++, ic=False
diag(geom) min= 194.710220 max= 14860.488959
diag(all) min= 194.710220 max= 14860.488959
Trying gamma equal 0.042000
Convergence reached after 7 iterations with no gamma cycles
min(dx) = -1.1942228810069231e-15
max(dx) = 3.200304883912804e-16
mean(dx)= -8.014480883807615e-17
vdws = 0
atoms = 4
pairs = 6
 geom_x = 0.06586102743457453
 geom_a = 0
 geom_q = 0
 geom_c = 0.0
f1, 0= 6.5861e-02
min(dx) = -5.971114405034616e-16
max(dx) = 1.600152441956402e-16
mean(dx)= -4.0072404419038076e-17
vdws = 0
atoms = 4
pairs = 6
 geom_x = 0.0658610274345684
 geom_a = 0
 geom_q = 0
 geom_c = 0.0
f1, 1= 6.5861e-02
                       N restraints  r.m.s.d.  r.m.s.Z  Mn(sigma)
Bond distances, non H             4     0.001    0.076      0.013
Bond angles, non H                5     0.225    0.146      2.100
Chiral centres                    1     0.004    0.050      0.089



====== CYCLE 14 ======

 weight = 1.0000e+00
 geom_x = 0.0658610274345684
 geom_a = 0
 geom_q = 0
 geom_c = 0.0
f0= 6.5861e-02
using cgsolve in c++, ic=False
diag(geom) min= 194.710220 max= 14860.488959
diag(all) min= 194.710220 max= 14860.488959
Trying gamma equal 0.042000
Convergence reached after 7 iterations with no gamma cycles
min(dx) = -1.012741877575119e-15
max(dx) = 1.4380231453643663e-16
mean(dx)= -7.319103352304332e-17
vdws = 0
atoms = 4
pairs = 6
 geom_x = 0.06586102743457348
 geom_a = 0
 geom_q = 0
 geom_c = 0.0
f1, 0= 6.5861e-02
min(dx) = -5.063709387875595e-16
max(dx) = 7.190115726821831e-17
mean(dx)= -3.659551676152166e-17
vdws = 0
atoms = 4
pairs = 6
 geom_x = 0.06586102743456629
 geom_a = 0
 geom_q = 0
 geom_c = 0.0
f1, 1= 6.5861e-02
                       N restraints  r.m.s.d.  r.m.s.Z  Mn(sigma)
Bond distances, non H             4     0.001    0.076      0.013
Bond angles, non H                5     0.225    0.146      2.100
Chiral centres                    1     0.004    0.050      0.089



====== CYCLE 15 ======

 weight = 1.0000e+00
 geom_x = 0.06586102743456629
 geom_a = 0
 geom_q = 0
 geom_c = 0.0
f0= 6.5861e-02
using cgsolve in c++, ic=False
diag(geom) min= 194.710220 max= 14860.488959
diag(all) min= 194.710220 max= 14860.488959
Trying gamma equal 0.042000
Convergence reached after 7 iterations with no gamma cycles
min(dx) = -2.6869386445212844e-16
max(dx) = 1.362169846643799e-16
mean(dx)= -1.6560849738488677e-17
vdws = 0
atoms = 4
pairs = 6
 geom_x = 0.0658610274345649
 geom_a = 0
 geom_q = 0
 geom_c = 0.0
f1, 0= 6.5861e-02
                       N restraints  r.m.s.d.  r.m.s.Z  Mn(sigma)
Bond distances, non H             4     0.001    0.076      0.013
Bond angles, non H                5     0.225    0.146      2.100
Chiral centres                    1     0.004    0.050      0.089



====== CYCLE 16 ======

 weight = 1.0000e+00
 geom_x = 0.0658610274345649
 geom_a = 0
 geom_q = 0
 geom_c = 0.0
f0= 6.5861e-02
using cgsolve in c++, ic=False
diag(geom) min= 194.710220 max= 14860.488959
diag(all) min= 194.710220 max= 14860.488959
Trying gamma equal 0.042000
Convergence reached after 7 iterations with no gamma cycles
min(dx) = -2.3356028729029177e-16
max(dx) = 1.3311505146636875e-16
mean(dx)= -1.287875566408611e-17
vdws = 0
atoms = 4
pairs = 6
 geom_x = 0.06586102743456881
 geom_a = 0
 geom_q = 0
 geom_c = 0.0
f1, 0= 6.5861e-02
min(dx) = -1.1678014364514589e-16
max(dx) = 6.655752573318438e-17
mean(dx)= -6.439377832043055e-18
vdws = 0
atoms = 4
pairs = 6
 geom_x = 0.0658610274345649
 geom_a = 0
 geom_q = 0
 geom_c = 0.0
f1, 1= 6.5861e-02
min(dx) = -5.839007182257294e-17
max(dx) = 3.327876286659219e-17
mean(dx)= -3.2196889160215276e-18
vdws = 0
atoms = 4
pairs = 6
 geom_x = 0.0658610274345649
 geom_a = 0
 geom_q = 0
 geom_c = 0.0
f1, 2= 6.5861e-02
WARNING: function not minimised
                       N restraints  r.m.s.d.  r.m.s.Z  Mn(sigma)
Bond distances, non H             4     0.001    0.076      0.013
Bond angles, non H                5     0.225    0.146      2.100
Chiral centres                    1     0.004    0.050      0.089



====== CYCLE 17 ======

 weight = 1.0000e+00
 geom_x = 0.0658610274345649
 geom_a = 0
 geom_q = 0
 geom_c = 0.0
f0= 6.5861e-02
using cgsolve in c++, ic=False
diag(geom) min= 194.710220 max= 14860.488959
diag(all) min= 194.710220 max= 14860.488959
Trying gamma equal 0.042000
Convergence reached after 7 iterations with no gamma cycles
min(dx) = -2.2859825203515565e-16
max(dx) = 1.3118021488041803e-16
mean(dx)= -1.3183636242539893e-17
vdws = 0
atoms = 4
pairs = 6
 geom_x = 0.06586102743456881
 geom_a = 0
 geom_q = 0
 geom_c = 0.0
f1, 0= 6.5861e-02
min(dx) = -1.1429912601757783e-16
max(dx) = 6.559010744020902e-17
mean(dx)= -6.591818121269946e-18
vdws = 0
atoms = 4
pairs = 6
 geom_x = 0.06586102743456546
 geom_a = 0
 geom_q = 0
 geom_c = 0.0
f1, 1= 6.5861e-02
min(dx) = -5.714956300878891e-17
max(dx) = 3.279505372010451e-17
mean(dx)= -3.295909060634973e-18
vdws = 0
atoms = 4
pairs = 6
 geom_x = 0.0658610274345649
 geom_a = 0
 geom_q = 0
 geom_c = 0.0
f1, 2= 6.5861e-02
WARNING: function not minimised
                       N restraints  r.m.s.d.  r.m.s.Z  Mn(sigma)
Bond distances, non H             4     0.001    0.076      0.013
Bond angles, non H                5     0.225    0.146      2.100
Chiral centres                    1     0.004    0.050      0.089



====== CYCLE 18 ======

 weight = 1.0000e+00
 geom_x = 0.0658610274345649
 geom_a = 0
 geom_q = 0
 geom_c = 0.0
f0= 6.5861e-02
using cgsolve in c++, ic=False
diag(geom) min= 194.710220 max= 14860.488959
diag(all) min= 194.710220 max= 14860.488959
Trying gamma equal 0.042000
Convergence reached after 7 iterations with no gamma cycles
min(dx) = -2.3237918684510645e-16
max(dx) = 1.3238144600874137e-16
mean(dx)= -1.2684168150386042e-17
vdws = 0
atoms = 4
pairs = 6
 geom_x = 0.06586102743456881
 geom_a = 0
 geom_q = 0
 geom_c = 0.0
f1, 0= 6.5861e-02
min(dx) = -1.1618959342255323e-16
max(dx) = 6.619072300437068e-17
mean(dx)= -6.342084075193021e-18
vdws = 0
atoms = 4
pairs = 6
 geom_x = 0.06586102743456845
 geom_a = 0
 geom_q = 0
 geom_c = 0.0
f1, 1= 6.5861e-02
min(dx) = -5.809479671127661e-17
max(dx) = 3.309536150218534e-17
mean(dx)= -3.1710420375965105e-18
vdws = 0
atoms = 4
pairs = 6
 geom_x = 0.06586102743456546
 geom_a = 0
 geom_q = 0
 geom_c = 0.0
f1, 2= 6.5861e-02
WARNING: function not minimised
                       N restraints  r.m.s.d.  r.m.s.Z  Mn(sigma)
Bond distances, non H             4     0.001    0.076      0.013
Bond angles, non H                5     0.225    0.146      2.100
Chiral centres                    1     0.004    0.050      0.089



====== CYCLE 19 ======

 weight = 1.0000e+00
 geom_x = 0.06586102743456546
 geom_a = 0
 geom_q = 0
 geom_c = 0.0
f0= 6.5861e-02
using cgsolve in c++, ic=False
diag(geom) min= 194.710220 max= 14860.488959
diag(all) min= 194.710220 max= 14860.488959
Trying gamma equal 0.042000
Convergence reached after 7 iterations with no gamma cycles
min(dx) = -2.1947868601392222e-16
max(dx) = 1.262184767219223e-16
mean(dx)= -1.2399325959938906e-17
vdws = 0
atoms = 4
pairs = 6
 geom_x = 0.06586102743457065
 geom_a = 0
 geom_q = 0
 geom_c = 0.0
f1, 0= 6.5861e-02
min(dx) = -1.0973934300696111e-16
max(dx) = 6.310923836096115e-17
mean(dx)= -6.199662979969453e-18
vdws = 0
atoms = 4
pairs = 6
 geom_x = 0.06586102743456845
 geom_a = 0
 geom_q = 0
 geom_c = 0.0
f1, 1= 6.5861e-02
min(dx) = -5.4869671503480554e-17
max(dx) = 3.155461918048057e-17
mean(dx)= -3.0998314899847266e-18
vdws = 0
atoms = 4
pairs = 6
 geom_x = 0.06586102743456845
 geom_a = 0
 geom_q = 0
 geom_c = 0.0
f1, 2= 6.5861e-02
WARNING: function not minimised
                       N restraints  r.m.s.d.  r.m.s.Z  Mn(sigma)
Bond distances, non H             4     0.001    0.076      0.013
Bond angles, non H                5     0.225    0.146      2.100
Chiral centres                    1     0.004    0.050      0.089



====== CYCLE 20 ======

 weight = 1.0000e+00
 geom_x = 0.06586102743456845
 geom_a = 0
 geom_q = 0
 geom_c = 0.0
f0= 6.5861e-02
using cgsolve in c++, ic=False
diag(geom) min= 194.710220 max= 14860.488959
diag(all) min= 194.710220 max= 14860.488959
Trying gamma equal 0.042000
Convergence reached after 7 iterations with no gamma cycles
min(dx) = -3.8429376887004593e-17
max(dx) = 9.402389146738353e-17
mean(dx)= 1.6512738843838366e-17
vdws = 0
atoms = 4
pairs = 6
 geom_x = 0.0658610274345649
 geom_a = 0
 geom_q = 0
 geom_c = 0.0
f1, 0= 6.5861e-02
                       N restraints  r.m.s.d.  r.m.s.Z  Mn(sigma)
Bond distances, non H             4     0.001    0.076      0.013
Bond angles, non H                5     0.225    0.146      2.100
Chiral centres                    1     0.004    0.050      0.089



====== CYCLE 21 ======

 weight = 1.0000e+00
 geom_x = 0.0658610274345649
 geom_a = 0
 geom_q = 0
 geom_c = 0.0
f0= 6.5861e-02
using cgsolve in c++, ic=False
diag(geom) min= 194.710220 max= 14860.488959
diag(all) min= 194.710220 max= 14860.488959
Trying gamma equal 0.042000
Convergence reached after 7 iterations with no gamma cycles
min(dx) = -2.342686986642786e-16
max(dx) = 1.3316725923713211e-16
mean(dx)= -1.2958112471349525e-17
vdws = 0
atoms = 4
pairs = 6
 geom_x = 0.06586102743456881
 geom_a = 0
 geom_q = 0
 geom_c = 0.0
f1, 0= 6.5861e-02
min(dx) = -1.171343493321393e-16
max(dx) = 6.658362961856606e-17
mean(dx)= -6.479056235674763e-18
vdws = 0
atoms = 4
pairs = 6
 geom_x = 0.06586102743456472
 geom_a = 0
 geom_q = 0
 geom_c = 0.0
f1, 1= 6.5861e-02
                       N restraints  r.m.s.d.  r.m.s.Z  Mn(sigma)
Bond distances, non H             4     0.001    0.076      0.013
Bond angles, non H                5     0.225    0.146      2.100
Chiral centres                    1     0.004    0.050      0.089



====== CYCLE 22 ======

 weight = 1.0000e+00
 geom_x = 0.06586102743456472
 geom_a = 0
 geom_q = 0
 geom_c = 0.0
f0= 6.5861e-02
using cgsolve in c++, ic=False
diag(geom) min= 194.710220 max= 14860.488959
diag(all) min= 194.710220 max= 14860.488959
Trying gamma equal 0.042000
Convergence reached after 7 iterations with no gamma cycles
min(dx) = -6.625645912669875e-17
max(dx) = 6.792240633647936e-17
mean(dx)= -6.252143423823789e-19
vdws = 0
atoms = 4
pairs = 6
 geom_x = 0.06586102743456945
 geom_a = 0
 geom_q = 0
 geom_c = 0.0
f1, 0= 6.5861e-02
min(dx) = -3.312822956334937e-17
max(dx) = 3.396120316823968e-17
mean(dx)= -3.1260717119118944e-19
vdws = 0
atoms = 4
pairs = 6
 geom_x = 0.06586102743456865
 geom_a = 0
 geom_q = 0
 geom_c = 0.0
f1, 1= 6.5861e-02
min(dx) = -1.6564114781674686e-17
max(dx) = 1.698060158411984e-17
mean(dx)= -1.5630358559559472e-19
vdws = 0
atoms = 4
pairs = 6
 geom_x = 0.06586102743456546
 geom_a = 0
 geom_q = 0
 geom_c = 0.0
f1, 2= 6.5861e-02
WARNING: function not minimised
                       N restraints  r.m.s.d.  r.m.s.Z  Mn(sigma)
Bond distances, non H             4     0.001    0.076      0.013
Bond angles, non H                5     0.225    0.146      2.100
Chiral centres                    1     0.004    0.050      0.089



====== CYCLE 23 ======

 weight = 1.0000e+00
 geom_x = 0.06586102743456546
 geom_a = 0
 geom_q = 0
 geom_c = 0.0
f0= 6.5861e-02
using cgsolve in c++, ic=False
diag(geom) min= 194.710220 max= 14860.488959
diag(all) min= 194.710220 max= 14860.488959
Trying gamma equal 0.042000
Convergence reached after 7 iterations with no gamma cycles
min(dx) = -2.0970410974556582e-16
max(dx) = 1.2418012341418638e-16
mean(dx)= -1.2174817460353064e-17
vdws = 0
atoms = 4
pairs = 6
 geom_x = 0.06586102743456926
 geom_a = 0
 geom_q = 0
 geom_c = 0.0
f1, 0= 6.5861e-02
min(dx) = -1.0485205487278291e-16
max(dx) = 6.209006170709319e-17
mean(dx)= -6.087408730176532e-18
vdws = 0
atoms = 4
pairs = 6
 geom_x = 0.06586102743456845
 geom_a = 0
 geom_q = 0
 geom_c = 0.0
f1, 1= 6.5861e-02
min(dx) = -5.2426027436391455e-17
max(dx) = 3.1045030853546595e-17
mean(dx)= -3.043704365088266e-18
vdws = 0
atoms = 4
pairs = 6
 geom_x = 0.06586102743456865
 geom_a = 0
 geom_q = 0
 geom_c = 0.0
f1, 2= 6.5861e-02
WARNING: function not minimised
                       N restraints  r.m.s.d.  r.m.s.Z  Mn(sigma)
Bond distances, non H             4     0.001    0.076      0.013
Bond angles, non H                5     0.225    0.146      2.100
Chiral centres                    1     0.004    0.050      0.089



====== CYCLE 24 ======

 weight = 1.0000e+00
 geom_x = 0.06586102743456865
 geom_a = 0
 geom_q = 0
 geom_c = 0.0
f0= 6.5861e-02
using cgsolve in c++, ic=False
diag(geom) min= 194.710220 max= 14860.488959
diag(all) min= 194.710220 max= 14860.488959
Trying gamma equal 0.042000
Convergence reached after 7 iterations with no gamma cycles
min(dx) = -6.64613757741181e-17
max(dx) = 1.5783065086718868e-16
mean(dx)= 4.98695813512304e-18
vdws = 0
atoms = 4
pairs = 6
 geom_x = 0.06586102743456611
 geom_a = 0
 geom_q = 0
 geom_c = 0.0
f1, 0= 6.5861e-02
                       N restraints  r.m.s.d.  r.m.s.Z  Mn(sigma)
Bond distances, non H             4     0.001    0.076      0.013
Bond angles, non H                5     0.225    0.146      2.100
Chiral centres                    1     0.004    0.050      0.089



====== CYCLE 25 ======

 weight = 1.0000e+00
 geom_x = 0.06586102743456611
 geom_a = 0
 geom_q = 0
 geom_c = 0.0
f0= 6.5861e-02
using cgsolve in c++, ic=False
diag(geom) min= 194.710220 max= 14860.488959
diag(all) min= 194.710220 max= 14860.488959
Trying gamma equal 0.042000
Convergence reached after 7 iterations with no gamma cycles
min(dx) = -9.873601027145133e-17
max(dx) = 6.489987189721986e-17
mean(dx)= -4.132830328088417e-18
vdws = 0
atoms = 4
pairs = 6
 geom_x = 0.06586102743456845
 geom_a = 0
 geom_q = 0
 geom_c = 0.0
f1, 0= 6.5861e-02
min(dx) = -4.9368005135725667e-17
max(dx) = 3.244993594860993e-17
mean(dx)= -2.0664151640442084e-18
vdws = 0
atoms = 4
pairs = 6
 geom_x = 0.06586102743456472
 geom_a = 0
 geom_q = 0
 geom_c = 0.0
f1, 1= 6.5861e-02
                       N restraints  r.m.s.d.  r.m.s.Z  Mn(sigma)
Bond distances, non H             4     0.001    0.076      0.013
Bond angles, non H                5     0.225    0.146      2.100
Chiral centres                    1     0.004    0.050      0.089



====== CYCLE 26 ======

 weight = 1.0000e+00
 geom_x = 0.06586102743456472
 geom_a = 0
 geom_q = 0
 geom_c = 0.0
f0= 6.5861e-02
using cgsolve in c++, ic=False
diag(geom) min= 194.710220 max= 14860.488959
diag(all) min= 194.710220 max= 14860.488959
Trying gamma equal 0.042000
Convergence reached after 7 iterations with no gamma cycles
min(dx) = -6.59130472958923e-17
max(dx) = 6.851736119728058e-17
mean(dx)= -8.163949596885146e-19
vdws = 0
atoms = 4
pairs = 6
 geom_x = 0.06586102743456926
 geom_a = 0
 geom_q = 0
 geom_c = 0.0
f1, 0= 6.5861e-02
min(dx) = -3.295652364794615e-17
max(dx) = 3.425868059864029e-17
mean(dx)= -4.081974798442573e-19
vdws = 0
atoms = 4
pairs = 6
 geom_x = 0.06586102743456845
 geom_a = 0
 geom_q = 0
 geom_c = 0.0
f1, 1= 6.5861e-02
min(dx) = -1.6478261823973075e-17
max(dx) = 1.7129340299320146e-17
mean(dx)= -2.0409873992212865e-19
vdws = 0
atoms = 4
pairs = 6
 geom_x = 0.06586102743456528
 geom_a = 0
 geom_q = 0
 geom_c = 0.0
f1, 2= 6.5861e-02
WARNING: function not minimised
                       N restraints  r.m.s.d.  r.m.s.Z  Mn(sigma)
Bond distances, non H             4     0.001    0.076      0.013
Bond angles, non H                5     0.225    0.146      2.100
Chiral centres                    1     0.004    0.050      0.089



====== CYCLE 27 ======

 weight = 1.0000e+00
 geom_x = 0.06586102743456528
 geom_a = 0
 geom_q = 0
 geom_c = 0.0
f0= 6.5861e-02
using cgsolve in c++, ic=False
diag(geom) min= 194.710220 max= 14860.488959
diag(all) min= 194.710220 max= 14860.488959
Trying gamma equal 0.042000
Convergence reached after 7 iterations with no gamma cycles
min(dx) = -6.511457631803967e-17
max(dx) = 7.054466744477802e-17
mean(dx)= 9.047818653057024e-20
vdws = 0
atoms = 4
pairs = 6
 geom_x = 0.06586102743456937
 geom_a = 0
 geom_q = 0
 geom_c = 0.0
f1, 0= 6.5861e-02
min(dx) = -3.2557288159019837e-17
max(dx) = 3.527233372238901e-17
mean(dx)= 4.523909326528512e-20
vdws = 0
atoms = 4
pairs = 6
 geom_x = 0.06586102743456845
 geom_a = 0
 geom_q = 0
 geom_c = 0.0
f1, 1= 6.5861e-02
min(dx) = -1.6278644079509918e-17
max(dx) = 1.7636166861194504e-17
mean(dx)= 2.261954663264256e-20
vdws = 0
atoms = 4
pairs = 6
 geom_x = 0.06586102743456845
 geom_a = 0
 geom_q = 0
 geom_c = 0.0
f1, 2= 6.5861e-02
WARNING: function not minimised
                       N restraints  r.m.s.d.  r.m.s.Z  Mn(sigma)
Bond distances, non H             4     0.001    0.076      0.013
Bond angles, non H                5     0.225    0.146      2.100
Chiral centres                    1     0.004    0.050      0.089



====== CYCLE 28 ======

 weight = 1.0000e+00
 geom_x = 0.06586102743456845
 geom_a = 0
 geom_q = 0
 geom_c = 0.0
f0= 6.5861e-02
using cgsolve in c++, ic=False
diag(geom) min= 194.710220 max= 14860.488959
diag(all) min= 194.710220 max= 14860.488959
Trying gamma equal 0.042000
Convergence reached after 7 iterations with no gamma cycles
min(dx) = -3.697734384502746e-17
max(dx) = 1.0066563082702306e-16
mean(dx)= 1.745454502393197e-17
vdws = 0
atoms = 4
pairs = 6
 geom_x = 0.0658610274345651
 geom_a = 0
 geom_q = 0
 geom_c = 0.0
f1, 0= 6.5861e-02
                       N restraints  r.m.s.d.  r.m.s.Z  Mn(sigma)
Bond distances, non H             4     0.001    0.076      0.013
Bond angles, non H                5     0.225    0.146      2.100
Chiral centres                    1     0.004    0.050      0.089



====== CYCLE 29 ======

 weight = 1.0000e+00
 geom_x = 0.0658610274345651
 geom_a = 0
 geom_q = 0
 geom_c = 0.0
f0= 6.5861e-02
using cgsolve in c++, ic=False
diag(geom) min= 194.710220 max= 14860.488959
diag(all) min= 194.710220 max= 14860.488959
Trying gamma equal 0.042000
Convergence reached after 7 iterations with no gamma cycles
min(dx) = -3.027825712325911e-16
max(dx) = 4.1307485106176255e-17
mean(dx)= -3.180065063128286e-17
vdws = 0
atoms = 4
pairs = 6
 geom_x = 0.06586102743456548
 geom_a = 0
 geom_q = 0
 geom_c = 0.0
f1, 0= 6.5861e-02
min(dx) = -1.5139128561629556e-16
max(dx) = 2.0653742553088128e-17
mean(dx)= -1.590032531564143e-17
vdws = 0
atoms = 4
pairs = 6
 geom_x = 0.06586102743456472
 geom_a = 0
 geom_q = 0
 geom_c = 0.0
f1, 1= 6.5861e-02
                       N restraints  r.m.s.d.  r.m.s.Z  Mn(sigma)
Bond distances, non H             4     0.001    0.076      0.013
Bond angles, non H                5     0.225    0.146      2.100
Chiral centres                    1     0.004    0.050      0.089



====== CYCLE 30 ======

 weight = 1.0000e+00
 geom_x = 0.06586102743456472
 geom_a = 0
 geom_q = 0
 geom_c = 0.0
f0= 6.5861e-02
using cgsolve in c++, ic=False
diag(geom) min= 194.710220 max= 14860.488959
diag(all) min= 194.710220 max= 14860.488959
Trying gamma equal 0.042000
Convergence reached after 7 iterations with no gamma cycles
min(dx) = -5.635354209883314e-17
max(dx) = 6.613789596824522e-17
mean(dx)= 6.7674564032392705e-21
vdws = 0
atoms = 4
pairs = 6
 geom_x = 0.06586102743456937
 geom_a = 0
 geom_q = 0
 geom_c = 0.0
f1, 0= 6.5861e-02
min(dx) = -2.817677104941657e-17
max(dx) = 3.306894798412261e-17
mean(dx)= 3.3837282016196353e-21
vdws = 0
atoms = 4
pairs = 6
 geom_x = 0.06586102743456528
 geom_a = 0
 geom_q = 0
 geom_c = 0.0
f1, 1= 6.5861e-02
min(dx) = -1.4088385524708285e-17
max(dx) = 1.6534473992061306e-17
mean(dx)= 1.6918641008098176e-21
vdws = 0
atoms = 4
pairs = 6
 geom_x = 0.06586102743456528
 geom_a = 0
 geom_q = 0
 geom_c = 0.0
f1, 2= 6.5861e-02
WARNING: function not minimised
                       N restraints  r.m.s.d.  r.m.s.Z  Mn(sigma)
Bond distances, non H             4     0.001    0.076      0.013
Bond angles, non H                5     0.225    0.146      2.100
Chiral centres                    1     0.004    0.050      0.089


$TABLE: stats vs cycle :
$GRAPHS
: Geometry :A:1,4,2:
: Geometry Z :A:1,3,5:
$$
 Ncyc  rmsBOND  zBOND  rmsANGL  zANGL
$$
$$
    0   0.0009 0.0770   0.2460 0.1497
    1   0.0008 0.0758   0.2246 0.1458
    2   0.0008 0.0758   0.2246 0.1458
    3   0.0008 0.0758   0.2246 0.1458
    4   0.0008 0.0758   0.2246 0.1458
    5   0.0008 0.0758   0.2246 0.1458
    6   0.0008 0.0758   0.2246 0.1458
    7   0.0008 0.0758   0.2246 0.1458
    8   0.0008 0.0758   0.2246 0.1458
    9   0.0008 0.0758   0.2246 0.1458
   10   0.0008 0.0758   0.2246 0.1458
   11   0.0008 0.0758   0.2246 0.1458
   12   0.0008 0.0758   0.2246 0.1458
   13   0.0008 0.0758   0.2246 0.1458
   14   0.0008 0.0758   0.2246 0.1458
   15   0.0008 0.0758   0.2246 0.1458
   16   0.0008 0.0758   0.2246 0.1458
   17   0.0008 0.0758   0.2246 0.1458
   18   0.0008 0.0758   0.2246 0.1458
   19   0.0008 0.0758   0.2246 0.1458
   20   0.0008 0.0758   0.2246 0.1458
   21   0.0008 0.0758   0.2246 0.1458
   22   0.0008 0.0758   0.2246 0.1458
   23   0.0008 0.0758   0.2246 0.1458
   24   0.0008 0.0758   0.2246 0.1458
   25   0.0008 0.0758   0.2246 0.1458
   26   0.0008 0.0758   0.2246 0.1458
   27   0.0008 0.0758   0.2246 0.1458
   28   0.0008 0.0758   0.2246 0.1458
   29   0.0008 0.0758   0.2246 0.1458
   30   0.0008 0.0758   0.2246 0.1458
$$

Creating restraints..

Chain info:
 chain 
  ligands: EPX (1 residues)

Number of refinement parameters:
       n_params  n_atoms  n_atoms_geom_only  n_atoms_data_only
xyz          10       10                  6                  0
adp           0        0                  0                  0
occ           0        0                  0                  0
dfrac         0        0                  0                  0

Randomizing structure with rmsd of 0.01
Torsion angle rules:
 include:
  {'group': 'peptide', 'tors_name': 'chi*'}
  {'link': '*', 'tors_name': 'omega'}
  {'residue': '*', 'tors_name': 'sp2_sp2*'}
  {'link': '*', 'tors_name': 'sp2_sp2*'}
 exclude:
  none
External restraints from Refmac instructions
 Number of distances          : 0
 Number of angles             : 0
 Number of torsions           : 0
 Number of chirals            : 0
 Number of planes             : 0
 Number of intervals          : 0
 Number of stackings          : 0
 Number of harmonics          : 0
 Number of special positions  : 0

Running 10 cycles with wchir=4 wvdw=2 with hydrogen
Geometry weights
vdws = 15
atoms = 10
pairs = 41
                          N restraints  r.m.s.d.  r.m.s.Z  Mn(sigma)
Bond distances, non H                4     0.010    0.959      0.013
Bond distances, H                    6     0.009    0.543      0.016
Bond angles, non H                   5     0.427    0.212      2.100
Bond angles, H                      14     0.693    0.402      1.929
Torsion angles, period 3             1     0.853    0.085     10.000
Chiral centres                       1     0.046    0.512      0.089


====== CYCLE  1 ======

 weight = 1.0000e+00
 geom_x = 6.068578791136428
 geom_a = 0
 geom_q = 0
 geom_c = 0.0
f0= 6.0686e+00
using cgsolve in c++, ic=False
diag(geom) min= 273.127520 max= 39964.389122
diag(all) min= 273.127520 max= 39964.389122
Trying gamma equal 0.000000
Not converging with gamma equal 0.000000
Trying gamma equal 0.052500
Gamma decreased to 0.042000
min(dx) = -0.0099776133794523
max(dx) = 0.013021216361116547
mean(dx)= -0.00027493525577453813
vdws = 15
atoms = 10
pairs = 41
 geom_x = 0.11600839652134666
 geom_a = 0
 geom_q = 0
 geom_c = 0.0
f1, 0= 1.1601e-01
                          N restraints  r.m.s.d.  r.m.s.Z  Mn(sigma)
Bond distances, non H                4     0.001    0.094      0.013
Bond distances, H                    6     0.000    0.020      0.016
Bond angles, non H                   5     0.232    0.142      2.100
Bond angles, H                      14     0.193    0.079      1.929
Torsion angles, period 3             1     0.487    0.049     10.000
Chiral centres                       1     0.001    0.014      0.089



====== CYCLE  2 ======

 weight = 1.0000e+00
 geom_x = 0.11600839652134666
 geom_a = 0
 geom_q = 0
 geom_c = 0.0
f0= 1.1601e-01
using cgsolve in c++, ic=False
diag(geom) min= 279.902991 max= 39837.676909
diag(all) min= 279.902991 max= 39837.676909
Trying gamma equal 0.042000
Convergence reached after 20 iterations with no gamma cycles
min(dx) = -0.0017813093123961096
max(dx) = 0.0009174594595184767
mean(dx)= -5.7768774242132076e-05
vdws = 15
atoms = 10
pairs = 41
 geom_x = 0.10821910668602179
 geom_a = 0
 geom_q = 0
 geom_c = 0.0
f1, 0= 1.0822e-01
                          N restraints  r.m.s.d.  r.m.s.Z  Mn(sigma)
Bond distances, non H                4     0.001    0.073      0.013
Bond distances, H                    6     0.000    0.001      0.016
Bond angles, non H                   5     0.257    0.152      2.100
Bond angles, H                      14     0.177    0.074      1.929
Torsion angles, period 3             1     0.382    0.038     10.000
Chiral centres                       1     0.000    0.001      0.089



====== CYCLE  3 ======

 weight = 1.0000e+00
 geom_x = 0.10821910668602179
 geom_a = 0
 geom_q = 0
 geom_c = 0.0
f0= 1.0822e-01
using cgsolve in c++, ic=False
diag(geom) min= 280.657624 max= 39867.052081
diag(all) min= 280.657624 max= 39867.052081
Trying gamma equal 0.042000
Convergence reached after 20 iterations with no gamma cycles
min(dx) = -0.0008022378046539582
max(dx) = 0.0004268025504815346
mean(dx)= -8.664478930042572e-06
vdws = 15
atoms = 10
pairs = 41
 geom_x = 0.10768913640073197
 geom_a = 0
 geom_q = 0
 geom_c = 0.0
f1, 0= 1.0769e-01
                          N restraints  r.m.s.d.  r.m.s.Z  Mn(sigma)
Bond distances, non H                4     0.001    0.073      0.013
Bond distances, H                    6     0.000    0.000      0.016
Bond angles, non H                   5     0.263    0.154      2.100
Bond angles, H                      14     0.174    0.073      1.929
Torsion angles, period 3             1     0.311    0.031     10.000
Chiral centres                       1     0.000    0.000      0.089



====== CYCLE  4 ======

 weight = 1.0000e+00
 geom_x = 0.10768913640073197
 geom_a = 0
 geom_q = 0
 geom_c = 0.0
f0= 1.0769e-01
using cgsolve in c++, ic=False
diag(geom) min= 280.655165 max= 39876.998028
diag(all) min= 280.655165 max= 39876.998028
Trying gamma equal 0.042000
Convergence reached after 18 iterations with no gamma cycles
min(dx) = -0.0005533470035207531
max(dx) = 0.0003439434191462616
mean(dx)= 3.469273872587111e-06
vdws = 15
atoms = 10
pairs = 41
 geom_x = 0.1075260399797197
 geom_a = 0
 geom_q = 0
 geom_c = 0.0
f1, 0= 1.0753e-01
                          N restraints  r.m.s.d.  r.m.s.Z  Mn(sigma)
Bond distances, non H                4     0.001    0.073      0.013
Bond distances, H                    6     0.000    0.000      0.016
Bond angles, non H                   5     0.265    0.154      2.100
Bond angles, H                      14     0.173    0.073      1.929
Torsion angles, period 3             1     0.260    0.026     10.000
Chiral centres                       1     0.000    0.000      0.089



====== CYCLE  5 ======

 weight = 1.0000e+00
 geom_x = 0.1075260399797197
 geom_a = 0
 geom_q = 0
 geom_c = 0.0
f0= 1.0753e-01
using cgsolve in c++, ic=False
diag(geom) min= 280.511346 max= 39880.759162
diag(all) min= 280.511346 max= 39880.759162
Trying gamma equal 0.042000
Convergence reached after 17 iterations with no gamma cycles
min(dx) = -0.00044375282978385795
max(dx) = 0.00032375057981045034
mean(dx)= 6.563771800921462e-06
vdws = 15
atoms = 10
pairs = 41
 geom_x = 0.1074301550827646
 geom_a = 0
 geom_q = 0
 geom_c = 0.0
f1, 0= 1.0743e-01
                          N restraints  r.m.s.d.  r.m.s.Z  Mn(sigma)
Bond distances, non H                4     0.001    0.073      0.013
Bond distances, H                    6     0.000    0.000      0.016
Bond angles, non H                   5     0.265    0.154      2.100
Bond angles, H                      14     0.173    0.073      1.929
Torsion angles, period 3             1     0.220    0.022     10.000
Chiral centres                       1     0.000    0.000      0.089



====== CYCLE  6 ======

 weight = 1.0000e+00
 geom_x = 0.1074301550827646
 geom_a = 0
 geom_q = 0
 geom_c = 0.0
f0= 1.0743e-01
using cgsolve in c++, ic=False
diag(geom) min= 280.345992 max= 39882.518019
diag(all) min= 280.345992 max= 39882.518019
Trying gamma equal 0.042000
Convergence reached after 16 iterations with no gamma cycles
min(dx) = -0.00036660621895262166
max(dx) = 0.00028920289859238254
mean(dx)= 6.978350115197201e-06
vdws = 15
atoms = 10
pairs = 41
 geom_x = 0.10736267332058809
 geom_a = 0
 geom_q = 0
 geom_c = 0.0
f1, 0= 1.0736e-01
                          N restraints  r.m.s.d.  r.m.s.Z  Mn(sigma)
Bond distances, non H                4     0.001    0.073      0.013
Bond distances, H                    6     0.000    0.000      0.016
Bond angles, non H                   5     0.265    0.154      2.100
Bond angles, H                      14     0.172    0.073      1.929
Torsion angles, period 3             1     0.187    0.019     10.000
Chiral centres                       1     0.000    0.000      0.089



====== CYCLE  7 ======

 weight = 1.0000e+00
 geom_x = 0.10736267332058809
 geom_a = 0
 geom_q = 0
 geom_c = 0.0
f0= 1.0736e-01
using cgsolve in c++, ic=False
diag(geom) min= 280.189810 max= 39883.559790
diag(all) min= 280.189810 max= 39883.559790
Trying gamma equal 0.042000
Convergence reached after 15 iterations with no gamma cycles
min(dx) = -0.0003078009051450428
max(dx) = 0.0002531443197979508
mean(dx)= 6.548856306134955e-06
vdws = 15
atoms = 10
pairs = 41
 geom_x = 0.10731347086312228
 geom_a = 0
 geom_q = 0
 geom_c = 0.0
f1, 0= 1.0731e-01
                          N restraints  r.m.s.d.  r.m.s.Z  Mn(sigma)
Bond distances, non H                4     0.001    0.073      0.013
Bond distances, H                    6     0.000    0.000      0.016
Bond angles, non H                   5     0.265    0.154      2.100
Bond angles, H                      14     0.172    0.073      1.929
Torsion angles, period 3             1     0.160    0.016     10.000
Chiral centres                       1     0.000    0.000      0.089



====== CYCLE  8 ======

 weight = 1.0000e+00
 geom_x = 0.10731347086312228
 geom_a = 0
 geom_q = 0
 geom_c = 0.0
f0= 1.0731e-01
using cgsolve in c++, ic=False
diag(geom) min= 280.050433 max= 39884.301142
diag(all) min= 280.050433 max= 39884.301142
Trying gamma equal 0.042000
Convergence reached after 15 iterations with no gamma cycles
min(dx) = -0.00026075390972591473
max(dx) = 0.00021964308299937945
mean(dx)= 5.8774999402448944e-06
vdws = 15
atoms = 10
pairs = 41
 geom_x = 0.10727729927469967
 geom_a = 0
 geom_q = 0
 geom_c = 0.0
f1, 0= 1.0728e-01
                          N restraints  r.m.s.d.  r.m.s.Z  Mn(sigma)
Bond distances, non H                4     0.001    0.073      0.013
Bond distances, H                    6     0.000    0.000      0.016
Bond angles, non H                   5     0.265    0.154      2.100
Bond angles, H                      14     0.173    0.073      1.929
Torsion angles, period 3             1     0.137    0.014     10.000
Chiral centres                       1     0.000    0.001      0.089



====== CYCLE  9 ======

 weight = 1.0000e+00
 geom_x = 0.10727729927469967
 geom_a = 0
 geom_q = 0
 geom_c = 0.0
f0= 1.0728e-01
using cgsolve in c++, ic=False
diag(geom) min= 279.928640 max= 39884.885760
diag(all) min= 279.928640 max= 39884.885760
Trying gamma equal 0.042000
Convergence reached after 15 iterations with no gamma cycles
min(dx) = -0.0002220589581331491
max(dx) = 0.00018977602709916976
mean(dx)= 5.173001295680577e-06
vdws = 15
atoms = 10
pairs = 41
 geom_x = 0.10725063787077989
 geom_a = 0
 geom_q = 0
 geom_c = 0.0
f1, 0= 1.0725e-01
                          N restraints  r.m.s.d.  r.m.s.Z  Mn(sigma)
Bond distances, non H                4     0.001    0.073      0.013
Bond distances, H                    6     0.000    0.000      0.016
Bond angles, non H                   5     0.265    0.154      2.100
Bond angles, H                      14     0.173    0.073      1.929
Torsion angles, period 3             1     0.117    0.012     10.000
Chiral centres                       1     0.000    0.001      0.089



====== CYCLE 10 ======

 weight = 1.0000e+00
 geom_x = 0.10725063787077989
 geom_a = 0
 geom_q = 0
 geom_c = 0.0
f0= 1.0725e-01
using cgsolve in c++, ic=False
diag(geom) min= 279.823149 max= 39885.369109
diag(all) min= 279.823149 max= 39885.369109
Trying gamma equal 0.042000
Convergence reached after 15 iterations with no gamma cycles
min(dx) = -0.00018971408086207602
max(dx) = 0.00016360848043788426
mean(dx)= 4.508753912409598e-06
vdws = 15
atoms = 10
pairs = 41
 geom_x = 0.10723096624324999
 geom_a = 0
 geom_q = 0
 geom_c = 0.0
f1, 0= 1.0723e-01
                          N restraints  r.m.s.d.  r.m.s.Z  Mn(sigma)
Bond distances, non H                4     0.001    0.073      0.013
Bond distances, H                    6     0.000    0.000      0.016
Bond angles, non H                   5     0.265    0.154      2.100
Bond angles, H                      14     0.173    0.073      1.929
Torsion angles, period 3             1     0.101    0.010     10.000
Chiral centres                       1     0.000    0.001      0.089


$TABLE: stats vs cycle :
$GRAPHS
: Geometry :A:1,4,2:
: Geometry Z :A:1,3,5:
$$
 Ncyc  rmsBOND  zBOND  rmsANGL  zANGL
$$
$$
    0   0.0101 0.9589   0.4266 0.2118
    1   0.0011 0.0935   0.2316 0.1422
    2   0.0008 0.0735   0.2572 0.1523
    3   0.0008 0.0726   0.2631 0.1535
    4   0.0008 0.0726   0.2648 0.1539
    5   0.0008 0.0727   0.2653 0.1539
    6   0.0008 0.0727   0.2654 0.1539
    7   0.0008 0.0727   0.2654 0.1539
    8   0.0008 0.0728   0.2653 0.1539
    9   0.0008 0.0728   0.2653 0.1539
   10   0.0008 0.0728   0.2652 0.1539
$$

Running 30 cycles with wchir=1 wvdw=2 with hydrogen
Geometry weights
vdws = 15
atoms = 10
pairs = 41
                          N restraints  r.m.s.d.  r.m.s.Z  Mn(sigma)
Bond distances, non H                4     0.001    0.073      0.013
Bond distances, H                    6     0.000    0.000      0.016
Bond angles, non H                   5     0.265    0.154      2.100
Bond angles, H                      14     0.173    0.073      1.929
Torsion angles, period 3             1     0.101    0.010     10.000
Chiral centres                       1     0.000    0.001      0.089


====== CYCLE  1 ======

 weight = 1.0000e+00
 geom_x = 0.1072290071191381
 geom_a = 0
 geom_q = 0
 geom_c = 0.0
f0= 1.0723e-01
using cgsolve in c++, ic=False
diag(geom) min= 279.732153 max= 16922.831794
diag(all) min= 279.732153 max= 16922.831794
Trying gamma equal 0.042000
Convergence reached after 20 iterations with no gamma cycles
min(dx) = -0.00015065316396490092
max(dx) = 0.00013943101941643732
mean(dx)= 6.6838094875130035e-06
vdws = 15
atoms = 10
pairs = 41
 geom_x = 0.10720225551128067
 geom_a = 0
 geom_q = 0
 geom_c = 0.0
f1, 0= 1.0720e-01
                          N restraints  r.m.s.d.  r.m.s.Z  Mn(sigma)
Bond distances, non H                4     0.001    0.073      0.013
Bond distances, H                    6     0.000    0.000      0.016
Bond angles, non H                   5     0.267    0.154      2.100
Bond angles, H                      14     0.172    0.073      1.929
Torsion angles, period 3             1     0.086    0.009     10.000
Chiral centres                       1     0.000    0.003      0.089



====== CYCLE  2 ======

 weight = 1.0000e+00
 geom_x = 0.10720225551128067
 geom_a = 0
 geom_q = 0
 geom_c = 0.0
f0= 1.0720e-01
using cgsolve in c++, ic=False
diag(geom) min= 279.663682 max= 16922.858252
diag(all) min= 279.663682 max= 16922.858252
Trying gamma equal 0.042000
Convergence reached after 19 iterations with no gamma cycles
min(dx) = -0.00013312297235163484
max(dx) = 0.00012015031908744897
mean(dx)= 3.135887800839467e-06
vdws = 15
atoms = 10
pairs = 41
 geom_x = 0.1071900945819287
 geom_a = 0
 geom_q = 0
 geom_c = 0.0
f1, 0= 1.0719e-01
                          N restraints  r.m.s.d.  r.m.s.Z  Mn(sigma)
Bond distances, non H                4     0.001    0.073      0.013
Bond distances, H                    6     0.000    0.000      0.016
Bond angles, non H                   5     0.267    0.154      2.100
Bond angles, H                      14     0.171    0.073      1.929
Torsion angles, period 3             1     0.074    0.007     10.000
Chiral centres                       1     0.000    0.003      0.089



====== CYCLE  3 ======

 weight = 1.0000e+00
 geom_x = 0.1071900945819287
 geom_a = 0
 geom_q = 0
 geom_c = 0.0
f0= 1.0719e-01
using cgsolve in c++, ic=False
diag(geom) min= 279.593292 max= 16922.864187
diag(all) min= 279.593292 max= 16922.864187
Trying gamma equal 0.042000
Convergence reached after 17 iterations with no gamma cycles
min(dx) = -0.00011570303296764484
max(dx) = 0.0001031266534552637
mean(dx)= 2.35480660806233e-06
vdws = 15
atoms = 10
pairs = 41
 geom_x = 0.10718167672977966
 geom_a = 0
 geom_q = 0
 geom_c = 0.0
f1, 0= 1.0718e-01
                          N restraints  r.m.s.d.  r.m.s.Z  Mn(sigma)
Bond distances, non H                4     0.001    0.073      0.013
Bond distances, H                    6     0.000    0.000      0.016
Bond angles, non H                   5     0.267    0.154      2.100
Bond angles, H                      14     0.171    0.073      1.929
Torsion angles, period 3             1     0.063    0.006     10.000
Chiral centres                       1     0.000    0.004      0.089



====== CYCLE  4 ======

 weight = 1.0000e+00
 geom_x = 0.10718167672977966
 geom_a = 0
 geom_q = 0
 geom_c = 0.0
f0= 1.0718e-01
using cgsolve in c++, ic=False
diag(geom) min= 279.527980 max= 16922.871042
diag(all) min= 279.527980 max= 16922.871042
Trying gamma equal 0.042000
Convergence reached after 17 iterations with no gamma cycles
min(dx) = -0.00010004133093851627
max(dx) = 8.804254280341622e-05
mean(dx)= 1.9351308445838966e-06
vdws = 15
atoms = 10
pairs = 41
 geom_x = 0.10717561602461258
 geom_a = 0
 geom_q = 0
 geom_c = 0.0
f1, 0= 1.0718e-01
                          N restraints  r.m.s.d.  r.m.s.Z  Mn(sigma)
Bond distances, non H                4     0.001    0.073      0.013
Bond distances, H                    6     0.000    0.000      0.016
Bond angles, non H                   5     0.267    0.154      2.100
Bond angles, H                      14     0.171    0.073      1.929
Torsion angles, period 3             1     0.054    0.005     10.000
Chiral centres                       1     0.000    0.004      0.089



====== CYCLE  5 ======

 weight = 1.0000e+00
 geom_x = 0.10717561602461258
 geom_a = 0
 geom_q = 0
 geom_c = 0.0
f0= 1.0718e-01
using cgsolve in c++, ic=False
diag(geom) min= 279.470988 max= 16922.869670
diag(all) min= 279.470988 max= 16922.869670
Trying gamma equal 0.042000
Convergence reached after 17 iterations with no gamma cycles
min(dx) = -8.622983752231661e-05
max(dx) = 7.501395040951513e-05
mean(dx)= 1.6160642532806973e-06
vdws = 15
atoms = 10
pairs = 41
 geom_x = 0.10717121604454205
 geom_a = 0
 geom_q = 0
 geom_c = 0.0
f1, 0= 1.0717e-01
                          N restraints  r.m.s.d.  r.m.s.Z  Mn(sigma)
Bond distances, non H                4     0.001    0.073      0.013
Bond distances, H                    6     0.000    0.000      0.016
Bond angles, non H                   5     0.267    0.154      2.100
Bond angles, H                      14     0.171    0.073      1.929
Torsion angles, period 3             1     0.046    0.005     10.000
Chiral centres                       1     0.000    0.004      0.089



====== CYCLE  6 ======

 weight = 1.0000e+00
 geom_x = 0.10717121604454205
 geom_a = 0
 geom_q = 0
 geom_c = 0.0
f0= 1.0717e-01
using cgsolve in c++, ic=False
diag(geom) min= 279.422128 max= 16922.861095
diag(all) min= 279.422128 max= 16922.861095
Trying gamma equal 0.042000
Convergence reached after 17 iterations with no gamma cycles
min(dx) = -7.413653832378211e-05
max(dx) = 6.389652052595106e-05
mean(dx)= 1.3574996811475503e-06
vdws = 15
atoms = 10
pairs = 41
 geom_x = 0.10716801359210391
 geom_a = 0
 geom_q = 0
 geom_c = 0.0
f1, 0= 1.0717e-01
                          N restraints  r.m.s.d.  r.m.s.Z  Mn(sigma)
Bond distances, non H                4     0.001    0.073      0.013
Bond distances, H                    6     0.000    0.000      0.016
Bond angles, non H                   5     0.267    0.154      2.100
Bond angles, H                      14     0.171    0.073      1.929
Torsion angles, period 3             1     0.040    0.004     10.000
Chiral centres                       1     0.000    0.004      0.089



====== CYCLE  7 ======

 weight = 1.0000e+00
 geom_x = 0.10716801359210391
 geom_a = 0
 geom_q = 0
 geom_c = 0.0
f0= 1.0717e-01
using cgsolve in c++, ic=False
diag(geom) min= 279.380455 max= 16922.848382
diag(all) min= 279.380455 max= 16922.848382
Trying gamma equal 0.042000
Convergence reached after 16 iterations with no gamma cycles
min(dx) = -6.361188798259879e-05
max(dx) = 5.44463538239711e-05
mean(dx)= 1.1451135634341487e-06
vdws = 15
atoms = 10
pairs = 41
 geom_x = 0.10716568050112349
 geom_a = 0
 geom_q = 0
 geom_c = 0.0
f1, 0= 1.0717e-01
                          N restraints  r.m.s.d.  r.m.s.Z  Mn(sigma)
Bond distances, non H                4     0.001    0.073      0.013
Bond distances, H                    6     0.000    0.000      0.016
Bond angles, non H                   5     0.267    0.154      2.100
Bond angles, H                      14     0.171    0.073      1.929
Torsion angles, period 3             1     0.034    0.003     10.000
Chiral centres                       1     0.000    0.004      0.089



====== CYCLE  8 ======

 weight = 1.0000e+00
 geom_x = 0.10716568050112349
 geom_a = 0
 geom_q = 0
 geom_c = 0.0
f0= 1.0717e-01
using cgsolve in c++, ic=False
diag(geom) min= 279.344954 max= 16922.834030
diag(all) min= 279.344954 max= 16922.834030
Trying gamma equal 0.042000
Convergence reached after 15 iterations with no gamma cycles
min(dx) = -5.450034199385721e-05
max(dx) = 4.64160522999371e-05
mean(dx)= 9.691841406894857e-07
vdws = 15
atoms = 10
pairs = 41
 geom_x = 0.10716398007824464
 geom_a = 0
 geom_q = 0
 geom_c = 0.0
f1, 0= 1.0716e-01
                          N restraints  r.m.s.d.  r.m.s.Z  Mn(sigma)
Bond distances, non H                4     0.001    0.073      0.013
Bond distances, H                    6     0.000    0.000      0.016
Bond angles, non H                   5     0.267    0.154      2.100
Bond angles, H                      14     0.171    0.073      1.929
Torsion angles, period 3             1     0.029    0.003     10.000
Chiral centres                       1     0.000    0.004      0.089



====== CYCLE  9 ======

 weight = 1.0000e+00
 geom_x = 0.10716398007824464
 geom_a = 0
 geom_q = 0
 geom_c = 0.0
f0= 1.0716e-01
using cgsolve in c++, ic=False
diag(geom) min= 279.314711 max= 16922.819624
diag(all) min= 279.314711 max= 16922.819624
Trying gamma equal 0.042000
Convergence reached after 15 iterations with no gamma cycles
min(dx) = -4.6644690738952414e-05
max(dx) = 3.9587138869991047e-05
mean(dx)= 8.224549367314155e-07
vdws = 15
atoms = 10
pairs = 41
 geom_x = 0.10716274053695976
 geom_a = 0
 geom_q = 0
 geom_c = 0.0
f1, 0= 1.0716e-01
                          N restraints  r.m.s.d.  r.m.s.Z  Mn(sigma)
Bond distances, non H                4     0.001    0.073      0.013
Bond distances, H                    6     0.000    0.000      0.016
Bond angles, non H                   5     0.267    0.154      2.100
Bond angles, H                      14     0.171    0.073      1.929
Torsion angles, period 3             1     0.025    0.002     10.000
Chiral centres                       1     0.000    0.004      0.089



====== CYCLE 10 ======

 weight = 1.0000e+00
 geom_x = 0.10716274053695976
 geom_a = 0
 geom_q = 0
 geom_c = 0.0
f0= 1.0716e-01
using cgsolve in c++, ic=False
diag(geom) min= 279.288937 max= 16922.806032
diag(all) min= 279.288937 max= 16922.806032
Trying gamma equal 0.042000
Convergence reached after 15 iterations with no gamma cycles
min(dx) = -3.9891621183551606e-05
max(dx) = 3.377439443849917e-05
mean(dx)= 6.992728481861633e-07
vdws = 15
atoms = 10
pairs = 41
 geom_x = 0.10716183688452305
 geom_a = 0
 geom_q = 0
 geom_c = 0.0
f1, 0= 1.0716e-01
                          N restraints  r.m.s.d.  r.m.s.Z  Mn(sigma)
Bond distances, non H                4     0.001    0.073      0.013
Bond distances, H                    6     0.000    0.000      0.016
Bond angles, non H                   5     0.267    0.154      2.100
Bond angles, H                      14     0.171    0.073      1.929
Torsion angles, period 3             1     0.021    0.002     10.000
Chiral centres                       1     0.000    0.004      0.089



====== CYCLE 11 ======

 weight = 1.0000e+00
 geom_x = 0.10716183688452305
 geom_a = 0
 geom_q = 0
 geom_c = 0.0
f0= 1.0716e-01
using cgsolve in c++, ic=False
diag(geom) min= 279.266962 max= 16922.793667
diag(all) min= 279.266962 max= 16922.793667
Trying gamma equal 0.042000
Convergence reached after 15 iterations with no gamma cycles
min(dx) = -3.409889233815818e-05
max(dx) = 2.8822206143331496e-05
mean(dx)= 5.953471805894379e-07
vdws = 15
atoms = 10
pairs = 41
 geom_x = 0.10716117807614119
 geom_a = 0
 geom_q = 0
 geom_c = 0.0
f1, 0= 1.0716e-01
                          N restraints  r.m.s.d.  r.m.s.Z  Mn(sigma)
Bond distances, non H                4     0.001    0.073      0.013
Bond distances, H                    6     0.000    0.000      0.016
Bond angles, non H                   5     0.267    0.154      2.100
Bond angles, H                      14     0.171    0.073      1.929
Torsion angles, period 3             1     0.018    0.002     10.000
Chiral centres                       1     0.000    0.004      0.089



====== CYCLE 12 ======

 weight = 1.0000e+00
 geom_x = 0.10716117807614119
 geom_a = 0
 geom_q = 0
 geom_c = 0.0
f0= 1.0716e-01
using cgsolve in c++, ic=False
diag(geom) min= 279.248220 max= 16922.782667
diag(all) min= 279.248220 max= 16922.782667
Trying gamma equal 0.042000
Convergence reached after 15 iterations with no gamma cycles
min(dx) = -2.9137201095260617e-05
max(dx) = 2.4600432904018336e-05
mean(dx)= 5.073440878261699e-07
vdws = 15
atoms = 10
pairs = 41
 geom_x = 0.10716069776204563
 geom_a = 0
 geom_q = 0
 geom_c = 0.0
f1, 0= 1.0716e-01
                          N restraints  r.m.s.d.  r.m.s.Z  Mn(sigma)
Bond distances, non H                4     0.001    0.073      0.013
Bond distances, H                    6     0.000    0.000      0.016
Bond angles, non H                   5     0.267    0.154      2.100
Bond angles, H                      14     0.171    0.073      1.929
Torsion angles, period 3             1     0.015    0.002     10.000
Chiral centres                       1     0.000    0.004      0.089



====== CYCLE 13 ======

 weight = 1.0000e+00
 geom_x = 0.10716069776204563
 geom_a = 0
 geom_q = 0
 geom_c = 0.0
f0= 1.0716e-01
using cgsolve in c++, ic=False
diag(geom) min= 279.232231 max= 16922.773017
diag(all) min= 279.232231 max= 16922.773017
Trying gamma equal 0.042000
Convergence reached after 15 iterations with no gamma cycles
min(dx) = -2.4891592905519097e-05
max(dx) = 2.0999618701383413e-05
mean(dx)= 4.326293726063309e-07
vdws = 15
atoms = 10
pairs = 41
 geom_x = 0.10716034757829912
 geom_a = 0
 geom_q = 0
 geom_c = 0.0
f1, 0= 1.0716e-01
                          N restraints  r.m.s.d.  r.m.s.Z  Mn(sigma)
Bond distances, non H                4     0.001    0.073      0.013
Bond distances, H                    6     0.000    0.000      0.016
Bond angles, non H                   5     0.267    0.154      2.100
Bond angles, H                      14     0.171    0.073      1.929
Torsion angles, period 3             1     0.013    0.001     10.000
Chiral centres                       1     0.000    0.004      0.089



====== CYCLE 14 ======

 weight = 1.0000e+00
 geom_x = 0.10716034757829912
 geom_a = 0
 geom_q = 0
 geom_c = 0.0
f0= 1.0716e-01
using cgsolve in c++, ic=False
diag(geom) min= 279.218588 max= 16922.764628
diag(all) min= 279.218588 max= 16922.764628
Trying gamma equal 0.042000
Convergence reached after 15 iterations with no gamma cycles
min(dx) = -2.12612079869786e-05
max(dx) = 1.7927383713823e-05
mean(dx)= 3.6908001145474505e-07
vdws = 15
atoms = 10
pairs = 41
 geom_x = 0.1071600922675114
 geom_a = 0
 geom_q = 0
 geom_c = 0.0
f1, 0= 1.0716e-01
                          N restraints  r.m.s.d.  r.m.s.Z  Mn(sigma)
Bond distances, non H                4     0.001    0.073      0.013
Bond distances, H                    6     0.000    0.000      0.016
Bond angles, non H                   5     0.267    0.154      2.100
Bond angles, H                      14     0.171    0.073      1.929
Torsion angles, period 3             1     0.011    0.001     10.000
Chiral centres                       1     0.000    0.004      0.089



====== CYCLE 15 ======

 weight = 1.0000e+00
 geom_x = 0.1071600922675114
 geom_a = 0
 geom_q = 0
 geom_c = 0.0
f0= 1.0716e-01
using cgsolve in c++, ic=False
diag(geom) min= 279.206944 max= 16922.757380
diag(all) min= 279.206944 max= 16922.757380
Trying gamma equal 0.042000
Convergence reached after 15 iterations with no gamma cycles
min(dx) = -1.815833714846837e-05
max(dx) = 1.530551229006365e-05
mean(dx)= 3.1495925901074225e-07
vdws = 15
atoms = 10
pairs = 41
 geom_x = 0.10715990612571782
 geom_a = 0
 geom_q = 0
 geom_c = 0.0
f1, 0= 1.0716e-01
                          N restraints  r.m.s.d.  r.m.s.Z  Mn(sigma)
Bond distances, non H                4     0.001    0.073      0.013
Bond distances, H                    6     0.000    0.000      0.016
Bond angles, non H                   5     0.267    0.154      2.100
Bond angles, H                      14     0.171    0.073      1.929
Torsion angles, period 3             1     0.010    0.001     10.000
Chiral centres                       1     0.000    0.004      0.089



====== CYCLE 16 ======

 weight = 1.0000e+00
 geom_x = 0.10715990612571782
 geom_a = 0
 geom_q = 0
 geom_c = 0.0
f0= 1.0716e-01
using cgsolve in c++, ic=False
diag(geom) min= 279.197006 max= 16922.751141
diag(all) min= 279.197006 max= 16922.751141
Trying gamma equal 0.042000
Convergence reached after 15 iterations with no gamma cycles
min(dx) = -1.550716389718813e-05
max(dx) = 1.3067616814395997e-05
mean(dx)= 2.688284746965952e-07
vdws = 15
atoms = 10
pairs = 41
 geom_x = 0.10715977041326237
 geom_a = 0
 geom_q = 0
 geom_c = 0.0
f1, 0= 1.0716e-01
                          N restraints  r.m.s.d.  r.m.s.Z  Mn(sigma)
Bond distances, non H                4     0.001    0.073      0.013
Bond distances, H                    6     0.000    0.000      0.016
Bond angles, non H                   5     0.267    0.154      2.100
Bond angles, H                      14     0.171    0.073      1.929
Torsion angles, period 3             1     0.008    0.001     10.000
Chiral centres                       1     0.000    0.004      0.089



====== CYCLE 17 ======

 weight = 1.0000e+00
 geom_x = 0.10715977041326237
 geom_a = 0
 geom_q = 0
 geom_c = 0.0
f0= 1.0716e-01
using cgsolve in c++, ic=False
diag(geom) min= 279.188523 max= 16922.745786
diag(all) min= 279.188523 max= 16922.745786
Trying gamma equal 0.042000
Convergence reached after 15 iterations with no gamma cycles
min(dx) = -1.3242414399299838e-05
max(dx) = 1.1157247095874564e-05
mean(dx)= 2.294851131740594e-07
vdws = 15
atoms = 10
pairs = 41
 geom_x = 0.10715967146770532
 geom_a = 0
 geom_q = 0
 geom_c = 0.0
f1, 0= 1.0716e-01
                          N restraints  r.m.s.d.  r.m.s.Z  Mn(sigma)
Bond distances, non H                4     0.001    0.073      0.013
Bond distances, H                    6     0.000    0.000      0.016
Bond angles, non H                   5     0.267    0.154      2.100
Bond angles, H                      14     0.171    0.073      1.929
Torsion angles, period 3             1     0.007    0.001     10.000
Chiral centres                       1     0.000    0.004      0.089



====== CYCLE 18 ======

 weight = 1.0000e+00
 geom_x = 0.10715967146770532
 geom_a = 0
 geom_q = 0
 geom_c = 0.0
f0= 1.0716e-01
using cgsolve in c++, ic=False
diag(geom) min= 279.181281 max= 16922.741197
diag(all) min= 279.181281 max= 16922.741197
Trying gamma equal 0.042000
Convergence reached after 15 iterations with no gamma cycles
min(dx) = -1.1308043079102301e-05
max(dx) = 9.526341127383861e-06
mean(dx)= 1.959172782047276e-07
vdws = 15
atoms = 10
pairs = 41
 geom_x = 0.10715959932814753
 geom_a = 0
 geom_q = 0
 geom_c = 0.0
f1, 0= 1.0716e-01
                          N restraints  r.m.s.d.  r.m.s.Z  Mn(sigma)
Bond distances, non H                4     0.001    0.073      0.013
Bond distances, H                    6     0.000    0.000      0.016
Bond angles, non H                   5     0.267    0.154      2.100
Bond angles, H                      14     0.171    0.073      1.929
Torsion angles, period 3             1     0.006    0.001     10.000
Chiral centres                       1     0.000    0.004      0.089



====== CYCLE 19 ======

 weight = 1.0000e+00
 geom_x = 0.10715959932814753
 geom_a = 0
 geom_q = 0
 geom_c = 0.0
f0= 1.0716e-01
using cgsolve in c++, ic=False
diag(geom) min= 279.175099 max= 16922.737269
diag(all) min= 279.175099 max= 16922.737269
Trying gamma equal 0.042000
Convergence reached after 15 iterations with no gamma cycles
min(dx) = -9.656015120779642e-06
max(dx) = 8.13394199586831e-06
mean(dx)= 1.6726954431013797e-07
vdws = 15
atoms = 10
pairs = 41
 geom_x = 0.10715954673232621
 geom_a = 0
 geom_q = 0
 geom_c = 0.0
f1, 0= 1.0716e-01
                          N restraints  r.m.s.d.  r.m.s.Z  Mn(sigma)
Bond distances, non H                4     0.001    0.073      0.013
Bond distances, H                    6     0.000    0.000      0.016
Bond angles, non H                   5     0.267    0.154      2.100
Bond angles, H                      14     0.171    0.073      1.929
Torsion angles, period 3             1     0.005    0.001     10.000
Chiral centres                       1     0.000    0.004      0.089



====== CYCLE 20 ======

 weight = 1.0000e+00
 geom_x = 0.10715954673232621
 geom_a = 0
 geom_q = 0
 geom_c = 0.0
f0= 1.0716e-01
using cgsolve in c++, ic=False
diag(geom) min= 279.169821 max= 16922.733910
diag(all) min= 279.169821 max= 16922.733910
Trying gamma equal 0.042000
Convergence reached after 15 iterations with no gamma cycles
min(dx) = -8.24521169275023e-06
max(dx) = 6.945125916324152e-06
mean(dx)= 1.4281642258438195e-07
vdws = 15
atoms = 10
pairs = 41
 geom_x = 0.10715950838550542
 geom_a = 0
 geom_q = 0
 geom_c = 0.0
f1, 0= 1.0716e-01
                          N restraints  r.m.s.d.  r.m.s.Z  Mn(sigma)
Bond distances, non H                4     0.001    0.073      0.013
Bond distances, H                    6     0.000    0.000      0.016
Bond angles, non H                   5     0.267    0.154      2.100
Bond angles, H                      14     0.171    0.073      1.929
Torsion angles, period 3             1     0.004    0.000     10.000
Chiral centres                       1     0.000    0.004      0.089



====== CYCLE 21 ======

 weight = 1.0000e+00
 geom_x = 0.10715950838550542
 geom_a = 0
 geom_q = 0
 geom_c = 0.0
f0= 1.0716e-01
using cgsolve in c++, ic=False
diag(geom) min= 279.165315 max= 16922.731039
diag(all) min= 279.165315 max= 16922.731039
Trying gamma equal 0.042000
Convergence reached after 15 iterations with no gamma cycles
min(dx) = -7.040463092233711e-06
max(dx) = 5.930100865433727e-06
mean(dx)= 1.21941263622561e-07
vdws = 15
atoms = 10
pairs = 41
 geom_x = 0.10715948042739412
 geom_a = 0
 geom_q = 0
 geom_c = 0.0
f1, 0= 1.0716e-01
                          N restraints  r.m.s.d.  r.m.s.Z  Mn(sigma)
Bond distances, non H                4     0.001    0.073      0.013
Bond distances, H                    6     0.000    0.000      0.016
Bond angles, non H                   5     0.267    0.154      2.100
Bond angles, H                      14     0.171    0.073      1.929
Torsion angles, period 3             1     0.004    0.000     10.000
Chiral centres                       1     0.000    0.004      0.089



====== CYCLE 22 ======

 weight = 1.0000e+00
 geom_x = 0.10715948042739412
 geom_a = 0
 geom_q = 0
 geom_c = 0.0
f0= 1.0716e-01
using cgsolve in c++, ic=False
diag(geom) min= 279.161468 max= 16922.728586
diag(all) min= 279.161468 max= 16922.728586
Trying gamma equal 0.042000
Convergence reached after 15 iterations with no gamma cycles
min(dx) = -6.01170466206624e-06
max(dx) = 5.063445102562364e-06
mean(dx)= 1.0411913965686781e-07
vdws = 15
atoms = 10
pairs = 41
 geom_x = 0.10715946004352096
 geom_a = 0
 geom_q = 0
 geom_c = 0.0
f1, 0= 1.0716e-01
                          N restraints  r.m.s.d.  r.m.s.Z  Mn(sigma)
Bond distances, non H                4     0.001    0.073      0.013
Bond distances, H                    6     0.000    0.000      0.016
Bond angles, non H                   5     0.267    0.154      2.100
Bond angles, H                      14     0.171    0.073      1.929
Torsion angles, period 3             1     0.003    0.000     10.000
Chiral centres                       1     0.000    0.004      0.089



====== CYCLE 23 ======

 weight = 1.0000e+00
 geom_x = 0.10715946004352096
 geom_a = 0
 geom_q = 0
 geom_c = 0.0
f0= 1.0716e-01
using cgsolve in c++, ic=False
diag(geom) min= 279.158183 max= 16922.726490
diag(all) min= 279.158183 max= 16922.726490
Trying gamma equal 0.042000
Convergence reached after 15 iterations with no gamma cycles
min(dx) = -5.13324535298726e-06
max(dx) = 4.323461743321989e-06
mean(dx)= 8.890274615125607e-08
vdws = 15
atoms = 10
pairs = 41
 geom_x = 0.10715944518191643
 geom_a = 0
 geom_q = 0
 geom_c = 0.0
f1, 0= 1.0716e-01
                          N restraints  r.m.s.d.  r.m.s.Z  Mn(sigma)
Bond distances, non H                4     0.001    0.073      0.013
Bond distances, H                    6     0.000    0.000      0.016
Bond angles, non H                   5     0.267    0.154      2.100
Bond angles, H                      14     0.171    0.073      1.929
Torsion angles, period 3             1     0.003    0.000     10.000
Chiral centres                       1     0.000    0.004      0.089



====== CYCLE 24 ======

 weight = 1.0000e+00
 geom_x = 0.10715944518191643
 geom_a = 0
 geom_q = 0
 geom_c = 0.0
f0= 1.0716e-01
using cgsolve in c++, ic=False
diag(geom) min= 279.155379 max= 16922.724700
diag(all) min= 279.155379 max= 16922.724700
Trying gamma equal 0.042000
Convergence reached after 15 iterations with no gamma cycles
min(dx) = -4.383136999347367e-06
max(dx) = 3.6916304485009025e-06
mean(dx)= 7.591066153898898e-08
vdws = 15
atoms = 10
pairs = 41
 geom_x = 0.10715943434652087
 geom_a = 0
 geom_q = 0
 geom_c = 0.0
f1, 0= 1.0716e-01
                          N restraints  r.m.s.d.  r.m.s.Z  Mn(sigma)
Bond distances, non H                4     0.001    0.073      0.013
Bond distances, H                    6     0.000    0.000      0.016
Bond angles, non H                   5     0.267    0.154      2.100
Bond angles, H                      14     0.171    0.073      1.929
Torsion angles, period 3             1     0.002    0.000     10.000
Chiral centres                       1     0.000    0.004      0.089



====== CYCLE 25 ======

 weight = 1.0000e+00
 geom_x = 0.10715943434652087
 geom_a = 0
 geom_q = 0
 geom_c = 0.0
f0= 1.0716e-01
using cgsolve in c++, ic=False
diag(geom) min= 279.152985 max= 16922.723171
diag(all) min= 279.152985 max= 16922.723171
Trying gamma equal 0.042000
Convergence reached after 15 iterations with no gamma cycles
min(dx) = -3.7426322060704847e-06
max(dx) = 3.152140866737733e-06
mean(dx)= 6.481749304327154e-08
vdws = 15
atoms = 10
pairs = 41
 geom_x = 0.10715942644656515
 geom_a = 0
 geom_q = 0
 geom_c = 0.0
f1, 0= 1.0716e-01
                          N restraints  r.m.s.d.  r.m.s.Z  Mn(sigma)
Bond distances, non H                4     0.001    0.073      0.013
Bond distances, H                    6     0.000    0.000      0.016
Bond angles, non H                   5     0.267    0.154      2.100
Bond angles, H                      14     0.171    0.073      1.929
Torsion angles, period 3             1     0.002    0.000     10.000
Chiral centres                       1     0.000    0.004      0.089



====== CYCLE 26 ======

 weight = 1.0000e+00
 geom_x = 0.10715942644656515
 geom_a = 0
 geom_q = 0
 geom_c = 0.0
f0= 1.0716e-01
using cgsolve in c++, ic=False
diag(geom) min= 279.150940 max= 16922.721865
diag(all) min= 279.150940 max= 16922.721865
Trying gamma equal 0.042000
Convergence reached after 15 iterations with no gamma cycles
min(dx) = -3.1957194018927267e-06
max(dx) = 2.6914952181446125e-06
mean(dx)= 5.534556061127952e-08
vdws = 15
atoms = 10
pairs = 41
 geom_x = 0.10715942068681919
 geom_a = 0
 geom_q = 0
 geom_c = 0.0
f1, 0= 1.0716e-01
                          N restraints  r.m.s.d.  r.m.s.Z  Mn(sigma)
Bond distances, non H                4     0.001    0.073      0.013
Bond distances, H                    6     0.000    0.000      0.016
Bond angles, non H                   5     0.267    0.154      2.100
Bond angles, H                      14     0.171    0.073      1.929
Torsion angles, period 3             1     0.002    0.000     10.000
Chiral centres                       1     0.000    0.004      0.089



====== CYCLE 27 ======

 weight = 1.0000e+00
 geom_x = 0.10715942068681919
 geom_a = 0
 geom_q = 0
 geom_c = 0.0
f0= 1.0716e-01
using cgsolve in c++, ic=False
diag(geom) min= 279.149195 max= 16922.720750
diag(all) min= 279.149195 max= 16922.720750
Trying gamma equal 0.042000
Convergence reached after 15 iterations with no gamma cycles
min(dx) = -2.728724653136611e-06
max(dx) = 2.2981695148062297e-06
mean(dx)= 4.725785183369463e-08
vdws = 15
atoms = 10
pairs = 41
 geom_x = 0.10715941648744719
 geom_a = 0
 geom_q = 0
 geom_c = 0.0
f1, 0= 1.0716e-01
                          N restraints  r.m.s.d.  r.m.s.Z  Mn(sigma)
Bond distances, non H                4     0.001    0.073      0.013
Bond distances, H                    6     0.000    0.000      0.016
Bond angles, non H                   5     0.267    0.154      2.100
Bond angles, H                      14     0.171    0.073      1.929
Torsion angles, period 3             1     0.001    0.000     10.000
Chiral centres                       1     0.000    0.004      0.089



====== CYCLE 28 ======

 weight = 1.0000e+00
 geom_x = 0.10715941648744719
 geom_a = 0
 geom_q = 0
 geom_c = 0.0
f0= 1.0716e-01
using cgsolve in c++, ic=False
diag(geom) min= 279.147704 max= 16922.719798
diag(all) min= 279.147704 max= 16922.719798
Trying gamma equal 0.042000
Convergence reached after 15 iterations with no gamma cycles
min(dx) = -2.3299709848542106e-06
max(dx) = 1.962324621625268e-06
mean(dx)= 4.035203844847987e-08
vdws = 15
atoms = 10
pairs = 41
 geom_x = 0.10715941342574031
 geom_a = 0
 geom_q = 0
 geom_c = 0.0
f1, 0= 1.0716e-01
                          N restraints  r.m.s.d.  r.m.s.Z  Mn(sigma)
Bond distances, non H                4     0.001    0.073      0.013
Bond distances, H                    6     0.000    0.000      0.016
Bond angles, non H                   5     0.267    0.154      2.100
Bond angles, H                      14     0.171    0.073      1.929
Torsion angles, period 3             1     0.001    0.000     10.000
Chiral centres                       1     0.000    0.004      0.089



====== CYCLE 29 ======

 weight = 1.0000e+00
 geom_x = 0.10715941342574031
 geom_a = 0
 geom_q = 0
 geom_c = 0.0
f0= 1.0716e-01
using cgsolve in c++, ic=False
diag(geom) min= 279.146432 max= 16922.718985
diag(all) min= 279.146432 max= 16922.718985
Trying gamma equal 0.042000
Convergence reached after 15 iterations with no gamma cycles
min(dx) = -1.989487092018005e-06
max(dx) = 1.675559739214206e-06
mean(dx)= 3.4455384842573984e-08
vdws = 15
atoms = 10
pairs = 41
 geom_x = 0.10715941119348989
 geom_a = 0
 geom_q = 0
 geom_c = 0.0
f1, 0= 1.0716e-01
                          N restraints  r.m.s.d.  r.m.s.Z  Mn(sigma)
Bond distances, non H                4     0.001    0.073      0.013
Bond distances, H                    6     0.000    0.000      0.016
Bond angles, non H                   5     0.267    0.154      2.100
Bond angles, H                      14     0.171    0.073      1.929
Torsion angles, period 3             1     0.001    0.000     10.000
Chiral centres                       1     0.000    0.004      0.089



====== CYCLE 30 ======

 weight = 1.0000e+00
 geom_x = 0.10715941119348989
 geom_a = 0
 geom_q = 0
 geom_c = 0.0
f0= 1.0716e-01
using cgsolve in c++, ic=False
diag(geom) min= 279.145345 max= 16922.718291
diag(all) min= 279.145345 max= 16922.718291
Trying gamma equal 0.042000
Convergence reached after 15 iterations with no gamma cycles
min(dx) = -1.6987583924999017e-06
max(dx) = 1.4307020262794976e-06
mean(dx)= 2.942041119531828e-08
vdws = 15
atoms = 10
pairs = 41
 geom_x = 0.10715940956598029
 geom_a = 0
 geom_q = 0
 geom_c = 0.0
f1, 0= 1.0716e-01
                          N restraints  r.m.s.d.  r.m.s.Z  Mn(sigma)
Bond distances, non H                4     0.001    0.073      0.013
Bond distances, H                    6     0.000    0.000      0.016
Bond angles, non H                   5     0.267    0.154      2.100
Bond angles, H                      14     0.171    0.073      1.929
Torsion angles, period 3             1     0.001    0.000     10.000
Chiral centres                       1     0.000    0.004      0.089


$TABLE: stats vs cycle :
$GRAPHS
: Geometry :A:1,4,2:
: Geometry Z :A:1,3,5:
$$
 Ncyc  rmsBOND  zBOND  rmsANGL  zANGL
$$
$$
    0   0.0008 0.0728   0.2652 0.1539
    1   0.0008 0.0728   0.2667 0.1542
    2   0.0008 0.0728   0.2671 0.1542
    3   0.0008 0.0728   0.2672 0.1542
    4   0.0008 0.0729   0.2673 0.1542
    5   0.0008 0.0729   0.2673 0.1542
    6   0.0008 0.0729   0.2673 0.1542
    7   0.0008 0.0729   0.2673 0.1542
    8   0.0008 0.0729   0.2673 0.1542
    9   0.0008 0.0729   0.2673 0.1542
   10   0.0008 0.0729   0.2673 0.1542
   11   0.0008 0.0729   0.2673 0.1542
   12   0.0008 0.0729   0.2672 0.1542
   13   0.0008 0.0729   0.2672 0.1542
   14   0.0008 0.0729   0.2672 0.1542
   15   0.0008 0.0729   0.2672 0.1542
   16   0.0008 0.0729   0.2672 0.1542
   17   0.0008 0.0729   0.2672 0.1542
   18   0.0008 0.0729   0.2672 0.1542
   19   0.0008 0.0729   0.2672 0.1542
   20   0.0008 0.0729   0.2672 0.1542
   21   0.0008 0.0729   0.2672 0.1542
   22   0.0008 0.0729   0.2672 0.1542
   23   0.0008 0.0729   0.2672 0.1542
   24   0.0008 0.0729   0.2672 0.1542
   25   0.0008 0.0729   0.2672 0.1542
   26   0.0008 0.0729   0.2672 0.1542
   27   0.0008 0.0729   0.2672 0.1542
   28   0.0008 0.0729   0.2672 0.1542
   29   0.0008 0.0729   0.2672 0.1542
   30   0.0008 0.0729   0.2672 0.1542
$$

Updated dictionary saved: EPX_MODEL_TMP/mol_1_conf_12_updated.cif
Refinement statistics saved: EPX_MODEL_TMP/mol_1_conf_12_stats.json

# Finished on 2026-06-14 11:41:27.614745

=========END OF PROCESS INFORMATION ==========
