
============ PROCESS INFORMATION =============
# Servalcat ver. 0.4.128 (Python 3.9.18)
# Library vers. gemmi 0.7.4, scipy 1.7.3, numpy 1.19.5, pandas 1.3.5
# Started on 2026-06-14 11:41:10.933181
# Host: Mac.lan User: hilgersmt
# Command-line:
# servalcat --logfile EPX_MODEL_TMP/servalcat.log refine_geom --update_dictionary EPX_MODEL_TMP/mol_1_conf_3_init.cif -o EPX_MODEL_TMP/mol_1_conf_3 --randomize 0.01
Config loaded
--
refine:
  atom_selection:
    xyz:
      include:
      - '*'
      exclude: []
      exclude_restraint: []
    adp:
      include: []
      exclude: []
      exclude_restraint: []
    occ:
      include: []
      exclude: []
      exclude_restraint: []
    dfrac:
      include: []
      exclude: []
      exclude_restraint: []
  occ_groups: []
  occ_group_constraints: []
  occ_group_const_mu: 10.0
  occ_group_const_mu_update_factor: 1.1
  occ_group_const_mu_update_tol_rel: 0.25
  occ_group_const_mu_update_tol_abs: 0.01
  initialisation:
    adp: {}
    occ: {}
    dfrac: {}
  write_trajectory: false
--
Reading monomers from /Applications/ccp4-9/lib/data/monomers/
Monomer not in the library: EPX.
Reading monomer: EPX_MODEL_TMP/mol_1_conf_3_init.cif
Monomer library loaded: 1 monomers, 109 links, 133 modifications
       loaded monomers: EPX

Checking if unknown atoms exist..
Creating restraints..

Chain info:
 chain 
  ligands: EPX (1 residues)

Number of refinement parameters:
       n_params  n_atoms  n_atoms_geom_only  n_atoms_data_only
xyz           4        4                  0                  0
adp           0        0                  0                  0
occ           0        0                  0                  0
dfrac         0        0                  0                  0

Randomizing structure with rmsd of 0.01
Torsion angle rules:
 include:
  {'group': 'peptide', 'tors_name': 'chi*'}
  {'link': '*', 'tors_name': 'omega'}
  {'residue': '*', 'tors_name': 'sp2_sp2*'}
  {'link': '*', 'tors_name': 'sp2_sp2*'}
 exclude:
  none
External restraints from Refmac instructions
 Number of distances          : 0
 Number of angles             : 0
 Number of torsions           : 0
 Number of chirals            : 0
 Number of planes             : 0
 Number of intervals          : 0
 Number of stackings          : 0
 Number of harmonics          : 0
 Number of special positions  : 0

Running 10 cycles with wchir=4 wvdw=2 without hydrogen
Geometry weights
vdws = 0
atoms = 4
pairs = 6
                       N restraints  r.m.s.d.  r.m.s.Z  Mn(sigma)
Bond distances, non H             4     0.037    2.544      0.013
Bond angles, non H                5     5.782    1.982      2.100
Chiral centres                    1     0.317    3.541      0.089


====== CYCLE  1 ======

 weight = 1.0000e+00
 geom_x = 123.08641614916536
 geom_a = 0
 geom_q = 0
 geom_c = 0.0
f0= 1.2309e+02
using cgsolve in c++, ic=False
diag(geom) min= 132.236244 max= 26259.942450
diag(all) min= 132.236244 max= 26259.942450
Trying gamma equal 0.000000
Convergence reached after 6 iterations with no gamma cycles
min(dx) = -0.06134920247902881
max(dx) = 0.13759233565183662
mean(dx)= 0.008953815074076624
vdws = 0
atoms = 4
pairs = 6
 geom_x = 1.2822024192776431
 geom_a = 0
 geom_q = 0
 geom_c = 0.0
f1, 0= 1.2822e+00
                       N restraints  r.m.s.d.  r.m.s.Z  Mn(sigma)
Bond distances, non H             4     0.004    0.378      0.013
Bond angles, non H                5     0.867    0.296      2.100
Chiral centres                    1     0.028    0.312      0.089



====== CYCLE  2 ======

 weight = 1.0000e+00
 geom_x = 1.2822024192776431
 geom_a = 0
 geom_q = 0
 geom_c = 0.0
f0= 1.2822e+00
using cgsolve in c++, ic=False
diag(geom) min= 179.889019 max= 27815.575257
diag(all) min= 179.889019 max= 27815.575257
Trying gamma equal 0.000000
Convergence reached after 6 iterations with no gamma cycles
min(dx) = -0.013321015962287056
max(dx) = 0.018118477844041924
mean(dx)= -0.0014914692074004879
vdws = 0
atoms = 4
pairs = 6
 geom_x = 0.06846550464532836
 geom_a = 0
 geom_q = 0
 geom_c = 0.0
f1, 0= 6.8466e-02
                       N restraints  r.m.s.d.  r.m.s.Z  Mn(sigma)
Bond distances, non H             4     0.001    0.077      0.013
Bond angles, non H                5     0.252    0.150      2.100
Chiral centres                    1     0.000    0.002      0.089



====== CYCLE  3 ======

 weight = 1.0000e+00
 geom_x = 0.06846550464532836
 geom_a = 0
 geom_q = 0
 geom_c = 0.0
f0= 6.8466e-02
using cgsolve in c++, ic=False
diag(geom) min= 182.706980 max= 27623.242016
diag(all) min= 182.706980 max= 27623.242016
Trying gamma equal 0.000000
Convergence reached after 6 iterations with no gamma cycles
min(dx) = -0.00033750507417265943
max(dx) = 0.0004119200478531034
mean(dx)= -3.6838982915761446e-05
vdws = 0
atoms = 4
pairs = 6
 geom_x = 0.06817596005664593
 geom_a = 0
 geom_q = 0
 geom_c = 0.0
f1, 0= 6.8176e-02
                       N restraints  r.m.s.d.  r.m.s.Z  Mn(sigma)
Bond distances, non H             4     0.001    0.077      0.013
Bond angles, non H                5     0.246    0.150      2.100
Chiral centres                    1     0.001    0.006      0.089



====== CYCLE  4 ======

 weight = 1.0000e+00
 geom_x = 0.06817596005664593
 geom_a = 0
 geom_q = 0
 geom_c = 0.0
f0= 6.8176e-02
using cgsolve in c++, ic=False
diag(geom) min= 182.836375 max= 27618.979606
diag(all) min= 182.836375 max= 27618.979606
Trying gamma equal 0.000000
Convergence reached after 6 iterations with no gamma cycles
min(dx) = -6.144423595303849e-06
max(dx) = 2.1198269091074035e-06
mean(dx)= -4.807372638445505e-07
vdws = 0
atoms = 4
pairs = 6
 geom_x = 0.06817595556822725
 geom_a = 0
 geom_q = 0
 geom_c = 0.0
f1, 0= 6.8176e-02
                       N restraints  r.m.s.d.  r.m.s.Z  Mn(sigma)
Bond distances, non H             4     0.001    0.077      0.013
Bond angles, non H                5     0.246    0.150      2.100
Chiral centres                    1     0.001    0.006      0.089



====== CYCLE  5 ======

 weight = 1.0000e+00
 geom_x = 0.06817595556822725
 geom_a = 0
 geom_q = 0
 geom_c = 0.0
f0= 6.8176e-02
using cgsolve in c++, ic=False
diag(geom) min= 182.838979 max= 27618.984677
diag(all) min= 182.838979 max= 27618.984677
Trying gamma equal 0.000000
Convergence reached after 6 iterations with no gamma cycles
min(dx) = -8.836948820740492e-08
max(dx) = 1.8529430827827893e-08
mean(dx)= -6.83478593312121e-09
vdws = 0
atoms = 4
pairs = 6
 geom_x = 0.06817595556758406
 geom_a = 0
 geom_q = 0
 geom_c = 0.0
f1, 0= 6.8176e-02
                       N restraints  r.m.s.d.  r.m.s.Z  Mn(sigma)
Bond distances, non H             4     0.001    0.077      0.013
Bond angles, non H                5     0.246    0.150      2.100
Chiral centres                    1     0.001    0.006      0.089



====== CYCLE  6 ======

 weight = 1.0000e+00
 geom_x = 0.06817595556758406
 geom_a = 0
 geom_q = 0
 geom_c = 0.0
f0= 6.8176e-02
using cgsolve in c++, ic=False
diag(geom) min= 182.839016 max= 27618.984987
diag(all) min= 182.839016 max= 27618.984987
Trying gamma equal 0.000000
Convergence reached after 6 iterations with no gamma cycles
min(dx) = -1.2228884676650802e-09
max(dx) = 2.3161464072107475e-10
mean(dx)= -9.45332378109512e-11
vdws = 0
atoms = 4
pairs = 6
 geom_x = 0.06817595556758282
 geom_a = 0
 geom_q = 0
 geom_c = 0.0
f1, 0= 6.8176e-02
                       N restraints  r.m.s.d.  r.m.s.Z  Mn(sigma)
Bond distances, non H             4     0.001    0.077      0.013
Bond angles, non H                5     0.246    0.150      2.100
Chiral centres                    1     0.001    0.006      0.089



====== CYCLE  7 ======

 weight = 1.0000e+00
 geom_x = 0.06817595556758282
 geom_a = 0
 geom_q = 0
 geom_c = 0.0
f0= 6.8176e-02
using cgsolve in c++, ic=False
diag(geom) min= 182.839016 max= 27618.984992
diag(all) min= 182.839016 max= 27618.984992
Trying gamma equal 0.000000
Convergence reached after 6 iterations with no gamma cycles
min(dx) = -1.680780175830404e-11
max(dx) = 3.132728631921765e-12
mean(dx)= -1.2991606701174999e-12
vdws = 0
atoms = 4
pairs = 6
 geom_x = 0.06817595556758431
 geom_a = 0
 geom_q = 0
 geom_c = 0.0
f1, 0= 6.8176e-02
min(dx) = -8.40390087915202e-12
max(dx) = 1.5663643159608826e-12
mean(dx)= -6.495803350587499e-13
vdws = 0
atoms = 4
pairs = 6
 geom_x = 0.068175955567581
 geom_a = 0
 geom_q = 0
 geom_c = 0.0
f1, 1= 6.8176e-02
                       N restraints  r.m.s.d.  r.m.s.Z  Mn(sigma)
Bond distances, non H             4     0.001    0.077      0.013
Bond angles, non H                5     0.246    0.150      2.100
Chiral centres                    1     0.001    0.006      0.089



====== CYCLE  8 ======

 weight = 1.0000e+00
 geom_x = 0.068175955567581
 geom_a = 0
 geom_q = 0
 geom_c = 0.0
f0= 6.8176e-02
using cgsolve in c++, ic=False
diag(geom) min= 182.839016 max= 27618.984992
diag(all) min= 182.839016 max= 27618.984992
Trying gamma equal 0.000000
Convergence reached after 6 iterations with no gamma cycles
min(dx) = -8.51904054573127e-12
max(dx) = 1.5880490952501166e-12
mean(dx)= -6.584564347342807e-13
vdws = 0
atoms = 4
pairs = 6
 geom_x = 0.06817595556758296
 geom_a = 0
 geom_q = 0
 geom_c = 0.0
f1, 0= 6.8176e-02
min(dx) = -4.259520272865635e-12
max(dx) = 7.940245476250583e-13
mean(dx)= -3.2922821736714035e-13
vdws = 0
atoms = 4
pairs = 6
 geom_x = 0.06817595556758424
 geom_a = 0
 geom_q = 0
 geom_c = 0.0
f1, 1= 6.8176e-02
min(dx) = -2.1297601364328175e-12
max(dx) = 3.9701227381252916e-13
mean(dx)= -1.6461410868357017e-13
vdws = 0
atoms = 4
pairs = 6
 geom_x = 0.06817595556758581
 geom_a = 0
 geom_q = 0
 geom_c = 0.0
f1, 2= 6.8176e-02
WARNING: function not minimised
                       N restraints  r.m.s.d.  r.m.s.Z  Mn(sigma)
Bond distances, non H             4     0.001    0.077      0.013
Bond angles, non H                5     0.246    0.150      2.100
Chiral centres                    1     0.001    0.006      0.089



====== CYCLE  9 ======

 weight = 1.0000e+00
 geom_x = 0.06817595556758581
 geom_a = 0
 geom_q = 0
 geom_c = 0.0
f0= 6.8176e-02
using cgsolve in c++, ic=False
diag(geom) min= 182.839016 max= 27618.984992
diag(all) min= 182.839016 max= 27618.984992
Trying gamma equal 0.000000
Convergence reached after 6 iterations with no gamma cycles
min(dx) = -6.419226266322757e-12
max(dx) = 1.196613367457168e-12
mean(dx)= -4.961694183328514e-13
vdws = 0
atoms = 4
pairs = 6
 geom_x = 0.06817595556758334
 geom_a = 0
 geom_q = 0
 geom_c = 0.0
f1, 0= 6.8176e-02
                       N restraints  r.m.s.d.  r.m.s.Z  Mn(sigma)
Bond distances, non H             4     0.001    0.077      0.013
Bond angles, non H                5     0.246    0.150      2.100
Chiral centres                    1     0.001    0.006      0.089



====== CYCLE 10 ======

 weight = 1.0000e+00
 geom_x = 0.06817595556758334
 geom_a = 0
 geom_q = 0
 geom_c = 0.0
f0= 6.8176e-02
using cgsolve in c++, ic=False
diag(geom) min= 182.839016 max= 27618.984992
diag(all) min= 182.839016 max= 27618.984992
Trying gamma equal 0.000000
Convergence reached after 6 iterations with no gamma cycles
min(dx) = -8.76439703405236e-14
max(dx) = 1.612798137557727e-14
mean(dx)= -6.7723748787747996e-15
vdws = 0
atoms = 4
pairs = 6
 geom_x = 0.0681759555675851
 geom_a = 0
 geom_q = 0
 geom_c = 0.0
f1, 0= 6.8176e-02
min(dx) = -4.38219851702618e-14
max(dx) = 8.063990687788635e-15
mean(dx)= -3.3861874393873998e-15
vdws = 0
atoms = 4
pairs = 6
 geom_x = 0.06817595556758019
 geom_a = 0
 geom_q = 0
 geom_c = 0.0
f1, 1= 6.8176e-02
                       N restraints  r.m.s.d.  r.m.s.Z  Mn(sigma)
Bond distances, non H             4     0.001    0.077      0.013
Bond angles, non H                5     0.246    0.150      2.100
Chiral centres                    1     0.001    0.006      0.089


$TABLE: stats vs cycle :
$GRAPHS
: Geometry :A:1,4,2:
: Geometry Z :A:1,3,5:
$$
 Ncyc  rmsBOND  zBOND  rmsANGL  zANGL
$$
$$
    0   0.0368 2.5445   5.7821 1.9815
    1   0.0043 0.3781   0.8672 0.2957
    2   0.0008 0.0771   0.2518 0.1504
    3   0.0009 0.0770   0.2461 0.1497
    4   0.0009 0.0770   0.2460 0.1497
    5   0.0009 0.0770   0.2460 0.1497
    6   0.0009 0.0770   0.2460 0.1497
    7   0.0009 0.0770   0.2460 0.1497
    8   0.0009 0.0770   0.2460 0.1497
    9   0.0009 0.0770   0.2460 0.1497
   10   0.0009 0.0770   0.2460 0.1497
$$

Running 30 cycles with wchir=1 wvdw=2 without hydrogen
Geometry weights
vdws = 0
atoms = 4
pairs = 6
                       N restraints  r.m.s.d.  r.m.s.Z  Mn(sigma)
Bond distances, non H             4     0.001    0.077      0.013
Bond angles, non H                5     0.246    0.150      2.100
Chiral centres                    1     0.001    0.006      0.089


====== CYCLE  1 ======

 weight = 1.0000e+00
 geom_x = 0.06789327195582807
 geom_a = 0
 geom_q = 0
 geom_c = 0.0
f0= 6.7893e-02
using cgsolve in c++, ic=False
diag(geom) min= 164.426785 max= 14201.201956
diag(all) min= 164.426785 max= 14201.201956
Trying gamma equal 0.000000
Convergence reached after 6 iterations with no gamma cycles
min(dx) = -0.0016519408727575144
max(dx) = 0.0006716541787067827
mean(dx)= -8.937066925795657e-05
vdws = 0
atoms = 4
pairs = 6
 geom_x = 0.06586104079752741
 geom_a = 0
 geom_q = 0
 geom_c = 0.0
f1, 0= 6.5861e-02
                       N restraints  r.m.s.d.  r.m.s.Z  Mn(sigma)
Bond distances, non H             4     0.001    0.076      0.013
Bond angles, non H                5     0.225    0.146      2.100
Chiral centres                    1     0.004    0.050      0.089



====== CYCLE  2 ======

 weight = 1.0000e+00
 geom_x = 0.06586104079752741
 geom_a = 0
 geom_q = 0
 geom_c = 0.0
f0= 6.5861e-02
using cgsolve in c++, ic=False
diag(geom) min= 164.203449 max= 14202.355550
diag(all) min= 164.203449 max= 14202.355550
Trying gamma equal 0.000000
Convergence reached after 6 iterations with no gamma cycles
min(dx) = -3.213718900954603e-06
max(dx) = 4.7326619099838595e-06
mean(dx)= -1.290518068124375e-07
vdws = 0
atoms = 4
pairs = 6
 geom_x = 0.06586102743469534
 geom_a = 0
 geom_q = 0
 geom_c = 0.0
f1, 0= 6.5861e-02
                       N restraints  r.m.s.d.  r.m.s.Z  Mn(sigma)
Bond distances, non H             4     0.001    0.076      0.013
Bond angles, non H                5     0.225    0.146      2.100
Chiral centres                    1     0.004    0.050      0.089



====== CYCLE  3 ======

 weight = 1.0000e+00
 geom_x = 0.06586102743469534
 geom_a = 0
 geom_q = 0
 geom_c = 0.0
f0= 6.5861e-02
using cgsolve in c++, ic=False
diag(geom) min= 164.204692 max= 14202.356461
diag(all) min= 164.204692 max= 14202.356461
Trying gamma equal 0.000000
Convergence reached after 6 iterations with no gamma cycles
min(dx) = -2.8652134998860252e-08
max(dx) = 1.2799216887764504e-08
mean(dx)= -2.288727368807112e-09
vdws = 0
atoms = 4
pairs = 6
 geom_x = 0.06586102743457123
 geom_a = 0
 geom_q = 0
 geom_c = 0.0
f1, 0= 6.5861e-02
                       N restraints  r.m.s.d.  r.m.s.Z  Mn(sigma)
Bond distances, non H             4     0.001    0.076      0.013
Bond angles, non H                5     0.225    0.146      2.100
Chiral centres                    1     0.004    0.050      0.089



====== CYCLE  4 ======

 weight = 1.0000e+00
 geom_x = 0.06586102743457123
 geom_a = 0
 geom_q = 0
 geom_c = 0.0
f0= 6.5861e-02
using cgsolve in c++, ic=False
diag(geom) min= 164.204703 max= 14202.356461
diag(all) min= 164.204703 max= 14202.356461
Trying gamma equal 0.000000
Convergence reached after 6 iterations with no gamma cycles
min(dx) = -2.1925045962609878e-10
max(dx) = 6.18351256204795e-11
mean(dx)= -1.6572502337205664e-11
vdws = 0
atoms = 4
pairs = 6
 geom_x = 0.06586102743456983
 geom_a = 0
 geom_q = 0
 geom_c = 0.0
f1, 0= 6.5861e-02
                       N restraints  r.m.s.d.  r.m.s.Z  Mn(sigma)
Bond distances, non H             4     0.001    0.076      0.013
Bond angles, non H                5     0.225    0.146      2.100
Chiral centres                    1     0.004    0.050      0.089



====== CYCLE  5 ======

 weight = 1.0000e+00
 geom_x = 0.06586102743456983
 geom_a = 0
 geom_q = 0
 geom_c = 0.0
f0= 6.5861e-02
using cgsolve in c++, ic=False
diag(geom) min= 164.204703 max= 14202.356461
diag(all) min= 164.204703 max= 14202.356461
Trying gamma equal 0.000000
Convergence reached after 6 iterations with no gamma cycles
min(dx) = -1.5901415345809964e-12
max(dx) = 3.729964449639559e-13
mean(dx)= -1.187146331267332e-13
vdws = 0
atoms = 4
pairs = 6
 geom_x = 0.06586102743457038
 geom_a = 0
 geom_q = 0
 geom_c = 0.0
f1, 0= 6.5861e-02
min(dx) = -7.950707672904982e-13
max(dx) = 1.8649822248197795e-13
mean(dx)= -5.93573165633666e-14
vdws = 0
atoms = 4
pairs = 6
 geom_x = 0.06586102743457115
 geom_a = 0
 geom_q = 0
 geom_c = 0.0
f1, 1= 6.5861e-02
min(dx) = -3.975353836452491e-13
max(dx) = 9.324911124098898e-14
mean(dx)= -2.96786582816833e-14
vdws = 0
atoms = 4
pairs = 6
 geom_x = 0.06586102743457566
 geom_a = 0
 geom_q = 0
 geom_c = 0.0
f1, 2= 6.5861e-02
WARNING: function not minimised
                       N restraints  r.m.s.d.  r.m.s.Z  Mn(sigma)
Bond distances, non H             4     0.001    0.076      0.013
Bond angles, non H                5     0.225    0.146      2.100
Chiral centres                    1     0.004    0.050      0.089



====== CYCLE  6 ======

 weight = 1.0000e+00
 geom_x = 0.06586102743457566
 geom_a = 0
 geom_q = 0
 geom_c = 0.0
f0= 6.5861e-02
using cgsolve in c++, ic=False
diag(geom) min= 164.204703 max= 14202.356461
diag(all) min= 164.204703 max= 14202.356461
Trying gamma equal 0.000000
Convergence reached after 6 iterations with no gamma cycles
min(dx) = -1.1961365346333785e-12
max(dx) = 2.8045148498648694e-13
mean(dx)= -8.930871806911511e-14
vdws = 0
atoms = 4
pairs = 6
 geom_x = 0.06586102743456827
 geom_a = 0
 geom_q = 0
 geom_c = 0.0
f1, 0= 6.5861e-02
                       N restraints  r.m.s.d.  r.m.s.Z  Mn(sigma)
Bond distances, non H             4     0.001    0.076      0.013
Bond angles, non H                5     0.225    0.146      2.100
Chiral centres                    1     0.004    0.050      0.089



====== CYCLE  7 ======

 weight = 1.0000e+00
 geom_x = 0.06586102743456827
 geom_a = 0
 geom_q = 0
 geom_c = 0.0
f0= 6.5861e-02
using cgsolve in c++, ic=False
diag(geom) min= 164.204703 max= 14202.356461
diag(all) min= 164.204703 max= 14202.356461
Trying gamma equal 0.000000
Not converging with gamma equal 0.000000
Trying gamma equal 0.052500
Gamma decreased to 0.042000
min(dx) = -7.647589896210619e-15
max(dx) = 1.557847427336709e-15
mean(dx)= -5.670184353136648e-16
vdws = 0
atoms = 4
pairs = 6
 geom_x = 0.06586102743457332
 geom_a = 0
 geom_q = 0
 geom_c = 0.0
f1, 0= 6.5861e-02
min(dx) = -3.8237949481053096e-15
max(dx) = 7.789237136683545e-16
mean(dx)= -2.835092176568324e-16
vdws = 0
atoms = 4
pairs = 6
 geom_x = 0.065861027434572
 geom_a = 0
 geom_q = 0
 geom_c = 0.0
f1, 1= 6.5861e-02
min(dx) = -1.9118974740526548e-15
max(dx) = 3.8946185683417727e-16
mean(dx)= -1.417546088284162e-16
vdws = 0
atoms = 4
pairs = 6
 geom_x = 0.06586102743457045
 geom_a = 0
 geom_q = 0
 geom_c = 0.0
f1, 2= 6.5861e-02
WARNING: function not minimised
                       N restraints  r.m.s.d.  r.m.s.Z  Mn(sigma)
Bond distances, non H             4     0.001    0.076      0.013
Bond angles, non H                5     0.225    0.146      2.100
Chiral centres                    1     0.004    0.050      0.089



====== CYCLE  8 ======

 weight = 1.0000e+00
 geom_x = 0.06586102743457045
 geom_a = 0
 geom_q = 0
 geom_c = 0.0
f0= 6.5861e-02
using cgsolve in c++, ic=False
diag(geom) min= 164.204703 max= 14202.356461
diag(all) min= 164.204703 max= 14202.356461
Trying gamma equal 0.042000
Convergence reached after 7 iterations with no gamma cycles
min(dx) = -5.861912414417707e-15
max(dx) = 1.276344225492154e-15
mean(dx)= -4.2734872724030774e-16
vdws = 0
atoms = 4
pairs = 6
 geom_x = 0.06586102743457531
 geom_a = 0
 geom_q = 0
 geom_c = 0.0
f1, 0= 6.5861e-02
min(dx) = -2.9309562072088536e-15
max(dx) = 6.38172112746077e-16
mean(dx)= -2.1367436362015387e-16
vdws = 0
atoms = 4
pairs = 6
 geom_x = 0.06586102743457209
 geom_a = 0
 geom_q = 0
 geom_c = 0.0
f1, 1= 6.5861e-02
min(dx) = -1.4654781036044268e-15
max(dx) = 3.190860563730385e-16
mean(dx)= -1.0683718181007694e-16
vdws = 0
atoms = 4
pairs = 6
 geom_x = 0.06586102743457334
 geom_a = 0
 geom_q = 0
 geom_c = 0.0
f1, 2= 6.5861e-02
WARNING: function not minimised
                       N restraints  r.m.s.d.  r.m.s.Z  Mn(sigma)
Bond distances, non H             4     0.001    0.076      0.013
Bond angles, non H                5     0.225    0.146      2.100
Chiral centres                    1     0.004    0.050      0.089



====== CYCLE  9 ======

 weight = 1.0000e+00
 geom_x = 0.06586102743457334
 geom_a = 0
 geom_q = 0
 geom_c = 0.0
f0= 6.5861e-02
using cgsolve in c++, ic=False
diag(geom) min= 164.204703 max= 14202.356461
diag(all) min= 164.204703 max= 14202.356461
Trying gamma equal 0.042000
Convergence reached after 7 iterations with no gamma cycles
min(dx) = -4.804663411818494e-15
max(dx) = 1.1355728791352977e-15
mean(dx)= -3.5407360561196994e-16
vdws = 0
atoms = 4
pairs = 6
 geom_x = 0.06586102743457184
 geom_a = 0
 geom_q = 0
 geom_c = 0.0
f1, 0= 6.5861e-02
                       N restraints  r.m.s.d.  r.m.s.Z  Mn(sigma)
Bond distances, non H             4     0.001    0.076      0.013
Bond angles, non H                5     0.225    0.146      2.100
Chiral centres                    1     0.004    0.050      0.089



====== CYCLE 10 ======

 weight = 1.0000e+00
 geom_x = 0.06586102743457184
 geom_a = 0
 geom_q = 0
 geom_c = 0.0
f0= 6.5861e-02
using cgsolve in c++, ic=False
diag(geom) min= 164.204703 max= 14202.356461
diag(all) min= 164.204703 max= 14202.356461
Trying gamma equal 0.042000
Convergence reached after 7 iterations with no gamma cycles
min(dx) = -2.1202198519376682e-16
max(dx) = 1.1688555615929475e-16
mean(dx)= -1.4890887264582213e-17
vdws = 0
atoms = 4
pairs = 6
 geom_x = 0.06586102743457181
 geom_a = 0
 geom_q = 0
 geom_c = 0.0
f1, 0= 6.5861e-02
                       N restraints  r.m.s.d.  r.m.s.Z  Mn(sigma)
Bond distances, non H             4     0.001    0.076      0.013
Bond angles, non H                5     0.225    0.146      2.100
Chiral centres                    1     0.004    0.050      0.089



====== CYCLE 11 ======

 weight = 1.0000e+00
 geom_x = 0.06586102743457181
 geom_a = 0
 geom_q = 0
 geom_c = 0.0
f0= 6.5861e-02
using cgsolve in c++, ic=False
diag(geom) min= 164.204703 max= 14202.356461
diag(all) min= 164.204703 max= 14202.356461
Trying gamma equal 0.042000
Convergence reached after 7 iterations with no gamma cycles
min(dx) = -1.4411164358055718e-16
max(dx) = 1.5012734819379737e-16
mean(dx)= -2.2302171412707924e-17
vdws = 0
atoms = 4
pairs = 6
 geom_x = 0.06586102743456919
 geom_a = 0
 geom_q = 0
 geom_c = 0.0
f1, 0= 6.5861e-02
                       N restraints  r.m.s.d.  r.m.s.Z  Mn(sigma)
Bond distances, non H             4     0.001    0.076      0.013
Bond angles, non H                5     0.225    0.146      2.100
Chiral centres                    1     0.004    0.050      0.089



====== CYCLE 12 ======

 weight = 1.0000e+00
 geom_x = 0.06586102743456919
 geom_a = 0
 geom_q = 0
 geom_c = 0.0
f0= 6.5861e-02
using cgsolve in c++, ic=False
diag(geom) min= 164.204703 max= 14202.356461
diag(all) min= 164.204703 max= 14202.356461
Trying gamma equal 0.042000
Convergence reached after 7 iterations with no gamma cycles
min(dx) = -1.4181129203569594e-16
max(dx) = 8.296104437495587e-17
mean(dx)= -1.1328561778748313e-17
vdws = 0
atoms = 4
pairs = 6
 geom_x = 0.06586102743457029
 geom_a = 0
 geom_q = 0
 geom_c = 0.0
f1, 0= 6.5861e-02
min(dx) = -7.090564601784797e-17
max(dx) = 4.148052218747793e-17
mean(dx)= -5.6642808893741564e-18
vdws = 0
atoms = 4
pairs = 6
 geom_x = 0.06586102743457184
 geom_a = 0
 geom_q = 0
 geom_c = 0.0
f1, 1= 6.5861e-02
min(dx) = -3.5452823008923985e-17
max(dx) = 2.0740261093738967e-17
mean(dx)= -2.8321404446870782e-18
vdws = 0
atoms = 4
pairs = 6
 geom_x = 0.06586102743457432
 geom_a = 0
 geom_q = 0
 geom_c = 0.0
f1, 2= 6.5861e-02
WARNING: function not minimised
                       N restraints  r.m.s.d.  r.m.s.Z  Mn(sigma)
Bond distances, non H             4     0.001    0.076      0.013
Bond angles, non H                5     0.225    0.146      2.100
Chiral centres                    1     0.004    0.050      0.089



====== CYCLE 13 ======

 weight = 1.0000e+00
 geom_x = 0.06586102743457432
 geom_a = 0
 geom_q = 0
 geom_c = 0.0
f0= 6.5861e-02
using cgsolve in c++, ic=False
diag(geom) min= 164.204703 max= 14202.356461
diag(all) min= 164.204703 max= 14202.356461
Trying gamma equal 0.042000
Convergence reached after 7 iterations with no gamma cycles
min(dx) = -2.183948259461031e-16
max(dx) = 1.1188175408099308e-16
mean(dx)= -1.6206526073492452e-17
vdws = 0
atoms = 4
pairs = 6
 geom_x = 0.0658610274345757
 geom_a = 0
 geom_q = 0
 geom_c = 0.0
f1, 0= 6.5861e-02
min(dx) = -1.0919741297305155e-16
max(dx) = 5.594087704049654e-17
mean(dx)= -8.103263036746226e-18
vdws = 0
atoms = 4
pairs = 6
 geom_x = 0.06586102743457184
 geom_a = 0
 geom_q = 0
 geom_c = 0.0
f1, 1= 6.5861e-02
                       N restraints  r.m.s.d.  r.m.s.Z  Mn(sigma)
Bond distances, non H             4     0.001    0.076      0.013
Bond angles, non H                5     0.225    0.146      2.100
Chiral centres                    1     0.004    0.050      0.089



====== CYCLE 14 ======

 weight = 1.0000e+00
 geom_x = 0.06586102743457184
 geom_a = 0
 geom_q = 0
 geom_c = 0.0
f0= 6.5861e-02
using cgsolve in c++, ic=False
diag(geom) min= 164.204703 max= 14202.356461
diag(all) min= 164.204703 max= 14202.356461
Trying gamma equal 0.042000
Convergence reached after 7 iterations with no gamma cycles
min(dx) = -2.2478231303973435e-16
max(dx) = 1.1915886335817804e-16
mean(dx)= -1.602279029641037e-17
vdws = 0
atoms = 4
pairs = 6
 geom_x = 0.065861027434575
 geom_a = 0
 geom_q = 0
 geom_c = 0.0
f1, 0= 6.5861e-02
min(dx) = -1.1239115651986717e-16
max(dx) = 5.957943167908902e-17
mean(dx)= -8.011395148205185e-18
vdws = 0
atoms = 4
pairs = 6
 geom_x = 0.06586102743456934
 geom_a = 0
 geom_q = 0
 geom_c = 0.0
f1, 1= 6.5861e-02
                       N restraints  r.m.s.d.  r.m.s.Z  Mn(sigma)
Bond distances, non H             4     0.001    0.076      0.013
Bond angles, non H                5     0.225    0.146      2.100
Chiral centres                    1     0.004    0.050      0.089



====== CYCLE 15 ======

 weight = 1.0000e+00
 geom_x = 0.06586102743456934
 geom_a = 0
 geom_q = 0
 geom_c = 0.0
f0= 6.5861e-02
using cgsolve in c++, ic=False
diag(geom) min= 164.204703 max= 14202.356461
diag(all) min= 164.204703 max= 14202.356461
Trying gamma equal 0.042000
Convergence reached after 7 iterations with no gamma cycles
min(dx) = -2.1514515951615913e-16
max(dx) = 1.2342970578185096e-16
mean(dx)= -1.4505935208233973e-17
vdws = 0
atoms = 4
pairs = 6
 geom_x = 0.06586102743457231
 geom_a = 0
 geom_q = 0
 geom_c = 0.0
f1, 0= 6.5861e-02
min(dx) = -1.0757257975807956e-16
max(dx) = 6.171485289092548e-17
mean(dx)= -7.252967604116986e-18
vdws = 0
atoms = 4
pairs = 6
 geom_x = 0.06586102743457324
 geom_a = 0
 geom_q = 0
 geom_c = 0.0
f1, 1= 6.5861e-02
min(dx) = -5.378628987903978e-17
max(dx) = 3.085742644546274e-17
mean(dx)= -3.626483802058493e-18
vdws = 0
atoms = 4
pairs = 6
 geom_x = 0.06586102743456795
 geom_a = 0
 geom_q = 0
 geom_c = 0.0
f1, 2= 6.5861e-02
                       N restraints  r.m.s.d.  r.m.s.Z  Mn(sigma)
Bond distances, non H             4     0.001    0.076      0.013
Bond angles, non H                5     0.225    0.146      2.100
Chiral centres                    1     0.004    0.050      0.089



====== CYCLE 16 ======

 weight = 1.0000e+00
 geom_x = 0.06586102743456795
 geom_a = 0
 geom_q = 0
 geom_c = 0.0
f0= 6.5861e-02
using cgsolve in c++, ic=False
diag(geom) min= 164.204703 max= 14202.356461
diag(all) min= 164.204703 max= 14202.356461
Trying gamma equal 0.042000
Convergence reached after 7 iterations with no gamma cycles
min(dx) = -1.940157861007171e-16
max(dx) = 1.2159759727149656e-16
mean(dx)= -1.2321649563738265e-17
vdws = 0
atoms = 4
pairs = 6
 geom_x = 0.06586102743457094
 geom_a = 0
 geom_q = 0
 geom_c = 0.0
f1, 0= 6.5861e-02
min(dx) = -9.700789305035856e-17
max(dx) = 6.079879863574828e-17
mean(dx)= -6.160824781869133e-18
vdws = 0
atoms = 4
pairs = 6
 geom_x = 0.06586102743457214
 geom_a = 0
 geom_q = 0
 geom_c = 0.0
f1, 1= 6.5861e-02
min(dx) = -4.850394652517928e-17
max(dx) = 3.039939931787414e-17
mean(dx)= -3.0804123909345663e-18
vdws = 0
atoms = 4
pairs = 6
 geom_x = 0.06586102743457214
 geom_a = 0
 geom_q = 0
 geom_c = 0.0
f1, 2= 6.5861e-02
WARNING: function not minimised
                       N restraints  r.m.s.d.  r.m.s.Z  Mn(sigma)
Bond distances, non H             4     0.001    0.076      0.013
Bond angles, non H                5     0.225    0.146      2.100
Chiral centres                    1     0.004    0.050      0.089



====== CYCLE 17 ======

 weight = 1.0000e+00
 geom_x = 0.06586102743457214
 geom_a = 0
 geom_q = 0
 geom_c = 0.0
f0= 6.5861e-02
using cgsolve in c++, ic=False
diag(geom) min= 164.204703 max= 14202.356461
diag(all) min= 164.204703 max= 14202.356461
Trying gamma equal 0.042000
Convergence reached after 7 iterations with no gamma cycles
min(dx) = -5.2719934823152074e-17
max(dx) = 5.608666857226001e-16
mean(dx)= 4.95981907264719e-17
vdws = 0
atoms = 4
pairs = 6
 geom_x = 0.0658610274345682
 geom_a = 0
 geom_q = 0
 geom_c = 0.0
f1, 0= 6.5861e-02
                       N restraints  r.m.s.d.  r.m.s.Z  Mn(sigma)
Bond distances, non H             4     0.001    0.076      0.013
Bond angles, non H                5     0.225    0.146      2.100
Chiral centres                    1     0.004    0.050      0.089



====== CYCLE 18 ======

 weight = 1.0000e+00
 geom_x = 0.0658610274345682
 geom_a = 0
 geom_q = 0
 geom_c = 0.0
f0= 6.5861e-02
using cgsolve in c++, ic=False
diag(geom) min= 164.204703 max= 14202.356461
diag(all) min= 164.204703 max= 14202.356461
Trying gamma equal 0.042000
Convergence reached after 7 iterations with no gamma cycles
min(dx) = -2.0026246679726483e-16
max(dx) = 9.138060827646171e-17
mean(dx)= -8.38302240886551e-18
vdws = 0
atoms = 4
pairs = 6
 geom_x = 0.06586102743456865
 geom_a = 0
 geom_q = 0
 geom_c = 0.0
f1, 0= 6.5861e-02
min(dx) = -1.0013123339863242e-16
max(dx) = 4.5690304138230854e-17
mean(dx)= -4.191511204432755e-18
vdws = 0
atoms = 4
pairs = 6
 geom_x = 0.06586102743457113
 geom_a = 0
 geom_q = 0
 geom_c = 0.0
f1, 1= 6.5861e-02
min(dx) = -5.006561669931621e-17
max(dx) = 2.2845152069115427e-17
mean(dx)= -2.0957556022163774e-18
vdws = 0
atoms = 4
pairs = 6
 geom_x = 0.06586102743457113
 geom_a = 0
 geom_q = 0
 geom_c = 0.0
f1, 2= 6.5861e-02
WARNING: function not minimised
                       N restraints  r.m.s.d.  r.m.s.Z  Mn(sigma)
Bond distances, non H             4     0.001    0.076      0.013
Bond angles, non H                5     0.225    0.146      2.100
Chiral centres                    1     0.004    0.050      0.089



====== CYCLE 19 ======

 weight = 1.0000e+00
 geom_x = 0.06586102743457113
 geom_a = 0
 geom_q = 0
 geom_c = 0.0
f0= 6.5861e-02
using cgsolve in c++, ic=False
diag(geom) min= 164.204703 max= 14202.356461
diag(all) min= 164.204703 max= 14202.356461
Trying gamma equal 0.042000
Convergence reached after 7 iterations with no gamma cycles
min(dx) = -8.228108941364095e-17
max(dx) = 1.4979979721079827e-16
mean(dx)= -1.055306686151898e-18
vdws = 0
atoms = 4
pairs = 6
 geom_x = 0.06586102743456927
 geom_a = 0
 geom_q = 0
 geom_c = 0.0
f1, 0= 6.5861e-02
                       N restraints  r.m.s.d.  r.m.s.Z  Mn(sigma)
Bond distances, non H             4     0.001    0.076      0.013
Bond angles, non H                5     0.225    0.146      2.100
Chiral centres                    1     0.004    0.050      0.089



====== CYCLE 20 ======

 weight = 1.0000e+00
 geom_x = 0.06586102743456927
 geom_a = 0
 geom_q = 0
 geom_c = 0.0
f0= 6.5861e-02
using cgsolve in c++, ic=False
diag(geom) min= 164.204703 max= 14202.356461
diag(all) min= 164.204703 max= 14202.356461
Trying gamma equal 0.042000
Convergence reached after 7 iterations with no gamma cycles
min(dx) = -2.8525858148801436e-16
max(dx) = 5.140724094402318e-17
mean(dx)= -3.951177030141047e-17
vdws = 0
atoms = 4
pairs = 6
 geom_x = 0.06586102743456815
 geom_a = 0
 geom_q = 0
 geom_c = 0.0
f1, 0= 6.5861e-02
                       N restraints  r.m.s.d.  r.m.s.Z  Mn(sigma)
Bond distances, non H             4     0.001    0.076      0.013
Bond angles, non H                5     0.225    0.146      2.100
Chiral centres                    1     0.004    0.050      0.089



====== CYCLE 21 ======

 weight = 1.0000e+00
 geom_x = 0.06586102743456815
 geom_a = 0
 geom_q = 0
 geom_c = 0.0
f0= 6.5861e-02
using cgsolve in c++, ic=False
diag(geom) min= 164.204703 max= 14202.356461
diag(all) min= 164.204703 max= 14202.356461
Trying gamma equal 0.042000
Convergence reached after 7 iterations with no gamma cycles
min(dx) = -2.6864400336919143e-16
max(dx) = 4.33940218372529e-17
mean(dx)= -3.3337980044323965e-17
vdws = 0
atoms = 4
pairs = 6
 geom_x = 0.06586102743457287
 geom_a = 0
 geom_q = 0
 geom_c = 0.0
f1, 0= 6.5861e-02
min(dx) = -1.3432200168459572e-16
max(dx) = 2.169701091862645e-17
mean(dx)= -1.6668990022161982e-17
vdws = 0
atoms = 4
pairs = 6
 geom_x = 0.06586102743456777
 geom_a = 0
 geom_q = 0
 geom_c = 0.0
f1, 1= 6.5861e-02
                       N restraints  r.m.s.d.  r.m.s.Z  Mn(sigma)
Bond distances, non H             4     0.001    0.076      0.013
Bond angles, non H                5     0.225    0.146      2.100
Chiral centres                    1     0.004    0.050      0.089



====== CYCLE 22 ======

 weight = 1.0000e+00
 geom_x = 0.06586102743456777
 geom_a = 0
 geom_q = 0
 geom_c = 0.0
f0= 6.5861e-02
using cgsolve in c++, ic=False
diag(geom) min= 164.204703 max= 14202.356461
diag(all) min= 164.204703 max= 14202.356461
Trying gamma equal 0.042000
Convergence reached after 7 iterations with no gamma cycles
min(dx) = -4.8320760382411966e-17
max(dx) = 7.308157536366326e-17
mean(dx)= 1.028148597214467e-18
vdws = 0
atoms = 4
pairs = 6
 geom_x = 0.065861027434575
 geom_a = 0
 geom_q = 0
 geom_c = 0.0
f1, 0= 6.5861e-02
min(dx) = -2.4160380191205983e-17
max(dx) = 3.654078768183163e-17
mean(dx)= 5.140742986072335e-19
vdws = 0
atoms = 4
pairs = 6
 geom_x = 0.06586102743456983
 geom_a = 0
 geom_q = 0
 geom_c = 0.0
f1, 1= 6.5861e-02
min(dx) = -1.2080190095602992e-17
max(dx) = 1.8270393840915815e-17
mean(dx)= 2.5703714930361676e-19
vdws = 0
atoms = 4
pairs = 6
 geom_x = 0.06586102743456983
 geom_a = 0
 geom_q = 0
 geom_c = 0.0
f1, 2= 6.5861e-02
WARNING: function not minimised
                       N restraints  r.m.s.d.  r.m.s.Z  Mn(sigma)
Bond distances, non H             4     0.001    0.076      0.013
Bond angles, non H                5     0.225    0.146      2.100
Chiral centres                    1     0.004    0.050      0.089



====== CYCLE 23 ======

 weight = 1.0000e+00
 geom_x = 0.06586102743456983
 geom_a = 0
 geom_q = 0
 geom_c = 0.0
f0= 6.5861e-02
using cgsolve in c++, ic=False
diag(geom) min= 164.204703 max= 14202.356461
diag(all) min= 164.204703 max= 14202.356461
Trying gamma equal 0.042000
Convergence reached after 7 iterations with no gamma cycles
min(dx) = -1.0997381706943363e-16
max(dx) = 4.879904897475792e-16
mean(dx)= 2.8625622938803985e-17
vdws = 0
atoms = 4
pairs = 6
 geom_x = 0.0658610274345694
 geom_a = 0
 geom_q = 0
 geom_c = 0.0
f1, 0= 6.5861e-02
                       N restraints  r.m.s.d.  r.m.s.Z  Mn(sigma)
Bond distances, non H             4     0.001    0.076      0.013
Bond angles, non H                5     0.225    0.146      2.100
Chiral centres                    1     0.004    0.050      0.089



====== CYCLE 24 ======

 weight = 1.0000e+00
 geom_x = 0.0658610274345694
 geom_a = 0
 geom_q = 0
 geom_c = 0.0
f0= 6.5861e-02
using cgsolve in c++, ic=False
diag(geom) min= 164.204703 max= 14202.356461
diag(all) min= 164.204703 max= 14202.356461
Trying gamma equal 0.042000
Convergence reached after 7 iterations with no gamma cycles
min(dx) = -7.801125835105566e-16
max(dx) = 1.631571855929496e-16
mean(dx)= -6.048963579943506e-17
vdws = 0
atoms = 4
pairs = 6
 geom_x = 0.06586102743457732
 geom_a = 0
 geom_q = 0
 geom_c = 0.0
f1, 0= 6.5861e-02
min(dx) = -3.900562917552783e-16
max(dx) = 8.15785927964748e-17
mean(dx)= -3.024481789971753e-17
vdws = 0
atoms = 4
pairs = 6
 geom_x = 0.06586102743456952
 geom_a = 0
 geom_q = 0
 geom_c = 0.0
f1, 1= 6.5861e-02
min(dx) = -1.9502814587763914e-16
max(dx) = 4.07892963982374e-17
mean(dx)= -1.5122408949858764e-17
vdws = 0
atoms = 4
pairs = 6
 geom_x = 0.06586102743456941
 geom_a = 0
 geom_q = 0
 geom_c = 0.0
f1, 2= 6.5861e-02
WARNING: function not minimised
                       N restraints  r.m.s.d.  r.m.s.Z  Mn(sigma)
Bond distances, non H             4     0.001    0.076      0.013
Bond angles, non H                5     0.225    0.146      2.100
Chiral centres                    1     0.004    0.050      0.089



====== CYCLE 25 ======

 weight = 1.0000e+00
 geom_x = 0.06586102743456941
 geom_a = 0
 geom_q = 0
 geom_c = 0.0
f0= 6.5861e-02
using cgsolve in c++, ic=False
diag(geom) min= 164.204703 max= 14202.356461
diag(all) min= 164.204703 max= 14202.356461
Trying gamma equal 0.042000
Convergence reached after 7 iterations with no gamma cycles
min(dx) = -6.595973819442444e-17
max(dx) = 1.5527367232812909e-16
mean(dx)= 3.5919412796248836e-18
vdws = 0
atoms = 4
pairs = 6
 geom_x = 0.06586102743457317
 geom_a = 0
 geom_q = 0
 geom_c = 0.0
f1, 0= 6.5861e-02
min(dx) = -3.297986909721222e-17
max(dx) = 7.763683616406454e-17
mean(dx)= 1.7959706398124418e-18
vdws = 0
atoms = 4
pairs = 6
 geom_x = 0.0658610274345735
 geom_a = 0
 geom_q = 0
 geom_c = 0.0
f1, 1= 6.5861e-02
min(dx) = -1.648993454860611e-17
max(dx) = 3.881841808203227e-17
mean(dx)= 8.979853199062209e-19
vdws = 0
atoms = 4
pairs = 6
 geom_x = 0.06586102743456952
 geom_a = 0
 geom_q = 0
 geom_c = 0.0
f1, 2= 6.5861e-02
WARNING: function not minimised
                       N restraints  r.m.s.d.  r.m.s.Z  Mn(sigma)
Bond distances, non H             4     0.001    0.076      0.013
Bond angles, non H                5     0.225    0.146      2.100
Chiral centres                    1     0.004    0.050      0.089



====== CYCLE 26 ======

 weight = 1.0000e+00
 geom_x = 0.06586102743456952
 geom_a = 0
 geom_q = 0
 geom_c = 0.0
f0= 6.5861e-02
using cgsolve in c++, ic=False
diag(geom) min= 164.204703 max= 14202.356461
diag(all) min= 164.204703 max= 14202.356461
Trying gamma equal 0.042000
Convergence reached after 7 iterations with no gamma cycles
min(dx) = -2.8340170260010297e-16
max(dx) = 6.095135301936334e-17
mean(dx)= -3.444263335964423e-17
vdws = 0
atoms = 4
pairs = 6
 geom_x = 0.06586102743457306
 geom_a = 0
 geom_q = 0
 geom_c = 0.0
f1, 0= 6.5861e-02
min(dx) = -1.4170085130005148e-16
max(dx) = 3.047567650968167e-17
mean(dx)= -1.7221316679822114e-17
vdws = 0
atoms = 4
pairs = 6
 geom_x = 0.0658610274345735
 geom_a = 0
 geom_q = 0
 geom_c = 0.0
f1, 1= 6.5861e-02
min(dx) = -7.085042565002574e-17
max(dx) = 1.5237838254840835e-17
mean(dx)= -8.610658339911057e-18
vdws = 0
atoms = 4
pairs = 6
 geom_x = 0.0658610274345735
 geom_a = 0
 geom_q = 0
 geom_c = 0.0
f1, 2= 6.5861e-02
WARNING: function not minimised
                       N restraints  r.m.s.d.  r.m.s.Z  Mn(sigma)
Bond distances, non H             4     0.001    0.076      0.013
Bond angles, non H                5     0.225    0.146      2.100
Chiral centres                    1     0.004    0.050      0.089



====== CYCLE 27 ======

 weight = 1.0000e+00
 geom_x = 0.0658610274345735
 geom_a = 0
 geom_q = 0
 geom_c = 0.0
f0= 6.5861e-02
using cgsolve in c++, ic=False
diag(geom) min= 164.204703 max= 14202.356461
diag(all) min= 164.204703 max= 14202.356461
Trying gamma equal 0.042000
Convergence reached after 7 iterations with no gamma cycles
min(dx) = -1.6868619016696498e-16
max(dx) = 4.087776045219841e-17
mean(dx)= -1.7840002593130497e-17
vdws = 0
atoms = 4
pairs = 6
 geom_x = 0.06586102743456952
 geom_a = 0
 geom_q = 0
 geom_c = 0.0
f1, 0= 6.5861e-02
                       N restraints  r.m.s.d.  r.m.s.Z  Mn(sigma)
Bond distances, non H             4     0.001    0.076      0.013
Bond angles, non H                5     0.225    0.146      2.100
Chiral centres                    1     0.004    0.050      0.089



====== CYCLE 28 ======

 weight = 1.0000e+00
 geom_x = 0.06586102743456952
 geom_a = 0
 geom_q = 0
 geom_c = 0.0
f0= 6.5861e-02
using cgsolve in c++, ic=False
diag(geom) min= 164.204703 max= 14202.356461
diag(all) min= 164.204703 max= 14202.356461
Trying gamma equal 0.042000
Convergence reached after 7 iterations with no gamma cycles
min(dx) = -2.9089420801628753e-16
max(dx) = 5.858758960735269e-17
mean(dx)= -3.620104280672451e-17
vdws = 0
atoms = 4
pairs = 6
 geom_x = 0.06586102743457306
 geom_a = 0
 geom_q = 0
 geom_c = 0.0
f1, 0= 6.5861e-02
min(dx) = -1.4544710400814377e-16
max(dx) = 2.9293794803676345e-17
mean(dx)= -1.8100521403362254e-17
vdws = 0
atoms = 4
pairs = 6
 geom_x = 0.06586102743456916
 geom_a = 0
 geom_q = 0
 geom_c = 0.0
f1, 1= 6.5861e-02
                       N restraints  r.m.s.d.  r.m.s.Z  Mn(sigma)
Bond distances, non H             4     0.001    0.076      0.013
Bond angles, non H                5     0.225    0.146      2.100
Chiral centres                    1     0.004    0.050      0.089



====== CYCLE 29 ======

 weight = 1.0000e+00
 geom_x = 0.06586102743456916
 geom_a = 0
 geom_q = 0
 geom_c = 0.0
f0= 6.5861e-02
using cgsolve in c++, ic=False
diag(geom) min= 164.204703 max= 14202.356461
diag(all) min= 164.204703 max= 14202.356461
Trying gamma equal 0.042000
Convergence reached after 7 iterations with no gamma cycles
min(dx) = -6.636612086118976e-17
max(dx) = 6.850171801212171e-17
mean(dx)= -1.1541386472805457e-18
vdws = 0
atoms = 4
pairs = 6
 geom_x = 0.06586102743457342
 geom_a = 0
 geom_q = 0
 geom_c = 0.0
f1, 0= 6.5861e-02
min(dx) = -3.318306043059488e-17
max(dx) = 3.4250859006060855e-17
mean(dx)= -5.770693236402729e-19
vdws = 0
atoms = 4
pairs = 6
 geom_x = 0.06586102743456962
 geom_a = 0
 geom_q = 0
 geom_c = 0.0
f1, 1= 6.5861e-02
min(dx) = -1.659153021529744e-17
max(dx) = 1.7125429503030428e-17
mean(dx)= -2.8853466182013643e-19
vdws = 0
atoms = 4
pairs = 6
 geom_x = 0.06586102743456815
 geom_a = 0
 geom_q = 0
 geom_c = 0.0
f1, 2= 6.5861e-02
                       N restraints  r.m.s.d.  r.m.s.Z  Mn(sigma)
Bond distances, non H             4     0.001    0.076      0.013
Bond angles, non H                5     0.225    0.146      2.100
Chiral centres                    1     0.004    0.050      0.089



====== CYCLE 30 ======

 weight = 1.0000e+00
 geom_x = 0.06586102743456815
 geom_a = 0
 geom_q = 0
 geom_c = 0.0
f0= 6.5861e-02
using cgsolve in c++, ic=False
diag(geom) min= 164.204703 max= 14202.356461
diag(all) min= 164.204703 max= 14202.356461
Trying gamma equal 0.042000
Convergence reached after 7 iterations with no gamma cycles
min(dx) = -2.602301243669231e-16
max(dx) = 4.8387907718010915e-17
mean(dx)= -3.1008471130185533e-17
vdws = 0
atoms = 4
pairs = 6
 geom_x = 0.06586102743456926
 geom_a = 0
 geom_q = 0
 geom_c = 0.0
f1, 0= 6.5861e-02
min(dx) = -1.3011506218346156e-16
max(dx) = 2.4193953859005458e-17
mean(dx)= -1.5504235565092767e-17
vdws = 0
atoms = 4
pairs = 6
 geom_x = 0.06586102743456926
 geom_a = 0
 geom_q = 0
 geom_c = 0.0
f1, 1= 6.5861e-02
min(dx) = -6.505753109173078e-17
max(dx) = 1.2096976929502729e-17
mean(dx)= -7.752117782546383e-18
vdws = 0
atoms = 4
pairs = 6
 geom_x = 0.06586102743456926
 geom_a = 0
 geom_q = 0
 geom_c = 0.0
f1, 2= 6.5861e-02
WARNING: function not minimised
                       N restraints  r.m.s.d.  r.m.s.Z  Mn(sigma)
Bond distances, non H             4     0.001    0.076      0.013
Bond angles, non H                5     0.225    0.146      2.100
Chiral centres                    1     0.004    0.050      0.089


$TABLE: stats vs cycle :
$GRAPHS
: Geometry :A:1,4,2:
: Geometry Z :A:1,3,5:
$$
 Ncyc  rmsBOND  zBOND  rmsANGL  zANGL
$$
$$
    0   0.0009 0.0770   0.2460 0.1497
    1   0.0008 0.0757   0.2246 0.1458
    2   0.0008 0.0758   0.2246 0.1458
    3   0.0008 0.0758   0.2246 0.1458
    4   0.0008 0.0758   0.2246 0.1458
    5   0.0008 0.0758   0.2246 0.1458
    6   0.0008 0.0758   0.2246 0.1458
    7   0.0008 0.0758   0.2246 0.1458
    8   0.0008 0.0758   0.2246 0.1458
    9   0.0008 0.0758   0.2246 0.1458
   10   0.0008 0.0758   0.2246 0.1458
   11   0.0008 0.0758   0.2246 0.1458
   12   0.0008 0.0758   0.2246 0.1458
   13   0.0008 0.0758   0.2246 0.1458
   14   0.0008 0.0758   0.2246 0.1458
   15   0.0008 0.0758   0.2246 0.1458
   16   0.0008 0.0758   0.2246 0.1458
   17   0.0008 0.0758   0.2246 0.1458
   18   0.0008 0.0758   0.2246 0.1458
   19   0.0008 0.0758   0.2246 0.1458
   20   0.0008 0.0758   0.2246 0.1458
   21   0.0008 0.0758   0.2246 0.1458
   22   0.0008 0.0758   0.2246 0.1458
   23   0.0008 0.0758   0.2246 0.1458
   24   0.0008 0.0758   0.2246 0.1458
   25   0.0008 0.0758   0.2246 0.1458
   26   0.0008 0.0758   0.2246 0.1458
   27   0.0008 0.0758   0.2246 0.1458
   28   0.0008 0.0758   0.2246 0.1458
   29   0.0008 0.0758   0.2246 0.1458
   30   0.0008 0.0758   0.2246 0.1458
$$

Creating restraints..

Chain info:
 chain 
  ligands: EPX (1 residues)

Number of refinement parameters:
       n_params  n_atoms  n_atoms_geom_only  n_atoms_data_only
xyz          10       10                  6                  0
adp           0        0                  0                  0
occ           0        0                  0                  0
dfrac         0        0                  0                  0

Randomizing structure with rmsd of 0.01
Torsion angle rules:
 include:
  {'group': 'peptide', 'tors_name': 'chi*'}
  {'link': '*', 'tors_name': 'omega'}
  {'residue': '*', 'tors_name': 'sp2_sp2*'}
  {'link': '*', 'tors_name': 'sp2_sp2*'}
 exclude:
  none
External restraints from Refmac instructions
 Number of distances          : 0
 Number of angles             : 0
 Number of torsions           : 0
 Number of chirals            : 0
 Number of planes             : 0
 Number of intervals          : 0
 Number of stackings          : 0
 Number of harmonics          : 0
 Number of special positions  : 0

Running 10 cycles with wchir=4 wvdw=2 with hydrogen
Geometry weights
vdws = 15
atoms = 10
pairs = 41
                          N restraints  r.m.s.d.  r.m.s.Z  Mn(sigma)
Bond distances, non H                4     0.010    0.986      0.013
Bond distances, H                    6     0.010    0.562      0.016
Bond angles, non H                   5     0.389    0.201      2.100
Bond angles, H                      14     0.677    0.382      1.929
Torsion angles, period 3             1     0.790    0.079     10.000
Chiral centres                       1     0.045    0.501      0.089


====== CYCLE  1 ======

 weight = 1.0000e+00
 geom_x = 6.026268539625736
 geom_a = 0
 geom_q = 0
 geom_c = 0.0
f0= 6.0263e+00
using cgsolve in c++, ic=False
diag(geom) min= 807.486336 max= 39314.866703
diag(all) min= 807.486336 max= 39314.866703
Trying gamma equal 0.000000
Not converging with gamma equal 0.000000
Trying gamma equal 0.052500
Gamma decreased to 0.042000
min(dx) = -0.00974146756095388
max(dx) = 0.013155735037046262
mean(dx)= -0.0002684203798162817
vdws = 15
atoms = 10
pairs = 41
 geom_x = 0.11588410887350702
 geom_a = 0
 geom_q = 0
 geom_c = 0.0
f1, 0= 1.1588e-01
                          N restraints  r.m.s.d.  r.m.s.Z  Mn(sigma)
Bond distances, non H                4     0.001    0.095      0.013
Bond distances, H                    6     0.000    0.023      0.016
Bond angles, non H                   5     0.230    0.142      2.100
Bond angles, H                      14     0.192    0.079      1.929
Torsion angles, period 3             1     0.398    0.040     10.000
Chiral centres                       1     0.001    0.014      0.089



====== CYCLE  2 ======

 weight = 1.0000e+00
 geom_x = 0.11588410887350702
 geom_a = 0
 geom_q = 0
 geom_c = 0.0
f0= 1.1588e-01
using cgsolve in c++, ic=False
diag(geom) min= 827.204463 max= 39210.764363
diag(all) min= 827.204463 max= 39210.764363
Trying gamma equal 0.042000
Convergence reached after 20 iterations with no gamma cycles
min(dx) = -0.0017290208647387985
max(dx) = 0.0008114912483506571
mean(dx)= -6.512156605184556e-05
vdws = 15
atoms = 10
pairs = 41
 geom_x = 0.10804993462938403
 geom_a = 0
 geom_q = 0
 geom_c = 0.0
f1, 0= 1.0805e-01
                          N restraints  r.m.s.d.  r.m.s.Z  Mn(sigma)
Bond distances, non H                4     0.001    0.073      0.013
Bond distances, H                    6     0.000    0.002      0.016
Bond angles, non H                   5     0.257    0.152      2.100
Bond angles, H                      14     0.178    0.074      1.929
Torsion angles, period 3             1     0.311    0.031     10.000
Chiral centres                       1     0.000    0.001      0.089



====== CYCLE  3 ======

 weight = 1.0000e+00
 geom_x = 0.10804993462938403
 geom_a = 0
 geom_q = 0
 geom_c = 0.0
f0= 1.0805e-01
using cgsolve in c++, ic=False
diag(geom) min= 832.055203 max= 39233.062874
diag(all) min= 832.055203 max= 39233.062874
Trying gamma equal 0.042000
Convergence reached after 20 iterations with no gamma cycles
min(dx) = -0.0007305705795687052
max(dx) = 0.000403416131017559
mean(dx)= -1.386352741041874e-05
vdws = 15
atoms = 10
pairs = 41
 geom_x = 0.10756691551317946
 geom_a = 0
 geom_q = 0
 geom_c = 0.0
f1, 0= 1.0757e-01
                          N restraints  r.m.s.d.  r.m.s.Z  Mn(sigma)
Bond distances, non H                4     0.001    0.073      0.013
Bond distances, H                    6     0.000    0.000      0.016
Bond angles, non H                   5     0.263    0.154      2.100
Bond angles, H                      14     0.174    0.073      1.929
Torsion angles, period 3             1     0.256    0.026     10.000
Chiral centres                       1     0.000    0.000      0.089



====== CYCLE  4 ======

 weight = 1.0000e+00
 geom_x = 0.10756691551317946
 geom_a = 0
 geom_q = 0
 geom_c = 0.0
f0= 1.0757e-01
using cgsolve in c++, ic=False
diag(geom) min= 833.005832 max= 39242.673546
diag(all) min= 833.005832 max= 39242.673546
Trying gamma equal 0.042000
Convergence reached after 19 iterations with no gamma cycles
min(dx) = -0.0004660208806635956
max(dx) = 0.0003242751923549997
mean(dx)= -1.5187926945354298e-06
vdws = 15
atoms = 10
pairs = 41
 geom_x = 0.10743816779658684
 geom_a = 0
 geom_q = 0
 geom_c = 0.0
f1, 0= 1.0744e-01
                          N restraints  r.m.s.d.  r.m.s.Z  Mn(sigma)
Bond distances, non H                4     0.001    0.073      0.013
Bond distances, H                    6     0.000    0.000      0.016
Bond angles, non H                   5     0.265    0.154      2.100
Bond angles, H                      14     0.173    0.073      1.929
Torsion angles, period 3             1     0.217    0.022     10.000
Chiral centres                       1     0.000    0.000      0.089



====== CYCLE  5 ======

 weight = 1.0000e+00
 geom_x = 0.10743816779658684
 geom_a = 0
 geom_q = 0
 geom_c = 0.0
f0= 1.0744e-01
using cgsolve in c++, ic=False
diag(geom) min= 832.625609 max= 39248.095180
diag(all) min= 832.625609 max= 39248.095180
Trying gamma equal 0.042000
Convergence reached after 18 iterations with no gamma cycles
min(dx) = -0.0003831701340813116
max(dx) = 0.00027222316545652146
mean(dx)= 1.436572966580353e-06
vdws = 15
atoms = 10
pairs = 41
 geom_x = 0.10736589151458766
 geom_a = 0
 geom_q = 0
 geom_c = 0.0
f1, 0= 1.0737e-01
                          N restraints  r.m.s.d.  r.m.s.Z  Mn(sigma)
Bond distances, non H                4     0.001    0.073      0.013
Bond distances, H                    6     0.000    0.000      0.016
Bond angles, non H                   5     0.265    0.154      2.100
Bond angles, H                      14     0.173    0.073      1.929
Torsion angles, period 3             1     0.186    0.019     10.000
Chiral centres                       1     0.000    0.000      0.089



====== CYCLE  6 ======

 weight = 1.0000e+00
 geom_x = 0.10736589151458766
 geom_a = 0
 geom_q = 0
 geom_c = 0.0
f0= 1.0737e-01
using cgsolve in c++, ic=False
diag(geom) min= 831.932546 max= 39251.872175
diag(all) min= 831.932546 max= 39251.872175
Trying gamma equal 0.042000
Convergence reached after 17 iterations with no gamma cycles
min(dx) = -0.00032494374236949965
max(dx) = 0.00023129190666583516
mean(dx)= 1.8963493464446402e-06
vdws = 15
atoms = 10
pairs = 41
 geom_x = 0.10731511681336363
 geom_a = 0
 geom_q = 0
 geom_c = 0.0
f1, 0= 1.0732e-01
                          N restraints  r.m.s.d.  r.m.s.Z  Mn(sigma)
Bond distances, non H                4     0.001    0.073      0.013
Bond distances, H                    6     0.000    0.000      0.016
Bond angles, non H                   5     0.265    0.154      2.100
Bond angles, H                      14     0.173    0.073      1.929
Torsion angles, period 3             1     0.159    0.016     10.000
Chiral centres                       1     0.000    0.000      0.089



====== CYCLE  7 ======

 weight = 1.0000e+00
 geom_x = 0.10731511681336363
 geom_a = 0
 geom_q = 0
 geom_c = 0.0
f0= 1.0732e-01
using cgsolve in c++, ic=False
diag(geom) min= 831.231005 max= 39254.826388
diag(all) min= 831.231005 max= 39254.826388
Trying gamma equal 0.042000
Convergence reached after 17 iterations with no gamma cycles
min(dx) = -0.00027846842225088105
max(dx) = 0.00019738752435275792
mean(dx)= 1.73254916992285e-06
vdws = 15
atoms = 10
pairs = 41
 geom_x = 0.10727807363909808
 geom_a = 0
 geom_q = 0
 geom_c = 0.0
f1, 0= 1.0728e-01
                          N restraints  r.m.s.d.  r.m.s.Z  Mn(sigma)
Bond distances, non H                4     0.001    0.073      0.013
Bond distances, H                    6     0.000    0.000      0.016
Bond angles, non H                   5     0.265    0.154      2.100
Bond angles, H                      14     0.173    0.073      1.929
Torsion angles, period 3             1     0.137    0.014     10.000
Chiral centres                       1     0.000    0.001      0.089



====== CYCLE  8 ======

 weight = 1.0000e+00
 geom_x = 0.10727807363909808
 geom_a = 0
 geom_q = 0
 geom_c = 0.0
f0= 1.0728e-01
using cgsolve in c++, ic=False
diag(geom) min= 830.599641 max= 39257.263911
diag(all) min= 830.599641 max= 39257.263911
Trying gamma equal 0.042000
Convergence reached after 17 iterations with no gamma cycles
min(dx) = -0.00023930369897541637
max(dx) = 0.00016879630680046625
mean(dx)= 1.4611709367857496e-06
vdws = 15
atoms = 10
pairs = 41
 geom_x = 0.10725088604951194
 geom_a = 0
 geom_q = 0
 geom_c = 0.0
f1, 0= 1.0725e-01
                          N restraints  r.m.s.d.  r.m.s.Z  Mn(sigma)
Bond distances, non H                4     0.001    0.073      0.013
Bond distances, H                    6     0.000    0.000      0.016
Bond angles, non H                   5     0.265    0.154      2.100
Bond angles, H                      14     0.173    0.073      1.929
Torsion angles, period 3             1     0.117    0.012     10.000
Chiral centres                       1     0.000    0.001      0.089



====== CYCLE  9 ======

 weight = 1.0000e+00
 geom_x = 0.10725088604951194
 geom_a = 0
 geom_q = 0
 geom_c = 0.0
f0= 1.0725e-01
using cgsolve in c++, ic=False
diag(geom) min= 830.050938 max= 39259.320481
diag(all) min= 830.050938 max= 39259.320481
Trying gamma equal 0.042000
Convergence reached after 17 iterations with no gamma cycles
min(dx) = -0.00020569834983860062
max(dx) = 0.00014449935963431462
mean(dx)= 1.2117474374781224e-06
vdws = 15
atoms = 10
pairs = 41
 geom_x = 0.10723090867857729
 geom_a = 0
 geom_q = 0
 geom_c = 0.0
f1, 0= 1.0723e-01
                          N restraints  r.m.s.d.  r.m.s.Z  Mn(sigma)
Bond distances, non H                4     0.001    0.073      0.013
Bond distances, H                    6     0.000    0.000      0.016
Bond angles, non H                   5     0.265    0.154      2.100
Bond angles, H                      14     0.173    0.073      1.929
Torsion angles, period 3             1     0.101    0.010     10.000
Chiral centres                       1     0.000    0.001      0.089



====== CYCLE 10 ======

 weight = 1.0000e+00
 geom_x = 0.10723090867857729
 geom_a = 0
 geom_q = 0
 geom_c = 0.0
f0= 1.0723e-01
using cgsolve in c++, ic=False
diag(geom) min= 829.579294 max= 39261.071351
diag(all) min= 829.579294 max= 39261.071351
Trying gamma equal 0.042000
Convergence reached after 17 iterations with no gamma cycles
min(dx) = -0.00017673497812405157
max(dx) = 0.00012377480033080925
mean(dx)= 1.0066709696530417e-06
vdws = 15
atoms = 10
pairs = 41
 geom_x = 0.10721622465308175
 geom_a = 0
 geom_q = 0
 geom_c = 0.0
f1, 0= 1.0722e-01
                          N restraints  r.m.s.d.  r.m.s.Z  Mn(sigma)
Bond distances, non H                4     0.001    0.073      0.013
Bond distances, H                    6     0.000    0.000      0.016
Bond angles, non H                   5     0.265    0.154      2.100
Bond angles, H                      14     0.173    0.073      1.929
Torsion angles, period 3             1     0.086    0.009     10.000
Chiral centres                       1     0.000    0.001      0.089


$TABLE: stats vs cycle :
$GRAPHS
: Geometry :A:1,4,2:
: Geometry Z :A:1,3,5:
$$
 Ncyc  rmsBOND  zBOND  rmsANGL  zANGL
$$
$$
    0   0.0104 0.9857   0.3895 0.2013
    1   0.0011 0.0945   0.2297 0.1419
    2   0.0008 0.0734   0.2573 0.1523
    3   0.0008 0.0726   0.2631 0.1535
    4   0.0008 0.0726   0.2648 0.1538
    5   0.0008 0.0727   0.2653 0.1539
    6   0.0008 0.0727   0.2654 0.1539
    7   0.0008 0.0728   0.2653 0.1539
    8   0.0008 0.0728   0.2653 0.1539
    9   0.0008 0.0728   0.2652 0.1539
   10   0.0008 0.0728   0.2652 0.1539
$$

Running 30 cycles with wchir=1 wvdw=2 with hydrogen
Geometry weights
vdws = 15
atoms = 10
pairs = 41
                          N restraints  r.m.s.d.  r.m.s.Z  Mn(sigma)
Bond distances, non H                4     0.001    0.073      0.013
Bond distances, H                    6     0.000    0.000      0.016
Bond angles, non H                   5     0.265    0.154      2.100
Bond angles, H                      14     0.173    0.073      1.929
Torsion angles, period 3             1     0.086    0.009     10.000
Chiral centres                       1     0.000    0.001      0.089


====== CYCLE  1 ======

 weight = 1.0000e+00
 geom_x = 0.10721411864146556
 geom_a = 0
 geom_q = 0
 geom_c = 0.0
f0= 1.0721e-01
using cgsolve in c++, ic=False
diag(geom) min= 829.175198 max= 17187.504401
diag(all) min= 829.175198 max= 17187.504401
Trying gamma equal 0.042000
Convergence reached after 22 iterations with no gamma cycles
min(dx) = -0.00014730324131464968
max(dx) = 0.0001312313314036799
mean(dx)= 5.218088054276381e-06
vdws = 15
atoms = 10
pairs = 41
 geom_x = 0.10719080209520566
 geom_a = 0
 geom_q = 0
 geom_c = 0.0
f1, 0= 1.0719e-01
                          N restraints  r.m.s.d.  r.m.s.Z  Mn(sigma)
Bond distances, non H                4     0.001    0.073      0.013
Bond distances, H                    6     0.000    0.000      0.016
Bond angles, non H                   5     0.267    0.154      2.100
Bond angles, H                      14     0.172    0.073      1.929
Torsion angles, period 3             1     0.073    0.007     10.000
Chiral centres                       1     0.000    0.003      0.089



====== CYCLE  2 ======

 weight = 1.0000e+00
 geom_x = 0.10719080209520566
 geom_a = 0
 geom_q = 0
 geom_c = 0.0
f0= 1.0719e-01
using cgsolve in c++, ic=False
diag(geom) min= 828.822721 max= 17187.595872
diag(all) min= 828.822721 max= 17187.595872
Trying gamma equal 0.042000
Convergence reached after 20 iterations with no gamma cycles
min(dx) = -0.00012488419910582156
max(dx) = 9.763976975666488e-05
mean(dx)= 1.2310689292009298e-06
vdws = 15
atoms = 10
pairs = 41
 geom_x = 0.10718168461535181
 geom_a = 0
 geom_q = 0
 geom_c = 0.0
f1, 0= 1.0718e-01
                          N restraints  r.m.s.d.  r.m.s.Z  Mn(sigma)
Bond distances, non H                4     0.001    0.073      0.013
Bond distances, H                    6     0.000    0.000      0.016
Bond angles, non H                   5     0.267    0.154      2.100
Bond angles, H                      14     0.171    0.073      1.929
Torsion angles, period 3             1     0.063    0.006     10.000
Chiral centres                       1     0.000    0.004      0.089



====== CYCLE  3 ======

 weight = 1.0000e+00
 geom_x = 0.10718168461535181
 geom_a = 0
 geom_q = 0
 geom_c = 0.0
f0= 1.0718e-01
using cgsolve in c++, ic=False
diag(geom) min= 828.551377 max= 17187.913600
diag(all) min= 828.551377 max= 17187.913600
Trying gamma equal 0.042000
Convergence reached after 19 iterations with no gamma cycles
min(dx) = -0.0001071399741055367
max(dx) = 7.970529083432807e-05
mean(dx)= 6.012564928977893e-07
vdws = 15
atoms = 10
pairs = 41
 geom_x = 0.10717553697387089
 geom_a = 0
 geom_q = 0
 geom_c = 0.0
f1, 0= 1.0718e-01
                          N restraints  r.m.s.d.  r.m.s.Z  Mn(sigma)
Bond distances, non H                4     0.001    0.073      0.013
Bond distances, H                    6     0.000    0.000      0.016
Bond angles, non H                   5     0.267    0.154      2.100
Bond angles, H                      14     0.171    0.073      1.929
Torsion angles, period 3             1     0.054    0.005     10.000
Chiral centres                       1     0.000    0.004      0.089



====== CYCLE  4 ======

 weight = 1.0000e+00
 geom_x = 0.10717553697387089
 geom_a = 0
 geom_q = 0
 geom_c = 0.0
f0= 1.0718e-01
using cgsolve in c++, ic=False
diag(geom) min= 828.294984 max= 17188.273494
diag(all) min= 828.294984 max= 17188.273494
Trying gamma equal 0.042000
Convergence reached after 17 iterations with no gamma cycles
min(dx) = -9.231595926677673e-05
max(dx) = 6.682339005047728e-05
mean(dx)= 3.8602158319362234e-07
vdws = 15
atoms = 10
pairs = 41
 geom_x = 0.10717114603151315
 geom_a = 0
 geom_q = 0
 geom_c = 0.0
f1, 0= 1.0717e-01
                          N restraints  r.m.s.d.  r.m.s.Z  Mn(sigma)
Bond distances, non H                4     0.001    0.073      0.013
Bond distances, H                    6     0.000    0.000      0.016
Bond angles, non H                   5     0.267    0.154      2.100
Bond angles, H                      14     0.171    0.073      1.929
Torsion angles, period 3             1     0.046    0.005     10.000
Chiral centres                       1     0.000    0.004      0.089



====== CYCLE  5 ======

 weight = 1.0000e+00
 geom_x = 0.10717114603151315
 geom_a = 0
 geom_q = 0
 geom_c = 0.0
f0= 1.0717e-01
using cgsolve in c++, ic=False
diag(geom) min= 828.065143 max= 17188.615040
diag(all) min= 828.065143 max= 17188.615040
Trying gamma equal 0.042000
Convergence reached after 18 iterations with no gamma cycles
min(dx) = -7.955178439599664e-05
max(dx) = 5.652329655942082e-05
mean(dx)= 2.5962824350665083e-07
vdws = 15
atoms = 10
pairs = 41
 geom_x = 0.10716796600286424
 geom_a = 0
 geom_q = 0
 geom_c = 0.0
f1, 0= 1.0717e-01
                          N restraints  r.m.s.d.  r.m.s.Z  Mn(sigma)
Bond distances, non H                4     0.001    0.073      0.013
Bond distances, H                    6     0.000    0.000      0.016
Bond angles, non H                   5     0.267    0.154      2.100
Bond angles, H                      14     0.171    0.073      1.929
Torsion angles, period 3             1     0.039    0.004     10.000
Chiral centres                       1     0.000    0.004      0.089



====== CYCLE  6 ======

 weight = 1.0000e+00
 geom_x = 0.10716796600286424
 geom_a = 0
 geom_q = 0
 geom_c = 0.0
f0= 1.0717e-01
using cgsolve in c++, ic=False
diag(geom) min= 827.865636 max= 17188.919825
diag(all) min= 827.865636 max= 17188.919825
Trying gamma equal 0.042000
Convergence reached after 18 iterations with no gamma cycles
min(dx) = -6.845480218124927e-05
max(dx) = 4.800237305677395e-05
mean(dx)= 1.7717452480543814e-07
vdws = 15
atoms = 10
pairs = 41
 geom_x = 0.10716565210861595
 geom_a = 0
 geom_q = 0
 geom_c = 0.0
f1, 0= 1.0717e-01
                          N restraints  r.m.s.d.  r.m.s.Z  Mn(sigma)
Bond distances, non H                4     0.001    0.073      0.013
Bond distances, H                    6     0.000    0.000      0.016
Bond angles, non H                   5     0.267    0.154      2.100
Bond angles, H                      14     0.171    0.073      1.929
Torsion angles, period 3             1     0.034    0.003     10.000
Chiral centres                       1     0.000    0.004      0.089



====== CYCLE  7 ======

 weight = 1.0000e+00
 geom_x = 0.10716565210861595
 geom_a = 0
 geom_q = 0
 geom_c = 0.0
f0= 1.0717e-01
using cgsolve in c++, ic=False
diag(geom) min= 827.694635 max= 17189.185296
diag(all) min= 827.694635 max= 17189.185296
Trying gamma equal 0.042000
Convergence reached after 18 iterations with no gamma cycles
min(dx) = -5.880785903509803e-05
max(dx) = 4.085621950365788e-05
mean(dx)= 1.232434549693029e-07
vdws = 15
atoms = 10
pairs = 41
 geom_x = 0.10716396522527794
 geom_a = 0
 geom_q = 0
 geom_c = 0.0
f1, 0= 1.0716e-01
                          N restraints  r.m.s.d.  r.m.s.Z  Mn(sigma)
Bond distances, non H                4     0.001    0.073      0.013
Bond distances, H                    6     0.000    0.000      0.016
Bond angles, non H                   5     0.267    0.154      2.100
Bond angles, H                      14     0.171    0.073      1.929
Torsion angles, period 3             1     0.029    0.003     10.000
Chiral centres                       1     0.000    0.004      0.089



====== CYCLE  8 ======

 weight = 1.0000e+00
 geom_x = 0.10716396522527794
 geom_a = 0
 geom_q = 0
 geom_c = 0.0
f0= 1.0716e-01
using cgsolve in c++, ic=False
diag(geom) min= 827.548680 max= 17189.414189
diag(all) min= 827.548680 max= 17189.414189
Trying gamma equal 0.042000
Convergence reached after 15 iterations with no gamma cycles
min(dx) = -5.044786416309156e-05
max(dx) = 3.482074685159918e-05
mean(dx)= 8.799458804065323e-08
vdws = 15
atoms = 10
pairs = 41
 geom_x = 0.1071627343996078
 geom_a = 0
 geom_q = 0
 geom_c = 0.0
f1, 0= 1.0716e-01
                          N restraints  r.m.s.d.  r.m.s.Z  Mn(sigma)
Bond distances, non H                4     0.001    0.073      0.013
Bond distances, H                    6     0.000    0.000      0.016
Bond angles, non H                   5     0.267    0.154      2.100
Bond angles, H                      14     0.171    0.073      1.929
Torsion angles, period 3             1     0.025    0.002     10.000
Chiral centres                       1     0.000    0.004      0.089



====== CYCLE  9 ======

 weight = 1.0000e+00
 geom_x = 0.1071627343996078
 geom_a = 0
 geom_q = 0
 geom_c = 0.0
f0= 1.0716e-01
using cgsolve in c++, ic=False
diag(geom) min= 827.424229 max= 17189.610654
diag(all) min= 827.424229 max= 17189.610654
Trying gamma equal 0.042000
Convergence reached after 18 iterations with no gamma cycles
min(dx) = -4.322798063913125e-05
max(dx) = 2.9702429329739665e-05
mean(dx)= 6.469420171166804e-08
vdws = 15
atoms = 10
pairs = 41
 geom_x = 0.10716183597878638
 geom_a = 0
 geom_q = 0
 geom_c = 0.0
f1, 0= 1.0716e-01
                          N restraints  r.m.s.d.  r.m.s.Z  Mn(sigma)
Bond distances, non H                4     0.001    0.073      0.013
Bond distances, H                    6     0.000    0.000      0.016
Bond angles, non H                   5     0.267    0.154      2.100
Bond angles, H                      14     0.171    0.073      1.929
Torsion angles, period 3             1     0.021    0.002     10.000
Chiral centres                       1     0.000    0.004      0.089



====== CYCLE 10 ======

 weight = 1.0000e+00
 geom_x = 0.10716183597878638
 geom_a = 0
 geom_q = 0
 geom_c = 0.0
f0= 1.0716e-01
using cgsolve in c++, ic=False
diag(geom) min= 827.318102 max= 17189.778940
diag(all) min= 827.318102 max= 17189.778940
Trying gamma equal 0.042000
Convergence reached after 18 iterations with no gamma cycles
min(dx) = -3.701101699253648e-05
max(dx) = 2.535089224168553e-05
mean(dx)= 4.901422716747397e-08
vdws = 15
atoms = 10
pairs = 41
 geom_x = 0.10716118006926555
 geom_a = 0
 geom_q = 0
 geom_c = 0.0
f1, 0= 1.0716e-01
                          N restraints  r.m.s.d.  r.m.s.Z  Mn(sigma)
Bond distances, non H                4     0.001    0.073      0.013
Bond distances, H                    6     0.000    0.000      0.016
Bond angles, non H                   5     0.267    0.154      2.100
Bond angles, H                      14     0.171    0.073      1.929
Torsion angles, period 3             1     0.018    0.002     10.000
Chiral centres                       1     0.000    0.004      0.089



====== CYCLE 11 ======

 weight = 1.0000e+00
 geom_x = 0.10716118006926555
 geom_a = 0
 geom_q = 0
 geom_c = 0.0
f0= 1.0716e-01
using cgsolve in c++, ic=False
diag(geom) min= 827.227566 max= 17189.922934
diag(all) min= 827.227566 max= 17189.922934
Trying gamma equal 0.042000
Convergence reached after 18 iterations with no gamma cycles
min(dx) = -3.166955071597636e-05
max(dx) = 2.16451340038685e-05
mean(dx)= 3.815054001952575e-08
vdws = 15
atoms = 10
pairs = 41
 geom_x = 0.10716070116773847
 geom_a = 0
 geom_q = 0
 geom_c = 0.0
f1, 0= 1.0716e-01
                          N restraints  r.m.s.d.  r.m.s.Z  Mn(sigma)
Bond distances, non H                4     0.001    0.073      0.013
Bond distances, H                    6     0.000    0.000      0.016
Bond angles, non H                   5     0.267    0.154      2.100
Bond angles, H                      14     0.171    0.073      1.929
Torsion angles, period 3             1     0.015    0.002     10.000
Chiral centres                       1     0.000    0.004      0.089



====== CYCLE 12 ======

 weight = 1.0000e+00
 geom_x = 0.10716070116773847
 geom_a = 0
 geom_q = 0
 geom_c = 0.0
f0= 1.0716e-01
using cgsolve in c++, ic=False
diag(geom) min= 827.150301 max= 17190.046077
diag(all) min= 827.150301 max= 17190.046077
Trying gamma equal 0.042000
Convergence reached after 18 iterations with no gamma cycles
min(dx) = -2.708770646210351e-05
max(dx) = 1.848585248866086e-05
mean(dx)= 3.038978471215547e-08
vdws = 15
atoms = 10
pairs = 41
 geom_x = 0.10716035149124863
 geom_a = 0
 geom_q = 0
 geom_c = 0.0
f1, 0= 1.0716e-01
                          N restraints  r.m.s.d.  r.m.s.Z  Mn(sigma)
Bond distances, non H                4     0.001    0.073      0.013
Bond distances, H                    6     0.000    0.000      0.016
Bond angles, non H                   5     0.267    0.154      2.100
Bond angles, H                      14     0.171    0.073      1.929
Torsion angles, period 3             1     0.013    0.001     10.000
Chiral centres                       1     0.000    0.004      0.089



====== CYCLE 13 ======

 weight = 1.0000e+00
 geom_x = 0.10716035149124863
 geom_a = 0
 geom_q = 0
 geom_c = 0.0
f0= 1.0716e-01
using cgsolve in c++, ic=False
diag(geom) min= 827.084338 max= 17190.151356
diag(all) min= 827.084338 max= 17190.151356
Trying gamma equal 0.042000
Convergence reached after 18 iterations with no gamma cycles
min(dx) = -2.3162008209947427e-05
max(dx) = 1.579046888033801e-05
mean(dx)= 2.466367955156133e-08
vdws = 15
atoms = 10
pairs = 41
 geom_x = 0.10716009616530237
 geom_a = 0
 geom_q = 0
 geom_c = 0.0
f1, 0= 1.0716e-01
                          N restraints  r.m.s.d.  r.m.s.Z  Mn(sigma)
Bond distances, non H                4     0.001    0.073      0.013
Bond distances, H                    6     0.000    0.000      0.016
Bond angles, non H                   5     0.267    0.154      2.100
Bond angles, H                      14     0.171    0.073      1.929
Torsion angles, period 3             1     0.011    0.001     10.000
Chiral centres                       1     0.000    0.004      0.089



====== CYCLE 14 ======

 weight = 1.0000e+00
 geom_x = 0.10716009616530237
 geom_a = 0
 geom_q = 0
 geom_c = 0.0
f0= 1.0716e-01
using cgsolve in c++, ic=False
diag(geom) min= 827.028010 max= 17190.241347
diag(all) min= 827.028010 max= 17190.241347
Trying gamma equal 0.042000
Convergence reached after 18 iterations with no gamma cycles
min(dx) = -1.9801230058307913e-05
max(dx) = 1.3489711586742696e-05
mean(dx)= 2.0307034338950122e-08
vdws = 15
atoms = 10
pairs = 41
 geom_x = 0.10715990973038964
 geom_a = 0
 geom_q = 0
 geom_c = 0.0
f1, 0= 1.0716e-01
                          N restraints  r.m.s.d.  r.m.s.Z  Mn(sigma)
Bond distances, non H                4     0.001    0.073      0.013
Bond distances, H                    6     0.000    0.000      0.016
Bond angles, non H                   5     0.267    0.154      2.100
Bond angles, H                      14     0.171    0.073      1.929
Torsion angles, period 3             1     0.010    0.001     10.000
Chiral centres                       1     0.000    0.004      0.089



====== CYCLE 15 ======

 weight = 1.0000e+00
 geom_x = 0.10715990973038964
 geom_a = 0
 geom_q = 0
 geom_c = 0.0
f0= 1.0716e-01
using cgsolve in c++, ic=False
diag(geom) min= 826.979899 max= 17190.318261
diag(all) min= 826.979899 max= 17190.318261
Trying gamma equal 0.042000
Convergence reached after 18 iterations with no gamma cycles
min(dx) = -1.6925713746059673e-05
max(dx) = 1.1525131166090934e-05
mean(dx)= 1.690104488895346e-08
vdws = 15
atoms = 10
pairs = 41
 geom_x = 0.10715977359809054
 geom_a = 0
 geom_q = 0
 geom_c = 0.0
f1, 0= 1.0716e-01
                          N restraints  r.m.s.d.  r.m.s.Z  Mn(sigma)
Bond distances, non H                4     0.001    0.073      0.013
Bond distances, H                    6     0.000    0.000      0.016
Bond angles, non H                   5     0.267    0.154      2.100
Bond angles, H                      14     0.171    0.073      1.929
Torsion angles, period 3             1     0.008    0.001     10.000
Chiral centres                       1     0.000    0.004      0.089



====== CYCLE 16 ======

 weight = 1.0000e+00
 geom_x = 0.10715977359809054
 geom_a = 0
 geom_q = 0
 geom_c = 0.0
f0= 1.0716e-01
using cgsolve in c++, ic=False
diag(geom) min= 826.938802 max= 17190.383994
diag(all) min= 826.938802 max= 17190.383994
Trying gamma equal 0.042000
Convergence reached after 18 iterations with no gamma cycles
min(dx) = -1.4466364970280259e-05
max(dx) = 9.84721372161143e-06
mean(dx)= 1.4177321242556194e-08
vdws = 15
atoms = 10
pairs = 41
 geom_x = 0.10715967419595894
 geom_a = 0
 geom_q = 0
 geom_c = 0.0
f1, 0= 1.0716e-01
                          N restraints  r.m.s.d.  r.m.s.Z  Mn(sigma)
Bond distances, non H                4     0.001    0.073      0.013
Bond distances, H                    6     0.000    0.000      0.016
Bond angles, non H                   5     0.267    0.154      2.100
Bond angles, H                      14     0.171    0.073      1.929
Torsion angles, period 3             1     0.007    0.001     10.000
Chiral centres                       1     0.000    0.004      0.089



====== CYCLE 17 ======

 weight = 1.0000e+00
 geom_x = 0.10715967419595894
 geom_a = 0
 geom_q = 0
 geom_c = 0.0
f0= 1.0716e-01
using cgsolve in c++, ic=False
diag(geom) min= 826.903693 max= 17190.440168
diag(all) min= 826.903693 max= 17190.440168
Trying gamma equal 0.042000
Convergence reached after 18 iterations with no gamma cycles
min(dx) = -1.2363529499869083e-05
max(dx) = 8.413900758267736e-06
mean(dx)= 1.1959732786374345e-08
vdws = 15
atoms = 10
pairs = 41
 geom_x = 0.1071596016137039
 geom_a = 0
 geom_q = 0
 geom_c = 0.0
f1, 0= 1.0716e-01
                          N restraints  r.m.s.d.  r.m.s.Z  Mn(sigma)
Bond distances, non H                4     0.001    0.073      0.013
Bond distances, H                    6     0.000    0.000      0.016
Bond angles, non H                   5     0.267    0.154      2.100
Bond angles, H                      14     0.171    0.073      1.929
Torsion angles, period 3             1     0.006    0.001     10.000
Chiral centres                       1     0.000    0.004      0.089



====== CYCLE 18 ======

 weight = 1.0000e+00
 geom_x = 0.1071596016137039
 geom_a = 0
 geom_q = 0
 geom_c = 0.0
f0= 1.0716e-01
using cgsolve in c++, ic=False
diag(geom) min= 826.873697 max= 17190.488173
diag(all) min= 826.873697 max= 17190.488173
Trying gamma equal 0.042000
Convergence reached after 18 iterations with no gamma cycles
min(dx) = -1.056586792945253e-05
max(dx) = 7.189399810859313e-06
mean(dx)= 1.012930417103319e-08
vdws = 15
atoms = 10
pairs = 41
 geom_x = 0.107159548615019
 geom_a = 0
 geom_q = 0
 geom_c = 0.0
f1, 0= 1.0716e-01
                          N restraints  r.m.s.d.  r.m.s.Z  Mn(sigma)
Bond distances, non H                4     0.001    0.073      0.013
Bond distances, H                    6     0.000    0.000      0.016
Bond angles, non H                   5     0.267    0.154      2.100
Bond angles, H                      14     0.171    0.073      1.929
Torsion angles, period 3             1     0.005    0.001     10.000
Chiral centres                       1     0.000    0.004      0.089



====== CYCLE 19 ======

 weight = 1.0000e+00
 geom_x = 0.107159548615019
 geom_a = 0
 geom_q = 0
 geom_c = 0.0
f0= 1.0716e-01
using cgsolve in c++, ic=False
diag(geom) min= 826.848068 max= 17190.529195
diag(all) min= 826.848068 max= 17190.529195
Trying gamma equal 0.042000
Convergence reached after 18 iterations with no gamma cycles
min(dx) = -9.029294102303e-06
max(dx) = 6.143211704842361e-06
mean(dx)= 8.603008686620233e-09
vdws = 15
atoms = 10
pairs = 41
 geom_x = 0.10715950991601657
 geom_a = 0
 geom_q = 0
 geom_c = 0.0
f1, 0= 1.0716e-01
                          N restraints  r.m.s.d.  r.m.s.Z  Mn(sigma)
Bond distances, non H                4     0.001    0.073      0.013
Bond distances, H                    6     0.000    0.000      0.016
Bond angles, non H                   5     0.267    0.154      2.100
Bond angles, H                      14     0.171    0.073      1.929
Torsion angles, period 3             1     0.004    0.000     10.000
Chiral centres                       1     0.000    0.004      0.089



====== CYCLE 20 ======

 weight = 1.0000e+00
 geom_x = 0.10715950991601657
 geom_a = 0
 geom_q = 0
 geom_c = 0.0
f0= 1.0716e-01
using cgsolve in c++, ic=False
diag(geom) min= 826.826170 max= 17190.564250
diag(all) min= 826.826170 max= 17190.564250
Trying gamma equal 0.042000
Convergence reached after 18 iterations with no gamma cycles
min(dx) = -7.71600792080617e-06
max(dx) = 5.249324708021207e-06
mean(dx)= 7.3208987948423095e-09
vdws = 15
atoms = 10
pairs = 41
 geom_x = 0.10715948165848624
 geom_a = 0
 geom_q = 0
 geom_c = 0.0
f1, 0= 1.0716e-01
                          N restraints  r.m.s.d.  r.m.s.Z  Mn(sigma)
Bond distances, non H                4     0.001    0.073      0.013
Bond distances, H                    6     0.000    0.000      0.016
Bond angles, non H                   5     0.267    0.154      2.100
Bond angles, H                      14     0.171    0.073      1.929
Torsion angles, period 3             1     0.004    0.000     10.000
Chiral centres                       1     0.000    0.004      0.089



====== CYCLE 21 ======

 weight = 1.0000e+00
 geom_x = 0.10715948165848624
 geom_a = 0
 geom_q = 0
 geom_c = 0.0
f0= 1.0716e-01
using cgsolve in c++, ic=False
diag(geom) min= 826.807459 max= 17190.594205
diag(all) min= 826.807459 max= 17190.594205
Trying gamma equal 0.042000
Convergence reached after 18 iterations with no gamma cycles
min(dx) = -6.593633034378395e-06
max(dx) = 4.485540744280325e-06
mean(dx)= 6.238230820104844e-09
vdws = 15
atoms = 10
pairs = 41
 geom_x = 0.10715946102519565
 geom_a = 0
 geom_q = 0
 geom_c = 0.0
f1, 0= 1.0716e-01
                          N restraints  r.m.s.d.  r.m.s.Z  Mn(sigma)
Bond distances, non H                4     0.001    0.073      0.013
Bond distances, H                    6     0.000    0.000      0.016
Bond angles, non H                   5     0.267    0.154      2.100
Bond angles, H                      14     0.171    0.073      1.929
Torsion angles, period 3             1     0.003    0.000     10.000
Chiral centres                       1     0.000    0.004      0.089



====== CYCLE 22 ======

 weight = 1.0000e+00
 geom_x = 0.10715946102519565
 geom_a = 0
 geom_q = 0
 geom_c = 0.0
f0= 1.0716e-01
using cgsolve in c++, ic=False
diag(geom) min= 826.791471 max= 17190.619802
diag(all) min= 826.791471 max= 17190.619802
Trying gamma equal 0.042000
Convergence reached after 18 iterations with no gamma cycles
min(dx) = -5.6344586862550216e-06
max(dx) = 3.832908315696541e-06
mean(dx)= 5.320586176503736e-09
vdws = 15
atoms = 10
pairs = 41
 geom_x = 0.10715944595902678
 geom_a = 0
 geom_q = 0
 geom_c = 0.0
f1, 0= 1.0716e-01
                          N restraints  r.m.s.d.  r.m.s.Z  Mn(sigma)
Bond distances, non H                4     0.001    0.073      0.013
Bond distances, H                    6     0.000    0.000      0.016
Bond angles, non H                   5     0.267    0.154      2.100
Bond angles, H                      14     0.171    0.073      1.929
Torsion angles, period 3             1     0.003    0.000     10.000
Chiral centres                       1     0.000    0.004      0.089



====== CYCLE 23 ======

 weight = 1.0000e+00
 geom_x = 0.10715944595902678
 geom_a = 0
 geom_q = 0
 geom_c = 0.0
f0= 1.0716e-01
using cgsolve in c++, ic=False
diag(geom) min= 826.777809 max= 17190.641675
diag(all) min= 826.777809 max= 17190.641675
Trying gamma equal 0.042000
Convergence reached after 18 iterations with no gamma cycles
min(dx) = -4.814779231562971e-06
max(dx) = 3.2752430142207516e-06
mean(dx)= 4.54079647239176e-09
vdws = 15
atoms = 10
pairs = 41
 geom_x = 0.10715943495790882
 geom_a = 0
 geom_q = 0
 geom_c = 0.0
f1, 0= 1.0716e-01
                          N restraints  r.m.s.d.  r.m.s.Z  Mn(sigma)
Bond distances, non H                4     0.001    0.073      0.013
Bond distances, H                    6     0.000    0.000      0.016
Bond angles, non H                   5     0.267    0.154      2.100
Bond angles, H                      14     0.171    0.073      1.929
Torsion angles, period 3             1     0.002    0.000     10.000
Chiral centres                       1     0.000    0.004      0.089



====== CYCLE 24 ======

 weight = 1.0000e+00
 geom_x = 0.10715943495790882
 geom_a = 0
 geom_q = 0
 geom_c = 0.0
f0= 1.0716e-01
using cgsolve in c++, ic=False
diag(geom) min= 826.766136 max= 17190.660366
diag(all) min= 826.766136 max= 17190.660366
Trying gamma equal 0.042000
Convergence reached after 18 iterations with no gamma cycles
min(dx) = -4.11432226947342e-06
max(dx) = 2.798720771037853e-06
mean(dx)= 3.8769623944097324e-09
vdws = 15
atoms = 10
pairs = 41
 geom_x = 0.1071594269250326
 geom_a = 0
 geom_q = 0
 geom_c = 0.0
f1, 0= 1.0716e-01
                          N restraints  r.m.s.d.  r.m.s.Z  Mn(sigma)
Bond distances, non H                4     0.001    0.073      0.013
Bond distances, H                    6     0.000    0.000      0.016
Bond angles, non H                   5     0.267    0.154      2.100
Bond angles, H                      14     0.171    0.073      1.929
Torsion angles, period 3             1     0.002    0.000     10.000
Chiral centres                       1     0.000    0.004      0.089



====== CYCLE 25 ======

 weight = 1.0000e+00
 geom_x = 0.1071594269250326
 geom_a = 0
 geom_q = 0
 geom_c = 0.0
f0= 1.0716e-01
using cgsolve in c++, ic=False
diag(geom) min= 826.756161 max= 17190.676337
diag(all) min= 826.756161 max= 17190.676337
Trying gamma equal 0.042000
Convergence reached after 18 iterations with no gamma cycles
min(dx) = -3.5157555502738603e-06
max(dx) = 2.391532030819047e-06
mean(dx)= 3.3111422791636973e-09
vdws = 15
atoms = 10
pairs = 41
 geom_x = 0.1071594210595333
 geom_a = 0
 geom_q = 0
 geom_c = 0.0
f1, 0= 1.0716e-01
                          N restraints  r.m.s.d.  r.m.s.Z  Mn(sigma)
Bond distances, non H                4     0.001    0.073      0.013
Bond distances, H                    6     0.000    0.000      0.016
Bond angles, non H                   5     0.267    0.154      2.100
Bond angles, H                      14     0.171    0.073      1.929
Torsion angles, period 3             1     0.002    0.000     10.000
Chiral centres                       1     0.000    0.004      0.089



====== CYCLE 26 ======

 weight = 1.0000e+00
 geom_x = 0.1071594210595333
 geom_a = 0
 geom_q = 0
 geom_c = 0.0
f0= 1.0716e-01
using cgsolve in c++, ic=False
diag(geom) min= 826.747637 max= 17190.689985
diag(all) min= 826.747637 max= 17190.689985
Trying gamma equal 0.042000
Convergence reached after 18 iterations with no gamma cycles
min(dx) = -3.004263002015217e-06
max(dx) = 2.043587256154757e-06
mean(dx)= 2.828455605573787e-09
vdws = 15
atoms = 10
pairs = 41
 geom_x = 0.10715941677663268
 geom_a = 0
 geom_q = 0
 geom_c = 0.0
f1, 0= 1.0716e-01
                          N restraints  r.m.s.d.  r.m.s.Z  Mn(sigma)
Bond distances, non H                4     0.001    0.073      0.013
Bond distances, H                    6     0.000    0.000      0.016
Bond angles, non H                   5     0.267    0.154      2.100
Bond angles, H                      14     0.171    0.073      1.929
Torsion angles, period 3             1     0.001    0.000     10.000
Chiral centres                       1     0.000    0.004      0.089



====== CYCLE 27 ======

 weight = 1.0000e+00
 geom_x = 0.10715941677663268
 geom_a = 0
 geom_q = 0
 geom_c = 0.0
f0= 1.0716e-01
using cgsolve in c++, ic=False
diag(geom) min= 826.740354 max= 17190.701648
diag(all) min= 826.740354 max= 17190.701648
Trying gamma equal 0.042000
Convergence reached after 18 iterations with no gamma cycles
min(dx) = -2.5671808948826334e-06
max(dx) = 1.7462658742611244e-06
mean(dx)= 2.4164500779094948e-09
vdws = 15
atoms = 10
pairs = 41
 geom_x = 0.10715941364930669
 geom_a = 0
 geom_q = 0
 geom_c = 0.0
f1, 0= 1.0716e-01
                          N restraints  r.m.s.d.  r.m.s.Z  Mn(sigma)
Bond distances, non H                4     0.001    0.073      0.013
Bond distances, H                    6     0.000    0.000      0.016
Bond angles, non H                   5     0.267    0.154      2.100
Bond angles, H                      14     0.171    0.073      1.929
Torsion angles, period 3             1     0.001    0.000     10.000
Chiral centres                       1     0.000    0.004      0.089



====== CYCLE 28 ======

 weight = 1.0000e+00
 geom_x = 0.10715941364930669
 geom_a = 0
 geom_q = 0
 geom_c = 0.0
f0= 1.0716e-01
using cgsolve in c++, ic=False
diag(geom) min= 826.734130 max= 17190.711613
diag(all) min= 826.734130 max= 17190.711613
Trying gamma equal 0.042000
Convergence reached after 18 iterations with no gamma cycles
min(dx) = -2.1936860232031923e-06
max(dx) = 1.4922020946612977e-06
mean(dx)= 2.064637923436628e-09
vdws = 15
atoms = 10
pairs = 41
 geom_x = 0.10715941136577876
 geom_a = 0
 geom_q = 0
 geom_c = 0.0
f1, 0= 1.0716e-01
                          N restraints  r.m.s.d.  r.m.s.Z  Mn(sigma)
Bond distances, non H                4     0.001    0.073      0.013
Bond distances, H                    6     0.000    0.000      0.016
Bond angles, non H                   5     0.267    0.154      2.100
Bond angles, H                      14     0.171    0.073      1.929
Torsion angles, period 3             1     0.001    0.000     10.000
Chiral centres                       1     0.000    0.004      0.089



====== CYCLE 29 ======

 weight = 1.0000e+00
 geom_x = 0.10715941136577876
 geom_a = 0
 geom_q = 0
 geom_c = 0.0
f0= 1.0716e-01
using cgsolve in c++, ic=False
diag(geom) min= 826.728812 max= 17190.720129
diag(all) min= 826.728812 max= 17190.720129
Trying gamma equal 0.042000
Convergence reached after 18 iterations with no gamma cycles
min(dx) = -1.8745287124081362e-06
max(dx) = 1.2751020871706694e-06
mean(dx)= 1.7641458459065922e-09
vdws = 15
atoms = 10
pairs = 41
 geom_x = 0.10715940969837491
 geom_a = 0
 geom_q = 0
 geom_c = 0.0
f1, 0= 1.0716e-01
                          N restraints  r.m.s.d.  r.m.s.Z  Mn(sigma)
Bond distances, non H                4     0.001    0.073      0.013
Bond distances, H                    6     0.000    0.000      0.016
Bond angles, non H                   5     0.267    0.154      2.100
Bond angles, H                      14     0.171    0.073      1.929
Torsion angles, period 3             1     0.001    0.000     10.000
Chiral centres                       1     0.000    0.004      0.089



====== CYCLE 30 ======

 weight = 1.0000e+00
 geom_x = 0.10715940969837491
 geom_a = 0
 geom_q = 0
 geom_c = 0.0
f0= 1.0716e-01
using cgsolve in c++, ic=False
diag(geom) min= 826.724268 max= 17190.727405
diag(all) min= 826.724268 max= 17190.727405
Trying gamma equal 0.042000
Convergence reached after 18 iterations with no gamma cycles
min(dx) = -1.6018043498738242e-06
max(dx) = 1.0895878750123117e-06
mean(dx)= 1.507442323078476e-09
vdws = 15
atoms = 10
pairs = 41
 geom_x = 0.10715940848086197
 geom_a = 0
 geom_q = 0
 geom_c = 0.0
f1, 0= 1.0716e-01
                          N restraints  r.m.s.d.  r.m.s.Z  Mn(sigma)
Bond distances, non H                4     0.001    0.073      0.013
Bond distances, H                    6     0.000    0.000      0.016
Bond angles, non H                   5     0.267    0.154      2.100
Bond angles, H                      14     0.171    0.073      1.929
Torsion angles, period 3             1     0.001    0.000     10.000
Chiral centres                       1     0.000    0.004      0.089


$TABLE: stats vs cycle :
$GRAPHS
: Geometry :A:1,4,2:
: Geometry Z :A:1,3,5:
$$
 Ncyc  rmsBOND  zBOND  rmsANGL  zANGL
$$
$$
    0   0.0008 0.0728   0.2652 0.1539
    1   0.0008 0.0728   0.2667 0.1541
    2   0.0008 0.0729   0.2671 0.1542
    3   0.0008 0.0729   0.2672 0.1542
    4   0.0008 0.0729   0.2673 0.1542
    5   0.0008 0.0729   0.2673 0.1542
    6   0.0008 0.0729   0.2673 0.1542
    7   0.0008 0.0729   0.2673 0.1542
    8   0.0008 0.0729   0.2673 0.1542
    9   0.0008 0.0729   0.2673 0.1542
   10   0.0008 0.0729   0.2673 0.1542
   11   0.0008 0.0729   0.2673 0.1542
   12   0.0008 0.0729   0.2673 0.1542
   13   0.0008 0.0729   0.2673 0.1542
   14   0.0008 0.0729   0.2673 0.1542
   15   0.0008 0.0729   0.2673 0.1542
   16   0.0008 0.0729   0.2672 0.1542
   17   0.0008 0.0729   0.2672 0.1542
   18   0.0008 0.0729   0.2672 0.1542
   19   0.0008 0.0729   0.2672 0.1542
   20   0.0008 0.0729   0.2672 0.1542
   21   0.0008 0.0729   0.2672 0.1542
   22   0.0008 0.0729   0.2672 0.1542
   23   0.0008 0.0729   0.2672 0.1542
   24   0.0008 0.0729   0.2672 0.1542
   25   0.0008 0.0729   0.2672 0.1542
   26   0.0008 0.0729   0.2672 0.1542
   27   0.0008 0.0729   0.2672 0.1542
   28   0.0008 0.0729   0.2672 0.1542
   29   0.0008 0.0729   0.2672 0.1542
   30   0.0008 0.0729   0.2672 0.1542
$$

Updated dictionary saved: EPX_MODEL_TMP/mol_1_conf_3_updated.cif
Refinement statistics saved: EPX_MODEL_TMP/mol_1_conf_3_stats.json

# Finished on 2026-06-14 11:41:11.067632

=========END OF PROCESS INFORMATION ==========
