
============ PROCESS INFORMATION =============
# Servalcat ver. 0.4.128 (Python 3.9.18)
# Library vers. gemmi 0.7.4, scipy 1.7.3, numpy 1.19.5, pandas 1.3.5
# Started on 2026-06-14 11:41:21.968102
# Host: Mac.lan User: hilgersmt
# Command-line:
# servalcat --logfile EPX_MODEL_TMP/servalcat.log refine_geom --update_dictionary EPX_MODEL_TMP/mol_1_conf_9_init.cif -o EPX_MODEL_TMP/mol_1_conf_9 --randomize 0.01
Config loaded
--
refine:
  atom_selection:
    xyz:
      include:
      - '*'
      exclude: []
      exclude_restraint: []
    adp:
      include: []
      exclude: []
      exclude_restraint: []
    occ:
      include: []
      exclude: []
      exclude_restraint: []
    dfrac:
      include: []
      exclude: []
      exclude_restraint: []
  occ_groups: []
  occ_group_constraints: []
  occ_group_const_mu: 10.0
  occ_group_const_mu_update_factor: 1.1
  occ_group_const_mu_update_tol_rel: 0.25
  occ_group_const_mu_update_tol_abs: 0.01
  initialisation:
    adp: {}
    occ: {}
    dfrac: {}
  write_trajectory: false
--
Reading monomers from /Applications/ccp4-9/lib/data/monomers/
Monomer not in the library: EPX.
Reading monomer: EPX_MODEL_TMP/mol_1_conf_9_init.cif
Monomer library loaded: 1 monomers, 109 links, 133 modifications
       loaded monomers: EPX

Checking if unknown atoms exist..
Creating restraints..

Chain info:
 chain 
  ligands: EPX (1 residues)

Number of refinement parameters:
       n_params  n_atoms  n_atoms_geom_only  n_atoms_data_only
xyz           4        4                  0                  0
adp           0        0                  0                  0
occ           0        0                  0                  0
dfrac         0        0                  0                  0

Randomizing structure with rmsd of 0.01
Torsion angle rules:
 include:
  {'group': 'peptide', 'tors_name': 'chi*'}
  {'link': '*', 'tors_name': 'omega'}
  {'residue': '*', 'tors_name': 'sp2_sp2*'}
  {'link': '*', 'tors_name': 'sp2_sp2*'}
 exclude:
  none
External restraints from Refmac instructions
 Number of distances          : 0
 Number of angles             : 0
 Number of torsions           : 0
 Number of chirals            : 0
 Number of planes             : 0
 Number of intervals          : 0
 Number of stackings          : 0
 Number of harmonics          : 0
 Number of special positions  : 0

Running 10 cycles with wchir=4 wvdw=2 without hydrogen
Geometry weights
vdws = 0
atoms = 4
pairs = 6
 *** Chiral centres outliers (Z >= 5) ***

    atomc     atom1     atom2     atom3  value  ideal  sigma  both      z
/EPX 1/C2 /EPX 1/O1 /EPX 1/C3 /EPX 1/C1  2.373 -2.102  0.089 False 50.058

                       N restraints  r.m.s.d.  r.m.s.Z  Mn(sigma)
Bond distances, non H             4     0.038    2.894      0.013
Bond angles, non H                5     5.477    1.908      2.100
Chiral centres                    1     4.475   50.058      0.089


====== CYCLE  1 ======

 weight = 1.0000e+00
 geom_x = 20072.347343022848
 geom_a = 0
 geom_q = 0
 geom_c = 0.0
f0= 2.0072e+04
using cgsolve in c++, ic=False
diag(geom) min= 257.846250 max= 23663.029307
diag(all) min= 257.846250 max= 23663.029307
Trying gamma equal 0.000000
Convergence reached after 6 iterations with no gamma cycles
min(dx) = -0.6047660121087934
max(dx) = 1.3993984375429875
mean(dx)= 0.20102995655021835
vdws = 0
atoms = 4
pairs = 6
 geom_x = 3585.9869750916505
 geom_a = 0
 geom_q = 0
 geom_c = 0.0
f1, 0= 3.5860e+03
                       N restraints  r.m.s.d.  r.m.s.Z  Mn(sigma)
Bond distances, non H             4     0.425   33.302      0.013
Bond angles, non H                5    13.034    7.946      2.100
Chiral centres                    1     1.100   12.299      0.089



====== CYCLE  2 ======

 weight = 1.0000e+00
 geom_x = 3585.9869750916505
 geom_a = 0
 geom_q = 0
 geom_c = 0.0
f0= 3.5860e+03
using cgsolve in c++, ic=False
diag(geom) min= 593.803300 max= 46404.313774
diag(all) min= 593.803300 max= 46404.313774
Trying gamma equal 0.000000
Convergence reached after 6 iterations with no gamma cycles
min(dx) = -0.8548472145851725
max(dx) = 0.3535154416597355
mean(dx)= -0.04920759375374636
vdws = 0
atoms = 4
pairs = 6
 geom_x = 9.512639550871539
 geom_a = 0
 geom_q = 0
 geom_c = 0.0
f1, 0= 9.5126e+00
                       N restraints  r.m.s.d.  r.m.s.Z  Mn(sigma)
Bond distances, non H             4     0.024    1.985      0.013
Bond angles, non H                5     1.757    0.808      2.100
Chiral centres                    1     0.001    0.008      0.089



====== CYCLE  3 ======

 weight = 1.0000e+00
 geom_x = 9.512639550871539
 geom_a = 0
 geom_q = 0
 geom_c = 0.0
f0= 9.5126e+00
using cgsolve in c++, ic=False
diag(geom) min= 492.184861 max= 30402.487413
diag(all) min= 492.184861 max= 30402.487413
Trying gamma equal 0.000000
Convergence reached after 6 iterations with no gamma cycles
min(dx) = -0.04198666353352899
max(dx) = 0.0270077766088502
mean(dx)= -0.003119496864623275
vdws = 0
atoms = 4
pairs = 6
 geom_x = 0.08054142483919861
 geom_a = 0
 geom_q = 0
 geom_c = 0.0
f1, 0= 8.0541e-02
                       N restraints  r.m.s.d.  r.m.s.Z  Mn(sigma)
Bond distances, non H             4     0.001    0.083      0.013
Bond angles, non H                5     0.283    0.155      2.100
Chiral centres                    1     0.003    0.029      0.089



====== CYCLE  4 ======

 weight = 1.0000e+00
 geom_x = 0.08054142483919861
 geom_a = 0
 geom_q = 0
 geom_c = 0.0
f0= 8.0541e-02
using cgsolve in c++, ic=False
diag(geom) min= 465.878935 max= 28323.231026
diag(all) min= 465.878935 max= 28323.231026
Trying gamma equal 0.000000
Convergence reached after 6 iterations with no gamma cycles
min(dx) = -0.0017722172529234055
max(dx) = 0.0010787121828167547
mean(dx)= 0.00014802136092160697
vdws = 0
atoms = 4
pairs = 6
 geom_x = 0.06817606296808364
 geom_a = 0
 geom_q = 0
 geom_c = 0.0
f1, 0= 6.8176e-02
                       N restraints  r.m.s.d.  r.m.s.Z  Mn(sigma)
Bond distances, non H             4     0.001    0.077      0.013
Bond angles, non H                5     0.246    0.150      2.100
Chiral centres                    1     0.001    0.006      0.089



====== CYCLE  5 ======

 weight = 1.0000e+00
 geom_x = 0.06817606296808364
 geom_a = 0
 geom_q = 0
 geom_c = 0.0
f0= 6.8176e-02
using cgsolve in c++, ic=False
diag(geom) min= 467.293982 max= 28305.475019
diag(all) min= 467.293982 max= 28305.475019
Trying gamma equal 0.000000
Convergence reached after 6 iterations with no gamma cycles
min(dx) = -1.2821790188520837e-05
max(dx) = 1.712462696984663e-05
mean(dx)= 7.442329628608094e-07
vdws = 0
atoms = 4
pairs = 6
 geom_x = 0.06817595557552823
 geom_a = 0
 geom_q = 0
 geom_c = 0.0
f1, 0= 6.8176e-02
                       N restraints  r.m.s.d.  r.m.s.Z  Mn(sigma)
Bond distances, non H             4     0.001    0.077      0.013
Bond angles, non H                5     0.246    0.150      2.100
Chiral centres                    1     0.001    0.006      0.089



====== CYCLE  6 ======

 weight = 1.0000e+00
 geom_x = 0.06817595557552823
 geom_a = 0
 geom_q = 0
 geom_c = 0.0
f0= 6.8176e-02
using cgsolve in c++, ic=False
diag(geom) min= 467.305194 max= 28305.397696
diag(all) min= 467.305194 max= 28305.397696
Trying gamma equal 0.000000
Convergence reached after 6 iterations with no gamma cycles
min(dx) = -9.486672623679277e-08
max(dx) = 2.5962875822395657e-07
mean(dx)= 1.169138815294295e-08
vdws = 0
atoms = 4
pairs = 6
 geom_x = 0.06817595556758314
 geom_a = 0
 geom_q = 0
 geom_c = 0.0
f1, 0= 6.8176e-02
                       N restraints  r.m.s.d.  r.m.s.Z  Mn(sigma)
Bond distances, non H             4     0.001    0.077      0.013
Bond angles, non H                5     0.246    0.150      2.100
Chiral centres                    1     0.001    0.006      0.089



====== CYCLE  7 ======

 weight = 1.0000e+00
 geom_x = 0.06817595556758314
 geom_a = 0
 geom_q = 0
 geom_c = 0.0
f0= 6.8176e-02
using cgsolve in c++, ic=False
diag(geom) min= 467.305339 max= 28305.398361
diag(all) min= 467.305339 max= 28305.398361
Trying gamma equal 0.000000
Convergence reached after 6 iterations with no gamma cycles
min(dx) = -1.123784234815644e-09
max(dx) = 3.630534046973827e-09
mean(dx)= 1.6750429171086777e-10
vdws = 0
atoms = 4
pairs = 6
 geom_x = 0.06817595556758557
 geom_a = 0
 geom_q = 0
 geom_c = 0.0
f1, 0= 6.8176e-02
min(dx) = -5.61892117407822e-10
max(dx) = 1.8152670234869135e-09
mean(dx)= 8.375214585543388e-11
vdws = 0
atoms = 4
pairs = 6
 geom_x = 0.06817595556758413
 geom_a = 0
 geom_q = 0
 geom_c = 0.0
f1, 1= 6.8176e-02
min(dx) = -2.80946058703911e-10
max(dx) = 9.076335117434568e-10
mean(dx)= 4.187607292771694e-11
vdws = 0
atoms = 4
pairs = 6
 geom_x = 0.06817595556758785
 geom_a = 0
 geom_q = 0
 geom_c = 0.0
f1, 2= 6.8176e-02
WARNING: function not minimised
                       N restraints  r.m.s.d.  r.m.s.Z  Mn(sigma)
Bond distances, non H             4     0.001    0.077      0.013
Bond angles, non H                5     0.246    0.150      2.100
Chiral centres                    1     0.001    0.006      0.089



====== CYCLE  8 ======

 weight = 1.0000e+00
 geom_x = 0.06817595556758785
 geom_a = 0
 geom_q = 0
 geom_c = 0.0
f0= 6.8176e-02
using cgsolve in c++, ic=False
diag(geom) min= 467.305340 max= 28305.398364
diag(all) min= 467.305340 max= 28305.398364
Trying gamma equal 0.000000
Convergence reached after 6 iterations with no gamma cycles
min(dx) = -8.466006313089967e-10
max(dx) = 2.7353975413711512e-09
mean(dx)= 1.2620695676646144e-10
vdws = 0
atoms = 4
pairs = 6
 geom_x = 0.06817595556758395
 geom_a = 0
 geom_q = 0
 geom_c = 0.0
f1, 0= 6.8176e-02
                       N restraints  r.m.s.d.  r.m.s.Z  Mn(sigma)
Bond distances, non H             4     0.001    0.077      0.013
Bond angles, non H                5     0.246    0.150      2.100
Chiral centres                    1     0.001    0.006      0.089



====== CYCLE  9 ======

 weight = 1.0000e+00
 geom_x = 0.06817595556758395
 geom_a = 0
 geom_q = 0
 geom_c = 0.0
f0= 6.8176e-02
using cgsolve in c++, ic=False
diag(geom) min= 467.305341 max= 28305.398374
diag(all) min= 467.305341 max= 28305.398374
Trying gamma equal 0.000000
Convergence reached after 6 iterations with no gamma cycles
min(dx) = -1.1339876663616128e-11
max(dx) = 3.766229994825624e-11
mean(dx)= 1.7440751501948735e-12
vdws = 0
atoms = 4
pairs = 6
 geom_x = 0.06817595556758722
 geom_a = 0
 geom_q = 0
 geom_c = 0.0
f1, 0= 6.8176e-02
min(dx) = -5.669938331808064e-12
max(dx) = 1.883114997412812e-11
mean(dx)= 8.720375750974368e-13
vdws = 0
atoms = 4
pairs = 6
 geom_x = 0.06817595556758542
 geom_a = 0
 geom_q = 0
 geom_c = 0.0
f1, 1= 6.8176e-02
min(dx) = -2.834969165904032e-12
max(dx) = 9.41557498706406e-12
mean(dx)= 4.360187875487184e-13
vdws = 0
atoms = 4
pairs = 6
 geom_x = 0.06817595556757869
 geom_a = 0
 geom_q = 0
 geom_c = 0.0
f1, 2= 6.8176e-02
                       N restraints  r.m.s.d.  r.m.s.Z  Mn(sigma)
Bond distances, non H             4     0.001    0.077      0.013
Bond angles, non H                5     0.246    0.150      2.100
Chiral centres                    1     0.001    0.006      0.089



====== CYCLE 10 ======

 weight = 1.0000e+00
 geom_x = 0.06817595556757869
 geom_a = 0
 geom_q = 0
 geom_c = 0.0
f0= 6.8176e-02
using cgsolve in c++, ic=False
diag(geom) min= 467.305341 max= 28305.398374
diag(all) min= 467.305341 max= 28305.398374
Trying gamma equal 0.000000
Convergence reached after 6 iterations with no gamma cycles
min(dx) = -8.543540514824072e-12
max(dx) = 2.837572229858316e-11
mean(dx)= 1.3140384202074339e-12
vdws = 0
atoms = 4
pairs = 6
 geom_x = 0.06817595556758531
 geom_a = 0
 geom_q = 0
 geom_c = 0.0
f1, 0= 6.8176e-02
min(dx) = -4.271770257412036e-12
max(dx) = 1.418786114929158e-11
mean(dx)= 6.570192101037169e-13
vdws = 0
atoms = 4
pairs = 6
 geom_x = 0.06817595556758715
 geom_a = 0
 geom_q = 0
 geom_c = 0.0
f1, 1= 6.8176e-02
min(dx) = -2.135885128706018e-12
max(dx) = 7.09393057464579e-12
mean(dx)= 3.2850960505185847e-13
vdws = 0
atoms = 4
pairs = 6
 geom_x = 0.06817595556758427
 geom_a = 0
 geom_q = 0
 geom_c = 0.0
f1, 2= 6.8176e-02
WARNING: function not minimised
                       N restraints  r.m.s.d.  r.m.s.Z  Mn(sigma)
Bond distances, non H             4     0.001    0.077      0.013
Bond angles, non H                5     0.246    0.150      2.100
Chiral centres                    1     0.001    0.006      0.089


$TABLE: stats vs cycle :
$GRAPHS
: Geometry :A:1,2,4:
: Geometry Z :A:1,5,3:
$$
 Ncyc  rmsBOND   zBOND  rmsANGL  zANGL
$$
$$
    0   0.0381  2.8943   5.4771 1.9075
    1   0.4253 33.3019  13.0341 7.9465
    2   0.0238  1.9849   1.7569 0.8081
    3   0.0009  0.0833   0.2827 0.1549
    4   0.0009  0.0770   0.2462 0.1497
    5   0.0009  0.0770   0.2460 0.1497
    6   0.0009  0.0770   0.2460 0.1497
    7   0.0009  0.0770   0.2460 0.1497
    8   0.0009  0.0770   0.2460 0.1497
    9   0.0009  0.0770   0.2460 0.1497
   10   0.0009  0.0770   0.2460 0.1497
$$

Running 30 cycles with wchir=1 wvdw=2 without hydrogen
Geometry weights
vdws = 0
atoms = 4
pairs = 6
                       N restraints  r.m.s.d.  r.m.s.Z  Mn(sigma)
Bond distances, non H             4     0.001    0.077      0.013
Bond angles, non H                5     0.246    0.150      2.100
Chiral centres                    1     0.001    0.006      0.089


====== CYCLE  1 ======

 weight = 1.0000e+00
 geom_x = 0.06789327195603526
 geom_a = 0
 geom_q = 0
 geom_c = 0.0
f0= 6.7893e-02
using cgsolve in c++, ic=False
diag(geom) min= 305.100145 max= 13993.359220
diag(all) min= 305.100145 max= 13993.359220
Trying gamma equal 0.000000
Convergence reached after 6 iterations with no gamma cycles
min(dx) = -0.0008378429167012254
max(dx) = 0.0011768048991449525
mean(dx)= 8.970186788100785e-05
vdws = 0
atoms = 4
pairs = 6
 geom_x = 0.06586103975380307
 geom_a = 0
 geom_q = 0
 geom_c = 0.0
f1, 0= 6.5861e-02
                       N restraints  r.m.s.d.  r.m.s.Z  Mn(sigma)
Bond distances, non H             4     0.001    0.076      0.013
Bond angles, non H                5     0.225    0.146      2.100
Chiral centres                    1     0.004    0.050      0.089



====== CYCLE  2 ======

 weight = 1.0000e+00
 geom_x = 0.06586103975380307
 geom_a = 0
 geom_q = 0
 geom_c = 0.0
f0= 6.5861e-02
using cgsolve in c++, ic=False
diag(geom) min= 305.138886 max= 13983.733680
diag(all) min= 305.138886 max= 13983.733680
Trying gamma equal 0.000000
Convergence reached after 6 iterations with no gamma cycles
min(dx) = -4.841234817700028e-06
max(dx) = 2.294087170852204e-06
mean(dx)= 2.1869085509850257e-08
vdws = 0
atoms = 4
pairs = 6
 geom_x = 0.06586102743468329
 geom_a = 0
 geom_q = 0
 geom_c = 0.0
f1, 0= 6.5861e-02
                       N restraints  r.m.s.d.  r.m.s.Z  Mn(sigma)
Bond distances, non H             4     0.001    0.076      0.013
Bond angles, non H                5     0.225    0.146      2.100
Chiral centres                    1     0.004    0.050      0.089



====== CYCLE  3 ======

 weight = 1.0000e+00
 geom_x = 0.06586102743468329
 geom_a = 0
 geom_q = 0
 geom_c = 0.0
f0= 6.5861e-02
using cgsolve in c++, ic=False
diag(geom) min= 305.141571 max= 13983.712203
diag(all) min= 305.141571 max= 13983.712203
Trying gamma equal 0.000000
Convergence reached after 6 iterations with no gamma cycles
min(dx) = -1.4501474300726883e-08
max(dx) = 2.50440016630691e-08
mean(dx)= 1.3756428485305954e-09
vdws = 0
atoms = 4
pairs = 6
 geom_x = 0.06586102743457196
 geom_a = 0
 geom_q = 0
 geom_c = 0.0
f1, 0= 6.5861e-02
                       N restraints  r.m.s.d.  r.m.s.Z  Mn(sigma)
Bond distances, non H             4     0.001    0.076      0.013
Bond angles, non H                5     0.225    0.146      2.100
Chiral centres                    1     0.004    0.050      0.089



====== CYCLE  4 ======

 weight = 1.0000e+00
 geom_x = 0.06586102743457196
 geom_a = 0
 geom_q = 0
 geom_c = 0.0
f0= 6.5861e-02
using cgsolve in c++, ic=False
diag(geom) min= 305.141593 max= 13983.712131
diag(all) min= 305.141593 max= 13983.712131
Trying gamma equal 0.000000
Convergence reached after 6 iterations with no gamma cycles
min(dx) = -7.298026569962615e-11
max(dx) = 1.8813977973835384e-10
mean(dx)= 1.0077805824377639e-11
vdws = 0
atoms = 4
pairs = 6
 geom_x = 0.06586102743457084
 geom_a = 0
 geom_q = 0
 geom_c = 0.0
f1, 0= 6.5861e-02
                       N restraints  r.m.s.d.  r.m.s.Z  Mn(sigma)
Bond distances, non H             4     0.001    0.076      0.013
Bond angles, non H                5     0.225    0.146      2.100
Chiral centres                    1     0.004    0.050      0.089



====== CYCLE  5 ======

 weight = 1.0000e+00
 geom_x = 0.06586102743457084
 geom_a = 0
 geom_q = 0
 geom_c = 0.0
f0= 6.5861e-02
using cgsolve in c++, ic=False
diag(geom) min= 305.141594 max= 13983.712131
diag(all) min= 305.141594 max= 13983.712131
Trying gamma equal 0.000000
Convergence reached after 6 iterations with no gamma cycles
min(dx) = -4.4781109714592035e-13
max(dx) = 1.359452587485839e-12
mean(dx)= 7.293979213600192e-14
vdws = 0
atoms = 4
pairs = 6
 geom_x = 0.06586102743456929
 geom_a = 0
 geom_q = 0
 geom_c = 0.0
f1, 0= 6.5861e-02
                       N restraints  r.m.s.d.  r.m.s.Z  Mn(sigma)
Bond distances, non H             4     0.001    0.076      0.013
Bond angles, non H                5     0.225    0.146      2.100
Chiral centres                    1     0.004    0.050      0.089



====== CYCLE  6 ======

 weight = 1.0000e+00
 geom_x = 0.06586102743456929
 geom_a = 0
 geom_q = 0
 geom_c = 0.0
f0= 6.5861e-02
using cgsolve in c++, ic=False
diag(geom) min= 305.141594 max= 13983.712131
diag(all) min= 305.141594 max= 13983.712131
Trying gamma equal 0.000000
Not converging with gamma equal 0.000000
Trying gamma equal 0.052500
Gamma decreased to 0.042000
min(dx) = -2.5822186673562694e-15
max(dx) = 8.74534392246749e-15
mean(dx)= 4.695453337506227e-16
vdws = 0
atoms = 4
pairs = 6
 geom_x = 0.06586102743457252
 geom_a = 0
 geom_q = 0
 geom_c = 0.0
f1, 0= 6.5861e-02
min(dx) = -1.2911093336781347e-15
max(dx) = 4.372671961233745e-15
mean(dx)= 2.3477266687531133e-16
vdws = 0
atoms = 4
pairs = 6
 geom_x = 0.0658610274345759
 geom_a = 0
 geom_q = 0
 geom_c = 0.0
f1, 1= 6.5861e-02
min(dx) = -6.455546668390673e-16
max(dx) = 2.1863359806168725e-15
mean(dx)= 1.1738633343765567e-16
vdws = 0
atoms = 4
pairs = 6
 geom_x = 0.06586102743456958
 geom_a = 0
 geom_q = 0
 geom_c = 0.0
f1, 2= 6.5861e-02
WARNING: function not minimised
                       N restraints  r.m.s.d.  r.m.s.Z  Mn(sigma)
Bond distances, non H             4     0.001    0.076      0.013
Bond angles, non H                5     0.225    0.146      2.100
Chiral centres                    1     0.004    0.050      0.089



====== CYCLE  7 ======

 weight = 1.0000e+00
 geom_x = 0.06586102743456958
 geom_a = 0
 geom_q = 0
 geom_c = 0.0
f0= 6.5861e-02
using cgsolve in c++, ic=False
diag(geom) min= 305.141594 max= 13983.712131
diag(all) min= 305.141594 max= 13983.712131
Trying gamma equal 0.042000
Convergence reached after 7 iterations with no gamma cycles
min(dx) = -2.0022181291439005e-15
max(dx) = 6.580738554787614e-15
mean(dx)= 3.6651207497906835e-16
vdws = 0
atoms = 4
pairs = 6
 geom_x = 0.06586102743457048
 geom_a = 0
 geom_q = 0
 geom_c = 0.0
f1, 0= 6.5861e-02
min(dx) = -1.0011090645719502e-15
max(dx) = 3.290369277393807e-15
mean(dx)= 1.8325603748953417e-16
vdws = 0
atoms = 4
pairs = 6
 geom_x = 0.06586102743457178
 geom_a = 0
 geom_q = 0
 geom_c = 0.0
f1, 1= 6.5861e-02
min(dx) = -5.005545322859751e-16
max(dx) = 1.6451846386969035e-15
mean(dx)= 9.162801874476709e-17
vdws = 0
atoms = 4
pairs = 6
 geom_x = 0.06586102743457595
 geom_a = 0
 geom_q = 0
 geom_c = 0.0
f1, 2= 6.5861e-02
WARNING: function not minimised
                       N restraints  r.m.s.d.  r.m.s.Z  Mn(sigma)
Bond distances, non H             4     0.001    0.076      0.013
Bond angles, non H                5     0.225    0.146      2.100
Chiral centres                    1     0.004    0.050      0.089



====== CYCLE  8 ======

 weight = 1.0000e+00
 geom_x = 0.06586102743457595
 geom_a = 0
 geom_q = 0
 geom_c = 0.0
f0= 6.5861e-02
using cgsolve in c++, ic=False
diag(geom) min= 305.141594 max= 13983.712131
diag(all) min= 305.141594 max= 13983.712131
Trying gamma equal 0.042000
Convergence reached after 7 iterations with no gamma cycles
min(dx) = -1.5026001063842225e-15
max(dx) = 5.078578131570689e-15
mean(dx)= 2.755600599597678e-16
vdws = 0
atoms = 4
pairs = 6
 geom_x = 0.06586102743457449
 geom_a = 0
 geom_q = 0
 geom_c = 0.0
f1, 0= 6.5861e-02
                       N restraints  r.m.s.d.  r.m.s.Z  Mn(sigma)
Bond distances, non H             4     0.001    0.076      0.013
Bond angles, non H                5     0.225    0.146      2.100
Chiral centres                    1     0.004    0.050      0.089



====== CYCLE  9 ======

 weight = 1.0000e+00
 geom_x = 0.06586102743457449
 geom_a = 0
 geom_q = 0
 geom_c = 0.0
f0= 6.5861e-02
using cgsolve in c++, ic=False
diag(geom) min= 305.141594 max= 13983.712131
diag(all) min= 305.141594 max= 13983.712131
Trying gamma equal 0.042000
Convergence reached after 7 iterations with no gamma cycles
min(dx) = -3.830186596947015e-16
max(dx) = 9.933668116322528e-16
mean(dx)= 5.28575296603613e-17
vdws = 0
atoms = 4
pairs = 6
 geom_x = 0.0658610274345719
 geom_a = 0
 geom_q = 0
 geom_c = 0.0
f1, 0= 6.5861e-02
                       N restraints  r.m.s.d.  r.m.s.Z  Mn(sigma)
Bond distances, non H             4     0.001    0.076      0.013
Bond angles, non H                5     0.225    0.146      2.100
Chiral centres                    1     0.004    0.050      0.089



====== CYCLE 10 ======

 weight = 1.0000e+00
 geom_x = 0.0658610274345719
 geom_a = 0
 geom_q = 0
 geom_c = 0.0
f0= 6.5861e-02
using cgsolve in c++, ic=False
diag(geom) min= 305.141594 max= 13983.712131
diag(all) min= 305.141594 max= 13983.712131
Trying gamma equal 0.042000
Convergence reached after 7 iterations with no gamma cycles
min(dx) = -3.481944982096947e-17
max(dx) = 1.8374611714667153e-16
mean(dx)= 2.0447724922799278e-17
vdws = 0
atoms = 4
pairs = 6
 geom_x = 0.06586102743457223
 geom_a = 0
 geom_q = 0
 geom_c = 0.0
f1, 0= 6.5861e-02
min(dx) = -1.7409724910484735e-17
max(dx) = 9.187305857333576e-17
mean(dx)= 1.0223862461399639e-17
vdws = 0
atoms = 4
pairs = 6
 geom_x = 0.0658610274345724
 geom_a = 0
 geom_q = 0
 geom_c = 0.0
f1, 1= 6.5861e-02
min(dx) = -8.704862455242368e-18
max(dx) = 4.593652928666788e-17
mean(dx)= 5.1119312306998195e-18
vdws = 0
atoms = 4
pairs = 6
 geom_x = 0.0658610274345719
 geom_a = 0
 geom_q = 0
 geom_c = 0.0
f1, 2= 6.5861e-02
WARNING: function not minimised
                       N restraints  r.m.s.d.  r.m.s.Z  Mn(sigma)
Bond distances, non H             4     0.001    0.076      0.013
Bond angles, non H                5     0.225    0.146      2.100
Chiral centres                    1     0.004    0.050      0.089



====== CYCLE 11 ======

 weight = 1.0000e+00
 geom_x = 0.0658610274345719
 geom_a = 0
 geom_q = 0
 geom_c = 0.0
f0= 6.5861e-02
using cgsolve in c++, ic=False
diag(geom) min= 305.141594 max= 13983.712131
diag(all) min= 305.141594 max= 13983.712131
Trying gamma equal 0.042000
Convergence reached after 7 iterations with no gamma cycles
min(dx) = -3.484366703077859e-17
max(dx) = 1.8485375053265035e-16
mean(dx)= 2.0572114074397297e-17
vdws = 0
atoms = 4
pairs = 6
 geom_x = 0.06586102743457223
 geom_a = 0
 geom_q = 0
 geom_c = 0.0
f1, 0= 6.5861e-02
min(dx) = -1.7421833515389295e-17
max(dx) = 9.242687526632517e-17
mean(dx)= 1.0286057037198649e-17
vdws = 0
atoms = 4
pairs = 6
 geom_x = 0.06586102743457223
 geom_a = 0
 geom_q = 0
 geom_c = 0.0
f1, 1= 6.5861e-02
min(dx) = -8.710916757694647e-18
max(dx) = 4.621343763316259e-17
mean(dx)= 5.143028518599324e-18
vdws = 0
atoms = 4
pairs = 6
 geom_x = 0.0658610274345719
 geom_a = 0
 geom_q = 0
 geom_c = 0.0
f1, 2= 6.5861e-02
WARNING: function not minimised
                       N restraints  r.m.s.d.  r.m.s.Z  Mn(sigma)
Bond distances, non H             4     0.001    0.076      0.013
Bond angles, non H                5     0.225    0.146      2.100
Chiral centres                    1     0.004    0.050      0.089



====== CYCLE 12 ======

 weight = 1.0000e+00
 geom_x = 0.0658610274345719
 geom_a = 0
 geom_q = 0
 geom_c = 0.0
f0= 6.5861e-02
using cgsolve in c++, ic=False
diag(geom) min= 305.141594 max= 13983.712131
diag(all) min= 305.141594 max= 13983.712131
Trying gamma equal 0.042000
Convergence reached after 7 iterations with no gamma cycles
min(dx) = -3.44221049207648e-17
max(dx) = 1.857924942654209e-16
mean(dx)= 2.0724715649115933e-17
vdws = 0
atoms = 4
pairs = 6
 geom_x = 0.06586102743457223
 geom_a = 0
 geom_q = 0
 geom_c = 0.0
f1, 0= 6.5861e-02
min(dx) = -1.72110524603824e-17
max(dx) = 9.289624713271046e-17
mean(dx)= 1.0362357824557967e-17
vdws = 0
atoms = 4
pairs = 6
 geom_x = 0.06586102743457223
 geom_a = 0
 geom_q = 0
 geom_c = 0.0
f1, 1= 6.5861e-02
min(dx) = -8.6055262301912e-18
max(dx) = 4.644812356635523e-17
mean(dx)= 5.181178912278983e-18
vdws = 0
atoms = 4
pairs = 6
 geom_x = 0.06586102743457234
 geom_a = 0
 geom_q = 0
 geom_c = 0.0
f1, 2= 6.5861e-02
WARNING: function not minimised
                       N restraints  r.m.s.d.  r.m.s.Z  Mn(sigma)
Bond distances, non H             4     0.001    0.076      0.013
Bond angles, non H                5     0.225    0.146      2.100
Chiral centres                    1     0.004    0.050      0.089



====== CYCLE 13 ======

 weight = 1.0000e+00
 geom_x = 0.06586102743457234
 geom_a = 0
 geom_q = 0
 geom_c = 0.0
f0= 6.5861e-02
using cgsolve in c++, ic=False
diag(geom) min= 305.141594 max= 13983.712131
diag(all) min= 305.141594 max= 13983.712131
Trying gamma equal 0.042000
Convergence reached after 7 iterations with no gamma cycles
min(dx) = -3.609664695667471e-16
max(dx) = 1.8240775512065228e-16
mean(dx)= -1.1592462835459348e-17
vdws = 0
atoms = 4
pairs = 6
 geom_x = 0.06586102743457191
 geom_a = 0
 geom_q = 0
 geom_c = 0.0
f1, 0= 6.5861e-02
                       N restraints  r.m.s.d.  r.m.s.Z  Mn(sigma)
Bond distances, non H             4     0.001    0.076      0.013
Bond angles, non H                5     0.225    0.146      2.100
Chiral centres                    1     0.004    0.050      0.089



====== CYCLE 14 ======

 weight = 1.0000e+00
 geom_x = 0.06586102743457191
 geom_a = 0
 geom_q = 0
 geom_c = 0.0
f0= 6.5861e-02
using cgsolve in c++, ic=False
diag(geom) min= 305.141594 max= 13983.712131
diag(all) min= 305.141594 max= 13983.712131
Trying gamma equal 0.042000
Convergence reached after 7 iterations with no gamma cycles
min(dx) = -1.4169465160215342e-16
max(dx) = 8.08201330805465e-17
mean(dx)= -5.038343008272154e-18
vdws = 0
atoms = 4
pairs = 6
 geom_x = 0.06586102743456937
 geom_a = 0
 geom_q = 0
 geom_c = 0.0
f1, 0= 6.5861e-02
                       N restraints  r.m.s.d.  r.m.s.Z  Mn(sigma)
Bond distances, non H             4     0.001    0.076      0.013
Bond angles, non H                5     0.225    0.146      2.100
Chiral centres                    1     0.004    0.050      0.089



====== CYCLE 15 ======

 weight = 1.0000e+00
 geom_x = 0.06586102743456937
 geom_a = 0
 geom_q = 0
 geom_c = 0.0
f0= 6.5861e-02
using cgsolve in c++, ic=False
diag(geom) min= 305.141594 max= 13983.712131
diag(all) min= 305.141594 max= 13983.712131
Trying gamma equal 0.042000
Convergence reached after 7 iterations with no gamma cycles
min(dx) = -8.321400178472357e-17
max(dx) = 1.2568554617506745e-16
mean(dx)= 1.2554868196976081e-17
vdws = 0
atoms = 4
pairs = 6
 geom_x = 0.06586102743457065
 geom_a = 0
 geom_q = 0
 geom_c = 0.0
f1, 0= 6.5861e-02
min(dx) = -4.160700089236178e-17
max(dx) = 6.284277308753372e-17
mean(dx)= 6.2774340984880404e-18
vdws = 0
atoms = 4
pairs = 6
 geom_x = 0.06586102743457076
 geom_a = 0
 geom_q = 0
 geom_c = 0.0
f1, 1= 6.5861e-02
min(dx) = -2.080350044618089e-17
max(dx) = 3.142138654376686e-17
mean(dx)= 3.1387170492440202e-18
vdws = 0
atoms = 4
pairs = 6
 geom_x = 0.06586102743456937
 geom_a = 0
 geom_q = 0
 geom_c = 0.0
f1, 2= 6.5861e-02
WARNING: function not minimised
                       N restraints  r.m.s.d.  r.m.s.Z  Mn(sigma)
Bond distances, non H             4     0.001    0.076      0.013
Bond angles, non H                5     0.225    0.146      2.100
Chiral centres                    1     0.004    0.050      0.089



====== CYCLE 16 ======

 weight = 1.0000e+00
 geom_x = 0.06586102743456937
 geom_a = 0
 geom_q = 0
 geom_c = 0.0
f0= 6.5861e-02
using cgsolve in c++, ic=False
diag(geom) min= 305.141594 max= 13983.712131
diag(all) min= 305.141594 max= 13983.712131
Trying gamma equal 0.042000
Convergence reached after 7 iterations with no gamma cycles
min(dx) = -8.262406315277204e-17
max(dx) = 1.2736385609606546e-16
mean(dx)= 1.2713245179829281e-17
vdws = 0
atoms = 4
pairs = 6
 geom_x = 0.06586102743457065
 geom_a = 0
 geom_q = 0
 geom_c = 0.0
f1, 0= 6.5861e-02
min(dx) = -4.131203157638602e-17
max(dx) = 6.368192804803273e-17
mean(dx)= 6.3566225899146405e-18
vdws = 0
atoms = 4
pairs = 6
 geom_x = 0.065861027434571
 geom_a = 0
 geom_q = 0
 geom_c = 0.0
f1, 1= 6.5861e-02
min(dx) = -2.065601578819301e-17
max(dx) = 3.1840964024016366e-17
mean(dx)= 3.1783112949573203e-18
vdws = 0
atoms = 4
pairs = 6
 geom_x = 0.065861027434571
 geom_a = 0
 geom_q = 0
 geom_c = 0.0
f1, 2= 6.5861e-02
WARNING: function not minimised
                       N restraints  r.m.s.d.  r.m.s.Z  Mn(sigma)
Bond distances, non H             4     0.001    0.076      0.013
Bond angles, non H                5     0.225    0.146      2.100
Chiral centres                    1     0.004    0.050      0.089



====== CYCLE 17 ======

 weight = 1.0000e+00
 geom_x = 0.065861027434571
 geom_a = 0
 geom_q = 0
 geom_c = 0.0
f0= 6.5861e-02
using cgsolve in c++, ic=False
diag(geom) min= 305.141594 max= 13983.712131
diag(all) min= 305.141594 max= 13983.712131
Trying gamma equal 0.042000
Convergence reached after 7 iterations with no gamma cycles
min(dx) = -7.459265643010913e-17
max(dx) = 1.4496520007924556e-16
mean(dx)= 9.948919673163127e-18
vdws = 0
atoms = 4
pairs = 6
 geom_x = 0.065861027434571
 geom_a = 0
 geom_q = 0
 geom_c = 0.0
f1, 0= 6.5861e-02
min(dx) = -3.7296328215054566e-17
max(dx) = 7.248260003962278e-17
mean(dx)= 4.9744598365815635e-18
vdws = 0
atoms = 4
pairs = 6
 geom_x = 0.065861027434571
 geom_a = 0
 geom_q = 0
 geom_c = 0.0
f1, 1= 6.5861e-02
min(dx) = -1.8648164107527283e-17
max(dx) = 3.624130001981139e-17
mean(dx)= 2.4872299182907817e-18
vdws = 0
atoms = 4
pairs = 6
 geom_x = 0.065861027434571
 geom_a = 0
 geom_q = 0
 geom_c = 0.0
f1, 2= 6.5861e-02
WARNING: function not minimised
                       N restraints  r.m.s.d.  r.m.s.Z  Mn(sigma)
Bond distances, non H             4     0.001    0.076      0.013
Bond angles, non H                5     0.225    0.146      2.100
Chiral centres                    1     0.004    0.050      0.089



====== CYCLE 18 ======

 weight = 1.0000e+00
 geom_x = 0.065861027434571
 geom_a = 0
 geom_q = 0
 geom_c = 0.0
f0= 6.5861e-02
using cgsolve in c++, ic=False
diag(geom) min= 305.141594 max= 13983.712131
diag(all) min= 305.141594 max= 13983.712131
Trying gamma equal 0.042000
Convergence reached after 7 iterations with no gamma cycles
min(dx) = -7.343409269437726e-17
max(dx) = 1.4534630892019239e-16
mean(dx)= 1.0672014586144734e-17
vdws = 0
atoms = 4
pairs = 6
 geom_x = 0.06586102743457084
 geom_a = 0
 geom_q = 0
 geom_c = 0.0
f1, 0= 6.5861e-02
                       N restraints  r.m.s.d.  r.m.s.Z  Mn(sigma)
Bond distances, non H             4     0.001    0.076      0.013
Bond angles, non H                5     0.225    0.146      2.100
Chiral centres                    1     0.004    0.050      0.089



====== CYCLE 19 ======

 weight = 1.0000e+00
 geom_x = 0.06586102743457084
 geom_a = 0
 geom_q = 0
 geom_c = 0.0
f0= 6.5861e-02
using cgsolve in c++, ic=False
diag(geom) min= 305.141594 max= 13983.712131
diag(all) min= 305.141594 max= 13983.712131
Trying gamma equal 0.042000
Convergence reached after 7 iterations with no gamma cycles
min(dx) = -1.224072613216997e-16
max(dx) = 3.2630215508506393e-17
mean(dx)= -1.2450203353644082e-17
vdws = 0
atoms = 4
pairs = 6
 geom_x = 0.06586102743457083
 geom_a = 0
 geom_q = 0
 geom_c = 0.0
f1, 0= 6.5861e-02
                       N restraints  r.m.s.d.  r.m.s.Z  Mn(sigma)
Bond distances, non H             4     0.001    0.076      0.013
Bond angles, non H                5     0.225    0.146      2.100
Chiral centres                    1     0.004    0.050      0.089



====== CYCLE 20 ======

 weight = 1.0000e+00
 geom_x = 0.06586102743457083
 geom_a = 0
 geom_q = 0
 geom_c = 0.0
f0= 6.5861e-02
using cgsolve in c++, ic=False
diag(geom) min= 305.141594 max= 13983.712131
diag(all) min= 305.141594 max= 13983.712131
Trying gamma equal 0.042000
Convergence reached after 7 iterations with no gamma cycles
min(dx) = -2.693120946394135e-16
max(dx) = 1.3513899736115604e-16
mean(dx)= 8.91324981429878e-19
vdws = 0
atoms = 4
pairs = 6
 geom_x = 0.06586102743456926
 geom_a = 0
 geom_q = 0
 geom_c = 0.0
f1, 0= 6.5861e-02
                       N restraints  r.m.s.d.  r.m.s.Z  Mn(sigma)
Bond distances, non H             4     0.001    0.076      0.013
Bond angles, non H                5     0.225    0.146      2.100
Chiral centres                    1     0.004    0.050      0.089



====== CYCLE 21 ======

 weight = 1.0000e+00
 geom_x = 0.06586102743456926
 geom_a = 0
 geom_q = 0
 geom_c = 0.0
f0= 6.5861e-02
using cgsolve in c++, ic=False
diag(geom) min= 305.141594 max= 13983.712131
diag(all) min= 305.141594 max= 13983.712131
Trying gamma equal 0.042000
Convergence reached after 7 iterations with no gamma cycles
min(dx) = -1.3000809539208363e-16
max(dx) = 4.0541200406822836e-17
mean(dx)= -2.3288466938710422e-17
vdws = 0
atoms = 4
pairs = 6
 geom_x = 0.06586102743457345
 geom_a = 0
 geom_q = 0
 geom_c = 0.0
f1, 0= 6.5861e-02
min(dx) = -6.500404769604182e-17
max(dx) = 2.0270600203411418e-17
mean(dx)= -1.1644233469355211e-17
vdws = 0
atoms = 4
pairs = 6
 geom_x = 0.06586102743456937
 geom_a = 0
 geom_q = 0
 geom_c = 0.0
f1, 1= 6.5861e-02
min(dx) = -3.250202384802091e-17
max(dx) = 1.0135300101705709e-17
mean(dx)= -5.8221167346776056e-18
vdws = 0
atoms = 4
pairs = 6
 geom_x = 0.06586102743456926
 geom_a = 0
 geom_q = 0
 geom_c = 0.0
f1, 2= 6.5861e-02
WARNING: function not minimised
                       N restraints  r.m.s.d.  r.m.s.Z  Mn(sigma)
Bond distances, non H             4     0.001    0.076      0.013
Bond angles, non H                5     0.225    0.146      2.100
Chiral centres                    1     0.004    0.050      0.089



====== CYCLE 22 ======

 weight = 1.0000e+00
 geom_x = 0.06586102743456926
 geom_a = 0
 geom_q = 0
 geom_c = 0.0
f0= 6.5861e-02
using cgsolve in c++, ic=False
diag(geom) min= 305.141594 max= 13983.712131
diag(all) min= 305.141594 max= 13983.712131
Trying gamma equal 0.042000
Convergence reached after 7 iterations with no gamma cycles
min(dx) = -1.3027980253287465e-16
max(dx) = 4.0799480281317857e-17
mean(dx)= -2.319033983881936e-17
vdws = 0
atoms = 4
pairs = 6
 geom_x = 0.06586102743457221
 geom_a = 0
 geom_q = 0
 geom_c = 0.0
f1, 0= 6.5861e-02
min(dx) = -6.513990126643732e-17
max(dx) = 2.0399740140658928e-17
mean(dx)= -1.159516991940968e-17
vdws = 0
atoms = 4
pairs = 6
 geom_x = 0.06586102743456937
 geom_a = 0
 geom_q = 0
 geom_c = 0.0
f1, 1= 6.5861e-02
min(dx) = -3.256995063321866e-17
max(dx) = 1.0199870070329464e-17
mean(dx)= -5.79758495970484e-18
vdws = 0
atoms = 4
pairs = 6
 geom_x = 0.06586102743456962
 geom_a = 0
 geom_q = 0
 geom_c = 0.0
f1, 2= 6.5861e-02
WARNING: function not minimised
                       N restraints  r.m.s.d.  r.m.s.Z  Mn(sigma)
Bond distances, non H             4     0.001    0.076      0.013
Bond angles, non H                5     0.225    0.146      2.100
Chiral centres                    1     0.004    0.050      0.089



====== CYCLE 23 ======

 weight = 1.0000e+00
 geom_x = 0.06586102743456962
 geom_a = 0
 geom_q = 0
 geom_c = 0.0
f0= 6.5861e-02
using cgsolve in c++, ic=False
diag(geom) min= 305.141594 max= 13983.712131
diag(all) min= 305.141594 max= 13983.712131
Trying gamma equal 0.042000
Convergence reached after 7 iterations with no gamma cycles
min(dx) = -9.880676914357681e-17
max(dx) = 1.0667370470155303e-16
mean(dx)= 7.142589639165839e-18
vdws = 0
atoms = 4
pairs = 6
 geom_x = 0.06586102743457076
 geom_a = 0
 geom_q = 0
 geom_c = 0.0
f1, 0= 6.5861e-02
min(dx) = -4.9403384571788403e-17
max(dx) = 5.3336852350776514e-17
mean(dx)= 3.571294819582919e-18
vdws = 0
atoms = 4
pairs = 6
 geom_x = 0.06586102743457076
 geom_a = 0
 geom_q = 0
 geom_c = 0.0
f1, 1= 6.5861e-02
min(dx) = -2.4701692285894202e-17
max(dx) = 2.6668426175388257e-17
mean(dx)= 1.7856474097914597e-18
vdws = 0
atoms = 4
pairs = 6
 geom_x = 0.065861027434571
 geom_a = 0
 geom_q = 0
 geom_c = 0.0
f1, 2= 6.5861e-02
WARNING: function not minimised
                       N restraints  r.m.s.d.  r.m.s.Z  Mn(sigma)
Bond distances, non H             4     0.001    0.076      0.013
Bond angles, non H                5     0.225    0.146      2.100
Chiral centres                    1     0.004    0.050      0.089



====== CYCLE 24 ======

 weight = 1.0000e+00
 geom_x = 0.065861027434571
 geom_a = 0
 geom_q = 0
 geom_c = 0.0
f0= 6.5861e-02
using cgsolve in c++, ic=False
diag(geom) min= 305.141594 max= 13983.712131
diag(all) min= 305.141594 max= 13983.712131
Trying gamma equal 0.042000
Convergence reached after 7 iterations with no gamma cycles
min(dx) = -7.76881212897188e-17
max(dx) = 1.3356645941549784e-16
mean(dx)= 8.947983602082359e-18
vdws = 0
atoms = 4
pairs = 6
 geom_x = 0.0658610274345737
 geom_a = 0
 geom_q = 0
 geom_c = 0.0
f1, 0= 6.5861e-02
min(dx) = -3.88440606448594e-17
max(dx) = 6.678322970774892e-17
mean(dx)= 4.4739918010411795e-18
vdws = 0
atoms = 4
pairs = 6
 geom_x = 0.06586102743457076
 geom_a = 0
 geom_q = 0
 geom_c = 0.0
f1, 1= 6.5861e-02
                       N restraints  r.m.s.d.  r.m.s.Z  Mn(sigma)
Bond distances, non H             4     0.001    0.076      0.013
Bond angles, non H                5     0.225    0.146      2.100
Chiral centres                    1     0.004    0.050      0.089



====== CYCLE 25 ======

 weight = 1.0000e+00
 geom_x = 0.06586102743457076
 geom_a = 0
 geom_q = 0
 geom_c = 0.0
f0= 6.5861e-02
using cgsolve in c++, ic=False
diag(geom) min= 305.141594 max= 13983.712131
diag(all) min= 305.141594 max= 13983.712131
Trying gamma equal 0.042000
Convergence reached after 7 iterations with no gamma cycles
min(dx) = -6.666000883702749e-17
max(dx) = 1.4289388680037196e-16
mean(dx)= 1.355033919683012e-17
vdws = 0
atoms = 4
pairs = 6
 geom_x = 0.06586102743457334
 geom_a = 0
 geom_q = 0
 geom_c = 0.0
f1, 0= 6.5861e-02
min(dx) = -3.333000441851374e-17
max(dx) = 7.144694340018598e-17
mean(dx)= 6.77516959841506e-18
vdws = 0
atoms = 4
pairs = 6
 geom_x = 0.06586102743457076
 geom_a = 0
 geom_q = 0
 geom_c = 0.0
f1, 1= 6.5861e-02
min(dx) = -1.666500220925687e-17
max(dx) = 3.572347170009299e-17
mean(dx)= 3.38758479920753e-18
vdws = 0
atoms = 4
pairs = 6
 geom_x = 0.065861027434571
 geom_a = 0
 geom_q = 0
 geom_c = 0.0
f1, 2= 6.5861e-02
WARNING: function not minimised
                       N restraints  r.m.s.d.  r.m.s.Z  Mn(sigma)
Bond distances, non H             4     0.001    0.076      0.013
Bond angles, non H                5     0.225    0.146      2.100
Chiral centres                    1     0.004    0.050      0.089



====== CYCLE 26 ======

 weight = 1.0000e+00
 geom_x = 0.065861027434571
 geom_a = 0
 geom_q = 0
 geom_c = 0.0
f0= 6.5861e-02
using cgsolve in c++, ic=False
diag(geom) min= 305.141594 max= 13983.712131
diag(all) min= 305.141594 max= 13983.712131
Trying gamma equal 0.042000
Convergence reached after 7 iterations with no gamma cycles
min(dx) = -7.852512173986074e-17
max(dx) = 1.3472920560543947e-16
mean(dx)= 8.998465993570167e-18
vdws = 0
atoms = 4
pairs = 6
 geom_x = 0.06586102743457221
 geom_a = 0
 geom_q = 0
 geom_c = 0.0
f1, 0= 6.5861e-02
min(dx) = -3.926256086993037e-17
max(dx) = 6.736460280271974e-17
mean(dx)= 4.499232996785084e-18
vdws = 0
atoms = 4
pairs = 6
 geom_x = 0.06586102743457076
 geom_a = 0
 geom_q = 0
 geom_c = 0.0
f1, 1= 6.5861e-02
                       N restraints  r.m.s.d.  r.m.s.Z  Mn(sigma)
Bond distances, non H             4     0.001    0.076      0.013
Bond angles, non H                5     0.225    0.146      2.100
Chiral centres                    1     0.004    0.050      0.089



====== CYCLE 27 ======

 weight = 1.0000e+00
 geom_x = 0.06586102743457076
 geom_a = 0
 geom_q = 0
 geom_c = 0.0
f0= 6.5861e-02
using cgsolve in c++, ic=False
diag(geom) min= 305.141594 max= 13983.712131
diag(all) min= 305.141594 max= 13983.712131
Trying gamma equal 0.042000
Convergence reached after 7 iterations with no gamma cycles
min(dx) = -6.465249471163084e-17
max(dx) = 1.4146691278192833e-16
mean(dx)= 1.3754008251463148e-17
vdws = 0
atoms = 4
pairs = 6
 geom_x = 0.06586102743457231
 geom_a = 0
 geom_q = 0
 geom_c = 0.0
f1, 0= 6.5861e-02
min(dx) = -3.232624735581542e-17
max(dx) = 7.073345639096417e-17
mean(dx)= 6.877004125731574e-18
vdws = 0
atoms = 4
pairs = 6
 geom_x = 0.06586102743457063
 geom_a = 0
 geom_q = 0
 geom_c = 0.0
f1, 1= 6.5861e-02
                       N restraints  r.m.s.d.  r.m.s.Z  Mn(sigma)
Bond distances, non H             4     0.001    0.076      0.013
Bond angles, non H                5     0.225    0.146      2.100
Chiral centres                    1     0.004    0.050      0.089



====== CYCLE 28 ======

 weight = 1.0000e+00
 geom_x = 0.06586102743457063
 geom_a = 0
 geom_q = 0
 geom_c = 0.0
f0= 6.5861e-02
using cgsolve in c++, ic=False
diag(geom) min= 305.141594 max= 13983.712131
diag(all) min= 305.141594 max= 13983.712131
Trying gamma equal 0.042000
Convergence reached after 7 iterations with no gamma cycles
min(dx) = -5.707296922649694e-17
max(dx) = 2.705264414114812e-16
mean(dx)= 2.8295936038955324e-17
vdws = 0
atoms = 4
pairs = 6
 geom_x = 0.06586102743457353
 geom_a = 0
 geom_q = 0
 geom_c = 0.0
f1, 0= 6.5861e-02
min(dx) = -2.853648461324847e-17
max(dx) = 1.352632207057406e-16
mean(dx)= 1.4147968019477662e-17
vdws = 0
atoms = 4
pairs = 6
 geom_x = 0.06586102743457084
 geom_a = 0
 geom_q = 0
 geom_c = 0.0
f1, 1= 6.5861e-02
min(dx) = -1.4268242306624235e-17
max(dx) = 6.76316103528703e-17
mean(dx)= 7.073984009738831e-18
vdws = 0
atoms = 4
pairs = 6
 geom_x = 0.06586102743457047
 geom_a = 0
 geom_q = 0
 geom_c = 0.0
f1, 2= 6.5861e-02
                       N restraints  r.m.s.d.  r.m.s.Z  Mn(sigma)
Bond distances, non H             4     0.001    0.076      0.013
Bond angles, non H                5     0.225    0.146      2.100
Chiral centres                    1     0.004    0.050      0.089



====== CYCLE 29 ======

 weight = 1.0000e+00
 geom_x = 0.06586102743457047
 geom_a = 0
 geom_q = 0
 geom_c = 0.0
f0= 6.5861e-02
using cgsolve in c++, ic=False
diag(geom) min= 305.141594 max= 13983.712131
diag(all) min= 305.141594 max= 13983.712131
Trying gamma equal 0.042000
Convergence reached after 7 iterations with no gamma cycles
min(dx) = -5.032767042317646e-16
max(dx) = 1.4463173576164757e-16
mean(dx)= -2.9396525024064724e-17
vdws = 0
atoms = 4
pairs = 6
 geom_x = 0.06586102743457307
 geom_a = 0
 geom_q = 0
 geom_c = 0.0
f1, 0= 6.5861e-02
min(dx) = -2.516383521158823e-16
max(dx) = 7.231586788082379e-17
mean(dx)= -1.4698262512032362e-17
vdws = 0
atoms = 4
pairs = 6
 geom_x = 0.06586102743457345
 geom_a = 0
 geom_q = 0
 geom_c = 0.0
f1, 1= 6.5861e-02
min(dx) = -1.2581917605794115e-16
max(dx) = 3.6157933940411894e-17
mean(dx)= -7.349131256016181e-18
vdws = 0
atoms = 4
pairs = 6
 geom_x = 0.06586102743457076
 geom_a = 0
 geom_q = 0
 geom_c = 0.0
f1, 2= 6.5861e-02
WARNING: function not minimised
                       N restraints  r.m.s.d.  r.m.s.Z  Mn(sigma)
Bond distances, non H             4     0.001    0.076      0.013
Bond angles, non H                5     0.225    0.146      2.100
Chiral centres                    1     0.004    0.050      0.089



====== CYCLE 30 ======

 weight = 1.0000e+00
 geom_x = 0.06586102743457076
 geom_a = 0
 geom_q = 0
 geom_c = 0.0
f0= 6.5861e-02
using cgsolve in c++, ic=False
diag(geom) min= 305.141594 max= 13983.712131
diag(all) min= 305.141594 max= 13983.712131
Trying gamma equal 0.042000
Convergence reached after 7 iterations with no gamma cycles
min(dx) = -6.465249471163084e-17
max(dx) = 1.4146691278192833e-16
mean(dx)= 1.3754008251463148e-17
vdws = 0
atoms = 4
pairs = 6
 geom_x = 0.06586102743457231
 geom_a = 0
 geom_q = 0
 geom_c = 0.0
f1, 0= 6.5861e-02
min(dx) = -3.232624735581542e-17
max(dx) = 7.073345639096417e-17
mean(dx)= 6.877004125731574e-18
vdws = 0
atoms = 4
pairs = 6
 geom_x = 0.06586102743457063
 geom_a = 0
 geom_q = 0
 geom_c = 0.0
f1, 1= 6.5861e-02
                       N restraints  r.m.s.d.  r.m.s.Z  Mn(sigma)
Bond distances, non H             4     0.001    0.076      0.013
Bond angles, non H                5     0.225    0.146      2.100
Chiral centres                    1     0.004    0.050      0.089


$TABLE: stats vs cycle :
$GRAPHS
: Geometry :A:1,2,4:
: Geometry Z :A:1,5,3:
$$
 Ncyc  rmsBOND  zBOND  rmsANGL  zANGL
$$
$$
    0   0.0009 0.0770   0.2460 0.1497
    1   0.0008 0.0758   0.2246 0.1458
    2   0.0008 0.0758   0.2246 0.1458
    3   0.0008 0.0758   0.2246 0.1458
    4   0.0008 0.0758   0.2246 0.1458
    5   0.0008 0.0758   0.2246 0.1458
    6   0.0008 0.0758   0.2246 0.1458
    7   0.0008 0.0758   0.2246 0.1458
    8   0.0008 0.0758   0.2246 0.1458
    9   0.0008 0.0758   0.2246 0.1458
   10   0.0008 0.0758   0.2246 0.1458
   11   0.0008 0.0758   0.2246 0.1458
   12   0.0008 0.0758   0.2246 0.1458
   13   0.0008 0.0758   0.2246 0.1458
   14   0.0008 0.0758   0.2246 0.1458
   15   0.0008 0.0758   0.2246 0.1458
   16   0.0008 0.0758   0.2246 0.1458
   17   0.0008 0.0758   0.2246 0.1458
   18   0.0008 0.0758   0.2246 0.1458
   19   0.0008 0.0758   0.2246 0.1458
   20   0.0008 0.0758   0.2246 0.1458
   21   0.0008 0.0758   0.2246 0.1458
   22   0.0008 0.0758   0.2246 0.1458
   23   0.0008 0.0758   0.2246 0.1458
   24   0.0008 0.0758   0.2246 0.1458
   25   0.0008 0.0758   0.2246 0.1458
   26   0.0008 0.0758   0.2246 0.1458
   27   0.0008 0.0758   0.2246 0.1458
   28   0.0008 0.0758   0.2246 0.1458
   29   0.0008 0.0758   0.2246 0.1458
   30   0.0008 0.0758   0.2246 0.1458
$$

Creating restraints..

Chain info:
 chain 
  ligands: EPX (1 residues)

Number of refinement parameters:
       n_params  n_atoms  n_atoms_geom_only  n_atoms_data_only
xyz          10       10                  6                  0
adp           0        0                  0                  0
occ           0        0                  0                  0
dfrac         0        0                  0                  0

Randomizing structure with rmsd of 0.01
Torsion angle rules:
 include:
  {'group': 'peptide', 'tors_name': 'chi*'}
  {'link': '*', 'tors_name': 'omega'}
  {'residue': '*', 'tors_name': 'sp2_sp2*'}
  {'link': '*', 'tors_name': 'sp2_sp2*'}
 exclude:
  none
External restraints from Refmac instructions
 Number of distances          : 0
 Number of angles             : 0
 Number of torsions           : 0
 Number of chirals            : 0
 Number of planes             : 0
 Number of intervals          : 0
 Number of stackings          : 0
 Number of harmonics          : 0
 Number of special positions  : 0

Running 10 cycles with wchir=4 wvdw=2 with hydrogen
Geometry weights
vdws = 15
atoms = 10
pairs = 41
                          N restraints  r.m.s.d.  r.m.s.Z  Mn(sigma)
Bond distances, non H                4     0.007    0.608      0.013
Bond distances, H                    6     0.011    0.641      0.016
Bond angles, non H                   5     0.697    0.357      2.100
Bond angles, H                      14     0.575    0.268      1.929
Torsion angles, period 3             1     0.553    0.055     10.000
Chiral centres                       1     0.048    0.532      0.089
VDW torsion                          1     0.012    0.058      0.200


====== CYCLE  1 ======

 weight = 1.0000e+00
 geom_x = 5.0638673444046
 geom_a = 0
 geom_q = 0
 geom_c = 0.0
f0= 5.0639e+00
using cgsolve in c++, ic=False
diag(geom) min= 325.264786 max= 40749.611820
diag(all) min= 325.264786 max= 40749.611820
Trying gamma equal 0.000000
Convergence reached after 22 iterations with no gamma cycles
min(dx) = -0.017003763203112983
max(dx) = 0.009440453118266915
mean(dx)= -0.0022517732365195365
vdws = 15
atoms = 10
pairs = 41
 geom_x = 0.10744717980684956
 geom_a = 0
 geom_q = 0
 geom_c = 0.0
f1, 0= 1.0745e-01
                          N restraints  r.m.s.d.  r.m.s.Z  Mn(sigma)
Bond distances, non H                4     0.001    0.076      0.013
Bond distances, H                    6     0.000    0.004      0.016
Bond angles, non H                   5     0.265    0.153      2.100
Bond angles, H                      14     0.173    0.073      1.929
Torsion angles, period 3             1     0.011    0.001     10.000
Chiral centres                       1     0.000    0.001      0.089



====== CYCLE  2 ======

 weight = 1.0000e+00
 geom_x = 0.10744717980684956
 geom_a = 0
 geom_q = 0
 geom_c = 0.0
f0= 1.0745e-01
using cgsolve in c++, ic=False
diag(geom) min= 323.343635 max= 40503.674927
diag(all) min= 323.343635 max= 40503.674927
Trying gamma equal 0.000000
Not converging with gamma equal 0.000000
Trying gamma equal 0.052500
Gamma decreased to 0.042000
min(dx) = -0.00023418190361579168
max(dx) = 0.00033418526547414036
mean(dx)= -8.620172888527966e-08
vdws = 15
atoms = 10
pairs = 41
 geom_x = 0.10718574726795654
 geom_a = 0
 geom_q = 0
 geom_c = 0.0
f1, 0= 1.0719e-01
                          N restraints  r.m.s.d.  r.m.s.Z  Mn(sigma)
Bond distances, non H                4     0.001    0.073      0.013
Bond distances, H                    6     0.000    0.000      0.016
Bond angles, non H                   5     0.265    0.154      2.100
Bond angles, H                      14     0.173    0.073      1.929
Torsion angles, period 3             1     0.011    0.001     10.000
Chiral centres                       1     0.000    0.000      0.089



====== CYCLE  3 ======

 weight = 1.0000e+00
 geom_x = 0.10718574726795654
 geom_a = 0
 geom_q = 0
 geom_c = 0.0
f0= 1.0719e-01
using cgsolve in c++, ic=False
diag(geom) min= 323.759427 max= 40502.798039
diag(all) min= 323.759427 max= 40502.798039
Trying gamma equal 0.042000
Convergence reached after 20 iterations with no gamma cycles
min(dx) = -8.005471419463353e-05
max(dx) = 7.682113091680877e-05
mean(dx)= -2.3912598878078134e-06
vdws = 15
atoms = 10
pairs = 41
 geom_x = 0.1071786721980824
 geom_a = 0
 geom_q = 0
 geom_c = 0.0
f1, 0= 1.0718e-01
                          N restraints  r.m.s.d.  r.m.s.Z  Mn(sigma)
Bond distances, non H                4     0.001    0.073      0.013
Bond distances, H                    6     0.000    0.000      0.016
Bond angles, non H                   5     0.265    0.154      2.100
Bond angles, H                      14     0.173    0.073      1.929
Torsion angles, period 3             1     0.006    0.001     10.000
Chiral centres                       1     0.000    0.000      0.089



====== CYCLE  4 ======

 weight = 1.0000e+00
 geom_x = 0.1071786721980824
 geom_a = 0
 geom_q = 0
 geom_c = 0.0
f0= 1.0718e-01
using cgsolve in c++, ic=False
diag(geom) min= 323.773569 max= 40502.607162
diag(all) min= 323.773569 max= 40502.607162
Trying gamma equal 0.042000
Convergence reached after 19 iterations with no gamma cycles
min(dx) = -4.69392809346003e-05
max(dx) = 4.272504222271523e-05
mean(dx)= -1.5228487413583576e-06
vdws = 15
atoms = 10
pairs = 41
 geom_x = 0.10717652282001555
 geom_a = 0
 geom_q = 0
 geom_c = 0.0
f1, 0= 1.0718e-01
                          N restraints  r.m.s.d.  r.m.s.Z  Mn(sigma)
Bond distances, non H                4     0.001    0.073      0.013
Bond distances, H                    6     0.000    0.000      0.016
Bond angles, non H                   5     0.265    0.154      2.100
Bond angles, H                      14     0.173    0.073      1.929
Torsion angles, period 3             1     0.003    0.000     10.000
Chiral centres                       1     0.000    0.001      0.089



====== CYCLE  5 ======

 weight = 1.0000e+00
 geom_x = 0.10717652282001555
 geom_a = 0
 geom_q = 0
 geom_c = 0.0
f0= 1.0718e-01
using cgsolve in c++, ic=False
diag(geom) min= 323.762732 max= 40502.522051
diag(all) min= 323.762732 max= 40502.522051
Trying gamma equal 0.042000
Convergence reached after 17 iterations with no gamma cycles
min(dx) = -2.707217312120471e-05
max(dx) = 2.434303004230697e-05
mean(dx)= -8.919130716622305e-07
vdws = 15
atoms = 10
pairs = 41
 geom_x = 0.10717581450283625
 geom_a = 0
 geom_q = 0
 geom_c = 0.0
f1, 0= 1.0718e-01
                          N restraints  r.m.s.d.  r.m.s.Z  Mn(sigma)
Bond distances, non H                4     0.001    0.073      0.013
Bond distances, H                    6     0.000    0.000      0.016
Bond angles, non H                   5     0.265    0.154      2.100
Bond angles, H                      14     0.173    0.073      1.929
Torsion angles, period 3             1     0.002    0.000     10.000
Chiral centres                       1     0.000    0.001      0.089



====== CYCLE  6 ======

 weight = 1.0000e+00
 geom_x = 0.10717581450283625
 geom_a = 0
 geom_q = 0
 geom_c = 0.0
f0= 1.0718e-01
using cgsolve in c++, ic=False
diag(geom) min= 323.754899 max= 40502.475860
diag(all) min= 323.754899 max= 40502.475860
Trying gamma equal 0.042000
Convergence reached after 17 iterations with no gamma cycles
min(dx) = -1.5631630790326246e-05
max(dx) = 1.3806241760131125e-05
mean(dx)= -5.203591238467701e-07
vdws = 15
atoms = 10
pairs = 41
 geom_x = 0.1071755806643238
 geom_a = 0
 geom_q = 0
 geom_c = 0.0
f1, 0= 1.0718e-01
                          N restraints  r.m.s.d.  r.m.s.Z  Mn(sigma)
Bond distances, non H                4     0.001    0.073      0.013
Bond distances, H                    6     0.000    0.000      0.016
Bond angles, non H                   5     0.265    0.154      2.100
Bond angles, H                      14     0.173    0.073      1.929
Torsion angles, period 3             1     0.001    0.000     10.000
Chiral centres                       1     0.000    0.001      0.089



====== CYCLE  7 ======

 weight = 1.0000e+00
 geom_x = 0.1071755806643238
 geom_a = 0
 geom_q = 0
 geom_c = 0.0
f0= 1.0718e-01
using cgsolve in c++, ic=False
diag(geom) min= 323.750126 max= 40502.450317
diag(all) min= 323.750126 max= 40502.450317
Trying gamma equal 0.042000
Convergence reached after 17 iterations with no gamma cycles
min(dx) = -9.052028225253407e-06
max(dx) = 7.77329974251142e-06
mean(dx)= -3.0551117514477854e-07
vdws = 15
atoms = 10
pairs = 41
 geom_x = 0.10717550333259397
 geom_a = 0
 geom_q = 0
 geom_c = 0.0
f1, 0= 1.0718e-01
                          N restraints  r.m.s.d.  r.m.s.Z  Mn(sigma)
Bond distances, non H                4     0.001    0.073      0.013
Bond distances, H                    6     0.000    0.000      0.016
Bond angles, non H                   5     0.265    0.154      2.100
Bond angles, H                      14     0.173    0.073      1.929
Torsion angles, period 3             1     0.000    0.000     10.000
Chiral centres                       1     0.000    0.001      0.089



====== CYCLE  8 ======

 weight = 1.0000e+00
 geom_x = 0.10717550333259397
 geom_a = 0
 geom_q = 0
 geom_c = 0.0
f0= 1.0718e-01
using cgsolve in c++, ic=False
diag(geom) min= 323.747235 max= 40502.436294
diag(all) min= 323.747235 max= 40502.436294
Trying gamma equal 0.042000
Convergence reached after 17 iterations with no gamma cycles
min(dx) = -5.264791961212621e-06
max(dx) = 4.3289977235398224e-06
mean(dx)= -1.8124857363694964e-07
vdws = 15
atoms = 10
pairs = 41
 geom_x = 0.10717547765922283
 geom_a = 0
 geom_q = 0
 geom_c = 0.0
f1, 0= 1.0718e-01
                          N restraints  r.m.s.d.  r.m.s.Z  Mn(sigma)
Bond distances, non H                4     0.001    0.073      0.013
Bond distances, H                    6     0.000    0.000      0.016
Bond angles, non H                   5     0.265    0.154      2.100
Bond angles, H                      14     0.173    0.073      1.929
Torsion angles, period 3             1     0.000    0.000     10.000
Chiral centres                       1     0.000    0.001      0.089



====== CYCLE  9 ======

 weight = 1.0000e+00
 geom_x = 0.10717547765922283
 geom_a = 0
 geom_q = 0
 geom_c = 0.0
f0= 1.0718e-01
using cgsolve in c++, ic=False
diag(geom) min= 323.745453 max= 40502.428742
diag(all) min= 323.745453 max= 40502.428742
Trying gamma equal 0.042000
Convergence reached after 17 iterations with no gamma cycles
min(dx) = -3.081373527851581e-06
max(dx) = 2.3696289333398647e-06
mean(dx)= -1.0911069825421872e-07
vdws = 15
atoms = 10
pairs = 41
 geom_x = 0.107175469062387
 geom_a = 0
 geom_q = 0
 geom_c = 0.0
f1, 0= 1.0718e-01
                          N restraints  r.m.s.d.  r.m.s.Z  Mn(sigma)
Bond distances, non H                4     0.001    0.073      0.013
Bond distances, H                    6     0.000    0.000      0.016
Bond angles, non H                   5     0.265    0.154      2.100
Bond angles, H                      14     0.173    0.073      1.929
Torsion angles, period 3             1     0.000    0.000     10.000
Chiral centres                       1     0.000    0.001      0.089



====== CYCLE 10 ======

 weight = 1.0000e+00
 geom_x = 0.107175469062387
 geom_a = 0
 geom_q = 0
 geom_c = 0.0
f0= 1.0718e-01
using cgsolve in c++, ic=False
diag(geom) min= 323.744325 max= 40502.424820
diag(all) min= 323.744325 max= 40502.424820
Trying gamma equal 0.042000
Convergence reached after 17 iterations with no gamma cycles
min(dx) = -1.8197251614686504e-06
max(dx) = 1.2606951697725248e-06
mean(dx)= -6.699579218868291e-08
vdws = 15
atoms = 10
pairs = 41
 geom_x = 0.10717546612964299
 geom_a = 0
 geom_q = 0
 geom_c = 0.0
f1, 0= 1.0718e-01
                          N restraints  r.m.s.d.  r.m.s.Z  Mn(sigma)
Bond distances, non H                4     0.001    0.073      0.013
Bond distances, H                    6     0.000    0.000      0.016
Bond angles, non H                   5     0.265    0.154      2.100
Bond angles, H                      14     0.173    0.073      1.929
Torsion angles, period 3             1     0.000    0.000     10.000
Chiral centres                       1     0.000    0.001      0.089


$TABLE: stats vs cycle :
$GRAPHS
: Geometry :A:1,2,4:
: Geometry Z :A:1,5,3:
$$
 Ncyc  rmsBOND  zBOND  rmsANGL  zANGL
$$
$$
    0   0.0066 0.6082   0.6967 0.3573
    1   0.0008 0.0759   0.2646 0.1529
    2   0.0008 0.0729   0.2650 0.1538
    3   0.0008 0.0729   0.2650 0.1538
    4   0.0008 0.0729   0.2650 0.1538
    5   0.0008 0.0729   0.2650 0.1538
    6   0.0008 0.0729   0.2650 0.1538
    7   0.0008 0.0729   0.2650 0.1538
    8   0.0008 0.0729   0.2650 0.1538
    9   0.0008 0.0729   0.2650 0.1538
   10   0.0008 0.0729   0.2649 0.1538
$$

Running 30 cycles with wchir=1 wvdw=2 with hydrogen
Geometry weights
vdws = 15
atoms = 10
pairs = 41
                          N restraints  r.m.s.d.  r.m.s.Z  Mn(sigma)
Bond distances, non H                4     0.001    0.073      0.013
Bond distances, H                    6     0.000    0.000      0.016
Bond angles, non H                   5     0.265    0.154      2.100
Bond angles, H                      14     0.173    0.073      1.929
Torsion angles, period 3             1     0.000    0.000     10.000
Chiral centres                       1     0.000    0.001      0.089


====== CYCLE  1 ======

 weight = 1.0000e+00
 geom_x = 0.10717321745086322
 geom_a = 0
 geom_q = 0
 geom_c = 0.0
f0= 1.0717e-01
using cgsolve in c++, ic=False
diag(geom) min= 323.743587 max= 18033.586528
diag(all) min= 323.743587 max= 18033.586528
Trying gamma equal 0.042000
Convergence reached after 20 iterations with no gamma cycles
min(dx) = -5.4815463383606086e-05
max(dx) = 5.052018421982756e-05
mean(dx)= -4.129549815166234e-06
vdws = 15
atoms = 10
pairs = 41
 geom_x = 0.10716063432325476
 geom_a = 0
 geom_q = 0
 geom_c = 0.0
f1, 0= 1.0716e-01
                          N restraints  r.m.s.d.  r.m.s.Z  Mn(sigma)
Bond distances, non H                4     0.001    0.073      0.013
Bond distances, H                    6     0.000    0.000      0.016
Bond angles, non H                   5     0.267    0.154      2.100
Bond angles, H                      14     0.172    0.073      1.929
Torsion angles, period 3             1     0.000    0.000     10.000
Chiral centres                       1     0.000    0.003      0.089



====== CYCLE  2 ======

 weight = 1.0000e+00
 geom_x = 0.10716063432325476
 geom_a = 0
 geom_q = 0
 geom_c = 0.0
f0= 1.0716e-01
using cgsolve in c++, ic=False
diag(geom) min= 323.767172 max= 18033.673107
diag(all) min= 323.767172 max= 18033.673107
Trying gamma equal 0.042000
Convergence reached after 20 iterations with no gamma cycles
min(dx) = -2.3459067247587714e-05
max(dx) = 2.122738786863999e-05
mean(dx)= -7.698674825627194e-07
vdws = 15
atoms = 10
pairs = 41
 geom_x = 0.10715967894234447
 geom_a = 0
 geom_q = 0
 geom_c = 0.0
f1, 0= 1.0716e-01
                          N restraints  r.m.s.d.  r.m.s.Z  Mn(sigma)
Bond distances, non H                4     0.001    0.073      0.013
Bond distances, H                    6     0.000    0.000      0.016
Bond angles, non H                   5     0.267    0.154      2.100
Bond angles, H                      14     0.171    0.073      1.929
Torsion angles, period 3             1     0.000    0.000     10.000
Chiral centres                       1     0.000    0.004      0.089



====== CYCLE  3 ======

 weight = 1.0000e+00
 geom_x = 0.10715967894234447
 geom_a = 0
 geom_q = 0
 geom_c = 0.0
f0= 1.0716e-01
using cgsolve in c++, ic=False
diag(geom) min= 323.774315 max= 18033.728182
diag(all) min= 323.774315 max= 18033.728182
Trying gamma equal 0.042000
Convergence reached after 18 iterations with no gamma cycles
min(dx) = -1.1582149133307203e-05
max(dx) = 1.1770443167825197e-05
mean(dx)= -3.177943194003529e-07
vdws = 15
atoms = 10
pairs = 41
 geom_x = 0.10715948716912155
 geom_a = 0
 geom_q = 0
 geom_c = 0.0
f1, 0= 1.0716e-01
                          N restraints  r.m.s.d.  r.m.s.Z  Mn(sigma)
Bond distances, non H                4     0.001    0.073      0.013
Bond distances, H                    6     0.000    0.000      0.016
Bond angles, non H                   5     0.267    0.154      2.100
Bond angles, H                      14     0.171    0.073      1.929
Torsion angles, period 3             1     0.000    0.000     10.000
Chiral centres                       1     0.000    0.004      0.089



====== CYCLE  4 ======

 weight = 1.0000e+00
 geom_x = 0.10715948716912155
 geom_a = 0
 geom_q = 0
 geom_c = 0.0
f0= 1.0716e-01
using cgsolve in c++, ic=False
diag(geom) min= 323.774533 max= 18033.777327
diag(all) min= 323.774533 max= 18033.777327
Trying gamma equal 0.042000
Convergence reached after 17 iterations with no gamma cycles
min(dx) = -6.07276947661649e-06
max(dx) = 6.163551419243497e-06
mean(dx)= -1.939079532836702e-07
vdws = 15
atoms = 10
pairs = 41
 geom_x = 0.10715943431599562
 geom_a = 0
 geom_q = 0
 geom_c = 0.0
f1, 0= 1.0716e-01
                          N restraints  r.m.s.d.  r.m.s.Z  Mn(sigma)
Bond distances, non H                4     0.001    0.073      0.013
Bond distances, H                    6     0.000    0.000      0.016
Bond angles, non H                   5     0.267    0.154      2.100
Bond angles, H                      14     0.171    0.073      1.929
Torsion angles, period 3             1     0.001    0.000     10.000
Chiral centres                       1     0.000    0.004      0.089



====== CYCLE  5 ======

 weight = 1.0000e+00
 geom_x = 0.10715943431599562
 geom_a = 0
 geom_q = 0
 geom_c = 0.0
f0= 1.0716e-01
using cgsolve in c++, ic=False
diag(geom) min= 323.773262 max= 18033.812361
diag(all) min= 323.773262 max= 18033.812361
Trying gamma equal 0.042000
Convergence reached after 18 iterations with no gamma cycles
min(dx) = -3.336682204744915e-06
max(dx) = 3.1315807962232766e-06
mean(dx)= -1.277260277840726e-07
vdws = 15
atoms = 10
pairs = 41
 geom_x = 0.10715941717604921
 geom_a = 0
 geom_q = 0
 geom_c = 0.0
f1, 0= 1.0716e-01
                          N restraints  r.m.s.d.  r.m.s.Z  Mn(sigma)
Bond distances, non H                4     0.001    0.073      0.013
Bond distances, H                    6     0.000    0.000      0.016
Bond angles, non H                   5     0.267    0.154      2.100
Bond angles, H                      14     0.171    0.073      1.929
Torsion angles, period 3             1     0.001    0.000     10.000
Chiral centres                       1     0.000    0.004      0.089



====== CYCLE  6 ======

 weight = 1.0000e+00
 geom_x = 0.10715941717604921
 geom_a = 0
 geom_q = 0
 geom_c = 0.0
f0= 1.0716e-01
using cgsolve in c++, ic=False
diag(geom) min= 323.771891 max= 18033.834983
diag(all) min= 323.771891 max= 18033.834983
Trying gamma equal 0.042000
Convergence reached after 18 iterations with no gamma cycles
min(dx) = -2.2346603466381435e-06
max(dx) = 1.864955108074748e-06
mean(dx)= -8.495829970259281e-08
vdws = 15
atoms = 10
pairs = 41
 geom_x = 0.10715941094456029
 geom_a = 0
 geom_q = 0
 geom_c = 0.0
f1, 0= 1.0716e-01
                          N restraints  r.m.s.d.  r.m.s.Z  Mn(sigma)
Bond distances, non H                4     0.001    0.073      0.013
Bond distances, H                    6     0.000    0.000      0.016
Bond angles, non H                   5     0.267    0.154      2.100
Bond angles, H                      14     0.171    0.073      1.929
Torsion angles, period 3             1     0.001    0.000     10.000
Chiral centres                       1     0.000    0.004      0.089



====== CYCLE  7 ======

 weight = 1.0000e+00
 geom_x = 0.10715941094456029
 geom_a = 0
 geom_q = 0
 geom_c = 0.0
f0= 1.0716e-01
using cgsolve in c++, ic=False
diag(geom) min= 323.770726 max= 18033.848919
diag(all) min= 323.770726 max= 18033.848919
Trying gamma equal 0.042000
Convergence reached after 18 iterations with no gamma cycles
min(dx) = -1.470657883783079e-06
max(dx) = 1.3128386685123398e-06
mean(dx)= -5.7100598653048433e-08
vdws = 15
atoms = 10
pairs = 41
 geom_x = 0.1071594083959678
 geom_a = 0
 geom_q = 0
 geom_c = 0.0
f1, 0= 1.0716e-01
                          N restraints  r.m.s.d.  r.m.s.Z  Mn(sigma)
Bond distances, non H                4     0.001    0.073      0.013
Bond distances, H                    6     0.000    0.000      0.016
Bond angles, non H                   5     0.267    0.154      2.100
Bond angles, H                      14     0.171    0.073      1.929
Torsion angles, period 3             1     0.001    0.000     10.000
Chiral centres                       1     0.000    0.004      0.089



====== CYCLE  8 ======

 weight = 1.0000e+00
 geom_x = 0.1071594083959678
 geom_a = 0
 geom_q = 0
 geom_c = 0.0
f0= 1.0716e-01
using cgsolve in c++, ic=False
diag(geom) min= 323.769793 max= 18033.857291
diag(all) min= 323.769793 max= 18033.857291
Trying gamma equal 0.042000
Convergence reached after 17 iterations with no gamma cycles
min(dx) = -9.90145970044588e-07
max(dx) = 9.899143873561316e-07
mean(dx)= -3.916712340602931e-08
vdws = 15
atoms = 10
pairs = 41
 geom_x = 0.10715940719596717
 geom_a = 0
 geom_q = 0
 geom_c = 0.0
f1, 0= 1.0716e-01
                          N restraints  r.m.s.d.  r.m.s.Z  Mn(sigma)
Bond distances, non H                4     0.001    0.073      0.013
Bond distances, H                    6     0.000    0.000      0.016
Bond angles, non H                   5     0.267    0.154      2.100
Bond angles, H                      14     0.171    0.073      1.929
Torsion angles, period 3             1     0.001    0.000     10.000
Chiral centres                       1     0.000    0.004      0.089



====== CYCLE  9 ======

 weight = 1.0000e+00
 geom_x = 0.10715940719596717
 geom_a = 0
 geom_q = 0
 geom_c = 0.0
f0= 1.0716e-01
using cgsolve in c++, ic=False
diag(geom) min= 323.769050 max= 18033.862247
diag(all) min= 323.769050 max= 18033.862247
Trying gamma equal 0.042000
Convergence reached after 17 iterations with no gamma cycles
min(dx) = -8.050604042431016e-07
max(dx) = 7.815125410336015e-07
mean(dx)= -2.7633995827753948e-08
vdws = 15
atoms = 10
pairs = 41
 geom_x = 0.10715940654117269
 geom_a = 0
 geom_q = 0
 geom_c = 0.0
f1, 0= 1.0716e-01
                          N restraints  r.m.s.d.  r.m.s.Z  Mn(sigma)
Bond distances, non H                4     0.001    0.073      0.013
Bond distances, H                    6     0.000    0.000      0.016
Bond angles, non H                   5     0.267    0.154      2.100
Bond angles, H                      14     0.171    0.073      1.929
Torsion angles, period 3             1     0.000    0.000     10.000
Chiral centres                       1     0.000    0.004      0.089



====== CYCLE 10 ======

 weight = 1.0000e+00
 geom_x = 0.10715940654117269
 geom_a = 0
 geom_q = 0
 geom_c = 0.0
f0= 1.0716e-01
using cgsolve in c++, ic=False
diag(geom) min= 323.768455 max= 18033.865153
diag(all) min= 323.768455 max= 18033.865153
Trying gamma equal 0.042000
Convergence reached after 17 iterations with no gamma cycles
min(dx) = -6.624915405336846e-07
max(dx) = 6.658755692087795e-07
mean(dx)= -2.0135826218127637e-08
vdws = 15
atoms = 10
pairs = 41
 geom_x = 0.10715940613762961
 geom_a = 0
 geom_q = 0
 geom_c = 0.0
f1, 0= 1.0716e-01
                          N restraints  r.m.s.d.  r.m.s.Z  Mn(sigma)
Bond distances, non H                4     0.001    0.073      0.013
Bond distances, H                    6     0.000    0.000      0.016
Bond angles, non H                   5     0.267    0.154      2.100
Bond angles, H                      14     0.171    0.073      1.929
Torsion angles, period 3             1     0.000    0.000     10.000
Chiral centres                       1     0.000    0.004      0.089



====== CYCLE 11 ======

 weight = 1.0000e+00
 geom_x = 0.10715940613762961
 geom_a = 0
 geom_q = 0
 geom_c = 0.0
f0= 1.0716e-01
using cgsolve in c++, ic=False
diag(geom) min= 323.767972 max= 18033.866845
diag(all) min= 323.767972 max= 18033.866845
Trying gamma equal 0.042000
Convergence reached after 16 iterations with no gamma cycles
min(dx) = -5.507518050840603e-07
max(dx) = 5.730723590191654e-07
mean(dx)= -1.5152188452472466e-08
vdws = 15
atoms = 10
pairs = 41
 geom_x = 0.10715940586812472
 geom_a = 0
 geom_q = 0
 geom_c = 0.0
f1, 0= 1.0716e-01
                          N restraints  r.m.s.d.  r.m.s.Z  Mn(sigma)
Bond distances, non H                4     0.001    0.073      0.013
Bond distances, H                    6     0.000    0.000      0.016
Bond angles, non H                   5     0.267    0.154      2.100
Bond angles, H                      14     0.171    0.073      1.929
Torsion angles, period 3             1     0.000    0.000     10.000
Chiral centres                       1     0.000    0.004      0.089



====== CYCLE 12 ======

 weight = 1.0000e+00
 geom_x = 0.10715940586812472
 geom_a = 0
 geom_q = 0
 geom_c = 0.0
f0= 1.0716e-01
using cgsolve in c++, ic=False
diag(geom) min= 323.767575 max= 18033.867825
diag(all) min= 323.767575 max= 18033.867825
Trying gamma equal 0.042000
Convergence reached after 16 iterations with no gamma cycles
min(dx) = -4.615008160695949e-07
max(dx) = 5.136592035271212e-07
mean(dx)= -1.1742615947660803e-08
vdws = 15
atoms = 10
pairs = 41
 geom_x = 0.10715940567981498
 geom_a = 0
 geom_q = 0
 geom_c = 0.0
f1, 0= 1.0716e-01
                          N restraints  r.m.s.d.  r.m.s.Z  Mn(sigma)
Bond distances, non H                4     0.001    0.073      0.013
Bond distances, H                    6     0.000    0.000      0.016
Bond angles, non H                   5     0.267    0.154      2.100
Bond angles, H                      14     0.171    0.073      1.929
Torsion angles, period 3             1     0.000    0.000     10.000
Chiral centres                       1     0.000    0.004      0.089



====== CYCLE 13 ======

 weight = 1.0000e+00
 geom_x = 0.10715940567981498
 geom_a = 0
 geom_q = 0
 geom_c = 0.0
f0= 1.0716e-01
using cgsolve in c++, ic=False
diag(geom) min= 323.767245 max= 18033.868389
diag(all) min= 323.767245 max= 18033.868389
Trying gamma equal 0.042000
Convergence reached after 16 iterations with no gamma cycles
min(dx) = -3.8899203438815794e-07
max(dx) = 4.529253170153891e-07
mean(dx)= -9.329371090747136e-09
vdws = 15
atoms = 10
pairs = 41
 geom_x = 0.10715940554516763
 geom_a = 0
 geom_q = 0
 geom_c = 0.0
f1, 0= 1.0716e-01
                          N restraints  r.m.s.d.  r.m.s.Z  Mn(sigma)
Bond distances, non H                4     0.001    0.073      0.013
Bond distances, H                    6     0.000    0.000      0.016
Bond angles, non H                   5     0.267    0.154      2.100
Bond angles, H                      14     0.171    0.073      1.929
Torsion angles, period 3             1     0.000    0.000     10.000
Chiral centres                       1     0.000    0.004      0.089



====== CYCLE 14 ======

 weight = 1.0000e+00
 geom_x = 0.10715940554516763
 geom_a = 0
 geom_q = 0
 geom_c = 0.0
f0= 1.0716e-01
using cgsolve in c++, ic=False
diag(geom) min= 323.766968 max= 18033.868711
diag(all) min= 323.766968 max= 18033.868711
Trying gamma equal 0.042000
Convergence reached after 15 iterations with no gamma cycles
min(dx) = -3.2926145365975746e-07
max(dx) = 3.951989643094656e-07
mean(dx)= -7.560984335307977e-09
vdws = 15
atoms = 10
pairs = 41
 geom_x = 0.10715940544780167
 geom_a = 0
 geom_q = 0
 geom_c = 0.0
f1, 0= 1.0716e-01
                          N restraints  r.m.s.d.  r.m.s.Z  Mn(sigma)
Bond distances, non H                4     0.001    0.073      0.013
Bond distances, H                    6     0.000    0.000      0.016
Bond angles, non H                   5     0.267    0.154      2.100
Bond angles, H                      14     0.171    0.073      1.929
Torsion angles, period 3             1     0.000    0.000     10.000
Chiral centres                       1     0.000    0.004      0.089



====== CYCLE 15 ======

 weight = 1.0000e+00
 geom_x = 0.10715940544780167
 geom_a = 0
 geom_q = 0
 geom_c = 0.0
f0= 1.0716e-01
using cgsolve in c++, ic=False
diag(geom) min= 323.766735 max= 18033.868893
diag(all) min= 323.766735 max= 18033.868893
Trying gamma equal 0.042000
Convergence reached after 15 iterations with no gamma cycles
min(dx) = -2.795334308941609e-07
max(dx) = 3.424714037513402e-07
mean(dx)= -6.221566130185592e-09
vdws = 15
atoms = 10
pairs = 41
 geom_x = 0.10715940537702262
 geom_a = 0
 geom_q = 0
 geom_c = 0.0
f1, 0= 1.0716e-01
                          N restraints  r.m.s.d.  r.m.s.Z  Mn(sigma)
Bond distances, non H                4     0.001    0.073      0.013
Bond distances, H                    6     0.000    0.000      0.016
Bond angles, non H                   5     0.267    0.154      2.100
Bond angles, H                      14     0.171    0.073      1.929
Torsion angles, period 3             1     0.000    0.000     10.000
Chiral centres                       1     0.000    0.004      0.089



====== CYCLE 16 ======

 weight = 1.0000e+00
 geom_x = 0.10715940537702262
 geom_a = 0
 geom_q = 0
 geom_c = 0.0
f0= 1.0716e-01
using cgsolve in c++, ic=False
diag(geom) min= 323.766538 max= 18033.868994
diag(all) min= 323.766538 max= 18033.868994
Trying gamma equal 0.042000
Convergence reached after 15 iterations with no gamma cycles
min(dx) = -2.3780778764624395e-07
max(dx) = 2.954307108314764e-07
mean(dx)= -5.177143931475852e-09
vdws = 15
atoms = 10
pairs = 41
 geom_x = 0.10715940532544736
 geom_a = 0
 geom_q = 0
 geom_c = 0.0
f1, 0= 1.0716e-01
                          N restraints  r.m.s.d.  r.m.s.Z  Mn(sigma)
Bond distances, non H                4     0.001    0.073      0.013
Bond distances, H                    6     0.000    0.000      0.016
Bond angles, non H                   5     0.267    0.154      2.100
Bond angles, H                      14     0.171    0.073      1.929
Torsion angles, period 3             1     0.000    0.000     10.000
Chiral centres                       1     0.000    0.004      0.089



====== CYCLE 17 ======

 weight = 1.0000e+00
 geom_x = 0.10715940532544736
 geom_a = 0
 geom_q = 0
 geom_c = 0.0
f0= 1.0716e-01
using cgsolve in c++, ic=False
diag(geom) min= 323.766371 max= 18033.869049
diag(all) min= 323.766371 max= 18033.869049
Trying gamma equal 0.042000
Convergence reached after 15 iterations with no gamma cycles
min(dx) = -2.0260037302389094e-07
max(dx) = 2.540775374761656e-07
mean(dx)= -4.343039391143163e-09
vdws = 15
atoms = 10
pairs = 41
 geom_x = 0.10715940528780879
 geom_a = 0
 geom_q = 0
 geom_c = 0.0
f1, 0= 1.0716e-01
                          N restraints  r.m.s.d.  r.m.s.Z  Mn(sigma)
Bond distances, non H                4     0.001    0.073      0.013
Bond distances, H                    6     0.000    0.000      0.016
Bond angles, non H                   5     0.267    0.154      2.100
Bond angles, H                      14     0.171    0.073      1.929
Torsion angles, period 3             1     0.000    0.000     10.000
Chiral centres                       1     0.000    0.004      0.089



====== CYCLE 18 ======

 weight = 1.0000e+00
 geom_x = 0.10715940528780879
 geom_a = 0
 geom_q = 0
 geom_c = 0.0
f0= 1.0716e-01
using cgsolve in c++, ic=False
diag(geom) min= 323.766229 max= 18033.869078
diag(all) min= 323.766229 max= 18033.869078
Trying gamma equal 0.042000
Convergence reached after 15 iterations with no gamma cycles
min(dx) = -1.727753017304948e-07
max(dx) = 2.180667225446349e-07
mean(dx)= -3.6642256424270996e-09
vdws = 15
atoms = 10
pairs = 41
 geom_x = 0.10715940526033596
 geom_a = 0
 geom_q = 0
 geom_c = 0.0
f1, 0= 1.0716e-01
                          N restraints  r.m.s.d.  r.m.s.Z  Mn(sigma)
Bond distances, non H                4     0.001    0.073      0.013
Bond distances, H                    6     0.000    0.000      0.016
Bond angles, non H                   5     0.267    0.154      2.100
Bond angles, H                      14     0.171    0.073      1.929
Torsion angles, period 3             1     0.000    0.000     10.000
Chiral centres                       1     0.000    0.004      0.089



====== CYCLE 19 ======

 weight = 1.0000e+00
 geom_x = 0.10715940526033596
 geom_a = 0
 geom_q = 0
 geom_c = 0.0
f0= 1.0716e-01
using cgsolve in c++, ic=False
diag(geom) min= 323.766107 max= 18033.869091
diag(all) min= 323.766107 max= 18033.869091
Trying gamma equal 0.042000
Convergence reached after 15 iterations with no gamma cycles
min(dx) = -1.4744015768715843e-07
max(dx) = 1.8690184098321826e-07
mean(dx)= -3.103913824490272e-09
vdws = 15
atoms = 10
pairs = 41
 geom_x = 0.10715940524027485
 geom_a = 0
 geom_q = 0
 geom_c = 0.0
f1, 0= 1.0716e-01
                          N restraints  r.m.s.d.  r.m.s.Z  Mn(sigma)
Bond distances, non H                4     0.001    0.073      0.013
Bond distances, H                    6     0.000    0.000      0.016
Bond angles, non H                   5     0.267    0.154      2.100
Bond angles, H                      14     0.171    0.073      1.929
Torsion angles, period 3             1     0.000    0.000     10.000
Chiral centres                       1     0.000    0.004      0.089



====== CYCLE 20 ======

 weight = 1.0000e+00
 geom_x = 0.10715940524027485
 geom_a = 0
 geom_q = 0
 geom_c = 0.0
f0= 1.0716e-01
using cgsolve in c++, ic=False
diag(geom) min= 323.766004 max= 18033.869097
diag(all) min= 323.766004 max= 18033.869097
Trying gamma equal 0.042000
Convergence reached after 15 iterations with no gamma cycles
min(dx) = -1.2587802851231558e-07
max(dx) = 1.6004148040945442e-07
mean(dx)= -2.636589152134556e-09
vdws = 15
atoms = 10
pairs = 41
 geom_x = 0.10715940522562685
 geom_a = 0
 geom_q = 0
 geom_c = 0.0
f1, 0= 1.0716e-01
                          N restraints  r.m.s.d.  r.m.s.Z  Mn(sigma)
Bond distances, non H                4     0.001    0.073      0.013
Bond distances, H                    6     0.000    0.000      0.016
Bond angles, non H                   5     0.267    0.154      2.100
Bond angles, H                      14     0.171    0.073      1.929
Torsion angles, period 3             1     0.000    0.000     10.000
Chiral centres                       1     0.000    0.004      0.089



====== CYCLE 21 ======

 weight = 1.0000e+00
 geom_x = 0.10715940522562685
 geom_a = 0
 geom_q = 0
 geom_c = 0.0
f0= 1.0716e-01
using cgsolve in c++, ic=False
diag(geom) min= 323.765916 max= 18033.869098
diag(all) min= 323.765916 max= 18033.869098
Trying gamma equal 0.042000
Convergence reached after 15 iterations with no gamma cycles
min(dx) = -1.0750300044120212e-07
max(dx) = 1.3695468098201797e-07
mean(dx)= -2.243914425837756e-09
vdws = 15
atoms = 10
pairs = 41
 geom_x = 0.10715940521492794
 geom_a = 0
 geom_q = 0
 geom_c = 0.0
f1, 0= 1.0716e-01
                          N restraints  r.m.s.d.  r.m.s.Z  Mn(sigma)
Bond distances, non H                4     0.001    0.073      0.013
Bond distances, H                    6     0.000    0.000      0.016
Bond angles, non H                   5     0.267    0.154      2.100
Bond angles, H                      14     0.171    0.073      1.929
Torsion angles, period 3             1     0.000    0.000     10.000
Chiral centres                       1     0.000    0.004      0.089



====== CYCLE 22 ======

 weight = 1.0000e+00
 geom_x = 0.10715940521492794
 geom_a = 0
 geom_q = 0
 geom_c = 0.0
f0= 1.0716e-01
using cgsolve in c++, ic=False
diag(geom) min= 323.765840 max= 18033.869096
diag(all) min= 323.765840 max= 18033.869096
Trying gamma equal 0.042000
Convergence reached after 15 iterations with no gamma cycles
min(dx) = -9.18299396368477e-08
max(dx) = 1.1714798183136899e-07
mean(dx)= -1.912231661575682e-09
vdws = 15
atoms = 10
pairs = 41
 geom_x = 0.1071594052071186
 geom_a = 0
 geom_q = 0
 geom_c = 0.0
f1, 0= 1.0716e-01
                          N restraints  r.m.s.d.  r.m.s.Z  Mn(sigma)
Bond distances, non H                4     0.001    0.073      0.013
Bond distances, H                    6     0.000    0.000      0.016
Bond angles, non H                   5     0.267    0.154      2.100
Bond angles, H                      14     0.171    0.073      1.929
Torsion angles, period 3             1     0.000    0.000     10.000
Chiral centres                       1     0.000    0.004      0.089



====== CYCLE 23 ======

 weight = 1.0000e+00
 geom_x = 0.1071594052071186
 geom_a = 0
 geom_q = 0
 geom_c = 0.0
f0= 1.0716e-01
using cgsolve in c++, ic=False
diag(geom) min= 323.765776 max= 18033.869094
diag(all) min= 323.765776 max= 18033.869094
Trying gamma equal 0.042000
Convergence reached after 15 iterations with no gamma cycles
min(dx) = -7.845333661577021e-08
max(dx) = 1.0017656618368387e-07
mean(dx)= -1.6310421262156176e-09
vdws = 15
atoms = 10
pairs = 41
 geom_x = 0.10715940520140625
 geom_a = 0
 geom_q = 0
 geom_c = 0.0
f1, 0= 1.0716e-01
                          N restraints  r.m.s.d.  r.m.s.Z  Mn(sigma)
Bond distances, non H                4     0.001    0.073      0.013
Bond distances, H                    6     0.000    0.000      0.016
Bond angles, non H                   5     0.267    0.154      2.100
Bond angles, H                      14     0.171    0.073      1.929
Torsion angles, period 3             1     0.000    0.000     10.000
Chiral centres                       1     0.000    0.004      0.089



====== CYCLE 24 ======

 weight = 1.0000e+00
 geom_x = 0.10715940520140625
 geom_a = 0
 geom_q = 0
 geom_c = 0.0
f0= 1.0716e-01
using cgsolve in c++, ic=False
diag(geom) min= 323.765721 max= 18033.869091
diag(all) min= 323.765721 max= 18033.869091
Trying gamma equal 0.042000
Convergence reached after 15 iterations with no gamma cycles
min(dx) = -6.703192927569815e-08
max(dx) = 8.564685816036312e-08
mean(dx)= -1.3920557306371727e-09
vdws = 15
atoms = 10
pairs = 41
 geom_x = 0.10715940519724337
 geom_a = 0
 geom_q = 0
 geom_c = 0.0
f1, 0= 1.0716e-01
                          N restraints  r.m.s.d.  r.m.s.Z  Mn(sigma)
Bond distances, non H                4     0.001    0.073      0.013
Bond distances, H                    6     0.000    0.000      0.016
Bond angles, non H                   5     0.267    0.154      2.100
Bond angles, H                      14     0.171    0.073      1.929
Torsion angles, period 3             1     0.000    0.000     10.000
Chiral centres                       1     0.000    0.004      0.089



====== CYCLE 25 ======

 weight = 1.0000e+00
 geom_x = 0.10715940519724337
 geom_a = 0
 geom_q = 0
 geom_c = 0.0
f0= 1.0716e-01
using cgsolve in c++, ic=False
diag(geom) min= 323.765674 max= 18033.869089
diag(all) min= 323.765674 max= 18033.869089
Trying gamma equal 0.042000
Convergence reached after 15 iterations with no gamma cycles
min(dx) = -5.727715266440173e-08
max(dx) = 7.32146915070966e-08
mean(dx)= -1.1885845409505714e-09
vdws = 15
atoms = 10
pairs = 41
 geom_x = 0.1071594051941964
 geom_a = 0
 geom_q = 0
 geom_c = 0.0
f1, 0= 1.0716e-01
                          N restraints  r.m.s.d.  r.m.s.Z  Mn(sigma)
Bond distances, non H                4     0.001    0.073      0.013
Bond distances, H                    6     0.000    0.000      0.016
Bond angles, non H                   5     0.267    0.154      2.100
Bond angles, H                      14     0.171    0.073      1.929
Torsion angles, period 3             1     0.000    0.000     10.000
Chiral centres                       1     0.000    0.004      0.089



====== CYCLE 26 ======

 weight = 1.0000e+00
 geom_x = 0.1071594051941964
 geom_a = 0
 geom_q = 0
 geom_c = 0.0
f0= 1.0716e-01
using cgsolve in c++, ic=False
diag(geom) min= 323.765634 max= 18033.869086
diag(all) min= 323.765634 max= 18033.869086
Trying gamma equal 0.042000
Convergence reached after 15 iterations with no gamma cycles
min(dx) = -4.8944188892050815e-08
max(dx) = 6.25813982247536e-08
mean(dx)= -1.0151439401388413e-09
vdws = 15
atoms = 10
pairs = 41
 geom_x = 0.10715940519197534
 geom_a = 0
 geom_q = 0
 geom_c = 0.0
f1, 0= 1.0716e-01
                          N restraints  r.m.s.d.  r.m.s.Z  Mn(sigma)
Bond distances, non H                4     0.001    0.073      0.013
Bond distances, H                    6     0.000    0.000      0.016
Bond angles, non H                   5     0.267    0.154      2.100
Bond angles, H                      14     0.171    0.073      1.929
Torsion angles, period 3             1     0.000    0.000     10.000
Chiral centres                       1     0.000    0.004      0.089



====== CYCLE 27 ======

 weight = 1.0000e+00
 geom_x = 0.10715940519197534
 geom_a = 0
 geom_q = 0
 geom_c = 0.0
f0= 1.0716e-01
using cgsolve in c++, ic=False
diag(geom) min= 323.765600 max= 18033.869084
diag(all) min= 323.765600 max= 18033.869084
Trying gamma equal 0.042000
Convergence reached after 15 iterations with no gamma cycles
min(dx) = -4.1824857536401166e-08
max(dx) = 5.3489092932466185e-08
mean(dx)= -8.671809026022211e-10
vdws = 15
atoms = 10
pairs = 41
 geom_x = 0.1071594051903506
 geom_a = 0
 geom_q = 0
 geom_c = 0.0
f1, 0= 1.0716e-01
                          N restraints  r.m.s.d.  r.m.s.Z  Mn(sigma)
Bond distances, non H                4     0.001    0.073      0.013
Bond distances, H                    6     0.000    0.000      0.016
Bond angles, non H                   5     0.267    0.154      2.100
Bond angles, H                      14     0.171    0.073      1.929
Torsion angles, period 3             1     0.000    0.000     10.000
Chiral centres                       1     0.000    0.004      0.089



====== CYCLE 28 ======

 weight = 1.0000e+00
 geom_x = 0.1071594051903506
 geom_a = 0
 geom_q = 0
 geom_c = 0.0
f0= 1.0716e-01
using cgsolve in c++, ic=False
diag(geom) min= 323.765570 max= 18033.869082
diag(all) min= 323.765570 max= 18033.869082
Trying gamma equal 0.042000
Convergence reached after 15 iterations with no gamma cycles
min(dx) = -3.57418541197161e-08
max(dx) = 4.5715849767501026e-08
mean(dx)= -7.40882535974083e-10
vdws = 15
atoms = 10
pairs = 41
 geom_x = 0.10715940518916377
 geom_a = 0
 geom_q = 0
 geom_c = 0.0
f1, 0= 1.0716e-01
                          N restraints  r.m.s.d.  r.m.s.Z  Mn(sigma)
Bond distances, non H                4     0.001    0.073      0.013
Bond distances, H                    6     0.000    0.000      0.016
Bond angles, non H                   5     0.267    0.154      2.100
Bond angles, H                      14     0.171    0.073      1.929
Torsion angles, period 3             1     0.000    0.000     10.000
Chiral centres                       1     0.000    0.004      0.089



====== CYCLE 29 ======

 weight = 1.0000e+00
 geom_x = 0.10715940518916377
 geom_a = 0
 geom_q = 0
 geom_c = 0.0
f0= 1.0716e-01
using cgsolve in c++, ic=False
diag(geom) min= 323.765545 max= 18033.869080
diag(all) min= 323.765545 max= 18033.869080
Trying gamma equal 0.042000
Convergence reached after 15 iterations with no gamma cycles
min(dx) = -3.0544005968667603e-08
max(dx) = 3.907111848579952e-08
mean(dx)= -6.33035694138334e-10
vdws = 15
atoms = 10
pairs = 41
 geom_x = 0.1071594051883056
 geom_a = 0
 geom_q = 0
 geom_c = 0.0
f1, 0= 1.0716e-01
                          N restraints  r.m.s.d.  r.m.s.Z  Mn(sigma)
Bond distances, non H                4     0.001    0.073      0.013
Bond distances, H                    6     0.000    0.000      0.016
Bond angles, non H                   5     0.267    0.154      2.100
Bond angles, H                      14     0.171    0.073      1.929
Torsion angles, period 3             1     0.000    0.000     10.000
Chiral centres                       1     0.000    0.004      0.089



====== CYCLE 30 ======

 weight = 1.0000e+00
 geom_x = 0.1071594051883056
 geom_a = 0
 geom_q = 0
 geom_c = 0.0
f0= 1.0716e-01
using cgsolve in c++, ic=False
diag(geom) min= 323.765524 max= 18033.869078
diag(all) min= 323.765524 max= 18033.869078
Trying gamma equal 0.042000
Convergence reached after 15 iterations with no gamma cycles
min(dx) = -2.6102326070777692e-08
max(dx) = 3.3391533684937925e-08
mean(dx)= -5.409208658595178e-10
vdws = 15
atoms = 10
pairs = 41
 geom_x = 0.10715940518766377
 geom_a = 0
 geom_q = 0
 geom_c = 0.0
f1, 0= 1.0716e-01
                          N restraints  r.m.s.d.  r.m.s.Z  Mn(sigma)
Bond distances, non H                4     0.001    0.073      0.013
Bond distances, H                    6     0.000    0.000      0.016
Bond angles, non H                   5     0.267    0.154      2.100
Bond angles, H                      14     0.171    0.073      1.929
Torsion angles, period 3             1     0.000    0.000     10.000
Chiral centres                       1     0.000    0.004      0.089


$TABLE: stats vs cycle :
$GRAPHS
: Geometry :A:1,2,4:
: Geometry Z :A:1,5,3:
$$
 Ncyc  rmsBOND  zBOND  rmsANGL  zANGL
$$
$$
    0   0.0008 0.0729   0.2649 0.1538
    1   0.0008 0.0729   0.2665 0.1541
    2   0.0008 0.0729   0.2670 0.1542
    3   0.0008 0.0729   0.2671 0.1542
    4   0.0008 0.0729   0.2672 0.1542
    5   0.0008 0.0729   0.2672 0.1542
    6   0.0008 0.0729   0.2672 0.1542
    7   0.0008 0.0729   0.2672 0.1542
    8   0.0008 0.0729   0.2672 0.1542
    9   0.0008 0.0729   0.2672 0.1542
   10   0.0008 0.0729   0.2672 0.1542
   11   0.0008 0.0729   0.2672 0.1542
   12   0.0008 0.0729   0.2672 0.1542
   13   0.0008 0.0729   0.2672 0.1542
   14   0.0008 0.0729   0.2672 0.1542
   15   0.0008 0.0729   0.2672 0.1542
   16   0.0008 0.0729   0.2672 0.1542
   17   0.0008 0.0729   0.2672 0.1542
   18   0.0008 0.0729   0.2672 0.1542
   19   0.0008 0.0729   0.2672 0.1542
   20   0.0008 0.0729   0.2672 0.1542
   21   0.0008 0.0729   0.2672 0.1542
   22   0.0008 0.0729   0.2672 0.1542
   23   0.0008 0.0729   0.2672 0.1542
   24   0.0008 0.0729   0.2672 0.1542
   25   0.0008 0.0729   0.2672 0.1542
   26   0.0008 0.0729   0.2672 0.1542
   27   0.0008 0.0729   0.2672 0.1542
   28   0.0008 0.0729   0.2672 0.1542
   29   0.0008 0.0729   0.2672 0.1542
   30   0.0008 0.0729   0.2672 0.1542
$$

Updated dictionary saved: EPX_MODEL_TMP/mol_1_conf_9_updated.cif
Refinement statistics saved: EPX_MODEL_TMP/mol_1_conf_9_stats.json

# Finished on 2026-06-14 11:41:22.102755

=========END OF PROCESS INFORMATION ==========
