
============ PROCESS INFORMATION =============
# Servalcat ver. 0.4.128 (Python 3.9.18)
# Library vers. gemmi 0.7.4, scipy 1.7.3, numpy 1.19.5, pandas 1.3.5
# Started on 2026-06-14 11:41:42.198176
# Host: Mac.lan User: hilgersmt
# Command-line:
# servalcat --logfile EPX_MODEL_TMP/servalcat.log refine_geom --update_dictionary EPX_MODEL_TMP/mol_1_conf_20_init.cif -o EPX_MODEL_TMP/mol_1_conf_20 --randomize 0.01
Config loaded
--
refine:
  atom_selection:
    xyz:
      include:
      - '*'
      exclude: []
      exclude_restraint: []
    adp:
      include: []
      exclude: []
      exclude_restraint: []
    occ:
      include: []
      exclude: []
      exclude_restraint: []
    dfrac:
      include: []
      exclude: []
      exclude_restraint: []
  occ_groups: []
  occ_group_constraints: []
  occ_group_const_mu: 10.0
  occ_group_const_mu_update_factor: 1.1
  occ_group_const_mu_update_tol_rel: 0.25
  occ_group_const_mu_update_tol_abs: 0.01
  initialisation:
    adp: {}
    occ: {}
    dfrac: {}
  write_trajectory: false
--
Reading monomers from /Applications/ccp4-9/lib/data/monomers/
Monomer not in the library: EPX.
Reading monomer: EPX_MODEL_TMP/mol_1_conf_20_init.cif
Monomer library loaded: 1 monomers, 109 links, 133 modifications
       loaded monomers: EPX

Checking if unknown atoms exist..
Creating restraints..

Chain info:
 chain 
  ligands: EPX (1 residues)

Number of refinement parameters:
       n_params  n_atoms  n_atoms_geom_only  n_atoms_data_only
xyz           4        4                  0                  0
adp           0        0                  0                  0
occ           0        0                  0                  0
dfrac         0        0                  0                  0

Randomizing structure with rmsd of 0.01
Torsion angle rules:
 include:
  {'group': 'peptide', 'tors_name': 'chi*'}
  {'link': '*', 'tors_name': 'omega'}
  {'residue': '*', 'tors_name': 'sp2_sp2*'}
  {'link': '*', 'tors_name': 'sp2_sp2*'}
 exclude:
  none
External restraints from Refmac instructions
 Number of distances          : 0
 Number of angles             : 0
 Number of torsions           : 0
 Number of chirals            : 0
 Number of planes             : 0
 Number of intervals          : 0
 Number of stackings          : 0
 Number of harmonics          : 0
 Number of special positions  : 0

Running 10 cycles with wchir=4 wvdw=2 without hydrogen
Geometry weights
vdws = 0
atoms = 4
pairs = 6
 *** Bond distances outliers (Z >= 5) ***

    atom1     atom2  value  ideal  sigma      z
/EPX 1/C2 /EPX 1/O1  1.403  1.460  0.011 -5.393

                       N restraints  r.m.s.d.  r.m.s.Z  Mn(sigma)
Bond distances, non H             4     0.043    3.333      0.013
Bond angles, non H                5     5.635    2.050      2.100
Chiral centres                    1     0.278    3.114      0.089


====== CYCLE  1 ======

 weight = 1.0000e+00
 geom_x = 110.29305678102031
 geom_a = 0
 geom_q = 0
 geom_c = 0.0
f0= 1.1029e+02
using cgsolve in c++, ic=False
diag(geom) min= 1149.172079 max= 19772.364837
diag(all) min= 1149.172079 max= 19772.364837
Trying gamma equal 0.000000
Convergence reached after 6 iterations with no gamma cycles
min(dx) = -0.13443629942191992
max(dx) = 0.05829286818599857
mean(dx)= -0.020160449693679115
vdws = 0
atoms = 4
pairs = 6
 geom_x = 1.3373218220525778
 geom_a = 0
 geom_q = 0
 geom_c = 0.0
f1, 0= 1.3373e+00
                       N restraints  r.m.s.d.  r.m.s.Z  Mn(sigma)
Bond distances, non H             4     0.004    0.293      0.013
Bond angles, non H                5     0.903    0.316      2.100
Chiral centres                    1     0.030    0.338      0.089



====== CYCLE  2 ======

 weight = 1.0000e+00
 geom_x = 1.3373218220525778
 geom_a = 0
 geom_q = 0
 geom_c = 0.0
f0= 1.3373e+00
using cgsolve in c++, ic=False
diag(geom) min= 1322.440340 max= 20791.077809
diag(all) min= 1322.440340 max= 20791.077809
Trying gamma equal 0.000000
Convergence reached after 6 iterations with no gamma cycles
min(dx) = -0.009035029093864952
max(dx) = 0.018489132738536012
mean(dx)= 0.0022153993157141014
vdws = 0
atoms = 4
pairs = 6
 geom_x = 0.06849203470103103
 geom_a = 0
 geom_q = 0
 geom_c = 0.0
f1, 0= 6.8492e-02
                       N restraints  r.m.s.d.  r.m.s.Z  Mn(sigma)
Bond distances, non H             4     0.001    0.076      0.013
Bond angles, non H                5     0.253    0.151      2.100
Chiral centres                    1     0.000    0.001      0.089



====== CYCLE  3 ======

 weight = 1.0000e+00
 geom_x = 0.06849203470103103
 geom_a = 0
 geom_q = 0
 geom_c = 0.0
f0= 6.8492e-02
using cgsolve in c++, ic=False
diag(geom) min= 1330.648902 max= 20531.961586
diag(all) min= 1330.648902 max= 20531.961586
Trying gamma equal 0.000000
Convergence reached after 6 iterations with no gamma cycles
min(dx) = -0.0001876921962743689
max(dx) = 0.0003831825168714657
mean(dx)= 3.9455730131239574e-05
vdws = 0
atoms = 4
pairs = 6
 geom_x = 0.06817595943518479
 geom_a = 0
 geom_q = 0
 geom_c = 0.0
f1, 0= 6.8176e-02
                       N restraints  r.m.s.d.  r.m.s.Z  Mn(sigma)
Bond distances, non H             4     0.001    0.077      0.013
Bond angles, non H                5     0.246    0.150      2.100
Chiral centres                    1     0.001    0.006      0.089



====== CYCLE  4 ======

 weight = 1.0000e+00
 geom_x = 0.06817595943518479
 geom_a = 0
 geom_q = 0
 geom_c = 0.0
f0= 6.8176e-02
using cgsolve in c++, ic=False
diag(geom) min= 1330.882277 max= 20526.381895
diag(all) min= 1330.882277 max= 20526.381895
Trying gamma equal 0.000000
Convergence reached after 6 iterations with no gamma cycles
min(dx) = -3.2950599750311308e-06
max(dx) = 1.9775729689113402e-06
mean(dx)= -2.3090657536159833e-08
vdws = 0
atoms = 4
pairs = 6
 geom_x = 0.06817595556807936
 geom_a = 0
 geom_q = 0
 geom_c = 0.0
f1, 0= 6.8176e-02
                       N restraints  r.m.s.d.  r.m.s.Z  Mn(sigma)
Bond distances, non H             4     0.001    0.077      0.013
Bond angles, non H                5     0.246    0.150      2.100
Chiral centres                    1     0.001    0.006      0.089



====== CYCLE  5 ======

 weight = 1.0000e+00
 geom_x = 0.06817595556807936
 geom_a = 0
 geom_q = 0
 geom_c = 0.0
f0= 6.8176e-02
using cgsolve in c++, ic=False
diag(geom) min= 1330.885788 max= 20526.369782
diag(all) min= 1330.885788 max= 20526.369782
Trying gamma equal 0.000000
Not converging with gamma equal 0.000000
Trying gamma equal 0.052500
Not converging with gamma equal 0.052500
Trying gamma equal 0.107625
Not converging with gamma equal 0.107625
Trying gamma equal 0.165506
Gamma decreased to 0.153930
min(dx) = -1.8551279801767574e-08
max(dx) = 7.822437819125115e-09
mean(dx)= -7.217384846511364e-10
vdws = 0
atoms = 4
pairs = 6
 geom_x = 0.06817595556778837
 geom_a = 0
 geom_q = 0
 geom_c = 0.0
f1, 0= 6.8176e-02
                       N restraints  r.m.s.d.  r.m.s.Z  Mn(sigma)
Bond distances, non H             4     0.001    0.077      0.013
Bond angles, non H                5     0.246    0.150      2.100
Chiral centres                    1     0.001    0.006      0.089



====== CYCLE  6 ======

 weight = 1.0000e+00
 geom_x = 0.06817595556778837
 geom_a = 0
 geom_q = 0
 geom_c = 0.0
f0= 6.8176e-02
using cgsolve in c++, ic=False
diag(geom) min= 1330.885808 max= 20526.369809
diag(all) min= 1330.885808 max= 20526.369809
Trying gamma equal 0.153930
Convergence reached after 6 iterations with no gamma cycles
min(dx) = -1.2033822833743786e-08
max(dx) = 5.47259753980973e-09
mean(dx)= -4.1367158843886945e-10
vdws = 0
atoms = 4
pairs = 6
 geom_x = 0.0681759555676627
 geom_a = 0
 geom_q = 0
 geom_c = 0.0
f1, 0= 6.8176e-02
                       N restraints  r.m.s.d.  r.m.s.Z  Mn(sigma)
Bond distances, non H             4     0.001    0.077      0.013
Bond angles, non H                5     0.246    0.150      2.100
Chiral centres                    1     0.001    0.006      0.089



====== CYCLE  7 ======

 weight = 1.0000e+00
 geom_x = 0.0681759555676627
 geom_a = 0
 geom_q = 0
 geom_c = 0.0
f0= 6.8176e-02
using cgsolve in c++, ic=False
diag(geom) min= 1330.885820 max= 20526.369819
diag(all) min= 1330.885820 max= 20526.369819
Trying gamma equal 0.153930
Convergence reached after 6 iterations with no gamma cycles
min(dx) = -7.482550667099537e-09
max(dx) = 3.478406150753244e-09
mean(dx)= -2.4405921421294246e-10
vdws = 0
atoms = 4
pairs = 6
 geom_x = 0.06817595556761755
 geom_a = 0
 geom_q = 0
 geom_c = 0.0
f1, 0= 6.8176e-02
                       N restraints  r.m.s.d.  r.m.s.Z  Mn(sigma)
Bond distances, non H             4     0.001    0.077      0.013
Bond angles, non H                5     0.246    0.150      2.100
Chiral centres                    1     0.001    0.006      0.089



====== CYCLE  8 ======

 weight = 1.0000e+00
 geom_x = 0.06817595556761755
 geom_a = 0
 geom_q = 0
 geom_c = 0.0
f0= 6.8176e-02
using cgsolve in c++, ic=False
diag(geom) min= 1330.885828 max= 20526.369822
diag(all) min= 1330.885828 max= 20526.369822
Trying gamma equal 0.153930
Convergence reached after 6 iterations with no gamma cycles
min(dx) = -4.693844603861598e-09
max(dx) = 2.2017947474431582e-09
mean(dx)= -1.494020639883246e-10
vdws = 0
atoms = 4
pairs = 6
 geom_x = 0.06817595556759885
 geom_a = 0
 geom_q = 0
 geom_c = 0.0
f1, 0= 6.8176e-02
                       N restraints  r.m.s.d.  r.m.s.Z  Mn(sigma)
Bond distances, non H             4     0.001    0.077      0.013
Bond angles, non H                5     0.246    0.150      2.100
Chiral centres                    1     0.001    0.006      0.089



====== CYCLE  9 ======

 weight = 1.0000e+00
 geom_x = 0.06817595556759885
 geom_a = 0
 geom_q = 0
 geom_c = 0.0
f0= 6.8176e-02
using cgsolve in c++, ic=False
diag(geom) min= 1330.885833 max= 20526.369824
diag(all) min= 1330.885833 max= 20526.369824
Trying gamma equal 0.153930
Convergence reached after 6 iterations with no gamma cycles
min(dx) = -2.955282676879612e-09
max(dx) = 1.3919097070398007e-09
mean(dx)= -9.299024702987359e-11
vdws = 0
atoms = 4
pairs = 6
 geom_x = 0.06817595556758316
 geom_a = 0
 geom_q = 0
 geom_c = 0.0
f1, 0= 6.8176e-02
                       N restraints  r.m.s.d.  r.m.s.Z  Mn(sigma)
Bond distances, non H             4     0.001    0.077      0.013
Bond angles, non H                5     0.246    0.150      2.100
Chiral centres                    1     0.001    0.006      0.089



====== CYCLE 10 ======

 weight = 1.0000e+00
 geom_x = 0.06817595556758316
 geom_a = 0
 geom_q = 0
 geom_c = 0.0
f0= 6.8176e-02
using cgsolve in c++, ic=False
diag(geom) min= 1330.885836 max= 20526.369825
diag(all) min= 1330.885836 max= 20526.369825
Trying gamma equal 0.153930
Convergence reached after 6 iterations with no gamma cycles
min(dx) = -1.863756311525984e-09
max(dx) = 8.794530842620015e-10
mean(dx)= -5.833041967426031e-11
vdws = 0
atoms = 4
pairs = 6
 geom_x = 0.0681759555675885
 geom_a = 0
 geom_q = 0
 geom_c = 0.0
f1, 0= 6.8176e-02
min(dx) = -9.31878155762992e-10
max(dx) = 4.3972654213100077e-10
mean(dx)= -2.9165209837130156e-11
vdws = 0
atoms = 4
pairs = 6
 geom_x = 0.068175955567584
 geom_a = 0
 geom_q = 0
 geom_c = 0.0
f1, 1= 6.8176e-02
min(dx) = -4.65939077881496e-10
max(dx) = 2.1986327106550039e-10
mean(dx)= -1.4582604918565078e-11
vdws = 0
atoms = 4
pairs = 6
 geom_x = 0.06817595556758409
 geom_a = 0
 geom_q = 0
 geom_c = 0.0
f1, 2= 6.8176e-02
WARNING: function not minimised
                       N restraints  r.m.s.d.  r.m.s.Z  Mn(sigma)
Bond distances, non H             4     0.001    0.077      0.013
Bond angles, non H                5     0.246    0.150      2.100
Chiral centres                    1     0.001    0.006      0.089


$TABLE: stats vs cycle :
$GRAPHS
: Geometry :A:1,2,4:
: Geometry Z :A:1,3,5:
$$
 Ncyc  rmsBOND  zBOND  rmsANGL  zANGL
$$
$$
    0   0.0426 3.3328   5.6348 2.0501
    1   0.0042 0.2934   0.9027 0.3155
    2   0.0008 0.0755   0.2529 0.1511
    3   0.0009 0.0770   0.2461 0.1497
    4   0.0009 0.0770   0.2460 0.1497
    5   0.0009 0.0770   0.2460 0.1497
    6   0.0009 0.0770   0.2460 0.1497
    7   0.0009 0.0770   0.2460 0.1497
    8   0.0009 0.0770   0.2460 0.1497
    9   0.0009 0.0770   0.2460 0.1497
   10   0.0009 0.0770   0.2460 0.1497
$$

Running 30 cycles with wchir=1 wvdw=2 without hydrogen
Geometry weights
vdws = 0
atoms = 4
pairs = 6
                       N restraints  r.m.s.d.  r.m.s.Z  Mn(sigma)
Bond distances, non H             4     0.001    0.077      0.013
Bond angles, non H                5     0.246    0.150      2.100
Chiral centres                    1     0.001    0.006      0.089


====== CYCLE  1 ======

 weight = 1.0000e+00
 geom_x = 0.0678932722057428
 geom_a = 0
 geom_q = 0
 geom_c = 0.0
f0= 6.7893e-02
using cgsolve in c++, ic=False
diag(geom) min= 266.521056 max= 13649.333714
diag(all) min= 266.521056 max= 13649.333714
Trying gamma equal 0.153930
Convergence reached after 6 iterations with no gamma cycles
min(dx) = -0.0003111127467741004
max(dx) = 0.0012461597364412204
mean(dx)= 0.0001852667303849804
vdws = 0
atoms = 4
pairs = 6
 geom_x = 0.06592882832890098
 geom_a = 0
 geom_q = 0
 geom_c = 0.0
f1, 0= 6.5929e-02
                       N restraints  r.m.s.d.  r.m.s.Z  Mn(sigma)
Bond distances, non H             4     0.001    0.076      0.013
Bond angles, non H                5     0.228    0.146      2.100
Chiral centres                    1     0.004    0.044      0.089



====== CYCLE  2 ======

 weight = 1.0000e+00
 geom_x = 0.06592882832890098
 geom_a = 0
 geom_q = 0
 geom_c = 0.0
f0= 6.5929e-02
using cgsolve in c++, ic=False
diag(geom) min= 266.772021 max= 13643.217161
diag(all) min= 266.772021 max= 13643.217161
Trying gamma equal 0.153930
Convergence reached after 6 iterations with no gamma cycles
min(dx) = -6.959684736090157e-05
max(dx) = 0.0002872985659306277
mean(dx)= 2.511743718238326e-05
vdws = 0
atoms = 4
pairs = 6
 geom_x = 0.0658687987194974
 geom_a = 0
 geom_q = 0
 geom_c = 0.0
f1, 0= 6.5869e-02
                       N restraints  r.m.s.d.  r.m.s.Z  Mn(sigma)
Bond distances, non H             4     0.001    0.076      0.013
Bond angles, non H                5     0.225    0.146      2.100
Chiral centres                    1     0.004    0.049      0.089



====== CYCLE  3 ======

 weight = 1.0000e+00
 geom_x = 0.0658687987194974
 geom_a = 0
 geom_q = 0
 geom_c = 0.0
f0= 6.5869e-02
using cgsolve in c++, ic=False
diag(geom) min= 266.736266 max= 13642.068880
diag(all) min= 266.736266 max= 13642.068880
Trying gamma equal 0.153930
Convergence reached after 6 iterations with no gamma cycles
min(dx) = -7.23814132311348e-05
max(dx) = 9.902711741300687e-05
mean(dx)= 4.757971385292122e-06
vdws = 0
atoms = 4
pairs = 6
 geom_x = 0.06586204494814447
 geom_a = 0
 geom_q = 0
 geom_c = 0.0
f1, 0= 6.5862e-02
                       N restraints  r.m.s.d.  r.m.s.Z  Mn(sigma)
Bond distances, non H             4     0.001    0.076      0.013
Bond angles, non H                5     0.225    0.146      2.100
Chiral centres                    1     0.004    0.050      0.089



====== CYCLE  4 ======

 weight = 1.0000e+00
 geom_x = 0.06586204494814447
 geom_a = 0
 geom_q = 0
 geom_c = 0.0
f0= 6.5862e-02
using cgsolve in c++, ic=False
diag(geom) min= 266.705752 max= 13641.729939
diag(all) min= 266.705752 max= 13641.729939
Trying gamma equal 0.153930
Convergence reached after 5 iterations with no gamma cycles
min(dx) = -3.387385011837533e-05
max(dx) = 3.654010639489725e-05
mean(dx)= 1.0828276215018301e-06
vdws = 0
atoms = 4
pairs = 6
 geom_x = 0.06586116433156819
 geom_a = 0
 geom_q = 0
 geom_c = 0.0
f1, 0= 6.5861e-02
                       N restraints  r.m.s.d.  r.m.s.Z  Mn(sigma)
Bond distances, non H             4     0.001    0.076      0.013
Bond angles, non H                5     0.225    0.146      2.100
Chiral centres                    1     0.004    0.050      0.089



====== CYCLE  5 ======

 weight = 1.0000e+00
 geom_x = 0.06586116433156819
 geom_a = 0
 geom_q = 0
 geom_c = 0.0
f0= 6.5861e-02
using cgsolve in c++, ic=False
diag(geom) min= 266.691493 max= 13641.615085
diag(all) min= 266.691493 max= 13641.615085
Trying gamma equal 0.153930
Convergence reached after 5 iterations with no gamma cycles
min(dx) = -1.3787149360794646e-05
max(dx) = 1.3551861863023826e-05
mean(dx)= 2.79595508525692e-07
vdws = 0
atoms = 4
pairs = 6
 geom_x = 0.06586104599186983
 geom_a = 0
 geom_q = 0
 geom_c = 0.0
f1, 0= 6.5861e-02
                       N restraints  r.m.s.d.  r.m.s.Z  Mn(sigma)
Bond distances, non H             4     0.001    0.076      0.013
Bond angles, non H                5     0.225    0.146      2.100
Chiral centres                    1     0.004    0.050      0.089



====== CYCLE  6 ======

 weight = 1.0000e+00
 geom_x = 0.06586104599186983
 geom_a = 0
 geom_q = 0
 geom_c = 0.0
f0= 6.5861e-02
using cgsolve in c++, ic=False
diag(geom) min= 266.685668 max= 13641.574389
diag(all) min= 266.685668 max= 13641.574389
Trying gamma equal 0.153930
Convergence reached after 5 iterations with no gamma cycles
min(dx) = -5.330646711316616e-06
max(dx) = 5.01617687702617e-06
mean(dx)= 8.040412834328261e-08
vdws = 0
atoms = 4
pairs = 6
 geom_x = 0.06586102995545454
 geom_a = 0
 geom_q = 0
 geom_c = 0.0
f1, 0= 6.5861e-02
                       N restraints  r.m.s.d.  r.m.s.Z  Mn(sigma)
Bond distances, non H             4     0.001    0.076      0.013
Bond angles, non H                5     0.225    0.146      2.100
Chiral centres                    1     0.004    0.050      0.089



====== CYCLE  7 ======

 weight = 1.0000e+00
 geom_x = 0.06586102995545454
 geom_a = 0
 geom_q = 0
 geom_c = 0.0
f0= 6.5861e-02
using cgsolve in c++, ic=False
diag(geom) min= 266.683410 max= 13641.559689
diag(all) min= 266.683410 max= 13641.559689
Trying gamma equal 0.153930
Convergence reached after 5 iterations with no gamma cycles
min(dx) = -2.0132990235139303e-06
max(dx) = 1.853549495393888e-06
mean(dx)= 2.5263836573991977e-08
vdws = 0
atoms = 4
pairs = 6
 geom_x = 0.06586102777722026
 geom_a = 0
 geom_q = 0
 geom_c = 0.0
f1, 0= 6.5861e-02
                       N restraints  r.m.s.d.  r.m.s.Z  Mn(sigma)
Bond distances, non H             4     0.001    0.076      0.013
Bond angles, non H                5     0.225    0.146      2.100
Chiral centres                    1     0.004    0.050      0.089



====== CYCLE  8 ======

 weight = 1.0000e+00
 geom_x = 0.06586102777722026
 geom_a = 0
 geom_q = 0
 geom_c = 0.0
f0= 6.5861e-02
using cgsolve in c++, ic=False
diag(geom) min= 266.682557 max= 13641.554327
diag(all) min= 266.682557 max= 13641.554327
Trying gamma equal 0.153930
Convergence reached after 5 iterations with no gamma cycles
min(dx) = -7.516202131842744e-07
max(dx) = 6.842312957645215e-07
mean(dx)= 8.46499131785272e-09
vdws = 0
atoms = 4
pairs = 6
 geom_x = 0.06586102748114948
 geom_a = 0
 geom_q = 0
 geom_c = 0.0
f1, 0= 6.5861e-02
                       N restraints  r.m.s.d.  r.m.s.Z  Mn(sigma)
Bond distances, non H             4     0.001    0.076      0.013
Bond angles, non H                5     0.225    0.146      2.100
Chiral centres                    1     0.004    0.050      0.089



====== CYCLE  9 ======

 weight = 1.0000e+00
 geom_x = 0.06586102748114948
 geom_a = 0
 geom_q = 0
 geom_c = 0.0
f0= 6.5861e-02
using cgsolve in c++, ic=False
diag(geom) min= 266.682238 max= 13641.552362
diag(all) min= 266.682238 max= 13641.552362
Trying gamma equal 0.153930
Convergence reached after 5 iterations with no gamma cycles
min(dx) = -2.789436464510972e-07
max(dx) = 2.524439120624511e-07
mean(dx)= 2.955694590635834e-09
vdws = 0
atoms = 4
pairs = 6
 geom_x = 0.06586102744090772
 geom_a = 0
 geom_q = 0
 geom_c = 0.0
f1, 0= 6.5861e-02
                       N restraints  r.m.s.d.  r.m.s.Z  Mn(sigma)
Bond distances, non H             4     0.001    0.076      0.013
Bond angles, non H                5     0.225    0.146      2.100
Chiral centres                    1     0.004    0.050      0.089



====== CYCLE 10 ======

 weight = 1.0000e+00
 geom_x = 0.06586102744090772
 geom_a = 0
 geom_q = 0
 geom_c = 0.0
f0= 6.5861e-02
using cgsolve in c++, ic=False
diag(geom) min= 266.682119 max= 13641.551639
diag(all) min= 266.682119 max= 13641.551639
Trying gamma equal 0.153930
Convergence reached after 5 iterations with no gamma cycles
min(dx) = -1.0320275162088773e-07
max(dx) = 9.311146912363592e-08
mean(dx)= 1.0577027328892072e-09
vdws = 0
atoms = 4
pairs = 6
 geom_x = 0.06586102743542936
 geom_a = 0
 geom_q = 0
 geom_c = 0.0
f1, 0= 6.5861e-02
                       N restraints  r.m.s.d.  r.m.s.Z  Mn(sigma)
Bond distances, non H             4     0.001    0.076      0.013
Bond angles, non H                5     0.225    0.146      2.100
Chiral centres                    1     0.004    0.050      0.089



====== CYCLE 11 ======

 weight = 1.0000e+00
 geom_x = 0.06586102743542936
 geom_a = 0
 geom_q = 0
 geom_c = 0.0
f0= 6.5861e-02
using cgsolve in c++, ic=False
diag(geom) min= 266.682075 max= 13641.551373
diag(all) min= 266.682075 max= 13641.551373
Trying gamma equal 0.153930
Convergence reached after 5 iterations with no gamma cycles
min(dx) = -3.8121342717212486e-08
max(dx) = 3.433789198820921e-08
mean(dx)= 3.837351152730507e-10
vdws = 0
atoms = 4
pairs = 6
 geom_x = 0.06586102743469098
 geom_a = 0
 geom_q = 0
 geom_c = 0.0
f1, 0= 6.5861e-02
                       N restraints  r.m.s.d.  r.m.s.Z  Mn(sigma)
Bond distances, non H             4     0.001    0.076      0.013
Bond angles, non H                5     0.225    0.146      2.100
Chiral centres                    1     0.004    0.050      0.089



====== CYCLE 12 ======

 weight = 1.0000e+00
 geom_x = 0.06586102743469098
 geom_a = 0
 geom_q = 0
 geom_c = 0.0
f0= 6.5861e-02
using cgsolve in c++, ic=False
diag(geom) min= 266.682059 max= 13641.551275
diag(all) min= 266.682059 max= 13641.551275
Trying gamma equal 0.153930
Convergence reached after 5 iterations with no gamma cycles
min(dx) = -1.4069357144618193e-08
max(dx) = 1.266225669214274e-08
mean(dx)= 1.4027820562061128e-10
vdws = 0
atoms = 4
pairs = 6
 geom_x = 0.06586102743458822
 geom_a = 0
 geom_q = 0
 geom_c = 0.0
f1, 0= 6.5861e-02
                       N restraints  r.m.s.d.  r.m.s.Z  Mn(sigma)
Bond distances, non H             4     0.001    0.076      0.013
Bond angles, non H                5     0.225    0.146      2.100
Chiral centres                    1     0.004    0.050      0.089



====== CYCLE 13 ======

 weight = 1.0000e+00
 geom_x = 0.06586102743458822
 geom_a = 0
 geom_q = 0
 geom_c = 0.0
f0= 6.5861e-02
using cgsolve in c++, ic=False
diag(geom) min= 266.682053 max= 13641.551239
diag(all) min= 266.682053 max= 13641.551239
Trying gamma equal 0.153930
Convergence reached after 5 iterations with no gamma cycles
min(dx) = -5.190262558171702e-09
max(dx) = 4.669046800702698e-09
mean(dx)= 5.1485780614892174e-11
vdws = 0
atoms = 4
pairs = 6
 geom_x = 0.0658610274345755
 geom_a = 0
 geom_q = 0
 geom_c = 0.0
f1, 0= 6.5861e-02
                       N restraints  r.m.s.d.  r.m.s.Z  Mn(sigma)
Bond distances, non H             4     0.001    0.076      0.013
Bond angles, non H                5     0.225    0.146      2.100
Chiral centres                    1     0.004    0.050      0.089



====== CYCLE 14 ======

 weight = 1.0000e+00
 geom_x = 0.0658610274345755
 geom_a = 0
 geom_q = 0
 geom_c = 0.0
f0= 6.5861e-02
using cgsolve in c++, ic=False
diag(geom) min= 266.682051 max= 13641.551226
diag(all) min= 266.682051 max= 13641.551226
Trying gamma equal 0.153930
Convergence reached after 5 iterations with no gamma cycles
min(dx) = -1.9142533227729667e-09
max(dx) = 1.7216218520645885e-09
mean(dx)= 1.8938313263955156e-11
vdws = 0
atoms = 4
pairs = 6
 geom_x = 0.06586102743457097
 geom_a = 0
 geom_q = 0
 geom_c = 0.0
f1, 0= 6.5861e-02
                       N restraints  r.m.s.d.  r.m.s.Z  Mn(sigma)
Bond distances, non H             4     0.001    0.076      0.013
Bond angles, non H                5     0.225    0.146      2.100
Chiral centres                    1     0.004    0.050      0.089



====== CYCLE 15 ======

 weight = 1.0000e+00
 geom_x = 0.06586102743457097
 geom_a = 0
 geom_q = 0
 geom_c = 0.0
f0= 6.5861e-02
using cgsolve in c++, ic=False
diag(geom) min= 266.682050 max= 13641.551221
diag(all) min= 266.682050 max= 13641.551221
Trying gamma equal 0.153930
Convergence reached after 5 iterations with no gamma cycles
min(dx) = -7.059249925050446e-10
max(dx) = 6.348043128204184e-10
mean(dx)= 6.973857405790958e-12
vdws = 0
atoms = 4
pairs = 6
 geom_x = 0.06586102743457492
 geom_a = 0
 geom_q = 0
 geom_c = 0.0
f1, 0= 6.5861e-02
min(dx) = -3.529624962525223e-10
max(dx) = 3.174021564102092e-10
mean(dx)= 3.486928702895479e-12
vdws = 0
atoms = 4
pairs = 6
 geom_x = 0.06586102743457391
 geom_a = 0
 geom_q = 0
 geom_c = 0.0
f1, 1= 6.5861e-02
min(dx) = -1.7648124812626115e-10
max(dx) = 1.587010782051046e-10
mean(dx)= 1.7434643514477396e-12
vdws = 0
atoms = 4
pairs = 6
 geom_x = 0.06586102743457292
 geom_a = 0
 geom_q = 0
 geom_c = 0.0
f1, 2= 6.5861e-02
WARNING: function not minimised
                       N restraints  r.m.s.d.  r.m.s.Z  Mn(sigma)
Bond distances, non H             4     0.001    0.076      0.013
Bond angles, non H                5     0.225    0.146      2.100
Chiral centres                    1     0.004    0.050      0.089



====== CYCLE 16 ======

 weight = 1.0000e+00
 geom_x = 0.06586102743457292
 geom_a = 0
 geom_q = 0
 geom_c = 0.0
f0= 6.5861e-02
using cgsolve in c++, ic=False
diag(geom) min= 266.682050 max= 13641.551221
diag(all) min= 266.682050 max= 13641.551221
Trying gamma equal 0.153930
Convergence reached after 5 iterations with no gamma cycles
min(dx) = -5.945209384854671e-10
max(dx) = 5.346203193276152e-10
mean(dx)= 5.8727927431152534e-12
vdws = 0
atoms = 4
pairs = 6
 geom_x = 0.06586102743457335
 geom_a = 0
 geom_q = 0
 geom_c = 0.0
f1, 0= 6.5861e-02
min(dx) = -2.9726046924273356e-10
max(dx) = 2.673101596638076e-10
mean(dx)= 2.9363963715576267e-12
vdws = 0
atoms = 4
pairs = 6
 geom_x = 0.0658610274345758
 geom_a = 0
 geom_q = 0
 geom_c = 0.0
f1, 1= 6.5861e-02
min(dx) = -1.4863023462136678e-10
max(dx) = 1.336550798319038e-10
mean(dx)= 1.4681981857788134e-12
vdws = 0
atoms = 4
pairs = 6
 geom_x = 0.06586102743457177
 geom_a = 0
 geom_q = 0
 geom_c = 0.0
f1, 2= 6.5861e-02
                       N restraints  r.m.s.d.  r.m.s.Z  Mn(sigma)
Bond distances, non H             4     0.001    0.076      0.013
Bond angles, non H                5     0.225    0.146      2.100
Chiral centres                    1     0.004    0.050      0.089



====== CYCLE 17 ======

 weight = 1.0000e+00
 geom_x = 0.06586102743457177
 geom_a = 0
 geom_q = 0
 geom_c = 0.0
f0= 6.5861e-02
using cgsolve in c++, ic=False
diag(geom) min= 266.682050 max= 13641.551220
diag(all) min= 266.682050 max= 13641.551220
Trying gamma equal 0.153930
Convergence reached after 5 iterations with no gamma cycles
min(dx) = -5.006972471321697e-10
max(dx) = 4.502468897590718e-10
mean(dx)= 4.9456059371806736e-12
vdws = 0
atoms = 4
pairs = 6
 geom_x = 0.06586102743457256
 geom_a = 0
 geom_q = 0
 geom_c = 0.0
f1, 0= 6.5861e-02
min(dx) = -2.5034862356608483e-10
max(dx) = 2.251234448795359e-10
mean(dx)= 2.4728029685903368e-12
vdws = 0
atoms = 4
pairs = 6
 geom_x = 0.06586102743456936
 geom_a = 0
 geom_q = 0
 geom_c = 0.0
f1, 1= 6.5861e-02
                       N restraints  r.m.s.d.  r.m.s.Z  Mn(sigma)
Bond distances, non H             4     0.001    0.076      0.013
Bond angles, non H                5     0.225    0.146      2.100
Chiral centres                    1     0.004    0.050      0.089



====== CYCLE 18 ======

 weight = 1.0000e+00
 geom_x = 0.06586102743456936
 geom_a = 0
 geom_q = 0
 geom_c = 0.0
f0= 6.5861e-02
using cgsolve in c++, ic=False
diag(geom) min= 266.682050 max= 13641.551220
diag(all) min= 266.682050 max= 13641.551220
Trying gamma equal 0.153930
Convergence reached after 5 iterations with no gamma cycles
min(dx) = -3.426626892788646e-10
max(dx) = 3.0813217546806565e-10
mean(dx)= 3.384066414003945e-12
vdws = 0
atoms = 4
pairs = 6
 geom_x = 0.06586102743457035
 geom_a = 0
 geom_q = 0
 geom_c = 0.0
f1, 0= 6.5861e-02
min(dx) = -1.713313446394323e-10
max(dx) = 1.5406608773403283e-10
mean(dx)= 1.6920332070019725e-12
vdws = 0
atoms = 4
pairs = 6
 geom_x = 0.06586102743457185
 geom_a = 0
 geom_q = 0
 geom_c = 0.0
f1, 1= 6.5861e-02
min(dx) = -8.566567231971615e-11
max(dx) = 7.703304386701641e-11
mean(dx)= 8.460166035009862e-13
vdws = 0
atoms = 4
pairs = 6
 geom_x = 0.0658610274345727
 geom_a = 0
 geom_q = 0
 geom_c = 0.0
f1, 2= 6.5861e-02
WARNING: function not minimised
                       N restraints  r.m.s.d.  r.m.s.Z  Mn(sigma)
Bond distances, non H             4     0.001    0.076      0.013
Bond angles, non H                5     0.225    0.146      2.100
Chiral centres                    1     0.004    0.050      0.089



====== CYCLE 19 ======

 weight = 1.0000e+00
 geom_x = 0.0658610274345727
 geom_a = 0
 geom_q = 0
 geom_c = 0.0
f0= 6.5861e-02
using cgsolve in c++, ic=False
diag(geom) min= 266.682050 max= 13641.551219
diag(all) min= 266.682050 max= 13641.551219
Trying gamma equal 0.153930
Convergence reached after 5 iterations with no gamma cycles
min(dx) = -2.885855307972322e-10
max(dx) = 2.5950324310312727e-10
mean(dx)= 2.84982901336175e-12
vdws = 0
atoms = 4
pairs = 6
 geom_x = 0.06586102743457081
 geom_a = 0
 geom_q = 0
 geom_c = 0.0
f1, 0= 6.5861e-02
                       N restraints  r.m.s.d.  r.m.s.Z  Mn(sigma)
Bond distances, non H             4     0.001    0.076      0.013
Bond angles, non H                5     0.225    0.146      2.100
Chiral centres                    1     0.004    0.050      0.089



====== CYCLE 20 ======

 weight = 1.0000e+00
 geom_x = 0.06586102743457081
 geom_a = 0
 geom_q = 0
 geom_c = 0.0
f0= 6.5861e-02
using cgsolve in c++, ic=False
diag(geom) min= 266.682050 max= 13641.551219
diag(all) min= 266.682050 max= 13641.551219
Trying gamma equal 0.153930
Convergence reached after 5 iterations with no gamma cycles
min(dx) = -1.064137154557109e-10
max(dx) = 9.568425500032992e-11
mean(dx)= 1.0502418221298004e-12
vdws = 0
atoms = 4
pairs = 6
 geom_x = 0.06586102743457224
 geom_a = 0
 geom_q = 0
 geom_c = 0.0
f1, 0= 6.5861e-02
min(dx) = -5.320685772785545e-11
max(dx) = 4.784212750016496e-11
mean(dx)= 5.251209110649002e-13
vdws = 0
atoms = 4
pairs = 6
 geom_x = 0.06586102743457024
 geom_a = 0
 geom_q = 0
 geom_c = 0.0
f1, 1= 6.5861e-02
                       N restraints  r.m.s.d.  r.m.s.Z  Mn(sigma)
Bond distances, non H             4     0.001    0.076      0.013
Bond angles, non H                5     0.225    0.146      2.100
Chiral centres                    1     0.004    0.050      0.089



====== CYCLE 21 ======

 weight = 1.0000e+00
 geom_x = 0.06586102743457024
 geom_a = 0
 geom_q = 0
 geom_c = 0.0
f0= 6.5861e-02
using cgsolve in c++, ic=False
diag(geom) min= 266.682050 max= 13641.551218
diag(all) min= 266.682050 max= 13641.551218
Trying gamma equal 0.153930
Convergence reached after 5 iterations with no gamma cycles
min(dx) = -7.282580324887429e-11
max(dx) = 6.548246045452749e-11
mean(dx)= 7.187095204783035e-13
vdws = 0
atoms = 4
pairs = 6
 geom_x = 0.06586102743457245
 geom_a = 0
 geom_q = 0
 geom_c = 0.0
f1, 0= 6.5861e-02
min(dx) = -3.6412901624437146e-11
max(dx) = 3.2741230227263744e-11
mean(dx)= 3.5935476023915176e-13
vdws = 0
atoms = 4
pairs = 6
 geom_x = 0.06586102743456942
 geom_a = 0
 geom_q = 0
 geom_c = 0.0
f1, 1= 6.5861e-02
                       N restraints  r.m.s.d.  r.m.s.Z  Mn(sigma)
Bond distances, non H             4     0.001    0.076      0.013
Bond angles, non H                5     0.225    0.146      2.100
Chiral centres                    1     0.004    0.050      0.089



====== CYCLE 22 ======

 weight = 1.0000e+00
 geom_x = 0.06586102743456942
 geom_a = 0
 geom_q = 0
 geom_c = 0.0
f0= 6.5861e-02
using cgsolve in c++, ic=False
diag(geom) min= 266.682050 max= 13641.551218
diag(all) min= 266.682050 max= 13641.551218
Trying gamma equal 0.153930
Convergence reached after 5 iterations with no gamma cycles
min(dx) = -4.9839861649518835e-11
max(dx) = 4.481362867292957e-11
mean(dx)= 4.91789572441762e-13
vdws = 0
atoms = 4
pairs = 6
 geom_x = 0.06586102743457393
 geom_a = 0
 geom_q = 0
 geom_c = 0.0
f1, 0= 6.5861e-02
min(dx) = -2.4919930824759417e-11
max(dx) = 2.2406814336464783e-11
mean(dx)= 2.45894786220881e-13
vdws = 0
atoms = 4
pairs = 6
 geom_x = 0.06586102743457632
 geom_a = 0
 geom_q = 0
 geom_c = 0.0
f1, 1= 6.5861e-02
min(dx) = -1.2459965412379709e-11
max(dx) = 1.1203407168232392e-11
mean(dx)= 1.229473931104405e-13
vdws = 0
atoms = 4
pairs = 6
 geom_x = 0.06586102743457238
 geom_a = 0
 geom_q = 0
 geom_c = 0.0
f1, 2= 6.5861e-02
WARNING: function not minimised
                       N restraints  r.m.s.d.  r.m.s.Z  Mn(sigma)
Bond distances, non H             4     0.001    0.076      0.013
Bond angles, non H                5     0.225    0.146      2.100
Chiral centres                    1     0.004    0.050      0.089



====== CYCLE 23 ======

 weight = 1.0000e+00
 geom_x = 0.06586102743457238
 geom_a = 0
 geom_q = 0
 geom_c = 0.0
f0= 6.5861e-02
using cgsolve in c++, ic=False
diag(geom) min= 266.682050 max= 13641.551218
diag(all) min= 266.682050 max= 13641.551218
Trying gamma equal 0.153930
Convergence reached after 5 iterations with no gamma cycles
min(dx) = -4.197375614323221e-11
max(dx) = 3.77409297047387e-11
mean(dx)= 4.1417317179757754e-13
vdws = 0
atoms = 4
pairs = 6
 geom_x = 0.06586102743457355
 geom_a = 0
 geom_q = 0
 geom_c = 0.0
f1, 0= 6.5861e-02
min(dx) = -2.0986878071616106e-11
max(dx) = 1.887046485236935e-11
mean(dx)= 2.0708658589878877e-13
vdws = 0
atoms = 4
pairs = 6
 geom_x = 0.06586102743457549
 geom_a = 0
 geom_q = 0
 geom_c = 0.0
f1, 1= 6.5861e-02
min(dx) = -1.0493439035808053e-11
max(dx) = 9.435232426184675e-12
mean(dx)= 1.0354329294939438e-13
vdws = 0
atoms = 4
pairs = 6
 geom_x = 0.06586102743457288
 geom_a = 0
 geom_q = 0
 geom_c = 0.0
f1, 2= 6.5861e-02
WARNING: function not minimised
                       N restraints  r.m.s.d.  r.m.s.Z  Mn(sigma)
Bond distances, non H             4     0.001    0.076      0.013
Bond angles, non H                5     0.225    0.146      2.100
Chiral centres                    1     0.004    0.050      0.089



====== CYCLE 24 ======

 weight = 1.0000e+00
 geom_x = 0.06586102743457288
 geom_a = 0
 geom_q = 0
 geom_c = 0.0
f0= 6.5861e-02
using cgsolve in c++, ic=False
diag(geom) min= 266.682050 max= 13641.551218
diag(all) min= 266.682050 max= 13641.551218
Trying gamma equal 0.153930
Convergence reached after 5 iterations with no gamma cycles
min(dx) = -3.534958424797643e-11
max(dx) = 3.178495354070394e-11
mean(dx)= 3.4881897397885173e-13
vdws = 0
atoms = 4
pairs = 6
 geom_x = 0.06586102743457167
 geom_a = 0
 geom_q = 0
 geom_c = 0.0
f1, 0= 6.5861e-02
                       N restraints  r.m.s.d.  r.m.s.Z  Mn(sigma)
Bond distances, non H             4     0.001    0.076      0.013
Bond angles, non H                5     0.225    0.146      2.100
Chiral centres                    1     0.004    0.050      0.089



====== CYCLE 25 ======

 weight = 1.0000e+00
 geom_x = 0.06586102743457167
 geom_a = 0
 geom_q = 0
 geom_c = 0.0
f0= 6.5861e-02
using cgsolve in c++, ic=False
diag(geom) min= 266.682050 max= 13641.551218
diag(all) min= 266.682050 max= 13641.551218
Trying gamma equal 0.153930
Convergence reached after 5 iterations with no gamma cycles
min(dx) = -1.3034635801621534e-11
max(dx) = 1.1719897181618979e-11
mean(dx)= 1.2859137485146746e-13
vdws = 0
atoms = 4
pairs = 6
 geom_x = 0.0658610274345742
 geom_a = 0
 geom_q = 0
 geom_c = 0.0
f1, 0= 6.5861e-02
min(dx) = -6.517317900810767e-12
max(dx) = 5.859948590809489e-12
mean(dx)= 6.429568742573373e-14
vdws = 0
atoms = 4
pairs = 6
 geom_x = 0.0658610274345713
 geom_a = 0
 geom_q = 0
 geom_c = 0.0
f1, 1= 6.5861e-02
                       N restraints  r.m.s.d.  r.m.s.Z  Mn(sigma)
Bond distances, non H             4     0.001    0.076      0.013
Bond angles, non H                5     0.225    0.146      2.100
Chiral centres                    1     0.004    0.050      0.089



====== CYCLE 26 ======

 weight = 1.0000e+00
 geom_x = 0.0658610274345713
 geom_a = 0
 geom_q = 0
 geom_c = 0.0
f0= 6.5861e-02
using cgsolve in c++, ic=False
diag(geom) min= 266.682050 max= 13641.551218
diag(all) min= 266.682050 max= 13641.551218
Trying gamma equal 0.153930
Convergence reached after 5 iterations with no gamma cycles
min(dx) = -8.920108123431086e-12
max(dx) = 8.020608225181375e-12
mean(dx)= 8.80312239024765e-14
vdws = 0
atoms = 4
pairs = 6
 geom_x = 0.06586102743457097
 geom_a = 0
 geom_q = 0
 geom_c = 0.0
f1, 0= 6.5861e-02
                       N restraints  r.m.s.d.  r.m.s.Z  Mn(sigma)
Bond distances, non H             4     0.001    0.076      0.013
Bond angles, non H                5     0.225    0.146      2.100
Chiral centres                    1     0.004    0.050      0.089



====== CYCLE 27 ======

 weight = 1.0000e+00
 geom_x = 0.06586102743457097
 geom_a = 0
 geom_q = 0
 geom_c = 0.0
f0= 6.5861e-02
using cgsolve in c++, ic=False
diag(geom) min= 266.682050 max= 13641.551218
diag(all) min= 266.682050 max= 13641.551218
Trying gamma equal 0.153930
Convergence reached after 5 iterations with no gamma cycles
min(dx) = -3.2889141520250164e-12
max(dx) = 2.9570131386695117e-12
mean(dx)= 3.242788801334886e-14
vdws = 0
atoms = 4
pairs = 6
 geom_x = 0.06586102743457224
 geom_a = 0
 geom_q = 0
 geom_c = 0.0
f1, 0= 6.5861e-02
min(dx) = -1.6444570760125082e-12
max(dx) = 1.4785065693347559e-12
mean(dx)= 1.621394400667443e-14
vdws = 0
atoms = 4
pairs = 6
 geom_x = 0.06586102743457384
 geom_a = 0
 geom_q = 0
 geom_c = 0.0
f1, 1= 6.5861e-02
min(dx) = -8.222285380062541e-13
max(dx) = 7.392532846673779e-13
mean(dx)= 8.106972003337215e-15
vdws = 0
atoms = 4
pairs = 6
 geom_x = 0.06586102743457102
 geom_a = 0
 geom_q = 0
 geom_c = 0.0
f1, 2= 6.5861e-02
WARNING: function not minimised
                       N restraints  r.m.s.d.  r.m.s.Z  Mn(sigma)
Bond distances, non H             4     0.001    0.076      0.013
Bond angles, non H                5     0.225    0.146      2.100
Chiral centres                    1     0.004    0.050      0.089



====== CYCLE 28 ======

 weight = 1.0000e+00
 geom_x = 0.06586102743457102
 geom_a = 0
 geom_q = 0
 geom_c = 0.0
f0= 6.5861e-02
using cgsolve in c++, ic=False
diag(geom) min= 266.682050 max= 13641.551218
diag(all) min= 266.682050 max= 13641.551218
Trying gamma equal 0.153930
Convergence reached after 5 iterations with no gamma cycles
min(dx) = -2.770294045949436e-12
max(dx) = 2.490483211250269e-12
mean(dx)= 2.7289596535283157e-14
vdws = 0
atoms = 4
pairs = 6
 geom_x = 0.06586102743457359
 geom_a = 0
 geom_q = 0
 geom_c = 0.0
f1, 0= 6.5861e-02
min(dx) = -1.385147022974718e-12
max(dx) = 1.2452416056251345e-12
mean(dx)= 1.3644798267641579e-14
vdws = 0
atoms = 4
pairs = 6
 geom_x = 0.06586102743457171
 geom_a = 0
 geom_q = 0
 geom_c = 0.0
f1, 1= 6.5861e-02
min(dx) = -6.92573511487359e-13
max(dx) = 6.226208028125672e-13
mean(dx)= 6.822399133820789e-15
vdws = 0
atoms = 4
pairs = 6
 geom_x = 0.0658610274345726
 geom_a = 0
 geom_q = 0
 geom_c = 0.0
f1, 2= 6.5861e-02
WARNING: function not minimised
                       N restraints  r.m.s.d.  r.m.s.Z  Mn(sigma)
Bond distances, non H             4     0.001    0.076      0.013
Bond angles, non H                5     0.225    0.146      2.100
Chiral centres                    1     0.004    0.050      0.089



====== CYCLE 29 ======

 weight = 1.0000e+00
 geom_x = 0.0658610274345726
 geom_a = 0
 geom_q = 0
 geom_c = 0.0
f0= 6.5861e-02
using cgsolve in c++, ic=False
diag(geom) min= 266.682050 max= 13641.551218
diag(all) min= 266.682050 max= 13641.551218
Trying gamma equal 0.153930
Convergence reached after 5 iterations with no gamma cycles
min(dx) = -2.333188588428041e-12
max(dx) = 2.0975940000343793e-12
mean(dx)= 2.2976641995727106e-14
vdws = 0
atoms = 4
pairs = 6
 geom_x = 0.06586102743457244
 geom_a = 0
 geom_q = 0
 geom_c = 0.0
f1, 0= 6.5861e-02
                       N restraints  r.m.s.d.  r.m.s.Z  Mn(sigma)
Bond distances, non H             4     0.001    0.076      0.013
Bond angles, non H                5     0.225    0.146      2.100
Chiral centres                    1     0.004    0.050      0.089



====== CYCLE 30 ======

 weight = 1.0000e+00
 geom_x = 0.06586102743457244
 geom_a = 0
 geom_q = 0
 geom_c = 0.0
f0= 6.5861e-02
using cgsolve in c++, ic=False
diag(geom) min= 266.682050 max= 13641.551218
diag(all) min= 266.682050 max= 13641.551218
Trying gamma equal 0.153930
Convergence reached after 5 iterations with no gamma cycles
min(dx) = -8.60077240052258e-13
max(dx) = 7.734547151951396e-13
mean(dx)= 8.502474444995925e-15
vdws = 0
atoms = 4
pairs = 6
 geom_x = 0.06586102743457219
 geom_a = 0
 geom_q = 0
 geom_c = 0.0
f1, 0= 6.5861e-02
                       N restraints  r.m.s.d.  r.m.s.Z  Mn(sigma)
Bond distances, non H             4     0.001    0.076      0.013
Bond angles, non H                5     0.225    0.146      2.100
Chiral centres                    1     0.004    0.050      0.089


$TABLE: stats vs cycle :
$GRAPHS
: Geometry :A:1,2,4:
: Geometry Z :A:1,3,5:
$$
 Ncyc  rmsBOND  zBOND  rmsANGL  zANGL
$$
$$
    0   0.0009 0.0770   0.2460 0.1497
    1   0.0008 0.0758   0.2277 0.1462
    2   0.0008 0.0758   0.2254 0.1459
    3   0.0008 0.0758   0.2249 0.1458
    4   0.0008 0.0758   0.2247 0.1458
    5   0.0008 0.0758   0.2246 0.1458
    6   0.0008 0.0758   0.2246 0.1458
    7   0.0008 0.0758   0.2246 0.1458
    8   0.0008 0.0758   0.2246 0.1458
    9   0.0008 0.0758   0.2246 0.1458
   10   0.0008 0.0758   0.2246 0.1458
   11   0.0008 0.0758   0.2246 0.1458
   12   0.0008 0.0758   0.2246 0.1458
   13   0.0008 0.0758   0.2246 0.1458
   14   0.0008 0.0758   0.2246 0.1458
   15   0.0008 0.0758   0.2246 0.1458
   16   0.0008 0.0758   0.2246 0.1458
   17   0.0008 0.0758   0.2246 0.1458
   18   0.0008 0.0758   0.2246 0.1458
   19   0.0008 0.0758   0.2246 0.1458
   20   0.0008 0.0758   0.2246 0.1458
   21   0.0008 0.0758   0.2246 0.1458
   22   0.0008 0.0758   0.2246 0.1458
   23   0.0008 0.0758   0.2246 0.1458
   24   0.0008 0.0758   0.2246 0.1458
   25   0.0008 0.0758   0.2246 0.1458
   26   0.0008 0.0758   0.2246 0.1458
   27   0.0008 0.0758   0.2246 0.1458
   28   0.0008 0.0758   0.2246 0.1458
   29   0.0008 0.0758   0.2246 0.1458
   30   0.0008 0.0758   0.2246 0.1458
$$

Creating restraints..

Chain info:
 chain 
  ligands: EPX (1 residues)

Number of refinement parameters:
       n_params  n_atoms  n_atoms_geom_only  n_atoms_data_only
xyz          10       10                  6                  0
adp           0        0                  0                  0
occ           0        0                  0                  0
dfrac         0        0                  0                  0

Randomizing structure with rmsd of 0.01
Torsion angle rules:
 include:
  {'group': 'peptide', 'tors_name': 'chi*'}
  {'link': '*', 'tors_name': 'omega'}
  {'residue': '*', 'tors_name': 'sp2_sp2*'}
  {'link': '*', 'tors_name': 'sp2_sp2*'}
 exclude:
  none
External restraints from Refmac instructions
 Number of distances          : 0
 Number of angles             : 0
 Number of torsions           : 0
 Number of chirals            : 0
 Number of planes             : 0
 Number of intervals          : 0
 Number of stackings          : 0
 Number of harmonics          : 0
 Number of special positions  : 0

Running 10 cycles with wchir=4 wvdw=2 with hydrogen
Geometry weights
vdws = 15
atoms = 10
pairs = 41
                          N restraints  r.m.s.d.  r.m.s.Z  Mn(sigma)
Bond distances, non H                4     0.008    0.768      0.013
Bond distances, H                    6     0.008    0.480      0.016
Bond angles, non H                   5     0.581    0.302      2.100
Bond angles, H                      14     0.703    0.424      1.929
Torsion angles, period 3             1     0.286    0.029     10.000
Chiral centres                       1     0.006    0.072      0.089


====== CYCLE  1 ======

 weight = 1.0000e+00
 geom_x = 3.396465543917856
 geom_a = 0
 geom_q = 0
 geom_c = 0.0
f0= 3.3965e+00
using cgsolve in c++, ic=False
diag(geom) min= 890.349024 max= 29078.712743
diag(all) min= 890.349024 max= 29078.712743
Trying gamma equal 0.000000
Convergence reached after 24 iterations with no gamma cycles
min(dx) = -0.013496251647956058
max(dx) = 0.008704131528599257
mean(dx)= -0.0019419782806787123
vdws = 15
atoms = 10
pairs = 41
 geom_x = 0.10759517425185214
 geom_a = 0
 geom_q = 0
 geom_c = 0.0
f1, 0= 1.0760e-01
                          N restraints  r.m.s.d.  r.m.s.Z  Mn(sigma)
Bond distances, non H                4     0.001    0.075      0.013
Bond distances, H                    6     0.000    0.006      0.016
Bond angles, non H                   5     0.268    0.154      2.100
Bond angles, H                      14     0.170    0.073      1.929
Torsion angles, period 3             1     0.007    0.001     10.000
Chiral centres                       1     0.000    0.003      0.089



====== CYCLE  2 ======

 weight = 1.0000e+00
 geom_x = 0.10759517425185214
 geom_a = 0
 geom_q = 0
 geom_c = 0.0
f0= 1.0760e-01
using cgsolve in c++, ic=False
diag(geom) min= 875.042148 max= 29281.444007
diag(all) min= 875.042148 max= 29281.444007
Trying gamma equal 0.000000
Not converging with gamma equal 0.000000
Trying gamma equal 0.052500
Gamma decreased to 0.042000
min(dx) = -0.00024814981267021213
max(dx) = 0.0001260419343067424
mean(dx)= -1.735397580258783e-06
vdws = 15
atoms = 10
pairs = 41
 geom_x = 0.10718109187548792
 geom_a = 0
 geom_q = 0
 geom_c = 0.0
f1, 0= 1.0718e-01
                          N restraints  r.m.s.d.  r.m.s.Z  Mn(sigma)
Bond distances, non H                4     0.001    0.073      0.013
Bond distances, H                    6     0.000    0.000      0.016
Bond angles, non H                   5     0.266    0.154      2.100
Bond angles, H                      14     0.172    0.073      1.929
Torsion angles, period 3             1     0.001    0.000     10.000
Chiral centres                       1     0.000    0.001      0.089



====== CYCLE  3 ======

 weight = 1.0000e+00
 geom_x = 0.10718109187548792
 geom_a = 0
 geom_q = 0
 geom_c = 0.0
f0= 1.0718e-01
using cgsolve in c++, ic=False
diag(geom) min= 875.048923 max= 29280.697999
diag(all) min= 875.048923 max= 29280.697999
Trying gamma equal 0.042000
Convergence reached after 21 iterations with no gamma cycles
min(dx) = -3.8517325235030426e-05
max(dx) = 4.761191449755565e-05
mean(dx)= 4.339973597867823e-06
vdws = 15
atoms = 10
pairs = 41
 geom_x = 0.10717619130489692
 geom_a = 0
 geom_q = 0
 geom_c = 0.0
f1, 0= 1.0718e-01
                          N restraints  r.m.s.d.  r.m.s.Z  Mn(sigma)
Bond distances, non H                4     0.001    0.073      0.013
Bond distances, H                    6     0.000    0.000      0.016
Bond angles, non H                   5     0.265    0.154      2.100
Bond angles, H                      14     0.172    0.073      1.929
Torsion angles, period 3             1     0.002    0.000     10.000
Chiral centres                       1     0.000    0.001      0.089



====== CYCLE  4 ======

 weight = 1.0000e+00
 geom_x = 0.10717619130489692
 geom_a = 0
 geom_q = 0
 geom_c = 0.0
f0= 1.0718e-01
using cgsolve in c++, ic=False
diag(geom) min= 875.038012 max= 29280.441145
diag(all) min= 875.038012 max= 29280.441145
Trying gamma equal 0.042000
Convergence reached after 20 iterations with no gamma cycles
min(dx) = -1.608026074532759e-05
max(dx) = 1.604647530632817e-05
mean(dx)= 1.608860740046458e-06
vdws = 15
atoms = 10
pairs = 41
 geom_x = 0.10717559689651758
 geom_a = 0
 geom_q = 0
 geom_c = 0.0
f1, 0= 1.0718e-01
                          N restraints  r.m.s.d.  r.m.s.Z  Mn(sigma)
Bond distances, non H                4     0.001    0.073      0.013
Bond distances, H                    6     0.000    0.000      0.016
Bond angles, non H                   5     0.265    0.154      2.100
Bond angles, H                      14     0.173    0.073      1.929
Torsion angles, period 3             1     0.002    0.000     10.000
Chiral centres                       1     0.000    0.001      0.089



====== CYCLE  5 ======

 weight = 1.0000e+00
 geom_x = 0.10717559689651758
 geom_a = 0
 geom_q = 0
 geom_c = 0.0
f0= 1.0718e-01
using cgsolve in c++, ic=False
diag(geom) min= 875.033440 max= 29280.383414
diag(all) min= 875.033440 max= 29280.383414
Trying gamma equal 0.042000
Convergence reached after 17 iterations with no gamma cycles
min(dx) = -6.86280387966314e-06
max(dx) = 7.2624997158765405e-06
mean(dx)= 5.708493805456241e-07
vdws = 15
atoms = 10
pairs = 41
 geom_x = 0.10717550422740683
 geom_a = 0
 geom_q = 0
 geom_c = 0.0
f1, 0= 1.0718e-01
                          N restraints  r.m.s.d.  r.m.s.Z  Mn(sigma)
Bond distances, non H                4     0.001    0.073      0.013
Bond distances, H                    6     0.000    0.000      0.016
Bond angles, non H                   5     0.265    0.154      2.100
Bond angles, H                      14     0.173    0.073      1.929
Torsion angles, period 3             1     0.002    0.000     10.000
Chiral centres                       1     0.000    0.001      0.089



====== CYCLE  6 ======

 weight = 1.0000e+00
 geom_x = 0.10717550422740683
 geom_a = 0
 geom_q = 0
 geom_c = 0.0
f0= 1.0718e-01
using cgsolve in c++, ic=False
diag(geom) min= 875.031625 max= 29280.378910
diag(all) min= 875.031625 max= 29280.378910
Trying gamma equal 0.042000
Convergence reached after 18 iterations with no gamma cycles
min(dx) = -3.769730624351335e-06
max(dx) = 3.5902929948766765e-06
mean(dx)= 1.9721702347791268e-07
vdws = 15
atoms = 10
pairs = 41
 geom_x = 0.1071754842843221
 geom_a = 0
 geom_q = 0
 geom_c = 0.0
f1, 0= 1.0718e-01
                          N restraints  r.m.s.d.  r.m.s.Z  Mn(sigma)
Bond distances, non H                4     0.001    0.073      0.013
Bond distances, H                    6     0.000    0.000      0.016
Bond angles, non H                   5     0.265    0.154      2.100
Bond angles, H                      14     0.173    0.073      1.929
Torsion angles, period 3             1     0.002    0.000     10.000
Chiral centres                       1     0.000    0.001      0.089



====== CYCLE  7 ======

 weight = 1.0000e+00
 geom_x = 0.1071754842843221
 geom_a = 0
 geom_q = 0
 geom_c = 0.0
f0= 1.0718e-01
using cgsolve in c++, ic=False
diag(geom) min= 875.030914 max= 29280.390349
diag(all) min= 875.030914 max= 29280.390349
Trying gamma equal 0.042000
Not converging with gamma equal 0.042000
Trying gamma equal 0.094500
Not converging with gamma equal 0.094500
Trying gamma equal 0.149625
Gamma decreased to 0.138600
min(dx) = -1.0463936082508534e-06
max(dx) = 8.879178928985336e-07
mean(dx)= 3.566872688143124e-08
vdws = 15
atoms = 10
pairs = 41
 geom_x = 0.10717548135538983
 geom_a = 0
 geom_q = 0
 geom_c = 0.0
f1, 0= 1.0718e-01
                          N restraints  r.m.s.d.  r.m.s.Z  Mn(sigma)
Bond distances, non H                4     0.001    0.073      0.013
Bond distances, H                    6     0.000    0.000      0.016
Bond angles, non H                   5     0.265    0.154      2.100
Bond angles, H                      14     0.173    0.073      1.929
Torsion angles, period 3             1     0.002    0.000     10.000
Chiral centres                       1     0.000    0.001      0.089



====== CYCLE  8 ======

 weight = 1.0000e+00
 geom_x = 0.10717548135538983
 geom_a = 0
 geom_q = 0
 geom_c = 0.0
f0= 1.0718e-01
using cgsolve in c++, ic=False
diag(geom) min= 875.030774 max= 29280.394358
diag(all) min= 875.030774 max= 29280.394358
Trying gamma equal 0.138600
Convergence reached after 14 iterations with no gamma cycles
min(dx) = -1.0977077844922894e-06
max(dx) = 8.769853838840013e-07
mean(dx)= 2.3370932412961837e-08
vdws = 15
atoms = 10
pairs = 41
 geom_x = 0.10717547908444133
 geom_a = 0
 geom_q = 0
 geom_c = 0.0
f1, 0= 1.0718e-01
                          N restraints  r.m.s.d.  r.m.s.Z  Mn(sigma)
Bond distances, non H                4     0.001    0.073      0.013
Bond distances, H                    6     0.000    0.000      0.016
Bond angles, non H                   5     0.265    0.154      2.100
Bond angles, H                      14     0.173    0.073      1.929
Torsion angles, period 3             1     0.002    0.000     10.000
Chiral centres                       1     0.000    0.001      0.089



====== CYCLE  9 ======

 weight = 1.0000e+00
 geom_x = 0.10717547908444133
 geom_a = 0
 geom_q = 0
 geom_c = 0.0
f0= 1.0718e-01
using cgsolve in c++, ic=False
diag(geom) min= 875.030672 max= 29280.399198
diag(all) min= 875.030672 max= 29280.399198
Trying gamma equal 0.138600
Convergence reached after 14 iterations with no gamma cycles
min(dx) = -1.0551558177959192e-06
max(dx) = 8.092526151605117e-07
mean(dx)= 1.3394397884196418e-08
vdws = 15
atoms = 10
pairs = 41
 geom_x = 0.10717547733940319
 geom_a = 0
 geom_q = 0
 geom_c = 0.0
f1, 0= 1.0718e-01
                          N restraints  r.m.s.d.  r.m.s.Z  Mn(sigma)
Bond distances, non H                4     0.001    0.073      0.013
Bond distances, H                    6     0.000    0.000      0.016
Bond angles, non H                   5     0.265    0.154      2.100
Bond angles, H                      14     0.173    0.073      1.929
Torsion angles, period 3             1     0.002    0.000     10.000
Chiral centres                       1     0.000    0.001      0.089



====== CYCLE 10 ======

 weight = 1.0000e+00
 geom_x = 0.10717547733940319
 geom_a = 0
 geom_q = 0
 geom_c = 0.0
f0= 1.0718e-01
using cgsolve in c++, ic=False
diag(geom) min= 875.030603 max= 29280.404340
diag(all) min= 875.030603 max= 29280.404340
Trying gamma equal 0.138600
Convergence reached after 13 iterations with no gamma cycles
min(dx) = -1.0076639897254179e-06
max(dx) = 7.517170410206224e-07
mean(dx)= 6.80295937591371e-09
vdws = 15
atoms = 10
pairs = 41
 geom_x = 0.10717547592532443
 geom_a = 0
 geom_q = 0
 geom_c = 0.0
f1, 0= 1.0718e-01
                          N restraints  r.m.s.d.  r.m.s.Z  Mn(sigma)
Bond distances, non H                4     0.001    0.073      0.013
Bond distances, H                    6     0.000    0.000      0.016
Bond angles, non H                   5     0.265    0.154      2.100
Bond angles, H                      14     0.173    0.073      1.929
Torsion angles, period 3             1     0.001    0.000     10.000
Chiral centres                       1     0.000    0.001      0.089


$TABLE: stats vs cycle :
$GRAPHS
: Geometry :A:1,2,4:
: Geometry Z :A:1,3,5:
$$
 Ncyc  rmsBOND  zBOND  rmsANGL  zANGL
$$
$$
    0   0.0079 0.7680   0.5810 0.3019
    1   0.0008 0.0750   0.2680 0.1538
    2   0.0008 0.0731   0.2658 0.1539
    3   0.0008 0.0730   0.2652 0.1538
    4   0.0008 0.0730   0.2650 0.1538
    5   0.0008 0.0730   0.2650 0.1538
    6   0.0008 0.0730   0.2650 0.1538
    7   0.0008 0.0730   0.2650 0.1538
    8   0.0008 0.0730   0.2650 0.1538
    9   0.0008 0.0730   0.2650 0.1538
   10   0.0008 0.0730   0.2650 0.1538
$$

Running 30 cycles with wchir=1 wvdw=2 with hydrogen
Geometry weights
vdws = 15
atoms = 10
pairs = 41
                          N restraints  r.m.s.d.  r.m.s.Z  Mn(sigma)
Bond distances, non H                4     0.001    0.073      0.013
Bond distances, H                    6     0.000    0.000      0.016
Bond angles, non H                   5     0.265    0.154      2.100
Bond angles, H                      14     0.173    0.073      1.929
Torsion angles, period 3             1     0.001    0.000     10.000
Chiral centres                       1     0.000    0.001      0.089


====== CYCLE  1 ======

 weight = 1.0000e+00
 geom_x = 0.10717320245813453
 geom_a = 0
 geom_q = 0
 geom_c = 0.0
f0= 1.0717e-01
using cgsolve in c++, ic=False
diag(geom) min= 875.030556 max= 17311.457975
diag(all) min= 875.030556 max= 17311.457975
Trying gamma equal 0.138600
Convergence reached after 17 iterations with no gamma cycles
min(dx) = -2.6686595272686353e-05
max(dx) = 2.929520245623179e-05
mean(dx)= -2.505921700654311e-06
vdws = 15
atoms = 10
pairs = 41
 geom_x = 0.10716260228208573
 geom_a = 0
 geom_q = 0
 geom_c = 0.0
f1, 0= 1.0716e-01
                          N restraints  r.m.s.d.  r.m.s.Z  Mn(sigma)
Bond distances, non H                4     0.001    0.073      0.013
Bond distances, H                    6     0.000    0.000      0.016
Bond angles, non H                   5     0.266    0.154      2.100
Bond angles, H                      14     0.172    0.073      1.929
Torsion angles, period 3             1     0.001    0.000     10.000
Chiral centres                       1     0.000    0.002      0.089



====== CYCLE  2 ======

 weight = 1.0000e+00
 geom_x = 0.10716260228208573
 geom_a = 0
 geom_q = 0
 geom_c = 0.0
f0= 1.0716e-01
using cgsolve in c++, ic=False
diag(geom) min= 875.025832 max= 17311.314014
diag(all) min= 875.025832 max= 17311.314014
Trying gamma equal 0.138600
Convergence reached after 16 iterations with no gamma cycles
min(dx) = -1.5715274717642495e-05
max(dx) = 2.0357543516962304e-05
mean(dx)= -1.7754977928479658e-06
vdws = 15
atoms = 10
pairs = 41
 geom_x = 0.10716078209547629
 geom_a = 0
 geom_q = 0
 geom_c = 0.0
f1, 0= 1.0716e-01
                          N restraints  r.m.s.d.  r.m.s.Z  Mn(sigma)
Bond distances, non H                4     0.001    0.073      0.013
Bond distances, H                    6     0.000    0.000      0.016
Bond angles, non H                   5     0.266    0.154      2.100
Bond angles, H                      14     0.172    0.073      1.929
Torsion angles, period 3             1     0.000    0.000     10.000
Chiral centres                       1     0.000    0.003      0.089



====== CYCLE  3 ======

 weight = 1.0000e+00
 geom_x = 0.10716078209547629
 geom_a = 0
 geom_q = 0
 geom_c = 0.0
f0= 1.0716e-01
using cgsolve in c++, ic=False
diag(geom) min= 875.026735 max= 17311.244891
diag(all) min= 875.026735 max= 17311.244891
Trying gamma equal 0.138600
Convergence reached after 15 iterations with no gamma cycles
min(dx) = -1.1939772320082335e-05
max(dx) = 1.3669138231331208e-05
mean(dx)= -1.151808388933479e-06
vdws = 15
atoms = 10
pairs = 41
 geom_x = 0.10716013639963182
 geom_a = 0
 geom_q = 0
 geom_c = 0.0
f1, 0= 1.0716e-01
                          N restraints  r.m.s.d.  r.m.s.Z  Mn(sigma)
Bond distances, non H                4     0.001    0.073      0.013
Bond distances, H                    6     0.000    0.000      0.016
Bond angles, non H                   5     0.267    0.154      2.100
Bond angles, H                      14     0.172    0.073      1.929
Torsion angles, period 3             1     0.000    0.000     10.000
Chiral centres                       1     0.000    0.003      0.089



====== CYCLE  4 ======

 weight = 1.0000e+00
 geom_x = 0.10716013639963182
 geom_a = 0
 geom_q = 0
 geom_c = 0.0
f0= 1.0716e-01
using cgsolve in c++, ic=False
diag(geom) min= 875.027575 max= 17311.200251
diag(all) min= 875.027575 max= 17311.200251
Trying gamma equal 0.138600
Convergence reached after 14 iterations with no gamma cycles
min(dx) = -8.424168170699701e-06
max(dx) = 9.456600123904347e-06
mean(dx)= -7.647159018115983e-07
vdws = 15
atoms = 10
pairs = 41
 geom_x = 0.10715983323403327
 geom_a = 0
 geom_q = 0
 geom_c = 0.0
f1, 0= 1.0716e-01
                          N restraints  r.m.s.d.  r.m.s.Z  Mn(sigma)
Bond distances, non H                4     0.001    0.073      0.013
Bond distances, H                    6     0.000    0.000      0.016
Bond angles, non H                   5     0.267    0.154      2.100
Bond angles, H                      14     0.172    0.073      1.929
Torsion angles, period 3             1     0.000    0.000     10.000
Chiral centres                       1     0.000    0.004      0.089



====== CYCLE  5 ======

 weight = 1.0000e+00
 geom_x = 0.10715983323403327
 geom_a = 0
 geom_q = 0
 geom_c = 0.0
f0= 1.0716e-01
using cgsolve in c++, ic=False
diag(geom) min= 875.028348 max= 17311.168155
diag(all) min= 875.028348 max= 17311.168155
Trying gamma equal 0.138600
Convergence reached after 15 iterations with no gamma cycles
min(dx) = -5.903991932825376e-06
max(dx) = 6.8195297357880715e-06
mean(dx)= -5.225883704478271e-07
vdws = 15
atoms = 10
pairs = 41
 geom_x = 0.10715967105293936
 geom_a = 0
 geom_q = 0
 geom_c = 0.0
f1, 0= 1.0716e-01
                          N restraints  r.m.s.d.  r.m.s.Z  Mn(sigma)
Bond distances, non H                4     0.001    0.073      0.013
Bond distances, H                    6     0.000    0.000      0.016
Bond angles, non H                   5     0.267    0.154      2.100
Bond angles, H                      14     0.171    0.073      1.929
Torsion angles, period 3             1     0.000    0.000     10.000
Chiral centres                       1     0.000    0.004      0.089



====== CYCLE  6 ======

 weight = 1.0000e+00
 geom_x = 0.10715967105293936
 geom_a = 0
 geom_q = 0
 geom_c = 0.0
f0= 1.0716e-01
using cgsolve in c++, ic=False
diag(geom) min= 875.028983 max= 17311.143739
diag(all) min= 875.028983 max= 17311.143739
Trying gamma equal 0.138600
Convergence reached after 15 iterations with no gamma cycles
min(dx) = -4.7193924842915194e-06
max(dx) = 5.085933851713758e-06
mean(dx)= -3.6564942052329924e-07
vdws = 15
atoms = 10
pairs = 41
 geom_x = 0.10715957722858897
 geom_a = 0
 geom_q = 0
 geom_c = 0.0
f1, 0= 1.0716e-01
                          N restraints  r.m.s.d.  r.m.s.Z  Mn(sigma)
Bond distances, non H                4     0.001    0.073      0.013
Bond distances, H                    6     0.000    0.000      0.016
Bond angles, non H                   5     0.267    0.154      2.100
Bond angles, H                      14     0.171    0.073      1.929
Torsion angles, period 3             1     0.000    0.000     10.000
Chiral centres                       1     0.000    0.004      0.089



====== CYCLE  7 ======

 weight = 1.0000e+00
 geom_x = 0.10715957722858897
 geom_a = 0
 geom_q = 0
 geom_c = 0.0
f0= 1.0716e-01
using cgsolve in c++, ic=False
diag(geom) min= 875.029470 max= 17311.124586
diag(all) min= 875.029470 max= 17311.124586
Trying gamma equal 0.138600
Convergence reached after 15 iterations with no gamma cycles
min(dx) = -3.778696201009144e-06
max(dx) = 3.890276600383424e-06
mean(dx)= -2.6086439640860253e-07
vdws = 15
atoms = 10
pairs = 41
 geom_x = 0.10715951977304011
 geom_a = 0
 geom_q = 0
 geom_c = 0.0
f1, 0= 1.0716e-01
                          N restraints  r.m.s.d.  r.m.s.Z  Mn(sigma)
Bond distances, non H                4     0.001    0.073      0.013
Bond distances, H                    6     0.000    0.000      0.016
Bond angles, non H                   5     0.267    0.154      2.100
Bond angles, H                      14     0.171    0.073      1.929
Torsion angles, period 3             1     0.000    0.000     10.000
Chiral centres                       1     0.000    0.004      0.089



====== CYCLE  8 ======

 weight = 1.0000e+00
 geom_x = 0.10715951977304011
 geom_a = 0
 geom_q = 0
 geom_c = 0.0
f0= 1.0716e-01
using cgsolve in c++, ic=False
diag(geom) min= 875.029832 max= 17311.109291
diag(all) min= 875.029832 max= 17311.109291
Trying gamma equal 0.138600
Convergence reached after 14 iterations with no gamma cycles
min(dx) = -3.0423148298207707e-06
max(dx) = 3.0334670045708896e-06
mean(dx)= -1.8932066166668118e-07
vdws = 15
atoms = 10
pairs = 41
 geom_x = 0.10715948305718061
 geom_a = 0
 geom_q = 0
 geom_c = 0.0
f1, 0= 1.0716e-01
                          N restraints  r.m.s.d.  r.m.s.Z  Mn(sigma)
Bond distances, non H                4     0.001    0.073      0.013
Bond distances, H                    6     0.000    0.000      0.016
Bond angles, non H                   5     0.267    0.154      2.100
Bond angles, H                      14     0.171    0.073      1.929
Torsion angles, period 3             1     0.000    0.000     10.000
Chiral centres                       1     0.000    0.004      0.089



====== CYCLE  9 ======

 weight = 1.0000e+00
 geom_x = 0.10715948305718061
 geom_a = 0
 geom_q = 0
 geom_c = 0.0
f0= 1.0716e-01
using cgsolve in c++, ic=False
diag(geom) min= 875.030095 max= 17311.096939
diag(all) min= 875.030095 max= 17311.096939
Trying gamma equal 0.138600
Convergence reached after 14 iterations with no gamma cycles
min(dx) = -2.463722964484745e-06
max(dx) = 2.4010410512790295e-06
mean(dx)= -1.3961547221947755e-07
vdws = 15
atoms = 10
pairs = 41
 geom_x = 0.10715945885829625
 geom_a = 0
 geom_q = 0
 geom_c = 0.0
f1, 0= 1.0716e-01
                          N restraints  r.m.s.d.  r.m.s.Z  Mn(sigma)
Bond distances, non H                4     0.001    0.073      0.013
Bond distances, H                    6     0.000    0.000      0.016
Bond angles, non H                   5     0.267    0.154      2.100
Bond angles, H                      14     0.171    0.073      1.929
Torsion angles, period 3             1     0.000    0.000     10.000
Chiral centres                       1     0.000    0.004      0.089



====== CYCLE 10 ======

 weight = 1.0000e+00
 geom_x = 0.10715945885829625
 geom_a = 0
 geom_q = 0
 geom_c = 0.0
f0= 1.0716e-01
using cgsolve in c++, ic=False
diag(geom) min= 875.030286 max= 17311.086879
diag(all) min= 875.030286 max= 17311.086879
Trying gamma equal 0.138600
Convergence reached after 14 iterations with no gamma cycles
min(dx) = -2.0050140389586547e-06
max(dx) = 1.923201886458604e-06
mean(dx)= -1.0454378967495921e-07
vdws = 15
atoms = 10
pairs = 41
 geom_x = 0.10715944256065284
 geom_a = 0
 geom_q = 0
 geom_c = 0.0
f1, 0= 1.0716e-01
                          N restraints  r.m.s.d.  r.m.s.Z  Mn(sigma)
Bond distances, non H                4     0.001    0.073      0.013
Bond distances, H                    6     0.000    0.000      0.016
Bond angles, non H                   5     0.267    0.154      2.100
Bond angles, H                      14     0.171    0.073      1.929
Torsion angles, period 3             1     0.000    0.000     10.000
Chiral centres                       1     0.000    0.004      0.089



====== CYCLE 11 ======

 weight = 1.0000e+00
 geom_x = 0.10715944256065284
 geom_a = 0
 geom_q = 0
 geom_c = 0.0
f0= 1.0716e-01
using cgsolve in c++, ic=False
diag(geom) min= 875.030424 max= 17311.078636
diag(all) min= 875.030424 max= 17311.078636
Trying gamma equal 0.138600
Convergence reached after 14 iterations with no gamma cycles
min(dx) = -1.6377087154489736e-06
max(dx) = 1.5550900030957414e-06
mean(dx)= -7.944747382138249e-08
vdws = 15
atoms = 10
pairs = 41
 geom_x = 0.10715943142065887
 geom_a = 0
 geom_q = 0
 geom_c = 0.0
f1, 0= 1.0716e-01
                          N restraints  r.m.s.d.  r.m.s.Z  Mn(sigma)
Bond distances, non H                4     0.001    0.073      0.013
Bond distances, H                    6     0.000    0.000      0.016
Bond angles, non H                   5     0.267    0.154      2.100
Bond angles, H                      14     0.171    0.073      1.929
Torsion angles, period 3             1     0.000    0.000     10.000
Chiral centres                       1     0.000    0.004      0.089



====== CYCLE 12 ======

 weight = 1.0000e+00
 geom_x = 0.10715943142065887
 geom_a = 0
 geom_q = 0
 geom_c = 0.0
f0= 1.0716e-01
using cgsolve in c++, ic=False
diag(geom) min= 875.030523 max= 17311.071846
diag(all) min= 875.030523 max= 17311.071846
Trying gamma equal 0.138600
Convergence reached after 14 iterations with no gamma cycles
min(dx) = -1.3408681219932666e-06
max(dx) = 1.2669543082857681e-06
mean(dx)= -6.123772553329814e-08
vdws = 15
atoms = 10
pairs = 41
 geom_x = 0.10715942372847984
 geom_a = 0
 geom_q = 0
 geom_c = 0.0
f1, 0= 1.0716e-01
                          N restraints  r.m.s.d.  r.m.s.Z  Mn(sigma)
Bond distances, non H                4     0.001    0.073      0.013
Bond distances, H                    6     0.000    0.000      0.016
Bond angles, non H                   5     0.267    0.154      2.100
Bond angles, H                      14     0.171    0.073      1.929
Torsion angles, period 3             1     0.000    0.000     10.000
Chiral centres                       1     0.000    0.004      0.089



====== CYCLE 13 ======

 weight = 1.0000e+00
 geom_x = 0.10715942372847984
 geom_a = 0
 geom_q = 0
 geom_c = 0.0
f0= 1.0716e-01
using cgsolve in c++, ic=False
diag(geom) min= 875.030595 max= 17311.066228
diag(all) min= 875.030595 max= 17311.066228
Trying gamma equal 0.138600
Convergence reached after 14 iterations with no gamma cycles
min(dx) = -1.0992310410103754e-06
max(dx) = 1.038417040653376e-06
mean(dx)= -4.7841290170041247e-08
vdws = 15
atoms = 10
pairs = 41
 geom_x = 0.10715941837902743
 geom_a = 0
 geom_q = 0
 geom_c = 0.0
f1, 0= 1.0716e-01
                          N restraints  r.m.s.d.  r.m.s.Z  Mn(sigma)
Bond distances, non H                4     0.001    0.073      0.013
Bond distances, H                    6     0.000    0.000      0.016
Bond angles, non H                   5     0.267    0.154      2.100
Bond angles, H                      14     0.171    0.073      1.929
Torsion angles, period 3             1     0.000    0.000     10.000
Chiral centres                       1     0.000    0.004      0.089



====== CYCLE 14 ======

 weight = 1.0000e+00
 geom_x = 0.10715941837902743
 geom_a = 0
 geom_q = 0
 geom_c = 0.0
f0= 1.0716e-01
using cgsolve in c++, ic=False
diag(geom) min= 875.030648 max= 17311.061563
diag(all) min= 875.030648 max= 17311.061563
Trying gamma equal 0.138600
Convergence reached after 14 iterations with no gamma cycles
min(dx) = -9.013834068492349e-07
max(dx) = 8.551597170939614e-07
mean(dx)= -3.7847839836426064e-08
vdws = 15
atoms = 10
pairs = 41
 geom_x = 0.10715941463901674
 geom_a = 0
 geom_q = 0
 geom_c = 0.0
f1, 0= 1.0716e-01
                          N restraints  r.m.s.d.  r.m.s.Z  Mn(sigma)
Bond distances, non H                4     0.001    0.073      0.013
Bond distances, H                    6     0.000    0.000      0.016
Bond angles, non H                   5     0.267    0.154      2.100
Bond angles, H                      14     0.171    0.073      1.929
Torsion angles, period 3             1     0.000    0.000     10.000
Chiral centres                       1     0.000    0.004      0.089



====== CYCLE 15 ======

 weight = 1.0000e+00
 geom_x = 0.10715941463901674
 geom_a = 0
 geom_q = 0
 geom_c = 0.0
f0= 1.0716e-01
using cgsolve in c++, ic=False
diag(geom) min= 875.030686 max= 17311.057675
diag(all) min= 875.030686 max= 17311.057675
Trying gamma equal 0.138600
Convergence reached after 13 iterations with no gamma cycles
min(dx) = -7.386861410401628e-07
max(dx) = 7.069027408695758e-07
mean(dx)= -3.029034603397887e-08
vdws = 15
atoms = 10
pairs = 41
 geom_x = 0.10715941201290993
 geom_a = 0
 geom_q = 0
 geom_c = 0.0
f1, 0= 1.0716e-01
                          N restraints  r.m.s.d.  r.m.s.Z  Mn(sigma)
Bond distances, non H                4     0.001    0.073      0.013
Bond distances, H                    6     0.000    0.000      0.016
Bond angles, non H                   5     0.267    0.154      2.100
Bond angles, H                      14     0.171    0.073      1.929
Torsion angles, period 3             1     0.000    0.000     10.000
Chiral centres                       1     0.000    0.004      0.089



====== CYCLE 16 ======

 weight = 1.0000e+00
 geom_x = 0.10715941201290993
 geom_a = 0
 geom_q = 0
 geom_c = 0.0
f0= 1.0716e-01
using cgsolve in c++, ic=False
diag(geom) min= 875.030714 max= 17311.054426
diag(all) min= 875.030714 max= 17311.054426
Trying gamma equal 0.138600
Convergence reached after 13 iterations with no gamma cycles
min(dx) = -6.065486602364289e-07
max(dx) = 5.860924383611553e-07
mean(dx)= -2.449926351567476e-08
vdws = 15
atoms = 10
pairs = 41
 geom_x = 0.10715941016163645
 geom_a = 0
 geom_q = 0
 geom_c = 0.0
f1, 0= 1.0716e-01
                          N restraints  r.m.s.d.  r.m.s.Z  Mn(sigma)
Bond distances, non H                4     0.001    0.073      0.013
Bond distances, H                    6     0.000    0.000      0.016
Bond angles, non H                   5     0.267    0.154      2.100
Bond angles, H                      14     0.171    0.073      1.929
Torsion angles, period 3             1     0.000    0.000     10.000
Chiral centres                       1     0.000    0.004      0.089



====== CYCLE 17 ======

 weight = 1.0000e+00
 geom_x = 0.10715941016163645
 geom_a = 0
 geom_q = 0
 geom_c = 0.0
f0= 1.0716e-01
using cgsolve in c++, ic=False
diag(geom) min= 875.030735 max= 17311.051704
diag(all) min= 875.030735 max= 17311.051704
Trying gamma equal 0.138600
Convergence reached after 13 iterations with no gamma cycles
min(dx) = -5.101124673383971e-07
max(dx) = 4.870840148819557e-07
mean(dx)= -2.0005518317620318e-08
vdws = 15
atoms = 10
pairs = 41
 geom_x = 0.10715940885131058
 geom_a = 0
 geom_q = 0
 geom_c = 0.0
f1, 0= 1.0716e-01
                          N restraints  r.m.s.d.  r.m.s.Z  Mn(sigma)
Bond distances, non H                4     0.001    0.073      0.013
Bond distances, H                    6     0.000    0.000      0.016
Bond angles, non H                   5     0.267    0.154      2.100
Bond angles, H                      14     0.171    0.073      1.929
Torsion angles, period 3             1     0.000    0.000     10.000
Chiral centres                       1     0.000    0.004      0.089



====== CYCLE 18 ======

 weight = 1.0000e+00
 geom_x = 0.10715940885131058
 geom_a = 0
 geom_q = 0
 geom_c = 0.0
f0= 1.0716e-01
using cgsolve in c++, ic=False
diag(geom) min= 875.030750 max= 17311.049416
diag(all) min= 875.030750 max= 17311.049416
Trying gamma equal 0.138600
Convergence reached after 13 iterations with no gamma cycles
min(dx) = -4.299355322130111e-07
max(dx) = 4.0557400705986975e-07
mean(dx)= -1.6477330490422612e-08
vdws = 15
atoms = 10
pairs = 41
 geom_x = 0.10715940791970556
 geom_a = 0
 geom_q = 0
 geom_c = 0.0
f1, 0= 1.0716e-01
                          N restraints  r.m.s.d.  r.m.s.Z  Mn(sigma)
Bond distances, non H                4     0.001    0.073      0.013
Bond distances, H                    6     0.000    0.000      0.016
Bond angles, non H                   5     0.267    0.154      2.100
Bond angles, H                      14     0.171    0.073      1.929
Torsion angles, period 3             1     0.000    0.000     10.000
Chiral centres                       1     0.000    0.004      0.089



====== CYCLE 19 ======

 weight = 1.0000e+00
 geom_x = 0.10715940791970556
 geom_a = 0
 geom_q = 0
 geom_c = 0.0
f0= 1.0716e-01
using cgsolve in c++, ic=False
diag(geom) min= 875.030762 max= 17311.047489
diag(all) min= 875.030762 max= 17311.047489
Trying gamma equal 0.138600
Convergence reached after 13 iterations with no gamma cycles
min(dx) = -3.6315278530665426e-07
max(dx) = 3.3822775852439767e-07
mean(dx)= -1.3677276471651124e-08
vdws = 15
atoms = 10
pairs = 41
 geom_x = 0.10715940725387416
 geom_a = 0
 geom_q = 0
 geom_c = 0.0
f1, 0= 1.0716e-01
                          N restraints  r.m.s.d.  r.m.s.Z  Mn(sigma)
Bond distances, non H                4     0.001    0.073      0.013
Bond distances, H                    6     0.000    0.000      0.016
Bond angles, non H                   5     0.267    0.154      2.100
Bond angles, H                      14     0.171    0.073      1.929
Torsion angles, period 3             1     0.000    0.000     10.000
Chiral centres                       1     0.000    0.004      0.089



====== CYCLE 20 ======

 weight = 1.0000e+00
 geom_x = 0.10715940725387416
 geom_a = 0
 geom_q = 0
 geom_c = 0.0
f0= 1.0716e-01
using cgsolve in c++, ic=False
diag(geom) min= 875.030771 max= 17311.045863
diag(all) min= 875.030771 max= 17311.045863
Trying gamma equal 0.138600
Convergence reached after 13 iterations with no gamma cycles
min(dx) = -3.0743196086272244e-07
max(dx) = 2.8242542282460604e-07
mean(dx)= -1.1433378235712365e-08
vdws = 15
atoms = 10
pairs = 41
 geom_x = 0.10715940677497127
 geom_a = 0
 geom_q = 0
 geom_c = 0.0
f1, 0= 1.0716e-01
                          N restraints  r.m.s.d.  r.m.s.Z  Mn(sigma)
Bond distances, non H                4     0.001    0.073      0.013
Bond distances, H                    6     0.000    0.000      0.016
Bond angles, non H                   5     0.267    0.154      2.100
Bond angles, H                      14     0.171    0.073      1.929
Torsion angles, period 3             1     0.000    0.000     10.000
Chiral centres                       1     0.000    0.004      0.089



====== CYCLE 21 ======

 weight = 1.0000e+00
 geom_x = 0.10715940677497127
 geom_a = 0
 geom_q = 0
 geom_c = 0.0
f0= 1.0716e-01
using cgsolve in c++, ic=False
diag(geom) min= 875.030778 max= 17311.044486
diag(all) min= 875.030778 max= 17311.044486
Trying gamma equal 0.138600
Convergence reached after 13 iterations with no gamma cycles
min(dx) = -2.7326697349959913e-07
max(dx) = 2.3608421582748049e-07
mean(dx)= -9.61948433981475e-09
vdws = 15
atoms = 10
pairs = 41
 geom_x = 0.10715940642789544
 geom_a = 0
 geom_q = 0
 geom_c = 0.0
f1, 0= 1.0716e-01
                          N restraints  r.m.s.d.  r.m.s.Z  Mn(sigma)
Bond distances, non H                4     0.001    0.073      0.013
Bond distances, H                    6     0.000    0.000      0.016
Bond angles, non H                   5     0.267    0.154      2.100
Bond angles, H                      14     0.171    0.073      1.929
Torsion angles, period 3             1     0.000    0.000     10.000
Chiral centres                       1     0.000    0.004      0.089



====== CYCLE 22 ======

 weight = 1.0000e+00
 geom_x = 0.10715940642789544
 geom_a = 0
 geom_q = 0
 geom_c = 0.0
f0= 1.0716e-01
using cgsolve in c++, ic=False
diag(geom) min= 875.030783 max= 17311.043318
diag(all) min= 875.030783 max= 17311.043318
Trying gamma equal 0.138600
Convergence reached after 13 iterations with no gamma cycles
min(dx) = -2.4993882102737985e-07
max(dx) = 1.975316532040623e-07
mean(dx)= -8.141861392534936e-09
vdws = 15
atoms = 10
pairs = 41
 geom_x = 0.10715940617402603
 geom_a = 0
 geom_q = 0
 geom_c = 0.0
f1, 0= 1.0716e-01
                          N restraints  r.m.s.d.  r.m.s.Z  Mn(sigma)
Bond distances, non H                4     0.001    0.073      0.013
Bond distances, H                    6     0.000    0.000      0.016
Bond angles, non H                   5     0.267    0.154      2.100
Bond angles, H                      14     0.171    0.073      1.929
Torsion angles, period 3             1     0.000    0.000     10.000
Chiral centres                       1     0.000    0.004      0.089



====== CYCLE 23 ======

 weight = 1.0000e+00
 geom_x = 0.10715940617402603
 geom_a = 0
 geom_q = 0
 geom_c = 0.0
f0= 1.0716e-01
using cgsolve in c++, ic=False
diag(geom) min= 875.030787 max= 17311.042324
diag(all) min= 875.030787 max= 17311.042324
Trying gamma equal 0.138600
Convergence reached after 13 iterations with no gamma cycles
min(dx) = -2.2950940925446537e-07
max(dx) = 1.7176293821767398e-07
mean(dx)= -6.929952428826078e-09
vdws = 15
atoms = 10
pairs = 41
 geom_x = 0.10715940598630057
 geom_a = 0
 geom_q = 0
 geom_c = 0.0
f1, 0= 1.0716e-01
                          N restraints  r.m.s.d.  r.m.s.Z  Mn(sigma)
Bond distances, non H                4     0.001    0.073      0.013
Bond distances, H                    6     0.000    0.000      0.016
Bond angles, non H                   5     0.267    0.154      2.100
Bond angles, H                      14     0.171    0.073      1.929
Torsion angles, period 3             1     0.000    0.000     10.000
Chiral centres                       1     0.000    0.004      0.089



====== CYCLE 24 ======

 weight = 1.0000e+00
 geom_x = 0.10715940598630057
 geom_a = 0
 geom_q = 0
 geom_c = 0.0
f0= 1.0716e-01
using cgsolve in c++, ic=False
diag(geom) min= 875.030790 max= 17311.041477
diag(all) min= 875.030790 max= 17311.041477
Trying gamma equal 0.138600
Convergence reached after 13 iterations with no gamma cycles
min(dx) = -2.1154132390526314e-07
max(dx) = 1.53774802768796e-07
mean(dx)= -5.929963465409385e-09
vdws = 15
atoms = 10
pairs = 41
 geom_x = 0.10715940584570104
 geom_a = 0
 geom_q = 0
 geom_c = 0.0
f1, 0= 1.0716e-01
                          N restraints  r.m.s.d.  r.m.s.Z  Mn(sigma)
Bond distances, non H                4     0.001    0.073      0.013
Bond distances, H                    6     0.000    0.000      0.016
Bond angles, non H                   5     0.267    0.154      2.100
Bond angles, H                      14     0.171    0.073      1.929
Torsion angles, period 3             1     0.000    0.000     10.000
Chiral centres                       1     0.000    0.004      0.089



====== CYCLE 25 ======

 weight = 1.0000e+00
 geom_x = 0.10715940584570104
 geom_a = 0
 geom_q = 0
 geom_c = 0.0
f0= 1.0716e-01
using cgsolve in c++, ic=False
diag(geom) min= 875.030793 max= 17311.040752
diag(all) min= 875.030793 max= 17311.040752
Trying gamma equal 0.138600
Convergence reached after 13 iterations with no gamma cycles
min(dx) = -1.956680448475423e-07
max(dx) = 1.4137516108496448e-07
mean(dx)= -5.100404316765619e-09
vdws = 15
atoms = 10
pairs = 41
 geom_x = 0.10715940573886258
 geom_a = 0
 geom_q = 0
 geom_c = 0.0
f1, 0= 1.0716e-01
                          N restraints  r.m.s.d.  r.m.s.Z  Mn(sigma)
Bond distances, non H                4     0.001    0.073      0.013
Bond distances, H                    6     0.000    0.000      0.016
Bond angles, non H                   5     0.267    0.154      2.100
Bond angles, H                      14     0.171    0.073      1.929
Torsion angles, period 3             1     0.000    0.000     10.000
Chiral centres                       1     0.000    0.004      0.089



====== CYCLE 26 ======

 weight = 1.0000e+00
 geom_x = 0.10715940573886258
 geom_a = 0
 geom_q = 0
 geom_c = 0.0
f0= 1.0716e-01
using cgsolve in c++, ic=False
diag(geom) min= 875.030795 max= 17311.040130
diag(all) min= 875.030795 max= 17311.040130
Trying gamma equal 0.138600
Convergence reached after 13 iterations with no gamma cycles
min(dx) = -1.8158210828311786e-07
max(dx) = 1.3041947099855786e-07
mean(dx)= -4.4089373551471345e-09
vdws = 15
atoms = 10
pairs = 41
 geom_x = 0.10715940565636574
 geom_a = 0
 geom_q = 0
 geom_c = 0.0
f1, 0= 1.0716e-01
                          N restraints  r.m.s.d.  r.m.s.Z  Mn(sigma)
Bond distances, non H                4     0.001    0.073      0.013
Bond distances, H                    6     0.000    0.000      0.016
Bond angles, non H                   5     0.267    0.154      2.100
Bond angles, H                      14     0.171    0.073      1.929
Torsion angles, period 3             1     0.000    0.000     10.000
Chiral centres                       1     0.000    0.004      0.089



====== CYCLE 27 ======

 weight = 1.0000e+00
 geom_x = 0.10715940565636574
 geom_a = 0
 geom_q = 0
 geom_c = 0.0
f0= 1.0716e-01
using cgsolve in c++, ic=False
diag(geom) min= 875.030796 max= 17311.039596
diag(all) min= 875.030796 max= 17311.039596
Trying gamma equal 0.138600
Convergence reached after 13 iterations with no gamma cycles
min(dx) = -1.6902527441579075e-07
max(dx) = 1.2070713499005195e-07
mean(dx)= -3.830089650834225e-09
vdws = 15
atoms = 10
pairs = 41
 geom_x = 0.10715940559155022
 geom_a = 0
 geom_q = 0
 geom_c = 0.0
f1, 0= 1.0716e-01
                          N restraints  r.m.s.d.  r.m.s.Z  Mn(sigma)
Bond distances, non H                4     0.001    0.073      0.013
Bond distances, H                    6     0.000    0.000      0.016
Bond angles, non H                   5     0.267    0.154      2.100
Bond angles, H                      14     0.171    0.073      1.929
Torsion angles, period 3             1     0.000    0.000     10.000
Chiral centres                       1     0.000    0.004      0.089



====== CYCLE 28 ======

 weight = 1.0000e+00
 geom_x = 0.10715940559155022
 geom_a = 0
 geom_q = 0
 geom_c = 0.0
f0= 1.0716e-01
using cgsolve in c++, ic=False
diag(geom) min= 875.030798 max= 17311.039134
diag(all) min= 875.030798 max= 17311.039134
Trying gamma equal 0.138600
Convergence reached after 13 iterations with no gamma cycles
min(dx) = -1.5778037339634088e-07
max(dx) = 1.1206542785566884e-07
mean(dx)= -3.3435947157836714e-09
vdws = 15
atoms = 10
pairs = 41
 geom_x = 0.10715940553971354
 geom_a = 0
 geom_q = 0
 geom_c = 0.0
f1, 0= 1.0716e-01
                          N restraints  r.m.s.d.  r.m.s.Z  Mn(sigma)
Bond distances, non H                4     0.001    0.073      0.013
Bond distances, H                    6     0.000    0.000      0.016
Bond angles, non H                   5     0.267    0.154      2.100
Bond angles, H                      14     0.171    0.073      1.929
Torsion angles, period 3             1     0.000    0.000     10.000
Chiral centres                       1     0.000    0.004      0.089



====== CYCLE 29 ======

 weight = 1.0000e+00
 geom_x = 0.10715940553971354
 geom_a = 0
 geom_q = 0
 geom_c = 0.0
f0= 1.0716e-01
using cgsolve in c++, ic=False
diag(geom) min= 875.030799 max= 17311.038734
diag(all) min= 875.030799 max= 17311.038734
Trying gamma equal 0.138600
Convergence reached after 13 iterations with no gamma cycles
min(dx) = -1.4766454010630792e-07
max(dx) = 1.0434630214752193e-07
mean(dx)= -2.9331912134145893e-09
vdws = 15
atoms = 10
pairs = 41
 geom_x = 0.10715940549750562
 geom_a = 0
 geom_q = 0
 geom_c = 0.0
f1, 0= 1.0716e-01
                          N restraints  r.m.s.d.  r.m.s.Z  Mn(sigma)
Bond distances, non H                4     0.001    0.073      0.013
Bond distances, H                    6     0.000    0.000      0.016
Bond angles, non H                   5     0.267    0.154      2.100
Bond angles, H                      14     0.171    0.073      1.929
Torsion angles, period 3             1     0.000    0.000     10.000
Chiral centres                       1     0.000    0.004      0.089



====== CYCLE 30 ======

 weight = 1.0000e+00
 geom_x = 0.10715940549750562
 geom_a = 0
 geom_q = 0
 geom_c = 0.0
f0= 1.0716e-01
using cgsolve in c++, ic=False
diag(geom) min= 875.030799 max= 17311.038386
diag(all) min= 875.030799 max= 17311.038386
Trying gamma equal 0.138600
Convergence reached after 13 iterations with no gamma cycles
min(dx) = -1.3852359157752123e-07
max(dx) = 9.742324846109834e-08
mean(dx)= -2.585737783930275e-09
vdws = 15
atoms = 10
pairs = 41
 geom_x = 0.10715940546254286
 geom_a = 0
 geom_q = 0
 geom_c = 0.0
f1, 0= 1.0716e-01
                          N restraints  r.m.s.d.  r.m.s.Z  Mn(sigma)
Bond distances, non H                4     0.001    0.073      0.013
Bond distances, H                    6     0.000    0.000      0.016
Bond angles, non H                   5     0.267    0.154      2.100
Bond angles, H                      14     0.171    0.073      1.929
Torsion angles, period 3             1     0.000    0.000     10.000
Chiral centres                       1     0.000    0.004      0.089


$TABLE: stats vs cycle :
$GRAPHS
: Geometry :A:1,2,4:
: Geometry Z :A:1,3,5:
$$
 Ncyc  rmsBOND  zBOND  rmsANGL  zANGL
$$
$$
    0   0.0008 0.0730   0.2650 0.1538
    1   0.0008 0.0729   0.2660 0.1540
    2   0.0008 0.0729   0.2665 0.1541
    3   0.0008 0.0729   0.2667 0.1541
    4   0.0008 0.0729   0.2669 0.1542
    5   0.0008 0.0729   0.2670 0.1542
    6   0.0008 0.0729   0.2671 0.1542
    7   0.0008 0.0729   0.2671 0.1542
    8   0.0008 0.0729   0.2671 0.1542
    9   0.0008 0.0729   0.2672 0.1542
   10   0.0008 0.0729   0.2672 0.1542
   11   0.0008 0.0729   0.2672 0.1542
   12   0.0008 0.0729   0.2672 0.1542
   13   0.0008 0.0729   0.2672 0.1542
   14   0.0008 0.0729   0.2672 0.1542
   15   0.0008 0.0729   0.2672 0.1542
   16   0.0008 0.0729   0.2672 0.1542
   17   0.0008 0.0729   0.2672 0.1542
   18   0.0008 0.0729   0.2672 0.1542
   19   0.0008 0.0729   0.2672 0.1542
   20   0.0008 0.0729   0.2672 0.1542
   21   0.0008 0.0729   0.2672 0.1542
   22   0.0008 0.0729   0.2672 0.1542
   23   0.0008 0.0729   0.2672 0.1542
   24   0.0008 0.0729   0.2672 0.1542
   25   0.0008 0.0729   0.2672 0.1542
   26   0.0008 0.0729   0.2672 0.1542
   27   0.0008 0.0729   0.2672 0.1542
   28   0.0008 0.0729   0.2672 0.1542
   29   0.0008 0.0729   0.2672 0.1542
   30   0.0008 0.0729   0.2672 0.1542
$$

Updated dictionary saved: EPX_MODEL_TMP/mol_1_conf_20_updated.cif
Refinement statistics saved: EPX_MODEL_TMP/mol_1_conf_20_stats.json

# Finished on 2026-06-14 11:41:42.332987

=========END OF PROCESS INFORMATION ==========
